gc 1 @0.005s 3%: 0.040+0.67+0.061 ms clock, 0.80+0.19/1.4/0.072+1.2 ms cpu, 3->4->0 MB, 4 MB goal, 0 MB stacks, 0 MB globals, 20 P
gc 2 @0.007s 6%: 0.15+0.61+0.039 ms clock, 3.0+0.82/1.8/0+0.78 ms cpu, 3->4->1 MB, 4 MB goal, 0 MB stacks, 0 MB globals, 20 P
gc 3 @0.009s 6%: 0.071+1.3+0.055 ms clock, 1.4+0.63/1.9/0.080+1.1 ms cpu, 3->4->1 MB, 4 MB goal, 0 MB stacks, 0 MB globals, 20 P
gc 4 @0.011s 8%: 0.089+1.0+0.11 ms clock, 1.7+0.73/2.4/0.10+2.3 ms cpu, 3->4->1 MB, 4 MB goal, 0 MB stacks, 0 MB globals, 20 P
gc 5 @0.013s 9%: 0.091+1.2+0.11 ms clock, 1.8+0.31/2.5/0.32+2.2 ms cpu, 3->4->1 MB, 4 MB goal, 0 MB stacks, 0 MB globals, 20 P
gc 6 @0.016s 10%: 0.10+1.3+0.18 ms clock, 2.1+0.24/3.0/0.11+3.7 ms cpu, 3->4->1 MB, 4 MB goal, 0 MB stacks, 0 MB globals, 20 P
gc 7 @0.020s 10%: 0.11+1.2+0.14 ms clock, 2.3+0.23/3.1/0.38+2.9 ms cpu, 3->4->1 MB, 4 MB goal, 0 MB stacks, 0 MB globals, 20 P
gc 8 @0.026s 8%: 0.035+1.8+0.023 ms clock, 0.71+0.14/2.6/0.49+0.47 ms cpu, 3->3->1 MB, 4 MB goal, 0 MB stacks, 0 MB globals, 20 P
gc 9 @0.035s 7%: 0.037+2.0+0.018 ms clock, 0.74+0.12/2.9/0.48+0.37 ms cpu, 3->3->2 MB, 4 MB goal, 0 MB stacks, 0 MB globals, 20 P
gc 10 @0.043s 6%: 0.055+1.4+0.023 ms clock, 1.1+0.25/5.2/7.5+0.46 ms cpu, 4->4->2 MB, 4 MB goal, 0 MB stacks, 0 MB globals, 20 P
gc 11 @0.054s 6%: 0.025+1.0+0.013 ms clock, 0.51+0.11/4.0/4.3+0.27 ms cpu, 5->5->3 MB, 6 MB goal, 0 MB stacks, 0 MB globals, 20 P
gc 12 @0.065s 5%: 0.22+4.8+0.064 ms clock, 4.4+0.24/8.7/0+1.2 ms cpu, 6->9->5 MB, 8 MB goal, 0 MB stacks, 0 MB globals, 20 P
gc 13 @0.072s 6%: 0.13+2.3+0.013 ms clock, 2.7+0.94/10/9.3+0.26 ms cpu, 9->10->6 MB, 11 MB goal, 0 MB stacks, 0 MB globals, 20 P
gc 14 @0.078s 6%: 0.047+0.88+0.013 ms clock, 0.95+0.19/3.8/5.6+0.26 ms cpu, 10->11->5 MB, 12 MB goal, 0 MB stacks, 0 MB globals, 20 P
gc 15 @0.082s 6%: 0.024+1.2+0.006 ms clock, 0.49+0.11/3.9/5.0+0.12 ms cpu, 9->13->6 MB, 11 MB goal, 0 MB stacks, 0 MB globals, 20 P
gc 16 @0.085s 6%: 0.027+0.92+0.014 ms clock, 0.55+2.1/3.6/3.2+0.29 ms cpu, 11->14->7 MB, 13 MB goal, 0 MB stacks, 0 MB globals, 20 P
gc 17 @0.087s 6%: 0.092+2.0+0.093 ms clock, 1.8+0.50/8.4/15+1.8 ms cpu, 12->15->7 MB, 14 MB goal, 0 MB stacks, 0 MB globals, 20 P
gc 18 @0.091s 8%: 0.17+2.4+0.059 ms clock, 3.4+12/10/2.7+1.1 ms cpu, 13->16->7 MB, 15 MB goal, 0 MB stacks, 0 MB globals, 20 P
gc 19 @0.095s 8%: 0.14+2.6+0.012 ms clock, 2.9+7.7/12/16+0.25 ms cpu, 13->16->7 MB, 16 MB goal, 0 MB stacks, 0 MB globals, 20 P
gc 20 @0.101s 8%: 0.021+0.64+0.013 ms clock, 0.42+0.21/2.9/4.0+0.26 ms cpu, 12->14->6 MB, 15 MB goal, 0 MB stacks, 0 MB globals, 20 P
gc 21 @0.102s 8%: 0.028+1.1+0.034 ms clock, 0.56+0.14/4.8/6.8+0.69 ms cpu, 10->13->7 MB, 12 MB goal, 0 MB stacks, 0 MB globals, 20 P
gc 22 @0.105s 8%: 0.037+0.88+0.018 ms clock, 0.75+0.13/3.8/4.0+0.36 ms cpu, 12->15->7 MB, 14 MB goal, 0 MB stacks, 0 MB globals, 20 P
# command-line-arguments
gc 1 @0.001s 4%: 0.027+0.80+0.005 ms clock, 0.54+0.15/2.0/0.013+0.11 ms cpu, 4->4->3 MB, 4 MB goal, 0 MB stacks, 0 MB globals, 20 P
gc 2 @0.003s 5%: 0.016+2.1+0.006 ms clock, 0.32+0.17/3.0/0+0.13 ms cpu, 6->7->7 MB, 6 MB goal, 0 MB stacks, 0 MB globals, 20 P
gc 3 @0.018s 2%: 0.017+1.0+0.003 ms clock, 0.35+0.66/1.4/0.030+0.069 ms cpu, 13->13->10 MB, 14 MB goal, 0 MB stacks, 0 MB globals, 20 P
gc 4 @0.019s 2%: 0.014+1.0+0.011 ms clock, 0.29+0.075/2.8/0.17+0.22 ms cpu, 28->28->28 MB, 28 MB goal, 0 MB stacks, 0 MB globals, 20 P
gc 5 @0.158s 0%: 0.019+2.2+0.007 ms clock, 0.39+0.046/3.0/0+0.15 ms cpu, 55->56->23 MB, 57 MB goal, 0 MB stacks, 0 MB globals, 20 P
gc 1 @59.912s 0%: 0.052+0.47+0.005 ms clock, 1.0+0.075/1.3/0.018+0.11 ms cpu, 3->3->1 MB, 4 MB goal, 0 MB stacks, 0 MB globals, 20 P
gc 2 @59.914s 0%: 0.031+0.52+0.005 ms clock, 0.62+0/1.4/0.060+0.11 ms cpu, 4->4->1 MB, 4 MB goal, 0 MB stacks, 0 MB globals, 20 P
gc 3 @59.915s 0%: 0.048+1.1+0.071 ms clock, 0.96+0/2.2/0.24+1.4 ms cpu, 4->5->3 MB, 4 MB goal, 0 MB stacks, 0 MB globals, 20 P
gc 4 @59.918s 0%: 0.034+2.2+0.011 ms clock, 0.69+0/3.0/0.028+0.23 ms cpu, 8->8->3 MB, 8 MB goal, 0 MB stacks, 0 MB globals, 20 P
gc 5 @59.921s 0%: 0.035+2.2+0.011 ms clock, 0.70+0/3.0/0.29+0.23 ms cpu, 6->6->4 MB, 7 MB goal, 0 MB stacks, 0 MB globals, 20 P
gc 6 @59.923s 0%: 0.042+1.3+0.006 ms clock, 0.84+0/2.1/0.34+0.13 ms cpu, 8->8->5 MB, 8 MB goal, 0 MB stacks, 0 MB globals, 20 P
gc 7 @59.925s 0%: 0.041+4.3+0.006 ms clock, 0.82+0/4.9/0.10+0.12 ms cpu, 10->10->6 MB, 10 MB goal, 0 MB stacks, 0 MB globals, 20 P
gc 8 @59.930s 0%: 0.030+0.97+0.018 ms clock, 0.61+0/1.3/0.21+0.36 ms cpu, 12->12->7 MB, 12 MB goal, 0 MB stacks, 0 MB globals, 20 P
gc 9 @59.931s 0%: 0.008+1.5+0.012 ms clock, 0.16+0/1.9/0.056+0.25 ms cpu, 15->15->9 MB, 15 MB goal, 0 MB stacks, 0 MB globals, 20 P
gc 10 @59.933s 0%: 0.023+8.7+0.003 ms clock, 0.47+0/9.6/0.61+0.073 ms cpu, 19->19->11 MB, 19 MB goal, 0 MB stacks, 0 MB globals, 20 P
gc 11 @59.942s 0%: 0.012+1.0+0.003 ms clock, 0.24+0/1.5/0.26+0.072 ms cpu, 23->23->13 MB, 23 MB goal, 0 MB stacks, 0 MB globals, 20 P
gc 12 @59.943s 0%: 0.013+2.4+0.003 ms clock, 0.27+0/2.9/0.091+0.074 ms cpu, 29->29->16 MB, 29 MB goal, 0 MB stacks, 0 MB globals, 20 P
gc 13 @59.952s 0%: 0.020+0.53+0.005 ms clock, 0.40+0/1.2/0.29+0.11 ms cpu, 32->32->14 MB, 33 MB goal, 0 MB stacks, 0 MB globals, 20 P
gc 14 @59.955s 0%: 0.015+2.6+0.005 ms clock, 0.31+0/3.2/0.36+0.10 ms cpu, 31->31->17 MB, 31 MB goal, 0 MB stacks, 0 MB globals, 20 P
gc 15 @59.961s 0%: 0.045+9.1+0.007 ms clock, 0.90+0/10/0.42+0.15 ms cpu, 37->37->21 MB, 37 MB goal, 0 MB stacks, 0 MB globals, 20 P
gc 16 @59.973s 0%: 0.032+9.0+0.003 ms clock, 0.64+0/9.7/0.057+0.072 ms cpu, 44->44->26 MB, 44 MB goal, 0 MB stacks, 0 MB globals, 20 P
gc 17 @59.985s 0%: 0.028+0.50+0.025 ms clock, 0.56+0/0.97/0.026+0.50 ms cpu, 54->54->41 MB, 54 MB goal, 0 MB stacks, 0 MB globals, 20 P
gc 18 @60.012s 0%: 0.016+3.5+0.003 ms clock, 0.33+0/3.8/0.016+0.066 ms cpu, 92->92->36 MB, 92 MB goal, 0 MB stacks, 0 MB globals, 20 P
gc 19 @60.018s 0%: 0.013+0.39+0.010 ms clock, 0.27+0/0.48/0+0.21 ms cpu, 77->77->54 MB, 77 MB goal, 0 MB stacks, 0 MB globals, 20 P
gc 20 @60.030s 0%: 0.017+4.4+0.004 ms clock, 0.34+0/4.6/0+0.080 ms cpu, 117->117->51 MB, 117 MB goal, 0 MB stacks, 0 MB globals, 20 P
gc 21 @60.042s 0%: 0.017+0.56+0.003 ms clock, 0.34+0/0.82/0.019+0.065 ms cpu, 105->105->56 MB, 105 MB goal, 0 MB stacks, 0 MB globals, 20 P
gc 22 @60.049s 0%: 0.013+0.43+0.013 ms clock, 0.27+0/0.58/0+0.26 ms cpu, 122->122->79 MB, 122 MB goal, 0 MB stacks, 0 MB globals, 20 P
gc 23 @60.064s 0%: 0.016+5.4+0.015 ms clock, 0.32+0/5.7/0+0.31 ms cpu, 158->158->80 MB, 159 MB goal, 0 MB stacks, 0 MB globals, 20 P
gc 24 @60.088s 0%: 0.019+6.8+0.004 ms clock, 0.39+0/6.8/0+0.080 ms cpu, 171->171->92 MB, 171 MB goal, 0 MB stacks, 0 MB globals, 20 P
gc 25 @60.113s 0%: 0.017+5.7+0.007 ms clock, 0.35+0/5.6/0+0.14 ms cpu, 183->196->117 MB, 185 MB goal, 0 MB stacks, 0 MB globals, 20 P
gc 26 @60.147s 0%: 0.016+1.3+0.003 ms clock, 0.32+0/1.4/0+0.065 ms cpu, 225->225->105 MB, 235 MB goal, 0 MB stacks, 0 MB globals, 20 P
gc 27 @60.162s 0%: 0.019+1.9+0.007 ms clock, 0.39+0/2.4/0+0.14 ms cpu, 200->200->106 MB, 210 MB goal, 0 MB stacks, 0 MB globals, 20 P
gc 28 @60.177s 0%: 0.016+0.57+0.004 ms clock, 0.33+0/0.81/0.017+0.084 ms cpu, 202->202->107 MB, 212 MB goal, 0 MB stacks, 0 MB globals, 20 P
gc 29 @60.188s 0%: 0.018+0.58+0.003 ms clock, 0.37+0/1.0/0.005+0.064 ms cpu, 204->204->108 MB, 214 MB goal, 0 MB stacks, 0 MB globals, 20 P
gc 30 @60.203s 0%: 0.023+1.1+0.005 ms clock, 0.47+0/1.6/0+0.11 ms cpu, 207->207->110 MB, 217 MB goal, 0 MB stacks, 0 MB globals, 20 P
gc 31 @60.225s 0%: 0.026+6.3+0.004 ms clock, 0.52+0/6.7/0.009+0.099 ms cpu, 207->207->114 MB, 220 MB goal, 0 MB stacks, 0 MB globals, 20 P
gc 32 @60.254s 0%: 0.032+0.59+0.016 ms clock, 0.64+0/1.2/0.031+0.32 ms cpu, 217->217->129 MB, 229 MB goal, 0 MB stacks, 0 MB globals, 20 P
gc 33 @60.289s 0%: 0.026+5.9+0.004 ms clock, 0.53+0/6.6/0.11+0.087 ms cpu, 255->255->111 MB, 260 MB goal, 0 MB stacks, 0 MB globals, 20 P
gc 34 @60.324s 0%: 0.027+0.61+0.011 ms clock, 0.55+0/1.1/0+0.22 ms cpu, 211->211->125 MB, 222 MB goal, 0 MB stacks, 0 MB globals, 20 P
gc 35 @60.348s 0%: 0.028+2.8+0.007 ms clock, 0.57+0/3.3/0+0.14 ms cpu, 241->241->108 MB, 252 MB goal, 0 MB stacks, 0 MB globals, 20 P
gc 36 @60.372s 0%: 0.032+3.8+0.006 ms clock, 0.65+0/4.4/0.030+0.12 ms cpu, 209->209->110 MB, 217 MB goal, 0 MB stacks, 0 MB globals, 20 P
gc 37 @60.395s 0%: 0.020+0.42+0.009 ms clock, 0.41+0/0.59/0.003+0.19 ms cpu, 211->211->125 MB, 221 MB goal, 0 MB stacks, 0 MB globals, 20 P
gc 38 @60.419s 0%: 0.026+1.3+0.006 ms clock, 0.52+0/2.0/0+0.13 ms cpu, 241->241->108 MB, 251 MB goal, 0 MB stacks, 0 MB globals, 20 P
gc 39 @60.440s 0%: 0.018+2.0+0.003 ms clock, 0.37+0/2.3/0+0.071 ms cpu, 206->206->113 MB, 217 MB goal, 0 MB stacks, 0 MB globals, 20 P
gc 40 @60.462s 0%: 0.017+0.40+0.20 ms clock, 0.35+0/0.84/0+4.0 ms cpu, 214->217->106 MB, 226 MB goal, 0 MB stacks, 0 MB globals, 20 P
gc 41 @60.475s 0%: 0.017+2.8+0.019 ms clock, 0.34+0/3.3/0+0.38 ms cpu, 203->203->106 MB, 213 MB goal, 0 MB stacks, 0 MB globals, 20 P
gc 42 @60.488s 0%: 0.027+1.1+0.019 ms clock, 0.55+0/1.4/0+0.39 ms cpu, 203->214->120 MB, 214 MB goal, 0 MB stacks, 0 MB globals, 20 P
gc 43 @60.518s 0%: 0.028+3.3+0.019 ms clock, 0.57+0/3.8/0.038+0.38 ms cpu, 234->234->102 MB, 242 MB goal, 0 MB stacks, 0 MB globals, 20 P
gc 44 @60.536s 0%: 0.026+3.9+0.076 ms clock, 0.52+0/4.6/0.021+1.5 ms cpu, 198->209->116 MB, 204 MB goal, 0 MB stacks, 0 MB globals, 20 P
gc 45 @60.568s 0%: 0.021+0.82+0.003 ms clock, 0.43+0/1.0/0+0.078 ms cpu, 222->222->96 MB, 232 MB goal, 0 MB stacks, 0 MB globals, 20 P
gc 46 @60.582s 0%: 0.018+1.0+0.004 ms clock, 0.37+0/1.2/0+0.089 ms cpu, 187->187->98 MB, 192 MB goal, 0 MB stacks, 0 MB globals, 20 P
gc 47 @60.596s 0%: 0.020+3.1+0.005 ms clock, 0.41+0/3.5/0.001+0.11 ms cpu, 184->184->100 MB, 197 MB goal, 0 MB stacks, 0 MB globals, 20 P
gc 48 @60.626s 0%: 0.018+0.59+0.005 ms clock, 0.36+0/0.73/0+0.11 ms cpu, 189->190->90 MB, 202 MB goal, 0 MB stacks, 0 MB globals, 20 P
gc 49 @60.640s 0%: 0.018+1.0+0.004 ms clock, 0.36+0/0.68/0+0.081 ms cpu, 171->174->94 MB, 180 MB goal, 0 MB stacks, 0 MB globals, 20 P
gc 50 @60.661s 0%: 0.025+0.79+0.005 ms clock, 0.51+0/1.5/0.071+0.11 ms cpu, 183->183->94 MB, 188 MB goal, 0 MB stacks, 0 MB globals, 20 P
gc 51 @60.675s 0%: 0.018+1.8+0.002 ms clock, 0.37+0/2.3/0+0.058 ms cpu, 186->186->98 MB, 189 MB goal, 0 MB stacks, 0 MB globals, 20 P
gc 52 @60.694s 0%: 0.026+0.34+0.016 ms clock, 0.53+0/0.61/0+0.33 ms cpu, 195->195->111 MB, 196 MB goal, 0 MB stacks, 0 MB globals, 20 P
gc 53 @60.712s 0%: 0.017+0.74+0.005 ms clock, 0.34+0/0.83/0+0.11 ms cpu, 217->217->94 MB, 223 MB goal, 0 MB stacks, 0 MB globals, 20 P
gc 54 @60.727s 0%: 0.019+1.0+0.004 ms clock, 0.38+0/1.4/0+0.082 ms cpu, 186->186->98 MB, 189 MB goal, 0 MB stacks, 0 MB globals, 20 P
gc 55 @60.741s 0%: 0.019+0.57+0.012 ms clock, 0.39+0/0.77/0.067+0.24 ms cpu, 195->195->111 MB, 197 MB goal, 0 MB stacks, 0 MB globals, 20 P
gc 56 @60.759s 0%: 0.020+0.91+0.006 ms clock, 0.40+0/1.0/0+0.13 ms cpu, 217->217->94 MB, 223 MB goal, 0 MB stacks, 0 MB globals, 20 P
gc 57 @60.771s 0%: 0.021+1.0+0.005 ms clock, 0.42+0/1.5/0+0.10 ms cpu, 186->186->98 MB, 189 MB goal, 0 MB stacks, 0 MB globals, 20 P
gc 58 @60.785s 0%: 0.017+0.39+0.010 ms clock, 0.35+0/0.71/0+0.20 ms cpu, 195->195->111 MB, 197 MB goal, 0 MB stacks, 0 MB globals, 20 P
gc 59 @60.801s 0%: 0.016+0.90+0.003 ms clock, 0.33+0/0.97/0+0.075 ms cpu, 217->217->94 MB, 223 MB goal, 0 MB stacks, 0 MB globals, 20 P
gc 60 @60.818s 0%: 0.026+4.4+0.005 ms clock, 0.53+0/5.1/0.030+0.11 ms cpu, 187->187->98 MB, 189 MB goal, 0 MB stacks, 0 MB globals, 20 P
gc 61 @60.839s 0%: 0.018+0.42+0.018 ms clock, 0.37+0/0.70/0+0.36 ms cpu, 195->195->111 MB, 196 MB goal, 0 MB stacks, 0 MB globals, 20 P
gc 62 @60.857s 0%: 0.019+0.81+0.003 ms clock, 0.38+0/0.98/0.003+0.063 ms cpu, 217->217->94 MB, 223 MB goal, 0 MB stacks, 0 MB globals, 20 P
gc 63 @60.871s 0%: 0.018+0.76+0.003 ms clock, 0.37+0/1.1/0+0.060 ms cpu, 186->186->98 MB, 189 MB goal, 0 MB stacks, 0 MB globals, 20 P
gc 64 @60.883s 0%: 0.017+5.4+0.004 ms clock, 0.35+0/6.0/0+0.085 ms cpu, 200->200->104 MB, 200 MB goal, 0 MB stacks, 0 MB globals, 20 P
gc 65 @60.903s 0%: 0.016+1.1+0.002 ms clock, 0.32+0/1.5/0+0.053 ms cpu, 210->210->107 MB, 210 MB goal, 0 MB stacks, 0 MB globals, 20 P
gc 66 @60.921s 0%: 0.018+0.53+0.018 ms clock, 0.37+0/0.79/0+0.36 ms cpu, 214->214->122 MB, 214 MB goal, 0 MB stacks, 0 MB globals, 20 P
gc 67 @60.942s 0%: 0.016+3.5+0.002 ms clock, 0.33+0/3.8/0+0.057 ms cpu, 246->246->109 MB, 246 MB goal, 0 MB stacks, 0 MB globals, 20 P
gc 68 @60.960s 0%: 0.017+0.50+0.003 ms clock, 0.34+0/0.76/0+0.069 ms cpu, 216->216->101 MB, 218 MB goal, 0 MB stacks, 0 MB globals, 20 P
gc 69 @60.977s 0%: 0.019+1.6+0.042 ms clock, 0.38+0/1.9/0+0.85 ms cpu, 204->204->107 MB, 205 MB goal, 0 MB stacks, 0 MB globals, 20 P
gc 70 @60.995s 0%: 0.024+0.45+0.016 ms clock, 0.48+0/0.96/0.004+0.32 ms cpu, 214->214->122 MB, 214 MB goal, 0 MB stacks, 0 MB globals, 20 P
gc 71 @61.019s 0%: 0.023+3.8+0.007 ms clock, 0.47+0/4.2/0+0.14 ms cpu, 246->246->98 MB, 246 MB goal, 0 MB stacks, 0 MB globals, 20 P
gc 72 @61.046s 0%: 0.032+0.61+0.015 ms clock, 0.64+0/1.1/0+0.31 ms cpu, 195->195->111 MB, 196 MB goal, 0 MB stacks, 0 MB globals, 20 P
gc 73 @61.070s 0%: 0.017+0.96+0.005 ms clock, 0.34+0/1.0/0+0.11 ms cpu, 225->225->96 MB, 225 MB goal, 0 MB stacks, 0 MB globals, 20 P
gc 74 @61.081s 0%: 0.016+1.8+0.017 ms clock, 0.32+0/2.2/0.035+0.35 ms cpu, 192->203->111 MB, 192 MB goal, 0 MB stacks, 0 MB globals, 20 P
gc 75 @61.098s 0%: 0.019+0.70+0.005 ms clock, 0.38+0/0.95/0+0.11 ms cpu, 217->217->94 MB, 223 MB goal, 0 MB stacks, 0 MB globals, 20 P
gc 76 @61.109s 0%: 0.017+0.92+0.003 ms clock, 0.34+0/1.3/0+0.078 ms cpu, 186->186->98 MB, 189 MB goal, 0 MB stacks, 0 MB globals, 20 P
gc 77 @61.121s 0%: 0.019+0.49+0.012 ms clock, 0.38+0/0.84/0+0.25 ms cpu, 195->195->111 MB, 197 MB goal, 0 MB stacks, 0 MB globals, 20 P
gc 78 @61.145s 0%: 0.023+2.7+0.004 ms clock, 0.46+0/3.5/0.19+0.094 ms cpu, 217->217->94 MB, 223 MB goal, 0 MB stacks, 0 MB globals, 20 P
gc 79 @61.172s 0%: 0.031+2.7+0.005 ms clock, 0.63+0/3.2/0.005+0.10 ms cpu, 186->186->98 MB, 189 MB goal, 0 MB stacks, 0 MB globals, 20 P
gc 80 @61.199s 0%: 0.017+0.49+0.008 ms clock, 0.34+0/0.58/0+0.16 ms cpu, 192->192->134 MB, 197 MB goal, 0 MB stacks, 0 MB globals, 20 P
gc 81 @61.228s 0%: 0.020+3.6+0.003 ms clock, 0.40+0/3.7/0+0.065 ms cpu, 258->258->109 MB, 269 MB goal, 0 MB stacks, 0 MB globals, 20 P
gc 82 @61.249s 0%: 0.015+0.45+0.006 ms clock, 0.31+0.096/0.71/0+0.13 ms cpu, 208->208->99 MB, 218 MB goal, 0 MB stacks, 0 MB globals, 20 P
gc 83 @61.262s 0%: 0.015+0.41+0.004 ms clock, 0.30+0/0.79/0+0.082 ms cpu, 192->192->103 MB, 200 MB goal, 0 MB stacks, 0 MB globals, 20 P
gc 84 @61.272s 0%: 0.017+0.59+0.006 ms clock, 0.34+0/1.0/0+0.12 ms cpu, 196->196->107 MB, 206 MB goal, 0 MB stacks, 0 MB globals, 20 P
gc 85 @61.283s 0%: 0.019+4.7+0.004 ms clock, 0.38+0/5.0/0.007+0.091 ms cpu, 203->203->111 MB, 214 MB goal, 0 MB stacks, 0 MB globals, 20 P
gc 86 @61.312s 0%: 0.018+0.46+0.31 ms clock, 0.37+0/0.82/0+6.2 ms cpu, 212->216->95 MB, 223 MB goal, 0 MB stacks, 0 MB globals, 20 P
gc 87 @61.325s 0%: 0.047+0.78+0.007 ms clock, 0.95+0/1.6/0.086+0.15 ms cpu, 180->180->94 MB, 191 MB goal, 0 MB stacks, 0 MB globals, 20 P
gc 88 @61.344s 0%: 0.028+5.1+0.002 ms clock, 0.56+0/6.0/0.077+0.059 ms cpu, 186->186->98 MB, 189 MB goal, 0 MB stacks, 0 MB globals, 20 P
gc 89 @61.377s 0%: 0.029+0.64+0.011 ms clock, 0.58+0/1.2/0.026+0.22 ms cpu, 195->195->111 MB, 196 MB goal, 0 MB stacks, 0 MB globals, 20 P
gc 90 @61.401s 0%: 0.019+2.4+0.005 ms clock, 0.38+0/2.7/0+0.11 ms cpu, 217->217->94 MB, 223 MB goal, 0 MB stacks, 0 MB globals, 20 P
gc 91 @61.417s 0%: 0.018+1.9+0.003 ms clock, 0.37+0/2.1/0+0.061 ms cpu, 186->186->98 MB, 189 MB goal, 0 MB stacks, 0 MB globals, 20 P
gc 92 @61.438s 0%: 0.028+0.55+0.014 ms clock, 0.56+0/1.1/0+0.29 ms cpu, 195->195->111 MB, 196 MB goal, 0 MB stacks, 0 MB globals, 20 P
gc 93 @61.460s 0%: 0.021+1.6+0.007 ms clock, 0.42+0/2.1/0+0.15 ms cpu, 217->217->94 MB, 223 MB goal, 0 MB stacks, 0 MB globals, 20 P
gc 94 @61.484s 0%: 0.025+0.93+0.005 ms clock, 0.51+0/1.6/0.004+0.10 ms cpu, 186->186->98 MB, 189 MB goal, 0 MB stacks, 0 MB globals, 20 P
gc 95 @61.506s 0%: 0.019+0.54+0.014 ms clock, 0.39+0/0.64/0+0.28 ms cpu, 195->195->111 MB, 197 MB goal, 0 MB stacks, 0 MB globals, 20 P
gc 96 @61.526s 0%: 0.021+2.5+0.007 ms clock, 0.43+0/2.9/0+0.14 ms cpu, 217->217->94 MB, 223 MB goal, 0 MB stacks, 0 MB globals, 20 P
gc 97 @61.543s 0%: 0.015+0.84+0.003 ms clock, 0.31+0/1.1/0.14+0.076 ms cpu, 186->186->98 MB, 189 MB goal, 0 MB stacks, 0 MB globals, 20 P
gc 98 @61.555s 0%: 0.020+0.48+0.008 ms clock, 0.40+0/0.64/0+0.16 ms cpu, 195->195->111 MB, 196 MB goal, 0 MB stacks, 0 MB globals, 20 P
gc 99 @61.574s 0%: 0.027+3.9+0.007 ms clock, 0.55+0/4.5/0.012+0.14 ms cpu, 217->217->94 MB, 223 MB goal, 0 MB stacks, 0 MB globals, 20 P
gc 100 @61.593s 0%: 0.022+2.1+0.005 ms clock, 0.45+0/2.3/0+0.10 ms cpu, 186->186->98 MB, 189 MB goal, 0 MB stacks, 0 MB globals, 20 P
gc 101 @61.607s 0%: 0.018+0.53+0.016 ms clock, 0.37+0/0.82/0+0.33 ms cpu, 195->195->111 MB, 196 MB goal, 0 MB stacks, 0 MB globals, 20 P
gc 102 @61.627s 0%: 0.034+3.6+0.005 ms clock, 0.68+0/4.1/0+0.11 ms cpu, 217->217->94 MB, 223 MB goal, 0 MB stacks, 0 MB globals, 20 P
gc 103 @61.646s 0%: 0.017+0.73+0.003 ms clock, 0.34+0/1.0/0.027+0.069 ms cpu, 186->186->98 MB, 189 MB goal, 0 MB stacks, 0 MB globals, 20 P
gc 104 @61.661s 0%: 0.020+0.40+0.017 ms clock, 0.41+0/0.77/0.006+0.35 ms cpu, 195->195->111 MB, 196 MB goal, 0 MB stacks, 0 MB globals, 20 P
gc 105 @61.676s 0%: 0.022+0.77+0.007 ms clock, 0.44+0/1.0/0+0.14 ms cpu, 217->217->94 MB, 223 MB goal, 0 MB stacks, 0 MB globals, 20 P
gc 106 @61.690s 0%: 0.022+1.7+0.004 ms clock, 0.45+0/2.2/0+0.090 ms cpu, 186->186->98 MB, 189 MB goal, 0 MB stacks, 0 MB globals, 20 P
gc 107 @61.710s 0%: 0.018+0.45+0.007 ms clock, 0.37+0/0.64/0+0.15 ms cpu, 195->195->111 MB, 196 MB goal, 0 MB stacks, 0 MB globals, 20 P
gc 108 @61.729s 0%: 0.017+2.4+0.027 ms clock, 0.34+0/2.7/0.12+0.55 ms cpu, 217->217->94 MB, 223 MB goal, 0 MB stacks, 0 MB globals, 20 P
gc 109 @61.746s 0%: 0.023+1.3+0.003 ms clock, 0.47+0/1.7/0.026+0.077 ms cpu, 186->186->98 MB, 189 MB goal, 0 MB stacks, 0 MB globals, 20 P
gc 110 @61.764s 0%: 0.022+0.49+0.007 ms clock, 0.45+0/0.76/0+0.15 ms cpu, 195->195->111 MB, 197 MB goal, 0 MB stacks, 0 MB globals, 20 P
gc 111 @61.783s 0%: 0.031+3.6+0.012 ms clock, 0.62+0/4.5/0.12+0.25 ms cpu, 217->217->94 MB, 223 MB goal, 0 MB stacks, 0 MB globals, 20 P
gc 112 @61.801s 0%: 0.017+1.3+0.002 ms clock, 0.35+0/1.7/0.005+0.059 ms cpu, 186->186->98 MB, 189 MB goal, 0 MB stacks, 0 MB globals, 20 P
gc 113 @61.818s 0%: 0.019+0.44+0.057 ms clock, 0.39+0/0.62/0.014+1.1 ms cpu, 195->195->111 MB, 197 MB goal, 0 MB stacks, 0 MB globals, 20 P
gc 114 @61.834s 0%: 0.024+2.4+0.005 ms clock, 0.49+0/2.9/0+0.10 ms cpu, 217->217->94 MB, 223 MB goal, 0 MB stacks, 0 MB globals, 20 P
gc 115 @61.864s 0%: 0.029+1.4+0.005 ms clock, 0.59+0/2.1/0+0.11 ms cpu, 186->186->98 MB, 189 MB goal, 0 MB stacks, 0 MB globals, 20 P
gc 116 @61.892s 0%: 0.021+0.40+0.010 ms clock, 0.42+0/0.88/0+0.20 ms cpu, 195->195->111 MB, 196 MB goal, 0 MB stacks, 0 MB globals, 20 P
gc 117 @61.916s 0%: 0.032+0.79+0.005 ms clock, 0.65+0/1.5/0.073+0.10 ms cpu, 217->217->94 MB, 223 MB goal, 0 MB stacks, 0 MB globals, 20 P
gc 118 @61.933s 0%: 0.027+6.3+0.004 ms clock, 0.54+0/7.2/0+0.096 ms cpu, 186->186->98 MB, 189 MB goal, 0 MB stacks, 0 MB globals, 20 P
gc 119 @61.962s 0%: 0.026+0.65+0.016 ms clock, 0.53+0/1.0/0.002+0.32 ms cpu, 195->195->111 MB, 197 MB goal, 0 MB stacks, 0 MB globals, 20 P
gc 120 @61.986s 0%: 0.021+0.75+0.005 ms clock, 0.42+0/1.2/0.003+0.11 ms cpu, 217->217->94 MB, 223 MB goal, 0 MB stacks, 0 MB globals, 20 P
gc 121 @62.001s 0%: 0.071+2.8+0.005 ms clock, 1.4+0/3.4/0+0.11 ms cpu, 186->186->98 MB, 189 MB goal, 0 MB stacks, 0 MB globals, 20 P
gc 122 @62.030s 0%: 0.031+0.65+0.020 ms clock, 0.62+0/1.2/0+0.41 ms cpu, 195->195->111 MB, 197 MB goal, 0 MB stacks, 0 MB globals, 20 P
gc 123 @62.052s 0%: 0.016+2.1+0.006 ms clock, 0.33+0.046/2.2/0+0.12 ms cpu, 217->217->94 MB, 223 MB goal, 0 MB stacks, 0 MB globals, 20 P
gc 124 @62.069s 0%: 0.029+1.2+0.007 ms clock, 0.59+0/2.0/0.096+0.14 ms cpu, 186->186->98 MB, 189 MB goal, 0 MB stacks, 0 MB globals, 20 P
gc 125 @62.088s 0%: 0.031+0.58+0.017 ms clock, 0.62+0/1.2/0.049+0.35 ms cpu, 195->195->111 MB, 196 MB goal, 0 MB stacks, 0 MB globals, 20 P
gc 126 @62.115s 0%: 0.022+3.0+0.003 ms clock, 0.45+0/3.6/0.12+0.075 ms cpu, 217->217->94 MB, 223 MB goal, 0 MB stacks, 0 MB globals, 20 P
gc 127 @62.133s 0%: 0.020+5.8+0.006 ms clock, 0.41+0/6.3/0.050+0.12 ms cpu, 186->186->98 MB, 189 MB goal, 0 MB stacks, 0 MB globals, 20 P
gc 128 @62.160s 0%: 0.025+0.72+0.013 ms clock, 0.51+0/1.2/0.007+0.26 ms cpu, 195->195->111 MB, 196 MB goal, 0 MB stacks, 0 MB globals, 20 P
gc 129 @62.183s 0%: 0.020+1.5+0.004 ms clock, 0.41+0/2.0/0.042+0.081 ms cpu, 217->217->94 MB, 223 MB goal, 0 MB stacks, 0 MB globals, 20 P
gc 130 @62.202s 0%: 0.029+3.5+0.008 ms clock, 0.59+0/4.4/0.035+0.16 ms cpu, 186->186->98 MB, 189 MB goal, 0 MB stacks, 0 MB globals, 20 P
gc 131 @62.228s 0%: 0.022+0.54+0.014 ms clock, 0.44+0/0.98/0.020+0.28 ms cpu, 195->195->111 MB, 196 MB goal, 0 MB stacks, 0 MB globals, 20 P
gc 132 @62.248s 0%: 0.016+1.8+0.003 ms clock, 0.33+0/2.2/0.034+0.063 ms cpu, 217->217->94 MB, 223 MB goal, 0 MB stacks, 0 MB globals, 20 P
gc 133 @62.262s 0%: 0.025+1.6+0.007 ms clock, 0.50+0/2.2/0+0.14 ms cpu, 186->186->98 MB, 189 MB goal, 0 MB stacks, 0 MB globals, 20 P
gc 134 @62.282s 0%: 0.020+0.43+0.006 ms clock, 0.41+0/0.75/0+0.13 ms cpu, 195->195->111 MB, 196 MB goal, 0 MB stacks, 0 MB globals, 20 P
gc 135 @62.297s 0%: 0.017+0.63+0.003 ms clock, 0.34+0/0.94/0+0.079 ms cpu, 217->217->94 MB, 223 MB goal, 0 MB stacks, 0 MB globals, 20 P
gc 136 @62.312s 0%: 0.020+1.9+0.003 ms clock, 0.41+0/2.3/0.015+0.063 ms cpu, 186->186->98 MB, 189 MB goal, 0 MB stacks, 0 MB globals, 20 P
gc 137 @62.332s 0%: 0.028+0.63+0.015 ms clock, 0.57+0/1.2/0.030+0.30 ms cpu, 195->195->111 MB, 196 MB goal, 0 MB stacks, 0 MB globals, 20 P
gc 138 @62.354s 0%: 0.016+1.4+0.003 ms clock, 0.33+0/1.6/0+0.063 ms cpu, 217->217->94 MB, 223 MB goal, 0 MB stacks, 0 MB globals, 20 P
gc 139 @62.366s 0%: 0.019+0.90+0.004 ms clock, 0.39+0/1.3/0+0.080 ms cpu, 186->186->98 MB, 189 MB goal, 0 MB stacks, 0 MB globals, 20 P
gc 140 @62.380s 0%: 0.021+0.30+0.010 ms clock, 0.42+0/0.67/0+0.21 ms cpu, 195->195->111 MB, 197 MB goal, 0 MB stacks, 0 MB globals, 20 P
gc 141 @62.400s 0%: 0.028+2.2+0.010 ms clock, 0.56+0/2.8/0+0.20 ms cpu, 217->217->94 MB, 223 MB goal, 0 MB stacks, 0 MB globals, 20 P
gc 142 @62.414s 0%: 0.020+0.96+0.004 ms clock, 0.41+0/1.4/0.049+0.096 ms cpu, 186->186->98 MB, 189 MB goal, 0 MB stacks, 0 MB globals, 20 P
gc 143 @62.432s 0%: 0.029+0.50+0.015 ms clock, 0.59+0/1.1/0+0.31 ms cpu, 185->185->102 MB, 196 MB goal, 0 MB stacks, 0 MB globals, 20 P
gc 144 @62.452s 0%: 0.032+6.5+0.038 ms clock, 0.64+0/7.3/0.11+0.77 ms cpu, 211->211->109 MB, 211 MB goal, 0 MB stacks, 0 MB globals, 20 P
gc 145 @62.485s 0%: 0.025+1.8+0.003 ms clock, 0.50+0/2.2/0+0.077 ms cpu, 218->218->112 MB, 218 MB goal, 0 MB stacks, 0 MB globals, 20 P
gc 146 @62.510s 0%: 0.025+1.3+0.006 ms clock, 0.51+0/1.4/0.084+0.13 ms cpu, 218->223->109 MB, 226 MB goal, 0 MB stacks, 0 MB globals, 20 P
gc 147 @62.527s 0%: 0.021+1.1+0.004 ms clock, 0.43+0/1.7/0+0.091 ms cpu, 220->220->113 MB, 220 MB goal, 0 MB stacks, 0 MB globals, 20 P
gc 148 @62.556s 0%: 0.027+0.72+0.005 ms clock, 0.54+0/1.2/0+0.10 ms cpu, 218->218->104 MB, 226 MB goal, 0 MB stacks, 0 MB globals, 20 P
gc 149 @62.578s 0%: 0.025+3.7+0.005 ms clock, 0.50+0/4.6/0+0.11 ms cpu, 207->207->110 MB, 209 MB goal, 0 MB stacks, 0 MB globals, 20 P
gc 150 @62.605s 0%: 0.018+0.40+0.006 ms clock, 0.37+0/0.78/0+0.13 ms cpu, 210->213->90 MB, 221 MB goal, 0 MB stacks, 0 MB globals, 20 P
gc 151 @62.616s 0%: 0.016+0.45+0.003 ms clock, 0.33+0/0.73/0+0.078 ms cpu, 180->180->92 MB, 182 MB goal, 0 MB stacks, 0 MB globals, 20 P
gc 152 @62.635s 0%: 0.020+1.7+0.004 ms clock, 0.40+0/2.3/0+0.084 ms cpu, 185->185->96 MB, 185 MB goal, 0 MB stacks, 0 MB globals, 20 P
gc 153 @62.657s 0%: 0.017+2.0+0.004 ms clock, 0.34+0/2.2/0+0.094 ms cpu, 192->192->100 MB, 192 MB goal, 0 MB stacks, 0 MB globals, 20 P
gc 154 @62.675s 0%: 0.020+1.1+0.004 ms clock, 0.41+0.064/0.79/0+0.087 ms cpu, 198->201->94 MB, 201 MB goal, 0 MB stacks, 0 MB globals, 20 P
gc 155 @62.694s 0%: 0.025+3.6+0.003 ms clock, 0.50+0/4.4/0.007+0.077 ms cpu, 183->183->94 MB, 188 MB goal, 0 MB stacks, 0 MB globals, 20 P
gc 156 @62.714s 0%: 0.022+1.1+0.004 ms clock, 0.44+0/1.8/0.006+0.096 ms cpu, 186->186->98 MB, 189 MB goal, 0 MB stacks, 0 MB globals, 20 P
gc 157 @62.739s 0%: 0.021+0.48+0.009 ms clock, 0.42+0/0.60/0+0.18 ms cpu, 195->195->111 MB, 196 MB goal, 0 MB stacks, 0 MB globals, 20 P
gc 158 @62.763s 0%: 0.018+3.1+0.003 ms clock, 0.36+0/3.1/0.004+0.067 ms cpu, 225->225->96 MB, 225 MB goal, 0 MB stacks, 0 MB globals, 20 P
gc 159 @62.784s 0%: 0.024+3.5+0.003 ms clock, 0.48+0/3.7/0+0.066 ms cpu, 192->192->100 MB, 192 MB goal, 0 MB stacks, 0 MB globals, 20 P
gc 160 @62.807s 0%: 0.016+0.64+0.005 ms clock, 0.33+0.079/0.64/0+0.11 ms cpu, 198->201->94 MB, 202 MB goal, 0 MB stacks, 0 MB globals, 20 P
gc 161 @62.822s 0%: 0.025+2.2+0.005 ms clock, 0.50+0/2.7/0+0.11 ms cpu, 183->183->94 MB, 188 MB goal, 0 MB stacks, 0 MB globals, 20 P
gc 162 @62.842s 0%: 0.027+4.7+0.005 ms clock, 0.54+0/5.4/0.002+0.11 ms cpu, 186->186->98 MB, 189 MB goal, 0 MB stacks, 0 MB globals, 20 P
gc 163 @62.868s 0%: 0.018+0.48+0.007 ms clock, 0.37+0/0.60/0+0.15 ms cpu, 195->195->111 MB, 197 MB goal, 0 MB stacks, 0 MB globals, 20 P
gc 164 @62.888s 0%: 0.020+2.4+0.003 ms clock, 0.41+0/2.6/0+0.075 ms cpu, 225->225->96 MB, 225 MB goal, 0 MB stacks, 0 MB globals, 20 P
gc 165 @62.908s 0%: 0.024+1.3+0.004 ms clock, 0.49+0/1.7/0.002+0.095 ms cpu, 192->192->100 MB, 192 MB goal, 0 MB stacks, 0 MB globals, 20 P
gc 166 @62.931s 0%: 0.029+0.51+0.004 ms clock, 0.59+0/1.0/0.004+0.093 ms cpu, 198->198->90 MB, 202 MB goal, 0 MB stacks, 0 MB globals, 20 P
gc 167 @62.950s 0%: 0.018+0.59+0.005 ms clock, 0.37+0/0.92/0+0.10 ms cpu, 177->177->93 MB, 181 MB goal, 0 MB stacks, 0 MB globals, 20 P
gc 168 @62.969s 0%: 0.021+5.0+0.004 ms clock, 0.42+0/5.6/0.034+0.085 ms cpu, 191->191->98 MB, 191 MB goal, 0 MB stacks, 0 MB globals, 20 P
gc 169 @62.988s 0%: 0.021+0.46+0.006 ms clock, 0.42+0/0.77/0+0.12 ms cpu, 195->195->111 MB, 196 MB goal, 0 MB stacks, 0 MB globals, 20 P
gc 170 @63.008s 0%: 0.026+1.8+0.006 ms clock, 0.52+0/2.3/0+0.13 ms cpu, 225->225->96 MB, 225 MB goal, 0 MB stacks, 0 MB globals, 20 P
gc 171 @63.028s 0%: 0.019+0.96+0.003 ms clock, 0.39+0/1.3/0+0.063 ms cpu, 192->192->100 MB, 192 MB goal, 0 MB stacks, 0 MB globals, 20 P
gc 172 @63.043s 0%: 0.016+0.47+0.004 ms clock, 0.32+0.033/0.57/0+0.085 ms cpu, 198->198->90 MB, 201 MB goal, 0 MB stacks, 0 MB globals, 20 P
gc 173 @63.053s 0%: 0.018+1.7+0.002 ms clock, 0.36+0/2.1/0+0.059 ms cpu, 177->177->93 MB, 182 MB goal, 0 MB stacks, 0 MB globals, 20 P
gc 174 @63.066s 0%: 0.018+1.4+0.003 ms clock, 0.36+0/1.8/0.035+0.072 ms cpu, 191->191->98 MB, 191 MB goal, 0 MB stacks, 0 MB globals, 20 P
gc 175 @63.085s 0%: 0.028+0.62+0.013 ms clock, 0.56+0/1.0/0+0.26 ms cpu, 195->195->111 MB, 197 MB goal, 0 MB stacks, 0 MB globals, 20 P
gc 176 @63.109s 0%: 0.019+3.6+0.005 ms clock, 0.39+0/4.1/0.005+0.11 ms cpu, 225->225->96 MB, 225 MB goal, 0 MB stacks, 0 MB globals, 20 P
gc 177 @63.141s 0%: 0.030+4.2+0.006 ms clock, 0.61+0/5.0/0.007+0.12 ms cpu, 192->192->100 MB, 193 MB goal, 0 MB stacks, 0 MB globals, 20 P
gc 178 @63.167s 0%: 0.026+0.96+0.008 ms clock, 0.52+0/1.2/0+0.16 ms cpu, 198->202->94 MB, 202 MB goal, 0 MB stacks, 0 MB globals, 20 P
gc 179 @63.180s 0%: 0.015+0.61+0.008 ms clock, 0.31+0/0.91/0+0.16 ms cpu, 183->183->94 MB, 188 MB goal, 0 MB stacks, 0 MB globals, 20 P
gc 180 @63.197s 0%: 0.025+1.3+0.007 ms clock, 0.50+0/1.6/0+0.14 ms cpu, 186->186->98 MB, 189 MB goal, 0 MB stacks, 0 MB globals, 20 P
gc 181 @63.220s 0%: 0.031+0.60+0.016 ms clock, 0.62+0/1.2/0.025+0.33 ms cpu, 195->195->111 MB, 196 MB goal, 0 MB stacks, 0 MB globals, 20 P
gc 182 @63.245s 0%: 0.027+3.5+0.003 ms clock, 0.55+0/4.0/0+0.079 ms cpu, 225->225->96 MB, 225 MB goal, 0 MB stacks, 0 MB globals, 20 P
gc 183 @63.265s 0%: 0.019+1.1+0.003 ms clock, 0.39+0/1.5/0.002+0.079 ms cpu, 192->192->100 MB, 192 MB goal, 0 MB stacks, 0 MB globals, 20 P
gc 184 @63.291s 0%: 0.025+1.2+2.1 ms clock, 0.51+0/1.9/0+42 ms cpu, 198->201->94 MB, 201 MB goal, 0 MB stacks, 0 MB globals, 20 P
gc 185 @63.310s 0%: 0.023+2.4+0.004 ms clock, 0.47+0/2.6/0.013+0.095 ms cpu, 191->191->96 MB, 191 MB goal, 0 MB stacks, 0 MB globals, 20 P
gc 186 @63.327s 0%: 0.022+5.1+0.019 ms clock, 0.44+0/5.4/0+0.39 ms cpu, 192->203->111 MB, 192 MB goal, 0 MB stacks, 0 MB globals, 20 P
gc 187 @63.350s 0%: 0.016+0.73+0.006 ms clock, 0.33+0/0.98/0+0.12 ms cpu, 217->217->94 MB, 223 MB goal, 0 MB stacks, 0 MB globals, 20 P
gc 188 @63.362s 0%: 0.024+3.6+0.003 ms clock, 0.49+0/3.8/0+0.070 ms cpu, 186->186->98 MB, 189 MB goal, 0 MB stacks, 0 MB globals, 20 P
gc 189 @63.381s 0%: 0.020+0.63+0.013 ms clock, 0.41+0/0.68/0.035+0.26 ms cpu, 195->195->111 MB, 196 MB goal, 0 MB stacks, 0 MB globals, 20 P
gc 190 @63.405s 0%: 0.028+4.3+0.008 ms clock, 0.57+0/4.7/0+0.16 ms cpu, 217->217->94 MB, 223 MB goal, 0 MB stacks, 0 MB globals, 20 P
gc 191 @63.429s 0%: 0.030+3.9+0.005 ms clock, 0.61+0/4.2/0+0.10 ms cpu, 186->186->98 MB, 189 MB goal, 0 MB stacks, 0 MB globals, 20 P
gc 192 @63.456s 0%: 0.027+0.66+0.020 ms clock, 0.55+0/1.0/0+0.40 ms cpu, 195->195->111 MB, 196 MB goal, 0 MB stacks, 0 MB globals, 20 P
gc 193 @63.476s 0%: 0.025+3.3+0.003 ms clock, 0.50+0/3.9/0+0.074 ms cpu, 217->217->94 MB, 223 MB goal, 0 MB stacks, 0 MB globals, 20 P
gc 194 @63.495s 0%: 0.028+5.8+0.009 ms clock, 0.57+0/6.2/0+0.19 ms cpu, 186->186->98 MB, 189 MB goal, 0 MB stacks, 0 MB globals, 20 P
gc 195 @63.521s 0%: 0.031+0.58+0.016 ms clock, 0.63+0/1.0/0.17+0.32 ms cpu, 195->195->111 MB, 197 MB goal, 0 MB stacks, 0 MB globals, 20 P
gc 196 @63.542s 0%: 0.017+0.71+0.005 ms clock, 0.35+0/0.90/0+0.11 ms cpu, 217->217->94 MB, 224 MB goal, 0 MB stacks, 0 MB globals, 20 P
gc 197 @63.555s 0%: 0.017+2.3+0.003 ms clock, 0.35+0/2.7/0.082+0.066 ms cpu, 186->186->98 MB, 189 MB goal, 0 MB stacks, 0 MB globals, 20 P
gc 198 @63.570s 0%: 0.019+0.58+0.010 ms clock, 0.38+0/0.82/0+0.20 ms cpu, 195->195->111 MB, 197 MB goal, 0 MB stacks, 0 MB globals, 20 P
gc 199 @63.587s 0%: 0.016+0.61+0.006 ms clock, 0.33+0/1.0/0.001+0.12 ms cpu, 217->217->94 MB, 223 MB goal, 0 MB stacks, 0 MB globals, 20 P
gc 200 @63.599s 0%: 0.024+2.6+0.007 ms clock, 0.49+0/3.0/0.004+0.15 ms cpu, 186->186->98 MB, 189 MB goal, 0 MB stacks, 0 MB globals, 20 P
gc 201 @63.619s 0%: 0.031+0.51+0.012 ms clock, 0.63+0/1.2/0+0.25 ms cpu, 195->195->111 MB, 196 MB goal, 0 MB stacks, 0 MB globals, 20 P
gc 202 @63.643s 0%: 0.016+1.3+0.003 ms clock, 0.33+0/1.5/0+0.061 ms cpu, 217->217->94 MB, 223 MB goal, 0 MB stacks, 0 MB globals, 20 P
gc 203 @63.654s 0%: 0.016+1.8+0.002 ms clock, 0.32+0/2.0/0+0.059 ms cpu, 186->186->98 MB, 189 MB goal, 0 MB stacks, 0 MB globals, 20 P
gc 204 @63.666s 0%: 0.037+3.9+0.003 ms clock, 0.75+0/4.3/0+0.061 ms cpu, 200->200->104 MB, 200 MB goal, 0 MB stacks, 0 MB globals, 20 P
gc 205 @63.683s 0%: 0.015+0.56+0.005 ms clock, 0.31+0/1.1/0.014+0.11 ms cpu, 202->202->105 MB, 208 MB goal, 0 MB stacks, 0 MB globals, 20 P
gc 206 @63.698s 0%: 0.018+1.1+0.003 ms clock, 0.37+0/1.2/0.001+0.069 ms cpu, 210->210->111 MB, 211 MB goal, 0 MB stacks, 0 MB globals, 20 P
gc 207 @63.718s 0%: 0.018+0.51+0.003 ms clock, 0.37+0/0.67/0+0.071 ms cpu, 216->216->103 MB, 223 MB goal, 0 MB stacks, 0 MB globals, 20 P
gc 208 @63.734s 0%: 0.024+3.5+0.008 ms clock, 0.49+0/4.4/0+0.16 ms cpu, 196->196->107 MB, 207 MB goal, 0 MB stacks, 0 MB globals, 20 P
gc 209 @63.764s 0%: 0.018+0.54+0.014 ms clock, 0.37+0/0.71/0.017+0.28 ms cpu, 214->214->122 MB, 214 MB goal, 0 MB stacks, 0 MB globals, 20 P
gc 210 @63.788s 0%: 0.029+5.6+0.007 ms clock, 0.59+0/6.1/0+0.14 ms cpu, 236->236->107 MB, 245 MB goal, 0 MB stacks, 0 MB globals, 20 P
gc 211 @63.816s 0%: 0.017+0.46+0.005 ms clock, 0.35+0/0.76/0+0.11 ms cpu, 214->214->111 MB, 214 MB goal, 0 MB stacks, 0 MB globals, 20 P
gc 212 @63.847s 0%: 0.022+2.7+0.003 ms clock, 0.44+0/3.1/0+0.072 ms cpu, 217->217->94 MB, 223 MB goal, 0 MB stacks, 0 MB globals, 20 P
gc 213 @63.861s 0%: 0.020+1.9+0.003 ms clock, 0.41+0/2.1/0.022+0.066 ms cpu, 186->186->98 MB, 189 MB goal, 0 MB stacks, 0 MB globals, 20 P
gc 214 @63.881s 0%: 0.020+0.39+0.013 ms clock, 0.41+0/0.73/0+0.26 ms cpu, 195->195->111 MB, 196 MB goal, 0 MB stacks, 0 MB globals, 20 P
gc 215 @63.899s 0%: 0.025+0.77+0.004 ms clock, 0.50+0/1.4/0+0.097 ms cpu, 217->217->94 MB, 223 MB goal, 0 MB stacks, 0 MB globals, 20 P
gc 216 @63.913s 0%: 0.016+2.0+0.003 ms clock, 0.32+0/2.5/0.022+0.070 ms cpu, 186->186->98 MB, 189 MB goal, 0 MB stacks, 0 MB globals, 20 P
gc 217 @63.938s 0%: 0.020+0.41+0.008 ms clock, 0.41+0/0.74/0.013+0.17 ms cpu, 195->195->111 MB, 197 MB goal, 0 MB stacks, 0 MB globals, 20 P
gc 218 @63.955s 0%: 0.017+0.72+0.004 ms clock, 0.35+0/0.95/0+0.092 ms cpu, 217->217->94 MB, 223 MB goal, 0 MB stacks, 0 MB globals, 20 P
gc 219 @63.966s 0%: 0.044+2.9+0.003 ms clock, 0.89+0/3.2/0+0.072 ms cpu, 186->186->98 MB, 189 MB goal, 0 MB stacks, 0 MB globals, 20 P
gc 220 @63.987s 0%: 0.023+0.74+0.13 ms clock, 0.46+0/0.97/0.008+2.7 ms cpu, 195->195->111 MB, 197 MB goal, 0 MB stacks, 0 MB globals, 20 P
gc 221 @64.009s 0%: 0.026+4.1+0.005 ms clock, 0.53+0/4.8/0+0.11 ms cpu, 217->217->94 MB, 224 MB goal, 0 MB stacks, 0 MB globals, 20 P
gc 222 @64.031s 0%: 0.027+1.5+0.005 ms clock, 0.54+0/2.0/0+0.11 ms cpu, 186->186->98 MB, 189 MB goal, 0 MB stacks, 0 MB globals, 20 P
gc 223 @64.053s 0%: 0.025+0.63+0.014 ms clock, 0.51+0/0.90/0.096+0.29 ms cpu, 195->195->111 MB, 197 MB goal, 0 MB stacks, 0 MB globals, 20 P
gc 224 @64.078s 0%: 0.023+2.5+0.004 ms clock, 0.46+0/3.0/0+0.094 ms cpu, 217->217->94 MB, 223 MB goal, 0 MB stacks, 0 MB globals, 20 P
gc 225 @64.103s 0%: 0.017+1.4+0.002 ms clock, 0.34+0/1.7/0+0.059 ms cpu, 186->186->98 MB, 189 MB goal, 0 MB stacks, 0 MB globals, 20 P
gc 226 @64.120s 0%: 0.016+0.36+0.013 ms clock, 0.32+0/0.76/0.001+0.26 ms cpu, 192->192->134 MB, 197 MB goal, 0 MB stacks, 0 MB globals, 20 P
gc 227 @64.149s 0%: 0.018+4.3+0.003 ms clock, 0.36+0/4.7/0+0.071 ms cpu, 270->270->111 MB, 270 MB goal, 0 MB stacks, 0 MB globals, 20 P
gc 228 @64.172s 0%: 0.019+0.48+0.008 ms clock, 0.39+0/0.87/0+0.16 ms cpu, 216->216->103 MB, 223 MB goal, 0 MB stacks, 0 MB globals, 20 P
gc 229 @64.184s 0%: 0.14+2.2+0.003 ms clock, 2.9+0/2.4/0+0.075 ms cpu, 196->196->107 MB, 206 MB goal, 0 MB stacks, 0 MB globals, 20 P
gc 230 @64.207s 0%: 0.021+0.59+0.008 ms clock, 0.42+0/0.68/0.063+0.17 ms cpu, 214->214->122 MB, 214 MB goal, 0 MB stacks, 0 MB globals, 20 P
gc 231 @64.224s 0%: 0.017+3.1+0.003 ms clock, 0.34+0/3.2/0+0.068 ms cpu, 236->236->107 MB, 245 MB goal, 0 MB stacks, 0 MB globals, 20 P
gc 232 @64.242s 0%: 0.016+0.56+0.007 ms clock, 0.32+0/0.70/0+0.15 ms cpu, 214->214->111 MB, 214 MB goal, 0 MB stacks, 0 MB globals, 20 P
gc 233 @64.259s 0%: 0.017+1.6+0.003 ms clock, 0.34+0/1.7/0+0.071 ms cpu, 217->217->94 MB, 223 MB goal, 0 MB stacks, 0 MB globals, 20 P
gc 234 @64.271s 0%: 0.017+0.81+0.003 ms clock, 0.34+0/1.1/0+0.067 ms cpu, 186->186->98 MB, 189 MB goal, 0 MB stacks, 0 MB globals, 20 P
gc 235 @64.286s 0%: 0.018+0.48+0.010 ms clock, 0.37+0/0.75/0+0.20 ms cpu, 195->195->111 MB, 196 MB goal, 0 MB stacks, 0 MB globals, 20 P
gc 236 @64.302s 0%: 0.020+0.72+0.004 ms clock, 0.41+0/1.2/0+0.091 ms cpu, 217->217->94 MB, 223 MB goal, 0 MB stacks, 0 MB globals, 20 P
gc 237 @64.321s 0%: 0.020+2.4+0.005 ms clock, 0.41+0/2.8/0+0.10 ms cpu, 186->186->98 MB, 189 MB goal, 0 MB stacks, 0 MB globals, 20 P
gc 238 @64.345s 0%: 0.025+0.67+0.022 ms clock, 0.50+0/0.99/0.018+0.45 ms cpu, 195->195->111 MB, 197 MB goal, 0 MB stacks, 0 MB globals, 20 P
gc 239 @64.363s 0%: 0.026+2.8+0.006 ms clock, 0.53+0/3.4/0.003+0.13 ms cpu, 217->217->94 MB, 223 MB goal, 0 MB stacks, 0 MB globals, 20 P
gc 240 @64.385s 0%: 0.026+5.6+0.007 ms clock, 0.53+0/6.1/0+0.15 ms cpu, 186->186->98 MB, 189 MB goal, 0 MB stacks, 0 MB globals, 20 P
gc 241 @64.413s 0%: 0.025+0.68+0.018 ms clock, 0.50+0/1.2/0+0.37 ms cpu, 195->195->111 MB, 197 MB goal, 0 MB stacks, 0 MB globals, 20 P
gc 242 @64.445s 0%: 0.029+4.6+0.008 ms clock, 0.58+0/5.4/0+0.16 ms cpu, 217->217->94 MB, 223 MB goal, 0 MB stacks, 0 MB globals, 20 P
gc 243 @64.475s 0%: 0.038+8.0+0.005 ms clock, 0.77+0/8.6/0+0.11 ms cpu, 186->186->98 MB, 189 MB goal, 0 MB stacks, 0 MB globals, 20 P
gc 244 @64.508s 0%: 0.024+0.58+0.016 ms clock, 0.49+0/0.86/0+0.32 ms cpu, 195->195->111 MB, 197 MB goal, 0 MB stacks, 0 MB globals, 20 P
gc 245 @64.534s 0%: 0.023+2.7+0.007 ms clock, 0.46+0/3.0/0.001+0.14 ms cpu, 217->217->94 MB, 223 MB goal, 0 MB stacks, 0 MB globals, 20 P
gc 246 @64.551s 0%: 0.017+0.95+0.003 ms clock, 0.35+0/1.0/0+0.070 ms cpu, 186->186->98 MB, 189 MB goal, 0 MB stacks, 0 MB globals, 20 P
gc 247 @64.567s 0%: 0.018+0.42+0.008 ms clock, 0.36+0/0.64/0+0.17 ms cpu, 197->197->113 MB, 197 MB goal, 0 MB stacks, 0 MB globals, 20 P
gc 248 @64.588s 0%: 0.021+8.3+0.003 ms clock, 0.43+0/8.5/0+0.072 ms cpu, 235->235->114 MB, 235 MB goal, 0 MB stacks, 0 MB globals, 20 P
gc 249 @64.625s 0%: 0.027+1.1+0.005 ms clock, 0.55+0/0.74/0.019+0.11 ms cpu, 218->220->104 MB, 228 MB goal, 0 MB stacks, 0 MB globals, 20 P
gc 250 @64.642s 0%: 0.083+1.7+0.005 ms clock, 1.6+0/2.3/0+0.11 ms cpu, 199->199->106 MB, 208 MB goal, 0 MB stacks, 0 MB globals, 20 P
gc 251 @64.668s 0%: 0.016+4.4+0.14 ms clock, 0.33+0/4.6/0.008+2.8 ms cpu, 211->211->112 MB, 213 MB goal, 0 MB stacks, 0 MB globals, 20 P
gc 252 @64.706s 0%: 0.027+0.64+0.010 ms clock, 0.55+0/1.4/0.084+0.20 ms cpu, 218->218->104 MB, 226 MB goal, 0 MB stacks, 0 MB globals, 20 P
gc 253 @64.724s 0%: 0.017+3.6+0.004 ms clock, 0.34+0/4.0/0+0.098 ms cpu, 208->208->110 MB, 209 MB goal, 0 MB stacks, 0 MB globals, 20 P
gc 254 @64.745s 0%: 0.017+0.42+0.006 ms clock, 0.34+0.041/0.93/0.021+0.12 ms cpu, 210->211->89 MB, 221 MB goal, 0 MB stacks, 0 MB globals, 20 P
gc 255 @64.760s 0%: 0.022+0.69+0.007 ms clock, 0.45+0.059/1.0/0+0.15 ms cpu, 169->172->92 MB, 179 MB goal, 0 MB stacks, 0 MB globals, 20 P
gc 256 @64.782s 0%: 0.030+0.76+0.008 ms clock, 0.61+0/1.4/0.032+0.16 ms cpu, 179->179->93 MB, 186 MB goal, 0 MB stacks, 0 MB globals, 20 P
gc 257 @64.800s 0%: 0.026+1.7+0.006 ms clock, 0.52+0/2.4/0.035+0.12 ms cpu, 181->181->96 MB, 187 MB goal, 0 MB stacks, 0 MB globals, 20 P
gc 258 @64.820s 0%: 0.024+4.3+0.004 ms clock, 0.49+0/4.8/0.002+0.086 ms cpu, 192->192->100 MB, 192 MB goal, 0 MB stacks, 0 MB globals, 20 P
gc 259 @64.851s 0%: 0.029+1.4+0.008 ms clock, 0.59+0.054/1.3/0.004+0.16 ms cpu, 198->201->94 MB, 201 MB goal, 0 MB stacks, 0 MB globals, 20 P
gc 260 @64.875s 0%: 0.030+1.1+0.007 ms clock, 0.60+0/1.9/0.034+0.15 ms cpu, 191->191->96 MB, 191 MB goal, 0 MB stacks, 0 MB globals, 20 P
gc 261 @64.894s 0%: 0.030+2.0+0.007 ms clock, 0.61+0/2.6/0+0.14 ms cpu, 192->192->100 MB, 192 MB goal, 0 MB stacks, 0 MB globals, 20 P
gc 262 @64.922s 0%: 0.028+1.1+0.005 ms clock, 0.57+0.12/0.91/0.001+0.11 ms cpu, 198->201->94 MB, 202 MB goal, 0 MB stacks, 0 MB globals, 20 P
gc 263 @64.944s 0%: 0.028+1.3+0.006 ms clock, 0.57+0/1.8/0+0.13 ms cpu, 191->191->96 MB, 191 MB goal, 0 MB stacks, 0 MB globals, 20 P
gc 264 @64.966s 0%: 0.022+1.1+0.008 ms clock, 0.44+0/1.4/0.002+0.17 ms cpu, 192->192->100 MB, 192 MB goal, 0 MB stacks, 0 MB globals, 20 P
gc 265 @64.986s 0%: 0.022+0.43+0.004 ms clock, 0.44+0/0.78/0+0.082 ms cpu, 198->198->90 MB, 202 MB goal, 0 MB stacks, 0 MB globals, 20 P
gc 266 @65.004s 0%: 0.025+1.5+0.010 ms clock, 0.51+0/2.2/0+0.20 ms cpu, 183->183->94 MB, 183 MB goal, 0 MB stacks, 0 MB globals, 20 P
gc 267 @65.020s 0%: 0.025+1.3+0.006 ms clock, 0.51+0/1.8/0+0.12 ms cpu, 186->186->98 MB, 189 MB goal, 0 MB stacks, 0 MB globals, 20 P
gc 268 @65.037s 0%: 0.022+0.50+0.008 ms clock, 0.44+0/0.69/0+0.16 ms cpu, 195->195->111 MB, 196 MB goal, 0 MB stacks, 0 MB globals, 20 P
gc 269 @65.056s 0%: 0.020+2.9+0.003 ms clock, 0.41+0/3.1/0+0.066 ms cpu, 225->225->96 MB, 225 MB goal, 0 MB stacks, 0 MB globals, 20 P
gc 270 @65.073s 0%: 0.016+1.0+0.003 ms clock, 0.33+0/1.3/0+0.072 ms cpu, 192->192->100 MB, 192 MB goal, 0 MB stacks, 0 MB globals, 20 P
gc 271 @65.098s 0%: 0.020+0.46+0.11 ms clock, 0.41+0/0.74/0+2.2 ms cpu, 198->198->90 MB, 202 MB goal, 0 MB stacks, 0 MB globals, 20 P
gc 272 @65.119s 0%: 0.026+1.0+0.007 ms clock, 0.53+0/1.6/0.003+0.14 ms cpu, 183->183->94 MB, 183 MB goal, 0 MB stacks, 0 MB globals, 20 P
gc 273 @65.140s 0%: 0.028+1.3+0.007 ms clock, 0.56+0/2.0/0.088+0.14 ms cpu, 186->186->98 MB, 189 MB goal, 0 MB stacks, 0 MB globals, 20 P
gc 274 @65.160s 0%: 0.033+0.57+0.015 ms clock, 0.66+0/1.2/0.002+0.31 ms cpu, 195->195->111 MB, 196 MB goal, 0 MB stacks, 0 MB globals, 20 P
gc 275 @65.192s 0%: 0.023+3.5+0.002 ms clock, 0.46+0/3.6/0+0.054 ms cpu, 225->225->96 MB, 225 MB goal, 0 MB stacks, 0 MB globals, 20 P
gc 276 @65.211s 0%: 0.021+3.1+0.004 ms clock, 0.43+0/3.2/0+0.085 ms cpu, 192->192->100 MB, 192 MB goal, 0 MB stacks, 0 MB globals, 20 P
gc 277 @65.236s 0%: 0.022+1.5+0.006 ms clock, 0.44+0.083/0.68/0.001+0.13 ms cpu, 198->202->94 MB, 202 MB goal, 0 MB stacks, 0 MB globals, 20 P
gc 278 @65.252s 0%: 0.022+0.79+0.005 ms clock, 0.44+0/1.2/0.055+0.10 ms cpu, 191->191->96 MB, 191 MB goal, 0 MB stacks, 0 MB globals, 20 P
gc 279 @65.269s 0%: 0.029+1.0+0.003 ms clock, 0.58+0/1.5/0+0.068 ms cpu, 192->192->100 MB, 192 MB goal, 0 MB stacks, 0 MB globals, 20 P
gc 280 @65.294s 0%: 0.021+0.78+0.005 ms clock, 0.43+0/0.87/0+0.10 ms cpu, 198->201->94 MB, 202 MB goal, 0 MB stacks, 0 MB globals, 20 P
gc 281 @65.317s 0%: 0.027+3.4+0.008 ms clock, 0.55+0/4.2/0.009+0.17 ms cpu, 191->191->96 MB, 192 MB goal, 0 MB stacks, 0 MB globals, 20 P
gc 282 @65.340s 0%: 0.030+1.9+0.006 ms clock, 0.61+0/2.6/0+0.13 ms cpu, 192->192->100 MB, 193 MB goal, 0 MB stacks, 0 MB globals, 20 P
gc 283 @65.371s 0%: 0.028+1.8+0.007 ms clock, 0.56+0/2.5/0.039+0.15 ms cpu, 198->198->90 MB, 201 MB goal, 0 MB stacks, 0 MB globals, 20 P
gc 284 @65.394s 0%: 0.026+4.7+0.005 ms clock, 0.52+0/5.4/0+0.11 ms cpu, 183->183->94 MB, 183 MB goal, 0 MB stacks, 0 MB globals, 20 P
gc 285 @65.416s 0%: 0.022+1.3+0.006 ms clock, 0.45+0/1.5/0.014+0.13 ms cpu, 186->186->98 MB, 189 MB goal, 0 MB stacks, 0 MB globals, 20 P
gc 286 @65.434s 0%: 0.020+0.54+0.009 ms clock, 0.41+0/0.75/0+0.18 ms cpu, 195->195->111 MB, 197 MB goal, 0 MB stacks, 0 MB globals, 20 P
gc 287 @65.458s 0%: 0.018+2.3+0.004 ms clock, 0.37+0/2.4/0+0.099 ms cpu, 225->225->96 MB, 225 MB goal, 0 MB stacks, 0 MB globals, 20 P
gc 288 @65.476s 0%: 0.019+1.3+0.006 ms clock, 0.39+0/1.8/0+0.12 ms cpu, 192->192->100 MB, 192 MB goal, 0 MB stacks, 0 MB globals, 20 P
gc 289 @65.493s 0%: 0.017+0.71+0.003 ms clock, 0.34+0.15/0.76/0.038+0.075 ms cpu, 198->201->94 MB, 202 MB goal, 0 MB stacks, 0 MB globals, 20 P
gc 290 @65.504s 0%: 0.016+0.94+0.003 ms clock, 0.32+0/1.1/0.072+0.074 ms cpu, 191->191->96 MB, 191 MB goal, 0 MB stacks, 0 MB globals, 20 P
gc 291 @65.528s 0%: 0.022+1.2+0.009 ms clock, 0.44+0/1.7/0.016+0.19 ms cpu, 194->194->101 MB, 194 MB goal, 0 MB stacks, 0 MB globals, 20 P
gc 292 @65.551s 0%: 0.017+0.63+0.005 ms clock, 0.34+0/0.89/0+0.10 ms cpu, 203->203->92 MB, 204 MB goal, 0 MB stacks, 0 MB globals, 20 P
gc 293 @65.569s 0%: 0.025+0.77+0.004 ms clock, 0.51+0/1.4/0.17+0.089 ms cpu, 182->182->95 MB, 185 MB goal, 0 MB stacks, 0 MB globals, 20 P
gc 294 @65.582s 0%: 0.020+3.3+0.025 ms clock, 0.41+0/3.9/0.022+0.50 ms cpu, 200->211->112 MB, 200 MB goal, 0 MB stacks, 0 MB globals, 20 P
gc 295 @65.610s 0%: 0.017+0.74+0.003 ms clock, 0.35+0/0.91/0.001+0.067 ms cpu, 218->218->95 MB, 225 MB goal, 0 MB stacks, 0 MB globals, 20 P
gc 296 @65.626s 0%: 0.027+1.4+0.007 ms clock, 0.55+0/2.1/0+0.15 ms cpu, 187->187->99 MB, 191 MB goal, 0 MB stacks, 0 MB globals, 20 P
gc 297 @65.644s 0%: 0.021+0.50+0.008 ms clock, 0.43+0/0.68/0+0.16 ms cpu, 196->196->111 MB, 199 MB goal, 0 MB stacks, 0 MB globals, 20 P
gc 298 @65.677s 0%: 0.018+2.4+0.003 ms clock, 0.36+0/2.5/0+0.063 ms cpu, 217->217->94 MB, 223 MB goal, 0 MB stacks, 0 MB globals, 20 P
gc 299 @65.702s 0%: 0.024+0.93+0.010 ms clock, 0.48+0/1.4/0.022+0.20 ms cpu, 186->186->98 MB, 189 MB goal, 0 MB stacks, 0 MB globals, 20 P
gc 300 @65.724s 0%: 0.020+0.53+0.011 ms clock, 0.41+0/0.87/0+0.22 ms cpu, 195->195->111 MB, 196 MB goal, 0 MB stacks, 0 MB globals, 20 P
gc 301 @65.743s 0%: 0.016+0.71+0.005 ms clock, 0.33+0/1.0/0+0.11 ms cpu, 217->217->94 MB, 223 MB goal, 0 MB stacks, 0 MB globals, 20 P
gc 302 @65.756s 0%: 0.017+1.9+0.003 ms clock, 0.35+0/2.2/0.003+0.070 ms cpu, 186->186->98 MB, 189 MB goal, 0 MB stacks, 0 MB globals, 20 P
gc 303 @65.778s 0%: 0.030+0.66+0.015 ms clock, 0.61+0/1.3/0+0.31 ms cpu, 195->195->111 MB, 197 MB goal, 0 MB stacks, 0 MB globals, 20 P
gc 304 @65.803s 0%: 0.024+3.0+0.013 ms clock, 0.49+0/3.5/0.012+0.26 ms cpu, 217->217->94 MB, 223 MB goal, 0 MB stacks, 0 MB globals, 20 P
gc 305 @65.826s 0%: 0.031+1.1+0.10 ms clock, 0.62+0/1.8/0.052+2.1 ms cpu, 186->186->98 MB, 189 MB goal, 0 MB stacks, 0 MB globals, 20 P
gc 306 @65.846s 0%: 0.026+0.64+0.11 ms clock, 0.52+0/1.0/0+2.2 ms cpu, 195->195->111 MB, 197 MB goal, 0 MB stacks, 0 MB globals, 20 P
gc 307 @65.868s 0%: 0.028+2.6+0.005 ms clock, 0.57+0/3.2/0.065+0.10 ms cpu, 217->217->94 MB, 223 MB goal, 0 MB stacks, 0 MB globals, 20 P
gc 308 @65.882s 0%: 0.027+6.0+0.004 ms clock, 0.54+0/6.8/0.001+0.084 ms cpu, 185->185->112 MB, 189 MB goal, 0 MB stacks, 0 MB globals, 20 P
gc 309 @65.912s 0%: 0.023+1.0+0.007 ms clock, 0.46+0.11/0.85/0+0.14 ms cpu, 216->218->102 MB, 226 MB goal, 0 MB stacks, 0 MB globals, 20 P
gc 310 @65.931s 0%: 0.028+0.89+0.005 ms clock, 0.56+0/1.7/0.064+0.11 ms cpu, 198->198->105 MB, 206 MB goal, 0 MB stacks, 0 MB globals, 20 P
gc 311 @65.948s 0%: 0.019+3.8+0.003 ms clock, 0.39+0/3.9/0+0.066 ms cpu, 210->210->111 MB, 211 MB goal, 0 MB stacks, 0 MB globals, 20 P
gc 312 @65.968s 0%: 0.022+0.67+0.004 ms clock, 0.45+0/1.2/0+0.096 ms cpu, 217->217->103 MB, 223 MB goal, 0 MB stacks, 0 MB globals, 20 P
gc 313 @65.985s 0%: 0.026+1.1+0.006 ms clock, 0.52+0/1.8/0+0.13 ms cpu, 196->196->107 MB, 207 MB goal, 0 MB stacks, 0 MB globals, 20 P
gc 314 @66.012s 0%: 0.024+0.46+0.011 ms clock, 0.49+0/0.86/0+0.22 ms cpu, 214->214->122 MB, 214 MB goal, 0 MB stacks, 0 MB globals, 20 P
gc 315 @66.036s 0%: 0.026+5.1+0.007 ms clock, 0.53+0/5.8/0+0.14 ms cpu, 236->236->96 MB, 245 MB goal, 0 MB stacks, 0 MB globals, 20 P
gc 316 @66.054s 0%: 0.021+2.5+0.004 ms clock, 0.42+0/2.7/0+0.081 ms cpu, 192->192->100 MB, 193 MB goal, 0 MB stacks, 0 MB globals, 20 P
gc 317 @66.085s 0%: 0.020+1.2+0.004 ms clock, 0.40+0/1.3/0+0.091 ms cpu, 192->193->91 MB, 202 MB goal, 0 MB stacks, 0 MB globals, 20 P
gc 318 @66.101s 0%: 0.095+1.6+0.39 ms clock, 1.9+0/2.1/0+7.8 ms cpu, 173->177->95 MB, 182 MB goal, 0 MB stacks, 0 MB globals, 20 P
gc 319 @66.121s 0%: 0.031+3.4+0.006 ms clock, 0.63+0/4.3/0.024+0.13 ms cpu, 180->180->94 MB, 191 MB goal, 0 MB stacks, 0 MB globals, 20 P
gc 320 @66.142s 0%: 0.026+3.3+0.006 ms clock, 0.53+0/4.0/0+0.12 ms cpu, 186->186->98 MB, 189 MB goal, 0 MB stacks, 0 MB globals, 20 P
gc 321 @66.173s 0%: 0.022+0.47+0.006 ms clock, 0.44+0/0.92/0+0.13 ms cpu, 195->195->111 MB, 196 MB goal, 0 MB stacks, 0 MB globals, 20 P
gc 322 @66.199s 0%: 0.026+1.5+0.005 ms clock, 0.52+0/1.9/0+0.10 ms cpu, 217->217->94 MB, 223 MB goal, 0 MB stacks, 0 MB globals, 20 P
gc 323 @66.214s 0%: 0.019+1.6+0.003 ms clock, 0.39+0/1.9/0+0.070 ms cpu, 186->186->98 MB, 189 MB goal, 0 MB stacks, 0 MB globals, 20 P
gc 324 @66.230s 0%: 0.019+0.44+0.009 ms clock, 0.39+0/0.72/0+0.18 ms cpu, 195->195->111 MB, 196 MB goal, 0 MB stacks, 0 MB globals, 20 P
gc 325 @66.250s 0%: 0.020+2.4+0.003 ms clock, 0.41+0/2.7/0.001+0.077 ms cpu, 217->217->94 MB, 223 MB goal, 0 MB stacks, 0 MB globals, 20 P
gc 326 @66.266s 0%: 0.022+1.0+0.004 ms clock, 0.44+0/1.5/0.065+0.098 ms cpu, 186->186->98 MB, 189 MB goal, 0 MB stacks, 0 MB globals, 20 P
gc 327 @66.285s 0%: 0.021+0.53+0.008 ms clock, 0.42+0/0.64/0+0.17 ms cpu, 195->195->111 MB, 196 MB goal, 0 MB stacks, 0 MB globals, 20 P
gc 328 @66.307s 0%: 0.019+3.2+0.012 ms clock, 0.38+0/3.6/0.093+0.25 ms cpu, 217->217->94 MB, 223 MB goal, 0 MB stacks, 0 MB globals, 20 P
gc 329 @66.331s 0%: 0.025+1.2+0.007 ms clock, 0.50+0/1.6/0+0.15 ms cpu, 186->186->98 MB, 189 MB goal, 0 MB stacks, 0 MB globals, 20 P
gc 330 @66.346s 0%: 0.029+0.76+0.018 ms clock, 0.58+0/1.2/0.001+0.36 ms cpu, 195->195->111 MB, 196 MB goal, 0 MB stacks, 0 MB globals, 20 P
gc 331 @66.374s 0%: 0.017+2.3+0.006 ms clock, 0.35+0/2.7/0.009+0.13 ms cpu, 217->217->94 MB, 223 MB goal, 0 MB stacks, 0 MB globals, 20 P
gc 332 @66.392s 0%: 0.029+4.2+0.006 ms clock, 0.58+0/4.8/0.008+0.13 ms cpu, 186->186->98 MB, 189 MB goal, 0 MB stacks, 0 MB globals, 20 P
gc 333 @66.416s 0%: 0.020+0.61+0.10 ms clock, 0.40+0/0.89/0+2.0 ms cpu, 195->195->111 MB, 197 MB goal, 0 MB stacks, 0 MB globals, 20 P
gc 334 @66.433s 0%: 0.019+10+0.005 ms clock, 0.39+0/10/0+0.11 ms cpu, 234->234->112 MB, 234 MB goal, 0 MB stacks, 0 MB globals, 20 P
gc 335 @66.464s 0%: 0.019+1.1+0.009 ms clock, 0.38+0.072/0.68/0+0.19 ms cpu, 216->218->102 MB, 226 MB goal, 0 MB stacks, 0 MB globals, 20 P
gc 336 @66.480s 0%: 0.021+3.5+0.015 ms clock, 0.43+0/3.8/0+0.30 ms cpu, 206->206->107 MB, 206 MB goal, 0 MB stacks, 0 MB globals, 20 P
gc 337 @66.502s 0%: 0.021+0.45+0.008 ms clock, 0.42+0/0.88/0.001+0.16 ms cpu, 214->214->122 MB, 214 MB goal, 0 MB stacks, 0 MB globals, 20 P
gc 338 @66.520s 0%: 0.021+0.88+0.003 ms clock, 0.42+0/1.3/0.002+0.073 ms cpu, 246->246->109 MB, 246 MB goal, 0 MB stacks, 0 MB globals, 20 P
gc 339 @66.540s 0%: 0.027+2.2+0.007 ms clock, 0.54+0/1.6/0.10+0.15 ms cpu, 214->216->102 MB, 218 MB goal, 0 MB stacks, 0 MB globals, 20 P
gc 340 @66.558s 0%: 0.016+0.80+0.005 ms clock, 0.32+0/1.2/0+0.10 ms cpu, 206->206->96 MB, 206 MB goal, 0 MB stacks, 0 MB globals, 20 P
gc 341 @66.569s 0%: 0.015+1.9+0.079 ms clock, 0.31+0/2.1/0+1.5 ms cpu, 192->203->111 MB, 192 MB goal, 0 MB stacks, 0 MB globals, 20 P
gc 342 @66.596s 0%: 0.024+0.92+0.006 ms clock, 0.48+0/1.0/0+0.12 ms cpu, 217->217->94 MB, 223 MB goal, 0 MB stacks, 0 MB globals, 20 P
gc 343 @66.614s 0%: 0.019+3.0+0.007 ms clock, 0.39+0/3.5/0+0.14 ms cpu, 186->186->98 MB, 189 MB goal, 0 MB stacks, 0 MB globals, 20 P
gc 344 @66.646s 0%: 0.020+0.49+0.011 ms clock, 0.41+0/0.70/0+0.23 ms cpu, 195->195->111 MB, 196 MB goal, 0 MB stacks, 0 MB globals, 20 P
gc 345 @66.665s 0%: 0.026+4.2+0.005 ms clock, 0.53+0/4.8/0.066+0.11 ms cpu, 217->217->94 MB, 223 MB goal, 0 MB stacks, 0 MB globals, 20 P
gc 346 @66.687s 0%: 0.030+4.9+0.006 ms clock, 0.61+0/5.4/0.012+0.13 ms cpu, 186->186->98 MB, 189 MB goal, 0 MB stacks, 0 MB globals, 20 P
gc 347 @66.716s 0%: 0.027+0.73+0.017 ms clock, 0.54+0/0.99/0+0.35 ms cpu, 195->195->111 MB, 196 MB goal, 0 MB stacks, 0 MB globals, 20 P
gc 348 @66.747s 0%: 0.029+0.98+0.007 ms clock, 0.58+0/1.9/0.003+0.14 ms cpu, 217->217->94 MB, 223 MB goal, 0 MB stacks, 0 MB globals, 20 P
gc 349 @66.766s 0%: 0.019+10+0.005 ms clock, 0.39+0/10/0+0.11 ms cpu, 185->185->112 MB, 189 MB goal, 0 MB stacks, 0 MB globals, 20 P
gc 350 @66.800s 0%: 0.018+0.53+0.004 ms clock, 0.37+0.095/0.63/0+0.081 ms cpu, 216->218->102 MB, 226 MB goal, 0 MB stacks, 0 MB globals, 20 P
gc 351 @66.817s 0%: 0.032+3.9+0.004 ms clock, 0.64+0/4.3/0+0.094 ms cpu, 198->198->105 MB, 206 MB goal, 0 MB stacks, 0 MB globals, 20 P
gc 352 @66.840s 0%: 0.031+5.9+0.003 ms clock, 0.62+0/6.8/0.059+0.077 ms cpu, 209->209->111 MB, 211 MB goal, 0 MB stacks, 0 MB globals, 20 P
gc 353 @66.875s 0%: 0.026+0.65+0.008 ms clock, 0.53+0/1.3/0.001+0.17 ms cpu, 216->216->103 MB, 223 MB goal, 0 MB stacks, 0 MB globals, 20 P
gc 354 @66.897s 0%: 0.026+1.0+0.005 ms clock, 0.52+0/1.9/0.035+0.11 ms cpu, 196->196->107 MB, 206 MB goal, 0 MB stacks, 0 MB globals, 20 P
gc 355 @66.918s 0%: 0.021+0.49+0.010 ms clock, 0.42+0/0.76/0+0.21 ms cpu, 214->214->122 MB, 214 MB goal, 0 MB stacks, 0 MB globals, 20 P
gc 356 @66.946s 0%: 0.025+5.3+0.005 ms clock, 0.51+0/6.0/0+0.11 ms cpu, 236->236->96 MB, 245 MB goal, 0 MB stacks, 0 MB globals, 20 P
gc 357 @66.975s 0%: 0.020+0.44+0.005 ms clock, 0.40+0/0.70/0+0.11 ms cpu, 200->200->134 MB, 200 MB goal, 0 MB stacks, 0 MB globals, 20 P
gc 358 @67.004s 0%: 0.022+4.9+0.003 ms clock, 0.45+0/5.1/0+0.074 ms cpu, 270->270->111 MB, 270 MB goal, 0 MB stacks, 0 MB globals, 20 P
gc 359 @67.028s 0%: 0.024+0.60+0.007 ms clock, 0.49+0/1.3/0.060+0.15 ms cpu, 216->216->103 MB, 223 MB goal, 0 MB stacks, 0 MB globals, 20 P
gc 360 @67.044s 0%: 0.021+4.8+0.005 ms clock, 0.42+0/4.9/0+0.10 ms cpu, 196->196->107 MB, 206 MB goal, 0 MB stacks, 0 MB globals, 20 P
gc 361 @67.061s 0%: 0.016+4.5+0.002 ms clock, 0.33+0/4.6/0+0.058 ms cpu, 203->203->111 MB, 214 MB goal, 0 MB stacks, 0 MB globals, 20 P
gc 362 @67.086s 0%: 0.030+2.2+0.006 ms clock, 0.60+0/2.6/0+0.12 ms cpu, 216->216->103 MB, 223 MB goal, 0 MB stacks, 0 MB globals, 20 P
gc 363 @67.105s 0%: 0.025+1.1+0.010 ms clock, 0.51+0/1.8/0.015+0.21 ms cpu, 196->196->96 MB, 206 MB goal, 0 MB stacks, 0 MB globals, 20 P
gc 364 @67.126s 0%: 0.018+4.5+0.003 ms clock, 0.36+0/4.9/0+0.075 ms cpu, 192->192->100 MB, 192 MB goal, 0 MB stacks, 0 MB globals, 20 P
gc 365 @67.147s 0%: 0.018+0.86+0.004 ms clock, 0.36+0.073/0.89/0+0.080 ms cpu, 192->195->92 MB, 201 MB goal, 0 MB stacks, 0 MB globals, 20 P
gc 366 @67.160s 0%: 0.016+1.7+0.003 ms clock, 0.32+0/1.8/0+0.064 ms cpu, 175->175->92 MB, 184 MB goal, 0 MB stacks, 0 MB globals, 20 P
gc 367 @67.174s 0%: 0.018+0.81+0.003 ms clock, 0.36+0/0.92/0.004+0.075 ms cpu, 177->177->94 MB, 185 MB goal, 0 MB stacks, 0 MB globals, 20 P
gc 368 @67.196s 0%: 0.019+2.4+0.004 ms clock, 0.39+0/2.9/0+0.080 ms cpu, 186->186->98 MB, 189 MB goal, 0 MB stacks, 0 MB globals, 20 P
gc 369 @67.220s 0%: 0.020+0.48+0.008 ms clock, 0.41+0/0.63/0+0.17 ms cpu, 195->195->111 MB, 196 MB goal, 0 MB stacks, 0 MB globals, 20 P
gc 370 @67.235s 0%: 0.017+2.5+0.003 ms clock, 0.34+0/2.6/0+0.075 ms cpu, 217->217->94 MB, 223 MB goal, 0 MB stacks, 0 MB globals, 20 P
gc 371 @67.249s 0%: 0.021+4.0+0.005 ms clock, 0.43+0/4.6/0.045+0.11 ms cpu, 186->186->98 MB, 189 MB goal, 0 MB stacks, 0 MB globals, 20 P
gc 372 @67.269s 0%: 0.020+0.54+0.012 ms clock, 0.40+0/0.86/0+0.25 ms cpu, 195->195->111 MB, 196 MB goal, 0 MB stacks, 0 MB globals, 20 P
gc 373 @67.289s 0%: 0.052+0.76+0.005 ms clock, 1.0+0/1.0/0.002+0.10 ms cpu, 217->217->94 MB, 223 MB goal, 0 MB stacks, 0 MB globals, 20 P
gc 374 @67.301s 0%: 0.017+1.1+0.002 ms clock, 0.34+0/1.4/0.006+0.057 ms cpu, 186->186->98 MB, 189 MB goal, 0 MB stacks, 0 MB globals, 20 P
gc 375 @67.315s 0%: 0.022+0.47+0.007 ms clock, 0.44+0/0.60/0+0.15 ms cpu, 195->195->111 MB, 197 MB goal, 0 MB stacks, 0 MB globals, 20 P
gc 376 @67.331s 0%: 0.019+2.0+0.006 ms clock, 0.38+0/2.0/0+0.13 ms cpu, 217->217->94 MB, 223 MB goal, 0 MB stacks, 0 MB globals, 20 P
gc 377 @67.349s 0%: 0.018+1.4+0.003 ms clock, 0.36+0/1.6/0+0.077 ms cpu, 186->186->98 MB, 189 MB goal, 0 MB stacks, 0 MB globals, 20 P
gc 378 @67.369s 0%: 0.019+0.55+0.013 ms clock, 0.39+0/0.74/0+0.27 ms cpu, 195->195->111 MB, 197 MB goal, 0 MB stacks, 0 MB globals, 20 P
gc 379 @67.402s 0%: 0.027+3.6+0.005 ms clock, 0.55+0/4.2/0+0.10 ms cpu, 225->225->96 MB, 225 MB goal, 0 MB stacks, 0 MB globals, 20 P
gc 380 @67.424s 0%: 0.029+3.7+0.009 ms clock, 0.59+0/4.4/0.16+0.18 ms cpu, 192->192->100 MB, 192 MB goal, 0 MB stacks, 0 MB globals, 20 P
gc 381 @67.452s 0%: 0.025+0.88+0.006 ms clock, 0.50+0.12/1.1/0+0.12 ms cpu, 198->201->94 MB, 202 MB goal, 0 MB stacks, 0 MB globals, 20 P
gc 382 @67.475s 0%: 0.026+0.84+0.005 ms clock, 0.53+0/1.6/0.001+0.10 ms cpu, 184->184->95 MB, 188 MB goal, 0 MB stacks, 0 MB globals, 20 P
gc 383 @67.502s 0%: 0.031+9.2+0.005 ms clock, 0.62+0/9.6/0+0.10 ms cpu, 200->200->101 MB, 200 MB goal, 0 MB stacks, 0 MB globals, 20 P
gc 384 @67.534s 0%: 0.017+0.51+0.006 ms clock, 0.34+0/0.69/0+0.12 ms cpu, 202->202->92 MB, 204 MB goal, 0 MB stacks, 0 MB globals, 20 P
gc 385 @67.558s 0%: 0.025+4.6+0.005 ms clock, 0.51+0/5.4/0+0.11 ms cpu, 182->182->95 MB, 185 MB goal, 0 MB stacks, 0 MB globals, 20 P
gc 386 @67.602s 0%: 0.018+0.54+0.010 ms clock, 0.37+0/0.82/0+0.21 ms cpu, 208->208->135 MB, 208 MB goal, 0 MB stacks, 0 MB globals, 20 P
gc 387 @67.628s 0%: 0.027+7.6+0.005 ms clock, 0.55+0/8.2/0+0.10 ms cpu, 272->272->112 MB, 272 MB goal, 0 MB stacks, 0 MB globals, 20 P
gc 388 @67.657s 0%: 0.018+0.43+0.006 ms clock, 0.37+0/0.84/0+0.12 ms cpu, 223->223->104 MB, 226 MB goal, 0 MB stacks, 0 MB globals, 20 P
gc 389 @67.671s 0%: 0.066+5.8+0.003 ms clock, 1.3+0/6.0/0+0.078 ms cpu, 215->215->111 MB, 215 MB goal, 0 MB stacks, 0 MB globals, 20 P
gc 390 @67.697s 0%: 0.021+0.60+0.059 ms clock, 0.43+0/0.94/0+1.1 ms cpu, 222->222->104 MB, 223 MB goal, 0 MB stacks, 0 MB globals, 20 P
gc 391 @67.715s 0%: 0.017+2.5+0.003 ms clock, 0.34+0/2.9/0+0.069 ms cpu, 215->215->100 MB, 215 MB goal, 0 MB stacks, 0 MB globals, 20 P
gc 392 @67.741s 0%: 0.017+1.2+0.003 ms clock, 0.34+0/1.4/0+0.067 ms cpu, 198->201->94 MB, 202 MB goal, 0 MB stacks, 0 MB globals, 20 P
gc 393 @67.759s 0%: 0.026+1.2+0.006 ms clock, 0.52+0/2.0/0+0.13 ms cpu, 191->191->96 MB, 191 MB goal, 0 MB stacks, 0 MB globals, 20 P
gc 394 @67.777s 0%: 0.020+4.6+0.004 ms clock, 0.41+0/4.7/0+0.081 ms cpu, 192->192->100 MB, 192 MB goal, 0 MB stacks, 0 MB globals, 20 P
gc 395 @67.809s 0%: 0.024+0.40+0.004 ms clock, 0.49+0/0.75/0+0.098 ms cpu, 198->198->90 MB, 202 MB goal, 0 MB stacks, 0 MB globals, 20 P
gc 396 @67.825s 0%: 0.019+3.0+0.004 ms clock, 0.39+0/3.5/0.031+0.099 ms cpu, 183->183->94 MB, 183 MB goal, 0 MB stacks, 0 MB globals, 20 P
gc 397 @67.848s 0%: 0.029+3.0+0.006 ms clock, 0.58+0/3.4/0+0.12 ms cpu, 186->186->98 MB, 189 MB goal, 0 MB stacks, 0 MB globals, 20 P
gc 398 @67.873s 0%: 0.020+0.58+0.019 ms clock, 0.41+0/0.90/0+0.38 ms cpu, 195->195->111 MB, 196 MB goal, 0 MB stacks, 0 MB globals, 20 P
gc 399 @67.906s 0%: 0.032+4.1+0.008 ms clock, 0.64+0/4.9/0.037+0.16 ms cpu, 225->225->96 MB, 225 MB goal, 0 MB stacks, 0 MB globals, 20 P
gc 400 @67.932s 0%: 0.020+3.3+0.003 ms clock, 0.41+0/3.5/0+0.069 ms cpu, 192->192->100 MB, 192 MB goal, 0 MB stacks, 0 MB globals, 20 P
gc 401 @67.950s 0%: 0.017+0.71+0.003 ms clock, 0.34+0.082/0.76/0.001+0.069 ms cpu, 198->201->94 MB, 202 MB goal, 0 MB stacks, 0 MB globals, 20 P
gc 402 @67.962s 0%: 0.015+1.2+0.003 ms clock, 0.31+0/1.5/0+0.072 ms cpu, 191->191->96 MB, 191 MB goal, 0 MB stacks, 0 MB globals, 20 P
gc 403 @67.973s 0%: 0.019+4.0+0.003 ms clock, 0.39+0/4.2/0+0.061 ms cpu, 192->192->100 MB, 192 MB goal, 0 MB stacks, 0 MB globals, 20 P
gc 404 @67.995s 0%: 0.022+1.1+0.004 ms clock, 0.45+0.056/0.94/0+0.090 ms cpu, 198->201->94 MB, 202 MB goal, 0 MB stacks, 0 MB globals, 20 P
gc 405 @68.009s 0%: 0.018+3.3+0.005 ms clock, 0.37+0/3.9/0.011+0.11 ms cpu, 191->191->96 MB, 191 MB goal, 0 MB stacks, 0 MB globals, 20 P
gc 406 @68.035s 0%: 0.030+3.0+0.006 ms clock, 0.60+0/3.7/0.026+0.12 ms cpu, 192->192->100 MB, 192 MB goal, 0 MB stacks, 0 MB globals, 20 P
gc 407 @68.069s 0%: 0.027+0.63+0.006 ms clock, 0.55+0/1.3/0+0.12 ms cpu, 198->198->90 MB, 202 MB goal, 0 MB stacks, 0 MB globals, 20 P
gc 408 @68.083s 0%: 0.017+7.8+0.003 ms clock, 0.35+0/8.0/0.007+0.071 ms cpu, 200->200->112 MB, 200 MB goal, 0 MB stacks, 0 MB globals, 20 P
gc 409 @68.119s 0%: 0.020+0.53+0.006 ms clock, 0.40+0/0.87/0.003+0.13 ms cpu, 224->224->102 MB, 226 MB goal, 0 MB stacks, 0 MB globals, 20 P
gc 410 @68.140s 0%: 0.026+6.0+0.003 ms clock, 0.53+0/6.7/0.034+0.074 ms cpu, 210->210->109 MB, 210 MB goal, 0 MB stacks, 0 MB globals, 20 P
gc 411 @68.171s 0%: 0.017+0.63+0.22 ms clock, 0.34+0.20/0.59/0+4.4 ms cpu, 214->219->105 MB, 218 MB goal, 0 MB stacks, 0 MB globals, 20 P
gc 412 @68.187s 0%: 0.022+1.1+0.007 ms clock, 0.44+0/1.4/0+0.14 ms cpu, 206->206->107 MB, 211 MB goal, 0 MB stacks, 0 MB globals, 20 P
gc 413 @68.203s 0%: 0.027+0.63+0.011 ms clock, 0.55+0/1.1/0.021+0.22 ms cpu, 214->214->122 MB, 214 MB goal, 0 MB stacks, 0 MB globals, 20 P
gc 414 @68.233s 0%: 0.021+3.5+0.003 ms clock, 0.42+0/3.9/0.023+0.067 ms cpu, 246->246->98 MB, 246 MB goal, 0 MB stacks, 0 MB globals, 20 P
gc 415 @68.247s 0%: 0.017+0.46+0.011 ms clock, 0.35+0/0.65/0+0.22 ms cpu, 195->195->111 MB, 197 MB goal, 0 MB stacks, 0 MB globals, 20 P
gc 416 @68.271s 0%: 0.019+0.85+0.003 ms clock, 0.38+0/0.94/0+0.065 ms cpu, 225->225->96 MB, 225 MB goal, 0 MB stacks, 0 MB globals, 20 P
gc 417 @68.289s 0%: 0.024+1.6+0.065 ms clock, 0.49+0/2.0/0.002+1.3 ms cpu, 192->203->111 MB, 193 MB goal, 0 MB stacks, 0 MB globals, 20 P
gc 418 @68.316s 0%: 0.023+0.67+0.005 ms clock, 0.46+0/1.1/0+0.10 ms cpu, 217->217->94 MB, 223 MB goal, 0 MB stacks, 0 MB globals, 20 P
gc 419 @68.338s 0%: 0.031+3.6+0.005 ms clock, 0.63+0/4.1/0.003+0.10 ms cpu, 186->186->98 MB, 189 MB goal, 0 MB stacks, 0 MB globals, 20 P
gc 420 @68.366s 0%: 0.029+0.61+0.017 ms clock, 0.59+0/1.2/0.009+0.34 ms cpu, 195->195->111 MB, 196 MB goal, 0 MB stacks, 0 MB globals, 20 P
gc 421 @68.392s 0%: 0.026+1.0+0.006 ms clock, 0.52+0/1.5/0+0.12 ms cpu, 217->217->94 MB, 223 MB goal, 0 MB stacks, 0 MB globals, 20 P
gc 422 @68.408s 0%: 0.024+2.5+0.003 ms clock, 0.49+0/2.7/0+0.077 ms cpu, 186->186->98 MB, 189 MB goal, 0 MB stacks, 0 MB globals, 20 P
gc 423 @68.429s 0%: 0.022+0.52+0.015 ms clock, 0.44+0/0.85/0+0.30 ms cpu, 195->195->111 MB, 196 MB goal, 0 MB stacks, 0 MB globals, 20 P
gc 424 @68.452s 0%: 0.020+0.85+0.007 ms clock, 0.41+0/1.1/0+0.14 ms cpu, 217->217->94 MB, 223 MB goal, 0 MB stacks, 0 MB globals, 20 P
gc 425 @68.465s 0%: 0.019+0.83+0.003 ms clock, 0.38+0/1.2/0+0.070 ms cpu, 186->186->98 MB, 189 MB goal, 0 MB stacks, 0 MB globals, 20 P
gc 426 @68.484s 0%: 0.023+0.50+0.012 ms clock, 0.47+0/0.95/0.002+0.24 ms cpu, 195->195->111 MB, 196 MB goal, 0 MB stacks, 0 MB globals, 20 P
gc 427 @68.511s 0%: 0.029+4.7+0.008 ms clock, 0.58+0/5.2/0.001+0.16 ms cpu, 217->217->94 MB, 223 MB goal, 0 MB stacks, 0 MB globals, 20 P
gc 428 @68.533s 0%: 0.024+1.2+0.005 ms clock, 0.48+0/1.6/0+0.10 ms cpu, 186->186->98 MB, 189 MB goal, 0 MB stacks, 0 MB globals, 20 P
gc 429 @68.555s 0%: 0.026+0.86+0.015 ms clock, 0.52+0/1.2/0+0.31 ms cpu, 195->195->111 MB, 196 MB goal, 0 MB stacks, 0 MB globals, 20 P
gc 430 @68.592s 0%: 0.025+2.5+0.005 ms clock, 0.51+0/3.2/0+0.11 ms cpu, 217->217->94 MB, 223 MB goal, 0 MB stacks, 0 MB globals, 20 P
gc 431 @68.614s 0%: 0.028+2.3+0.006 ms clock, 0.57+0/2.9/0.001+0.13 ms cpu, 186->186->98 MB, 189 MB goal, 0 MB stacks, 0 MB globals, 20 P
gc 432 @68.639s 0%: 0.025+0.78+0.010 ms clock, 0.50+0/0.96/0.001+0.20 ms cpu, 195->195->111 MB, 196 MB goal, 0 MB stacks, 0 MB globals, 20 P
gc 433 @68.658s 0%: 0.018+1.0+0.003 ms clock, 0.36+0/1.5/0.023+0.071 ms cpu, 217->217->94 MB, 223 MB goal, 0 MB stacks, 0 MB globals, 20 P
gc 434 @68.670s 0%: 0.018+2.5+0.005 ms clock, 0.37+0/2.6/0+0.11 ms cpu, 186->186->98 MB, 189 MB goal, 0 MB stacks, 0 MB globals, 20 P
gc 435 @68.690s 0%: 0.020+0.48+0.017 ms clock, 0.40+0/0.75/0+0.34 ms cpu, 195->195->111 MB, 197 MB goal, 0 MB stacks, 0 MB globals, 20 P
gc 436 @68.711s 0%: 0.021+8.3+0.003 ms clock, 0.42+0/8.5/0+0.072 ms cpu, 234->234->112 MB, 234 MB goal, 0 MB stacks, 0 MB globals, 20 P
gc 437 @68.749s 0%: 0.027+1.1+0.006 ms clock, 0.54+0.11/1.1/0.006+0.13 ms cpu, 216->218->102 MB, 226 MB goal, 0 MB stacks, 0 MB globals, 20 P
gc 438 @68.773s 0%: 0.026+4.4+0.004 ms clock, 0.53+0/5.3/0.12+0.099 ms cpu, 198->198->105 MB, 206 MB goal, 0 MB stacks, 0 MB globals, 20 P
gc 439 @68.798s 0%: 0.024+4.7+0.006 ms clock, 0.49+0/4.9/0+0.12 ms cpu, 210->210->111 MB, 211 MB goal, 0 MB stacks, 0 MB globals, 20 P
gc 440 @68.822s 0%: 0.021+1.2+0.35 ms clock, 0.43+0/1.5/0.041+7.0 ms cpu, 216->221->108 MB, 223 MB goal, 0 MB stacks, 0 MB globals, 20 P
gc 441 @68.834s 0%: 0.018+0.77+0.003 ms clock, 0.37+0/1.1/0+0.061 ms cpu, 206->206->109 MB, 217 MB goal, 0 MB stacks, 0 MB globals, 20 P
gc 442 @68.854s 0%: 0.079+0.54+0.005 ms clock, 1.5+0.072/0.63/0+0.11 ms cpu, 207->210->91 MB, 218 MB goal, 0 MB stacks, 0 MB globals, 20 P
gc 443 @68.864s 0%: 0.017+0.75+0.11 ms clock, 0.34+0.021/0.61/0.002+2.2 ms cpu, 173->176->94 MB, 182 MB goal, 0 MB stacks, 0 MB globals, 20 P
gc 444 @68.875s 0%: 0.019+0.75+0.006 ms clock, 0.39+0/1.1/0.001+0.13 ms cpu, 183->183->94 MB, 188 MB goal, 0 MB stacks, 0 MB globals, 20 P
gc 445 @68.891s 0%: 0.024+1.2+0.006 ms clock, 0.49+0/1.7/0+0.12 ms cpu, 186->186->98 MB, 189 MB goal, 0 MB stacks, 0 MB globals, 20 P
gc 446 @68.914s 0%: 0.022+0.48+0.006 ms clock, 0.45+0/0.67/0+0.12 ms cpu, 195->195->111 MB, 196 MB goal, 0 MB stacks, 0 MB globals, 20 P
gc 447 @68.942s 0%: 0.022+3.2+0.003 ms clock, 0.44+0/3.4/0+0.079 ms cpu, 225->225->96 MB, 225 MB goal, 0 MB stacks, 0 MB globals, 20 P
gc 448 @68.957s 0%: 0.019+4.2+0.021 ms clock, 0.39+0/4.6/0.054+0.42 ms cpu, 192->192->100 MB, 192 MB goal, 0 MB stacks, 0 MB globals, 20 P
gc 449 @68.988s 0%: 0.023+0.74+0.086 ms clock, 0.47+0.10/0.88/0.028+1.7 ms cpu, 198->201->94 MB, 201 MB goal, 0 MB stacks, 0 MB globals, 20 P
gc 450 @69.000s 0%: 0.016+0.75+0.008 ms clock, 0.32+0/1.1/0.008+0.17 ms cpu, 183->183->94 MB, 188 MB goal, 0 MB stacks, 0 MB globals, 20 P
gc 451 @69.012s 0%: 0.019+2.9+0.007 ms clock, 0.39+0/3.2/0+0.14 ms cpu, 186->186->98 MB, 189 MB goal, 0 MB stacks, 0 MB globals, 20 P
gc 452 @69.030s 0%: 0.018+0.47+0.006 ms clock, 0.37+0/0.63/0.001+0.13 ms cpu, 195->195->111 MB, 196 MB goal, 0 MB stacks, 0 MB globals, 20 P
gc 453 @69.050s 0%: 0.019+2.8+0.003 ms clock, 0.39+0/3.1/0+0.070 ms cpu, 225->225->96 MB, 225 MB goal, 0 MB stacks, 0 MB globals, 20 P
gc 454 @69.065s 0%: 0.017+1.2+0.004 ms clock, 0.35+0/1.6/0+0.087 ms cpu, 192->192->100 MB, 192 MB goal, 0 MB stacks, 0 MB globals, 20 P
gc 455 @69.091s 0%: 0.026+1.8+0.006 ms clock, 0.53+0/2.1/0.013+0.13 ms cpu, 198->201->94 MB, 201 MB goal, 0 MB stacks, 0 MB globals, 20 P
gc 456 @69.109s 0%: 0.026+2.1+0.006 ms clock, 0.52+0/3.0/0.10+0.13 ms cpu, 191->191->96 MB, 191 MB goal, 0 MB stacks, 0 MB globals, 20 P
gc 457 @69.126s 0%: 0.021+1.1+0.004 ms clock, 0.42+0/1.4/0+0.089 ms cpu, 192->192->100 MB, 192 MB goal, 0 MB stacks, 0 MB globals, 20 P
gc 458 @69.145s 0%: 0.018+0.59+0.006 ms clock, 0.37+0/0.84/0.062+0.12 ms cpu, 198->201->94 MB, 201 MB goal, 0 MB stacks, 0 MB globals, 20 P
gc 459 @69.157s 0%: 0.016+0.85+0.003 ms clock, 0.33+0/1.1/0+0.076 ms cpu, 191->191->96 MB, 191 MB goal, 0 MB stacks, 0 MB globals, 20 P
gc 460 @69.173s 0%: 0.016+1.1+0.003 ms clock, 0.32+0/1.1/0+0.078 ms cpu, 192->192->100 MB, 192 MB goal, 0 MB stacks, 0 MB globals, 20 P
gc 461 @69.188s 0%: 0.017+0.61+0.003 ms clock, 0.34+0.032/0.59/0.002+0.065 ms cpu, 198->201->94 MB, 201 MB goal, 0 MB stacks, 0 MB globals, 20 P
gc 462 @69.200s 0%: 0.018+1.0+0.003 ms clock, 0.37+0/1.1/0+0.071 ms cpu, 191->191->96 MB, 191 MB goal, 0 MB stacks, 0 MB globals, 20 P
gc 463 @69.218s 0%: 0.021+1.1+0.003 ms clock, 0.43+0/1.4/0+0.079 ms cpu, 192->192->100 MB, 192 MB goal, 0 MB stacks, 0 MB globals, 20 P
gc 464 @69.242s 0%: 0.023+1.1+0.006 ms clock, 0.47+0.007/1.0/0+0.12 ms cpu, 198->201->94 MB, 202 MB goal, 0 MB stacks, 0 MB globals, 20 P
gc 465 @69.266s 0%: 0.034+2.0+0.006 ms clock, 0.69+0/2.1/0.010+0.13 ms cpu, 191->191->96 MB, 191 MB goal, 0 MB stacks, 0 MB globals, 20 P
gc 466 @69.288s 0%: 0.021+4.3+0.003 ms clock, 0.42+0/4.7/0+0.072 ms cpu, 192->192->100 MB, 192 MB goal, 0 MB stacks, 0 MB globals, 20 P
gc 467 @69.311s 0%: 0.036+0.85+0.007 ms clock, 0.73+0/1.5/0+0.15 ms cpu, 198->198->90 MB, 201 MB goal, 0 MB stacks, 0 MB globals, 20 P
gc 468 @69.327s 0%: 0.038+0.77+0.009 ms clock, 0.77+0/1.4/0+0.19 ms cpu, 183->183->94 MB, 184 MB goal, 0 MB stacks, 0 MB globals, 20 P
gc 469 @69.345s 0%: 0.017+3.6+0.003 ms clock, 0.34+0/3.9/0+0.073 ms cpu, 186->186->98 MB, 189 MB goal, 0 MB stacks, 0 MB globals, 20 P
gc 470 @69.363s 0%: 0.021+0.44+0.012 ms clock, 0.42+0/0.80/0+0.25 ms cpu, 195->195->111 MB, 196 MB goal, 0 MB stacks, 0 MB globals, 20 P
gc 471 @69.379s 0%: 0.017+0.78+0.005 ms clock, 0.34+0/1.2/0+0.10 ms cpu, 225->225->96 MB, 225 MB goal, 0 MB stacks, 0 MB globals, 20 P
gc 472 @69.391s 0%: 0.016+1.0+0.003 ms clock, 0.32+0/1.2/0+0.076 ms cpu, 192->192->100 MB, 193 MB goal, 0 MB stacks, 0 MB globals, 20 P
gc 473 @69.409s 0%: 0.018+1.5+0.003 ms clock, 0.36+0/1.9/0.025+0.062 ms cpu, 198->202->94 MB, 202 MB goal, 0 MB stacks, 0 MB globals, 20 P
gc 474 @69.424s 0%: 0.028+1.1+0.006 ms clock, 0.56+0/1.8/0+0.13 ms cpu, 191->191->96 MB, 191 MB goal, 0 MB stacks, 0 MB globals, 20 P
gc 475 @69.439s 0%: 0.016+1.7+0.003 ms clock, 0.33+0/1.9/0+0.063 ms cpu, 192->192->100 MB, 193 MB goal, 0 MB stacks, 0 MB globals, 20 P
gc 476 @69.458s 0%: 0.016+0.57+0.003 ms clock, 0.33+0.076/0.62/0+0.076 ms cpu, 198->201->94 MB, 202 MB goal, 0 MB stacks, 0 MB globals, 20 P
gc 477 @69.468s 0%: 0.017+3.0+0.002 ms clock, 0.35+0/3.1/0+0.056 ms cpu, 191->191->96 MB, 191 MB goal, 0 MB stacks, 0 MB globals, 20 P
gc 478 @69.484s 0%: 0.017+3.2+0.003 ms clock, 0.35+0/3.3/0+0.074 ms cpu, 193->193->102 MB, 194 MB goal, 0 MB stacks, 0 MB globals, 20 P
gc 479 @69.510s 0%: 0.016+0.47+0.003 ms clock, 0.32+0/0.79/0+0.064 ms cpu, 204->204->104 MB, 204 MB goal, 0 MB stacks, 0 MB globals, 20 P
gc 480 @69.530s 0%: 0.027+3.4+0.007 ms clock, 0.55+0/3.9/0+0.14 ms cpu, 207->207->110 MB, 209 MB goal, 0 MB stacks, 0 MB globals, 20 P
gc 481 @69.554s 0%: 0.024+0.77+0.010 ms clock, 0.49+0.037/1.0/0+0.21 ms cpu, 217->220->105 MB, 221 MB goal, 0 MB stacks, 0 MB globals, 20 P
gc 482 @69.569s 0%: 0.020+1.2+0.005 ms clock, 0.40+0/1.5/0+0.10 ms cpu, 215->215->110 MB, 215 MB goal, 0 MB stacks, 0 MB globals, 20 P
gc 483 @69.601s 0%: 0.026+1.0+0.006 ms clock, 0.52+0.088/1.1/0.033+0.13 ms cpu, 218->220->105 MB, 221 MB goal, 0 MB stacks, 0 MB globals, 20 P
gc 484 @69.627s 0%: 0.022+1.9+0.006 ms clock, 0.44+0/2.6/0.006+0.12 ms cpu, 215->215->109 MB, 216 MB goal, 0 MB stacks, 0 MB globals, 20 P
gc 485 @69.654s 0%: 0.027+0.99+0.009 ms clock, 0.54+0.21/1.1/0.080+0.19 ms cpu, 215->217->92 MB, 218 MB goal, 0 MB stacks, 0 MB globals, 20 P
gc 486 @69.677s 0%: 0.040+0.74+0.007 ms clock, 0.81+0/1.4/0.091+0.15 ms cpu, 180->180->93 MB, 184 MB goal, 0 MB stacks, 0 MB globals, 20 P
gc 487 @69.695s 0%: 0.029+6.9+0.007 ms clock, 0.58+0/7.6/0.050+0.15 ms cpu, 191->191->98 MB, 191 MB goal, 0 MB stacks, 0 MB globals, 20 P
gc 488 @69.718s 0%: 0.018+0.47+0.008 ms clock, 0.36+0/0.59/0+0.16 ms cpu, 195->195->111 MB, 196 MB goal, 0 MB stacks, 0 MB globals, 20 P
gc 489 @69.737s 0%: 0.017+3.0+0.003 ms clock, 0.34+0/3.0/0+0.065 ms cpu, 225->225->96 MB, 225 MB goal, 0 MB stacks, 0 MB globals, 20 P
gc 490 @69.754s 0%: 0.017+1.0+0.018 ms clock, 0.35+0/1.5/0+0.36 ms cpu, 192->203->111 MB, 192 MB goal, 0 MB stacks, 0 MB globals, 20 P
gc 491 @69.774s 0%: 0.024+0.74+0.005 ms clock, 0.48+0/1.4/0.020+0.10 ms cpu, 217->217->94 MB, 223 MB goal, 0 MB stacks, 0 MB globals, 20 P
gc 492 @69.795s 0%: 0.027+1.6+0.006 ms clock, 0.54+0/2.1/0+0.13 ms cpu, 186->186->98 MB, 189 MB goal, 0 MB stacks, 0 MB globals, 20 P
gc 493 @69.815s 0%: 0.021+0.60+0.007 ms clock, 0.42+0/0.65/0+0.15 ms cpu, 195->195->111 MB, 196 MB goal, 0 MB stacks, 0 MB globals, 20 P
gc 494 @69.834s 0%: 0.028+1.0+0.007 ms clock, 0.56+0/1.7/0.009+0.14 ms cpu, 217->217->94 MB, 223 MB goal, 0 MB stacks, 0 MB globals, 20 P
gc 495 @69.851s 0%: 0.026+0.56+0.007 ms clock, 0.52+0/1.0/0.038+0.14 ms cpu, 180->180->95 MB, 189 MB goal, 0 MB stacks, 0 MB globals, 20 P
gc 496 @69.863s 0%: 0.015+3.1+0.005 ms clock, 0.31+0/3.3/0.007+0.10 ms cpu, 184->184->98 MB, 192 MB goal, 0 MB stacks, 0 MB globals, 20 P
gc 497 @69.878s 0%: 0.019+5.5+0.043 ms clock, 0.38+0/5.8/0.001+0.87 ms cpu, 195->206->114 MB, 197 MB goal, 0 MB stacks, 0 MB globals, 20 P
gc 498 @69.903s 0%: 0.017+1.9+0.004 ms clock, 0.34+0/2.1/0+0.086 ms cpu, 219->219->97 MB, 228 MB goal, 0 MB stacks, 0 MB globals, 20 P
gc 499 @69.917s 0%: 0.018+0.87+0.003 ms clock, 0.36+0/1.3/0.024+0.066 ms cpu, 188->188->100 MB, 194 MB goal, 0 MB stacks, 0 MB globals, 20 P
gc 500 @69.933s 0%: 0.021+0.32+0.17 ms clock, 0.43+0/0.70/0+3.4 ms cpu, 198->198->114 MB, 201 MB goal, 0 MB stacks, 0 MB globals, 20 P
gc 501 @69.960s 0%: 0.022+0.65+0.004 ms clock, 0.44+0/1.3/0.002+0.089 ms cpu, 220->220->97 MB, 228 MB goal, 0 MB stacks, 0 MB globals, 20 P
gc 502 @69.973s 0%: 0.016+0.77+0.003 ms clock, 0.33+0/1.2/0+0.061 ms cpu, 189->189->100 MB, 194 MB goal, 0 MB stacks, 0 MB globals, 20 P
gc 503 @69.986s 0%: 0.017+0.58+0.016 ms clock, 0.35+0/0.84/0+0.33 ms cpu, 198->198->114 MB, 201 MB goal, 0 MB stacks, 0 MB globals, 20 P
gc 504 @70.005s 0%: 0.022+3.2+2.7 ms clock, 0.45+0/3.7/0+55 ms cpu, 220->228->105 MB, 228 MB goal, 0 MB stacks, 0 MB globals, 20 P
gc 505 @70.022s 0%: 0.017+1.7+0.004 ms clock, 0.34+0/2.2/0+0.098 ms cpu, 201->201->103 MB, 211 MB goal, 0 MB stacks, 0 MB globals, 20 P
gc 506 @70.040s 0%: 0.017+0.97+0.004 ms clock, 0.34+0.095/0.73/0+0.085 ms cpu, 198->200->95 MB, 207 MB goal, 0 MB stacks, 0 MB globals, 20 P
gc 507 @70.064s 0%: 0.023+0.81+0.006 ms clock, 0.46+0/1.5/0+0.12 ms cpu, 181->181->95 MB, 191 MB goal, 0 MB stacks, 0 MB globals, 20 P
gc 508 @70.084s 0%: 0.030+1.0+0.008 ms clock, 0.60+0/1.9/0.072+0.16 ms cpu, 184->184->98 MB, 192 MB goal, 0 MB stacks, 0 MB globals, 20 P
gc 509 @70.104s 0%: 0.030+8.6+0.11 ms clock, 0.61+0/8.9/0.004+2.3 ms cpu, 195->206->114 MB, 198 MB goal, 0 MB stacks, 0 MB globals, 20 P
gc 510 @70.150s 0%: 0.020+0.98+0.004 ms clock, 0.41+0/1.5/0.016+0.087 ms cpu, 220->220->97 MB, 228 MB goal, 0 MB stacks, 0 MB globals, 20 P
gc 511 @70.165s 0%: 0.027+5.1+0.006 ms clock, 0.54+0/6.1/0+0.13 ms cpu, 189->189->100 MB, 194 MB goal, 0 MB stacks, 0 MB globals, 20 P
gc 512 @70.192s 0%: 0.024+2.0+0.004 ms clock, 0.48+0/2.7/0.031+0.087 ms cpu, 192->192->102 MB, 202 MB goal, 0 MB stacks, 0 MB globals, 20 P
gc 513 @70.210s 0%: 0.028+7.5+0.13 ms clock, 0.57+0/8.6/0.002+2.6 ms cpu, 206->206->109 MB, 206 MB goal, 0 MB stacks, 0 MB globals, 20 P
gc 514 @70.243s 0%: 0.030+0.56+0.011 ms clock, 0.60+0/0.94/0.013+0.23 ms cpu, 216->216->126 MB, 219 MB goal, 0 MB stacks, 0 MB globals, 20 P
gc 515 @70.274s 0%: 0.020+0.69+0.005 ms clock, 0.40+0/1.0/0+0.10 ms cpu, 244->244->105 MB, 253 MB goal, 0 MB stacks, 0 MB globals, 20 P
gc 516 @70.293s 0%: 0.024+1.0+0.005 ms clock, 0.49+0/1.7/0+0.10 ms cpu, 204->204->110 MB, 212 MB goal, 0 MB stacks, 0 MB globals, 20 P
gc 517 @70.320s 0%: 0.028+3.5+0.006 ms clock, 0.57+0/4.3/0+0.13 ms cpu, 219->219->115 MB, 220 MB goal, 0 MB stacks, 0 MB globals, 20 P
gc 518 @70.356s 0%: 0.032+0.53+0.012 ms clock, 0.64+0/0.75/0.016+0.24 ms cpu, 231->231->135 MB, 231 MB goal, 0 MB stacks, 0 MB globals, 20 P
gc 519 @70.388s 0%: 0.031+7.5+0.007 ms clock, 0.63+0/8.4/0.002+0.15 ms cpu, 260->260->116 MB, 271 MB goal, 0 MB stacks, 0 MB globals, 20 P
gc 520 @70.415s 0%: 0.019+0.46+0.005 ms clock, 0.38+0.10/0.69/0+0.10 ms cpu, 223->225->106 MB, 234 MB goal, 0 MB stacks, 0 MB globals, 20 P
gc 521 @70.434s 0%: 0.034+2.1+0.009 ms clock, 0.68+0/1.5/0.068+0.18 ms cpu, 204->207->110 MB, 213 MB goal, 0 MB stacks, 0 MB globals, 20 P
gc 522 @70.460s 0%: 0.018+0.69+0.43 ms clock, 0.36+0/0.83/0.004+8.7 ms cpu, 211->218->115 MB, 220 MB goal, 0 MB stacks, 0 MB globals, 20 P
gc 523 @70.489s 0%: 0.021+3.8+0.003 ms clock, 0.43+0/4.4/0.087+0.070 ms cpu, 226->226->115 MB, 231 MB goal, 0 MB stacks, 0 MB globals, 20 P
gc 524 @70.510s 0%: 0.034+1.7+0.009 ms clock, 0.68+0/2.5/0+0.19 ms cpu, 220->220->119 MB, 231 MB goal, 0 MB stacks, 0 MB globals, 20 P
gc 525 @70.549s 0%: 0.032+0.66+0.016 ms clock, 0.65+0/1.5/0.027+0.32 ms cpu, 242->242->138 MB, 242 MB goal, 0 MB stacks, 0 MB globals, 20 P
gc 526 @70.581s 0%: 0.022+4.1+0.009 ms clock, 0.44+0/4.7/0.21+0.18 ms cpu, 270->270->119 MB, 276 MB goal, 0 MB stacks, 0 MB globals, 20 P
gc 527 @70.599s 0%: 0.019+1.3+0.005 ms clock, 0.39+0/1.5/0.002+0.10 ms cpu, 235->235->126 MB, 239 MB goal, 0 MB stacks, 0 MB globals, 20 P
gc 528 @70.617s 0%: 0.022+0.47+0.010 ms clock, 0.44+0/0.73/0+0.20 ms cpu, 246->246->140 MB, 252 MB goal, 0 MB stacks, 0 MB globals, 20 P
gc 529 @70.641s 0%: 0.023+4.4+0.003 ms clock, 0.46+0/4.5/0+0.073 ms cpu, 278->278->121 MB, 281 MB goal, 0 MB stacks, 0 MB globals, 20 P
gc 530 @70.666s 0%: 0.018+0.62+0.45 ms clock, 0.36+0/0.93/0.028+9.1 ms cpu, 234->241->117 MB, 244 MB goal, 0 MB stacks, 0 MB globals, 20 P
gc 531 @70.681s 0%: 0.018+1.0+0.003 ms clock, 0.37+0/1.1/0+0.067 ms cpu, 228->228->116 MB, 235 MB goal, 0 MB stacks, 0 MB globals, 20 P
gc 532 @70.702s 0%: 0.025+2.8+0.003 ms clock, 0.51+0/3.2/0+0.078 ms cpu, 237->237->121 MB, 237 MB goal, 0 MB stacks, 0 MB globals, 20 P
gc 533 @70.725s 0%: 0.018+0.64+0.003 ms clock, 0.36+0.084/0.55/0+0.065 ms cpu, 233->234->109 MB, 244 MB goal, 0 MB stacks, 0 MB globals, 20 P
gc 534 @70.742s 0%: 0.017+0.88+0.004 ms clock, 0.35+0/0.78/0.015+0.080 ms cpu, 215->220->117 MB, 219 MB goal, 0 MB stacks, 0 MB globals, 20 P
gc 535 @70.759s 0%: 0.019+0.88+0.003 ms clock, 0.39+0/1.3/0+0.078 ms cpu, 234->234->120 MB, 235 MB goal, 0 MB stacks, 0 MB globals, 20 P
gc 536 @70.773s 0%: 0.020+5.0+0.003 ms clock, 0.40+0/5.1/0+0.073 ms cpu, 241->241->127 MB, 241 MB goal, 0 MB stacks, 0 MB globals, 20 P
gc 537 @70.799s 0%: 0.017+0.42+0.003 ms clock, 0.34+0/0.79/0+0.074 ms cpu, 250->250->116 MB, 255 MB goal, 0 MB stacks, 0 MB globals, 20 P
gc 538 @70.812s 0%: 0.018+3.5+0.003 ms clock, 0.36+0/3.6/0+0.076 ms cpu, 236->236->122 MB, 236 MB goal, 0 MB stacks, 0 MB globals, 20 P
gc 539 @70.831s 0%: 0.016+2.5+0.005 ms clock, 0.32+0/2.6/0+0.11 ms cpu, 247->247->112 MB, 247 MB goal, 0 MB stacks, 0 MB globals, 20 P
gc 540 @70.846s 0%: 0.018+0.41+0.013 ms clock, 0.36+0/0.74/0+0.27 ms cpu, 219->219->124 MB, 224 MB goal, 0 MB stacks, 0 MB globals, 20 P
gc 541 @70.867s 0%: 0.021+0.86+0.003 ms clock, 0.42+0/1.4/0.008+0.075 ms cpu, 248->248->104 MB, 248 MB goal, 0 MB stacks, 0 MB globals, 20 P
gc 542 @70.886s 0%: 0.019+0.54+0.010 ms clock, 0.38+0/0.84/0.009+0.21 ms cpu, 203->203->116 MB, 209 MB goal, 0 MB stacks, 0 MB globals, 20 P
gc 543 @70.910s 0%: 0.021+0.85+0.010 ms clock, 0.42+0/1.5/0+0.21 ms cpu, 227->227->95 MB, 232 MB goal, 0 MB stacks, 0 MB globals, 20 P
gc 544 @70.927s 0%: 0.025+1.0+0.006 ms clock, 0.51+0/1.6/0+0.13 ms cpu, 190->190->100 MB, 191 MB goal, 0 MB stacks, 0 MB globals, 20 P
gc 545 @70.949s 0%: 0.039+3.8+0.011 ms clock, 0.78+0/4.5/0.015+0.22 ms cpu, 198->198->107 MB, 202 MB goal, 0 MB stacks, 0 MB globals, 20 P
gc 546 @70.971s 0%: 0.019+0.46+0.007 ms clock, 0.39+0/0.69/0+0.15 ms cpu, 212->212->125 MB, 214 MB goal, 0 MB stacks, 0 MB globals, 20 P
gc 547 @71.003s 0%: 0.024+1.6+0.005 ms clock, 0.48+0/2.1/0+0.10 ms cpu, 250->250->108 MB, 252 MB goal, 0 MB stacks, 0 MB globals, 20 P
gc 548 @71.021s 0%: 0.018+0.97+0.003 ms clock, 0.37+0/1.2/0+0.068 ms cpu, 219->219->115 MB, 219 MB goal, 0 MB stacks, 0 MB globals, 20 P
gc 549 @71.036s 0%: 0.018+3.0+0.003 ms clock, 0.37+0/3.1/0+0.065 ms cpu, 236->236->122 MB, 236 MB goal, 0 MB stacks, 0 MB globals, 20 P
gc 550 @71.066s 0%: 0.017+0.58+0.006 ms clock, 0.35+0.065/0.68/0.008+0.12 ms cpu, 239->242->114 MB, 245 MB goal, 0 MB stacks, 0 MB globals, 20 P
gc 551 @71.082s 0%: 0.017+0.60+0.042 ms clock, 0.35+0/1.1/0.072+0.84 ms cpu, 226->226->118 MB, 230 MB goal, 0 MB stacks, 0 MB globals, 20 P
gc 552 @71.106s 0%: 0.034+2.2+0.004 ms clock, 0.69+0/2.4/0.002+0.086 ms cpu, 241->241->126 MB, 241 MB goal, 0 MB stacks, 0 MB globals, 20 P
gc 553 @71.137s 0%: 0.020+0.45+0.009 ms clock, 0.40+0/0.73/0.015+0.18 ms cpu, 248->248->142 MB, 252 MB goal, 0 MB stacks, 0 MB globals, 20 P
gc 554 @71.162s 0%: 0.021+3.6+0.003 ms clock, 0.42+0/3.8/0+0.070 ms cpu, 285->285->122 MB, 286 MB goal, 0 MB stacks, 0 MB globals, 20 P
gc 555 @71.183s 0%: 0.070+0.43+0.014 ms clock, 1.4+0.15/0.67/0+0.28 ms cpu, 239->239->110 MB, 245 MB goal, 0 MB stacks, 0 MB globals, 20 P
gc 556 @71.199s 0%: 0.015+0.55+0.005 ms clock, 0.31+0/0.86/0+0.10 ms cpu, 218->218->113 MB, 220 MB goal, 0 MB stacks, 0 MB globals, 20 P
gc 557 @71.216s 0%: 0.019+2.0+0.005 ms clock, 0.39+0/2.1/0+0.10 ms cpu, 228->228->116 MB, 228 MB goal, 0 MB stacks, 0 MB globals, 20 P
gc 558 @71.231s 0%: 0.017+4.3+0.003 ms clock, 0.35+0/4.5/0+0.061 ms cpu, 229->229->122 MB, 233 MB goal, 0 MB stacks, 0 MB globals, 20 P
gc 559 @71.255s 0%: 0.017+1.1+0.003 ms clock, 0.35+0/1.4/0.009+0.077 ms cpu, 242->242->109 MB, 245 MB goal, 0 MB stacks, 0 MB globals, 20 P
gc 560 @71.272s 0%: 0.017+3.6+0.003 ms clock, 0.34+0/3.7/0+0.065 ms cpu, 221->221->116 MB, 222 MB goal, 0 MB stacks, 0 MB globals, 20 P
gc 561 @71.296s 0%: 0.020+0.57+0.060 ms clock, 0.40+0/0.82/0.018+1.2 ms cpu, 232->232->130 MB, 232 MB goal, 0 MB stacks, 0 MB globals, 20 P
gc 562 @71.323s 0%: 0.039+6.9+0.004 ms clock, 0.78+0/7.4/0.027+0.084 ms cpu, 268->268->118 MB, 269 MB goal, 0 MB stacks, 0 MB globals, 20 P
gc 563 @71.353s 0%: 0.017+0.69+0.003 ms clock, 0.34+0.10/0.73/0+0.077 ms cpu, 234->236->108 MB, 237 MB goal, 0 MB stacks, 0 MB globals, 20 P
gc 564 @71.370s 0%: 0.017+1.1+0.003 ms clock, 0.34+0/1.2/0+0.074 ms cpu, 220->220->110 MB, 220 MB goal, 0 MB stacks, 0 MB globals, 20 P
gc 565 @71.385s 0%: 0.017+1.3+0.002 ms clock, 0.34+0/1.7/0.006+0.053 ms cpu, 221->221->115 MB, 221 MB goal, 0 MB stacks, 0 MB globals, 20 P
gc 566 @71.400s 0%: 0.018+4.0+0.10 ms clock, 0.36+0/4.4/0+2.1 ms cpu, 236->236->122 MB, 236 MB goal, 0 MB stacks, 0 MB globals, 20 P
gc 567 @71.421s 0%: 0.017+0.95+0.003 ms clock, 0.35+0.058/0.75/0+0.079 ms cpu, 242->245->116 MB, 245 MB goal, 0 MB stacks, 0 MB globals, 20 P
gc 568 @71.439s 0%: 0.016+2.1+0.002 ms clock, 0.32+0/2.4/0+0.054 ms cpu, 231->231->119 MB, 232 MB goal, 0 MB stacks, 0 MB globals, 20 P
gc 569 @71.460s 0%: 0.019+0.53+0.007 ms clock, 0.38+0/0.67/0.007+0.14 ms cpu, 245->245->139 MB, 245 MB goal, 0 MB stacks, 0 MB globals, 20 P
gc 570 @71.481s 0%: 0.019+4.6+0.004 ms clock, 0.39+0/4.7/0+0.087 ms cpu, 277->277->120 MB, 279 MB goal, 0 MB stacks, 0 MB globals, 20 P
gc 571 @71.511s 0%: 0.020+0.82+0.004 ms clock, 0.40+0/1.1/0+0.090 ms cpu, 239->239->110 MB, 240 MB goal, 0 MB stacks, 0 MB globals, 20 P
gc 572 @71.530s 0%: 0.025+5.6+0.013 ms clock, 0.50+0/6.6/0.036+0.27 ms cpu, 221->221->114 MB, 222 MB goal, 0 MB stacks, 0 MB globals, 20 P
gc 573 @71.561s 0%: 0.032+7.3+0.10 ms clock, 0.65+0/7.5/0+2.0 ms cpu, 235->235->120 MB, 235 MB goal, 0 MB stacks, 0 MB globals, 20 P
gc 574 @71.601s 0%: 0.021+0.82+0.009 ms clock, 0.42+0.22/0.84/0.026+0.19 ms cpu, 237->239->111 MB, 240 MB goal, 0 MB stacks, 0 MB globals, 20 P
gc 575 @71.615s 0%: 0.018+0.68+0.002 ms clock, 0.36+0/1.0/0+0.058 ms cpu, 223->223->114 MB, 223 MB goal, 0 MB stacks, 0 MB globals, 20 P
gc 576 @71.638s 0%: 0.020+2.4+0.003 ms clock, 0.41+0/2.7/0.002+0.062 ms cpu, 238->238->122 MB, 238 MB goal, 0 MB stacks, 0 MB globals, 20 P
gc 577 @71.663s 0%: 0.022+0.55+0.011 ms clock, 0.45+0/0.77/0.023+0.23 ms cpu, 245->245->141 MB, 245 MB goal, 0 MB stacks, 0 MB globals, 20 P
gc 578 @71.698s 0%: 0.025+3.6+0.006 ms clock, 0.51+0/4.3/0.059+0.13 ms cpu, 284->284->123 MB, 284 MB goal, 0 MB stacks, 0 MB globals, 20 P
gc 579 @71.724s 0%: 0.018+2.6+0.005 ms clock, 0.37+0/2.8/0+0.11 ms cpu, 244->244->129 MB, 246 MB goal, 0 MB stacks, 0 MB globals, 20 P
gc 580 @71.754s 0%: 0.023+0.56+0.007 ms clock, 0.46+0/1.1/0.022+0.14 ms cpu, 256->256->117 MB, 258 MB goal, 0 MB stacks, 0 MB globals, 20 P
gc 581 @71.780s 0%: 0.027+2.5+0.14 ms clock, 0.54+0/3.5/0.020+2.8 ms cpu, 239->239->122 MB, 239 MB goal, 0 MB stacks, 0 MB globals, 20 P
gc 582 @71.807s 0%: 0.031+0.50+0.008 ms clock, 0.62+0.13/0.81/0+0.16 ms cpu, 241->242->111 MB, 245 MB goal, 0 MB stacks, 0 MB globals, 20 P
gc 583 @71.838s 0%: 0.024+1.1+0.007 ms clock, 0.48+0/1.4/0+0.15 ms cpu, 223->223->116 MB, 223 MB goal, 0 MB stacks, 0 MB globals, 20 P
gc 584 @71.860s 0%: 0.027+6.0+0.006 ms clock, 0.54+0/6.9/0.10+0.13 ms cpu, 231->231->120 MB, 233 MB goal, 0 MB stacks, 0 MB globals, 20 P
gc 585 @71.891s 0%: 0.022+0.56+0.013 ms clock, 0.44+0/0.77/0.034+0.26 ms cpu, 243->243->137 MB, 243 MB goal, 0 MB stacks, 0 MB globals, 20 P
gc 586 @71.922s 0%: 0.019+0.46+0.008 ms clock, 0.38+0/0.58/0+0.17 ms cpu, 282->282->154 MB, 282 MB goal, 0 MB stacks, 0 MB globals, 20 P
gc 587 @71.968s 0%: 0.018+0.55+0.006 ms clock, 0.37+0.10/0.71/0+0.13 ms cpu, 305->308->113 MB, 309 MB goal, 0 MB stacks, 0 MB globals, 20 P
gc 588 @71.981s 0%: 0.019+1.0+0.003 ms clock, 0.38+0/1.3/0+0.072 ms cpu, 230->230->119 MB, 230 MB goal, 0 MB stacks, 0 MB globals, 20 P
gc 589 @72.002s 0%: 0.021+0.69+0.009 ms clock, 0.42+0/1.1/0.080+0.18 ms cpu, 237->237->109 MB, 240 MB goal, 0 MB stacks, 0 MB globals, 20 P
gc 590 @72.017s 0%: 0.020+3.0+0.005 ms clock, 0.40+0/3.6/0.14+0.11 ms cpu, 225->225->114 MB, 225 MB goal, 0 MB stacks, 0 MB globals, 20 P
gc 591 @72.042s 0%: 0.018+0.58+0.006 ms clock, 0.36+0/1.0/0.042+0.12 ms cpu, 231->231->94 MB, 231 MB goal, 0 MB stacks, 0 MB globals, 20 P
gc 592 @72.062s 0%: 0.032+1.5+0.007 ms clock, 0.64+0/2.2/0+0.14 ms cpu, 186->186->98 MB, 189 MB goal, 0 MB stacks, 0 MB globals, 20 P
gc 593 @72.088s 0%: 0.026+0.65+0.020 ms clock, 0.52+0/1.3/0.008+0.40 ms cpu, 195->195->111 MB, 197 MB goal, 0 MB stacks, 0 MB globals, 20 P
gc 594 @72.125s 0%: 0.030+1.0+0.007 ms clock, 0.60+0/1.6/0.11+0.14 ms cpu, 225->225->96 MB, 225 MB goal, 0 MB stacks, 0 MB globals, 20 P
gc 595 @72.141s 0%: 0.031+4.4+0.007 ms clock, 0.62+0/4.9/0+0.14 ms cpu, 192->192->101 MB, 193 MB goal, 0 MB stacks, 0 MB globals, 20 P
gc 596 @72.171s 0%: 0.018+0.70+0.003 ms clock, 0.37+0.018/0.77/0+0.070 ms cpu, 198->202->94 MB, 202 MB goal, 0 MB stacks, 0 MB globals, 20 P
gc 597 @72.190s 0%: 0.026+2.0+0.004 ms clock, 0.53+0/2.7/0.044+0.094 ms cpu, 191->191->96 MB, 191 MB goal, 0 MB stacks, 0 MB globals, 20 P
gc 598 @72.212s 0%: 0.021+1.1+0.018 ms clock, 0.42+0/1.4/0+0.37 ms cpu, 192->203->111 MB, 193 MB goal, 0 MB stacks, 0 MB globals, 20 P
gc 599 @72.231s 0%: 0.020+1.1+0.003 ms clock, 0.40+0/1.5/0.001+0.066 ms cpu, 217->217->94 MB, 224 MB goal, 0 MB stacks, 0 MB globals, 20 P
gc 600 @72.246s 0%: 0.026+1.4+0.004 ms clock, 0.53+0/2.0/0+0.098 ms cpu, 186->186->98 MB, 190 MB goal, 0 MB stacks, 0 MB globals, 20 P
gc 601 @72.267s 0%: 0.022+0.59+0.012 ms clock, 0.44+0/0.92/0+0.24 ms cpu, 193->193->134 MB, 197 MB goal, 0 MB stacks, 0 MB globals, 20 P
gc 602 @72.305s 0%: 0.017+4.3+0.004 ms clock, 0.35+0/4.6/0.020+0.084 ms cpu, 271->271->112 MB, 271 MB goal, 0 MB stacks, 0 MB globals, 20 P
gc 603 @72.327s 0%: 0.015+0.76+0.003 ms clock, 0.31+0/1.1/0+0.065 ms cpu, 217->217->103 MB, 224 MB goal, 0 MB stacks, 0 MB globals, 20 P
gc 604 @72.339s 0%: 0.016+1.0+0.003 ms clock, 0.33+0/1.4/0+0.071 ms cpu, 196->196->107 MB, 207 MB goal, 0 MB stacks, 0 MB globals, 20 P
gc 605 @72.356s 0%: 0.020+0.57+0.054 ms clock, 0.40+0/0.67/0+1.0 ms cpu, 214->214->122 MB, 215 MB goal, 0 MB stacks, 0 MB globals, 20 P
gc 606 @72.380s 0%: 0.019+3.6+0.004 ms clock, 0.38+0/3.8/0+0.087 ms cpu, 237->237->108 MB, 245 MB goal, 0 MB stacks, 0 MB globals, 20 P
gc 607 @72.400s 0%: 0.021+2.8+0.003 ms clock, 0.42+0/2.9/0+0.078 ms cpu, 222->222->106 MB, 222 MB goal, 0 MB stacks, 0 MB globals, 20 P
gc 608 @72.422s 0%: 0.020+0.47+0.007 ms clock, 0.40+0/0.80/0+0.14 ms cpu, 213->213->123 MB, 214 MB goal, 0 MB stacks, 0 MB globals, 20 P
gc 609 @72.459s 0%: 0.018+0.72+0.003 ms clock, 0.37+0/0.85/0+0.079 ms cpu, 242->242->105 MB, 248 MB goal, 0 MB stacks, 0 MB globals, 20 P
gc 610 @72.478s 0%: 0.026+0.87+0.007 ms clock, 0.53+0/1.7/0.021+0.14 ms cpu, 204->204->110 MB, 211 MB goal, 0 MB stacks, 0 MB globals, 20 P
gc 611 @72.494s 0%: 0.020+0.83+0.005 ms clock, 0.40+0/1.0/0+0.10 ms cpu, 210->210->115 MB, 220 MB goal, 0 MB stacks, 0 MB globals, 20 P
gc 612 @72.511s 0%: 0.020+5.3+0.004 ms clock, 0.41+0/5.7/0.003+0.081 ms cpu, 230->230->122 MB, 230 MB goal, 0 MB stacks, 0 MB globals, 20 P
gc 613 @72.533s 0%: 0.018+0.52+0.004 ms clock, 0.37+0/0.89/0+0.081 ms cpu, 235->235->113 MB, 245 MB goal, 0 MB stacks, 0 MB globals, 20 P
gc 614 @72.551s 0%: 0.022+5.0+0.003 ms clock, 0.45+0/5.5/0.025+0.067 ms cpu, 226->226->121 MB, 227 MB goal, 0 MB stacks, 0 MB globals, 20 P
gc 615 @72.574s 0%: 0.021+0.37+0.009 ms clock, 0.42+0/0.76/0+0.18 ms cpu, 243->243->138 MB, 243 MB goal, 0 MB stacks, 0 MB globals, 20 P
gc 616 @72.596s 0%: 0.016+2.9+0.004 ms clock, 0.33+0/3.2/0+0.082 ms cpu, 270->270->116 MB, 276 MB goal, 0 MB stacks, 0 MB globals, 20 P
gc 617 @72.612s 0%: 0.032+1.1+0.003 ms clock, 0.65+0/1.4/0+0.079 ms cpu, 231->231->120 MB, 233 MB goal, 0 MB stacks, 0 MB globals, 20 P
gc 618 @72.634s 0%: 0.022+0.66+0.080 ms clock, 0.45+0/0.79/0+1.6 ms cpu, 241->241->136 MB, 242 MB goal, 0 MB stacks, 0 MB globals, 20 P
gc 619 @72.653s 0%: 0.017+2.5+0.003 ms clock, 0.34+0/2.7/0+0.070 ms cpu, 267->267->117 MB, 273 MB goal, 0 MB stacks, 0 MB globals, 20 P
gc 620 @72.671s 0%: 0.018+0.32+0.008 ms clock, 0.37+0/0.71/0+0.16 ms cpu, 226->226->133 MB, 234 MB goal, 0 MB stacks, 0 MB globals, 20 P
gc 621 @72.698s 0%: 0.018+0.79+0.005 ms clock, 0.36+0/1.0/0+0.10 ms cpu, 258->258->113 MB, 267 MB goal, 0 MB stacks, 0 MB globals, 20 P
gc 622 @72.713s 0%: 0.020+0.96+0.002 ms clock, 0.40+0/1.1/0+0.059 ms cpu, 224->224->117 MB, 228 MB goal, 0 MB stacks, 0 MB globals, 20 P
gc 623 @72.733s 0%: 0.030+5.9+0.006 ms clock, 0.61+0.029/6.3/0+0.13 ms cpu, 238->238->123 MB, 238 MB goal, 0 MB stacks, 0 MB globals, 20 P
gc 624 @72.763s 0%: 0.018+0.61+0.003 ms clock, 0.36+0.062/0.66/0.003+0.077 ms cpu, 236->239->112 MB, 246 MB goal, 0 MB stacks, 0 MB globals, 20 P
gc 625 @72.784s 0%: 0.020+2.4+0.005 ms clock, 0.41+0/2.8/0+0.11 ms cpu, 215->215->114 MB, 225 MB goal, 0 MB stacks, 0 MB globals, 20 P
gc 626 @72.801s 0%: 0.021+0.72+0.051 ms clock, 0.42+0/1.0/0.094+1.0 ms cpu, 218->218->118 MB, 228 MB goal, 0 MB stacks, 0 MB globals, 20 P
gc 627 @72.817s 0%: 0.019+1.8+0.004 ms clock, 0.39+0/2.1/0+0.087 ms cpu, 228->228->123 MB, 237 MB goal, 0 MB stacks, 0 MB globals, 20 P
gc 628 @72.837s 0%: 0.021+0.43+0.007 ms clock, 0.42+0/0.70/0.021+0.14 ms cpu, 240->240->140 MB, 246 MB goal, 0 MB stacks, 0 MB globals, 20 P
gc 629 @72.858s 0%: 0.022+3.8+0.003 ms clock, 0.45+0/4.1/0+0.078 ms cpu, 278->278->122 MB, 282 MB goal, 0 MB stacks, 0 MB globals, 20 P
gc 630 @72.878s 0%: 0.018+0.97+0.002 ms clock, 0.36+0.069/1.3/0+0.057 ms cpu, 233->235->108 MB, 244 MB goal, 0 MB stacks, 0 MB globals, 20 P
gc 631 @72.894s 0%: 0.019+2.8+0.004 ms clock, 0.39+0/3.2/0+0.087 ms cpu, 213->213->112 MB, 217 MB goal, 0 MB stacks, 0 MB globals, 20 P
gc 632 @72.918s 0%: 0.033+1.3+0.005 ms clock, 0.66+0/2.0/0+0.11 ms cpu, 215->215->114 MB, 225 MB goal, 0 MB stacks, 0 MB globals, 20 P
gc 633 @72.939s 0%: 0.029+1.8+0.007 ms clock, 0.59+0/2.3/0.001+0.14 ms cpu, 220->220->118 MB, 230 MB goal, 0 MB stacks, 0 MB globals, 20 P
gc 634 @72.959s 0%: 0.033+8.5+0.003 ms clock, 0.66+0/9.2/0.001+0.078 ms cpu, 226->226->121 MB, 236 MB goal, 0 MB stacks, 0 MB globals, 20 P
gc 635 @72.992s 0%: 0.032+0.52+0.068 ms clock, 0.65+0.066/0.68/0.022+1.3 ms cpu, 232->233->110 MB, 242 MB goal, 0 MB stacks, 0 MB globals, 20 P
gc 636 @73.011s 0%: 0.017+0.47+0.004 ms clock, 0.35+0/0.79/0+0.099 ms cpu, 217->217->114 MB, 221 MB goal, 0 MB stacks, 0 MB globals, 20 P
gc 637 @73.031s 0%: 0.019+0.88+0.004 ms clock, 0.38+0/1.1/0+0.099 ms cpu, 225->225->118 MB, 228 MB goal, 0 MB stacks, 0 MB globals, 20 P
gc 638 @73.054s 0%: 0.017+0.54+0.003 ms clock, 0.35+0.15/0.55/0+0.064 ms cpu, 234->237->112 MB, 237 MB goal, 0 MB stacks, 0 MB globals, 20 P
gc 639 @73.072s 0%: 0.023+0.75+0.004 ms clock, 0.47+0/1.4/0.003+0.099 ms cpu, 222->222->113 MB, 225 MB goal, 0 MB stacks, 0 MB globals, 20 P
gc 640 @73.093s 0%: 0.028+3.8+0.003 ms clock, 0.56+0/4.4/0.005+0.075 ms cpu, 231->231->118 MB, 231 MB goal, 0 MB stacks, 0 MB globals, 20 P
gc 641 @73.114s 0%: 0.020+2.5+0.002 ms clock, 0.40+0/2.9/0.014+0.057 ms cpu, 239->239->124 MB, 240 MB goal, 0 MB stacks, 0 MB globals, 20 P
gc 642 @73.137s 0%: 0.019+0.40+0.005 ms clock, 0.38+0/0.86/0.008+0.10 ms cpu, 247->247->113 MB, 249 MB goal, 0 MB stacks, 0 MB globals, 20 P
gc 643 @73.156s 0%: 0.023+2.9+0.003 ms clock, 0.46+0/3.4/0+0.075 ms cpu, 229->229->119 MB, 229 MB goal, 0 MB stacks, 0 MB globals, 20 P
gc 644 @73.190s 0%: 0.028+0.64+0.008 ms clock, 0.57+0/1.2/0+0.17 ms cpu, 245->245->140 MB, 246 MB goal, 0 MB stacks, 0 MB globals, 20 P
gc 645 @73.219s 0%: 0.026+6.4+0.003 ms clock, 0.53+0/6.8/0+0.066 ms cpu, 277->277->121 MB, 280 MB goal, 0 MB stacks, 0 MB globals, 20 P
gc 646 @73.249s 0%: 0.035+0.53+0.018 ms clock, 0.70+0/1.7/0.14+0.36 ms cpu, 243->243->138 MB, 243 MB goal, 0 MB stacks, 0 MB globals, 20 P
gc 647 @73.295s 0%: 0.027+1.3+0.005 ms clock, 0.54+0/2.0/0.14+0.11 ms cpu, 280->280->118 MB, 280 MB goal, 0 MB stacks, 0 MB globals, 20 P
gc 648 @73.318s 0%: 0.019+1.4+0.003 ms clock, 0.39+0/1.5/0+0.068 ms cpu, 239->239->124 MB, 239 MB goal, 0 MB stacks, 0 MB globals, 20 P
gc 649 @73.342s 0%: 0.017+0.54+0.008 ms clock, 0.34+0.10/0.63/0.001+0.17 ms cpu, 247->247->113 MB, 248 MB goal, 0 MB stacks, 0 MB globals, 20 P
gc 650 @73.364s 0%: 0.019+2.3+0.003 ms clock, 0.39+0/2.5/0+0.067 ms cpu, 235->235->122 MB, 235 MB goal, 0 MB stacks, 0 MB globals, 20 P
gc 651 @73.394s 0%: 0.017+0.52+0.003 ms clock, 0.35+0/0.76/0+0.075 ms cpu, 242->242->112 MB, 245 MB goal, 0 MB stacks, 0 MB globals, 20 P
gc 652 @73.413s 0%: 0.019+4.0+0.003 ms clock, 0.38+0/4.6/0+0.068 ms cpu, 220->220->117 MB, 224 MB goal, 0 MB stacks, 0 MB globals, 20 P
gc 653 @73.436s 0%: 0.021+0.49+0.013 ms clock, 0.43+0/0.81/0+0.27 ms cpu, 234->234->134 MB, 234 MB goal, 0 MB stacks, 0 MB globals, 20 P
gc 654 @73.462s 0%: 0.026+4.8+0.14 ms clock, 0.53+0/5.5/0.038+2.8 ms cpu, 267->267->113 MB, 269 MB goal, 0 MB stacks, 0 MB globals, 20 P
gc 655 @73.482s 0%: 0.017+1.0+0.005 ms clock, 0.34+0/1.2/0+0.11 ms cpu, 228->228->117 MB, 228 MB goal, 0 MB stacks, 0 MB globals, 20 P
gc 656 @73.500s 0%: 0.020+0.38+0.011 ms clock, 0.40+0/0.72/0+0.22 ms cpu, 239->239->136 MB, 239 MB goal, 0 MB stacks, 0 MB globals, 20 P
gc 657 @73.519s 0%: 0.019+3.5+0.003 ms clock, 0.38+0/3.9/0.083+0.065 ms cpu, 278->278->119 MB, 278 MB goal, 0 MB stacks, 0 MB globals, 20 P
gc 658 @73.542s 0%: 0.021+0.49+0.013 ms clock, 0.42+0/0.76/0.042+0.27 ms cpu, 236->236->138 MB, 238 MB goal, 0 MB stacks, 0 MB globals, 20 P
gc 659 @73.565s 0%: 0.024+1.0+0.004 ms clock, 0.48+0/1.3/0.006+0.089 ms cpu, 281->281->121 MB, 281 MB goal, 0 MB stacks, 0 MB globals, 20 P
gc 660 @73.589s 0%: 0.031+2.9+0.006 ms clock, 0.63+0/3.4/0+0.13 ms cpu, 242->242->126 MB, 242 MB goal, 0 MB stacks, 0 MB globals, 20 P
gc 661 @73.613s 0%: 0.018+0.72+0.048 ms clock, 0.36+0/1.4/0+0.97 ms cpu, 254->254->116 MB, 254 MB goal, 0 MB stacks, 0 MB globals, 20 P
gc 662 @73.628s 0%: 0.018+2.2+0.003 ms clock, 0.36+0/2.6/0+0.075 ms cpu, 230->230->120 MB, 232 MB goal, 0 MB stacks, 0 MB globals, 20 P
gc 663 @73.649s 0%: 0.020+0.69+0.006 ms clock, 0.41+0/1.2/0.026+0.12 ms cpu, 239->239->112 MB, 240 MB goal, 0 MB stacks, 0 MB globals, 20 P
gc 664 @73.663s 0%: 0.018+1.2+0.005 ms clock, 0.37+0/1.6/0.012+0.10 ms cpu, 233->233->119 MB, 233 MB goal, 0 MB stacks, 0 MB globals, 20 P
gc 665 @73.688s 0%: 0.017+0.78+0.003 ms clock, 0.34+0.12/0.68/0.017+0.079 ms cpu, 236->239->108 MB, 239 MB goal, 0 MB stacks, 0 MB globals, 20 P
gc 666 @73.718s 0%: 0.030+0.95+0.007 ms clock, 0.60+0/1.5/0+0.15 ms cpu, 213->213->110 MB, 217 MB goal, 0 MB stacks, 0 MB globals, 20 P
gc 667 @73.737s 0%: 0.019+0.69+0.005 ms clock, 0.39+0/1.0/0.011+0.10 ms cpu, 217->217->115 MB, 221 MB goal, 0 MB stacks, 0 MB globals, 20 P
gc 668 @73.757s 0%: 0.026+3.8+0.008 ms clock, 0.52+0/4.4/0+0.16 ms cpu, 230->230->120 MB, 230 MB goal, 0 MB stacks, 0 MB globals, 20 P
gc 669 @73.783s 0%: 0.027+0.34+0.008 ms clock, 0.55+0/0.57/0+0.17 ms cpu, 243->243->139 MB, 243 MB goal, 0 MB stacks, 0 MB globals, 20 P
gc 670 @73.807s 0%: 0.020+4.2+0.003 ms clock, 0.40+0/4.4/0+0.073 ms cpu, 282->282->123 MB, 282 MB goal, 0 MB stacks, 0 MB globals, 20 P
gc 671 @73.827s 0%: 0.017+1.6+0.005 ms clock, 0.34+0/1.8/0.003+0.10 ms cpu, 244->244->128 MB, 247 MB goal, 0 MB stacks, 0 MB globals, 20 P
gc 672 @73.847s 0%: 0.018+0.66+0.003 ms clock, 0.36+0/1.0/0+0.062 ms cpu, 257->257->118 MB, 258 MB goal, 0 MB stacks, 0 MB globals, 20 P
gc 673 @73.863s 0%: 0.022+1.5+0.13 ms clock, 0.44+0/2.1/0+2.6 ms cpu, 249->249->126 MB, 249 MB goal, 0 MB stacks, 0 MB globals, 20 P
gc 674 @73.898s 0%: 0.024+1.3+0.006 ms clock, 0.48+0/1.9/0.001+0.13 ms cpu, 253->253->115 MB, 253 MB goal, 0 MB stacks, 0 MB globals, 20 P
gc 675 @73.922s 0%: 0.030+3.9+0.006 ms clock, 0.60+0/4.8/0.11+0.13 ms cpu, 229->229->118 MB, 231 MB goal, 0 MB stacks, 0 MB globals, 20 P
gc 676 @73.957s 0%: 0.017+0.86+0.006 ms clock, 0.35+0.15/0.58/0.001+0.13 ms cpu, 234->236->110 MB, 237 MB goal, 0 MB stacks, 0 MB globals, 20 P
gc 677 @73.978s 0%: 0.038+3.3+0.005 ms clock, 0.76+0/3.7/0.008+0.10 ms cpu, 222->222->112 MB, 222 MB goal, 0 MB stacks, 0 MB globals, 20 P
gc 678 @73.995s 0%: 0.018+3.7+0.003 ms clock, 0.37+0/3.8/0.005+0.067 ms cpu, 222->222->117 MB, 224 MB goal, 0 MB stacks, 0 MB globals, 20 P
gc 679 @74.015s 0%: 0.017+1.2+0.003 ms clock, 0.35+0/1.6/0+0.068 ms cpu, 238->238->124 MB, 238 MB goal, 0 MB stacks, 0 MB globals, 20 P
gc 680 @74.039s 0%: 0.023+0.51+0.003 ms clock, 0.46+0/0.70/0+0.060 ms cpu, 247->247->115 MB, 249 MB goal, 0 MB stacks, 0 MB globals, 20 P
gc 681 @74.066s 0%: 0.025+4.9+0.006 ms clock, 0.51+0/5.8/0+0.13 ms cpu, 231->231->121 MB, 231 MB goal, 0 MB stacks, 0 MB globals, 20 P
gc 682 @74.095s 0%: 0.022+6.1+0.003 ms clock, 0.45+0/6.4/0+0.073 ms cpu, 252->252->128 MB, 252 MB goal, 0 MB stacks, 0 MB globals, 20 P
gc 683 @74.126s 0%: 0.019+0.52+0.005 ms clock, 0.38+0/0.95/0.002+0.11 ms cpu, 256->256->117 MB, 258 MB goal, 0 MB stacks, 0 MB globals, 20 P
gc 684 @74.154s 0%: 0.030+6.8+0.003 ms clock, 0.60+0/7.2/0+0.061 ms cpu, 239->239->122 MB, 239 MB goal, 0 MB stacks, 0 MB globals, 20 P
gc 685 @74.183s 0%: 0.027+2.0+0.006 ms clock, 0.55+0/2.6/0+0.13 ms cpu, 242->242->127 MB, 245 MB goal, 0 MB stacks, 0 MB globals, 20 P
gc 686 @74.214s 0%: 0.018+1.9+0.004 ms clock, 0.37+0/2.2/0+0.082 ms cpu, 254->254->115 MB, 254 MB goal, 0 MB stacks, 0 MB globals, 20 P
gc 687 @74.232s 0%: 0.016+0.75+0.003 ms clock, 0.33+0/0.96/0+0.061 ms cpu, 227->227->119 MB, 231 MB goal, 0 MB stacks, 0 MB globals, 20 P
gc 688 @74.261s 0%: 0.019+0.46+0.005 ms clock, 0.38+0/0.64/0+0.10 ms cpu, 246->246->139 MB, 247 MB goal, 0 MB stacks, 0 MB globals, 20 P
gc 689 @74.285s 0%: 0.027+1.2+0.006 ms clock, 0.54+0/2.1/0.073+0.12 ms cpu, 282->282->120 MB, 282 MB goal, 0 MB stacks, 0 MB globals, 20 P
gc 690 @74.311s 0%: 0.024+0.47+0.011 ms clock, 0.48+0/1.0/0+0.22 ms cpu, 237->237->138 MB, 240 MB goal, 0 MB stacks, 0 MB globals, 20 P
gc 691 @74.336s 0%: 0.023+3.8+0.003 ms clock, 0.46+0/4.2/0+0.068 ms cpu, 280->280->120 MB, 281 MB goal, 0 MB stacks, 0 MB globals, 20 P
gc 692 @74.357s 0%: 0.027+1.7+0.006 ms clock, 0.55+0/2.7/0.19+0.13 ms cpu, 241->241->125 MB, 241 MB goal, 0 MB stacks, 0 MB globals, 20 P
gc 693 @74.390s 0%: 0.027+0.66+0.007 ms clock, 0.54+0/1.3/0.11+0.14 ms cpu, 251->251->112 MB, 252 MB goal, 0 MB stacks, 0 MB globals, 20 P
gc 694 @74.414s 0%: 0.027+0.94+0.005 ms clock, 0.54+0/1.8/0.053+0.11 ms cpu, 223->223->115 MB, 225 MB goal, 0 MB stacks, 0 MB globals, 20 P
gc 695 @74.440s 0%: 0.016+0.36+0.003 ms clock, 0.32+0.088/0.59/0+0.061 ms cpu, 226->228->106 MB, 230 MB goal, 0 MB stacks, 0 MB globals, 20 P
gc 696 @74.459s 0%: 0.024+3.6+0.003 ms clock, 0.49+0/4.3/0+0.077 ms cpu, 211->211->110 MB, 214 MB goal, 0 MB stacks, 0 MB globals, 20 P
gc 697 @74.477s 0%: 0.018+1.4+0.003 ms clock, 0.37+0/1.6/0+0.067 ms cpu, 221->221->114 MB, 221 MB goal, 0 MB stacks, 0 MB globals, 20 P
gc 698 @74.494s 0%: 0.021+3.3+0.003 ms clock, 0.42+0/3.8/0.056+0.068 ms cpu, 235->235->119 MB, 235 MB goal, 0 MB stacks, 0 MB globals, 20 P
gc 699 @74.516s 0%: 0.017+0.36+0.19 ms clock, 0.35+0/0.74/0+3.8 ms cpu, 236->239->111 MB, 239 MB goal, 0 MB stacks, 0 MB globals, 20 P
gc 700 @74.532s 0%: 0.017+0.63+0.025 ms clock, 0.35+0/1.1/0+0.50 ms cpu, 223->223->114 MB, 223 MB goal, 0 MB stacks, 0 MB globals, 20 P
gc 701 @74.547s 0%: 0.019+2.6+0.003 ms clock, 0.39+0/2.9/0+0.070 ms cpu, 238->238->122 MB, 238 MB goal, 0 MB stacks, 0 MB globals, 20 P
gc 702 @74.570s 0%: 0.020+0.45+0.007 ms clock, 0.40+0/0.61/0+0.15 ms cpu, 245->245->141 MB, 246 MB goal, 0 MB stacks, 0 MB globals, 20 P
gc 703 @74.595s 0%: 0.018+3.6+0.003 ms clock, 0.37+0/3.8/0+0.069 ms cpu, 284->284->123 MB, 284 MB goal, 0 MB stacks, 0 MB globals, 20 P
gc 704 @74.614s 0%: 0.023+5.6+0.010 ms clock, 0.46+0/6.2/0.003+0.21 ms cpu, 244->244->129 MB, 246 MB goal, 0 MB stacks, 0 MB globals, 20 P
gc 705 @74.644s 0%: 0.017+0.53+0.005 ms clock, 0.34+0.028/0.78/0+0.10 ms cpu, 254->254->116 MB, 258 MB goal, 0 MB stacks, 0 MB globals, 20 P
gc 706 @74.671s 0%: 0.020+0.92+0.004 ms clock, 0.41+0/1.3/0.003+0.084 ms cpu, 237->237->120 MB, 237 MB goal, 0 MB stacks, 0 MB globals, 20 P
gc 707 @74.706s 0%: 0.019+0.53+0.005 ms clock, 0.38+0.014/1.0/0.004+0.11 ms cpu, 241->241->111 MB, 241 MB goal, 0 MB stacks, 0 MB globals, 20 P
gc 708 @74.733s 0%: 0.019+4.7+0.002 ms clock, 0.38+0/5.1/0+0.056 ms cpu, 228->228->118 MB, 228 MB goal, 0 MB stacks, 0 MB globals, 20 P
gc 709 @74.755s 0%: 0.020+0.47+0.015 ms clock, 0.40+0/0.73/0+0.31 ms cpu, 240->240->135 MB, 240 MB goal, 0 MB stacks, 0 MB globals, 20 P
gc 710 @74.783s 0%: 0.029+1.0+0.003 ms clock, 0.59+0/1.7/0.009+0.065 ms cpu, 268->268->113 MB, 271 MB goal, 0 MB stacks, 0 MB globals, 20 P
gc 711 @74.800s 0%: 0.031+1.5+0.005 ms clock, 0.63+0/2.3/0.053+0.10 ms cpu, 228->228->119 MB, 228 MB goal, 0 MB stacks, 0 MB globals, 20 P
gc 712 @74.830s 0%: 0.021+0.46+0.009 ms clock, 0.42+0/0.79/0+0.18 ms cpu, 241->241->137 MB, 241 MB goal, 0 MB stacks, 0 MB globals, 20 P
gc 713 @74.854s 0%: 0.024+4.5+0.003 ms clock, 0.49+0/5.2/0+0.069 ms cpu, 279->279->120 MB, 279 MB goal, 0 MB stacks, 0 MB globals, 20 P
gc 714 @74.878s 0%: 0.031+3.7+0.003 ms clock, 0.62+0/4.4/0.11+0.061 ms cpu, 239->239->126 MB, 240 MB goal, 0 MB stacks, 0 MB globals, 20 P
gc 715 @74.915s 0%: 0.018+0.67+0.003 ms clock, 0.36+0/1.2/0.001+0.066 ms cpu, 255->255->116 MB, 255 MB goal, 0 MB stacks, 0 MB globals, 20 P
gc 716 @74.933s 0%: 0.028+2.1+0.006 ms clock, 0.56+0/3.0/0.063+0.13 ms cpu, 230->230->120 MB, 234 MB goal, 0 MB stacks, 0 MB globals, 20 P
gc 717 @74.957s 0%: 0.019+0.57+0.003 ms clock, 0.39+0/1.0/0+0.078 ms cpu, 239->239->110 MB, 240 MB goal, 0 MB stacks, 0 MB globals, 20 P
gc 718 @74.983s 0%: 0.026+8.1+0.002 ms clock, 0.53+0/8.7/0.003+0.058 ms cpu, 232->232->118 MB, 232 MB goal, 0 MB stacks, 0 MB globals, 20 P
gc 719 @75.018s 0%: 0.018+0.68+0.066 ms clock, 0.36+0/1.2/0.048+1.3 ms cpu, 235->235->107 MB, 238 MB goal, 0 MB stacks, 0 MB globals, 20 P
gc 720 @75.051s 0%: 0.017+0.57+0.004 ms clock, 0.35+0/0.96/0.034+0.086 ms cpu, 215->215->110 MB, 215 MB goal, 0 MB stacks, 0 MB globals, 20 P
gc 721 @75.077s 0%: 0.032+1.1+0.006 ms clock, 0.64+0/1.9/0.035+0.12 ms cpu, 217->217->115 MB, 221 MB goal, 0 MB stacks, 0 MB globals, 20 P
gc 722 @75.104s 0%: 0.027+3.6+0.004 ms clock, 0.54+0/3.9/0+0.088 ms cpu, 230->230->120 MB, 230 MB goal, 0 MB stacks, 0 MB globals, 20 P
gc 723 @75.132s 0%: 0.022+0.37+0.014 ms clock, 0.45+0/0.78/0.018+0.28 ms cpu, 243->243->139 MB, 243 MB goal, 0 MB stacks, 0 MB globals, 20 P
gc 724 @75.168s 0%: 0.024+4.4+0.003 ms clock, 0.49+0/4.7/0+0.077 ms cpu, 282->282->123 MB, 282 MB goal, 0 MB stacks, 0 MB globals, 20 P
gc 725 @75.188s 0%: 0.12+1.7+0.003 ms clock, 2.4+0/2.0/0+0.075 ms cpu, 244->244->128 MB, 247 MB goal, 0 MB stacks, 0 MB globals, 20 P
gc 726 @75.230s 0%: 0.041+1.2+0.021 ms clock, 0.83+0/1.9/0.047+0.42 ms cpu, 255->255->116 MB, 258 MB goal, 0 MB stacks, 0 MB globals, 20 P
gc 727 @75.260s 0%: 0.032+1.0+0.005 ms clock, 0.65+0/1.1/0+0.11 ms cpu, 237->237->121 MB, 237 MB goal, 0 MB stacks, 0 MB globals, 20 P
gc 728 @75.282s 0%: 0.023+2.3+0.003 ms clock, 0.46+0/2.8/0.020+0.063 ms cpu, 241->241->125 MB, 243 MB goal, 0 MB stacks, 0 MB globals, 20 P
gc 729 @75.305s 0%: 0.019+0.51+0.006 ms clock, 0.38+0.071/0.74/0+0.13 ms cpu, 248->248->113 MB, 251 MB goal, 0 MB stacks, 0 MB globals, 20 P
gc 730 @75.322s 0%: 0.018+2.1+0.006 ms clock, 0.37+0/2.4/0+0.13 ms cpu, 229->229->118 MB, 229 MB goal, 0 MB stacks, 0 MB globals, 20 P
gc 731 @75.338s 0%: 0.021+3.9+0.003 ms clock, 0.42+0/4.4/0+0.063 ms cpu, 233->233->122 MB, 236 MB goal, 0 MB stacks, 0 MB globals, 20 P
gc 732 @75.360s 0%: 0.021+0.37+0.013 ms clock, 0.42+0/0.72/0.002+0.27 ms cpu, 244->244->139 MB, 245 MB goal, 0 MB stacks, 0 MB globals, 20 P
gc 733 @75.383s 0%: 0.020+3.5+0.005 ms clock, 0.41+0/3.9/0+0.11 ms cpu, 282->282->122 MB, 282 MB goal, 0 MB stacks, 0 MB globals, 20 P
gc 734 @75.406s 0%: 0.019+0.50+0.005 ms clock, 0.38+0.077/0.82/0+0.10 ms cpu, 240->242->113 MB, 244 MB goal, 0 MB stacks, 0 MB globals, 20 P
gc 735 @75.421s 0%: 0.022+0.87+0.012 ms clock, 0.45+0/1.2/0.001+0.24 ms cpu, 228->228->116 MB, 228 MB goal, 0 MB stacks, 0 MB globals, 20 P
gc 736 @75.446s 0%: 0.028+1.3+0.006 ms clock, 0.56+0/1.8/0+0.13 ms cpu, 232->232->119 MB, 232 MB goal, 0 MB stacks, 0 MB globals, 20 P
gc 737 @75.475s 0%: 0.024+0.53+0.009 ms clock, 0.48+0/0.81/0+0.19 ms cpu, 237->237->137 MB, 239 MB goal, 0 MB stacks, 0 MB globals, 20 P
gc 738 @75.504s 0%: 0.031+5.5+0.004 ms clock, 0.62+0/6.3/0.007+0.087 ms cpu, 275->275->120 MB, 275 MB goal, 0 MB stacks, 0 MB globals, 20 P
gc 739 @75.539s 0%: 0.021+1.2+0.008 ms clock, 0.43+0/1.5/0+0.17 ms cpu, 238->238->108 MB, 241 MB goal, 0 MB stacks, 0 MB globals, 20 P
gc 740 @75.556s 0%: 0.018+0.67+0.005 ms clock, 0.36+0/0.94/0.057+0.11 ms cpu, 214->214->112 MB, 218 MB goal, 0 MB stacks, 0 MB globals, 20 P
gc 741 @75.576s 0%: 0.029+7.3+0.008 ms clock, 0.58+0/7.9/0+0.16 ms cpu, 228->228->117 MB, 228 MB goal, 0 MB stacks, 0 MB globals, 20 P
gc 742 @75.612s 0%: 0.023+0.53+0.010 ms clock, 0.47+0/0.85/0+0.20 ms cpu, 235->235->135 MB, 235 MB goal, 0 MB stacks, 0 MB globals, 20 P
gc 743 @75.635s 0%: 0.019+2.6+0.003 ms clock, 0.38+0/2.8/0+0.078 ms cpu, 268->268->117 MB, 271 MB goal, 0 MB stacks, 0 MB globals, 20 P
gc 744 @75.654s 0%: 0.023+2.1+0.002 ms clock, 0.47+0/2.5/0.013+0.059 ms cpu, 232->232->121 MB, 234 MB goal, 0 MB stacks, 0 MB globals, 20 P
gc 745 @75.676s 0%: 0.020+0.47+0.009 ms clock, 0.40+0/0.66/0+0.18 ms cpu, 243->243->138 MB, 243 MB goal, 0 MB stacks, 0 MB globals, 20 P
gc 746 @75.700s 0%: 0.028+5.9+0.005 ms clock, 0.56+0/6.3/0.002+0.11 ms cpu, 281->281->121 MB, 281 MB goal, 0 MB stacks, 0 MB globals, 20 P
gc 747 @75.722s 0%: 0.022+3.3+0.006 ms clock, 0.45+0/3.7/0+0.13 ms cpu, 242->242->129 MB, 243 MB goal, 0 MB stacks, 0 MB globals, 20 P
gc 748 @75.750s 0%: 0.019+0.53+0.006 ms clock, 0.39+0/0.93/0+0.12 ms cpu, 256->256->117 MB, 258 MB goal, 0 MB stacks, 0 MB globals, 20 P
gc 749 @75.765s 0%: 0.021+0.85+0.002 ms clock, 0.43+0/1.4/0.068+0.059 ms cpu, 239->239->122 MB, 239 MB goal, 0 MB stacks, 0 MB globals, 20 P
gc 750 @75.796s 0%: 0.017+0.61+0.006 ms clock, 0.34+0.14/0.75/0.002+0.13 ms cpu, 242->244->113 MB, 245 MB goal, 0 MB stacks, 0 MB globals, 20 P
gc 751 @75.812s 0%: 0.025+1.5+0.015 ms clock, 0.50+0/2.0/0+0.31 ms cpu, 223->223->116 MB, 226 MB goal, 0 MB stacks, 0 MB globals, 20 P
gc 752 @75.842s 0%: 0.023+6.3+0.004 ms clock, 0.46+0/6.9/0.001+0.087 ms cpu, 230->230->122 MB, 233 MB goal, 0 MB stacks, 0 MB globals, 20 P
gc 753 @75.865s 0%: 0.023+1.1+0.009 ms clock, 0.47+0.050/0.76/0.010+0.18 ms cpu, 242->245->112 MB, 245 MB goal, 0 MB stacks, 0 MB globals, 20 P
gc 754 @75.890s 0%: 0.028+5.2+0.007 ms clock, 0.56+0/6.0/0.019+0.14 ms cpu, 227->227->113 MB, 227 MB goal, 0 MB stacks, 0 MB globals, 20 P
gc 755 @75.918s 0%: 0.018+2.6+0.005 ms clock, 0.37+0/2.9/0+0.11 ms cpu, 229->229->119 MB, 229 MB goal, 0 MB stacks, 0 MB globals, 20 P
gc 756 @75.949s 0%: 0.020+0.47+0.009 ms clock, 0.40+0/0.89/0+0.19 ms cpu, 241->241->136 MB, 241 MB goal, 0 MB stacks, 0 MB globals, 20 P
gc 757 @75.989s 0%: 0.028+6.3+0.004 ms clock, 0.56+0/7.1/0+0.089 ms cpu, 279->279->117 MB, 279 MB goal, 0 MB stacks, 0 MB globals, 20 P
gc 758 @76.018s 0%: 0.019+2.4+0.006 ms clock, 0.38+0/2.6/0+0.12 ms cpu, 238->238->124 MB, 238 MB goal, 0 MB stacks, 0 MB globals, 20 P
gc 759 @76.042s 0%: 0.022+0.57+0.006 ms clock, 0.44+0.048/0.90/0.021+0.12 ms cpu, 246->246->115 MB, 248 MB goal, 0 MB stacks, 0 MB globals, 20 P
gc 760 @76.072s 0%: 0.021+0.93+0.004 ms clock, 0.42+0/1.4/0+0.091 ms cpu, 231->231->121 MB, 231 MB goal, 0 MB stacks, 0 MB globals, 20 P
gc 761 @76.098s 0%: 0.030+7.5+0.003 ms clock, 0.61+0/7.8/0+0.072 ms cpu, 252->252->128 MB, 252 MB goal, 0 MB stacks, 0 MB globals, 20 P
gc 762 @76.128s 0%: 0.017+0.46+0.003 ms clock, 0.34+0/0.72/0+0.068 ms cpu, 254->254->116 MB, 258 MB goal, 0 MB stacks, 0 MB globals, 20 P
gc 763 @76.146s 0%: 0.018+0.94+0.003 ms clock, 0.36+0/1.2/0+0.062 ms cpu, 238->238->121 MB, 238 MB goal, 0 MB stacks, 0 MB globals, 20 P
gc 764 @76.171s 0%: 0.017+0.40+0.16 ms clock, 0.35+0.11/0.60/0+3.3 ms cpu, 240->242->111 MB, 244 MB goal, 0 MB stacks, 0 MB globals, 20 P
gc 765 @76.190s 0%: 0.026+1.5+0.006 ms clock, 0.53+0/2.4/0.002+0.13 ms cpu, 222->222->115 MB, 222 MB goal, 0 MB stacks, 0 MB globals, 20 P
gc 766 @76.210s 0%: 0.029+3.0+0.005 ms clock, 0.58+0/3.7/0.003+0.10 ms cpu, 228->228->121 MB, 230 MB goal, 0 MB stacks, 0 MB globals, 20 P
gc 767 @76.245s 0%: 0.018+0.77+0.004 ms clock, 0.36+0/1.0/0+0.087 ms cpu, 241->241->108 MB, 242 MB goal, 0 MB stacks, 0 MB globals, 20 P
gc 768 @76.269s 0%: 0.026+0.91+0.006 ms clock, 0.53+0/1.6/0.007+0.13 ms cpu, 213->213->111 MB, 217 MB goal, 0 MB stacks, 0 MB globals, 20 P
gc 769 @76.292s 0%: 0.019+3.1+0.003 ms clock, 0.39+0/3.4/0.001+0.066 ms cpu, 229->229->117 MB, 229 MB goal, 0 MB stacks, 0 MB globals, 20 P
gc 770 @76.315s 0%: 0.025+2.7+0.003 ms clock, 0.50+0/3.2/0+0.072 ms cpu, 238->238->124 MB, 238 MB goal, 0 MB stacks, 0 MB globals, 20 P
gc 771 @76.342s 0%: 0.018+0.48+0.005 ms clock, 0.36+0/0.70/0+0.11 ms cpu, 247->247->114 MB, 250 MB goal, 0 MB stacks, 0 MB globals, 20 P
gc 772 @76.363s 0%: 0.025+4.9+0.13 ms clock, 0.51+0/5.7/0+2.6 ms cpu, 236->236->123 MB, 236 MB goal, 0 MB stacks, 0 MB globals, 20 P
gc 773 @76.390s 0%: 0.019+0.55+0.004 ms clock, 0.39+0/0.67/0+0.086 ms cpu, 247->247->111 MB, 248 MB goal, 0 MB stacks, 0 MB globals, 20 P
gc 774 @76.412s 0%: 0.029+1.6+0.021 ms clock, 0.58+0/2.3/0.066+0.43 ms cpu, 227->227->117 MB, 228 MB goal, 0 MB stacks, 0 MB globals, 20 P
gc 775 @76.442s 0%: 0.022+0.88+0.006 ms clock, 0.44+0/1.5/0+0.12 ms cpu, 234->234->104 MB, 235 MB goal, 0 MB stacks, 0 MB globals, 20 P
gc 776 @76.459s 0%: 0.029+1.3+0.004 ms clock, 0.59+0/2.0/0.039+0.098 ms cpu, 209->209->107 MB, 210 MB goal, 0 MB stacks, 0 MB globals, 20 P
gc 777 @76.485s 0%: 0.025+0.82+0.006 ms clock, 0.50+0/1.6/0.12+0.12 ms cpu, 213->213->95 MB, 216 MB goal, 0 MB stacks, 0 MB globals, 20 P
gc 778 @76.511s 0%: 0.032+1.3+0.010 ms clock, 0.65+0/2.0/0+0.20 ms cpu, 188->188->96 MB, 191 MB goal, 0 MB stacks, 0 MB globals, 20 P
gc 779 @76.532s 0%: 0.030+9.5+0.006 ms clock, 0.61+0/10/0.002+0.13 ms cpu, 192->192->100 MB, 193 MB goal, 0 MB stacks, 0 MB globals, 20 P
gc 780 @76.568s 0%: 0.022+2.4+0.004 ms clock, 0.44+0/2.0/0+0.091 ms cpu, 198->202->94 MB, 202 MB goal, 0 MB stacks, 0 MB globals, 20 P
gc 781 @76.593s 0%: 0.023+3.7+0.003 ms clock, 0.46+0/4.2/0.004+0.066 ms cpu, 191->191->96 MB, 191 MB goal, 0 MB stacks, 0 MB globals, 20 P
gc 782 @76.614s 0%: 0.028+3.3+0.005 ms clock, 0.56+0/3.8/0+0.10 ms cpu, 192->192->101 MB, 193 MB goal, 0 MB stacks, 0 MB globals, 20 P
gc 783 @76.640s 0%: 0.027+0.95+0.011 ms clock, 0.55+0.095/1.2/0.001+0.22 ms cpu, 198->202->94 MB, 202 MB goal, 0 MB stacks, 0 MB globals, 20 P
gc 784 @76.656s 0%: 0.018+2.2+0.003 ms clock, 0.36+0/2.4/0+0.061 ms cpu, 191->191->96 MB, 191 MB goal, 0 MB stacks, 0 MB globals, 20 P
gc 785 @76.672s 0%: 0.030+4.1+0.010 ms clock, 0.61+0/4.7/0.013+0.20 ms cpu, 192->192->101 MB, 193 MB goal, 0 MB stacks, 0 MB globals, 20 P
gc 786 @76.695s 0%: 0.017+0.68+0.005 ms clock, 0.35+0.030/0.72/0+0.11 ms cpu, 198->202->94 MB, 202 MB goal, 0 MB stacks, 0 MB globals, 20 P
gc 787 @76.709s 0%: 0.018+2.5+0.010 ms clock, 0.37+0/3.1/0.005+0.20 ms cpu, 191->191->96 MB, 191 MB goal, 0 MB stacks, 0 MB globals, 20 P
gc 788 @76.731s 0%: 0.038+1.8+0.007 ms clock, 0.77+0/2.6/0+0.14 ms cpu, 192->192->101 MB, 193 MB goal, 0 MB stacks, 0 MB globals, 20 P
gc 789 @76.759s 0%: 0.027+1.3+0.006 ms clock, 0.55+0/1.4/0.037+0.13 ms cpu, 198->201->94 MB, 202 MB goal, 0 MB stacks, 0 MB globals, 20 P
gc 790 @76.781s 0%: 0.025+1.1+0.008 ms clock, 0.50+0/2.0/0+0.16 ms cpu, 185->185->96 MB, 188 MB goal, 0 MB stacks, 0 MB globals, 20 P
gc 791 @76.808s 0%: 0.028+3.5+0.007 ms clock, 0.56+0/4.3/0.072+0.15 ms cpu, 195->195->99 MB, 195 MB goal, 0 MB stacks, 0 MB globals, 20 P
gc 792 @76.830s 0%: 0.020+4.6+0.005 ms clock, 0.40+0/4.9/0+0.10 ms cpu, 197->197->105 MB, 199 MB goal, 0 MB stacks, 0 MB globals, 20 P
gc 793 @76.862s 0%: 0.028+2.5+0.007 ms clock, 0.56+0/3.0/0+0.15 ms cpu, 209->209->99 MB, 211 MB goal, 0 MB stacks, 0 MB globals, 20 P
gc 794 @76.892s 0%: 0.024+0.64+0.022 ms clock, 0.48+0/1.2/0+0.44 ms cpu, 196->196->103 MB, 198 MB goal, 0 MB stacks, 0 MB globals, 20 P
gc 795 @76.913s 0%: 0.027+1.1+0.006 ms clock, 0.55+0/1.7/0+0.12 ms cpu, 207->207->108 MB, 207 MB goal, 0 MB stacks, 0 MB globals, 20 P
gc 796 @76.939s 0%: 0.019+3.6+0.003 ms clock, 0.39+0/3.9/0.007+0.070 ms cpu, 219->219->115 MB, 219 MB goal, 0 MB stacks, 0 MB globals, 20 P
gc 797 @76.969s 0%: 0.027+6.6+0.015 ms clock, 0.54+0/6.9/0+0.30 ms cpu, 236->236->122 MB, 236 MB goal, 0 MB stacks, 0 MB globals, 20 P
gc 798 @76.996s 0%: 0.020+0.73+0.005 ms clock, 0.41+0.083/0.74/0+0.11 ms cpu, 242->245->116 MB, 245 MB goal, 0 MB stacks, 0 MB globals, 20 P
gc 799 @77.012s 0%: 0.018+3.0+0.003 ms clock, 0.36+0/3.4/0+0.076 ms cpu, 232->232->119 MB, 232 MB goal, 0 MB stacks, 0 MB globals, 20 P
gc 800 @77.037s 0%: 0.030+5.1+0.003 ms clock, 0.61+0/5.8/0+0.077 ms cpu, 250->250->129 MB, 250 MB goal, 0 MB stacks, 0 MB globals, 20 P
gc 801 @77.062s 0%: 0.021+0.49+0.37 ms clock, 0.43+0/0.85/0+7.5 ms cpu, 256->261->122 MB, 258 MB goal, 0 MB stacks, 0 MB globals, 20 P
gc 802 @77.080s 0%: 0.022+1.3+0.013 ms clock, 0.45+0/1.6/0+0.26 ms cpu, 251->251->125 MB, 251 MB goal, 0 MB stacks, 0 MB globals, 20 P
gc 803 @77.107s 0%: 0.027+0.83+0.007 ms clock, 0.54+0/1.4/0.012+0.14 ms cpu, 248->248->113 MB, 250 MB goal, 0 MB stacks, 0 MB globals, 20 P
gc 804 @77.135s 0%: 0.028+6.4+0.003 ms clock, 0.57+0/7.3/0+0.072 ms cpu, 230->230->120 MB, 231 MB goal, 0 MB stacks, 0 MB globals, 20 P
gc 805 @77.162s 0%: 0.016+0.61+0.003 ms clock, 0.33+0.062/0.66/0+0.066 ms cpu, 236->238->111 MB, 241 MB goal, 0 MB stacks, 0 MB globals, 20 P
gc 806 @77.176s 0%: 0.015+0.62+0.006 ms clock, 0.30+0/0.83/0+0.12 ms cpu, 222->222->112 MB, 222 MB goal, 0 MB stacks, 0 MB globals, 20 P
gc 807 @77.189s 0%: 0.019+1.5+0.003 ms clock, 0.38+0/1.7/0+0.064 ms cpu, 223->223->116 MB, 226 MB goal, 0 MB stacks, 0 MB globals, 20 P
gc 808 @77.209s 0%: 0.020+2.2+0.004 ms clock, 0.41+0/2.5/0+0.083 ms cpu, 237->237->123 MB, 237 MB goal, 0 MB stacks, 0 MB globals, 20 P
gc 809 @77.237s 0%: 0.016+0.48+0.005 ms clock, 0.33+0.10/0.58/0+0.11 ms cpu, 244->244->112 MB, 246 MB goal, 0 MB stacks, 0 MB globals, 20 P
gc 810 @77.256s 0%: 0.025+1.6+0.005 ms clock, 0.51+0/2.5/0.005+0.10 ms cpu, 227->227->117 MB, 227 MB goal, 0 MB stacks, 0 MB globals, 20 P
gc 811 @77.296s 0%: 0.020+0.63+0.003 ms clock, 0.40+0.094/0.58/0+0.078 ms cpu, 230->231->108 MB, 234 MB goal, 0 MB stacks, 0 MB globals, 20 P
gc 812 @77.312s 0%: 0.018+1.5+0.003 ms clock, 0.37+0/1.8/0+0.070 ms cpu, 219->219->113 MB, 219 MB goal, 0 MB stacks, 0 MB globals, 20 P
gc 813 @77.331s 0%: 0.027+5.5+0.004 ms clock, 0.54+0/6.2/0.049+0.094 ms cpu, 229->229->118 MB, 229 MB goal, 0 MB stacks, 0 MB globals, 20 P
gc 814 @77.359s 0%: 0.020+0.46+0.010 ms clock, 0.41+0/0.70/0+0.20 ms cpu, 240->240->135 MB, 240 MB goal, 0 MB stacks, 0 MB globals, 20 P
gc 815 @77.382s 0%: 0.019+2.9+0.003 ms clock, 0.38+0/3.1/0+0.061 ms cpu, 268->268->115 MB, 271 MB goal, 0 MB stacks, 0 MB globals, 20 P
gc 816 @77.400s 0%: 0.020+1.8+0.003 ms clock, 0.40+0/2.2/0.010+0.064 ms cpu, 230->230->121 MB, 230 MB goal, 0 MB stacks, 0 MB globals, 20 P
gc 817 @77.428s 0%: 0.028+0.60+0.006 ms clock, 0.57+0/1.5/0.12+0.12 ms cpu, 240->240->112 MB, 242 MB goal, 0 MB stacks, 0 MB globals, 20 P
gc 818 @77.456s 0%: 0.030+1.3+0.007 ms clock, 0.61+0/2.1/0.081+0.14 ms cpu, 221->221->117 MB, 225 MB goal, 0 MB stacks, 0 MB globals, 20 P
gc 819 @77.475s 0%: 0.018+2.7+0.005 ms clock, 0.36+0/3.0/0+0.11 ms cpu, 238->238->123 MB, 238 MB goal, 0 MB stacks, 0 MB globals, 20 P
gc 820 @77.506s 0%: 0.028+1.0+0.006 ms clock, 0.56+0.16/1.1/0.17+0.12 ms cpu, 242->245->113 MB, 246 MB goal, 0 MB stacks, 0 MB globals, 20 P
gc 821 @77.526s 0%: 0.021+3.4+0.004 ms clock, 0.42+0/4.0/0.011+0.083 ms cpu, 221->221->113 MB, 226 MB goal, 0 MB stacks, 0 MB globals, 20 P
gc 822 @77.545s 0%: 0.021+3.8+0.005 ms clock, 0.42+0/3.9/0+0.10 ms cpu, 224->224->118 MB, 227 MB goal, 0 MB stacks, 0 MB globals, 20 P
gc 823 @77.578s 0%: 0.028+2.9+0.004 ms clock, 0.56+0/3.6/0.060+0.094 ms cpu, 239->239->126 MB, 240 MB goal, 0 MB stacks, 0 MB globals, 20 P
gc 824 @77.604s 0%: 0.022+0.47+0.004 ms clock, 0.45+0/0.92/0+0.094 ms cpu, 248->248->116 MB, 252 MB goal, 0 MB stacks, 0 MB globals, 20 P
gc 825 @77.619s 0%: 0.019+3.0+0.004 ms clock, 0.39+0/3.4/0+0.084 ms cpu, 233->233->121 MB, 233 MB goal, 0 MB stacks, 0 MB globals, 20 P
gc 826 @77.646s 0%: 0.029+6.2+0.003 ms clock, 0.58+0/6.5/0+0.078 ms cpu, 252->252->129 MB, 252 MB goal, 0 MB stacks, 0 MB globals, 20 P
gc 827 @77.680s 0%: 0.020+0.80+0.003 ms clock, 0.40+0/1.2/0+0.079 ms cpu, 258->258->119 MB, 258 MB goal, 0 MB stacks, 0 MB globals, 20 P
gc 828 @77.704s 0%: 0.018+3.0+0.075 ms clock, 0.37+0/3.2/0+1.5 ms cpu, 249->261->138 MB, 249 MB goal, 0 MB stacks, 0 MB globals, 20 P
gc 829 @77.728s 0%: 0.020+4.5+0.003 ms clock, 0.41+0/4.7/0.009+0.074 ms cpu, 276->276->119 MB, 277 MB goal, 0 MB stacks, 0 MB globals, 20 P
gc 830 @77.751s 0%: 0.020+0.51+0.005 ms clock, 0.41+0.063/1.1/0+0.10 ms cpu, 227->229->107 MB, 239 MB goal, 0 MB stacks, 0 MB globals, 20 P
gc 831 @77.767s 0%: 0.017+0.93+0.003 ms clock, 0.35+0/0.92/0.075+0.063 ms cpu, 204->206->109 MB, 215 MB goal, 0 MB stacks, 0 MB globals, 20 P
gc 832 @77.784s 0%: 0.020+0.52+2.0 ms clock, 0.40+0/0.90/0.027+41 ms cpu, 207->211->113 MB, 218 MB goal, 0 MB stacks, 0 MB globals, 20 P
gc 833 @77.807s 0%: 0.020+3.1+0.004 ms clock, 0.40+0/3.3/0+0.090 ms cpu, 217->217->113 MB, 226 MB goal, 0 MB stacks, 0 MB globals, 20 P
gc 834 @77.826s 0%: 0.024+5.5+0.006 ms clock, 0.49+0/5.9/0.13+0.13 ms cpu, 224->224->118 MB, 227 MB goal, 0 MB stacks, 0 MB globals, 20 P
gc 835 @77.857s 0%: 0.023+5.4+0.093 ms clock, 0.47+0/5.7/0+1.8 ms cpu, 239->252->138 MB, 239 MB goal, 0 MB stacks, 0 MB globals, 20 P
gc 836 @77.886s 0%: 0.021+2.7+0.005 ms clock, 0.42+0/2.9/0.003+0.11 ms cpu, 276->276->122 MB, 277 MB goal, 0 MB stacks, 0 MB globals, 20 P
gc 837 @77.907s 0%: 0.031+0.64+0.003 ms clock, 0.62+0/0.78/0+0.066 ms cpu, 234->236->110 MB, 246 MB goal, 0 MB stacks, 0 MB globals, 20 P
gc 838 @77.923s 0%: 0.020+3.7+0.003 ms clock, 0.41+0/4.2/0.020+0.064 ms cpu, 215->215->113 MB, 221 MB goal, 0 MB stacks, 0 MB globals, 20 P
gc 839 @77.950s 0%: 0.031+11+0.004 ms clock, 0.62+0/12/0+0.083 ms cpu, 227->227->119 MB, 227 MB goal, 0 MB stacks, 0 MB globals, 20 P
gc 840 @77.990s 0%: 0.020+0.39+0.006 ms clock, 0.41+0.031/0.91/0+0.12 ms cpu, 226->227->104 MB, 239 MB goal, 0 MB stacks, 0 MB globals, 20 P
gc 841 @78.013s 0%: 0.088+0.39+0.099 ms clock, 1.7+0.030/0.98/0.001+1.9 ms cpu, 196->197->106 MB, 208 MB goal, 0 MB stacks, 0 MB globals, 20 P
gc 842 @78.031s 0%: 0.016+0.67+0.006 ms clock, 0.32+0/0.96/0.035+0.12 ms cpu, 201->202->108 MB, 213 MB goal, 0 MB stacks, 0 MB globals, 20 P
gc 843 @78.053s 0%: 0.018+2.0+0.003 ms clock, 0.36+0/1.3/0+0.063 ms cpu, 206->209->113 MB, 218 MB goal, 0 MB stacks, 0 MB globals, 20 P
gc 844 @78.079s 0%: 0.026+0.98+0.006 ms clock, 0.53+0/1.6/0.009+0.13 ms cpu, 224->224->116 MB, 226 MB goal, 0 MB stacks, 0 MB globals, 20 P
gc 845 @78.099s 0%: 0.029+7.4+0.003 ms clock, 0.59+0/8.1/0.084+0.066 ms cpu, 240->240->124 MB, 240 MB goal, 0 MB stacks, 0 MB globals, 20 P
gc 846 @78.138s 0%: 0.020+0.51+0.008 ms clock, 0.41+0/0.63/0+0.17 ms cpu, 246->246->143 MB, 249 MB goal, 0 MB stacks, 0 MB globals, 20 P
gc 847 @78.167s 0%: 0.017+3.5+0.003 ms clock, 0.34+0/3.6/0+0.067 ms cpu, 285->285->123 MB, 286 MB goal, 0 MB stacks, 0 MB globals, 20 P
gc 848 @78.185s 0%: 0.018+2.4+0.008 ms clock, 0.36+0/2.8/0+0.16 ms cpu, 244->244->129 MB, 247 MB goal, 0 MB stacks, 0 MB globals, 20 P
gc 849 @78.211s 0%: 0.021+0.59+0.006 ms clock, 0.43+0/1.1/0.037+0.13 ms cpu, 254->254->116 MB, 258 MB goal, 0 MB stacks, 0 MB globals, 20 P
gc 850 @78.238s 0%: 0.032+1.9+0.006 ms clock, 0.64+0/2.4/0+0.12 ms cpu, 233->233->122 MB, 233 MB goal, 0 MB stacks, 0 MB globals, 20 P
gc 851 @78.266s 0%: 0.019+0.45+0.003 ms clock, 0.38+0.009/0.68/0.002+0.069 ms cpu, 243->243->111 MB, 245 MB goal, 0 MB stacks, 0 MB globals, 20 P
gc 852 @78.283s 0%: 0.016+0.79+0.006 ms clock, 0.33+0/1.1/0.005+0.12 ms cpu, 219->219->114 MB, 223 MB goal, 0 MB stacks, 0 MB globals, 20 P
gc 853 @78.305s 0%: 0.023+4.3+0.002 ms clock, 0.47+0/4.7/0+0.054 ms cpu, 238->238->120 MB, 238 MB goal, 0 MB stacks, 0 MB globals, 20 P
gc 854 @78.334s 0%: 0.026+0.78+0.016 ms clock, 0.52+0.078/1.1/0+0.32 ms cpu, 238->238->110 MB, 242 MB goal, 0 MB stacks, 0 MB globals, 20 P
gc 855 @78.356s 0%: 0.021+3.8+0.004 ms clock, 0.43+0/4.1/0+0.099 ms cpu, 220->220->113 MB, 220 MB goal, 0 MB stacks, 0 MB globals, 20 P
gc 856 @78.388s 0%: 0.020+0.54+0.016 ms clock, 0.41+0/0.72/0+0.33 ms cpu, 231->231->131 MB, 231 MB goal, 0 MB stacks, 0 MB globals, 20 P
gc 857 @78.416s 0%: 0.028+5.6+0.006 ms clock, 0.57+0/6.1/0.003+0.13 ms cpu, 264->264->113 MB, 264 MB goal, 0 MB stacks, 0 MB globals, 20 P
gc 858 @78.438s 0%: 0.023+1.4+0.005 ms clock, 0.46+0/1.6/0+0.11 ms cpu, 228->228->119 MB, 228 MB goal, 0 MB stacks, 0 MB globals, 20 P
gc 859 @78.457s 0%: 0.018+0.47+0.082 ms clock, 0.37+0/0.74/0+1.6 ms cpu, 242->242->136 MB, 242 MB goal, 0 MB stacks, 0 MB globals, 20 P
gc 860 @78.485s 0%: 0.018+2.7+0.003 ms clock, 0.37+0/3.0/0+0.075 ms cpu, 279->279->118 MB, 279 MB goal, 0 MB stacks, 0 MB globals, 20 P
gc 861 @78.509s 0%: 0.032+3.0+0.006 ms clock, 0.65+0/4.0/0.17+0.12 ms cpu, 239->239->126 MB, 240 MB goal, 0 MB stacks, 0 MB globals, 20 P
gc 862 @78.551s 0%: 0.017+0.55+0.003 ms clock, 0.34+0.040/0.76/0.008+0.062 ms cpu, 248->248->116 MB, 252 MB goal, 0 MB stacks, 0 MB globals, 20 P
gc 863 @78.572s 0%: 0.13+2.1+0.003 ms clock, 2.7+0/2.5/0.002+0.073 ms cpu, 233->233->121 MB, 233 MB goal, 0 MB stacks, 0 MB globals, 20 P
gc 864 @78.596s 0%: 0.020+0.47+0.008 ms clock, 0.41+0/0.78/0+0.17 ms cpu, 247->247->136 MB, 247 MB goal, 0 MB stacks, 0 MB globals, 20 P
gc 865 @78.629s 0%: 0.028+5.1+0.003 ms clock, 0.56+0/5.5/0+0.074 ms cpu, 278->278->119 MB, 278 MB goal, 0 MB stacks, 0 MB globals, 20 P
gc 866 @78.659s 0%: 0.020+0.49+0.003 ms clock, 0.40+0/0.95/0.017+0.078 ms cpu, 235->235->108 MB, 238 MB goal, 0 MB stacks, 0 MB globals, 20 P
gc 867 @78.682s 0%: 0.036+3.7+0.008 ms clock, 0.72+0/4.4/0+0.16 ms cpu, 217->217->113 MB, 218 MB goal, 0 MB stacks, 0 MB globals, 20 P
gc 868 @78.717s 0%: 0.023+7.2+0.003 ms clock, 0.47+0/7.5/0+0.079 ms cpu, 235->235->119 MB, 235 MB goal, 0 MB stacks, 0 MB globals, 20 P
gc 869 @78.744s 0%: 0.017+0.56+0.003 ms clock, 0.35+0/0.72/0.003+0.066 ms cpu, 236->239->110 MB, 240 MB goal, 0 MB stacks, 0 MB globals, 20 P
gc 870 @78.762s 0%: 0.027+0.88+0.007 ms clock, 0.54+0/1.6/0+0.14 ms cpu, 221->221->113 MB, 221 MB goal, 0 MB stacks, 0 MB globals, 20 P
gc 871 @78.791s 0%: 0.028+4.4+0.008 ms clock, 0.57+0/5.1/0.11+0.16 ms cpu, 224->224->118 MB, 227 MB goal, 0 MB stacks, 0 MB globals, 20 P
gc 872 @78.818s 0%: 0.023+1.2+0.006 ms clock, 0.46+0/1.7/0+0.12 ms cpu, 239->239->126 MB, 239 MB goal, 0 MB stacks, 0 MB globals, 20 P
gc 873 @78.844s 0%: 0.019+0.44+0.009 ms clock, 0.38+0.090/0.67/0.001+0.19 ms cpu, 248->248->116 MB, 252 MB goal, 0 MB stacks, 0 MB globals, 20 P
gc 874 @78.862s 0%: 0.023+0.68+0.004 ms clock, 0.47+0/1.1/0.040+0.090 ms cpu, 233->233->121 MB, 233 MB goal, 0 MB stacks, 0 MB globals, 20 P
gc 875 @78.890s 0%: 0.019+5.4+0.003 ms clock, 0.38+0/5.5/0+0.074 ms cpu, 252->252->129 MB, 252 MB goal, 0 MB stacks, 0 MB globals, 20 P
gc 876 @78.921s 0%: 0.023+0.64+0.022 ms clock, 0.46+0/1.4/0+0.45 ms cpu, 256->256->117 MB, 258 MB goal, 0 MB stacks, 0 MB globals, 20 P
gc 877 @78.941s 0%: 0.027+5.3+0.004 ms clock, 0.55+0/5.9/0+0.092 ms cpu, 238->238->122 MB, 238 MB goal, 0 MB stacks, 0 MB globals, 20 P
gc 878 @78.969s 0%: 0.017+0.31+0.064 ms clock, 0.34+0.086/0.65/0.004+1.2 ms cpu, 240->241->110 MB, 244 MB goal, 0 MB stacks, 0 MB globals, 20 P
gc 879 @78.982s 0%: 0.016+2.5+0.002 ms clock, 0.32+0/2.9/0+0.058 ms cpu, 222->222->115 MB, 222 MB goal, 0 MB stacks, 0 MB globals, 20 P
gc 880 @79.000s 0%: 0.019+2.6+0.003 ms clock, 0.38+0/2.8/0+0.073 ms cpu, 230->230->120 MB, 230 MB goal, 0 MB stacks, 0 MB globals, 20 P
gc 881 @79.018s 0%: 0.020+0.42+0.008 ms clock, 0.41+0/0.68/0+0.16 ms cpu, 242->242->137 MB, 242 MB goal, 0 MB stacks, 0 MB globals, 20 P
gc 882 @79.050s 0%: 0.045+6.5+0.005 ms clock, 0.91+0/7.1/0+0.11 ms cpu, 279->279->117 MB, 279 MB goal, 0 MB stacks, 0 MB globals, 20 P
gc 883 @79.079s 0%: 0.028+1.8+0.006 ms clock, 0.57+0/2.6/0.035+0.12 ms cpu, 238->238->124 MB, 238 MB goal, 0 MB stacks, 0 MB globals, 20 P
gc 884 @79.105s 0%: 0.019+0.42+0.004 ms clock, 0.39+0/0.89/0+0.081 ms cpu, 247->247->115 MB, 249 MB goal, 0 MB stacks, 0 MB globals, 20 P
gc 885 @79.123s 0%: 0.019+0.82+0.003 ms clock, 0.39+0/1.0/0+0.076 ms cpu, 231->231->121 MB, 231 MB goal, 0 MB stacks, 0 MB globals, 20 P
gc 886 @79.147s 0%: 0.025+5.8+0.004 ms clock, 0.50+0/6.0/0+0.080 ms cpu, 252->252->128 MB, 252 MB goal, 0 MB stacks, 0 MB globals, 20 P
gc 887 @79.178s 0%: 0.022+0.61+0.004 ms clock, 0.45+0/1.0/0+0.092 ms cpu, 255->255->117 MB, 258 MB goal, 0 MB stacks, 0 MB globals, 20 P
gc 888 @79.205s 0%: 0.016+3.6+0.003 ms clock, 0.33+0/3.8/0+0.077 ms cpu, 239->239->123 MB, 239 MB goal, 0 MB stacks, 0 MB globals, 20 P
gc 889 @79.225s 0%: 0.017+1.3+0.017 ms clock, 0.35+0/1.4/0.014+0.34 ms cpu, 243->256->141 MB, 247 MB goal, 0 MB stacks, 0 MB globals, 20 P
gc 890 @79.247s 0%: 0.018+4.4+0.003 ms clock, 0.37+0/4.5/0+0.074 ms cpu, 278->278->122 MB, 282 MB goal, 0 MB stacks, 0 MB globals, 20 P
gc 891 @79.271s 0%: 0.017+0.50+0.004 ms clock, 0.35+0/0.63/0.020+0.090 ms cpu, 232->233->110 MB, 244 MB goal, 0 MB stacks, 0 MB globals, 20 P
gc 892 @79.283s 0%: 0.016+0.61+0.080 ms clock, 0.32+0.029/0.70/0+1.6 ms cpu, 209->212->113 MB, 221 MB goal, 0 MB stacks, 0 MB globals, 20 P
gc 893 @79.297s 0%: 0.016+0.46+0.003 ms clock, 0.33+0/0.89/0.038+0.068 ms cpu, 215->215->113 MB, 227 MB goal, 0 MB stacks, 0 MB globals, 20 P
gc 894 @79.310s 0%: 0.017+0.68+0.003 ms clock, 0.34+0/1.2/0.001+0.070 ms cpu, 220->220->115 MB, 226 MB goal, 0 MB stacks, 0 MB globals, 20 P
gc 895 @79.327s 0%: 0.024+4.4+0.003 ms clock, 0.48+0/4.6/0+0.075 ms cpu, 231->231->121 MB, 232 MB goal, 0 MB stacks, 0 MB globals, 20 P
gc 896 @79.348s 0%: 0.020+0.47+0.008 ms clock, 0.41+0/0.71/0.004+0.16 ms cpu, 243->243->139 MB, 243 MB goal, 0 MB stacks, 0 MB globals, 20 P
gc 897 @79.369s 0%: 0.022+3.6+0.003 ms clock, 0.45+0.006/3.9/0+0.064 ms cpu, 272->272->121 MB, 279 MB goal, 0 MB stacks, 0 MB globals, 20 P
gc 898 @79.398s 0%: 0.019+1.0+0.003 ms clock, 0.39+0/1.6/0+0.070 ms cpu, 236->236->125 MB, 243 MB goal, 0 MB stacks, 0 MB globals, 20 P
gc 899 @79.422s 0%: 0.030+0.83+0.18 ms clock, 0.61+0/1.1/0.008+3.6 ms cpu, 246->246->141 MB, 251 MB goal, 0 MB stacks, 0 MB globals, 20 P
gc 900 @79.452s 0%: 0.019+0.81+0.006 ms clock, 0.38+0/1.0/0+0.12 ms cpu, 272->272->118 MB, 283 MB goal, 0 MB stacks, 0 MB globals, 20 P
gc 901 @79.468s 0%: 0.023+1.5+0.005 ms clock, 0.47+0/2.1/0.043+0.10 ms cpu, 232->232->124 MB, 237 MB goal, 0 MB stacks, 0 MB globals, 20 P
gc 902 @79.492s 0%: 0.020+0.48+0.004 ms clock, 0.41+0.16/0.69/0+0.090 ms cpu, 238->239->111 MB, 249 MB goal, 0 MB stacks, 0 MB globals, 20 P
gc 903 @79.509s 0%: 0.018+0.48+0.004 ms clock, 0.37+0/0.87/0+0.083 ms cpu, 215->215->111 MB, 224 MB goal, 0 MB stacks, 0 MB globals, 20 P
gc 904 @79.528s 0%: 0.032+1.4+0.006 ms clock, 0.64+0/2.4/0+0.13 ms cpu, 216->216->115 MB, 223 MB goal, 0 MB stacks, 0 MB globals, 20 P
gc 905 @79.546s 0%: 0.021+4.6+0.004 ms clock, 0.43+0/4.8/0+0.080 ms cpu, 221->221->119 MB, 231 MB goal, 0 MB stacks, 0 MB globals, 20 P
gc 906 @79.563s 0%: 0.020+1.6+0.004 ms clock, 0.41+0/2.0/0+0.089 ms cpu, 227->227->123 MB, 239 MB goal, 0 MB stacks, 0 MB globals, 20 P
gc 907 @79.597s 0%: 0.016+0.40+0.021 ms clock, 0.33+0.098/0.74/0.002+0.42 ms cpu, 234->236->110 MB, 246 MB goal, 0 MB stacks, 0 MB globals, 20 P
gc 908 @79.612s 0%: 0.022+1.6+0.004 ms clock, 0.44+0/2.1/0+0.097 ms cpu, 209->209->111 MB, 221 MB goal, 0 MB stacks, 0 MB globals, 20 P
gc 909 @79.636s 0%: 0.038+1.4+0.003 ms clock, 0.76+0/1.3/0+0.076 ms cpu, 211->216->119 MB, 223 MB goal, 0 MB stacks, 0 MB globals, 20 P
gc 910 @79.662s 0%: 0.042+4.2+0.004 ms clock, 0.85+0/4.6/0+0.094 ms cpu, 236->236->122 MB, 239 MB goal, 0 MB stacks, 0 MB globals, 20 P
gc 911 @79.683s 0%: 0.030+9.0+0.004 ms clock, 0.60+0/9.4/0+0.099 ms cpu, 243->243->129 MB, 244 MB goal, 0 MB stacks, 0 MB globals, 20 P
gc 912 @79.720s 0%: 0.018+0.50+0.003 ms clock, 0.36+0/0.88/0+0.074 ms cpu, 256->256->117 MB, 258 MB goal, 0 MB stacks, 0 MB globals, 20 P
gc 913 @79.740s 0%: 0.030+3.9+0.005 ms clock, 0.61+0/4.3/0+0.11 ms cpu, 239->239->122 MB, 239 MB goal, 0 MB stacks, 0 MB globals, 20 P
gc 914 @79.769s 0%: 0.017+0.29+0.005 ms clock, 0.35+0/0.68/0+0.10 ms cpu, 240->241->111 MB, 245 MB goal, 0 MB stacks, 0 MB globals, 20 P
gc 915 @79.788s 0%: 0.019+0.79+0.005 ms clock, 0.38+0/1.1/0+0.11 ms cpu, 224->224->116 MB, 224 MB goal, 0 MB stacks, 0 MB globals, 20 P
gc 916 @79.802s 0%: 0.019+1.1+0.003 ms clock, 0.39+0/1.2/0+0.077 ms cpu, 230->230->119 MB, 233 MB goal, 0 MB stacks, 0 MB globals, 20 P
gc 917 @79.826s 0%: 0.032+1.1+0.010 ms clock, 0.65+0/1.6/0+0.20 ms cpu, 238->238->110 MB, 239 MB goal, 0 MB stacks, 0 MB globals, 20 P
gc 918 @79.849s 0%: 0.031+3.6+0.007 ms clock, 0.63+0/4.3/0+0.14 ms cpu, 220->220->113 MB, 220 MB goal, 0 MB stacks, 0 MB globals, 20 P
gc 919 @79.882s 0%: 0.023+5.3+0.003 ms clock, 0.47+0/5.8/0+0.075 ms cpu, 234->234->119 MB, 234 MB goal, 0 MB stacks, 0 MB globals, 20 P
gc 920 @79.911s 0%: 0.018+0.62+0.004 ms clock, 0.36+0.096/0.71/0+0.088 ms cpu, 236->239->111 MB, 240 MB goal, 0 MB stacks, 0 MB globals, 20 P
gc 921 @79.929s 0%: 0.027+3.0+0.007 ms clock, 0.54+0/3.6/0+0.15 ms cpu, 223->223->114 MB, 223 MB goal, 0 MB stacks, 0 MB globals, 20 P
gc 922 @79.954s 0%: 0.029+7.1+0.008 ms clock, 0.59+0/7.8/0.033+0.16 ms cpu, 225->225->119 MB, 229 MB goal, 0 MB stacks, 0 MB globals, 20 P
gc 923 @79.984s 0%: 0.032+8.3+0.004 ms clock, 0.64+0/9.1/0.021+0.085 ms cpu, 240->240->127 MB, 240 MB goal, 0 MB stacks, 0 MB globals, 20 P
gc 924 @80.012s 0%: 0.019+0.76+0.004 ms clock, 0.39+0/1.3/0+0.095 ms cpu, 255->255->118 MB, 255 MB goal, 0 MB stacks, 0 MB globals, 20 P
gc 925 @80.032s 0%: 0.017+0.57+0.088 ms clock, 0.35+0.13/0.58/0+1.7 ms cpu, 232->233->107 MB, 236 MB goal, 0 MB stacks, 0 MB globals, 20 P
gc 926 @80.047s 0%: 0.019+0.85+0.005 ms clock, 0.39+0/1.2/0+0.10 ms cpu, 212->212->108 MB, 214 MB goal, 0 MB stacks, 0 MB globals, 20 P
gc 927 @80.067s 0%: 0.031+0.65+0.010 ms clock, 0.62+0/1.4/0+0.21 ms cpu, 216->216->121 MB, 218 MB goal, 0 MB stacks, 0 MB globals, 20 P
gc 928 @80.095s 0%: 0.032+6.8+0.006 ms clock, 0.65+0/7.6/0.011+0.13 ms cpu, 244->244->101 MB, 244 MB goal, 0 MB stacks, 0 MB globals, 20 P
gc 929 @80.121s 0%: 0.022+0.53+0.038 ms clock, 0.45+0/0.91/0+0.77 ms cpu, 198->198->111 MB, 203 MB goal, 0 MB stacks, 0 MB globals, 20 P
gc 930 @80.149s 0%: 0.031+1.3+0.007 ms clock, 0.63+0/1.9/0.002+0.15 ms cpu, 225->225->96 MB, 225 MB goal, 0 MB stacks, 0 MB globals, 20 P
gc 931 @80.169s 0%: 0.027+1.8+0.007 ms clock, 0.54+0/2.1/0+0.15 ms cpu, 192->192->101 MB, 193 MB goal, 0 MB stacks, 0 MB globals, 20 P
gc 932 @80.195s 0%: 0.023+0.78+0.006 ms clock, 0.46+0.12/0.79/0.016+0.12 ms cpu, 198->201->94 MB, 202 MB goal, 0 MB stacks, 0 MB globals, 20 P
gc 933 @80.208s 0%: 0.017+0.91+0.006 ms clock, 0.35+0/1.0/0+0.12 ms cpu, 191->191->96 MB, 191 MB goal, 0 MB stacks, 0 MB globals, 20 P
gc 934 @80.233s 0%: 0.036+1.4+0.008 ms clock, 0.72+0/1.6/0+0.16 ms cpu, 192->192->100 MB, 193 MB goal, 0 MB stacks, 0 MB globals, 20 P
gc 935 @80.265s 0%: 0.026+0.59+0.006 ms clock, 0.52+0/1.3/0.002+0.12 ms cpu, 198->198->91 MB, 202 MB goal, 0 MB stacks, 0 MB globals, 20 P
gc 936 @80.281s 0%: 0.020+1.7+0.005 ms clock, 0.40+0/2.2/0+0.10 ms cpu, 183->183->94 MB, 183 MB goal, 0 MB stacks, 0 MB globals, 20 P
gc 937 @80.300s 0%: 0.029+1.9+0.005 ms clock, 0.58+0/2.4/0+0.11 ms cpu, 186->186->98 MB, 189 MB goal, 0 MB stacks, 0 MB globals, 20 P
gc 938 @80.320s 0%: 0.027+6.7+0.078 ms clock, 0.55+0/7.4/0.039+1.5 ms cpu, 200->213->116 MB, 200 MB goal, 0 MB stacks, 0 MB globals, 20 P
gc 939 @80.349s 0%: 0.017+0.42+0.003 ms clock, 0.35+0/0.81/0+0.076 ms cpu, 223->223->95 MB, 233 MB goal, 0 MB stacks, 0 MB globals, 20 P
gc 940 @80.363s 0%: 0.016+0.47+0.005 ms clock, 0.32+0/0.83/0+0.11 ms cpu, 179->179->98 MB, 190 MB goal, 0 MB stacks, 0 MB globals, 20 P
gc 941 @80.376s 0%: 0.022+0.93+0.005 ms clock, 0.44+0/1.4/0+0.10 ms cpu, 188->188->102 MB, 196 MB goal, 0 MB stacks, 0 MB globals, 20 P
gc 942 @80.402s 0%: 0.025+2.6+0.006 ms clock, 0.50+0/3.2/0+0.12 ms cpu, 195->195->106 MB, 205 MB goal, 0 MB stacks, 0 MB globals, 20 P
gc 943 @80.426s 0%: 0.032+5.1+0.007 ms clock, 0.64+0/5.9/0.056+0.15 ms cpu, 208->208->110 MB, 212 MB goal, 0 MB stacks, 0 MB globals, 20 P
gc 944 @80.458s 0%: 0.027+5.8+0.004 ms clock, 0.55+0/6.5/0.020+0.084 ms cpu, 216->216->116 MB, 222 MB goal, 0 MB stacks, 0 MB globals, 20 P
gc 945 @80.482s 0%: 0.020+1.3+0.004 ms clock, 0.40+0/1.7/0.013+0.084 ms cpu, 225->225->122 MB, 233 MB goal, 0 MB stacks, 0 MB globals, 20 P
gc 946 @80.503s 0%: 0.034+0.43+0.003 ms clock, 0.68+0/0.69/0.003+0.079 ms cpu, 233->234->111 MB, 246 MB goal, 0 MB stacks, 0 MB globals, 20 P
gc 947 @80.524s 0%: 0.017+1.6+0.004 ms clock, 0.35+0/1.6/0+0.088 ms cpu, 212->215->117 MB, 224 MB goal, 0 MB stacks, 0 MB globals, 20 P
gc 948 @80.548s 0%: 0.018+0.79+0.004 ms clock, 0.37+0/1.1/0.003+0.098 ms cpu, 225->225->119 MB, 235 MB goal, 0 MB stacks, 0 MB globals, 20 P
gc 949 @80.563s 0%: 0.021+0.87+0.003 ms clock, 0.42+0/1.1/0+0.071 ms cpu, 230->230->123 MB, 240 MB goal, 0 MB stacks, 0 MB globals, 20 P
gc 950 @80.584s 0%: 0.023+5.5+0.14 ms clock, 0.47+0/5.7/0+2.8 ms cpu, 243->256->141 MB, 246 MB goal, 0 MB stacks, 0 MB globals, 20 P
gc 951 @80.623s 0%: 0.028+1.5+0.006 ms clock, 0.57+0/2.3/0+0.12 ms cpu, 278->278->122 MB, 282 MB goal, 0 MB stacks, 0 MB globals, 20 P
gc 952 @80.652s 0%: 0.048+0.82+0.006 ms clock, 0.96+0/1.4/0+0.13 ms cpu, 235->235->111 MB, 244 MB goal, 0 MB stacks, 0 MB globals, 20 P
gc 953 @80.671s 0%: 0.020+3.3+0.006 ms clock, 0.40+0/3.5/0+0.12 ms cpu, 210->210->112 MB, 222 MB goal, 0 MB stacks, 0 MB globals, 20 P
gc 954 @80.690s 0%: 0.017+1.9+0.003 ms clock, 0.35+0/2.3/0+0.071 ms cpu, 223->223->116 MB, 225 MB goal, 0 MB stacks, 0 MB globals, 20 P
gc 955 @80.710s 0%: 0.025+2.9+0.004 ms clock, 0.50+0/3.2/0+0.091 ms cpu, 221->221->118 MB, 232 MB goal, 0 MB stacks, 0 MB globals, 20 P
gc 956 @80.734s 0%: 0.021+1.9+0.007 ms clock, 0.42+0/2.4/0+0.14 ms cpu, 227->227->122 MB, 237 MB goal, 0 MB stacks, 0 MB globals, 20 P
gc 957 @80.768s 0%: 0.018+0.66+0.004 ms clock, 0.36+0.076/0.58/0+0.081 ms cpu, 233->237->114 MB, 245 MB goal, 0 MB stacks, 0 MB globals, 20 P
gc 958 @80.785s 0%: 0.017+1.9+0.003 ms clock, 0.35+0/1.8/0+0.065 ms cpu, 218->223->121 MB, 228 MB goal, 0 MB stacks, 0 MB globals, 20 P
gc 959 @80.807s 0%: 0.024+5.9+0.004 ms clock, 0.49+0/6.3/0+0.095 ms cpu, 236->236->122 MB, 242 MB goal, 0 MB stacks, 0 MB globals, 20 P
gc 960 @80.839s 0%: 0.026+0.56+0.012 ms clock, 0.53+0/1.1/0+0.25 ms cpu, 238->238->138 MB, 244 MB goal, 0 MB stacks, 0 MB globals, 20 P
gc 961 @80.883s 0%: 0.032+4.6+0.022 ms clock, 0.65+0/4.7/0+0.45 ms cpu, 276->288->131 MB, 277 MB goal, 0 MB stacks, 0 MB globals, 20 P
gc 962 @80.915s 0%: 0.022+0.65+0.004 ms clock, 0.45+0/1.1/0+0.088 ms cpu, 256->256->112 MB, 264 MB goal, 0 MB stacks, 0 MB globals, 20 P
gc 963 @80.936s 0%: 0.024+1.0+0.006 ms clock, 0.49+0/1.7/0.005+0.12 ms cpu, 212->212->113 MB, 224 MB goal, 0 MB stacks, 0 MB globals, 20 P
gc 964 @80.958s 0%: 0.035+1.3+0.007 ms clock, 0.71+0/2.1/0+0.15 ms cpu, 216->216->115 MB, 227 MB goal, 0 MB stacks, 0 MB globals, 20 P
gc 965 @80.979s 0%: 0.020+1.1+0.004 ms clock, 0.41+0/1.3/0+0.087 ms cpu, 220->220->119 MB, 231 MB goal, 0 MB stacks, 0 MB globals, 20 P
gc 966 @80.993s 0%: 0.021+3.8+0.003 ms clock, 0.43+0/4.2/0+0.074 ms cpu, 227->227->124 MB, 239 MB goal, 0 MB stacks, 0 MB globals, 20 P
gc 967 @81.019s 0%: 0.018+0.64+0.003 ms clock, 0.36+0.12/0.61/0.043+0.074 ms cpu, 237->241->116 MB, 249 MB goal, 0 MB stacks, 0 MB globals, 20 P
gc 968 @81.039s 0%: 0.026+1.6+0.005 ms clock, 0.53+0/2.4/0.028+0.11 ms cpu, 223->223->117 MB, 234 MB goal, 0 MB stacks, 0 MB globals, 20 P
gc 969 @81.064s 0%: 0.031+3.7+0.007 ms clock, 0.62+0/4.5/0.053+0.14 ms cpu, 229->229->122 MB, 234 MB goal, 0 MB stacks, 0 MB globals, 20 P
gc 970 @81.099s 0%: 0.027+0.70+0.004 ms clock, 0.54+0/0.81/0.013+0.096 ms cpu, 233->236->111 MB, 245 MB goal, 0 MB stacks, 0 MB globals, 20 P
gc 971 @81.112s 0%: 0.017+0.49+0.26 ms clock, 0.35+0/0.82/0+5.3 ms cpu, 212->216->115 MB, 223 MB goal, 0 MB stacks, 0 MB globals, 20 P
gc 972 @81.128s 0%: 0.027+2.0+0.004 ms clock, 0.55+0/2.4/0+0.093 ms cpu, 220->220->114 MB, 232 MB goal, 0 MB stacks, 0 MB globals, 20 P
gc 973 @81.154s 0%: 0.029+1.4+0.007 ms clock, 0.58+0/2.2/0+0.14 ms cpu, 225->225->118 MB, 230 MB goal, 0 MB stacks, 0 MB globals, 20 P
gc 974 @81.178s 0%: 0.044+6.9+0.003 ms clock, 0.89+0/1.0/0+0.073 ms cpu, 239->239->136 MB, 239 MB goal, 0 MB stacks, 0 MB globals, 20 P
gc 975 @81.209s 0%: 0.017+0.49+0.003 ms clock, 0.34+0/0.89/0+0.078 ms cpu, 262->262->114 MB, 274 MB goal, 0 MB stacks, 0 MB globals, 20 P
gc 976 @81.227s 0%: 0.025+0.72+0.005 ms clock, 0.50+0/1.4/0+0.11 ms cpu, 217->217->117 MB, 229 MB goal, 0 MB stacks, 0 MB globals, 20 P
gc 977 @81.247s 0%: 0.030+5.2+0.007 ms clock, 0.60+0/6.0/0+0.14 ms cpu, 222->222->121 MB, 234 MB goal, 0 MB stacks, 0 MB globals, 20 P
gc 978 @81.279s 0%: 0.017+0.75+0.005 ms clock, 0.34+0.067/0.79/0.014+0.11 ms cpu, 231->236->112 MB, 242 MB goal, 0 MB stacks, 0 MB globals, 20 P
gc 979 @81.299s 0%: 0.036+3.3+0.007 ms clock, 0.73+0/3.7/0+0.14 ms cpu, 214->214->111 MB, 225 MB goal, 0 MB stacks, 0 MB globals, 20 P
gc 980 @81.324s 0%: 0.021+0.65+0.006 ms clock, 0.42+0/1.1/0.039+0.12 ms cpu, 215->215->113 MB, 222 MB goal, 0 MB stacks, 0 MB globals, 20 P
gc 981 @81.349s 0%: 0.030+1.6+0.007 ms clock, 0.61+0/2.1/0.10+0.14 ms cpu, 224->224->117 MB, 227 MB goal, 0 MB stacks, 0 MB globals, 20 P
gc 982 @81.373s 0%: 0.021+4.9+0.008 ms clock, 0.42+0/5.0/0+0.16 ms cpu, 238->238->124 MB, 238 MB goal, 0 MB stacks, 0 MB globals, 20 P
gc 983 @81.406s 0%: 0.018+0.59+0.004 ms clock, 0.36+0.078/0.63/0+0.081 ms cpu, 237->241->115 MB, 249 MB goal, 0 MB stacks, 0 MB globals, 20 P
gc 984 @81.422s 0%: 0.017+0.85+0.005 ms clock, 0.34+0/1.0/0+0.10 ms cpu, 229->229->119 MB, 231 MB goal, 0 MB stacks, 0 MB globals, 20 P
gc 985 @81.444s 0%: 0.018+1.1+0.003 ms clock, 0.36+0/1.2/0+0.064 ms cpu, 243->243->125 MB, 243 MB goal, 0 MB stacks, 0 MB globals, 20 P
gc 986 @81.467s 0%: 0.028+0.63+0.014 ms clock, 0.57+0/1.0/0.010+0.29 ms cpu, 247->247->142 MB, 251 MB goal, 0 MB stacks, 0 MB globals, 20 P
gc 987 @81.497s 0%: 0.020+3.6+0.004 ms clock, 0.40+0/3.7/0+0.081 ms cpu, 284->284->121 MB, 285 MB goal, 0 MB stacks, 0 MB globals, 20 P
gc 988 @81.515s 0%: 0.026+2.9+0.019 ms clock, 0.52+0/3.3/0.003+0.38 ms cpu, 241->254->138 MB, 244 MB goal, 0 MB stacks, 0 MB globals, 20 P
gc 989 @81.548s 0%: 0.029+4.9+0.006 ms clock, 0.58+0/5.4/0+0.12 ms cpu, 276->276->119 MB, 278 MB goal, 0 MB stacks, 0 MB globals, 20 P
gc 990 @81.576s 0%: 0.016+0.58+0.006 ms clock, 0.33+0.037/0.77/0+0.12 ms cpu, 227->230->108 MB, 240 MB goal, 0 MB stacks, 0 MB globals, 20 P
gc 991 @81.594s 0%: 0.026+1.0+0.006 ms clock, 0.53+0/1.1/0+0.12 ms cpu, 206->208->110 MB, 217 MB goal, 0 MB stacks, 0 MB globals, 20 P
gc 992 @81.611s 0%: 0.017+0.49+0.015 ms clock, 0.35+0/0.76/0+0.30 ms cpu, 210->210->110 MB, 221 MB goal, 0 MB stacks, 0 MB globals, 20 P
gc 993 @81.626s 0%: 0.019+3.1+0.004 ms clock, 0.38+0/3.4/0+0.083 ms cpu, 214->214->113 MB, 221 MB goal, 0 MB stacks, 0 MB globals, 20 P
gc 994 @81.644s 0%: 0.021+3.5+0.004 ms clock, 0.43+0/3.7/0+0.083 ms cpu, 224->224->118 MB, 227 MB goal, 0 MB stacks, 0 MB globals, 20 P
gc 995 @81.663s 0%: 0.021+7.6+0.005 ms clock, 0.42+0/7.8/0+0.11 ms cpu, 239->239->125 MB, 239 MB goal, 0 MB stacks, 0 MB globals, 20 P
gc 996 @81.694s 0%: 0.017+0.85+0.003 ms clock, 0.35+0.13/0.46/0+0.075 ms cpu, 240->245->119 MB, 251 MB goal, 0 MB stacks, 0 MB globals, 20 P
gc 997 @81.713s 0%: 0.020+0.67+0.003 ms clock, 0.41+0/0.92/0+0.078 ms cpu, 230->230->118 MB, 239 MB goal, 0 MB stacks, 0 MB globals, 20 P
gc 998 @81.739s 0%: 0.021+0.53+0.010 ms clock, 0.42+0/0.80/0+0.20 ms cpu, 236->236->135 MB, 237 MB goal, 0 MB stacks, 0 MB globals, 20 P
gc 999 @81.760s 0%: 0.026+1.4+0.007 ms clock, 0.52+0/2.1/0.085+0.14 ms cpu, 260->260->117 MB, 271 MB goal, 0 MB stacks, 0 MB globals, 20 P
gc 1000 @81.788s 0%: 0.030+1.1+0.003 ms clock, 0.61+0/1.2/0.066+0.062 ms cpu, 222->222->119 MB, 235 MB goal, 0 MB stacks, 0 MB globals, 20 P
gc 1001 @81.805s 0%: 0.029+3.8+0.007 ms clock, 0.59+0/4.7/0+0.14 ms cpu, 227->227->122 MB, 239 MB goal, 0 MB stacks, 0 MB globals, 20 P
gc 1002 @81.839s 0%: 0.017+0.52+0.006 ms clock, 0.35+0.085/0.60/0.001+0.13 ms cpu, 233->236->109 MB, 246 MB goal, 0 MB stacks, 0 MB globals, 20 P
gc 1003 @81.857s 0%: 0.045+1.9+2.2 ms clock, 0.90+0/2.6/0.058+45 ms cpu, 208->211->113 MB, 219 MB goal, 0 MB stacks, 0 MB globals, 20 P
gc 1004 @81.884s 0%: 0.020+2.1+0.004 ms clock, 0.40+0/2.3/0+0.087 ms cpu, 228->228->116 MB, 228 MB goal, 0 MB stacks, 0 MB globals, 20 P
gc 1005 @81.909s 0%: 0.021+2.7+0.003 ms clock, 0.43+0/3.0/0+0.071 ms cpu, 231->231->122 MB, 232 MB goal, 0 MB stacks, 0 MB globals, 20 P
gc 1006 @81.930s 0%: 0.021+0.52+0.011 ms clock, 0.42+0/0.79/0+0.22 ms cpu, 244->244->140 MB, 245 MB goal, 0 MB stacks, 0 MB globals, 20 P
gc 1007 @81.949s 0%: 0.021+3.9+0.003 ms clock, 0.43+0/4.2/0+0.066 ms cpu, 278->278->122 MB, 282 MB goal, 0 MB stacks, 0 MB globals, 20 P
gc 1008 @81.973s 0%: 0.025+0.57+0.016 ms clock, 0.50+0/0.88/0+0.32 ms cpu, 242->242->109 MB, 244 MB goal, 0 MB stacks, 0 MB globals, 20 P
gc 1009 @81.989s 0%: 0.026+3.0+0.006 ms clock, 0.52+0/3.3/0.001+0.13 ms cpu, 218->218->113 MB, 219 MB goal, 0 MB stacks, 0 MB globals, 20 P
gc 1010 @82.013s 0%: 0.024+5.0+0.003 ms clock, 0.48+0/5.7/0.002+0.066 ms cpu, 223->223->116 MB, 226 MB goal, 0 MB stacks, 0 MB globals, 20 P
gc 1011 @82.040s 0%: 0.029+8.7+0.004 ms clock, 0.59+0/9.5/0+0.085 ms cpu, 237->237->122 MB, 237 MB goal, 0 MB stacks, 0 MB globals, 20 P
gc 1012 @82.068s 0%: 0.018+0.80+0.003 ms clock, 0.36+0/0.98/0+0.065 ms cpu, 242->242->111 MB, 246 MB goal, 0 MB stacks, 0 MB globals, 20 P
gc 1013 @82.086s 0%: 0.017+2.0+0.003 ms clock, 0.34+0/2.4/0+0.071 ms cpu, 222->222->116 MB, 222 MB goal, 0 MB stacks, 0 MB globals, 20 P
gc 1014 @82.103s 0%: 0.019+3.4+0.005 ms clock, 0.38+0/3.4/0+0.10 ms cpu, 239->239->124 MB, 239 MB goal, 0 MB stacks, 0 MB globals, 20 P
gc 1015 @82.137s 0%: 0.029+0.63+0.007 ms clock, 0.58+0/1.2/0.025+0.14 ms cpu, 244->244->114 MB, 249 MB goal, 0 MB stacks, 0 MB globals, 20 P
gc 1016 @82.165s 0%: 0.043+1.3+0.007 ms clock, 0.87+0/1.9/0+0.14 ms cpu, 230->230->119 MB, 230 MB goal, 0 MB stacks, 0 MB globals, 20 P
gc 1017 @82.183s 0%: 0.027+5.8+0.007 ms clock, 0.55+0/6.1/0+0.15 ms cpu, 234->234->123 MB, 239 MB goal, 0 MB stacks, 0 MB globals, 20 P
gc 1018 @82.207s 0%: 0.020+0.46+0.015 ms clock, 0.41+0/0.68/0+0.30 ms cpu, 246->246->140 MB, 247 MB goal, 0 MB stacks, 0 MB globals, 20 P
gc 1019 @82.236s 0%: 0.019+3.5+0.003 ms clock, 0.39+0/3.7/0+0.068 ms cpu, 283->283->121 MB, 283 MB goal, 0 MB stacks, 0 MB globals, 20 P
gc 1020 @82.257s 0%: 0.019+1.4+0.003 ms clock, 0.38+0/1.7/0+0.078 ms cpu, 242->242->126 MB, 242 MB goal, 0 MB stacks, 0 MB globals, 20 P
gc 1021 @82.278s 0%: 0.018+0.76+0.005 ms clock, 0.37+0/0.87/0+0.10 ms cpu, 248->253->120 MB, 253 MB goal, 0 MB stacks, 0 MB globals, 20 P
gc 1022 @82.295s 0%: 0.027+1.4+0.005 ms clock, 0.54+0/2.0/0+0.11 ms cpu, 241->241->121 MB, 241 MB goal, 0 MB stacks, 0 MB globals, 20 P
gc 1023 @82.322s 0%: 0.026+0.39+0.005 ms clock, 0.53+0.066/0.75/0.011+0.10 ms cpu, 239->239->109 MB, 243 MB goal, 0 MB stacks, 0 MB globals, 20 P
gc 1024 @82.346s 0%: 0.016+0.46+0.005 ms clock, 0.33+0.056/0.64/0+0.10 ms cpu, 215->215->110 MB, 219 MB goal, 0 MB stacks, 0 MB globals, 20 P
gc 1025 @82.363s 0%: 0.027+4.7+0.005 ms clock, 0.54+0/5.0/0+0.11 ms cpu, 219->219->115 MB, 221 MB goal, 0 MB stacks, 0 MB globals, 20 P
gc 1026 @82.392s 0%: 0.020+0.45+0.008 ms clock, 0.40+0/0.66/0+0.17 ms cpu, 232->232->133 MB, 232 MB goal, 0 MB stacks, 0 MB globals, 20 P
gc 1027 @82.422s 0%: 0.035+1.5+0.003 ms clock, 0.71+0/1.7/0+0.079 ms cpu, 265->265->112 MB, 267 MB goal, 0 MB stacks, 0 MB globals, 20 P
gc 1028 @82.444s 0%: 0.020+1.9+0.003 ms clock, 0.40+0/2.3/0.007+0.064 ms cpu, 227->227->117 MB, 227 MB goal, 0 MB stacks, 0 MB globals, 20 P
gc 1029 @82.464s 0%: 0.025+0.65+0.024 ms clock, 0.50+0/1.1/0.008+0.49 ms cpu, 239->239->135 MB, 239 MB goal, 0 MB stacks, 0 MB globals, 20 P
gc 1030 @82.490s 0%: 0.019+1.0+0.003 ms clock, 0.38+0/1.5/0.004+0.068 ms cpu, 266->266->115 MB, 271 MB goal, 0 MB stacks, 0 MB globals, 20 P
gc 1031 @82.504s 0%: 0.020+1.1+0.006 ms clock, 0.41+0/1.4/0+0.13 ms cpu, 229->229->120 MB, 231 MB goal, 0 MB stacks, 0 MB globals, 20 P
gc 1032 @82.526s 0%: 0.020+1.0+0.005 ms clock, 0.40+0/1.5/0+0.10 ms cpu, 240->240->113 MB, 241 MB goal, 0 MB stacks, 0 MB globals, 20 P
gc 1033 @82.540s 0%: 0.018+5.9+0.003 ms clock, 0.36+0/6.4/0+0.079 ms cpu, 234->234->120 MB, 234 MB goal, 0 MB stacks, 0 MB globals, 20 P
gc 1034 @82.574s 0%: 0.026+1.2+0.007 ms clock, 0.53+0.062/1.3/0+0.15 ms cpu, 237->240->109 MB, 241 MB goal, 0 MB stacks, 0 MB globals, 20 P
gc 1035 @82.602s 0%: 0.031+1.2+0.007 ms clock, 0.62+0/1.7/0+0.14 ms cpu, 221->221->112 MB, 221 MB goal, 0 MB stacks, 0 MB globals, 20 P
gc 1036 @82.629s 0%: 0.022+2.0+0.003 ms clock, 0.44+0/2.6/0+0.065 ms cpu, 222->222->117 MB, 224 MB goal, 0 MB stacks, 0 MB globals, 20 P
gc 1037 @82.652s 0%: 0.027+6.0+0.003 ms clock, 0.55+0/6.7/0.048+0.074 ms cpu, 238->238->124 MB, 238 MB goal, 0 MB stacks, 0 MB globals, 20 P
gc 1038 @82.682s 0%: 0.018+0.57+0.006 ms clock, 0.37+0.051/0.75/0.011+0.13 ms cpu, 247->247->115 MB, 248 MB goal, 0 MB stacks, 0 MB globals, 20 P
gc 1039 @82.707s 0%: 0.029+1.4+0.007 ms clock, 0.59+0/2.2/0+0.14 ms cpu, 231->231->121 MB, 231 MB goal, 0 MB stacks, 0 MB globals, 20 P
gc 1040 @82.732s 0%: 0.029+9.1+0.003 ms clock, 0.59+0/9.3/0+0.075 ms cpu, 252->252->128 MB, 252 MB goal, 0 MB stacks, 0 MB globals, 20 P
gc 1041 @82.772s 0%: 0.029+1.2+0.008 ms clock, 0.59+0/1.6/0+0.17 ms cpu, 258->258->119 MB, 258 MB goal, 0 MB stacks, 0 MB globals, 20 P
gc 1042 @82.792s 0%: 0.019+2.8+0.003 ms clock, 0.39+0/3.0/0+0.075 ms cpu, 250->250->127 MB, 251 MB goal, 0 MB stacks, 0 MB globals, 20 P
gc 1043 @82.826s 0%: 0.037+1.1+0.007 ms clock, 0.75+0/1.6/0+0.14 ms cpu, 254->254->116 MB, 255 MB goal, 0 MB stacks, 0 MB globals, 20 P
gc 1044 @82.851s 0%: 0.032+1.9+0.009 ms clock, 0.65+0/2.6/0+0.18 ms cpu, 233->233->122 MB, 233 MB goal, 0 MB stacks, 0 MB globals, 20 P
gc 1045 @82.883s 0%: 0.022+0.66+0.007 ms clock, 0.45+0/0.88/0+0.15 ms cpu, 243->243->138 MB, 246 MB goal, 0 MB stacks, 0 MB globals, 20 P
gc 1046 @82.918s 0%: 0.028+6.0+0.005 ms clock, 0.57+0/6.3/0.012+0.11 ms cpu, 276->276->119 MB, 277 MB goal, 0 MB stacks, 0 MB globals, 20 P
gc 1047 @82.958s 0%: 0.021+0.52+0.006 ms clock, 0.43+0.11/0.84/0+0.13 ms cpu, 238->238->108 MB, 239 MB goal, 0 MB stacks, 0 MB globals, 20 P
gc 1048 @82.981s 0%: 0.030+0.85+0.008 ms clock, 0.61+0/1.8/0.13+0.16 ms cpu, 213->213->110 MB, 216 MB goal, 0 MB stacks, 0 MB globals, 20 P
gc 1049 @83.002s 0%: 0.022+4.0+0.004 ms clock, 0.44+0/4.5/0+0.096 ms cpu, 217->217->113 MB, 221 MB goal, 0 MB stacks, 0 MB globals, 20 P
gc 1050 @83.035s 0%: 0.029+2.0+0.002 ms clock, 0.59+0/2.7/0.028+0.059 ms cpu, 228->228->119 MB, 228 MB goal, 0 MB stacks, 0 MB globals, 20 P
gc 1051 @83.071s 0%: 0.019+0.48+0.009 ms clock, 0.38+0/0.65/0+0.18 ms cpu, 242->242->138 MB, 242 MB goal, 0 MB stacks, 0 MB globals, 20 P
gc 1052 @83.099s 0%: 0.020+3.4+0.003 ms clock, 0.40+0/3.5/0+0.076 ms cpu, 280->280->121 MB, 280 MB goal, 0 MB stacks, 0 MB globals, 20 P
gc 1053 @83.121s 0%: 0.029+2.0+0.017 ms clock, 0.59+0/3.0/0+0.35 ms cpu, 242->242->129 MB, 243 MB goal, 0 MB stacks, 0 MB globals, 20 P
gc 1054 @83.157s 0%: 0.029+4.6+0.005 ms clock, 0.59+0/5.5/0.003+0.10 ms cpu, 256->256->118 MB, 258 MB goal, 0 MB stacks, 0 MB globals, 20 P
gc 1055 @83.189s 0%: 0.021+0.48+0.010 ms clock, 0.43+0/0.88/0+0.21 ms cpu, 244->244->133 MB, 244 MB goal, 0 MB stacks, 0 MB globals, 20 P
gc 1056 @83.217s 0%: 0.020+0.94+0.005 ms clock, 0.40+0/1.2/0+0.10 ms cpu, 266->266->115 MB, 267 MB goal, 0 MB stacks, 0 MB globals, 20 P
gc 1057 @83.239s 0%: 0.026+1.5+0.006 ms clock, 0.53+0/2.2/0+0.12 ms cpu, 230->230->119 MB, 231 MB goal, 0 MB stacks, 0 MB globals, 20 P
gc 1058 @83.263s 0%: 0.022+0.45+0.005 ms clock, 0.45+0/0.80/0+0.10 ms cpu, 242->242->137 MB, 242 MB goal, 0 MB stacks, 0 MB globals, 20 P
gc 1059 @83.285s 0%: 0.020+3.5+0.003 ms clock, 0.41+0/3.8/0.001+0.073 ms cpu, 279->279->118 MB, 279 MB goal, 0 MB stacks, 0 MB globals, 20 P
gc 1060 @83.303s 0%: 0.023+1.8+0.003 ms clock, 0.46+0/2.1/0.002+0.072 ms cpu, 239->239->126 MB, 239 MB goal, 0 MB stacks, 0 MB globals, 20 P
gc 1061 @83.329s 0%: 0.018+1.3+0.004 ms clock, 0.36+0/1.4/0+0.080 ms cpu, 252->252->116 MB, 252 MB goal, 0 MB stacks, 0 MB globals, 20 P
gc 1062 @83.346s 0%: 0.030+8.3+0.004 ms clock, 0.60+0/8.7/0.002+0.080 ms cpu, 234->234->123 MB, 234 MB goal, 0 MB stacks, 0 MB globals, 20 P
gc 1063 @83.376s 0%: 0.019+0.85+0.009 ms clock, 0.38+0/0.95/0.12+0.18 ms cpu, 247->247->112 MB, 247 MB goal, 0 MB stacks, 0 MB globals, 20 P
gc 1064 @83.398s 0%: 0.016+0.39+0.039 ms clock, 0.33+0.072/0.60/0+0.79 ms cpu, 221->222->99 MB, 225 MB goal, 0 MB stacks, 0 MB globals, 20 P
gc 1065 @83.417s 0%: 0.028+3.4+0.007 ms clock, 0.57+0/3.7/0+0.14 ms cpu, 196->196->100 MB, 199 MB goal, 0 MB stacks, 0 MB globals, 20 P
gc 1066 @83.433s 0%: 0.023+2.0+0.003 ms clock, 0.46+0/2.3/0.003+0.063 ms cpu, 198->198->102 MB, 200 MB goal, 0 MB stacks, 0 MB globals, 20 P
gc 1067 @83.454s 0%: 0.021+0.39+0.006 ms clock, 0.42+0.085/0.67/0+0.12 ms cpu, 200->201->89 MB, 204 MB goal, 0 MB stacks, 0 MB globals, 20 P
gc 1068 @83.466s 0%: 0.021+0.46+0.003 ms clock, 0.42+0/0.63/0.010+0.077 ms cpu, 176->176->91 MB, 179 MB goal, 0 MB stacks, 0 MB globals, 20 P
gc 1069 @83.482s 0%: 0.034+3.5+0.004 ms clock, 0.69+0/3.7/0+0.085 ms cpu, 181->181->94 MB, 183 MB goal, 0 MB stacks, 0 MB globals, 20 P
gc 1070 @83.497s 0%: 0.018+0.80+0.003 ms clock, 0.36+0/1.2/0+0.065 ms cpu, 186->186->98 MB, 190 MB goal, 0 MB stacks, 0 MB globals, 20 P
gc 1071 @83.514s 0%: 0.019+0.45+0.009 ms clock, 0.39+0/0.69/0+0.19 ms cpu, 195->195->111 MB, 197 MB goal, 0 MB stacks, 0 MB globals, 20 P
gc 1072 @83.539s 0%: 0.020+3.0+0.004 ms clock, 0.40+0/3.1/0+0.094 ms cpu, 225->225->96 MB, 225 MB goal, 0 MB stacks, 0 MB globals, 20 P
gc 1073 @83.560s 0%: 0.019+0.47+0.009 ms clock, 0.39+0/0.77/0+0.18 ms cpu, 201->201->134 MB, 201 MB goal, 0 MB stacks, 0 MB globals, 20 P
gc 1074 @83.600s 0%: 0.019+4.3+0.005 ms clock, 0.38+0/4.8/0+0.11 ms cpu, 270->270->111 MB, 271 MB goal, 0 MB stacks, 0 MB globals, 20 P
gc 1075 @83.625s 0%: 0.024+0.71+0.005 ms clock, 0.49+0/1.0/0.015+0.11 ms cpu, 222->222->104 MB, 224 MB goal, 0 MB stacks, 0 MB globals, 20 P
gc 1076 @83.646s 0%: 0.031+7.7+0.004 ms clock, 0.63+0/8.1/0+0.083 ms cpu, 215->215->111 MB, 215 MB goal, 0 MB stacks, 0 MB globals, 20 P
gc 1077 @83.672s 0%: 0.018+0.56+0.003 ms clock, 0.37+0.26/0.61/0+0.070 ms cpu, 220->222->103 MB, 223 MB goal, 0 MB stacks, 0 MB globals, 20 P
gc 1078 @83.688s 0%: 0.021+2.2+0.004 ms clock, 0.42+0/2.4/0+0.089 ms cpu, 210->210->99 MB, 210 MB goal, 0 MB stacks, 0 MB globals, 20 P
gc 1079 @83.706s 0%: 0.023+4.3+0.003 ms clock, 0.46+0/4.6/0+0.075 ms cpu, 200->200->103 MB, 201 MB goal, 0 MB stacks, 0 MB globals, 20 P
gc 1080 @83.731s 0%: 0.026+0.91+0.025 ms clock, 0.52+0/1.1/0+0.50 ms cpu, 203->203->119 MB, 206 MB goal, 0 MB stacks, 0 MB globals, 20 P
gc 1081 @83.766s 0%: 0.026+4.5+0.003 ms clock, 0.53+0/5.0/0.003+0.075 ms cpu, 244->244->107 MB, 245 MB goal, 0 MB stacks, 0 MB globals, 20 P
gc 1082 @83.798s 0%: 0.018+1.1+0.004 ms clock, 0.37+0/1.4/0+0.098 ms cpu, 213->213->113 MB, 215 MB goal, 0 MB stacks, 0 MB globals, 20 P
gc 1083 @83.820s 0%: 0.026+0.71+0.018 ms clock, 0.53+0/1.0/0+0.37 ms cpu, 235->235->133 MB, 235 MB goal, 0 MB stacks, 0 MB globals, 20 P
gc 1084 @83.844s 0%: 0.021+1.4+0.004 ms clock, 0.42+0/1.7/0.007+0.097 ms cpu, 265->265->115 MB, 267 MB goal, 0 MB stacks, 0 MB globals, 20 P
gc 1085 @83.862s 0%: 0.020+1.1+0.003 ms clock, 0.41+0/1.2/0+0.077 ms cpu, 230->230->120 MB, 230 MB goal, 0 MB stacks, 0 MB globals, 20 P
gc 1086 @83.881s 0%: 0.022+0.47+0.011 ms clock, 0.44+0/0.70/0+0.22 ms cpu, 243->243->139 MB, 243 MB goal, 0 MB stacks, 0 MB globals, 20 P
gc 1087 @83.914s 0%: 0.021+4.3+0.006 ms clock, 0.43+0/4.5/0+0.13 ms cpu, 281->281->122 MB, 281 MB goal, 0 MB stacks, 0 MB globals, 20 P
gc 1088 @83.944s 0%: 0.018+0.50+0.006 ms clock, 0.37+0.088/0.78/0+0.13 ms cpu, 242->244->111 MB, 245 MB goal, 0 MB stacks, 0 MB globals, 20 P
gc 1089 @83.961s 0%: 0.016+1.2+0.003 ms clock, 0.33+0/1.6/0.009+0.069 ms cpu, 222->222->113 MB, 223 MB goal, 0 MB stacks, 0 MB globals, 20 P
gc 1090 @83.979s 0%: 0.028+8.3+0.004 ms clock, 0.56+0/9.0/0.096+0.093 ms cpu, 225->225->118 MB, 226 MB goal, 0 MB stacks, 0 MB globals, 20 P
gc 1091 @84.013s 0%: 0.019+0.74+0.010 ms clock, 0.38+0/1.2/0.016+0.20 ms cpu, 238->238->109 MB, 238 MB goal, 0 MB stacks, 0 MB globals, 20 P
gc 1092 @84.042s 0%: 0.032+1.6+0.013 ms clock, 0.64+0/2.3/0+0.27 ms cpu, 220->220->113 MB, 220 MB goal, 0 MB stacks, 0 MB globals, 20 P
gc 1093 @84.072s 0%: 0.024+3.3+0.006 ms clock, 0.49+0/3.7/0+0.13 ms cpu, 234->234->119 MB, 234 MB goal, 0 MB stacks, 0 MB globals, 20 P
gc 1094 @84.108s 0%: 0.017+0.53+0.003 ms clock, 0.35+0.11/0.61/0+0.072 ms cpu, 236->239->111 MB, 239 MB goal, 0 MB stacks, 0 MB globals, 20 P
gc 1095 @84.126s 0%: 0.018+0.78+0.007 ms clock, 0.37+0/0.99/0+0.15 ms cpu, 223->223->114 MB, 223 MB goal, 0 MB stacks, 0 MB globals, 20 P
gc 1096 @84.157s 0%: 0.023+2.5+0.003 ms clock, 0.46+0/3.0/0+0.078 ms cpu, 238->238->122 MB, 238 MB goal, 0 MB stacks, 0 MB globals, 20 P
gc 1097 @84.185s 0%: 0.022+0.47+0.007 ms clock, 0.44+0/0.64/0+0.15 ms cpu, 245->245->141 MB, 246 MB goal, 0 MB stacks, 0 MB globals, 20 P
gc 1098 @84.219s 0%: 0.029+6.0+0.005 ms clock, 0.59+0/6.5/0+0.10 ms cpu, 284->284->123 MB, 284 MB goal, 0 MB stacks, 0 MB globals, 20 P
gc 1099 @84.256s 0%: 0.025+1.8+0.004 ms clock, 0.50+0/2.4/0+0.096 ms cpu, 244->244->129 MB, 246 MB goal, 0 MB stacks, 0 MB globals, 20 P
gc 1100 @84.286s 0%: 0.024+0.78+0.007 ms clock, 0.49+0/1.0/0+0.15 ms cpu, 256->256->117 MB, 258 MB goal, 0 MB stacks, 0 MB globals, 20 P
gc 1101 @84.306s 0%: 0.028+2.6+0.005 ms clock, 0.56+0/3.0/0.009+0.10 ms cpu, 235->235->124 MB, 235 MB goal, 0 MB stacks, 0 MB globals, 20 P
gc 1102 @84.333s 0%: 0.031+0.50+0.004 ms clock, 0.63+0/0.64/0.047+0.092 ms cpu, 245->245->113 MB, 248 MB goal, 0 MB stacks, 0 MB globals, 20 P
gc 1103 @84.349s 0%: 0.020+0.93+0.005 ms clock, 0.40+0/1.1/0+0.10 ms cpu, 229->229->117 MB, 229 MB goal, 0 MB stacks, 0 MB globals, 20 P
gc 1104 @84.368s 0%: 0.029+8.6+0.007 ms clock, 0.59+0/9.2/0+0.14 ms cpu, 233->233->122 MB, 236 MB goal, 0 MB stacks, 0 MB globals, 20 P
gc 1105 @84.406s 0%: 0.027+0.53+0.012 ms clock, 0.54+0/0.96/0+0.24 ms cpu, 244->244->138 MB, 245 MB goal, 0 MB stacks, 0 MB globals, 20 P
gc 1106 @84.430s 0%: 0.020+4.5+0.007 ms clock, 0.40+0/4.6/0.003+0.14 ms cpu, 276->276->121 MB, 278 MB goal, 0 MB stacks, 0 MB globals, 20 P
gc 1107 @84.451s 0%: 0.020+0.53+0.014 ms clock, 0.41+0/0.75/0+0.28 ms cpu, 241->241->138 MB, 244 MB goal, 0 MB stacks, 0 MB globals, 20 P
gc 1108 @84.483s 0%: 0.021+1.0+0.003 ms clock, 0.43+0/1.4/0+0.076 ms cpu, 275->275->119 MB, 276 MB goal, 0 MB stacks, 0 MB globals, 20 P
gc 1109 @84.508s 0%: 0.034+1.6+0.007 ms clock, 0.69+0/2.2/0+0.14 ms cpu, 234->234->107 MB, 238 MB goal, 0 MB stacks, 0 MB globals, 20 P
gc 1110 @84.529s 0%: 0.041+1.0+0.023 ms clock, 0.82+0/1.8/0.008+0.46 ms cpu, 214->214->109 MB, 214 MB goal, 0 MB stacks, 0 MB globals, 20 P
gc 1111 @84.553s 0%: 0.018+3.0+0.005 ms clock, 0.36+0/3.1/0+0.10 ms cpu, 217->217->113 MB, 220 MB goal, 0 MB stacks, 0 MB globals, 20 P
gc 1112 @84.577s 0%: 0.032+3.1+0.005 ms clock, 0.64+0/3.4/0.003+0.10 ms cpu, 229->229->119 MB, 229 MB goal, 0 MB stacks, 0 MB globals, 20 P
gc 1113 @84.602s 0%: 0.016+1.3+0.003 ms clock, 0.32+0/1.5/0.006+0.079 ms cpu, 236->239->113 MB, 239 MB goal, 0 MB stacks, 0 MB globals, 20 P
gc 1114 @84.620s 0%: 0.028+3.4+0.003 ms clock, 0.57+0/3.6/0+0.071 ms cpu, 234->234->119 MB, 234 MB goal, 0 MB stacks, 0 MB globals, 20 P
gc 1115 @84.642s 0%: 0.023+0.58+0.004 ms clock, 0.47+0/0.92/0+0.096 ms cpu, 239->239->111 MB, 239 MB goal, 0 MB stacks, 0 MB globals, 20 P
gc 1116 @84.666s 0%: 0.020+1.1+0.004 ms clock, 0.41+0/1.6/0+0.093 ms cpu, 222->222->115 MB, 223 MB goal, 0 MB stacks, 0 MB globals, 20 P
gc 1117 @84.695s 0%: 0.029+4.7+0.003 ms clock, 0.59+0/5.5/0.002+0.078 ms cpu, 236->236->121 MB, 236 MB goal, 0 MB stacks, 0 MB globals, 20 P
gc 1118 @84.720s 0%: 0.030+0.55+0.009 ms clock, 0.61+0/0.94/0.046+0.18 ms cpu, 240->240->109 MB, 242 MB goal, 0 MB stacks, 0 MB globals, 20 P
gc 1119 @84.737s 0%: 0.026+0.86+0.006 ms clock, 0.53+0/1.8/0.041+0.13 ms cpu, 221->221->114 MB, 221 MB goal, 0 MB stacks, 0 MB globals, 20 P
gc 1120 @84.757s 0%: 0.018+3.9+0.005 ms clock, 0.37+0/4.1/0+0.11 ms cpu, 238->238->122 MB, 238 MB goal, 0 MB stacks, 0 MB globals, 20 P
gc 1121 @84.782s 0%: 0.025+0.43+0.006 ms clock, 0.51+0/0.89/0+0.13 ms cpu, 245->245->141 MB, 246 MB goal, 0 MB stacks, 0 MB globals, 20 P
gc 1122 @84.808s 0%: 0.021+5.2+0.004 ms clock, 0.43+0/5.5/0+0.099 ms cpu, 284->284->123 MB, 284 MB goal, 0 MB stacks, 0 MB globals, 20 P
gc 1123 @84.828s 0%: 0.022+7.1+0.005 ms clock, 0.45+0/7.4/0+0.11 ms cpu, 244->244->129 MB, 246 MB goal, 0 MB stacks, 0 MB globals, 20 P
gc 1124 @84.871s 0%: 0.022+0.88+0.15 ms clock, 0.44+0/1.1/0+3.0 ms cpu, 255->255->116 MB, 258 MB goal, 0 MB stacks, 0 MB globals, 20 P
gc 1125 @84.898s 0%: 0.019+3.5+0.008 ms clock, 0.39+0/3.9/0+0.16 ms cpu, 234->234->123 MB, 234 MB goal, 0 MB stacks, 0 MB globals, 20 P
gc 1126 @84.932s 0%: 0.017+1.4+0.004 ms clock, 0.34+0/1.6/0+0.085 ms cpu, 244->244->112 MB, 247 MB goal, 0 MB stacks, 0 MB globals, 20 P
gc 1127 @84.949s 0%: 0.017+0.67+0.003 ms clock, 0.35+0/1.1/0.001+0.070 ms cpu, 228->228->117 MB, 228 MB goal, 0 MB stacks, 0 MB globals, 20 P
gc 1128 @84.965s 0%: 0.022+4.3+0.004 ms clock, 0.44+0/4.6/0+0.083 ms cpu, 230->230->120 MB, 234 MB goal, 0 MB stacks, 0 MB globals, 20 P
gc 1129 @84.996s 0%: 0.021+0.72+0.007 ms clock, 0.43+0/1.0/0.001+0.15 ms cpu, 236->240->110 MB, 240 MB goal, 0 MB stacks, 0 MB globals, 20 P
gc 1130 @85.015s 0%: 0.027+5.0+0.023 ms clock, 0.55+0/5.7/0.008+0.46 ms cpu, 219->219->113 MB, 221 MB goal, 0 MB stacks, 0 MB globals, 20 P
gc 1131 @85.038s 0%: 0.024+6.9+0.004 ms clock, 0.49+0/7.5/0.014+0.085 ms cpu, 234->234->119 MB, 234 MB goal, 0 MB stacks, 0 MB globals, 20 P
gc 1132 @85.065s 0%: 0.033+0.71+0.004 ms clock, 0.67+0/1.0/0+0.081 ms cpu, 236->236->107 MB, 238 MB goal, 0 MB stacks, 0 MB globals, 20 P
gc 1133 @85.080s 0%: 0.023+0.75+0.006 ms clock, 0.46+0/1.2/0+0.12 ms cpu, 214->214->111 MB, 214 MB goal, 0 MB stacks, 0 MB globals, 20 P
gc 1134 @85.105s 0%: 0.028+5.3+0.004 ms clock, 0.56+0/5.8/0+0.096 ms cpu, 229->229->118 MB, 229 MB goal, 0 MB stacks, 0 MB globals, 20 P
gc 1135 @85.126s 0%: 0.020+2.4+0.003 ms clock, 0.41+0/2.7/0+0.072 ms cpu, 239->239->125 MB, 239 MB goal, 0 MB stacks, 0 MB globals, 20 P
gc 1136 @85.151s 0%: 0.017+0.46+0.003 ms clock, 0.34+0.024/0.65/0+0.074 ms cpu, 248->248->116 MB, 251 MB goal, 0 MB stacks, 0 MB globals, 20 P
gc 1137 @85.172s 0%: 0.030+1.4+0.008 ms clock, 0.61+0/1.9/0+0.16 ms cpu, 232->232->121 MB, 233 MB goal, 0 MB stacks, 0 MB globals, 20 P
gc 1138 @85.207s 0%: 0.031+0.72+0.004 ms clock, 0.62+0/0.93/0+0.096 ms cpu, 239->242->113 MB, 243 MB goal, 0 MB stacks, 0 MB globals, 20 P
gc 1139 @85.224s 0%: 0.017+2.0+0.003 ms clock, 0.34+0/2.2/0+0.072 ms cpu, 228->228->116 MB, 228 MB goal, 0 MB stacks, 0 MB globals, 20 P
gc 1140 @85.244s 0%: 0.023+1.5+0.003 ms clock, 0.47+0/1.8/0+0.074 ms cpu, 239->239->122 MB, 239 MB goal, 0 MB stacks, 0 MB globals, 20 P
gc 1141 @85.267s 0%: 0.019+0.52+0.013 ms clock, 0.38+0/0.79/0+0.27 ms cpu, 244->244->139 MB, 245 MB goal, 0 MB stacks, 0 MB globals, 20 P
gc 1142 @85.291s 0%: 0.020+1.5+0.004 ms clock, 0.41+0/1.8/0.006+0.083 ms cpu, 281->281->118 MB, 281 MB goal, 0 MB stacks, 0 MB globals, 20 P
gc 1143 @85.309s 0%: 0.021+0.49+0.014 ms clock, 0.43+0/0.85/0+0.28 ms cpu, 236->236->136 MB, 237 MB goal, 0 MB stacks, 0 MB globals, 20 P
gc 1144 @85.334s 0%: 0.022+0.91+0.006 ms clock, 0.45+0/1.3/0+0.13 ms cpu, 279->279->118 MB, 279 MB goal, 0 MB stacks, 0 MB globals, 20 P
gc 1145 @85.355s 0%: 0.020+1.3+0.003 ms clock, 0.40+0/1.6/0+0.070 ms cpu, 239->239->124 MB, 240 MB goal, 0 MB stacks, 0 MB globals, 20 P
gc 1146 @85.382s 0%: 0.023+1.0+0.007 ms clock, 0.47+0/1.4/0+0.15 ms cpu, 247->247->115 MB, 249 MB goal, 0 MB stacks, 0 MB globals, 20 P
gc 1147 @85.407s 0%: 0.026+2.0+0.004 ms clock, 0.52+0/2.4/0+0.083 ms cpu, 236->236->124 MB, 236 MB goal, 0 MB stacks, 0 MB globals, 20 P
gc 1148 @85.438s 0%: 0.018+0.51+0.004 ms clock, 0.37+0/0.90/0.002+0.084 ms cpu, 248->248->112 MB, 249 MB goal, 0 MB stacks, 0 MB globals, 20 P
gc 1149 @85.453s 0%: 0.030+0.77+0.003 ms clock, 0.61+0/1.0/0+0.065 ms cpu, 224->224->116 MB, 226 MB goal, 0 MB stacks, 0 MB globals, 20 P
gc 1150 @85.469s 0%: 0.025+1.3+0.006 ms clock, 0.51+0/2.1/0.001+0.12 ms cpu, 231->231->121 MB, 233 MB goal, 0 MB stacks, 0 MB globals, 20 P
gc 1151 @85.497s 0%: 0.020+0.50+0.008 ms clock, 0.41+0/0.76/0+0.16 ms cpu, 243->243->138 MB, 243 MB goal, 0 MB stacks, 0 MB globals, 20 P
gc 1152 @85.523s 0%: 0.023+5.5+0.005 ms clock, 0.46+0/6.0/0+0.10 ms cpu, 280->280->118 MB, 280 MB goal, 0 MB stacks, 0 MB globals, 20 P
gc 1153 @85.553s 0%: 0.018+0.46+0.047 ms clock, 0.36+0/0.67/0+0.94 ms cpu, 234->234->133 MB, 237 MB goal, 0 MB stacks, 0 MB globals, 20 P
gc 1154 @85.581s 0%: 0.019+1.0+0.003 ms clock, 0.39+0/1.4/0+0.068 ms cpu, 271->271->120 MB, 271 MB goal, 0 MB stacks, 0 MB globals, 20 P
gc 1155 @85.614s 0%: 0.028+3.0+0.007 ms clock, 0.56+0/3.7/0+0.14 ms cpu, 240->240->111 MB, 241 MB goal, 0 MB stacks, 0 MB globals, 20 P
gc 1156 @85.640s 0%: 0.030+1.2+0.003 ms clock, 0.60+0/2.0/0.037+0.069 ms cpu, 222->222->115 MB, 223 MB goal, 0 MB stacks, 0 MB globals, 20 P
gc 1157 @85.657s 0%: 0.029+9.3+0.004 ms clock, 0.58+0/10/0+0.086 ms cpu, 236->236->120 MB, 236 MB goal, 0 MB stacks, 0 MB globals, 20 P
gc 1158 @85.694s 0%: 0.017+0.44+0.003 ms clock, 0.35+0.13/0.59/0+0.069 ms cpu, 240->240->109 MB, 242 MB goal, 0 MB stacks, 0 MB globals, 20 P
gc 1159 @85.714s 0%: 0.026+3.9+0.006 ms clock, 0.53+0/4.7/0+0.13 ms cpu, 220->220->114 MB, 221 MB goal, 0 MB stacks, 0 MB globals, 20 P
gc 1160 @85.735s 0%: 0.023+1.5+0.007 ms clock, 0.46+0/1.8/0.020+0.14 ms cpu, 238->238->122 MB, 238 MB goal, 0 MB stacks, 0 MB globals, 20 P
gc 1161 @85.762s 0%: 0.025+0.52+0.016 ms clock, 0.51+0/1.0/0.004+0.32 ms cpu, 245->245->141 MB, 246 MB goal, 0 MB stacks, 0 MB globals, 20 P
gc 1162 @85.795s 0%: 0.022+5.4+0.086 ms clock, 0.44+0/5.8/0.033+1.7 ms cpu, 295->307->139 MB, 295 MB goal, 0 MB stacks, 0 MB globals, 20 P
gc 1163 @85.825s 0%: 0.021+0.76+0.003 ms clock, 0.42+0/1.2/0+0.075 ms cpu, 272->272->118 MB, 280 MB goal, 0 MB stacks, 0 MB globals, 20 P
gc 1164 @85.842s 0%: 0.021+3.2+0.022 ms clock, 0.43+0/3.6/0+0.44 ms cpu, 233->233->123 MB, 237 MB goal, 0 MB stacks, 0 MB globals, 20 P
gc 1165 @85.866s 0%: 0.019+0.63+0.85 ms clock, 0.39+0.067/0.81/0+17 ms cpu, 234->238->112 MB, 246 MB goal, 0 MB stacks, 0 MB globals, 20 P
gc 1166 @85.884s 0%: 0.020+2.6+0.005 ms clock, 0.41+0/3.0/0+0.11 ms cpu, 217->217->115 MB, 225 MB goal, 0 MB stacks, 0 MB globals, 20 P
gc 1167 @85.900s 0%: 0.022+4.4+0.006 ms clock, 0.44+0/4.6/0.001+0.12 ms cpu, 228->228->121 MB, 231 MB goal, 0 MB stacks, 0 MB globals, 20 P
gc 1168 @85.929s 0%: 0.020+0.51+0.006 ms clock, 0.40+0.082/0.74/0.001+0.12 ms cpu, 230->232->107 MB, 242 MB goal, 0 MB stacks, 0 MB globals, 20 P
gc 1169 @85.948s 0%: 0.018+0.70+0.005 ms clock, 0.36+0.068/0.79/0+0.10 ms cpu, 202->206->109 MB, 214 MB goal, 0 MB stacks, 0 MB globals, 20 P
gc 1170 @85.967s 0%: 0.030+0.75+0.29 ms clock, 0.60+0/1.2/0+5.9 ms cpu, 207->211->114 MB, 218 MB goal, 0 MB stacks, 0 MB globals, 20 P
gc 1171 @85.983s 0%: 0.018+1.9+0.005 ms clock, 0.36+0/2.0/0+0.11 ms cpu, 218->218->114 MB, 229 MB goal, 0 MB stacks, 0 MB globals, 20 P
gc 1172 @86.004s 0%: 0.029+4.0+0.006 ms clock, 0.59+0/4.8/0.030+0.12 ms cpu, 225->225->120 MB, 229 MB goal, 0 MB stacks, 0 MB globals, 20 P
gc 1173 @86.026s 0%: 0.018+3.5+0.003 ms clock, 0.37+0/3.8/0+0.073 ms cpu, 241->241->127 MB, 241 MB goal, 0 MB stacks, 0 MB globals, 20 P
gc 1174 @86.051s 0%: 0.018+0.46+0.003 ms clock, 0.37+0/0.89/0.031+0.065 ms cpu, 244->247->115 MB, 255 MB goal, 0 MB stacks, 0 MB globals, 20 P
gc 1175 @86.070s 0%: 0.022+3.8+0.005 ms clock, 0.44+0/3.9/0+0.11 ms cpu, 235->235->121 MB, 235 MB goal, 0 MB stacks, 0 MB globals, 20 P
gc 1176 @86.094s 0%: 0.030+6.7+0.010 ms clock, 0.60+0/7.5/0.038+0.20 ms cpu, 252->252->129 MB, 252 MB goal, 0 MB stacks, 0 MB globals, 20 P
gc 1177 @86.122s 0%: 0.018+0.62+0.004 ms clock, 0.37+0/0.92/0.010+0.089 ms cpu, 259->259->116 MB, 259 MB goal, 0 MB stacks, 0 MB globals, 20 P
gc 1178 @86.145s 0%: 0.023+0.74+0.020 ms clock, 0.47+0/1.0/0+0.41 ms cpu, 240->240->134 MB, 241 MB goal, 0 MB stacks, 0 MB globals, 20 P
gc 1179 @86.169s 0%: 0.021+4.3+0.005 ms clock, 0.42+0/4.8/0.029+0.11 ms cpu, 272->272->118 MB, 272 MB goal, 0 MB stacks, 0 MB globals, 20 P
gc 1180 @86.194s 0%: 0.024+0.49+0.014 ms clock, 0.48+0/0.92/0+0.29 ms cpu, 241->241->135 MB, 241 MB goal, 0 MB stacks, 0 MB globals, 20 P
gc 1181 @86.241s 0%: 0.021+3.0+0.004 ms clock, 0.43+0/3.4/0.015+0.094 ms cpu, 268->268->114 MB, 272 MB goal, 0 MB stacks, 0 MB globals, 20 P
gc 1182 @86.258s 0%: 0.020+1.1+0.005 ms clock, 0.40+0/1.3/0.001+0.10 ms cpu, 229->229->119 MB, 229 MB goal, 0 MB stacks, 0 MB globals, 20 P
gc 1183 @86.280s 0%: 0.021+0.54+0.016 ms clock, 0.43+0/0.73/0+0.33 ms cpu, 242->242->138 MB, 242 MB goal, 0 MB stacks, 0 MB globals, 20 P
gc 1184 @86.309s 0%: 0.030+1.2+0.006 ms clock, 0.61+0/2.0/0+0.13 ms cpu, 280->280->122 MB, 281 MB goal, 0 MB stacks, 0 MB globals, 20 P
gc 1185 @86.336s 0%: 0.044+2.5+0.007 ms clock, 0.89+0/1.1/0.004+0.14 ms cpu, 242->242->141 MB, 244 MB goal, 0 MB stacks, 0 MB globals, 20 P
gc 1186 @86.370s 0%: 0.020+2.5+0.004 ms clock, 0.41+0/2.7/0+0.083 ms cpu, 280->280->119 MB, 284 MB goal, 0 MB stacks, 0 MB globals, 20 P
gc 1187 @86.392s 0%: 0.029+2.2+0.006 ms clock, 0.59+0/2.8/0+0.12 ms cpu, 242->242->125 MB, 242 MB goal, 0 MB stacks, 0 MB globals, 20 P
gc 1188 @86.419s 0%: 0.020+0.49+0.030 ms clock, 0.40+0.044/0.89/0+0.60 ms cpu, 246->248->112 MB, 250 MB goal, 0 MB stacks, 0 MB globals, 20 P
gc 1189 @86.440s 0%: 0.029+4.8+0.005 ms clock, 0.58+0/5.6/0.049+0.10 ms cpu, 224->224->116 MB, 224 MB goal, 0 MB stacks, 0 MB globals, 20 P
gc 1190 @86.468s 0%: 0.027+0.53+0.004 ms clock, 0.55+0.15/0.59/0.005+0.084 ms cpu, 229->230->106 MB, 233 MB goal, 0 MB stacks, 0 MB globals, 20 P
gc 1191 @86.488s 0%: 0.034+2.5+0.006 ms clock, 0.69+0/3.2/0.080+0.12 ms cpu, 212->212->109 MB, 213 MB goal, 0 MB stacks, 0 MB globals, 20 P
gc 1192 @86.517s 0%: 0.035+4.9+0.011 ms clock, 0.70+0/6.1/0.22+0.22 ms cpu, 217->217->112 MB, 218 MB goal, 0 MB stacks, 0 MB globals, 20 P
gc 1193 @86.549s 0%: 0.028+6.3+0.008 ms clock, 0.56+0/7.2/0.037+0.16 ms cpu, 222->222->116 MB, 224 MB goal, 0 MB stacks, 0 MB globals, 20 P
gc 1194 @86.582s 0%: 0.024+3.4+0.006 ms clock, 0.49+0/3.8/0.003+0.13 ms cpu, 237->237->122 MB, 237 MB goal, 0 MB stacks, 0 MB globals, 20 P
gc 1195 @86.618s 0%: 0.023+0.82+0.004 ms clock, 0.47+0.12/0.79/0+0.092 ms cpu, 242->245->116 MB, 246 MB goal, 0 MB stacks, 0 MB globals, 20 P
gc 1196 @86.641s 0%: 0.020+3.2+0.003 ms clock, 0.40+0/3.4/0+0.072 ms cpu, 232->232->119 MB, 232 MB goal, 0 MB stacks, 0 MB globals, 20 P
gc 1197 @86.666s 0%: 0.030+2.2+0.007 ms clock, 0.61+0/2.8/0+0.15 ms cpu, 250->250->129 MB, 250 MB goal, 0 MB stacks, 0 MB globals, 20 P
gc 1198 @86.695s 0%: 0.017+0.54+0.004 ms clock, 0.35+0/0.75/0.003+0.098 ms cpu, 255->255->116 MB, 258 MB goal, 0 MB stacks, 0 MB globals, 20 P
gc 1199 @86.718s 0%: 0.018+3.2+0.003 ms clock, 0.36+0/3.5/0+0.069 ms cpu, 234->234->123 MB, 234 MB goal, 0 MB stacks, 0 MB globals, 20 P
gc 1200 @86.750s 0%: 0.021+0.48+0.006 ms clock, 0.43+0/0.93/0+0.12 ms cpu, 243->243->111 MB, 247 MB goal, 0 MB stacks, 0 MB globals, 20 P
gc 1201 @86.772s 0%: 0.029+2.4+0.007 ms clock, 0.58+0/3.3/0.065+0.15 ms cpu, 220->220->116 MB, 222 MB goal, 0 MB stacks, 0 MB globals, 20 P
gc 1202 @86.797s 0%: 0.022+5.9+0.003 ms clock, 0.44+0/6.1/0.002+0.077 ms cpu, 236->236->121 MB, 236 MB goal, 0 MB stacks, 0 MB globals, 20 P
gc 1203 @86.822s 0%: 0.018+0.46+0.003 ms clock, 0.36+0.14/0.52/0+0.071 ms cpu, 241->241->108 MB, 243 MB goal, 0 MB stacks, 0 MB globals, 20 P
gc 1204 @86.842s 0%: 0.019+0.59+0.003 ms clock, 0.39+0/0.80/0+0.070 ms cpu, 213->213->111 MB, 217 MB goal, 0 MB stacks, 0 MB globals, 20 P
gc 1205 @86.857s 0%: 0.019+3.9+0.14 ms clock, 0.39+0/4.1/0+2.8 ms cpu, 229->229->118 MB, 229 MB goal, 0 MB stacks, 0 MB globals, 20 P
gc 1206 @86.891s 0%: 0.021+5.9+0.11 ms clock, 0.42+0/6.0/0.017+2.3 ms cpu, 239->252->138 MB, 239 MB goal, 0 MB stacks, 0 MB globals, 20 P
gc 1207 @86.927s 0%: 0.023+0.96+0.005 ms clock, 0.46+0/1.5/0.005+0.10 ms cpu, 269->269->118 MB, 276 MB goal, 0 MB stacks, 0 MB globals, 20 P
gc 1208 @86.943s 0%: 0.021+0.48+0.004 ms clock, 0.43+0/0.63/0+0.096 ms cpu, 228->228->133 MB, 237 MB goal, 0 MB stacks, 0 MB globals, 20 P
gc 1209 @86.965s 0%: 0.027+3.4+0.004 ms clock, 0.54+0/3.6/0+0.088 ms cpu, 258->258->115 MB, 268 MB goal, 0 MB stacks, 0 MB globals, 20 P
gc 1210 @86.985s 0%: 0.018+2.0+0.003 ms clock, 0.37+0/2.4/0.003+0.070 ms cpu, 221->221->118 MB, 231 MB goal, 0 MB stacks, 0 MB globals, 20 P
gc 1211 @86.999s 0%: 0.021+1.6+0.004 ms clock, 0.42+0/2.0/0+0.098 ms cpu, 226->226->121 MB, 237 MB goal, 0 MB stacks, 0 MB globals, 20 P
gc 1212 @87.031s 0%: 0.017+0.46+0.003 ms clock, 0.34+0.12/0.50/0+0.066 ms cpu, 230->233->109 MB, 243 MB goal, 0 MB stacks, 0 MB globals, 20 P
gc 1213 @87.049s 0%: 0.042+0.59+0.19 ms clock, 0.85+0/0.89/0+3.9 ms cpu, 207->209->113 MB, 219 MB goal, 0 MB stacks, 0 MB globals, 20 P
gc 1214 @87.066s 0%: 0.017+0.69+0.47 ms clock, 0.34+0/0.99/0+9.4 ms cpu, 218->224->121 MB, 226 MB goal, 0 MB stacks, 0 MB globals, 20 P
gc 1215 @87.086s 0%: 0.027+2.8+0.004 ms clock, 0.55+0/3.3/0+0.088 ms cpu, 232->232->121 MB, 244 MB goal, 0 MB stacks, 0 MB globals, 20 P
gc 1216 @87.106s 0%: 0.030+8.6+0.003 ms clock, 0.60+0/8.9/0+0.078 ms cpu, 242->242->129 MB, 243 MB goal, 0 MB stacks, 0 MB globals, 20 P
gc 1217 @87.136s 0%: 0.023+0.48+0.005 ms clock, 0.46+0/1.1/0+0.10 ms cpu, 248->248->115 MB, 258 MB goal, 0 MB stacks, 0 MB globals, 20 P
gc 1218 @87.154s 0%: 0.017+0.60+0.003 ms clock, 0.34+0/0.77/0+0.072 ms cpu, 220->220->118 MB, 230 MB goal, 0 MB stacks, 0 MB globals, 20 P
gc 1219 @87.169s 0%: 0.016+1.0+0.003 ms clock, 0.33+0/1.2/0+0.072 ms cpu, 230->230->123 MB, 236 MB goal, 0 MB stacks, 0 MB globals, 20 P
gc 1220 @87.193s 0%: 0.037+1.8+0.006 ms clock, 0.75+0/2.4/0.002+0.13 ms cpu, 240->240->111 MB, 247 MB goal, 0 MB stacks, 0 MB globals, 20 P
gc 1221 @87.216s 0%: 0.025+6.0+0.006 ms clock, 0.51+0/6.4/0+0.12 ms cpu, 215->215->114 MB, 223 MB goal, 0 MB stacks, 0 MB globals, 20 P
gc 1222 @87.244s 0%: 0.023+0.56+0.005 ms clock, 0.46+0/1.3/0+0.11 ms cpu, 219->219->99 MB, 229 MB goal, 0 MB stacks, 0 MB globals, 20 P
gc 1223 @87.261s 0%: 0.028+1.0+0.15 ms clock, 0.56+0/1.8/0+3.0 ms cpu, 193->193->101 MB, 199 MB goal, 0 MB stacks, 0 MB globals, 20 P
gc 1224 @87.282s 0%: 0.033+3.6+0.008 ms clock, 0.66+0/4.4/0.021+0.16 ms cpu, 197->197->102 MB, 202 MB goal, 0 MB stacks, 0 MB globals, 20 P
gc 1225 @87.315s 0%: 0.032+0.74+0.007 ms clock, 0.65+0.15/1.1/0.010+0.15 ms cpu, 193->195->91 MB, 205 MB goal, 0 MB stacks, 0 MB globals, 20 P
gc 1226 @87.334s 0%: 0.030+0.71+0.007 ms clock, 0.60+0/1.4/0+0.14 ms cpu, 177->177->92 MB, 183 MB goal, 0 MB stacks, 0 MB globals, 20 P
gc 1227 @87.364s 0%: 0.028+2.6+0.006 ms clock, 0.57+0/3.4/0.041+0.13 ms cpu, 185->185->96 MB, 185 MB goal, 0 MB stacks, 0 MB globals, 20 P
gc 1228 @87.381s 0%: 0.022+3.2+0.003 ms clock, 0.45+0/3.3/0+0.071 ms cpu, 192->192->100 MB, 193 MB goal, 0 MB stacks, 0 MB globals, 20 P
gc 1229 @87.404s 0%: 0.027+0.88+0.005 ms clock, 0.55+0.21/1.0/0.007+0.11 ms cpu, 195->198->93 MB, 202 MB goal, 0 MB stacks, 0 MB globals, 20 P
gc 1230 @87.423s 0%: 0.033+2.7+0.005 ms clock, 0.66+0/3.6/0.015+0.11 ms cpu, 185->185->94 MB, 186 MB goal, 0 MB stacks, 0 MB globals, 20 P
gc 1231 @87.447s 0%: 0.020+3.9+0.007 ms clock, 0.41+0/4.3/0+0.14 ms cpu, 186->186->98 MB, 189 MB goal, 0 MB stacks, 0 MB globals, 20 P
gc 1232 @87.463s 0%: 0.021+0.46+0.017 ms clock, 0.42+0/0.77/0.010+0.34 ms cpu, 195->195->111 MB, 197 MB goal, 0 MB stacks, 0 MB globals, 20 P
gc 1233 @87.493s 0%: 0.025+3.3+0.005 ms clock, 0.51+0/3.8/0+0.10 ms cpu, 217->217->94 MB, 224 MB goal, 0 MB stacks, 0 MB globals, 20 P
gc 1234 @87.513s 0%: 0.020+0.85+0.003 ms clock, 0.41+0/1.1/0+0.060 ms cpu, 186->186->98 MB, 189 MB goal, 0 MB stacks, 0 MB globals, 20 P
gc 1235 @87.540s 0%: 0.025+0.72+0.015 ms clock, 0.50+0/0.84/0+0.31 ms cpu, 195->195->111 MB, 197 MB goal, 0 MB stacks, 0 MB globals, 20 P
gc 1236 @87.570s 0%: 0.028+1.0+0.008 ms clock, 0.57+0/1.7/0.009+0.16 ms cpu, 217->217->94 MB, 224 MB goal, 0 MB stacks, 0 MB globals, 20 P
gc 1237 @87.592s 0%: 0.025+1.8+0.005 ms clock, 0.50+0/2.6/0.026+0.11 ms cpu, 186->186->98 MB, 189 MB goal, 0 MB stacks, 0 MB globals, 20 P
gc 1238 @87.613s 0%: 0.023+0.48+0.009 ms clock, 0.46+0/0.82/0+0.18 ms cpu, 198->198->114 MB, 198 MB goal, 0 MB stacks, 0 MB globals, 20 P
gc 1239 @87.644s 0%: 0.016+1.5+0.003 ms clock, 0.33+0/2.0/0.039+0.066 ms cpu, 226->226->97 MB, 229 MB goal, 0 MB stacks, 0 MB globals, 20 P
gc 1240 @87.660s 0%: 0.017+0.80+0.003 ms clock, 0.34+0/1.1/0+0.070 ms cpu, 191->191->102 MB, 194 MB goal, 0 MB stacks, 0 MB globals, 20 P
gc 1241 @87.675s 0%: 0.021+1.2+0.005 ms clock, 0.42+0/1.5/0+0.10 ms cpu, 200->200->108 MB, 204 MB goal, 0 MB stacks, 0 MB globals, 20 P
gc 1242 @87.695s 0%: 0.022+6.8+0.005 ms clock, 0.45+0/7.3/0.018+0.10 ms cpu, 217->217->115 MB, 217 MB goal, 0 MB stacks, 0 MB globals, 20 P
gc 1243 @87.736s 0%: 0.018+0.46+0.003 ms clock, 0.37+0.070/0.62/0+0.073 ms cpu, 224->225->106 MB, 230 MB goal, 0 MB stacks, 0 MB globals, 20 P
gc 1244 @87.751s 0%: 0.017+0.90+0.005 ms clock, 0.35+0.012/0.72/0.051+0.10 ms cpu, 208->211->112 MB, 214 MB goal, 0 MB stacks, 0 MB globals, 20 P
gc 1245 @87.772s 0%: 0.019+0.68+0.005 ms clock, 0.38+0/1.2/0+0.10 ms cpu, 229->229->116 MB, 229 MB goal, 0 MB stacks, 0 MB globals, 20 P
gc 1246 @87.787s 0%: 0.018+0.99+0.003 ms clock, 0.37+0/1.4/0+0.062 ms cpu, 231->231->122 MB, 233 MB goal, 0 MB stacks, 0 MB globals, 20 P
gc 1247 @87.810s 0%: 0.022+0.53+0.013 ms clock, 0.44+0/0.81/0+0.27 ms cpu, 245->245->141 MB, 246 MB goal, 0 MB stacks, 0 MB globals, 20 P
gc 1248 @87.841s 0%: 0.019+3.6+0.003 ms clock, 0.38+0/3.7/0+0.069 ms cpu, 284->284->123 MB, 284 MB goal, 0 MB stacks, 0 MB globals, 20 P
gc 1249 @87.859s 0%: 0.023+1.7+0.006 ms clock, 0.46+0/2.3/0+0.12 ms cpu, 244->244->129 MB, 246 MB goal, 0 MB stacks, 0 MB globals, 20 P
gc 1250 @87.890s 0%: 0.019+0.61+0.003 ms clock, 0.38+0/1.0/0+0.074 ms cpu, 259->259->117 MB, 259 MB goal, 0 MB stacks, 0 MB globals, 20 P
gc 1251 @87.915s 0%: 0.034+0.68+0.019 ms clock, 0.69+0/1.4/0.004+0.39 ms cpu, 241->241->135 MB, 242 MB goal, 0 MB stacks, 0 MB globals, 20 P
gc 1252 @87.943s 0%: 0.021+4.4+0.005 ms clock, 0.43+0/4.6/0+0.10 ms cpu, 273->273->119 MB, 273 MB goal, 0 MB stacks, 0 MB globals, 20 P
gc 1253 @87.965s 0%: 0.018+0.56+0.015 ms clock, 0.37+0/0.82/0.002+0.31 ms cpu, 241->241->136 MB, 241 MB goal, 0 MB stacks, 0 MB globals, 20 P
gc 1254 @87.994s 0%: 0.020+0.97+0.003 ms clock, 0.41+0/1.1/0+0.068 ms cpu, 279->279->117 MB, 279 MB goal, 0 MB stacks, 0 MB globals, 20 P
gc 1255 @88.010s 0%: 0.021+1.3+0.003 ms clock, 0.42+0/1.5/0+0.076 ms cpu, 238->238->122 MB, 238 MB goal, 0 MB stacks, 0 MB globals, 20 P
gc 1256 @88.032s 0%: 0.018+0.67+0.003 ms clock, 0.37+0.063/0.62/0.007+0.072 ms cpu, 242->245->116 MB, 245 MB goal, 0 MB stacks, 0 MB globals, 20 P
gc 1257 @88.047s 0%: 0.017+0.68+0.003 ms clock, 0.35+0/1.2/0+0.071 ms cpu, 232->232->119 MB, 232 MB goal, 0 MB stacks, 0 MB globals, 20 P
gc 1258 @88.065s 0%: 0.019+5.7+0.005 ms clock, 0.38+0/5.8/0+0.11 ms cpu, 250->250->129 MB, 250 MB goal, 0 MB stacks, 0 MB globals, 20 P
gc 1259 @88.093s 0%: 0.019+0.46+0.003 ms clock, 0.38+0/0.77/0+0.075 ms cpu, 256->256->117 MB, 258 MB goal, 0 MB stacks, 0 MB globals, 20 P
gc 1260 @88.111s 0%: 0.017+3.8+0.005 ms clock, 0.34+0/3.9/0+0.10 ms cpu, 238->238->122 MB, 239 MB goal, 0 MB stacks, 0 MB globals, 20 P
gc 1261 @88.137s 0%: 0.019+0.56+0.006 ms clock, 0.38+0.084/0.77/0+0.13 ms cpu, 241->243->111 MB, 245 MB goal, 0 MB stacks, 0 MB globals, 20 P
gc 1262 @88.154s 0%: 0.024+0.71+0.006 ms clock, 0.48+0/1.5/0.031+0.12 ms cpu, 222->222->113 MB, 223 MB goal, 0 MB stacks, 0 MB globals, 20 P
gc 1263 @88.174s 0%: 0.024+3.7+0.004 ms clock, 0.49+0/4.4/0+0.087 ms cpu, 225->225->118 MB, 226 MB goal, 0 MB stacks, 0 MB globals, 20 P
gc 1264 @88.197s 0%: 0.026+0.74+0.005 ms clock, 0.52+0/1.0/0.001+0.10 ms cpu, 238->238->109 MB, 238 MB goal, 0 MB stacks, 0 MB globals, 20 P
gc 1265 @88.225s 0%: 0.030+4.2+0.006 ms clock, 0.60+0/5.2/0.053+0.13 ms cpu, 220->220->113 MB, 220 MB goal, 0 MB stacks, 0 MB globals, 20 P
gc 1266 @88.250s 0%: 0.026+6.0+0.003 ms clock, 0.52+0/6.5/0.095+0.072 ms cpu, 234->234->119 MB, 234 MB goal, 0 MB stacks, 0 MB globals, 20 P
gc 1267 @88.280s 0%: 0.018+0.68+0.004 ms clock, 0.36+0.080/0.81/0+0.082 ms cpu, 236->239->111 MB, 239 MB goal, 0 MB stacks, 0 MB globals, 20 P
gc 1268 @88.301s 0%: 0.019+0.73+0.005 ms clock, 0.39+0/1.1/0.001+0.11 ms cpu, 223->223->114 MB, 223 MB goal, 0 MB stacks, 0 MB globals, 20 P
gc 1269 @88.324s 0%: 0.029+1.7+0.005 ms clock, 0.59+0/2.1/0+0.11 ms cpu, 238->238->122 MB, 238 MB goal, 0 MB stacks, 0 MB globals, 20 P
gc 1270 @88.350s 0%: 0.028+0.66+0.017 ms clock, 0.56+0/1.2/0+0.35 ms cpu, 245->245->141 MB, 246 MB goal, 0 MB stacks, 0 MB globals, 20 P
gc 1271 @88.392s 0%: 0.030+6.5+0.006 ms clock, 0.60+0/7.3/0+0.12 ms cpu, 284->284->123 MB, 284 MB goal, 0 MB stacks, 0 MB globals, 20 P
gc 1272 @88.417s 0%: 0.027+1.8+0.005 ms clock, 0.54+0/2.5/0+0.11 ms cpu, 244->244->129 MB, 246 MB goal, 0 MB stacks, 0 MB globals, 20 P
gc 1273 @88.455s 0%: 0.026+0.84+0.023 ms clock, 0.52+0/1.3/0+0.47 ms cpu, 255->255->116 MB, 258 MB goal, 0 MB stacks, 0 MB globals, 20 P
gc 1274 @88.482s 0%: 0.027+1.9+0.007 ms clock, 0.54+0/2.5/0+0.14 ms cpu, 234->234->123 MB, 234 MB goal, 0 MB stacks, 0 MB globals, 20 P
gc 1275 @88.509s 0%: 0.019+0.48+0.008 ms clock, 0.39+0/0.64/0.004+0.17 ms cpu, 246->246->141 MB, 247 MB goal, 0 MB stacks, 0 MB globals, 20 P
gc 1276 @88.537s 0%: 0.019+3.7+0.003 ms clock, 0.39+0/3.8/0+0.061 ms cpu, 283->283->121 MB, 284 MB goal, 0 MB stacks, 0 MB globals, 20 P
gc 1277 @88.561s 0%: 0.017+0.32+0.003 ms clock, 0.34+0.080/0.66/0+0.079 ms cpu, 239->240->109 MB, 243 MB goal, 0 MB stacks, 0 MB globals, 20 P
gc 1278 @88.578s 0%: 0.017+0.89+0.017 ms clock, 0.35+0/1.4/0+0.35 ms cpu, 218->218->111 MB, 220 MB goal, 0 MB stacks, 0 MB globals, 20 P
gc 1279 @88.595s 0%: 0.019+1.2+0.003 ms clock, 0.38+0/1.4/0+0.068 ms cpu, 228->228->118 MB, 228 MB goal, 0 MB stacks, 0 MB globals, 20 P
gc 1280 @88.618s 0%: 0.029+0.85+0.006 ms clock, 0.58+0/1.6/0.014+0.12 ms cpu, 238->238->110 MB, 238 MB goal, 0 MB stacks, 0 MB globals, 20 P
gc 1281 @88.639s 0%: 0.025+3.2+0.11 ms clock, 0.50+0/3.9/0+2.2 ms cpu, 221->221->114 MB, 221 MB goal, 0 MB stacks, 0 MB globals, 20 P
gc 1282 @88.663s 0%: 0.016+5.4+0.003 ms clock, 0.33+0/5.8/0.001+0.062 ms cpu, 234->234->119 MB, 235 MB goal, 0 MB stacks, 0 MB globals, 20 P
gc 1283 @88.690s 0%: 0.017+0.60+0.003 ms clock, 0.34+0.069/0.58/0+0.073 ms cpu, 236->239->111 MB, 239 MB goal, 0 MB stacks, 0 MB globals, 20 P
gc 1284 @88.704s 0%: 0.025+2.1+0.007 ms clock, 0.50+0/2.6/0+0.14 ms cpu, 223->223->114 MB, 223 MB goal, 0 MB stacks, 0 MB globals, 20 P
gc 1285 @88.729s 0%: 0.030+6.0+0.008 ms clock, 0.60+0/6.4/0.001+0.17 ms cpu, 238->238->122 MB, 238 MB goal, 0 MB stacks, 0 MB globals, 20 P
gc 1286 @88.757s 0%: 0.022+0.38+0.012 ms clock, 0.45+0/0.83/0.013+0.25 ms cpu, 245->245->141 MB, 246 MB goal, 0 MB stacks, 0 MB globals, 20 P
gc 1287 @88.798s 0%: 0.024+4.1+0.003 ms clock, 0.49+0/4.5/0.004+0.078 ms cpu, 284->284->123 MB, 284 MB goal, 0 MB stacks, 0 MB globals, 20 P
gc 1288 @88.825s 0%: 0.017+0.55+0.005 ms clock, 0.35+0/0.81/0.059+0.11 ms cpu, 243->243->112 MB, 246 MB goal, 0 MB stacks, 0 MB globals, 20 P
gc 1289 @88.847s 0%: 0.023+1.1+0.005 ms clock, 0.46+0/1.5/0.11+0.10 ms cpu, 222->222->116 MB, 224 MB goal, 0 MB stacks, 0 MB globals, 20 P
gc 1290 @88.870s 0%: 0.035+1.6+0.007 ms clock, 0.70+0/2.5/0.036+0.15 ms cpu, 232->232->121 MB, 233 MB goal, 0 MB stacks, 0 MB globals, 20 P
gc 1291 @88.900s 0%: 0.023+0.47+0.006 ms clock, 0.47+0/0.81/0+0.13 ms cpu, 243->243->138 MB, 243 MB goal, 0 MB stacks, 0 MB globals, 20 P
gc 1292 @88.936s 0%: 0.018+2.4+0.003 ms clock, 0.36+0/2.6/0+0.074 ms cpu, 279->279->117 MB, 279 MB goal, 0 MB stacks, 0 MB globals, 20 P
gc 1293 @88.954s 0%: 0.020+0.49+0.014 ms clock, 0.40+0/0.78/0+0.29 ms cpu, 233->233->135 MB, 235 MB goal, 0 MB stacks, 0 MB globals, 20 P
gc 1294 @88.987s 0%: 0.020+1.3+0.005 ms clock, 0.40+0/1.6/0+0.11 ms cpu, 272->272->119 MB, 272 MB goal, 0 MB stacks, 0 MB globals, 20 P
gc 1295 @89.020s 0%: 0.019+0.45+0.004 ms clock, 0.39+0.068/0.72/0+0.082 ms cpu, 237->237->108 MB, 239 MB goal, 0 MB stacks, 0 MB globals, 20 P
gc 1296 @89.040s 0%: 0.018+0.53+0.003 ms clock, 0.37+0/0.88/0.025+0.073 ms cpu, 213->213->110 MB, 217 MB goal, 0 MB stacks, 0 MB globals, 20 P
gc 1297 @89.054s 0%: 0.021+2.9+0.003 ms clock, 0.42+0/3.2/0+0.072 ms cpu, 217->217->113 MB, 221 MB goal, 0 MB stacks, 0 MB globals, 20 P
gc 1298 @89.072s 0%: 0.024+1.5+0.005 ms clock, 0.49+0/2.1/0.013+0.11 ms cpu, 228->228->119 MB, 229 MB goal, 0 MB stacks, 0 MB globals, 20 P
gc 1299 @89.111s 0%: 0.026+0.62+0.013 ms clock, 0.52+0/1.0/0+0.26 ms cpu, 242->242->138 MB, 242 MB goal, 0 MB stacks, 0 MB globals, 20 P
gc 1300 @89.143s 0%: 0.019+3.1+0.003 ms clock, 0.39+0/3.4/0+0.074 ms cpu, 281->281->122 MB, 281 MB goal, 0 MB stacks, 0 MB globals, 20 P
gc 1301 @89.168s 0%: 0.030+2.1+0.12 ms clock, 0.61+0/2.9/0+2.5 ms cpu, 241->254->140 MB, 244 MB goal, 0 MB stacks, 0 MB globals, 20 P
gc 1302 @89.200s 0%: 0.027+4.3+0.004 ms clock, 0.55+0/5.0/0+0.097 ms cpu, 278->278->121 MB, 281 MB goal, 0 MB stacks, 0 MB globals, 20 P
gc 1303 @89.231s 0%: 0.021+0.67+0.005 ms clock, 0.43+0/0.90/0.004+0.10 ms cpu, 230->231->109 MB, 243 MB goal, 0 MB stacks, 0 MB globals, 20 P
gc 1304 @89.250s 0%: 0.017+0.43+0.003 ms clock, 0.35+0/0.76/0+0.068 ms cpu, 206->209->111 MB, 218 MB goal, 0 MB stacks, 0 MB globals, 20 P
gc 1305 @89.266s 0%: 0.017+2.8+0.007 ms clock, 0.35+0/0.87/0.002+0.14 ms cpu, 211->217->116 MB, 224 MB goal, 0 MB stacks, 0 MB globals, 20 P
gc 1306 @89.286s 0%: 0.016+4.0+0.004 ms clock, 0.32+0/4.4/0.011+0.086 ms cpu, 223->223->115 MB, 233 MB goal, 0 MB stacks, 0 MB globals, 20 P
gc 1307 @89.313s 0%: 0.033+0.88+0.021 ms clock, 0.66+0/1.3/0+0.43 ms cpu, 225->225->131 MB, 230 MB goal, 0 MB stacks, 0 MB globals, 20 P
gc 1308 @89.353s 0%: 0.027+6.3+0.005 ms clock, 0.55+0/6.9/0.022+0.10 ms cpu, 257->257->116 MB, 264 MB goal, 0 MB stacks, 0 MB globals, 20 P
gc 1309 @89.378s 0%: 0.020+1.1+0.003 ms clock, 0.40+0/1.4/0+0.069 ms cpu, 222->222->119 MB, 233 MB goal, 0 MB stacks, 0 MB globals, 20 P
gc 1310 @89.392s 0%: 0.020+2.9+0.005 ms clock, 0.41+0/3.0/0+0.10 ms cpu, 227->227->122 MB, 239 MB goal, 0 MB stacks, 0 MB globals, 20 P
gc 1311 @89.413s 0%: 0.019+0.85+0.005 ms clock, 0.39+0.075/0.82/0.032+0.10 ms cpu, 233->236->110 MB, 245 MB goal, 0 MB stacks, 0 MB globals, 20 P
gc 1312 @89.427s 0%: 0.018+2.2+0.004 ms clock, 0.37+0/1.3/0+0.080 ms cpu, 209->212->114 MB, 220 MB goal, 0 MB stacks, 0 MB globals, 20 P
gc 1313 @89.443s 0%: 0.016+3.1+0.005 ms clock, 0.32+0/3.4/0+0.10 ms cpu, 230->230->118 MB, 230 MB goal, 0 MB stacks, 0 MB globals, 20 P
gc 1314 @89.462s 0%: 0.020+3.4+0.005 ms clock, 0.40+0/3.7/0+0.11 ms cpu, 233->233->124 MB, 237 MB goal, 0 MB stacks, 0 MB globals, 20 P
gc 1315 @89.482s 0%: 0.022+0.42+0.013 ms clock, 0.44+0/0.71/0.002+0.27 ms cpu, 244->244->141 MB, 249 MB goal, 0 MB stacks, 0 MB globals, 20 P
gc 1316 @89.515s 0%: 0.035+7.5+0.004 ms clock, 0.70+0/7.9/0+0.088 ms cpu, 279->279->122 MB, 283 MB goal, 0 MB stacks, 0 MB globals, 20 P
gc 1317 @89.549s 0%: 0.017+0.59+0.005 ms clock, 0.35+0/0.95/0+0.10 ms cpu, 241->241->109 MB, 244 MB goal, 0 MB stacks, 0 MB globals, 20 P
gc 1318 @89.569s 0%: 0.027+2.4+0.007 ms clock, 0.55+0/3.4/0.045+0.14 ms cpu, 218->218->114 MB, 219 MB goal, 0 MB stacks, 0 MB globals, 20 P
gc 1319 @89.609s 0%: 0.021+0.48+0.005 ms clock, 0.42+0/0.85/0.007+0.10 ms cpu, 232->232->133 MB, 232 MB goal, 0 MB stacks, 0 MB globals, 20 P
gc 1320 @89.629s 0%: 0.019+2.1+0.004 ms clock, 0.38+0/2.5/0.014+0.089 ms cpu, 265->265->112 MB, 266 MB goal, 0 MB stacks, 0 MB globals, 20 P
gc 1321 @89.646s 0%: 0.016+1.0+0.003 ms clock, 0.32+0/1.5/0+0.072 ms cpu, 227->227->118 MB, 227 MB goal, 0 MB stacks, 0 MB globals, 20 P
gc 1322 @89.666s 0%: 0.029+0.58+0.016 ms clock, 0.59+0/1.3/0.025+0.32 ms cpu, 239->239->136 MB, 239 MB goal, 0 MB stacks, 0 MB globals, 20 P
gc 1323 @89.698s 0%: 0.019+3.7+0.003 ms clock, 0.39+0/4.0/0.015+0.077 ms cpu, 277->277->118 MB, 277 MB goal, 0 MB stacks, 0 MB globals, 20 P
gc 1324 @89.723s 0%: 0.017+0.45+0.003 ms clock, 0.35+0.093/0.61/0.022+0.068 ms cpu, 234->234->111 MB, 236 MB goal, 0 MB stacks, 0 MB globals, 20 P
gc 1325 @89.741s 0%: 0.021+0.88+0.005 ms clock, 0.42+0/1.3/0.011+0.11 ms cpu, 219->219->114 MB, 222 MB goal, 0 MB stacks, 0 MB globals, 20 P
gc 1326 @89.766s 0%: 0.030+6.5+0.005 ms clock, 0.61+0/7.3/0+0.10 ms cpu, 224->224->117 MB, 229 MB goal, 0 MB stacks, 0 MB globals, 20 P
gc 1327 @89.793s 0%: 0.019+4.6+0.005 ms clock, 0.39+0/5.0/0+0.10 ms cpu, 238->238->123 MB, 238 MB goal, 0 MB stacks, 0 MB globals, 20 P
gc 1328 @89.825s 0%: 0.033+0.74+0.005 ms clock, 0.66+0/1.0/0.11+0.11 ms cpu, 243->243->111 MB, 247 MB goal, 0 MB stacks, 0 MB globals, 20 P
gc 1329 @89.856s 0%: 0.026+4.6+0.006 ms clock, 0.53+0/5.3/0+0.12 ms cpu, 221->221->115 MB, 222 MB goal, 0 MB stacks, 0 MB globals, 20 P
gc 1330 @89.887s 0%: 0.021+0.59+0.014 ms clock, 0.43+0/0.89/0+0.28 ms cpu, 233->233->133 MB, 233 MB goal, 0 MB stacks, 0 MB globals, 20 P
gc 1331 @89.913s 0%: 0.019+2.8+0.003 ms clock, 0.38+0/3.4/0+0.071 ms cpu, 266->266->116 MB, 267 MB goal, 0 MB stacks, 0 MB globals, 20 P
gc 1332 @89.930s 0%: 0.018+2.9+0.005 ms clock, 0.37+0/3.2/0.001+0.10 ms cpu, 232->232->121 MB, 234 MB goal, 0 MB stacks, 0 MB globals, 20 P
gc 1333 @89.950s 0%: 0.023+0.46+0.011 ms clock, 0.46+0/0.79/0.005+0.22 ms cpu, 243->243->138 MB, 243 MB goal, 0 MB stacks, 0 MB globals, 20 P
gc 1334 @89.980s 0%: 0.032+6.9+0.006 ms clock, 0.65+0/7.7/0.005+0.12 ms cpu, 281->281->118 MB, 281 MB goal, 0 MB stacks, 0 MB globals, 20 P
gc 1335 @90.010s 0%: 0.024+3.2+0.005 ms clock, 0.49+0/3.5/0+0.11 ms cpu, 239->239->126 MB, 240 MB goal, 0 MB stacks, 0 MB globals, 20 P
gc 1336 @90.035s 0%: 0.017+1.1+0.003 ms clock, 0.35+0.10/0.66/0+0.063 ms cpu, 248->252->120 MB, 252 MB goal, 0 MB stacks, 0 MB globals, 20 P
gc 1337 @90.051s 0%: 0.019+1.6+0.003 ms clock, 0.39+0/1.9/0+0.069 ms cpu, 241->241->121 MB, 241 MB goal, 0 MB stacks, 0 MB globals, 20 P
gc 1338 @90.076s 0%: 0.019+0.29+0.005 ms clock, 0.38+0.063/0.75/0.030+0.11 ms cpu, 238->240->110 MB, 243 MB goal, 0 MB stacks, 0 MB globals, 20 P
gc 1339 @90.090s 0%: 0.015+0.79+0.003 ms clock, 0.31+0/0.97/0+0.070 ms cpu, 222->222->115 MB, 222 MB goal, 0 MB stacks, 0 MB globals, 20 P
gc 1340 @90.106s 0%: 0.019+2.3+0.005 ms clock, 0.39+0/2.4/0+0.11 ms cpu, 230->230->119 MB, 230 MB goal, 0 MB stacks, 0 MB globals, 20 P
gc 1341 @90.125s 0%: 0.024+0.46+0.016 ms clock, 0.48+0/1.1/0.007+0.32 ms cpu, 241->241->136 MB, 241 MB goal, 0 MB stacks, 0 MB globals, 20 P
gc 1342 @90.169s 0%: 0.028+5.0+0.004 ms clock, 0.56+0/5.4/0+0.081 ms cpu, 278->278->116 MB, 278 MB goal, 0 MB stacks, 0 MB globals, 20 P
gc 1343 @90.191s 0%: 0.019+0.46+0.008 ms clock, 0.39+0/0.70/0+0.16 ms cpu, 233->233->131 MB, 234 MB goal, 0 MB stacks, 0 MB globals, 20 P
gc 1344 @90.214s 0%: 0.020+1.2+0.003 ms clock, 0.41+0/1.5/0+0.070 ms cpu, 262->262->114 MB, 263 MB goal, 0 MB stacks, 0 MB globals, 20 P
gc 1345 @90.233s 0%: 0.017+0.44+0.005 ms clock, 0.34+0.037/0.85/0.093+0.11 ms cpu, 225->226->106 MB, 230 MB goal, 0 MB stacks, 0 MB globals, 20 P
gc 1346 @90.257s 0%: 0.031+0.81+0.004 ms clock, 0.62+0/1.2/0.001+0.092 ms cpu, 210->210->108 MB, 212 MB goal, 0 MB stacks, 0 MB globals, 20 P
gc 1347 @90.271s 0%: 0.018+1.2+0.005 ms clock, 0.36+0/1.3/0+0.10 ms cpu, 213->213->110 MB, 217 MB goal, 0 MB stacks, 0 MB globals, 20 P
gc 1348 @90.292s 0%: 0.026+4.9+0.008 ms clock, 0.52+0/5.6/0+0.16 ms cpu, 217->217->114 MB, 221 MB goal, 0 MB stacks, 0 MB globals, 20 P
gc 1349 @90.315s 0%: 0.021+2.1+0.006 ms clock, 0.43+0/2.6/0+0.12 ms cpu, 229->229->119 MB, 229 MB goal, 0 MB stacks, 0 MB globals, 20 P
gc 1350 @90.345s 0%: 0.023+0.63+0.017 ms clock, 0.47+0/0.91/0.005+0.35 ms cpu, 242->242->138 MB, 242 MB goal, 0 MB stacks, 0 MB globals, 20 P
gc 1351 @90.391s 0%: 0.024+6.0+0.007 ms clock, 0.48+0/6.6/0+0.15 ms cpu, 281->281->121 MB, 281 MB goal, 0 MB stacks, 0 MB globals, 20 P
gc 1352 @90.421s 0%: 0.031+1.7+0.006 ms clock, 0.62+0/2.1/0+0.13 ms cpu, 242->242->129 MB, 243 MB goal, 0 MB stacks, 0 MB globals, 20 P
gc 1353 @90.449s 0%: 0.019+0.57+0.006 ms clock, 0.39+0/0.97/0+0.12 ms cpu, 256->256->117 MB, 258 MB goal, 0 MB stacks, 0 MB globals, 20 P
gc 1354 @90.469s 0%: 0.024+1.1+0.005 ms clock, 0.49+0/1.6/0+0.10 ms cpu, 239->239->122 MB, 239 MB goal, 0 MB stacks, 0 MB globals, 20 P
gc 1355 @90.492s 0%: 0.030+2.0+0.025 ms clock, 0.60+0/2.6/0+0.51 ms cpu, 242->255->140 MB, 245 MB goal, 0 MB stacks, 0 MB globals, 20 P
gc 1356 @90.529s 0%: 0.025+5.6+0.005 ms clock, 0.50+0/6.2/0.19+0.10 ms cpu, 278->278->121 MB, 280 MB goal, 0 MB stacks, 0 MB globals, 20 P
gc 1357 @90.560s 0%: 0.035+0.70+0.017 ms clock, 0.71+0/1.5/0+0.34 ms cpu, 243->243->138 MB, 243 MB goal, 0 MB stacks, 0 MB globals, 20 P
gc 1358 @90.589s 0%: 0.018+0.73+0.004 ms clock, 0.36+0/1.2/0+0.082 ms cpu, 270->270->116 MB, 276 MB goal, 0 MB stacks, 0 MB globals, 20 P
gc 1359 @90.604s 0%: 0.019+1.1+0.006 ms clock, 0.38+0/1.4/0+0.12 ms cpu, 231->231->121 MB, 233 MB goal, 0 MB stacks, 0 MB globals, 20 P
gc 1360 @90.621s 0%: 0.021+0.71+0.15 ms clock, 0.43+0/0.94/0+3.0 ms cpu, 243->243->139 MB, 243 MB goal, 0 MB stacks, 0 MB globals, 20 P
gc 1361 @90.654s 0%: 0.022+4.2+0.003 ms clock, 0.45+0/4.4/0.003+0.060 ms cpu, 271->271->119 MB, 278 MB goal, 0 MB stacks, 0 MB globals, 20 P
gc 1362 @90.673s 0%: 0.023+2.6+0.005 ms clock, 0.46+0/3.2/0.001+0.11 ms cpu, 233->233->124 MB, 239 MB goal, 0 MB stacks, 0 MB globals, 20 P
gc 1363 @90.706s 0%: 0.026+0.86+0.017 ms clock, 0.53+0.16/1.1/0+0.35 ms cpu, 238->240->114 MB, 249 MB goal, 0 MB stacks, 0 MB globals, 20 P
gc 1364 @90.727s 0%: 0.027+0.86+0.007 ms clock, 0.55+0/1.5/0.061+0.15 ms cpu, 216->216->114 MB, 229 MB goal, 0 MB stacks, 0 MB globals, 20 P
gc 1365 @90.749s 0%: 0.027+0.99+0.007 ms clock, 0.54+0/1.9/0+0.15 ms cpu, 218->218->116 MB, 229 MB goal, 0 MB stacks, 0 MB globals, 20 P
gc 1366 @90.775s 0%: 0.035+5.0+0.005 ms clock, 0.70+0/5.8/0.046+0.10 ms cpu, 227->227->120 MB, 234 MB goal, 0 MB stacks, 0 MB globals, 20 P
gc 1367 @90.804s 0%: 0.019+5.1+0.007 ms clock, 0.39+0/5.3/0.002+0.14 ms cpu, 241->241->126 MB, 241 MB goal, 0 MB stacks, 0 MB globals, 20 P
gc 1368 @90.830s 0%: 0.018+0.66+0.003 ms clock, 0.37+0.10/0.58/0.002+0.067 ms cpu, 240->245->118 MB, 252 MB goal, 0 MB stacks, 0 MB globals, 20 P
gc 1369 @90.848s 0%: 0.018+0.80+0.010 ms clock, 0.37+0/1.1/0.019+0.20 ms cpu, 229->229->119 MB, 236 MB goal, 0 MB stacks, 0 MB globals, 20 P
gc 1370 @90.865s 0%: 0.020+0.96+0.004 ms clock, 0.40+0/1.4/0+0.082 ms cpu, 230->230->123 MB, 240 MB goal, 0 MB stacks, 0 MB globals, 20 P
gc 1371 @90.892s 0%: 0.033+5.1+0.020 ms clock, 0.66+0/5.8/0.002+0.40 ms cpu, 244->244->129 MB, 246 MB goal, 0 MB stacks, 0 MB globals, 20 P
gc 1372 @90.928s 0%: 0.024+1.0+0.009 ms clock, 0.48+0/1.6/0.019+0.19 ms cpu, 249->249->117 MB, 258 MB goal, 0 MB stacks, 0 MB globals, 20 P
gc 1373 @90.945s 0%: 0.023+7.0+0.004 ms clock, 0.47+0/7.6/0.14+0.087 ms cpu, 223->223->121 MB, 235 MB goal, 0 MB stacks, 0 MB globals, 20 P
gc 1374 @90.970s 0%: 0.021+0.51+0.007 ms clock, 0.42+0/0.65/0+0.15 ms cpu, 244->244->139 MB, 244 MB goal, 0 MB stacks, 0 MB globals, 20 P
gc 1375 @90.996s 0%: 0.027+3.5+0.006 ms clock, 0.55+0/4.2/0.10+0.13 ms cpu, 271->271->117 MB, 278 MB goal, 0 MB stacks, 0 MB globals, 20 P
gc 1376 @91.019s 0%: 0.025+1.1+0.003 ms clock, 0.51+0/1.4/0+0.077 ms cpu, 232->232->121 MB, 235 MB goal, 0 MB stacks, 0 MB globals, 20 P
gc 1377 @91.045s 0%: 0.029+0.80+0.024 ms clock, 0.59+0/1.5/0+0.49 ms cpu, 244->244->139 MB, 244 MB goal, 0 MB stacks, 0 MB globals, 20 P
gc 1378 @91.080s 0%: 0.023+0.81+0.003 ms clock, 0.46+0/1.4/0.008+0.079 ms cpu, 271->271->119 MB, 278 MB goal, 0 MB stacks, 0 MB globals, 20 P
gc 1379 @91.106s 0%: 0.027+2.3+0.003 ms clock, 0.54+0/2.6/0+0.069 ms cpu, 233->233->124 MB, 238 MB goal, 0 MB stacks, 0 MB globals, 20 P
gc 1380 @91.135s 0%: 0.024+0.76+0.007 ms clock, 0.49+0/1.5/0.007+0.14 ms cpu, 237->237->112 MB, 248 MB goal, 0 MB stacks, 0 MB globals, 20 P
gc 1381 @91.162s 0%: 0.030+5.6+0.005 ms clock, 0.61+0/6.5/0.033+0.10 ms cpu, 219->219->115 MB, 226 MB goal, 0 MB stacks, 0 MB globals, 20 P
gc 1382 @91.197s 0%: 0.032+5.8+0.003 ms clock, 0.64+0/6.1/0+0.071 ms cpu, 230->230->120 MB, 231 MB goal, 0 MB stacks, 0 MB globals, 20 P
gc 1383 @91.218s 0%: 0.021+1.4+0.005 ms clock, 0.42+0/1.9/0+0.10 ms cpu, 228->228->123 MB, 240 MB goal, 0 MB stacks, 0 MB globals, 20 P
gc 1384 @91.240s 0%: 0.018+0.57+0.020 ms clock, 0.36+0.061/0.64/0+0.40 ms cpu, 235->238->111 MB, 246 MB goal, 0 MB stacks, 0 MB globals, 20 P
gc 1385 @91.265s 0%: 0.021+2.0+0.006 ms clock, 0.42+0/2.5/0+0.13 ms cpu, 211->211->113 MB, 222 MB goal, 0 MB stacks, 0 MB globals, 20 P
gc 1386 @91.294s 0%: 0.031+1.3+0.006 ms clock, 0.63+0/2.3/0.009+0.12 ms cpu, 222->222->120 MB, 227 MB goal, 0 MB stacks, 0 MB globals, 20 P
gc 1387 @91.327s 0%: 0.017+0.60+0.005 ms clock, 0.35+0/0.73/0.006+0.11 ms cpu, 228->230->110 MB, 240 MB goal, 0 MB stacks, 0 MB globals, 20 P
gc 1388 @91.343s 0%: 0.044+0.49+0.006 ms clock, 0.88+0/1.0/0+0.13 ms cpu, 218->218->112 MB, 221 MB goal, 0 MB stacks, 0 MB globals, 20 P
gc 1389 @91.361s 0%: 0.028+1.7+0.007 ms clock, 0.56+0/2.1/0+0.14 ms cpu, 229->229->116 MB, 229 MB goal, 0 MB stacks, 0 MB globals, 20 P
gc 1390 @91.384s 0%: 0.030+9.8+0.005 ms clock, 0.61+0/10/0.065+0.10 ms cpu, 237->237->122 MB, 237 MB goal, 0 MB stacks, 0 MB globals, 20 P
gc 1391 @91.422s 0%: 0.018+1.2+0.008 ms clock, 0.37+0.084/0.92/0.005+0.17 ms cpu, 242->245->114 MB, 245 MB goal, 0 MB stacks, 0 MB globals, 20 P
gc 1392 @91.456s 0%: 0.024+2.1+0.006 ms clock, 0.49+0/2.7/0+0.13 ms cpu, 230->230->118 MB, 230 MB goal, 0 MB stacks, 0 MB globals, 20 P
gc 1393 @91.483s 0%: 0.030+1.8+0.007 ms clock, 0.61+0/2.5/0+0.14 ms cpu, 233->233->124 MB, 236 MB goal, 0 MB stacks, 0 MB globals, 20 P
gc 1394 @91.512s 0%: 0.022+0.50+0.007 ms clock, 0.44+0/0.81/0+0.15 ms cpu, 246->246->143 MB, 249 MB goal, 0 MB stacks, 0 MB globals, 20 P
gc 1395 @91.537s 0%: 0.019+4.1+0.003 ms clock, 0.39+0/4.2/0+0.079 ms cpu, 286->286->123 MB, 286 MB goal, 0 MB stacks, 0 MB globals, 20 P
gc 1396 @91.562s 0%: 0.020+1.3+0.003 ms clock, 0.41+0/1.6/0+0.061 ms cpu, 244->244->129 MB, 247 MB goal, 0 MB stacks, 0 MB globals, 20 P
gc 1397 @91.588s 0%: 0.016+0.46+0.007 ms clock, 0.33+0/0.77/0+0.15 ms cpu, 255->255->116 MB, 258 MB goal, 0 MB stacks, 0 MB globals, 20 P
gc 1398 @91.605s 0%: 0.018+2.2+0.011 ms clock, 0.37+0/2.4/0+0.22 ms cpu, 238->238->121 MB, 238 MB goal, 0 MB stacks, 0 MB globals, 20 P
gc 1399 @91.625s 0%: 0.020+0.47+0.011 ms clock, 0.40+0/0.84/0+0.23 ms cpu, 239->239->136 MB, 244 MB goal, 0 MB stacks, 0 MB globals, 20 P
gc 1400 @91.664s 0%: 0.023+3.6+0.003 ms clock, 0.47+0/3.9/0.007+0.072 ms cpu, 278->278->118 MB, 278 MB goal, 0 MB stacks, 0 MB globals, 20 P
gc 1401 @91.692s 0%: 0.022+0.64+0.010 ms clock, 0.45+0/1.0/0.004+0.21 ms cpu, 236->236->137 MB, 238 MB goal, 0 MB stacks, 0 MB globals, 20 P
gc 1402 @91.721s 0%: 0.023+1.7+0.004 ms clock, 0.46+0/2.3/0+0.097 ms cpu, 279->279->117 MB, 279 MB goal, 0 MB stacks, 0 MB globals, 20 P
gc 1403 @91.747s 0%: 0.031+3.2+0.005 ms clock, 0.62+0/3.8/0+0.10 ms cpu, 238->238->123 MB, 238 MB goal, 0 MB stacks, 0 MB globals, 20 P
gc 1404 @91.774s 0%: 0.022+0.74+0.007 ms clock, 0.44+0.11/0.76/0+0.14 ms cpu, 243->246->114 MB, 247 MB goal, 0 MB stacks, 0 MB globals, 20 P
gc 1405 @91.800s 0%: 0.041+2.0+0.008 ms clock, 0.82+0/3.0/0+0.16 ms cpu, 230->230->118 MB, 230 MB goal, 0 MB stacks, 0 MB globals, 20 P
gc 1406 @91.829s 0%: 0.029+7.8+0.003 ms clock, 0.58+0/8.6/0.040+0.077 ms cpu, 233->233->124 MB, 237 MB goal, 0 MB stacks, 0 MB globals, 20 P
gc 1407 @91.858s 0%: 0.024+0.58+0.007 ms clock, 0.48+0/1.1/0+0.14 ms cpu, 245->245->114 MB, 248 MB goal, 0 MB stacks, 0 MB globals, 20 P
gc 1408 @91.878s 0%: 0.029+5.4+0.005 ms clock, 0.58+0/6.1/0+0.10 ms cpu, 229->229->118 MB, 229 MB goal, 0 MB stacks, 0 MB globals, 20 P
gc 1409 @91.913s 0%: 0.020+0.72+0.006 ms clock, 0.41+0.17/0.56/0+0.13 ms cpu, 233->237->111 MB, 237 MB goal, 0 MB stacks, 0 MB globals, 20 P
gc 1410 @91.939s 0%: 0.019+3.5+0.008 ms clock, 0.38+0/3.8/0+0.16 ms cpu, 221->221->112 MB, 222 MB goal, 0 MB stacks, 0 MB globals, 20 P
gc 1411 @91.962s 0%: 0.021+4.8+0.005 ms clock, 0.43+0/5.3/0+0.11 ms cpu, 229->229->117 MB, 229 MB goal, 0 MB stacks, 0 MB globals, 20 P
gc 1412 @91.984s 0%: 0.027+5.1+0.006 ms clock, 0.54+0/5.6/0.005+0.13 ms cpu, 238->238->122 MB, 238 MB goal, 0 MB stacks, 0 MB globals, 20 P
gc 1413 @92.015s 0%: 0.038+0.78+0.35 ms clock, 0.76+0/1.5/0.13+7.1 ms cpu, 242->245->114 MB, 246 MB goal, 0 MB stacks, 0 MB globals, 20 P
gc 1414 @92.038s 0%: 0.028+1.2+0.006 ms clock, 0.56+0/1.9/0.003+0.13 ms cpu, 231->231->118 MB, 231 MB goal, 0 MB stacks, 0 MB globals, 20 P
gc 1415 @92.066s 0%: 0.030+1.5+0.007 ms clock, 0.61+0/2.3/0+0.14 ms cpu, 233->233->124 MB, 236 MB goal, 0 MB stacks, 0 MB globals, 20 P
gc 1416 @92.094s 0%: 0.019+0.59+0.003 ms clock, 0.38+0/0.73/0+0.075 ms cpu, 248->248->114 MB, 248 MB goal, 0 MB stacks, 0 MB globals, 20 P
gc 1417 @92.116s 0%: 0.030+1.7+0.006 ms clock, 0.61+0/2.5/0.014+0.13 ms cpu, 232->232->121 MB, 232 MB goal, 0 MB stacks, 0 MB globals, 20 P
gc 1418 @92.145s 0%: 0.019+8.2+0.003 ms clock, 0.38+0/8.3/0+0.075 ms cpu, 255->255->130 MB, 255 MB goal, 0 MB stacks, 0 MB globals, 20 P
gc 1419 @92.176s 0%: 0.018+0.59+0.004 ms clock, 0.37+0/0.90/0.071+0.084 ms cpu, 258->258->117 MB, 261 MB goal, 0 MB stacks, 0 MB globals, 20 P
gc 1420 @92.202s 0%: 0.020+0.44+0.008 ms clock, 0.41+0/0.64/0+0.17 ms cpu, 232->232->131 MB, 234 MB goal, 0 MB stacks, 0 MB globals, 20 P
gc 1421 @92.233s 0%: 0.021+3.9+0.003 ms clock, 0.42+0/4.1/0+0.065 ms cpu, 267->267->116 MB, 267 MB goal, 0 MB stacks, 0 MB globals, 20 P
gc 1422 @92.257s 0%: 0.022+1.4+0.003 ms clock, 0.44+0/1.8/0+0.075 ms cpu, 233->233->105 MB, 233 MB goal, 0 MB stacks, 0 MB globals, 20 P
gc 1423 @92.274s 0%: 0.019+1.1+0.004 ms clock, 0.39+0/1.3/0.006+0.086 ms cpu, 210->210->111 MB, 211 MB goal, 0 MB stacks, 0 MB globals, 20 P
gc 1424 @92.298s 0%: 0.028+2.7+0.006 ms clock, 0.56+0/3.4/0+0.12 ms cpu, 221->221->93 MB, 223 MB goal, 0 MB stacks, 0 MB globals, 20 P
gc 1425 @92.322s 0%: 0.027+1.5+0.005 ms clock, 0.55+0/2.1/0.001+0.11 ms cpu, 191->191->98 MB, 191 MB goal, 0 MB stacks, 0 MB globals, 20 P
gc 1426 @92.344s 0%: 0.027+0.67+0.071 ms clock, 0.54+0/1.4/0+1.4 ms cpu, 195->195->111 MB, 197 MB goal, 0 MB stacks, 0 MB globals, 20 P
gc 1427 @92.383s 0%: 0.026+1.2+0.006 ms clock, 0.52+0/1.7/0.022+0.12 ms cpu, 225->225->96 MB, 225 MB goal, 0 MB stacks, 0 MB globals, 20 P
gc 1428 @92.408s 0%: 0.028+2.8+0.057 ms clock, 0.56+0/3.5/0.035+1.1 ms cpu, 192->203->111 MB, 192 MB goal, 0 MB stacks, 0 MB globals, 20 P
gc 1429 @92.437s 0%: 0.018+1.0+0.005 ms clock, 0.36+0/1.3/0+0.11 ms cpu, 217->217->94 MB, 224 MB goal, 0 MB stacks, 0 MB globals, 20 P
gc 1430 @92.455s 0%: 0.030+1.3+0.006 ms clock, 0.61+0/2.1/0.017+0.13 ms cpu, 186->186->98 MB, 189 MB goal, 0 MB stacks, 0 MB globals, 20 P
gc 1431 @92.480s 0%: 0.024+0.62+0.010 ms clock, 0.48+0/0.79/0.008+0.21 ms cpu, 195->195->111 MB, 197 MB goal, 0 MB stacks, 0 MB globals, 20 P
gc 1432 @92.505s 0%: 0.026+4.0+0.008 ms clock, 0.52+0/4.7/0+0.17 ms cpu, 217->217->94 MB, 224 MB goal, 0 MB stacks, 0 MB globals, 20 P
gc 1433 @92.523s 0%: 0.022+1.2+0.003 ms clock, 0.44+0/1.4/0+0.072 ms cpu, 186->186->98 MB, 189 MB goal, 0 MB stacks, 0 MB globals, 20 P
gc 1434 @92.539s 0%: 0.021+0.50+0.009 ms clock, 0.43+0/0.91/0+0.19 ms cpu, 195->195->111 MB, 197 MB goal, 0 MB stacks, 0 MB globals, 20 P
gc 1435 @92.557s 0%: 0.018+1.8+0.005 ms clock, 0.37+0/1.9/0+0.11 ms cpu, 217->217->94 MB, 224 MB goal, 0 MB stacks, 0 MB globals, 20 P
gc 1436 @92.576s 0%: 0.028+1.2+0.006 ms clock, 0.57+0/2.0/0.11+0.13 ms cpu, 186->186->98 MB, 189 MB goal, 0 MB stacks, 0 MB globals, 20 P
gc 1437 @92.600s 0%: 0.028+0.56+0.011 ms clock, 0.57+0/1.1/0+0.22 ms cpu, 195->195->111 MB, 197 MB goal, 0 MB stacks, 0 MB globals, 20 P
gc 1438 @92.620s 0%: 0.016+2.3+0.004 ms clock, 0.33+0/2.6/0.017+0.082 ms cpu, 217->217->94 MB, 224 MB goal, 0 MB stacks, 0 MB globals, 20 P
gc 1439 @92.639s 0%: 0.032+3.5+0.005 ms clock, 0.65+0/3.8/0+0.11 ms cpu, 186->186->98 MB, 189 MB goal, 0 MB stacks, 0 MB globals, 20 P
gc 1440 @92.669s 0%: 0.017+0.51+0.018 ms clock, 0.35+0/0.75/0+0.36 ms cpu, 195->195->111 MB, 197 MB goal, 0 MB stacks, 0 MB globals, 20 P
gc 1441 @92.688s 0%: 0.031+1.2+0.006 ms clock, 0.63+0/1.9/0+0.12 ms cpu, 217->217->94 MB, 224 MB goal, 0 MB stacks, 0 MB globals, 20 P
gc 1442 @92.711s 0%: 0.029+2.0+0.002 ms clock, 0.59+0/2.9/0.013+0.055 ms cpu, 186->186->98 MB, 189 MB goal, 0 MB stacks, 0 MB globals, 20 P
gc 1443 @92.737s 0%: 0.026+0.66+0.089 ms clock, 0.52+0/0.96/0+1.7 ms cpu, 195->195->111 MB, 197 MB goal, 0 MB stacks, 0 MB globals, 20 P
gc 1444 @92.766s 0%: 0.024+3.8+0.006 ms clock, 0.49+0/4.4/0+0.12 ms cpu, 217->217->94 MB, 224 MB goal, 0 MB stacks, 0 MB globals, 20 P
gc 1445 @92.793s 0%: 0.032+1.5+0.007 ms clock, 0.65+0/2.2/0.013+0.14 ms cpu, 186->186->98 MB, 190 MB goal, 0 MB stacks, 0 MB globals, 20 P
gc 1446 @92.821s 0%: 0.026+0.71+0.011 ms clock, 0.53+0/1.0/0+0.23 ms cpu, 196->196->113 MB, 197 MB goal, 0 MB stacks, 0 MB globals, 20 P
gc 1447 @92.846s 0%: 0.019+8.5+0.004 ms clock, 0.39+0/8.7/0+0.085 ms cpu, 235->235->114 MB, 235 MB goal, 0 MB stacks, 0 MB globals, 20 P
gc 1448 @92.877s 0%: 0.017+1.6+0.003 ms clock, 0.34+0/1.2/0+0.063 ms cpu, 218->220->104 MB, 228 MB goal, 0 MB stacks, 0 MB globals, 20 P
gc 1449 @92.893s 0%: 0.016+0.58+0.003 ms clock, 0.32+0/0.89/0+0.075 ms cpu, 199->199->106 MB, 208 MB goal, 0 MB stacks, 0 MB globals, 20 P
gc 1450 @92.908s 0%: 0.018+4.7+0.14 ms clock, 0.37+0/4.7/0+2.9 ms cpu, 211->222->123 MB, 214 MB goal, 0 MB stacks, 0 MB globals, 20 P
gc 1451 @92.939s 0%: 0.026+1.1+0.006 ms clock, 0.53+0/1.6/0+0.13 ms cpu, 237->237->108 MB, 248 MB goal, 0 MB stacks, 0 MB globals, 20 P
gc 1452 @92.958s 0%: 0.019+0.49+0.007 ms clock, 0.38+0/0.63/0+0.15 ms cpu, 215->215->123 MB, 217 MB goal, 0 MB stacks, 0 MB globals, 20 P
gc 1453 @92.976s 0%: 0.027+4.1+0.003 ms clock, 0.54+0/4.4/0+0.077 ms cpu, 237->237->96 MB, 248 MB goal, 0 MB stacks, 0 MB globals, 20 P
gc 1454 @92.999s 0%: 0.020+3.1+0.003 ms clock, 0.40+0/3.4/0.005+0.072 ms cpu, 192->192->100 MB, 193 MB goal, 0 MB stacks, 0 MB globals, 20 P
gc 1455 @93.018s 0%: 0.022+0.45+0.010 ms clock, 0.45+0/0.67/0+0.20 ms cpu, 203->203->116 MB, 203 MB goal, 0 MB stacks, 0 MB globals, 20 P
gc 1456 @93.041s 0%: 0.018+2.7+0.006 ms clock, 0.37+0/3.1/0.002+0.12 ms cpu, 223->223->97 MB, 233 MB goal, 0 MB stacks, 0 MB globals, 20 P
gc 1457 @93.059s 0%: 0.016+0.88+0.004 ms clock, 0.33+0/1.3/0+0.092 ms cpu, 189->189->99 MB, 196 MB goal, 0 MB stacks, 0 MB globals, 20 P
gc 1458 @93.080s 0%: 0.017+1.0+0.005 ms clock, 0.35+0/1.2/0+0.10 ms cpu, 192->192->104 MB, 199 MB goal, 0 MB stacks, 0 MB globals, 20 P
gc 1459 @93.096s 0%: 0.017+0.48+0.009 ms clock, 0.35+0/0.73/0.004+0.19 ms cpu, 204->204->121 MB, 209 MB goal, 0 MB stacks, 0 MB globals, 20 P
gc 1460 @93.124s 0%: 0.018+0.90+0.014 ms clock, 0.36+0/0.72/0.007+0.28 ms cpu, 234->239->110 MB, 242 MB goal, 0 MB stacks, 0 MB globals, 20 P
gc 1461 @93.143s 0%: 0.025+4.3+0.007 ms clock, 0.50+0/4.8/0.020+0.14 ms cpu, 217->217->111 MB, 220 MB goal, 0 MB stacks, 0 MB globals, 20 P
gc 1462 @93.163s 0%: 0.021+1.0+0.004 ms clock, 0.42+0/1.4/0.002+0.096 ms cpu, 214->214->115 MB, 224 MB goal, 0 MB stacks, 0 MB globals, 20 P
gc 1463 @93.179s 0%: 0.022+1.0+0.004 ms clock, 0.45+0/1.3/0+0.080 ms cpu, 220->220->119 MB, 230 MB goal, 0 MB stacks, 0 MB globals, 20 P
gc 1464 @93.199s 0%: 0.022+0.47+0.006 ms clock, 0.44+0/0.65/0+0.13 ms cpu, 242->242->138 MB, 242 MB goal, 0 MB stacks, 0 MB globals, 20 P
gc 1465 @93.222s 0%: 0.028+3.4+0.071 ms clock, 0.57+0/4.2/0.026+1.4 ms cpu, 270->270->119 MB, 276 MB goal, 0 MB stacks, 0 MB globals, 20 P
gc 1466 @93.244s 0%: 0.020+1.6+0.003 ms clock, 0.40+0/1.7/0+0.077 ms cpu, 235->235->126 MB, 239 MB goal, 0 MB stacks, 0 MB globals, 20 P
gc 1467 @93.271s 0%: 0.031+0.57+0.016 ms clock, 0.63+0/1.1/0+0.32 ms cpu, 248->248->142 MB, 252 MB goal, 0 MB stacks, 0 MB globals, 20 P
gc 1468 @93.303s 0%: 0.031+4.8+0.003 ms clock, 0.62+0/5.5/0.044+0.073 ms cpu, 284->284->122 MB, 286 MB goal, 0 MB stacks, 0 MB globals, 20 P
gc 1469 @93.324s 0%: 0.019+0.42+0.015 ms clock, 0.38+0/0.67/0.001+0.30 ms cpu, 238->238->136 MB, 245 MB goal, 0 MB stacks, 0 MB globals, 20 P
gc 1470 @93.348s 0%: 0.028+1.2+0.008 ms clock, 0.57+0/1.9/0+0.17 ms cpu, 267->267->116 MB, 272 MB goal, 0 MB stacks, 0 MB globals, 20 P
gc 1471 @93.369s 0%: 0.027+0.64+0.011 ms clock, 0.55+0/1.3/0+0.22 ms cpu, 226->226->131 MB, 232 MB goal, 0 MB stacks, 0 MB globals, 20 P
gc 1472 @93.405s 0%: 0.029+6.2+0.005 ms clock, 0.58+0/7.1/0.021+0.10 ms cpu, 256->256->113 MB, 263 MB goal, 0 MB stacks, 0 MB globals, 20 P
gc 1473 @93.425s 0%: 0.016+1.1+0.005 ms clock, 0.32+0/1.4/0+0.10 ms cpu, 218->218->116 MB, 226 MB goal, 0 MB stacks, 0 MB globals, 20 P
gc 1474 @93.442s 0%: 0.017+1.2+0.003 ms clock, 0.34+0/1.6/0+0.075 ms cpu, 224->224->119 MB, 233 MB goal, 0 MB stacks, 0 MB globals, 20 P
gc 1475 @93.462s 0%: 0.015+0.31+0.005 ms clock, 0.31+0.055/0.84/0.040+0.11 ms cpu, 228->230->109 MB, 239 MB goal, 0 MB stacks, 0 MB globals, 20 P
gc 1476 @93.476s 0%: 0.036+0.39+0.91 ms clock, 0.72+0/0.70/0.090+18 ms cpu, 207->210->113 MB, 218 MB goal, 0 MB stacks, 0 MB globals, 20 P
gc 1477 @93.491s 0%: 0.016+1.0+0.006 ms clock, 0.33+0/0.94/0.008+0.13 ms cpu, 218->224->121 MB, 226 MB goal, 0 MB stacks, 0 MB globals, 20 P
gc 1478 @93.509s 0%: 0.020+4.4+0.003 ms clock, 0.41+0/4.8/0+0.069 ms cpu, 245->245->124 MB, 245 MB goal, 0 MB stacks, 0 MB globals, 20 P
gc 1479 @93.529s 0%: 0.024+0.42+0.015 ms clock, 0.49+0/0.84/0.007+0.31 ms cpu, 246->246->143 MB, 249 MB goal, 0 MB stacks, 0 MB globals, 20 P
gc 1480 @93.564s 0%: 0.031+6.2+0.004 ms clock, 0.63+0/6.5/0+0.094 ms cpu, 285->285->123 MB, 286 MB goal, 0 MB stacks, 0 MB globals, 20 P
gc 1481 @93.602s 0%: 0.025+2.2+0.004 ms clock, 0.51+0/2.5/0+0.081 ms cpu, 244->244->129 MB, 247 MB goal, 0 MB stacks, 0 MB globals, 20 P
gc 1482 @93.638s 0%: 0.027+0.85+0.006 ms clock, 0.54+0/1.3/0.026+0.13 ms cpu, 248->251->118 MB, 258 MB goal, 0 MB stacks, 0 MB globals, 20 P
gc 1483 @93.661s 0%: 0.026+1.2+0.007 ms clock, 0.53+0/1.9/0.040+0.15 ms cpu, 234->234->119 MB, 237 MB goal, 0 MB stacks, 0 MB globals, 20 P
gc 1484 @93.686s 0%: 0.042+5.5+0.006 ms clock, 0.84+0/6.2/0+0.13 ms cpu, 233->233->123 MB, 240 MB goal, 0 MB stacks, 0 MB globals, 20 P
gc 1485 @93.723s 0%: 0.021+0.58+0.005 ms clock, 0.43+0/0.95/0+0.10 ms cpu, 242->242->110 MB, 246 MB goal, 0 MB stacks, 0 MB globals, 20 P
gc 1486 @93.757s 0%: 0.029+8.3+0.004 ms clock, 0.58+0/9.1/0.077+0.092 ms cpu, 219->219->115 MB, 221 MB goal, 0 MB stacks, 0 MB globals, 20 P
gc 1487 @93.795s 0%: 0.019+0.59+0.006 ms clock, 0.38+0.12/0.80/0.001+0.12 ms cpu, 226->228->107 MB, 231 MB goal, 0 MB stacks, 0 MB globals, 20 P
gc 1488 @93.815s 0%: 0.023+3.0+0.007 ms clock, 0.47+0/3.5/0+0.15 ms cpu, 212->212->108 MB, 214 MB goal, 0 MB stacks, 0 MB globals, 20 P
gc 1489 @93.836s 0%: 0.018+2.3+0.003 ms clock, 0.36+0/2.4/0+0.074 ms cpu, 215->215->111 MB, 217 MB goal, 0 MB stacks, 0 MB globals, 20 P
gc 1490 @93.851s 0%: 0.020+5.1+0.005 ms clock, 0.40+0/5.4/0+0.10 ms cpu, 227->227->117 MB, 227 MB goal, 0 MB stacks, 0 MB globals, 20 P
gc 1491 @93.885s 0%: 0.020+0.53+0.012 ms clock, 0.40+0/0.79/0.016+0.24 ms cpu, 240->240->136 MB, 240 MB goal, 0 MB stacks, 0 MB globals, 20 P
gc 1492 @93.906s 0%: 0.022+2.8+0.004 ms clock, 0.45+0/3.1/0+0.082 ms cpu, 269->269->118 MB, 274 MB goal, 0 MB stacks, 0 MB globals, 20 P
gc 1493 @93.927s 0%: 0.024+5.4+0.005 ms clock, 0.48+0/6.1/0.021+0.10 ms cpu, 233->233->124 MB, 236 MB goal, 0 MB stacks, 0 MB globals, 20 P
gc 1494 @93.959s 0%: 0.036+1.4+0.006 ms clock, 0.73+0/1.9/0+0.13 ms cpu, 243->243->116 MB, 249 MB goal, 0 MB stacks, 0 MB globals, 20 P
gc 1495 @93.981s 0%: 0.019+1.1+0.006 ms clock, 0.38+0/1.3/0+0.13 ms cpu, 226->226->119 MB, 232 MB goal, 0 MB stacks, 0 MB globals, 20 P
gc 1496 @94.008s 0%: 0.028+2.8+0.004 ms clock, 0.56+0/3.3/0+0.093 ms cpu, 240->240->125 MB, 240 MB goal, 0 MB stacks, 0 MB globals, 20 P
gc 1497 @94.043s 0%: 0.028+1.2+0.006 ms clock, 0.56+0/1.8/0+0.13 ms cpu, 253->253->116 MB, 253 MB goal, 0 MB stacks, 0 MB globals, 20 P
gc 1498 @94.061s 0%: 0.023+1.4+0.006 ms clock, 0.46+0/1.9/0.001+0.12 ms cpu, 231->231->122 MB, 232 MB goal, 0 MB stacks, 0 MB globals, 20 P
gc 1499 @94.096s 0%: 0.024+0.55+0.015 ms clock, 0.48+0/0.93/0.001+0.31 ms cpu, 243->243->138 MB, 246 MB goal, 0 MB stacks, 0 MB globals, 20 P
gc 1500 @94.123s 0%: 0.025+3.6+0.005 ms clock, 0.50+0/3.8/0.001+0.10 ms cpu, 276->276->119 MB, 278 MB goal, 0 MB stacks, 0 MB globals, 20 P
gc 1501 @94.151s 0%: 0.019+2.4+0.005 ms clock, 0.38+0/2.6/0+0.11 ms cpu, 239->239->110 MB, 240 MB goal, 0 MB stacks, 0 MB globals, 20 P
gc 1502 @94.169s 0%: 0.039+3.7+0.003 ms clock, 0.79+0/3.9/0+0.074 ms cpu, 221->221->114 MB, 221 MB goal, 0 MB stacks, 0 MB globals, 20 P
gc 1503 @94.188s 0%: 0.020+5.9+0.006 ms clock, 0.41+0/6.2/0+0.12 ms cpu, 235->235->119 MB, 235 MB goal, 0 MB stacks, 0 MB globals, 20 P
gc 1504 @94.223s 0%: 0.020+0.58+0.004 ms clock, 0.40+0.21/0.79/0+0.094 ms cpu, 236->236->109 MB, 239 MB goal, 0 MB stacks, 0 MB globals, 20 P
gc 1505 @94.244s 0%: 0.11+1.9+0.003 ms clock, 2.3+0/2.4/0+0.073 ms cpu, 216->216->113 MB, 218 MB goal, 0 MB stacks, 0 MB globals, 20 P
gc 1506 @94.263s 0%: 0.019+3.5+0.003 ms clock, 0.38+0/4.0/0+0.073 ms cpu, 230->230->120 MB, 230 MB goal, 0 MB stacks, 0 MB globals, 20 P
gc 1507 @94.281s 0%: 0.018+1.6+0.004 ms clock, 0.37+0/1.8/0.006+0.088 ms cpu, 241->241->127 MB, 241 MB goal, 0 MB stacks, 0 MB globals, 20 P
gc 1508 @94.319s 0%: 0.020+0.52+0.006 ms clock, 0.40+0/0.97/0+0.12 ms cpu, 254->254->117 MB, 255 MB goal, 0 MB stacks, 0 MB globals, 20 P
gc 1509 @94.338s 0%: 0.021+3.9+0.005 ms clock, 0.43+0/4.4/0+0.10 ms cpu, 239->239->123 MB, 239 MB goal, 0 MB stacks, 0 MB globals, 20 P
gc 1510 @94.356s 0%: 0.021+1.7+0.008 ms clock, 0.42+0/1.8/0+0.17 ms cpu, 243->243->128 MB, 247 MB goal, 0 MB stacks, 0 MB globals, 20 P
gc 1511 @94.378s 0%: 0.026+1.2+0.006 ms clock, 0.52+0/1.8/0+0.13 ms cpu, 256->256->118 MB, 257 MB goal, 0 MB stacks, 0 MB globals, 20 P
gc 1512 @94.401s 0%: 0.037+8.7+0.004 ms clock, 0.74+0/9.0/0+0.097 ms cpu, 247->247->124 MB, 247 MB goal, 0 MB stacks, 0 MB globals, 20 P
gc 1513 @94.431s 0%: 0.017+1.3+0.003 ms clock, 0.35+0/1.4/0+0.072 ms cpu, 247->247->112 MB, 249 MB goal, 0 MB stacks, 0 MB globals, 20 P
gc 1514 @94.450s 0%: 0.025+5.2+0.007 ms clock, 0.50+0/5.8/0.055+0.14 ms cpu, 228->228->117 MB, 228 MB goal, 0 MB stacks, 0 MB globals, 20 P
gc 1515 @94.478s 0%: 0.019+1.6+0.004 ms clock, 0.39+0/1.7/0+0.096 ms cpu, 232->232->121 MB, 234 MB goal, 0 MB stacks, 0 MB globals, 20 P
gc 1516 @94.497s 0%: 0.024+0.49+0.016 ms clock, 0.49+0/0.94/0.030+0.32 ms cpu, 243->243->139 MB, 244 MB goal, 0 MB stacks, 0 MB globals, 20 P
gc 1517 @94.522s 0%: 0.023+5.4+0.005 ms clock, 0.47+0/5.8/0+0.11 ms cpu, 282->282->122 MB, 282 MB goal, 0 MB stacks, 0 MB globals, 20 P
gc 1518 @94.544s 0%: 0.020+1.4+0.007 ms clock, 0.41+0/1.6/0+0.15 ms cpu, 243->243->129 MB, 244 MB goal, 0 MB stacks, 0 MB globals, 20 P
gc 1519 @94.567s 0%: 0.018+0.53+0.006 ms clock, 0.36+0/0.84/0.018+0.13 ms cpu, 255->255->117 MB, 258 MB goal, 0 MB stacks, 0 MB globals, 20 P
gc 1520 @94.585s 0%: 0.023+1.0+0.003 ms clock, 0.46+0/1.4/0+0.075 ms cpu, 239->239->123 MB, 239 MB goal, 0 MB stacks, 0 MB globals, 20 P
gc 1521 @94.600s 0%: 0.021+2.1+0.003 ms clock, 0.42+0/2.4/0+0.075 ms cpu, 244->244->129 MB, 247 MB goal, 0 MB stacks, 0 MB globals, 20 P
gc 1522 @94.626s 0%: 0.020+2.4+0.006 ms clock, 0.41+0/2.7/0+0.13 ms cpu, 255->255->117 MB, 258 MB goal, 0 MB stacks, 0 MB globals, 20 P
gc 1523 @94.647s 0%: 0.019+1.9+0.003 ms clock, 0.38+0/2.0/0+0.061 ms cpu, 239->239->123 MB, 239 MB goal, 0 MB stacks, 0 MB globals, 20 P
gc 1524 @94.664s 0%: 0.020+1.6+0.006 ms clock, 0.40+0/1.8/0.026+0.12 ms cpu, 244->244->128 MB, 246 MB goal, 0 MB stacks, 0 MB globals, 20 P
gc 1525 @94.689s 0%: 0.020+0.44+0.004 ms clock, 0.40+0/1.0/0.056+0.091 ms cpu, 256->256->117 MB, 258 MB goal, 0 MB stacks, 0 MB globals, 20 P
gc 1526 @94.706s 0%: 0.091+5.1+0.003 ms clock, 1.8+0/5.9/0+0.078 ms cpu, 239->239->123 MB, 239 MB goal, 0 MB stacks, 0 MB globals, 20 P
gc 1527 @94.739s 0%: 0.019+0.43+0.006 ms clock, 0.39+0.086/0.81/0.002+0.13 ms cpu, 243->244->113 MB, 246 MB goal, 0 MB stacks, 0 MB globals, 20 P
gc 1528 @94.753s 0%: 0.017+1.2+0.002 ms clock, 0.35+0/1.6/0+0.057 ms cpu, 226->226->116 MB, 226 MB goal, 0 MB stacks, 0 MB globals, 20 P
gc 1529 @94.768s 0%: 0.017+0.90+0.003 ms clock, 0.34+0/1.5/0+0.079 ms cpu, 233->233->121 MB, 233 MB goal, 0 MB stacks, 0 MB globals, 20 P
gc 1530 @94.801s 0%: 0.027+0.45+0.006 ms clock, 0.55+0.17/1.1/0+0.12 ms cpu, 239->240->109 MB, 243 MB goal, 0 MB stacks, 0 MB globals, 20 P
gc 1531 @94.821s 0%: 0.022+2.3+0.003 ms clock, 0.45+0/2.6/0+0.074 ms cpu, 218->218->111 MB, 219 MB goal, 0 MB stacks, 0 MB globals, 20 P
gc 1532 @94.837s 0%: 0.019+4.7+0.003 ms clock, 0.39+0/4.9/0+0.076 ms cpu, 228->228->117 MB, 228 MB goal, 0 MB stacks, 0 MB globals, 20 P
gc 1533 @94.868s 0%: 0.026+2.2+0.007 ms clock, 0.53+0/2.9/0.001+0.14 ms cpu, 237->237->110 MB, 237 MB goal, 0 MB stacks, 0 MB globals, 20 P
gc 1534 @94.891s 0%: 0.025+1.5+0.005 ms clock, 0.50+0/2.3/0+0.11 ms cpu, 221->221->114 MB, 221 MB goal, 0 MB stacks, 0 MB globals, 20 P
gc 1535 @94.910s 0%: 0.019+6.2+0.003 ms clock, 0.39+0/6.5/0+0.070 ms cpu, 235->235->119 MB, 235 MB goal, 0 MB stacks, 0 MB globals, 20 P
gc 1536 @94.935s 0%: 0.018+0.62+0.005 ms clock, 0.36+0.10/0.66/0+0.11 ms cpu, 236->239->111 MB, 239 MB goal, 0 MB stacks, 0 MB globals, 20 P
gc 1537 @94.955s 0%: 0.018+3.1+0.004 ms clock, 0.37+0/3.7/0.003+0.089 ms cpu, 223->223->114 MB, 223 MB goal, 0 MB stacks, 0 MB globals, 20 P
gc 1538 @94.973s 0%: 0.019+1.1+0.006 ms clock, 0.38+0/1.2/0.007+0.13 ms cpu, 238->238->122 MB, 238 MB goal, 0 MB stacks, 0 MB globals, 20 P
gc 1539 @94.994s 0%: 0.019+0.44+0.008 ms clock, 0.39+0/0.64/0.007+0.16 ms cpu, 245->245->141 MB, 246 MB goal, 0 MB stacks, 0 MB globals, 20 P
gc 1540 @95.021s 0%: 0.020+3.7+0.003 ms clock, 0.41+0/3.8/0+0.079 ms cpu, 284->284->123 MB, 284 MB goal, 0 MB stacks, 0 MB globals, 20 P
gc 1541 @95.041s 0%: 0.017+2.5+0.018 ms clock, 0.35+0/2.6/0+0.36 ms cpu, 244->258->143 MB, 246 MB goal, 0 MB stacks, 0 MB globals, 20 P
gc 1542 @95.065s 0%: 0.022+0.84+0.003 ms clock, 0.45+0/1.3/0+0.067 ms cpu, 275->275->120 MB, 286 MB goal, 0 MB stacks, 0 MB globals, 20 P
gc 1543 @95.084s 0%: 0.020+2.6+0.081 ms clock, 0.41+0/2.7/0.011+1.6 ms cpu, 234->248->140 MB, 241 MB goal, 0 MB stacks, 0 MB globals, 20 P
gc 1544 @95.112s 0%: 0.027+0.93+0.006 ms clock, 0.55+0/1.6/0+0.13 ms cpu, 271->271->117 MB, 281 MB goal, 0 MB stacks, 0 MB globals, 20 P
gc 1545 @95.132s 0%: 0.030+0.64+0.012 ms clock, 0.61+0/1.3/0.009+0.24 ms cpu, 227->227->132 MB, 235 MB goal, 0 MB stacks, 0 MB globals, 20 P
gc 1546 @95.158s 0%: 0.022+0.65+0.006 ms clock, 0.45+0/1.1/0.060+0.12 ms cpu, 257->257->112 MB, 265 MB goal, 0 MB stacks, 0 MB globals, 20 P
gc 1547 @95.181s 0%: 0.12+3.7+0.006 ms clock, 2.4+0/4.7/0.22+0.13 ms cpu, 213->213->114 MB, 225 MB goal, 0 MB stacks, 0 MB globals, 20 P
gc 1548 @95.208s 0%: 0.026+6.3+0.005 ms clock, 0.53+0/6.9/0+0.11 ms cpu, 216->216->117 MB, 228 MB goal, 0 MB stacks, 0 MB globals, 20 P
gc 1549 @95.231s 0%: 0.027+3.9+0.005 ms clock, 0.55+0/4.7/0.018+0.11 ms cpu, 222->222->119 MB, 235 MB goal, 0 MB stacks, 0 MB globals, 20 P
gc 1550 @95.259s 0%: 0.029+3.7+0.008 ms clock, 0.59+0/4.3/0+0.16 ms cpu, 228->228->124 MB, 239 MB goal, 0 MB stacks, 0 MB globals, 20 P
gc 1551 @95.290s 0%: 0.038+1.0+0.005 ms clock, 0.77+0/0.97/0+0.11 ms cpu, 236->239->112 MB, 249 MB goal, 0 MB stacks, 0 MB globals, 20 P
gc 1552 @95.305s 0%: 0.019+0.94+0.003 ms clock, 0.39+0/1.1/0.003+0.070 ms cpu, 212->216->116 MB, 224 MB goal, 0 MB stacks, 0 MB globals, 20 P
gc 1553 @95.319s 0%: 0.020+0.74+0.005 ms clock, 0.41+0/0.93/0.005+0.11 ms cpu, 220->220->115 MB, 233 MB goal, 0 MB stacks, 0 MB globals, 20 P
gc 1554 @95.334s 0%: 0.020+0.88+0.004 ms clock, 0.40+0/1.3/0+0.080 ms cpu, 226->226->120 MB, 231 MB goal, 0 MB stacks, 0 MB globals, 20 P
gc 1555 @95.358s 0%: 0.022+6.0+0.005 ms clock, 0.44+0/6.6/0.026+0.11 ms cpu, 241->241->127 MB, 241 MB goal, 0 MB stacks, 0 MB globals, 20 P
gc 1556 @95.385s 0%: 0.019+0.51+0.003 ms clock, 0.39+0.087/0.66/0+0.076 ms cpu, 242->244->116 MB, 255 MB goal, 0 MB stacks, 0 MB globals, 20 P
gc 1557 @95.400s 0%: 0.022+1.4+0.004 ms clock, 0.45+0/2.0/0.001+0.090 ms cpu, 223->223->117 MB, 234 MB goal, 0 MB stacks, 0 MB globals, 20 P
gc 1558 @95.421s 0%: 0.023+0.89+0.10 ms clock, 0.47+0/1.3/0+2.1 ms cpu, 224->224->120 MB, 235 MB goal, 0 MB stacks, 0 MB globals, 20 P
gc 1559 @95.436s 0%: 0.021+5.5+0.003 ms clock, 0.43+0/6.1/0.025+0.079 ms cpu, 233->233->123 MB, 240 MB goal, 0 MB stacks, 0 MB globals, 20 P
gc 1560 @95.457s 0%: 0.018+0.67+0.006 ms clock, 0.37+0.11/0.80/0.036+0.12 ms cpu, 233->236->112 MB, 246 MB goal, 0 MB stacks, 0 MB globals, 20 P
gc 1561 @95.470s 0%: 0.018+2.1+0.003 ms clock, 0.37+0/2.5/0+0.072 ms cpu, 217->217->113 MB, 225 MB goal, 0 MB stacks, 0 MB globals, 20 P
gc 1562 @95.485s 0%: 0.019+6.8+0.003 ms clock, 0.39+0/7.0/0+0.065 ms cpu, 227->227->119 MB, 228 MB goal, 0 MB stacks, 0 MB globals, 20 P
gc 1563 @95.517s 0%: 0.023+0.62+0.009 ms clock, 0.47+0/0.92/0.002+0.18 ms cpu, 226->226->133 MB, 239 MB goal, 0 MB stacks, 0 MB globals, 20 P
gc 1564 @95.548s 0%: 0.027+0.69+0.005 ms clock, 0.55+0/1.2/0.010+0.10 ms cpu, 258->258->112 MB, 268 MB goal, 0 MB stacks, 0 MB globals, 20 P
gc 1565 @95.569s 0%: 0.024+0.90+0.005 ms clock, 0.49+0/1.6/0+0.10 ms cpu, 212->212->115 MB, 224 MB goal, 0 MB stacks, 0 MB globals, 20 P
gc 1566 @95.588s 0%: 0.026+1.2+0.007 ms clock, 0.52+0/2.2/0+0.14 ms cpu, 217->217->118 MB, 230 MB goal, 0 MB stacks, 0 MB globals, 20 P
gc 1567 @95.605s 0%: 0.027+7.3+0.008 ms clock, 0.54+0/8.0/0.017+0.16 ms cpu, 223->223->122 MB, 237 MB goal, 0 MB stacks, 0 MB globals, 20 P
gc 1568 @95.635s 0%: 0.021+0.47+0.005 ms clock, 0.43+0/0.70/0+0.10 ms cpu, 245->245->141 MB, 246 MB goal, 0 MB stacks, 0 MB globals, 20 P
gc 1569 @95.674s 0%: 0.018+2.9+0.002 ms clock, 0.37+0/3.3/0+0.059 ms cpu, 274->274->121 MB, 283 MB goal, 0 MB stacks, 0 MB globals, 20 P
gc 1570 @95.700s 0%: 0.030+1.9+0.007 ms clock, 0.61+0/2.4/0+0.14 ms cpu, 236->236->126 MB, 242 MB goal, 0 MB stacks, 0 MB globals, 20 P
gc 1571 @95.728s 0%: 0.030+0.77+0.019 ms clock, 0.61+0/1.4/0.002+0.39 ms cpu, 248->248->142 MB, 252 MB goal, 0 MB stacks, 0 MB globals, 20 P
gc 1572 @95.759s 0%: 0.021+2.2+0.10 ms clock, 0.42+0/2.8/0+2.1 ms cpu, 280->280->123 MB, 285 MB goal, 0 MB stacks, 0 MB globals, 20 P
gc 1573 @95.781s 0%: 0.018+0.66+0.003 ms clock, 0.37+0.062/0.72/0.073+0.078 ms cpu, 235->237->111 MB, 248 MB goal, 0 MB stacks, 0 MB globals, 20 P
gc 1574 @95.797s 0%: 0.21+2.2+0.012 ms clock, 4.2+0/3.2/0.27+0.25 ms cpu, 227->227->116 MB, 227 MB goal, 0 MB stacks, 0 MB globals, 20 P
gc 1575 @95.824s 0%: 0.019+0.38+0.005 ms clock, 0.39+0/0.70/0+0.10 ms cpu, 233->233->134 MB, 233 MB goal, 0 MB stacks, 0 MB globals, 20 P
gc 1576 @95.850s 0%: 0.024+4.2+0.045 ms clock, 0.49+0/4.7/0.037+0.91 ms cpu, 266->276->123 MB, 268 MB goal, 0 MB stacks, 0 MB globals, 20 P
gc 1577 @95.871s 0%: 0.027+4.1+0.005 ms clock, 0.54+0/4.9/0.004+0.10 ms cpu, 244->244->120 MB, 246 MB goal, 0 MB stacks, 0 MB globals, 20 P
gc 1578 @95.901s 0%: 0.022+0.59+0.024 ms clock, 0.44+0.097/1.0/0+0.49 ms cpu, 232->235->111 MB, 241 MB goal, 0 MB stacks, 0 MB globals, 20 P
gc 1579 @95.921s 0%: 0.018+2.7+0.003 ms clock, 0.37+0/1.0/0+0.074 ms cpu, 215->220->119 MB, 222 MB goal, 0 MB stacks, 0 MB globals, 20 P
gc 1580 @95.943s 0%: 0.033+5.1+0.008 ms clock, 0.67+0/5.8/0+0.16 ms cpu, 236->236->121 MB, 238 MB goal, 0 MB stacks, 0 MB globals, 20 P
gc 1581 @95.978s 0%: 0.034+9.5+0.004 ms clock, 0.68+0/9.8/0+0.089 ms cpu, 242->242->128 MB, 243 MB goal, 0 MB stacks, 0 MB globals, 20 P
gc 1582 @96.013s 0%: 0.018+0.75+0.005 ms clock, 0.37+0/0.87/0+0.10 ms cpu, 249->249->117 MB, 258 MB goal, 0 MB stacks, 0 MB globals, 20 P
gc 1583 @96.035s 0%: 0.019+4.7+0.005 ms clock, 0.39+0/5.1/0.009+0.11 ms cpu, 238->238->124 MB, 238 MB goal, 0 MB stacks, 0 MB globals, 20 P
gc 1584 @96.060s 0%: 0.022+1.0+0.006 ms clock, 0.45+0/1.6/0.008+0.13 ms cpu, 240->243->112 MB, 249 MB goal, 0 MB stacks, 0 MB globals, 20 P
gc 1585 @96.078s 0%: 0.027+3.6+0.007 ms clock, 0.55+0/4.5/0+0.15 ms cpu, 217->217->113 MB, 225 MB goal, 0 MB stacks, 0 MB globals, 20 P
gc 1586 @96.106s 0%: 0.029+5.4+0.005 ms clock, 0.58+0/6.1/0+0.10 ms cpu, 220->220->115 MB, 226 MB goal, 0 MB stacks, 0 MB globals, 20 P
gc 1587 @96.135s 0%: 0.035+7.0+0.004 ms clock, 0.71+0/7.2/0+0.080 ms cpu, 231->231->120 MB, 231 MB goal, 0 MB stacks, 0 MB globals, 20 P
gc 1588 @96.179s 0%: 0.022+0.48+0.007 ms clock, 0.44+0/0.72/0+0.15 ms cpu, 242->242->138 MB, 242 MB goal, 0 MB stacks, 0 MB globals, 20 P
gc 1589 @96.206s 0%: 0.023+1.3+0.003 ms clock, 0.47+0/1.4/0+0.073 ms cpu, 270->270->118 MB, 277 MB goal, 0 MB stacks, 0 MB globals, 20 P
gc 1590 @96.221s 0%: 0.021+5.0+0.005 ms clock, 0.43+0/5.6/0+0.11 ms cpu, 233->233->124 MB, 237 MB goal, 0 MB stacks, 0 MB globals, 20 P
gc 1591 @96.256s 0%: 0.033+0.69+0.017 ms clock, 0.66+0/1.3/0+0.34 ms cpu, 246->246->142 MB, 249 MB goal, 0 MB stacks, 0 MB globals, 20 P
gc 1592 @96.288s 0%: 0.020+1.0+0.003 ms clock, 0.41+0/1.3/0+0.068 ms cpu, 284->284->122 MB, 285 MB goal, 0 MB stacks, 0 MB globals, 20 P
gc 1593 @96.313s 0%: 0.025+0.54+0.007 ms clock, 0.50+0/0.97/0.013+0.14 ms cpu, 239->239->140 MB, 244 MB goal, 0 MB stacks, 0 MB globals, 20 P
gc 1594 @96.343s 0%: 0.026+1.6+0.006 ms clock, 0.53+0/2.4/0+0.12 ms cpu, 278->278->121 MB, 280 MB goal, 0 MB stacks, 0 MB globals, 20 P
gc 1595 @96.374s 0%: 0.024+0.55+0.011 ms clock, 0.48+0/0.77/0+0.22 ms cpu, 243->243->138 MB, 244 MB goal, 0 MB stacks, 0 MB globals, 20 P
gc 1596 @96.402s 0%: 0.025+3.3+0.006 ms clock, 0.50+0/3.7/0.025+0.13 ms cpu, 269->269->116 MB, 277 MB goal, 0 MB stacks, 0 MB globals, 20 P
gc 1597 @96.432s 0%: 0.029+3.9+0.006 ms clock, 0.59+0/4.4/0+0.13 ms cpu, 231->231->121 MB, 233 MB goal, 0 MB stacks, 0 MB globals, 20 P
gc 1598 @96.464s 0%: 0.030+0.73+0.022 ms clock, 0.60+0/1.4/0+0.45 ms cpu, 244->244->140 MB, 244 MB goal, 0 MB stacks, 0 MB globals, 20 P
gc 1599 @96.503s 0%: 0.030+5.8+0.009 ms clock, 0.61+0/6.6/0+0.18 ms cpu, 273->273->121 MB, 281 MB goal, 0 MB stacks, 0 MB globals, 20 P
gc 1600 @96.527s 0%: 0.024+2.4+0.006 ms clock, 0.49+0/3.1/0.055+0.12 ms cpu, 236->236->125 MB, 244 MB goal, 0 MB stacks, 0 MB globals, 20 P
gc 1601 @96.557s 0%: 0.019+0.97+0.010 ms clock, 0.38+0.030/0.74/0+0.20 ms cpu, 241->245->115 MB, 251 MB goal, 0 MB stacks, 0 MB globals, 20 P
gc 1602 @96.579s 0%: 0.022+0.95+0.005 ms clock, 0.45+0/1.3/0.008+0.10 ms cpu, 222->222->114 MB, 231 MB goal, 0 MB stacks, 0 MB globals, 20 P
gc 1603 @96.602s 0%: 0.028+1.7+0.006 ms clock, 0.56+0/2.3/0+0.12 ms cpu, 220->220->119 MB, 229 MB goal, 0 MB stacks, 0 MB globals, 20 P
gc 1604 @96.632s 0%: 0.018+0.57+0.26 ms clock, 0.37+0.13/0.83/0.001+5.2 ms cpu, 229->232->108 MB, 238 MB goal, 0 MB stacks, 0 MB globals, 20 P
gc 1605 @96.655s 0%: 0.017+0.79+0.009 ms clock, 0.34+0/1.3/0+0.19 ms cpu, 212->212->109 MB, 216 MB goal, 0 MB stacks, 0 MB globals, 20 P
gc 1606 @96.674s 0%: 0.019+0.81+0.015 ms clock, 0.38+0/1.1/0.009+0.30 ms cpu, 213->213->112 MB, 218 MB goal, 0 MB stacks, 0 MB globals, 20 P
gc 1607 @96.696s 0%: 0.020+3.6+0.007 ms clock, 0.41+0/3.9/0+0.14 ms cpu, 222->222->117 MB, 224 MB goal, 0 MB stacks, 0 MB globals, 20 P
gc 1608 @96.714s 0%: 0.023+6.4+0.009 ms clock, 0.46+0/6.8/0+0.18 ms cpu, 238->238->124 MB, 238 MB goal, 0 MB stacks, 0 MB globals, 20 P
gc 1609 @96.740s 0%: 0.019+0.46+0.003 ms clock, 0.39+0.032/0.75/0+0.077 ms cpu, 247->247->115 MB, 249 MB goal, 0 MB stacks, 0 MB globals, 20 P
gc 1610 @96.762s 0%: 0.027+4.6+0.007 ms clock, 0.55+0/5.3/0.029+0.14 ms cpu, 231->231->121 MB, 231 MB goal, 0 MB stacks, 0 MB globals, 20 P
gc 1611 @96.787s 0%: 0.031+5.7+0.006 ms clock, 0.62+0/6.2/0+0.13 ms cpu, 252->252->128 MB, 252 MB goal, 0 MB stacks, 0 MB globals, 20 P
gc 1612 @96.829s 0%: 0.023+0.66+0.006 ms clock, 0.46+0/1.2/0+0.12 ms cpu, 253->253->115 MB, 258 MB goal, 0 MB stacks, 0 MB globals, 20 P
gc 1613 @96.847s 0%: 0.017+0.66+0.003 ms clock, 0.35+0/1.0/0+0.069 ms cpu, 226->226->117 MB, 231 MB goal, 0 MB stacks, 0 MB globals, 20 P
gc 1614 @96.869s 0%: 0.018+0.75+0.003 ms clock, 0.36+0.095/0.82/0.019+0.068 ms cpu, 231->236->111 MB, 236 MB goal, 0 MB stacks, 0 MB globals, 20 P
gc 1615 @96.888s 0%: 0.027+2.4+0.006 ms clock, 0.54+0/2.8/0.093+0.12 ms cpu, 218->218->112 MB, 223 MB goal, 0 MB stacks, 0 MB globals, 20 P
gc 1616 @96.915s 0%: 0.029+3.7+0.006 ms clock, 0.58+0/4.4/0+0.12 ms cpu, 228->228->117 MB, 228 MB goal, 0 MB stacks, 0 MB globals, 20 P
gc 1617 @96.943s 0%: 0.022+0.47+0.009 ms clock, 0.44+0/0.76/0+0.18 ms cpu, 239->239->134 MB, 239 MB goal, 0 MB stacks, 0 MB globals, 20 P
gc 1618 @96.979s 0%: 0.028+5.8+0.006 ms clock, 0.56+0/6.5/0.008+0.13 ms cpu, 267->267->115 MB, 269 MB goal, 0 MB stacks, 0 MB globals, 20 P
gc 1619 @97.002s 0%: 0.019+2.3+0.005 ms clock, 0.39+0/2.5/0+0.11 ms cpu, 230->230->121 MB, 230 MB goal, 0 MB stacks, 0 MB globals, 20 P
gc 1620 @97.026s 0%: 0.022+0.46+0.007 ms clock, 0.45+0/0.71/0+0.15 ms cpu, 243->243->139 MB, 243 MB goal, 0 MB stacks, 0 MB globals, 20 P
gc 1621 @97.056s 0%: 0.029+4.1+0.003 ms clock, 0.58+0/4.3/0+0.066 ms cpu, 282->282->123 MB, 282 MB goal, 0 MB stacks, 0 MB globals, 20 P
gc 1622 @97.077s 0%: 0.033+2.7+0.004 ms clock, 0.66+0/3.4/0+0.095 ms cpu, 244->244->128 MB, 247 MB goal, 0 MB stacks, 0 MB globals, 20 P
gc 1623 @97.110s 0%: 0.024+0.61+0.005 ms clock, 0.49+0/1.1/0+0.11 ms cpu, 255->255->116 MB, 258 MB goal, 0 MB stacks, 0 MB globals, 20 P
gc 1624 @97.130s 0%: 0.028+4.5+0.004 ms clock, 0.56+0/4.9/0.001+0.089 ms cpu, 238->238->121 MB, 238 MB goal, 0 MB stacks, 0 MB globals, 20 P
gc 1625 @97.159s 0%: 0.031+6.0+0.006 ms clock, 0.62+0.040/6.5/0.020+0.12 ms cpu, 242->242->127 MB, 244 MB goal, 0 MB stacks, 0 MB globals, 20 P
gc 1626 @97.192s 0%: 0.016+0.72+0.007 ms clock, 0.33+0.019/0.67/0+0.14 ms cpu, 250->254->119 MB, 255 MB goal, 0 MB stacks, 0 MB globals, 20 P
gc 1627 @97.209s 0%: 0.018+3.7+0.003 ms clock, 0.37+0/4.1/0+0.079 ms cpu, 236->236->122 MB, 239 MB goal, 0 MB stacks, 0 MB globals, 20 P
gc 1628 @97.231s 0%: 0.018+0.46+0.003 ms clock, 0.36+0.10/0.63/0+0.079 ms cpu, 242->242->110 MB, 246 MB goal, 0 MB stacks, 0 MB globals, 20 P
gc 1629 @97.249s 0%: 0.028+1.2+0.007 ms clock, 0.56+0/1.6/0+0.15 ms cpu, 218->218->114 MB, 221 MB goal, 0 MB stacks, 0 MB globals, 20 P
gc 1630 @97.266s 0%: 0.021+3.2+0.004 ms clock, 0.42+0/3.4/0+0.093 ms cpu, 225->225->117 MB, 228 MB goal, 0 MB stacks, 0 MB globals, 20 P
gc 1631 @97.294s 0%: 0.029+8.9+0.007 ms clock, 0.59+0/9.6/0+0.15 ms cpu, 238->238->123 MB, 238 MB goal, 0 MB stacks, 0 MB globals, 20 P
gc 1632 @97.334s 0%: 0.021+1.3+0.008 ms clock, 0.42+0.018/1.0/0+0.17 ms cpu, 243->246->114 MB, 247 MB goal, 0 MB stacks, 0 MB globals, 20 P
gc 1633 @97.360s 0%: 0.028+4.3+0.004 ms clock, 0.57+0/5.0/0+0.090 ms cpu, 230->230->118 MB, 230 MB goal, 0 MB stacks, 0 MB globals, 20 P
gc 1634 @97.380s 0%: 0.021+1.2+0.005 ms clock, 0.43+0/1.6/0.003+0.10 ms cpu, 233->233->124 MB, 237 MB goal, 0 MB stacks, 0 MB globals, 20 P
gc 1635 @97.411s 0%: 0.023+1.2+0.007 ms clock, 0.47+0/1.7/0+0.14 ms cpu, 244->244->114 MB, 248 MB goal, 0 MB stacks, 0 MB globals, 20 P
gc 1636 @97.435s 0%: 0.023+0.85+0.004 ms clock, 0.46+0/1.5/0+0.098 ms cpu, 229->229->117 MB, 229 MB goal, 0 MB stacks, 0 MB globals, 20 P
gc 1637 @97.458s 0%: 0.017+0.41+0.004 ms clock, 0.35+0.069/0.69/0+0.085 ms cpu, 230->232->107 MB, 235 MB goal, 0 MB stacks, 0 MB globals, 20 P
gc 1638 @97.473s 0%: 0.018+1.9+0.003 ms clock, 0.36+0/2.3/0.053+0.065 ms cpu, 218->218->112 MB, 218 MB goal, 0 MB stacks, 0 MB globals, 20 P
gc 1639 @97.490s 0%: 0.019+3.5+0.004 ms clock, 0.38+0/3.8/0+0.087 ms cpu, 228->228->117 MB, 228 MB goal, 0 MB stacks, 0 MB globals, 20 P
gc 1640 @97.512s 0%: 0.029+0.60+0.009 ms clock, 0.59+0/1.2/0.029+0.18 ms cpu, 239->239->134 MB, 239 MB goal, 0 MB stacks, 0 MB globals, 20 P
gc 1641 @97.544s 0%: 0.029+4.2+0.004 ms clock, 0.59+0/4.7/0+0.095 ms cpu, 267->267->115 MB, 269 MB goal, 0 MB stacks, 0 MB globals, 20 P
gc 1642 @97.563s 0%: 0.019+3.2+0.003 ms clock, 0.39+0/3.6/0.014+0.063 ms cpu, 230->230->121 MB, 231 MB goal, 0 MB stacks, 0 MB globals, 20 P
gc 1643 @97.585s 0%: 0.027+0.65+0.012 ms clock, 0.55+0/1.1/0+0.25 ms cpu, 243->243->140 MB, 243 MB goal, 0 MB stacks, 0 MB globals, 20 P
gc 1644 @97.616s 0%: 0.028+6.8+0.006 ms clock, 0.56+0/7.2/0+0.13 ms cpu, 283->283->123 MB, 283 MB goal, 0 MB stacks, 0 MB globals, 20 P
gc 1645 @97.646s 0%: 0.018+0.54+0.005 ms clock, 0.36+0.091/0.66/0+0.11 ms cpu, 244->246->112 MB, 248 MB goal, 0 MB stacks, 0 MB globals, 20 P
gc 1646 @97.668s 0%: 0.027+3.6+0.006 ms clock, 0.54+0/4.3/0+0.13 ms cpu, 224->224->115 MB, 225 MB goal, 0 MB stacks, 0 MB globals, 20 P
gc 1647 @97.700s 0%: 0.024+1.3+0.006 ms clock, 0.48+0/1.7/0+0.12 ms cpu, 228->228->121 MB, 232 MB goal, 0 MB stacks, 0 MB globals, 20 P
gc 1648 @97.736s 0%: 0.021+0.47+0.004 ms clock, 0.42+0/1.2/0+0.093 ms cpu, 242->242->110 MB, 243 MB goal, 0 MB stacks, 0 MB globals, 20 P
gc 1649 @97.763s 0%: 0.030+1.2+0.007 ms clock, 0.61+0/2.0/0+0.15 ms cpu, 218->218->113 MB, 220 MB goal, 0 MB stacks, 0 MB globals, 20 P
gc 1650 @97.791s 0%: 0.033+2.7+0.007 ms clock, 0.66+0/3.2/0+0.15 ms cpu, 224->224->116 MB, 226 MB goal, 0 MB stacks, 0 MB globals, 20 P
gc 1651 @97.814s 0%: 0.020+3.4+0.003 ms clock, 0.41+0/3.9/0+0.078 ms cpu, 237->237->123 MB, 237 MB goal, 0 MB stacks, 0 MB globals, 20 P
gc 1652 @97.840s 0%: 0.017+0.48+0.003 ms clock, 0.35+0/0.89/0+0.067 ms cpu, 246->246->115 MB, 248 MB goal, 0 MB stacks, 0 MB globals, 20 P
gc 1653 @97.866s 0%: 0.038+2.9+0.007 ms clock, 0.76+0/3.6/0+0.15 ms cpu, 231->231->121 MB, 231 MB goal, 0 MB stacks, 0 MB globals, 20 P
gc 1654 @97.903s 0%: 0.022+3.0+0.004 ms clock, 0.45+0/3.2/0.001+0.099 ms cpu, 252->252->128 MB, 252 MB goal, 0 MB stacks, 0 MB globals, 20 P
gc 1655 @97.927s 0%: 0.021+0.45+0.004 ms clock, 0.42+0/0.79/0.001+0.099 ms cpu, 255->255->116 MB, 258 MB goal, 0 MB stacks, 0 MB globals, 20 P
gc 1656 @97.946s 0%: 0.022+1.9+0.005 ms clock, 0.44+0/2.1/0+0.10 ms cpu, 238->238->121 MB, 238 MB goal, 0 MB stacks, 0 MB globals, 20 P
gc 1657 @97.967s 0%: 0.026+1.5+0.004 ms clock, 0.52+0/2.1/0.024+0.094 ms cpu, 241->241->126 MB, 244 MB goal, 0 MB stacks, 0 MB globals, 20 P
gc 1658 @97.994s 0%: 0.022+0.65+0.007 ms clock, 0.45+0.093/0.98/0+0.15 ms cpu, 248->248->113 MB, 252 MB goal, 0 MB stacks, 0 MB globals, 20 P
gc 1659 @98.015s 0%: 0.10+4.4+0.004 ms clock, 2.1+0/4.7/0.004+0.088 ms cpu, 235->235->121 MB, 235 MB goal, 0 MB stacks, 0 MB globals, 20 P
gc 1660 @98.039s 0%: 0.019+0.37+0.008 ms clock, 0.39+0/0.73/0+0.17 ms cpu, 239->239->109 MB, 242 MB goal, 0 MB stacks, 0 MB globals, 20 P
gc 1661 @98.054s 0%: 0.017+0.67+0.006 ms clock, 0.35+0/1.0/0.001+0.12 ms cpu, 221->221->114 MB, 221 MB goal, 0 MB stacks, 0 MB globals, 20 P
gc 1662 @98.070s 0%: 0.023+4.2+0.003 ms clock, 0.46+0/4.7/0+0.068 ms cpu, 225->225->118 MB, 228 MB goal, 0 MB stacks, 0 MB globals, 20 P
gc 1663 @98.094s 0%: 0.031+0.74+0.016 ms clock, 0.62+0/1.3/0+0.32 ms cpu, 234->234->133 MB, 237 MB goal, 0 MB stacks, 0 MB globals, 20 P
gc 1664 @98.119s 0%: 0.018+2.3+0.006 ms clock, 0.37+0/2.5/0+0.12 ms cpu, 264->264->117 MB, 267 MB goal, 0 MB stacks, 0 MB globals, 20 P
gc 1665 @98.136s 0%: 0.022+2.2+0.004 ms clock, 0.44+0/2.4/0.013+0.091 ms cpu, 230->230->122 MB, 234 MB goal, 0 MB stacks, 0 MB globals, 20 P
gc 1666 @98.163s 0%: 0.020+0.47+0.003 ms clock, 0.40+0/0.74/0+0.078 ms cpu, 242->242->110 MB, 246 MB goal, 0 MB stacks, 0 MB globals, 20 P
gc 1667 @98.187s 0%: 0.016+2.3+0.004 ms clock, 0.33+0/2.5/0+0.081 ms cpu, 221->221->113 MB, 221 MB goal, 0 MB stacks, 0 MB globals, 20 P
gc 1668 @98.214s 0%: 0.029+1.3+0.006 ms clock, 0.58+0/2.0/0.008+0.13 ms cpu, 224->224->117 MB, 227 MB goal, 0 MB stacks, 0 MB globals, 20 P
gc 1669 @98.235s 0%: 0.021+3.2+0.080 ms clock, 0.43+0/3.3/0+1.6 ms cpu, 238->251->137 MB, 238 MB goal, 0 MB stacks, 0 MB globals, 20 P
gc 1670 @98.269s 0%: 0.022+5.0+0.005 ms clock, 0.45+0/5.6/0+0.11 ms cpu, 269->269->118 MB, 274 MB goal, 0 MB stacks, 0 MB globals, 20 P
gc 1671 @98.294s 0%: 0.028+4.5+0.006 ms clock, 0.56+0/5.2/0.008+0.13 ms cpu, 233->233->123 MB, 237 MB goal, 0 MB stacks, 0 MB globals, 20 P
gc 1672 @98.332s 0%: 0.028+0.88+0.16 ms clock, 0.56+0/1.7/0.20+3.3 ms cpu, 236->242->118 MB, 246 MB goal, 0 MB stacks, 0 MB globals, 20 P
gc 1673 @98.354s 0%: 0.021+0.88+0.003 ms clock, 0.42+0/1.2/0.002+0.077 ms cpu, 229->229->117 MB, 237 MB goal, 0 MB stacks, 0 MB globals, 20 P
gc 1674 @98.368s 0%: 0.018+1.1+0.003 ms clock, 0.37+0/1.3/0+0.068 ms cpu, 222->222->119 MB, 235 MB goal, 0 MB stacks, 0 MB globals, 20 P
gc 1675 @98.382s 0%: 0.019+1.2+0.005 ms clock, 0.39+0/1.5/0+0.11 ms cpu, 228->228->122 MB, 239 MB goal, 0 MB stacks, 0 MB globals, 20 P
gc 1676 @98.404s 0%: 0.019+0.65+0.006 ms clock, 0.38+0.069/0.85/0+0.12 ms cpu, 233->237->112 MB, 246 MB goal, 0 MB stacks, 0 MB globals, 20 P
gc 1677 @98.417s 0%: 0.017+0.79+0.005 ms clock, 0.35+0/0.86/0+0.11 ms cpu, 213->217->117 MB, 226 MB goal, 0 MB stacks, 0 MB globals, 20 P
gc 1678 @98.431s 0%: 0.019+3.2+0.006 ms clock, 0.39+0/3.5/0+0.12 ms cpu, 229->229->120 MB, 235 MB goal, 0 MB stacks, 0 MB globals, 20 P
gc 1679 @98.451s 0%: 0.019+1.0+0.013 ms clock, 0.39+0/1.5/0.014+0.26 ms cpu, 235->235->126 MB, 240 MB goal, 0 MB stacks, 0 MB globals, 20 P
gc 1680 @98.474s 0%: 0.023+0.57+0.010 ms clock, 0.46+0/0.89/0+0.20 ms cpu, 248->248->142 MB, 252 MB goal, 0 MB stacks, 0 MB globals, 20 P
gc 1681 @98.496s 0%: 0.020+2.9+0.005 ms clock, 0.41+0/3.6/0+0.10 ms cpu, 274->274->120 MB, 286 MB goal, 0 MB stacks, 0 MB globals, 20 P
gc 1682 @98.512s 0%: 0.022+1.3+0.018 ms clock, 0.45+0/1.9/0.13+0.37 ms cpu, 234->246->139 MB, 241 MB goal, 0 MB stacks, 0 MB globals, 20 P
gc 1683 @98.537s 0%: 0.019+1.3+0.004 ms clock, 0.39+0/2.1/0.19+0.087 ms cpu, 271->271->117 MB, 279 MB goal, 0 MB stacks, 0 MB globals, 20 P
gc 1684 @98.552s 0%: 0.018+2.3+0.10 ms clock, 0.37+0/3.0/0+2.1 ms cpu, 230->230->123 MB, 235 MB goal, 0 MB stacks, 0 MB globals, 20 P
gc 1685 @98.574s 0%: 0.019+1.9+0.003 ms clock, 0.38+0/2.2/0+0.073 ms cpu, 238->238->111 MB, 247 MB goal, 0 MB stacks, 0 MB globals, 20 P
gc 1686 @98.594s 0%: 0.029+1.2+0.006 ms clock, 0.59+0/1.7/0+0.12 ms cpu, 210->210->112 MB, 222 MB goal, 0 MB stacks, 0 MB globals, 20 P
gc 1687 @98.610s 0%: 0.019+3.1+0.003 ms clock, 0.38+0/3.2/0+0.072 ms cpu, 221->221->116 MB, 225 MB goal, 0 MB stacks, 0 MB globals, 20 P
gc 1688 @98.635s 0%: 0.020+0.39+0.007 ms clock, 0.41+0/0.77/0+0.15 ms cpu, 233->233->134 MB, 233 MB goal, 0 MB stacks, 0 MB globals, 20 P
gc 1689 @98.656s 0%: 0.017+0.58+0.004 ms clock, 0.35+0/1.1/0+0.092 ms cpu, 258->258->111 MB, 269 MB goal, 0 MB stacks, 0 MB globals, 20 P
gc 1690 @98.673s 0%: 0.021+0.70+0.004 ms clock, 0.43+0/1.2/0.30+0.092 ms cpu, 212->212->115 MB, 223 MB goal, 0 MB stacks, 0 MB globals, 20 P
gc 1691 @98.689s 0%: 0.030+0.99+0.005 ms clock, 0.61+0/1.5/0+0.10 ms cpu, 217->217->118 MB, 230 MB goal, 0 MB stacks, 0 MB globals, 20 P
gc 1692 @98.707s 0%: 0.023+4.0+0.003 ms clock, 0.47+0/4.7/0.026+0.075 ms cpu, 239->239->124 MB, 239 MB goal, 0 MB stacks, 0 MB globals, 20 P
gc 1693 @98.730s 0%: 0.018+0.59+0.004 ms clock, 0.36+0.091/0.78/0+0.096 ms cpu, 236->239->114 MB, 249 MB goal, 0 MB stacks, 0 MB globals, 20 P
gc 1694 @98.744s 0%: 0.14+1.7+0.004 ms clock, 2.8+0/2.2/0+0.091 ms cpu, 219->219->117 MB, 230 MB goal, 0 MB stacks, 0 MB globals, 20 P
gc 1695 @98.761s 0%: 0.021+0.72+0.003 ms clock, 0.42+0/1.3/0+0.074 ms cpu, 229->229->121 MB, 235 MB goal, 0 MB stacks, 0 MB globals, 20 P
gc 1696 @98.781s 0%: 0.019+1.0+0.008 ms clock, 0.38+0/1.5/0+0.17 ms cpu, 235->235->125 MB, 242 MB goal, 0 MB stacks, 0 MB globals, 20 P
gc 1697 @98.807s 0%: 0.019+0.63+0.005 ms clock, 0.39+0.089/0.66/0.011+0.10 ms cpu, 239->242->115 MB, 250 MB goal, 0 MB stacks, 0 MB globals, 20 P
gc 1698 @98.828s 0%: 0.026+0.75+0.008 ms clock, 0.53+0/1.5/0.094+0.16 ms cpu, 220->220->115 MB, 230 MB goal, 0 MB stacks, 0 MB globals, 20 P
gc 1699 @98.850s 0%: 0.031+1.5+0.006 ms clock, 0.63+0/2.5/0.050+0.13 ms cpu, 222->222->118 MB, 231 MB goal, 0 MB stacks, 0 MB globals, 20 P
gc 1700 @98.873s 0%: 0.065+7.7+0.005 ms clock, 1.3+0/8.5/0.069+0.10 ms cpu, 233->233->123 MB, 237 MB goal, 0 MB stacks, 0 MB globals, 20 P
gc 1701 @98.907s 0%: 0.021+0.50+0.005 ms clock, 0.42+0/0.72/0+0.10 ms cpu, 245->245->140 MB, 246 MB goal, 0 MB stacks, 0 MB globals, 20 P
gc 1702 @98.936s 0%: 0.024+2.4+0.005 ms clock, 0.48+0/3.0/0+0.11 ms cpu, 273->273->119 MB, 281 MB goal, 0 MB stacks, 0 MB globals, 20 P
gc 1703 @98.973s 0%: 0.031+1.6+0.006 ms clock, 0.62+0/2.4/0.023+0.13 ms cpu, 234->234->125 MB, 239 MB goal, 0 MB stacks, 0 MB globals, 20 P
gc 1704 @98.999s 0%: 0.031+0.53+0.014 ms clock, 0.62+0/1.1/0+0.28 ms cpu, 245->245->140 MB, 251 MB goal, 0 MB stacks, 0 MB globals, 20 P
gc 1705 @99.026s 0%: 0.032+5.0+0.005 ms clock, 0.65+0/5.6/0+0.10 ms cpu, 278->278->122 MB, 282 MB goal, 0 MB stacks, 0 MB globals, 20 P
gc 1706 @99.048s 0%: 0.027+0.51+0.015 ms clock, 0.54+0/1.0/0.003+0.30 ms cpu, 243->243->138 MB, 244 MB goal, 0 MB stacks, 0 MB globals, 20 P
gc 1707 @99.080s 0%: 0.020+0.98+0.007 ms clock, 0.40+0/1.2/0.001+0.14 ms cpu, 270->270->116 MB, 276 MB goal, 0 MB stacks, 0 MB globals, 20 P
gc 1708 @99.098s 0%: 0.018+1.0+0.003 ms clock, 0.37+0/1.5/0.014+0.075 ms cpu, 231->231->120 MB, 232 MB goal, 0 MB stacks, 0 MB globals, 20 P
gc 1709 @99.114s 0%: 0.020+4.6+0.005 ms clock, 0.41+0/5.1/0.012+0.11 ms cpu, 229->229->123 MB, 242 MB goal, 0 MB stacks, 0 MB globals, 20 P
gc 1710 @99.138s 0%: 0.019+1.1+0.009 ms clock, 0.39+0.083/1.0/0+0.19 ms cpu, 235->240->115 MB, 248 MB goal, 0 MB stacks, 0 MB globals, 20 P
gc 1711 @99.161s 0%: 0.017+1.9+0.45 ms clock, 0.35+0/2.2/0+9.1 ms cpu, 223->229->123 MB, 231 MB goal, 0 MB stacks, 0 MB globals, 20 P
gc 1712 @99.180s 0%: 0.017+1.1+0.003 ms clock, 0.35+0/1.8/0.009+0.077 ms cpu, 247->247->126 MB, 247 MB goal, 0 MB stacks, 0 MB globals, 20 P
gc 1713 @99.202s 0%: 0.020+0.57+0.012 ms clock, 0.41+0/0.89/0.001+0.25 ms cpu, 248->248->142 MB, 252 MB goal, 0 MB stacks, 0 MB globals, 20 P
gc 1714 @99.233s 0%: 0.020+0.98+0.005 ms clock, 0.40+0/1.4/0.017+0.10 ms cpu, 285->285->122 MB, 286 MB goal, 0 MB stacks, 0 MB globals, 20 P
gc 1715 @99.261s 0%: 0.017+0.45+0.003 ms clock, 0.34+0.18/0.72/0+0.074 ms cpu, 239->239->110 MB, 245 MB goal, 0 MB stacks, 0 MB globals, 20 P
gc 1716 @99.291s 0%: 0.026+1.0+0.006 ms clock, 0.52+0/1.5/0+0.13 ms cpu, 216->216->114 MB, 220 MB goal, 0 MB stacks, 0 MB globals, 20 P
gc 1717 @99.311s 0%: 0.026+6.3+0.005 ms clock, 0.52+0/7.0/0.10+0.10 ms cpu, 223->223->116 MB, 229 MB goal, 0 MB stacks, 0 MB globals, 20 P
gc 1718 @99.335s 0%: 0.019+0.56+0.014 ms clock, 0.39+0/0.79/0.12+0.28 ms cpu, 234->234->134 MB, 234 MB goal, 0 MB stacks, 0 MB globals, 20 P
gc 1719 @99.378s 0%: 0.020+4.6+0.006 ms clock, 0.40+0/5.2/0.015+0.13 ms cpu, 267->267->112 MB, 270 MB goal, 0 MB stacks, 0 MB globals, 20 P
gc 1720 @99.401s 0%: 0.029+4.0+0.006 ms clock, 0.59+0/4.6/0.016+0.12 ms cpu, 228->228->118 MB, 228 MB goal, 0 MB stacks, 0 MB globals, 20 P
gc 1721 @99.436s 0%: 0.029+0.70+0.016 ms clock, 0.58+0/0.96/0+0.33 ms cpu, 240->240->136 MB, 240 MB goal, 0 MB stacks, 0 MB globals, 20 P
gc 1722 @99.470s 0%: 0.028+4.8+0.004 ms clock, 0.56+0/5.2/0+0.098 ms cpu, 269->269->118 MB, 274 MB goal, 0 MB stacks, 0 MB globals, 20 P
gc 1723 @99.488s 0%: 0.020+2.4+0.003 ms clock, 0.40+0/2.6/0+0.072 ms cpu, 233->233->124 MB, 237 MB goal, 0 MB stacks, 0 MB globals, 20 P
gc 1724 @99.516s 0%: 0.021+0.57+0.010 ms clock, 0.42+0/0.89/0.001+0.21 ms cpu, 246->246->143 MB, 248 MB goal, 0 MB stacks, 0 MB globals, 20 P
gc 1725 @99.544s 0%: 0.026+4.8+0.004 ms clock, 0.53+0/5.4/0.13+0.086 ms cpu, 285->285->123 MB, 286 MB goal, 0 MB stacks, 0 MB globals, 20 P
gc 1726 @99.569s 0%: 0.018+0.41+0.003 ms clock, 0.37+0.035/0.76/0+0.066 ms cpu, 240->241->111 MB, 247 MB goal, 0 MB stacks, 0 MB globals, 20 P
gc 1727 @99.583s 0%: 0.017+0.48+0.028 ms clock, 0.34+0/0.73/0+0.56 ms cpu, 217->221->116 MB, 223 MB goal, 0 MB stacks, 0 MB globals, 20 P
gc 1728 @99.604s 0%: 0.021+4.0+0.003 ms clock, 0.42+0/4.5/0+0.077 ms cpu, 228->228->117 MB, 234 MB goal, 0 MB stacks, 0 MB globals, 20 P
gc 1729 @99.626s 0%: 0.028+1.4+0.006 ms clock, 0.56+0/2.2/0+0.13 ms cpu, 232->232->121 MB, 234 MB goal, 0 MB stacks, 0 MB globals, 20 P
gc 1730 @99.652s 0%: 0.019+0.76+0.004 ms clock, 0.38+0.030/0.81/0+0.095 ms cpu, 239->243->113 MB, 243 MB goal, 0 MB stacks, 0 MB globals, 20 P
gc 1731 @99.676s 0%: 0.036+2.3+0.005 ms clock, 0.72+0.057/2.5/0+0.10 ms cpu, 221->221->113 MB, 227 MB goal, 0 MB stacks, 0 MB globals, 20 P
gc 1732 @99.694s 0%: 0.018+3.6+0.004 ms clock, 0.36+0/3.8/0+0.099 ms cpu, 224->224->118 MB, 228 MB goal, 0 MB stacks, 0 MB globals, 20 P
gc 1733 @99.720s 0%: 0.037+8.4+0.014 ms clock, 0.75+0/8.9/0+0.28 ms cpu, 239->239->124 MB, 239 MB goal, 0 MB stacks, 0 MB globals, 20 P
gc 1734 @99.753s 0%: 0.017+0.61+0.003 ms clock, 0.35+0/1.1/0+0.071 ms cpu, 245->245->112 MB, 248 MB goal, 0 MB stacks, 0 MB globals, 20 P
gc 1735 @99.768s 0%: 0.020+5.1+0.004 ms clock, 0.40+0/5.4/0+0.093 ms cpu, 234->234->122 MB, 234 MB goal, 0 MB stacks, 0 MB globals, 20 P
gc 1736 @99.798s 0%: 0.021+0.75+0.004 ms clock, 0.42+0.026/0.82/0.002+0.081 ms cpu, 240->243->114 MB, 244 MB goal, 0 MB stacks, 0 MB globals, 20 P
gc 1737 @99.812s 0%: 0.017+2.5+0.003 ms clock, 0.34+0/2.6/0+0.070 ms cpu, 230->230->116 MB, 230 MB goal, 0 MB stacks, 0 MB globals, 20 P
gc 1738 @99.828s 0%: 0.018+3.9+0.002 ms clock, 0.36+0/4.0/0+0.057 ms cpu, 231->231->120 MB, 232 MB goal, 0 MB stacks, 0 MB globals, 20 P
gc 1739 @99.851s 0%: 0.022+0.55+0.011 ms clock, 0.44+0/0.74/0.009+0.22 ms cpu, 242->242->137 MB, 242 MB goal, 0 MB stacks, 0 MB globals, 20 P
gc 1740 @99.884s 0%: 0.030+6.5+0.007 ms clock, 0.60+0/7.1/0+0.15 ms cpu, 280->280->120 MB, 280 MB goal, 0 MB stacks, 0 MB globals, 20 P
gc 1741 @99.920s 0%: 0.028+2.0+0.007 ms clock, 0.57+0/2.7/0.041+0.15 ms cpu, 241->241->127 MB, 241 MB goal, 0 MB stacks, 0 MB globals, 20 P
gc 1742 @99.956s 0%: 0.020+0.51+0.006 ms clock, 0.41+0/0.95/0+0.13 ms cpu, 253->253->116 MB, 255 MB goal, 0 MB stacks, 0 MB globals, 20 P
gc 1743 @99.975s 0%: 0.029+5.3+0.008 ms clock, 0.59+0/6.0/0+0.16 ms cpu, 238->238->122 MB, 238 MB goal, 0 MB stacks, 0 MB globals, 20 P
gc 1744 @100.013s 0%: 0.029+7.3+0.042 ms clock, 0.59+0/7.9/0+0.85 ms cpu, 243->243->128 MB, 245 MB goal, 0 MB stacks, 0 MB globals, 20 P
gc 1745 @100.052s 0%: 0.028+1.3+0.011 ms clock, 0.56+0/2.0/0+0.23 ms cpu, 256->256->119 MB, 256 MB goal, 0 MB stacks, 0 MB globals, 20 P
gc 1746 @100.082s 0%: 0.021+0.48+0.019 ms clock, 0.42+0/0.68/0+0.38 ms cpu, 247->247->139 MB, 247 MB goal, 0 MB stacks, 0 MB globals, 20 P
gc 1747 @100.117s 0%: 0.030+6.1+0.13 ms clock, 0.60+0/6.8/0+2.7 ms cpu, 281->281->119 MB, 281 MB goal, 0 MB stacks, 0 MB globals, 20 P
gc 1748 @100.141s 0%: 0.022+2.4+0.003 ms clock, 0.44+0/2.8/0+0.067 ms cpu, 240->240->125 MB, 240 MB goal, 0 MB stacks, 0 MB globals, 20 P
gc 1749 @100.167s 0%: 0.021+0.50+0.006 ms clock, 0.43+0/0.67/0+0.12 ms cpu, 248->248->112 MB, 250 MB goal, 0 MB stacks, 0 MB globals, 20 P
gc 1750 @100.186s 0%: 0.030+1.0+0.007 ms clock, 0.60+0/1.8/0.040+0.14 ms cpu, 228->228->117 MB, 228 MB goal, 0 MB stacks, 0 MB globals, 20 P
gc 1751 @100.212s 0%: 0.024+4.2+0.003 ms clock, 0.49+0/4.8/0.009+0.079 ms cpu, 232->232->123 MB, 235 MB goal, 0 MB stacks, 0 MB globals, 20 P
gc 1752 @100.237s 0%: 0.023+2.0+0.005 ms clock, 0.46+0/2.8/0+0.11 ms cpu, 244->244->113 MB, 246 MB goal, 0 MB stacks, 0 MB globals, 20 P
gc 1753 @100.255s 0%: 0.020+3.2+0.003 ms clock, 0.40+0/3.4/0+0.070 ms cpu, 229->229->118 MB, 229 MB goal, 0 MB stacks, 0 MB globals, 20 P
gc 1754 @100.276s 0%: 0.029+2.6+0.007 ms clock, 0.59+0/3.2/0.001+0.14 ms cpu, 233->233->122 MB, 237 MB goal, 0 MB stacks, 0 MB globals, 20 P
gc 1755 @100.297s 0%: 0.021+0.45+0.008 ms clock, 0.42+0/0.93/0.001+0.16 ms cpu, 245->245->140 MB, 245 MB goal, 0 MB stacks, 0 MB globals, 20 P
gc 1756 @100.329s 0%: 0.020+3.8+0.003 ms clock, 0.40+0/3.8/0.001+0.072 ms cpu, 282->282->121 MB, 282 MB goal, 0 MB stacks, 0 MB globals, 20 P
gc 1757 @100.350s 0%: 0.024+1.2+0.12 ms clock, 0.49+0/1.6/0.005+2.5 ms cpu, 242->242->127 MB, 242 MB goal, 0 MB stacks, 0 MB globals, 20 P
gc 1758 @100.374s 0%: 0.041+1.0+0.007 ms clock, 0.83+0/1.6/0.013+0.15 ms cpu, 254->254->117 MB, 255 MB goal, 0 MB stacks, 0 MB globals, 20 P
gc 1759 @100.397s 0%: 0.032+3.4+0.005 ms clock, 0.65+0/3.8/0+0.10 ms cpu, 239->239->123 MB, 239 MB goal, 0 MB stacks, 0 MB globals, 20 P
gc 1760 @100.426s 0%: 0.023+4.4+0.10 ms clock, 0.46+0/5.1/0+2.1 ms cpu, 243->243->128 MB, 247 MB goal, 0 MB stacks, 0 MB globals, 20 P
gc 1761 @100.453s 0%: 0.029+1.0+0.006 ms clock, 0.59+0/1.8/0+0.12 ms cpu, 257->257->118 MB, 257 MB goal, 0 MB stacks, 0 MB globals, 20 P
gc 1762 @100.483s 0%: 0.025+6.4+0.003 ms clock, 0.50+0/7.0/0+0.070 ms cpu, 248->248->124 MB, 248 MB goal, 0 MB stacks, 0 MB globals, 20 P
gc 1763 @100.510s 0%: 0.019+0.47+0.004 ms clock, 0.39+0/0.77/0+0.080 ms cpu, 247->247->112 MB, 249 MB goal, 0 MB stacks, 0 MB globals, 20 P
gc 1764 @100.535s 0%: 0.026+5.5+0.006 ms clock, 0.53+0/6.1/0+0.12 ms cpu, 228->228->117 MB, 228 MB goal, 0 MB stacks, 0 MB globals, 20 P
gc 1765 @100.559s 0%: 0.018+2.5+0.003 ms clock, 0.37+0/2.9/0+0.072 ms cpu, 232->232->121 MB, 234 MB goal, 0 MB stacks, 0 MB globals, 20 P
gc 1766 @100.581s 0%: 0.023+0.58+0.008 ms clock, 0.47+0/1.0/0+0.16 ms cpu, 244->244->139 MB, 244 MB goal, 0 MB stacks, 0 MB globals, 20 P
gc 1767 @100.612s 0%: 0.025+4.1+0.005 ms clock, 0.50+0/4.4/0+0.10 ms cpu, 282->282->122 MB, 282 MB goal, 0 MB stacks, 0 MB globals, 20 P
gc 1768 @100.632s 0%: 0.020+1.4+0.013 ms clock, 0.40+0/1.6/0+0.27 ms cpu, 243->243->129 MB, 244 MB goal, 0 MB stacks, 0 MB globals, 20 P
gc 1769 @100.655s 0%: 0.019+0.47+0.003 ms clock, 0.39+0/0.81/0+0.074 ms cpu, 256->256->117 MB, 258 MB goal, 0 MB stacks, 0 MB globals, 20 P
gc 1770 @100.677s 0%: 0.026+3.3+0.005 ms clock, 0.53+0/3.9/0+0.11 ms cpu, 239->239->123 MB, 239 MB goal, 0 MB stacks, 0 MB globals, 20 P
gc 1771 @100.712s 0%: 0.028+3.5+0.007 ms clock, 0.56+0/4.2/0.076+0.14 ms cpu, 243->243->128 MB, 247 MB goal, 0 MB stacks, 0 MB globals, 20 P
gc 1772 @100.746s 0%: 0.030+1.2+0.006 ms clock, 0.60+0/1.7/0+0.12 ms cpu, 256->256->118 MB, 257 MB goal, 0 MB stacks, 0 MB globals, 20 P
gc 1773 @100.769s 0%: 0.023+4.9+0.005 ms clock, 0.46+0/5.3/0.036+0.10 ms cpu, 233->233->122 MB, 236 MB goal, 0 MB stacks, 0 MB globals, 20 P
gc 1774 @100.790s 0%: 0.021+0.67+0.014 ms clock, 0.42+0/1.1/0.008+0.28 ms cpu, 244->244->139 MB, 245 MB goal, 0 MB stacks, 0 MB globals, 20 P
gc 1775 @100.822s 0%: 0.031+4.8+0.003 ms clock, 0.62+0/5.0/0+0.067 ms cpu, 282->282->119 MB, 282 MB goal, 0 MB stacks, 0 MB globals, 20 P
gc 1776 @100.850s 0%: 0.030+5.5+0.004 ms clock, 0.60+0/6.4/0.061+0.085 ms cpu, 240->240->125 MB, 240 MB goal, 0 MB stacks, 0 MB globals, 20 P
gc 1777 @100.884s 0%: 0.029+0.71+0.008 ms clock, 0.59+0/1.5/0.041+0.16 ms cpu, 251->251->114 MB, 251 MB goal, 0 MB stacks, 0 MB globals, 20 P
gc 1778 @100.907s 0%: 0.028+1.0+0.006 ms clock, 0.57+0/1.8/0.096+0.13 ms cpu, 226->226->118 MB, 228 MB goal, 0 MB stacks, 0 MB globals, 20 P
gc 1779 @100.935s 0%: 0.029+2.0+0.006 ms clock, 0.58+0/2.8/0.031+0.12 ms cpu, 233->233->122 MB, 237 MB goal, 0 MB stacks, 0 MB globals, 20 P
gc 1780 @100.965s 0%: 0.022+0.49+0.006 ms clock, 0.45+0/0.81/0+0.12 ms cpu, 245->245->140 MB, 246 MB goal, 0 MB stacks, 0 MB globals, 20 P
gc 1781 @100.989s 0%: 0.017+3.7+0.003 ms clock, 0.35+0/3.8/0+0.062 ms cpu, 282->282->120 MB, 282 MB goal, 0 MB stacks, 0 MB globals, 20 P
gc 1782 @101.019s 0%: 0.076+0.45+0.005 ms clock, 1.5+0.030/0.87/0.001+0.10 ms cpu, 237->237->109 MB, 241 MB goal, 0 MB stacks, 0 MB globals, 20 P
gc 1783 @101.038s 0%: 0.019+0.67+0.010 ms clock, 0.38+0/0.92/0+0.20 ms cpu, 217->217->115 MB, 219 MB goal, 0 MB stacks, 0 MB globals, 20 P
gc 1784 @101.062s 0%: 0.020+4.5+0.003 ms clock, 0.41+0/4.6/0+0.065 ms cpu, 239->239->122 MB, 239 MB goal, 0 MB stacks, 0 MB globals, 20 P
gc 1785 @101.091s 0%: 0.022+0.49+0.003 ms clock, 0.44+0.016/0.62/0+0.062 ms cpu, 242->242->112 MB, 244 MB goal, 0 MB stacks, 0 MB globals, 20 P
gc 1786 @101.112s 0%: 0.016+4.9+0.007 ms clock, 0.33+0/5.2/0.11+0.15 ms cpu, 221->221->117 MB, 224 MB goal, 0 MB stacks, 0 MB globals, 20 P
gc 1787 @101.135s 0%: 0.024+3.6+0.003 ms clock, 0.48+0/4.2/0+0.070 ms cpu, 238->238->123 MB, 238 MB goal, 0 MB stacks, 0 MB globals, 20 P
gc 1788 @101.167s 0%: 0.016+0.98+0.005 ms clock, 0.33+0/1.2/0.002+0.10 ms cpu, 246->246->111 MB, 247 MB goal, 0 MB stacks, 0 MB globals, 20 P
gc 1789 @101.189s 0%: 0.018+0.75+0.004 ms clock, 0.36+0/1.2/0.007+0.089 ms cpu, 219->219->115 MB, 222 MB goal, 0 MB stacks, 0 MB globals, 20 P
gc 1790 @101.206s 0%: 0.020+6.6+0.007 ms clock, 0.40+0/7.0/0+0.14 ms cpu, 238->238->123 MB, 238 MB goal, 0 MB stacks, 0 MB globals, 20 P
gc 1791 @101.239s 0%: 0.022+0.45+0.006 ms clock, 0.44+0/0.79/0.004+0.12 ms cpu, 244->244->141 MB, 246 MB goal, 0 MB stacks, 0 MB globals, 20 P
gc 1792 @101.272s 0%: 0.029+6.5+0.005 ms clock, 0.58+0/7.0/0+0.11 ms cpu, 283->283->122 MB, 283 MB goal, 0 MB stacks, 0 MB globals, 20 P
gc 1793 @101.311s 0%: 0.021+0.39+0.045 ms clock, 0.42+0.070/0.66/0+0.91 ms cpu, 241->243->113 MB, 245 MB goal, 0 MB stacks, 0 MB globals, 20 P
gc 1794 @101.331s 0%: 0.018+0.47+0.004 ms clock, 0.36+0/0.76/0.003+0.091 ms cpu, 223->223->115 MB, 226 MB goal, 0 MB stacks, 0 MB globals, 20 P
gc 1795 @101.354s 0%: 0.019+0.75+0.003 ms clock, 0.39+0/1.1/0.022+0.078 ms cpu, 227->227->119 MB, 230 MB goal, 0 MB stacks, 0 MB globals, 20 P
gc 1796 @101.379s 0%: 0.019+3.3+0.002 ms clock, 0.38+0/3.6/0.004+0.059 ms cpu, 250->250->127 MB, 250 MB goal, 0 MB stacks, 0 MB globals, 20 P
gc 1797 @101.406s 0%: 0.025+0.87+0.006 ms clock, 0.50+0/1.3/0.11+0.12 ms cpu, 254->254->117 MB, 255 MB goal, 0 MB stacks, 0 MB globals, 20 P
gc 1798 @101.431s 0%: 0.026+6.9+0.006 ms clock, 0.53+0/7.4/0+0.12 ms cpu, 239->239->123 MB, 239 MB goal, 0 MB stacks, 0 MB globals, 20 P
gc 1799 @101.461s 0%: 0.028+1.9+0.005 ms clock, 0.56+0/2.8/0.036+0.10 ms cpu, 244->244->129 MB, 246 MB goal, 0 MB stacks, 0 MB globals, 20 P
gc 1800 @101.495s 0%: 0.023+0.64+0.007 ms clock, 0.47+0/1.2/0.025+0.14 ms cpu, 255->255->116 MB, 258 MB goal, 0 MB stacks, 0 MB globals, 20 P
gc 1801 @101.524s 0%: 0.019+1.9+0.003 ms clock, 0.39+0/2.1/0+0.062 ms cpu, 234->234->123 MB, 234 MB goal, 0 MB stacks, 0 MB globals, 20 P
gc 1802 @101.547s 0%: 0.020+2.9+0.003 ms clock, 0.40+0/3.1/0.077+0.074 ms cpu, 251->251->115 MB, 251 MB goal, 0 MB stacks, 0 MB globals, 20 P
gc 1803 @101.568s 0%: 0.021+3.4+0.003 ms clock, 0.42+0/4.0/0+0.069 ms cpu, 231->231->120 MB, 231 MB goal, 0 MB stacks, 0 MB globals, 20 P
gc 1804 @101.595s 0%: 0.025+0.54+0.012 ms clock, 0.50+0/1.0/0+0.25 ms cpu, 242->242->137 MB, 243 MB goal, 0 MB stacks, 0 MB globals, 20 P
gc 1805 @101.632s 0%: 0.023+3.8+0.004 ms clock, 0.47+0/4.1/0+0.080 ms cpu, 280->280->119 MB, 280 MB goal, 0 MB stacks, 0 MB globals, 20 P
gc 1806 @101.650s 0%: 0.019+1.3+0.005 ms clock, 0.38+0/1.6/0.006+0.10 ms cpu, 239->239->126 MB, 239 MB goal, 0 MB stacks, 0 MB globals, 20 P
gc 1807 @101.672s 0%: 0.017+0.50+0.009 ms clock, 0.34+0.071/0.86/0.004+0.18 ms cpu, 251->251->113 MB, 253 MB goal, 0 MB stacks, 0 MB globals, 20 P
gc 1808 @101.687s 0%: 0.017+3.1+0.003 ms clock, 0.35+0/3.3/0+0.072 ms cpu, 224->224->115 MB, 227 MB goal, 0 MB stacks, 0 MB globals, 20 P
gc 1809 @101.704s 0%: 0.018+5.2+0.003 ms clock, 0.37+0/5.5/0+0.072 ms cpu, 229->229->123 MB, 232 MB goal, 0 MB stacks, 0 MB globals, 20 P
gc 1810 @101.729s 0%: 0.017+0.37+0.003 ms clock, 0.34+0/0.97/0+0.065 ms cpu, 243->243->110 MB, 247 MB goal, 0 MB stacks, 0 MB globals, 20 P
gc 1811 @101.750s 0%: 0.018+0.64+0.055 ms clock, 0.36+0/1.1/0.060+1.1 ms cpu, 221->221->114 MB, 222 MB goal, 0 MB stacks, 0 MB globals, 20 P
gc 1812 @101.764s 0%: 0.017+1.6+0.004 ms clock, 0.34+0/2.1/0.034+0.095 ms cpu, 238->238->121 MB, 238 MB goal, 0 MB stacks, 0 MB globals, 20 P
gc 1813 @101.792s 0%: 0.029+0.63+0.012 ms clock, 0.59+0/1.3/0.056+0.24 ms cpu, 244->244->140 MB, 244 MB goal, 0 MB stacks, 0 MB globals, 20 P
gc 1814 @101.828s 0%: 0.021+3.9+0.003 ms clock, 0.43+0/4.3/0+0.068 ms cpu, 283->283->123 MB, 283 MB goal, 0 MB stacks, 0 MB globals, 20 P
gc 1815 @101.850s 0%: 0.018+0.29+0.004 ms clock, 0.37+0.10/0.67/0+0.084 ms cpu, 244->245->113 MB, 247 MB goal, 0 MB stacks, 0 MB globals, 20 P
gc 1816 @101.872s 0%: 0.017+0.51+0.006 ms clock, 0.35+0/1.0/0.001+0.13 ms cpu, 222->222->116 MB, 226 MB goal, 0 MB stacks, 0 MB globals, 20 P
gc 1817 @101.887s 0%: 0.017+2.9+0.12 ms clock, 0.35+0/3.4/0.021+2.5 ms cpu, 233->233->122 MB, 233 MB goal, 0 MB stacks, 0 MB globals, 20 P
gc 1818 @101.911s 0%: 0.019+0.55+0.005 ms clock, 0.38+0.043/1.0/0.001+0.10 ms cpu, 242->242->110 MB, 245 MB goal, 0 MB stacks, 0 MB globals, 20 P
gc 1819 @101.926s 0%: 0.017+1.8+0.003 ms clock, 0.35+0/2.2/0+0.065 ms cpu, 218->218->113 MB, 220 MB goal, 0 MB stacks, 0 MB globals, 20 P
gc 1820 @101.943s 0%: 0.024+3.1+0.007 ms clock, 0.48+0/3.7/0.029+0.15 ms cpu, 224->224->117 MB, 227 MB goal, 0 MB stacks, 0 MB globals, 20 P
gc 1821 @101.963s 0%: 0.020+7.1+0.003 ms clock, 0.40+0/7.8/0+0.069 ms cpu, 237->237->124 MB, 238 MB goal, 0 MB stacks, 0 MB globals, 20 P
gc 1822 @101.991s 0%: 0.022+0.63+0.012 ms clock, 0.44+0.016/1.2/0+0.24 ms cpu, 247->247->113 MB, 248 MB goal, 0 MB stacks, 0 MB globals, 20 P
gc 1823 @102.014s 0%: 0.029+1.3+0.007 ms clock, 0.58+0/1.9/0+0.15 ms cpu, 230->230->119 MB, 230 MB goal, 0 MB stacks, 0 MB globals, 20 P
gc 1824 @102.041s 0%: 0.025+6.2+0.004 ms clock, 0.51+0/6.9/0.008+0.085 ms cpu, 250->250->128 MB, 250 MB goal, 0 MB stacks, 0 MB globals, 20 P
gc 1825 @102.067s 0%: 0.020+0.51+0.004 ms clock, 0.41+0/1.1/0.006+0.097 ms cpu, 255->255->117 MB, 257 MB goal, 0 MB stacks, 0 MB globals, 20 P
gc 1826 @102.095s 0%: 0.026+5.9+0.007 ms clock, 0.52+0/6.7/0+0.15 ms cpu, 239->239->123 MB, 239 MB goal, 0 MB stacks, 0 MB globals, 20 P
gc 1827 @102.122s 0%: 0.032+5.5+0.006 ms clock, 0.65+0/6.3/0+0.12 ms cpu, 244->244->128 MB, 246 MB goal, 0 MB stacks, 0 MB globals, 20 P
gc 1828 @102.155s 0%: 0.021+0.47+0.003 ms clock, 0.42+0/0.70/0.020+0.063 ms cpu, 255->255->117 MB, 257 MB goal, 0 MB stacks, 0 MB globals, 20 P
gc 1829 @102.175s 0%: 0.022+3.1+0.003 ms clock, 0.45+0/3.7/0.067+0.072 ms cpu, 239->239->123 MB, 239 MB goal, 0 MB stacks, 0 MB globals, 20 P
gc 1830 @102.198s 0%: 0.031+5.6+0.051 ms clock, 0.63+0/6.5/0.18+1.0 ms cpu, 244->244->129 MB, 246 MB goal, 0 MB stacks, 0 MB globals, 20 P
gc 1831 @102.232s 0%: 0.022+0.86+0.003 ms clock, 0.45+0/1.3/0.012+0.068 ms cpu, 257->257->119 MB, 259 MB goal, 0 MB stacks, 0 MB globals, 20 P
gc 1832 @102.256s 0%: 0.026+0.49+0.011 ms clock, 0.53+0/1.0/0.011+0.23 ms cpu, 245->245->135 MB, 245 MB goal, 0 MB stacks, 0 MB globals, 20 P
gc 1833 @102.286s 0%: 0.017+1.0+0.003 ms clock, 0.35+0/1.5/0.15+0.067 ms cpu, 267->267->116 MB, 270 MB goal, 0 MB stacks, 0 MB globals, 20 P
gc 1834 @102.301s 0%: 0.017+1.0+0.006 ms clock, 0.34+0/1.3/0+0.13 ms cpu, 231->231->121 MB, 233 MB goal, 0 MB stacks, 0 MB globals, 20 P
gc 1835 @102.318s 0%: 0.020+0.54+0.080 ms clock, 0.41+0/0.91/0.002+1.6 ms cpu, 243->243->138 MB, 243 MB goal, 0 MB stacks, 0 MB globals, 20 P
gc 1836 @102.341s 0%: 0.019+3.9+0.003 ms clock, 0.39+0/4.1/0.001+0.065 ms cpu, 281->281->120 MB, 281 MB goal, 0 MB stacks, 0 MB globals, 20 P
gc 1837 @102.360s 0%: 0.019+1.3+0.008 ms clock, 0.38+0/1.6/0.002+0.16 ms cpu, 241->241->128 MB, 242 MB goal, 0 MB stacks, 0 MB globals, 20 P
gc 1838 @102.382s 0%: 0.017+0.68+0.003 ms clock, 0.35+0/1.0/0+0.066 ms cpu, 256->256->119 MB, 256 MB goal, 0 MB stacks, 0 MB globals, 20 P
gc 1839 @102.404s 0%: 0.020+0.60+0.011 ms clock, 0.41+0/0.70/0.035+0.23 ms cpu, 246->246->139 MB, 246 MB goal, 0 MB stacks, 0 MB globals, 20 P
gc 1840 @102.435s 0%: 0.025+5.7+0.004 ms clock, 0.51+0/6.4/0.099+0.095 ms cpu, 281->281->119 MB, 281 MB goal, 0 MB stacks, 0 MB globals, 20 P
gc 1841 @102.455s 0%: 0.023+3.1+0.004 ms clock, 0.46+0/3.6/0.013+0.088 ms cpu, 240->240->125 MB, 240 MB goal, 0 MB stacks, 0 MB globals, 20 P
gc 1842 @102.483s 0%: 0.018+0.54+0.008 ms clock, 0.36+0/0.65/0.017+0.17 ms cpu, 248->248->113 MB, 250 MB goal, 0 MB stacks, 0 MB globals, 20 P
gc 1843 @102.503s 0%: 0.022+1.1+0.006 ms clock, 0.44+0/1.6/0.007+0.12 ms cpu, 229->229->119 MB, 229 MB goal, 0 MB stacks, 0 MB globals, 20 P
gc 1844 @102.532s 0%: 0.025+0.50+0.007 ms clock, 0.50+0/0.98/0+0.15 ms cpu, 245->245->140 MB, 245 MB goal, 0 MB stacks, 0 MB globals, 20 P
gc 1845 @102.560s 0%: 0.027+5.5+0.005 ms clock, 0.54+0/5.9/0+0.11 ms cpu, 282->282->120 MB, 282 MB goal, 0 MB stacks, 0 MB globals, 20 P
gc 1846 @102.589s 0%: 0.030+6.5+0.006 ms clock, 0.60+0/7.3/0.036+0.12 ms cpu, 241->241->126 MB, 241 MB goal, 0 MB stacks, 0 MB globals, 20 P
gc 1847 @102.626s 0%: 0.018+1.0+0.008 ms clock, 0.36+0/1.3/0+0.17 ms cpu, 248->248->114 MB, 252 MB goal, 0 MB stacks, 0 MB globals, 20 P
gc 1848 @102.646s 0%: 0.017+3.1+0.003 ms clock, 0.34+0/3.3/0.008+0.078 ms cpu, 230->230->118 MB, 230 MB goal, 0 MB stacks, 0 MB globals, 20 P
gc 1849 @102.667s 0%: 0.019+5.1+0.003 ms clock, 0.38+0/5.4/0+0.077 ms cpu, 249->249->127 MB, 249 MB goal, 0 MB stacks, 0 MB globals, 20 P
gc 1850 @102.696s 0%: 0.022+1.5+0.003 ms clock, 0.44+0/1.7/0+0.069 ms cpu, 255->255->118 MB, 255 MB goal, 0 MB stacks, 0 MB globals, 20 P
gc 1851 @102.715s 0%: 0.027+2.0+0.008 ms clock, 0.55+0/2.9/0.054+0.16 ms cpu, 233->233->122 MB, 236 MB goal, 0 MB stacks, 0 MB globals, 20 P
gc 1852 @102.746s 0%: 0.018+0.43+0.005 ms clock, 0.37+0/0.89/0+0.11 ms cpu, 242->242->110 MB, 245 MB goal, 0 MB stacks, 0 MB globals, 20 P
gc 1853 @102.765s 0%: 0.016+0.58+0.007 ms clock, 0.33+0/1.1/0.010+0.15 ms cpu, 218->218->113 MB, 220 MB goal, 0 MB stacks, 0 MB globals, 20 P
gc 1854 @102.789s 0%: 0.039+6.3+0.004 ms clock, 0.79+0/7.0/0.10+0.085 ms cpu, 224->224->116 MB, 227 MB goal, 0 MB stacks, 0 MB globals, 20 P
gc 1855 @102.813s 0%: 0.024+4.4+0.008 ms clock, 0.48+0/5.1/0.019+0.17 ms cpu, 237->237->123 MB, 237 MB goal, 0 MB stacks, 0 MB globals, 20 P
gc 1856 @102.839s 0%: 0.019+0.42+0.003 ms clock, 0.38+0/0.81/0+0.072 ms cpu, 245->245->113 MB, 247 MB goal, 0 MB stacks, 0 MB globals, 20 P
gc 1857 @102.856s 0%: 0.016+2.8+0.003 ms clock, 0.32+0/3.2/0+0.065 ms cpu, 229->229->119 MB, 229 MB goal, 0 MB stacks, 0 MB globals, 20 P
gc 1858 @102.874s 0%: 0.020+5.5+0.003 ms clock, 0.40+0/5.9/0.009+0.063 ms cpu, 250->250->128 MB, 250 MB goal, 0 MB stacks, 0 MB globals, 20 P
gc 1859 @102.903s 0%: 0.018+0.49+0.005 ms clock, 0.37+0/0.91/0.043+0.10 ms cpu, 255->255->116 MB, 258 MB goal, 0 MB stacks, 0 MB globals, 20 P
gc 1860 @102.919s 0%: 0.018+0.84+0.003 ms clock, 0.36+0/1.3/0.041+0.066 ms cpu, 239->239->122 MB, 239 MB goal, 0 MB stacks, 0 MB globals, 20 P
gc 1861 @102.938s 0%: 0.017+0.49+0.006 ms clock, 0.35+0.041/0.68/0.003+0.13 ms cpu, 242->244->113 MB, 245 MB goal, 0 MB stacks, 0 MB globals, 20 P
gc 1862 @102.959s 0%: 0.033+1.1+0.007 ms clock, 0.66+0/1.7/0.025+0.15 ms cpu, 227->227->116 MB, 227 MB goal, 0 MB stacks, 0 MB globals, 20 P
gc 1863 @102.988s 0%: 0.028+1.3+0.005 ms clock, 0.57+0/2.1/0.17+0.11 ms cpu, 233->233->121 MB, 233 MB goal, 0 MB stacks, 0 MB globals, 20 P
gc 1864 @103.008s 0%: 0.034+9.7+0.006 ms clock, 0.68+0/10/0.11+0.12 ms cpu, 242->242->126 MB, 242 MB goal, 0 MB stacks, 0 MB globals, 20 P
gc 1865 @103.038s 0%: 0.021+0.46+0.002 ms clock, 0.42+0/0.71/0+0.058 ms cpu, 253->253->114 MB, 253 MB goal, 0 MB stacks, 0 MB globals, 20 P
gc 1866 @103.055s 0%: 0.022+0.87+0.004 ms clock, 0.45+0/1.4/0.008+0.088 ms cpu, 227->227->118 MB, 230 MB goal, 0 MB stacks, 0 MB globals, 20 P
gc 1867 @103.075s 0%: 0.021+1.9+0.13 ms clock, 0.43+0/2.3/0+2.6 ms cpu, 248->248->125 MB, 248 MB goal, 0 MB stacks, 0 MB globals, 20 P
gc 1868 @103.101s 0%: 0.023+0.64+0.005 ms clock, 0.46+0/1.2/0.064+0.11 ms cpu, 248->248->115 MB, 252 MB goal, 0 MB stacks, 0 MB globals, 20 P
gc 1869 @103.122s 0%: 0.024+5.0+0.006 ms clock, 0.49+0/5.8/0+0.13 ms cpu, 230->230->119 MB, 230 MB goal, 0 MB stacks, 0 MB globals, 20 P
gc 1870 @103.141s 0%: 0.054+5.2+0.003 ms clock, 1.0+0/5.5/0+0.069 ms cpu, 234->234->125 MB, 238 MB goal, 0 MB stacks, 0 MB globals, 20 P
gc 1871 @103.166s 0%: 0.022+0.68+0.007 ms clock, 0.45+0/1.1/0.011+0.15 ms cpu, 250->250->115 MB, 251 MB goal, 0 MB stacks, 0 MB globals, 20 P
gc 1872 @103.189s 0%: 0.024+1.1+0.007 ms clock, 0.48+0/1.5/0.005+0.14 ms cpu, 227->227->119 MB, 230 MB goal, 0 MB stacks, 0 MB globals, 20 P
gc 1873 @103.210s 0%: 0.021+3.2+0.003 ms clock, 0.43+0/3.8/0+0.078 ms cpu, 250->250->127 MB, 250 MB goal, 0 MB stacks, 0 MB globals, 20 P
gc 1874 @103.239s 0%: 0.034+1.5+0.006 ms clock, 0.68+0/1.7/0.016+0.13 ms cpu, 256->256->118 MB, 256 MB goal, 0 MB stacks, 0 MB globals, 20 P
gc 1875 @103.255s 0%: 0.022+3.8+0.003 ms clock, 0.45+0/4.7/0.013+0.072 ms cpu, 233->233->122 MB, 236 MB goal, 0 MB stacks, 0 MB globals, 20 P
gc 1876 @103.276s 0%: 0.026+0.50+0.016 ms clock, 0.53+0/1.1/0+0.33 ms cpu, 245->245->140 MB, 245 MB goal, 0 MB stacks, 0 MB globals, 20 P
gc 1877 @103.301s 0%: 0.020+5.2+0.003 ms clock, 0.40+0/5.4/0+0.070 ms cpu, 277->277->120 MB, 280 MB goal, 0 MB stacks, 0 MB globals, 20 P
gc 1878 @103.329s 0%: 0.025+1.8+0.006 ms clock, 0.51+0/2.5/0.16+0.12 ms cpu, 240->240->108 MB, 241 MB goal, 0 MB stacks, 0 MB globals, 20 P
gc 1879 @103.345s 0%: 0.026+2.8+0.007 ms clock, 0.53+0/3.5/0.028+0.14 ms cpu, 215->215->113 MB, 216 MB goal, 0 MB stacks, 0 MB globals, 20 P
gc 1880 @103.373s 0%: 0.020+0.53+0.004 ms clock, 0.40+0/0.82/0+0.091 ms cpu, 224->224->101 MB, 227 MB goal, 0 MB stacks, 0 MB globals, 20 P
gc 1881 @103.391s 0%: 0.026+4.9+0.007 ms clock, 0.53+0/5.4/0+0.15 ms cpu, 202->202->105 MB, 203 MB goal, 0 MB stacks, 0 MB globals, 20 P
gc 1882 @103.416s 0%: 0.032+0.57+0.018 ms clock, 0.64+0/1.4/0+0.37 ms cpu, 213->213->118 MB, 213 MB goal, 0 MB stacks, 0 MB globals, 20 P
gc 1883 @103.449s 0%: 0.021+3.5+0.003 ms clock, 0.42+0/3.9/0+0.065 ms cpu, 242->242->98 MB, 242 MB goal, 0 MB stacks, 0 MB globals, 20 P
gc 1884 @103.466s 0%: 0.019+0.48+0.005 ms clock, 0.39+0/0.75/0+0.10 ms cpu, 195->195->111 MB, 197 MB goal, 0 MB stacks, 0 MB globals, 20 P
gc 1885 @103.484s 0%: 0.019+0.78+0.003 ms clock, 0.38+0/1.0/0.004+0.074 ms cpu, 225->225->96 MB, 225 MB goal, 0 MB stacks, 0 MB globals, 20 P
gc 1886 @103.497s 0%: 0.023+1.5+0.005 ms clock, 0.47+0/2.2/0+0.11 ms cpu, 192->192->100 MB, 193 MB goal, 0 MB stacks, 0 MB globals, 20 P
gc 1887 @103.521s 0%: 0.025+1.7+0.005 ms clock, 0.50+0/2.4/0+0.11 ms cpu, 198->198->91 MB, 202 MB goal, 0 MB stacks, 0 MB globals, 20 P
gc 1888 @103.537s 0%: 0.027+2.3+0.006 ms clock, 0.54+0/3.3/0.074+0.12 ms cpu, 183->183->94 MB, 183 MB goal, 0 MB stacks, 0 MB globals, 20 P
gc 1889 @103.558s 0%: 0.038+4.3+0.005 ms clock, 0.76+0/5.3/0.18+0.10 ms cpu, 186->186->98 MB, 190 MB goal, 0 MB stacks, 0 MB globals, 20 P
gc 1890 @103.580s 0%: 0.025+0.48+0.017 ms clock, 0.50+0/1.1/0+0.35 ms cpu, 195->195->111 MB, 197 MB goal, 0 MB stacks, 0 MB globals, 20 P
gc 1891 @103.602s 0%: 0.025+5.0+0.005 ms clock, 0.50+0/5.9/0.096+0.11 ms cpu, 225->225->96 MB, 225 MB goal, 0 MB stacks, 0 MB globals, 20 P
gc 1892 @103.620s 0%: 0.023+1.3+0.005 ms clock, 0.47+0/2.0/0.029+0.11 ms cpu, 192->192->101 MB, 193 MB goal, 0 MB stacks, 0 MB globals, 20 P
gc 1893 @103.646s 0%: 0.018+1.5+0.006 ms clock, 0.37+0.036/0.74/0+0.12 ms cpu, 198->202->94 MB, 202 MB goal, 0 MB stacks, 0 MB globals, 20 P
gc 1894 @103.662s 0%: 0.025+3.4+0.006 ms clock, 0.50+0/4.3/0.032+0.13 ms cpu, 191->191->96 MB, 192 MB goal, 0 MB stacks, 0 MB globals, 20 P
gc 1895 @103.681s 0%: 0.017+1.1+0.002 ms clock, 0.34+0/1.2/0+0.056 ms cpu, 192->192->101 MB, 193 MB goal, 0 MB stacks, 0 MB globals, 20 P
gc 1896 @103.701s 0%: 0.018+0.66+0.003 ms clock, 0.36+0.048/0.61/0+0.075 ms cpu, 198->201->94 MB, 202 MB goal, 0 MB stacks, 0 MB globals, 20 P
gc 1897 @103.717s 0%: 0.017+0.73+0.018 ms clock, 0.35+0/1.3/0.001+0.36 ms cpu, 191->191->96 MB, 191 MB goal, 0 MB stacks, 0 MB globals, 20 P
gc 1898 @103.728s 0%: 0.016+1.0+0.003 ms clock, 0.33+0/1.4/0+0.066 ms cpu, 192->192->100 MB, 193 MB goal, 0 MB stacks, 0 MB globals, 20 P
gc 1899 @103.740s 0%: 0.018+7.0+0.005 ms clock, 0.36+0/7.2/0+0.11 ms cpu, 211->211->109 MB, 211 MB goal, 0 MB stacks, 0 MB globals, 20 P
gc 1900 @103.760s 0%: 0.017+1.1+0.002 ms clock, 0.34+0/1.2/0+0.059 ms cpu, 218->218->113 MB, 218 MB goal, 0 MB stacks, 0 MB globals, 20 P
gc 1901 @103.778s 0%: 0.021+0.53+0.006 ms clock, 0.42+0/0.89/0.046+0.12 ms cpu, 222->222->105 MB, 226 MB goal, 0 MB stacks, 0 MB globals, 20 P
gc 1902 @103.791s 0%: 0.022+1.1+0.006 ms clock, 0.45+0/1.2/0.002+0.13 ms cpu, 216->216->113 MB, 216 MB goal, 0 MB stacks, 0 MB globals, 20 P
gc 1903 @103.808s 0%: 0.025+0.80+0.007 ms clock, 0.51+0/1.5/0+0.14 ms cpu, 223->223->105 MB, 226 MB goal, 0 MB stacks, 0 MB globals, 20 P
gc 1904 @103.824s 0%: 0.024+9.0+0.007 ms clock, 0.49+0/9.7/0.012+0.15 ms cpu, 216->216->113 MB, 216 MB goal, 0 MB stacks, 0 MB globals, 20 P
gc 1905 @103.855s 0%: 0.016+0.64+0.005 ms clock, 0.33+0/0.76/0+0.11 ms cpu, 223->223->93 MB, 226 MB goal, 0 MB stacks, 0 MB globals, 20 P
gc 1906 @103.869s 0%: 0.020+1.6+0.003 ms clock, 0.40+0/2.1/0.012+0.071 ms cpu, 191->191->98 MB, 191 MB goal, 0 MB stacks, 0 MB globals, 20 P
gc 1907 @103.884s 0%: 0.018+4.1+0.003 ms clock, 0.36+0/4.8/0.005+0.063 ms cpu, 200->200->104 MB, 200 MB goal, 0 MB stacks, 0 MB globals, 20 P
gc 1908 @103.915s 0%: 0.035+0.74+0.010 ms clock, 0.70+0/1.3/0+0.21 ms cpu, 204->204->94 MB, 208 MB goal, 0 MB stacks, 0 MB globals, 20 P
gc 1909 @103.944s 0%: 0.017+1.0+0.003 ms clock, 0.34+0/1.4/0.010+0.068 ms cpu, 187->187->97 MB, 188 MB goal, 0 MB stacks, 0 MB globals, 20 P
gc 1910 @103.960s 0%: 0.020+0.64+0.004 ms clock, 0.40+0/1.1/0.054+0.090 ms cpu, 193->193->101 MB, 195 MB goal, 0 MB stacks, 0 MB globals, 20 P
gc 1911 @103.974s 0%: 0.016+0.66+0.004 ms clock, 0.32+0/0.82/0.014+0.094 ms cpu, 203->203->106 MB, 203 MB goal, 0 MB stacks, 0 MB globals, 20 P
gc 1912 @103.995s 0%: 0.018+3.6+0.005 ms clock, 0.36+0/3.8/0.001+0.10 ms cpu, 213->213->112 MB, 213 MB goal, 0 MB stacks, 0 MB globals, 20 P
gc 1913 @104.015s 0%: 0.022+5.9+0.005 ms clock, 0.45+0/6.5/0.038+0.11 ms cpu, 227->227->119 MB, 227 MB goal, 0 MB stacks, 0 MB globals, 20 P
gc 1914 @104.038s 0%: 0.019+0.47+0.014 ms clock, 0.39+0/0.99/0+0.29 ms cpu, 242->242->140 MB, 242 MB goal, 0 MB stacks, 0 MB globals, 20 P
gc 1915 @104.065s 0%: 0.021+3.6+0.003 ms clock, 0.42+0/3.8/0+0.072 ms cpu, 282->282->123 MB, 283 MB goal, 0 MB stacks, 0 MB globals, 20 P
gc 1916 @104.086s 0%: 0.023+1.7+0.017 ms clock, 0.46+0/1.9/0+0.34 ms cpu, 244->244->129 MB, 247 MB goal, 0 MB stacks, 0 MB globals, 20 P
gc 1917 @104.113s 0%: 0.029+1.1+0.006 ms clock, 0.58+0/1.8/0+0.12 ms cpu, 257->257->119 MB, 258 MB goal, 0 MB stacks, 0 MB globals, 20 P
gc 1918 @104.133s 0%: 0.030+3.4+0.005 ms clock, 0.61+0/4.1/0+0.10 ms cpu, 234->234->123 MB, 238 MB goal, 0 MB stacks, 0 MB globals, 20 P
gc 1919 @104.156s 0%: 0.031+0.67+0.053 ms clock, 0.62+0/1.3/0+1.0 ms cpu, 246->246->140 MB, 247 MB goal, 0 MB stacks, 0 MB globals, 20 P
gc 1920 @104.189s 0%: 0.026+5.8+0.004 ms clock, 0.53+0/6.2/0.004+0.089 ms cpu, 282->282->120 MB, 282 MB goal, 0 MB stacks, 0 MB globals, 20 P
gc 1921 @104.223s 0%: 0.016+0.50+0.003 ms clock, 0.33+0.10/0.68/0+0.066 ms cpu, 240->240->113 MB, 241 MB goal, 0 MB stacks, 0 MB globals, 20 P
gc 1922 @104.237s 0%: 0.018+2.8+0.004 ms clock, 0.36+0/3.1/0+0.098 ms cpu, 230->230->120 MB, 230 MB goal, 0 MB stacks, 0 MB globals, 20 P
gc 1923 @104.262s 0%: 0.018+1.1+0.005 ms clock, 0.36+0/1.3/0+0.11 ms cpu, 238->238->108 MB, 240 MB goal, 0 MB stacks, 0 MB globals, 20 P
gc 1924 @104.282s 0%: 0.034+1.0+0.007 ms clock, 0.69+0/1.9/0+0.15 ms cpu, 220->220->112 MB, 220 MB goal, 0 MB stacks, 0 MB globals, 20 P
gc 1925 @104.298s 0%: 0.020+4.3+0.005 ms clock, 0.40+0/4.4/0.014+0.11 ms cpu, 223->223->115 MB, 224 MB goal, 0 MB stacks, 0 MB globals, 20 P
gc 1926 @104.319s 0%: 0.018+5.6+0.005 ms clock, 0.36+0/5.7/0+0.10 ms cpu, 237->237->122 MB, 237 MB goal, 0 MB stacks, 0 MB globals, 20 P
gc 1927 @104.348s 0%: 0.020+0.55+0.005 ms clock, 0.41+0.044/0.88/0+0.10 ms cpu, 242->242->112 MB, 245 MB goal, 0 MB stacks, 0 MB globals, 20 P
gc 1928 @104.370s 0%: 0.028+3.6+0.005 ms clock, 0.57+0/4.3/0.20+0.11 ms cpu, 224->224->118 MB, 226 MB goal, 0 MB stacks, 0 MB globals, 20 P
gc 1929 @104.394s 0%: 0.031+5.5+0.006 ms clock, 0.63+0/6.2/0.073+0.13 ms cpu, 241->241->126 MB, 241 MB goal, 0 MB stacks, 0 MB globals, 20 P
gc 1930 @104.430s 0%: 0.028+0.31+0.010 ms clock, 0.57+0.13/0.71/0+0.20 ms cpu, 248->249->113 MB, 252 MB goal, 0 MB stacks, 0 MB globals, 20 P
gc 1931 @104.450s 0%: 0.023+1.0+0.007 ms clock, 0.47+0/1.5/0.009+0.14 ms cpu, 225->225->116 MB, 227 MB goal, 0 MB stacks, 0 MB globals, 20 P
gc 1932 @104.476s 0%: 0.030+4.3+0.004 ms clock, 0.60+0/5.0/0.052+0.082 ms cpu, 238->238->122 MB, 238 MB goal, 0 MB stacks, 0 MB globals, 20 P
gc 1933 @104.502s 0%: 0.019+0.36+0.005 ms clock, 0.38+0.065/0.72/0+0.10 ms cpu, 240->241->110 MB, 244 MB goal, 0 MB stacks, 0 MB globals, 20 P
gc 1934 @104.519s 0%: 0.016+1.3+0.005 ms clock, 0.32+0/1.7/0+0.11 ms cpu, 221->221->115 MB, 221 MB goal, 0 MB stacks, 0 MB globals, 20 P
gc 1935 @104.540s 0%: 0.022+0.60+0.10 ms clock, 0.45+0.032/0.70/0+2.1 ms cpu, 226->228->105 MB, 230 MB goal, 0 MB stacks, 0 MB globals, 20 P
gc 1936 @104.555s 0%: 0.017+0.57+0.004 ms clock, 0.34+0.068/0.81/0.045+0.096 ms cpu, 208->211->109 MB, 212 MB goal, 0 MB stacks, 0 MB globals, 20 P
gc 1937 @104.571s 0%: 0.019+1.6+0.007 ms clock, 0.38+0/1.9/0.035+0.15 ms cpu, 218->218->111 MB, 220 MB goal, 0 MB stacks, 0 MB globals, 20 P
gc 1938 @104.599s 0%: 0.030+7.1+0.007 ms clock, 0.61+0/7.8/0.017+0.15 ms cpu, 221->221->115 MB, 222 MB goal, 0 MB stacks, 0 MB globals, 20 P
gc 1939 @104.630s 0%: 0.029+9.5+0.003 ms clock, 0.59+0/10/0.055+0.071 ms cpu, 236->236->122 MB, 236 MB goal, 0 MB stacks, 0 MB globals, 20 P
gc 1940 @104.663s 0%: 0.018+0.76+0.006 ms clock, 0.37+0.16/0.58/0+0.12 ms cpu, 242->245->116 MB, 245 MB goal, 0 MB stacks, 0 MB globals, 20 P
gc 1941 @104.682s 0%: 0.026+2.9+0.005 ms clock, 0.53+0/3.6/0.010+0.11 ms cpu, 232->232->119 MB, 232 MB goal, 0 MB stacks, 0 MB globals, 20 P
gc 1942 @104.709s 0%: 0.026+3.8+0.003 ms clock, 0.53+0/4.5/0+0.072 ms cpu, 250->250->129 MB, 250 MB goal, 0 MB stacks, 0 MB globals, 20 P
gc 1943 @104.737s 0%: 0.029+0.89+0.005 ms clock, 0.58+0/1.1/0+0.10 ms cpu, 256->256->117 MB, 258 MB goal, 0 MB stacks, 0 MB globals, 20 P
gc 1944 @104.753s 0%: 0.018+0.87+0.054 ms clock, 0.36+0/1.2/0+1.0 ms cpu, 239->239->123 MB, 239 MB goal, 0 MB stacks, 0 MB globals, 20 P
gc 1945 @104.776s 0%: 0.032+0.51+0.006 ms clock, 0.64+0.18/0.68/0+0.12 ms cpu, 243->244->112 MB, 247 MB goal, 0 MB stacks, 0 MB globals, 20 P
gc 1946 @104.791s 0%: 0.019+0.73+0.004 ms clock, 0.38+0/1.3/0+0.080 ms cpu, 223->223->117 MB, 225 MB goal, 0 MB stacks, 0 MB globals, 20 P
gc 1947 @104.808s 0%: 0.026+4.4+0.005 ms clock, 0.52+0/4.7/0+0.11 ms cpu, 232->232->121 MB, 235 MB goal, 0 MB stacks, 0 MB globals, 20 P
gc 1948 @104.829s 0%: 0.020+0.60+0.016 ms clock, 0.40+0/0.96/0+0.32 ms cpu, 244->244->138 MB, 244 MB goal, 0 MB stacks, 0 MB globals, 20 P
gc 1949 @104.854s 0%: 0.017+2.8+0.005 ms clock, 0.34+0/3.2/0+0.11 ms cpu, 281->281->119 MB, 281 MB goal, 0 MB stacks, 0 MB globals, 20 P
gc 1950 @104.874s 0%: 0.022+2.4+0.003 ms clock, 0.45+0/2.8/0+0.072 ms cpu, 240->240->126 MB, 240 MB goal, 0 MB stacks, 0 MB globals, 20 P
gc 1951 @104.899s 0%: 0.024+0.80+0.008 ms clock, 0.49+0/1.3/0.008+0.16 ms cpu, 252->252->116 MB, 253 MB goal, 0 MB stacks, 0 MB globals, 20 P
gc 1952 @104.922s 0%: 0.028+1.2+0.005 ms clock, 0.57+0/1.9/0+0.10 ms cpu, 237->237->121 MB, 237 MB goal, 0 MB stacks, 0 MB globals, 20 P
gc 1953 @104.952s 0%: 0.019+0.58+0.004 ms clock, 0.39+0/0.82/0+0.089 ms cpu, 242->242->112 MB, 243 MB goal, 0 MB stacks, 0 MB globals, 20 P
gc 1954 @104.975s 0%: 0.025+1.0+0.088 ms clock, 0.51+0/1.7/0+1.7 ms cpu, 224->224->116 MB, 224 MB goal, 0 MB stacks, 0 MB globals, 20 P
gc 1955 @104.999s 0%: 0.028+7.6+0.004 ms clock, 0.56+0/8.1/0+0.097 ms cpu, 231->231->120 MB, 233 MB goal, 0 MB stacks, 0 MB globals, 20 P
gc 1956 @105.028s 0%: 0.028+0.60+0.015 ms clock, 0.56+0/1.2/0.025+0.31 ms cpu, 243->243->137 MB, 243 MB goal, 0 MB stacks, 0 MB globals, 20 P
gc 1957 @105.062s 0%: 0.018+3.6+0.003 ms clock, 0.36+0/3.8/0+0.061 ms cpu, 280->280->118 MB, 280 MB goal, 0 MB stacks, 0 MB globals, 20 P
gc 1958 @105.093s 0%: 0.019+2.5+0.003 ms clock, 0.38+0/2.7/0+0.072 ms cpu, 240->240->126 MB, 240 MB goal, 0 MB stacks, 0 MB globals, 20 P
gc 1959 @105.116s 0%: 0.017+0.50+0.004 ms clock, 0.34+0.023/0.81/0.014+0.087 ms cpu, 249->249->116 MB, 252 MB goal, 0 MB stacks, 0 MB globals, 20 P
gc 1960 @105.132s 0%: 0.020+1.3+0.004 ms clock, 0.40+0/1.8/0+0.080 ms cpu, 233->233->121 MB, 233 MB goal, 0 MB stacks, 0 MB globals, 20 P
gc 1961 @105.150s 0%: 0.023+5.8+0.004 ms clock, 0.46+0/6.0/0+0.081 ms cpu, 252->252->129 MB, 252 MB goal, 0 MB stacks, 0 MB globals, 20 P
gc 1962 @105.180s 0%: 0.028+0.67+0.006 ms clock, 0.57+0/1.5/0.051+0.13 ms cpu, 259->259->117 MB, 259 MB goal, 0 MB stacks, 0 MB globals, 20 P
gc 1963 @105.202s 0%: 0.028+4.1+0.003 ms clock, 0.56+0/4.8/0.052+0.066 ms cpu, 232->232->120 MB, 234 MB goal, 0 MB stacks, 0 MB globals, 20 P
gc 1964 @105.232s 0%: 0.020+0.37+0.006 ms clock, 0.41+0.083/0.68/0+0.12 ms cpu, 237->238->108 MB, 241 MB goal, 0 MB stacks, 0 MB globals, 20 P
gc 1965 @105.245s 0%: 0.018+0.72+0.016 ms clock, 0.36+0/1.1/0+0.33 ms cpu, 213->213->112 MB, 217 MB goal, 0 MB stacks, 0 MB globals, 20 P
gc 1966 @105.259s 0%: 0.025+2.3+0.003 ms clock, 0.50+0/2.3/0+0.079 ms cpu, 233->233->119 MB, 233 MB goal, 0 MB stacks, 0 MB globals, 20 P
gc 1967 @105.289s 0%: 0.020+0.60+0.006 ms clock, 0.40+0.15/0.56/0+0.12 ms cpu, 236->239->109 MB, 240 MB goal, 0 MB stacks, 0 MB globals, 20 P
gc 1968 @105.302s 0%: 0.022+0.57+0.003 ms clock, 0.45+0/1.0/0+0.069 ms cpu, 221->221->112 MB, 221 MB goal, 0 MB stacks, 0 MB globals, 20 P
gc 1969 @105.323s 0%: 0.021+5.0+0.006 ms clock, 0.42+0/5.4/0+0.13 ms cpu, 222->222->117 MB, 224 MB goal, 0 MB stacks, 0 MB globals, 20 P
gc 1970 @105.350s 0%: 0.028+6.7+0.004 ms clock, 0.57+0/6.9/0.032+0.088 ms cpu, 238->238->124 MB, 238 MB goal, 0 MB stacks, 0 MB globals, 20 P
gc 1971 @105.378s 0%: 0.026+0.63+0.007 ms clock, 0.52+0.036/1.3/0.041+0.15 ms cpu, 244->244->112 MB, 248 MB goal, 0 MB stacks, 0 MB globals, 20 P
gc 1972 @105.406s 0%: 0.027+5.6+0.006 ms clock, 0.55+0/6.4/0.028+0.13 ms cpu, 227->227->118 MB, 227 MB goal, 0 MB stacks, 0 MB globals, 20 P
gc 1973 @105.437s 0%: 0.018+0.46+0.11 ms clock, 0.37+0.089/0.59/0+2.2 ms cpu, 232->236->111 MB, 236 MB goal, 0 MB stacks, 0 MB globals, 20 P
gc 1974 @105.461s 0%: 0.027+3.8+0.007 ms clock, 0.55+0/4.7/0+0.14 ms cpu, 221->221->112 MB, 223 MB goal, 0 MB stacks, 0 MB globals, 20 P
gc 1975 @105.481s 0%: 0.020+1.9+0.004 ms clock, 0.41+0/2.2/0+0.095 ms cpu, 228->228->116 MB, 229 MB goal, 0 MB stacks, 0 MB globals, 20 P
gc 1976 @105.498s 0%: 0.021+4.9+0.004 ms clock, 0.42+0/5.1/0+0.080 ms cpu, 237->237->122 MB, 237 MB goal, 0 MB stacks, 0 MB globals, 20 P
gc 1977 @105.528s 0%: 0.019+0.57+0.005 ms clock, 0.38+0.13/0.75/0+0.11 ms cpu, 242->242->111 MB, 245 MB goal, 0 MB stacks, 0 MB globals, 20 P
gc 1978 @105.547s 0%: 0.019+0.59+0.006 ms clock, 0.38+0/1.0/0+0.12 ms cpu, 223->223->116 MB, 223 MB goal, 0 MB stacks, 0 MB globals, 20 P
gc 1979 @105.567s 0%: 0.031+4.3+0.008 ms clock, 0.63+0/5.2/0.25+0.17 ms cpu, 239->239->124 MB, 239 MB goal, 0 MB stacks, 0 MB globals, 20 P
gc 1980 @105.595s 0%: 0.024+0.53+0.011 ms clock, 0.48+0/1.0/0.026+0.23 ms cpu, 246->246->143 MB, 249 MB goal, 0 MB stacks, 0 MB globals, 20 P
gc 1981 @105.638s 0%: 0.024+0.58+0.007 ms clock, 0.49+0/0.70/0+0.15 ms cpu, 293->293->136 MB, 293 MB goal, 0 MB stacks, 0 MB globals, 20 P
gc 1982 @105.666s 0%: 0.029+1.1+0.008 ms clock, 0.59+0/2.0/0+0.17 ms cpu, 269->269->118 MB, 273 MB goal, 0 MB stacks, 0 MB globals, 20 P
gc 1983 @105.693s 0%: 0.030+1.7+0.006 ms clock, 0.61+0/2.5/0+0.13 ms cpu, 233->233->122 MB, 236 MB goal, 0 MB stacks, 0 MB globals, 20 P
gc 1984 @105.722s 0%: 0.024+0.64+0.011 ms clock, 0.49+0/0.99/0+0.22 ms cpu, 244->244->139 MB, 245 MB goal, 0 MB stacks, 0 MB globals, 20 P
gc 1985 @105.757s 0%: 0.020+3.7+0.006 ms clock, 0.40+0/3.8/0+0.12 ms cpu, 282->282->119 MB, 282 MB goal, 0 MB stacks, 0 MB globals, 20 P
gc 1986 @105.777s 0%: 0.023+2.7+0.004 ms clock, 0.47+0/3.5/0.068+0.098 ms cpu, 240->240->125 MB, 240 MB goal, 0 MB stacks, 0 MB globals, 20 P
gc 1987 @105.814s 0%: 0.029+2.3+0.006 ms clock, 0.58+0/3.0/0+0.12 ms cpu, 248->248->116 MB, 251 MB goal, 0 MB stacks, 0 MB globals, 20 P
gc 1988 @105.834s 0%: 0.021+0.80+0.005 ms clock, 0.42+0/1.2/0.003+0.11 ms cpu, 232->232->120 MB, 233 MB goal, 0 MB stacks, 0 MB globals, 20 P
gc 1989 @105.855s 0%: 0.020+6.4+0.007 ms clock, 0.40+0/7.1/0.025+0.15 ms cpu, 251->251->128 MB, 251 MB goal, 0 MB stacks, 0 MB globals, 20 P
gc 1990 @105.898s 0%: 0.030+1.1+0.007 ms clock, 0.61+0/1.9/0.030+0.15 ms cpu, 257->257->119 MB, 257 MB goal, 0 MB stacks, 0 MB globals, 20 P
gc 1991 @105.925s 0%: 0.029+0.56+0.005 ms clock, 0.58+0.10/0.83/0.026+0.11 ms cpu, 234->236->110 MB, 239 MB goal, 0 MB stacks, 0 MB globals, 20 P
gc 1992 @105.942s 0%: 0.021+1.6+0.003 ms clock, 0.43+0/2.3/0.030+0.065 ms cpu, 219->219->114 MB, 221 MB goal, 0 MB stacks, 0 MB globals, 20 P
gc 1993 @105.966s 0%: 0.024+1.3+0.004 ms clock, 0.49+0/1.7/0+0.095 ms cpu, 229->229->118 MB, 229 MB goal, 0 MB stacks, 0 MB globals, 20 P
gc 1994 @105.989s 0%: 0.021+0.56+0.015 ms clock, 0.42+0/0.86/0+0.31 ms cpu, 240->240->136 MB, 241 MB goal, 0 MB stacks, 0 MB globals, 20 P
gc 1995 @106.011s 0%: 0.021+0.73+0.003 ms clock, 0.42+0/1.2/0.012+0.075 ms cpu, 269->269->118 MB, 273 MB goal, 0 MB stacks, 0 MB globals, 20 P
gc 1996 @106.029s 0%: 0.018+1.8+0.003 ms clock, 0.37+0/2.1/0+0.074 ms cpu, 233->233->124 MB, 236 MB goal, 0 MB stacks, 0 MB globals, 20 P
gc 1997 @106.057s 0%: 0.025+0.48+0.014 ms clock, 0.50+0/0.85/0+0.28 ms cpu, 246->246->143 MB, 249 MB goal, 0 MB stacks, 0 MB globals, 20 P
gc 1998 @106.080s 0%: 0.019+3.5+0.004 ms clock, 0.38+0/3.8/0+0.085 ms cpu, 286->286->123 MB, 286 MB goal, 0 MB stacks, 0 MB globals, 20 P
gc 1999 @106.098s 0%: 0.019+1.4+0.005 ms clock, 0.39+0/1.6/0+0.11 ms cpu, 244->244->129 MB, 247 MB goal, 0 MB stacks, 0 MB globals, 20 P
gc 2000 @106.123s 0%: 0.024+0.77+0.006 ms clock, 0.48+0/1.3/0.007+0.12 ms cpu, 254->254->116 MB, 258 MB goal, 0 MB stacks, 0 MB globals, 20 P
gc 2001 @106.139s 0%: 0.018+0.89+0.004 ms clock, 0.36+0/1.2/0.006+0.080 ms cpu, 228->228->119 MB, 232 MB goal, 0 MB stacks, 0 MB globals, 20 P
gc 2002 @106.163s 0%: 0.022+0.42+0.008 ms clock, 0.44+0/0.77/0+0.16 ms cpu, 246->246->138 MB, 246 MB goal, 0 MB stacks, 0 MB globals, 20 P
gc 2003 @106.181s 0%: 0.021+4.5+0.003 ms clock, 0.43+0/4.6/0.001+0.078 ms cpu, 276->276->119 MB, 277 MB goal, 0 MB stacks, 0 MB globals, 20 P
gc 2004 @106.211s 0%: 0.019+0.50+0.003 ms clock, 0.38+0.078/0.78/0+0.074 ms cpu, 237->237->108 MB, 239 MB goal, 0 MB stacks, 0 MB globals, 20 P
gc 2005 @106.233s 0%: 0.018+1.7+0.006 ms clock, 0.37+0/2.0/0+0.12 ms cpu, 213->213->111 MB, 216 MB goal, 0 MB stacks, 0 MB globals, 20 P
gc 2006 @106.253s 0%: 0.033+5.5+0.004 ms clock, 0.66+0/6.3/0.019+0.094 ms cpu, 228->228->117 MB, 228 MB goal, 0 MB stacks, 0 MB globals, 20 P
gc 2007 @106.284s 0%: 0.024+0.54+0.008 ms clock, 0.48+0/0.87/0+0.17 ms cpu, 235->235->132 MB, 235 MB goal, 0 MB stacks, 0 MB globals, 20 P
gc 2008 @106.320s 0%: 0.019+3.0+0.003 ms clock, 0.38+0/3.2/0.001+0.073 ms cpu, 264->264->116 MB, 264 MB goal, 0 MB stacks, 0 MB globals, 20 P
gc 2009 @106.342s 0%: 0.029+1.8+0.010 ms clock, 0.59+0/2.7/0.047+0.20 ms cpu, 231->231->121 MB, 233 MB goal, 0 MB stacks, 0 MB globals, 20 P
gc 2010 @106.365s 0%: 0.022+0.47+0.006 ms clock, 0.44+0/0.85/0+0.13 ms cpu, 243->243->138 MB, 243 MB goal, 0 MB stacks, 0 MB globals, 20 P
gc 2011 @106.388s 0%: 0.019+3.8+0.005 ms clock, 0.38+0/4.1/0+0.10 ms cpu, 280->280->120 MB, 280 MB goal, 0 MB stacks, 0 MB globals, 20 P
gc 2012 @106.408s 0%: 0.020+1.4+0.003 ms clock, 0.41+0/1.5/0.002+0.075 ms cpu, 241->241->127 MB, 241 MB goal, 0 MB stacks, 0 MB globals, 20 P
gc 2013 @106.435s 0%: 0.021+0.51+0.005 ms clock, 0.43+0/0.92/0+0.10 ms cpu, 254->254->117 MB, 255 MB goal, 0 MB stacks, 0 MB globals, 20 P
gc 2014 @106.460s 0%: 0.041+3.5+0.008 ms clock, 0.82+0/4.3/0+0.16 ms cpu, 239->239->123 MB, 239 MB goal, 0 MB stacks, 0 MB globals, 20 P
gc 2015 @106.493s 0%: 0.029+0.43+0.004 ms clock, 0.58+0.15/0.79/0+0.093 ms cpu, 243->243->112 MB, 247 MB goal, 0 MB stacks, 0 MB globals, 20 P
gc 2016 @106.508s 0%: 0.023+0.65+0.007 ms clock, 0.46+0/1.2/0+0.15 ms cpu, 221->221->114 MB, 225 MB goal, 0 MB stacks, 0 MB globals, 20 P
gc 2017 @106.534s 0%: 0.025+1.9+0.004 ms clock, 0.51+0/2.4/0+0.096 ms cpu, 231->231->121 MB, 231 MB goal, 0 MB stacks, 0 MB globals, 20 P
gc 2018 @106.563s 0%: 0.035+0.89+0.007 ms clock, 0.70+0/1.6/0.050+0.15 ms cpu, 240->240->111 MB, 242 MB goal, 0 MB stacks, 0 MB globals, 20 P
gc 2019 @106.578s 0%: 0.18+2.4+0.006 ms clock, 3.6+0/3.3/0+0.13 ms cpu, 222->222->115 MB, 223 MB goal, 0 MB stacks, 0 MB globals, 20 P
gc 2020 @106.599s 0%: 0.028+8.8+0.004 ms clock, 0.57+0/9.1/0+0.080 ms cpu, 236->236->121 MB, 236 MB goal, 0 MB stacks, 0 MB globals, 20 P
gc 2021 @106.636s 0%: 0.032+0.61+0.006 ms clock, 0.64+0/1.0/0+0.12 ms cpu, 238->238->109 MB, 242 MB goal, 0 MB stacks, 0 MB globals, 20 P
gc 2022 @106.651s 0%: 0.017+2.0+0.003 ms clock, 0.34+0/2.2/0+0.064 ms cpu, 216->216->113 MB, 218 MB goal, 0 MB stacks, 0 MB globals, 20 P
gc 2023 @106.672s 0%: 0.018+0.91+0.015 ms clock, 0.36+0/1.3/0+0.30 ms cpu, 230->230->120 MB, 230 MB goal, 0 MB stacks, 0 MB globals, 20 P
gc 2024 @106.687s 0%: 0.020+5.4+0.003 ms clock, 0.40+0/5.7/0.001+0.072 ms cpu, 241->241->127 MB, 241 MB goal, 0 MB stacks, 0 MB globals, 20 P
gc 2025 @106.713s 0%: 0.017+0.44+0.003 ms clock, 0.35+0/0.76/0+0.079 ms cpu, 254->254->117 MB, 255 MB goal, 0 MB stacks, 0 MB globals, 20 P
gc 2026 @106.730s 0%: 0.027+1.2+0.006 ms clock, 0.55+0/1.9/0.031+0.12 ms cpu, 238->238->122 MB, 238 MB goal, 0 MB stacks, 0 MB globals, 20 P
gc 2027 @106.763s 0%: 0.028+0.69+0.007 ms clock, 0.56+0.11/1.1/0+0.15 ms cpu, 242->244->111 MB, 245 MB goal, 0 MB stacks, 0 MB globals, 20 P
gc 2028 @106.782s 0%: 0.020+0.91+0.007 ms clock, 0.41+0/1.2/0+0.14 ms cpu, 223->223->113 MB, 223 MB goal, 0 MB stacks, 0 MB globals, 20 P
gc 2029 @106.807s 0%: 0.030+6.6+0.004 ms clock, 0.61+0/7.4/0.10+0.092 ms cpu, 225->225->118 MB, 226 MB goal, 0 MB stacks, 0 MB globals, 20 P
gc 2030 @106.844s 0%: 0.026+0.73+0.006 ms clock, 0.53+0/1.4/0+0.12 ms cpu, 238->238->109 MB, 238 MB goal, 0 MB stacks, 0 MB globals, 20 P
gc 2031 @106.860s 0%: 0.025+2.0+0.003 ms clock, 0.51+0/2.8/0.010+0.079 ms cpu, 220->220->113 MB, 220 MB goal, 0 MB stacks, 0 MB globals, 20 P
gc 2032 @106.880s 0%: 0.029+2.1+0.006 ms clock, 0.59+0/2.9/0.10+0.13 ms cpu, 234->234->119 MB, 234 MB goal, 0 MB stacks, 0 MB globals, 20 P
gc 2033 @106.913s 0%: 0.019+0.55+0.005 ms clock, 0.38+0.009/0.77/0.002+0.10 ms cpu, 236->239->111 MB, 239 MB goal, 0 MB stacks, 0 MB globals, 20 P
gc 2034 @106.941s 0%: 0.028+1.1+0.007 ms clock, 0.57+0/1.6/0+0.14 ms cpu, 223->223->114 MB, 223 MB goal, 0 MB stacks, 0 MB globals, 20 P
gc 2035 @106.962s 0%: 0.019+2.7+0.003 ms clock, 0.38+0/3.1/0+0.072 ms cpu, 238->238->122 MB, 238 MB goal, 0 MB stacks, 0 MB globals, 20 P
gc 2036 @106.981s 0%: 0.024+0.48+0.011 ms clock, 0.48+0/0.99/0+0.23 ms cpu, 245->245->141 MB, 246 MB goal, 0 MB stacks, 0 MB globals, 20 P
gc 2037 @107.023s 0%: 0.025+6.0+0.004 ms clock, 0.51+0/6.9/0.11+0.085 ms cpu, 284->284->123 MB, 284 MB goal, 0 MB stacks, 0 MB globals, 20 P
gc 2038 @107.049s 0%: 0.020+4.6+0.005 ms clock, 0.40+0/4.9/0+0.10 ms cpu, 244->244->129 MB, 246 MB goal, 0 MB stacks, 0 MB globals, 20 P
gc 2039 @107.082s 0%: 0.021+0.60+0.083 ms clock, 0.43+0/0.92/0+1.6 ms cpu, 256->256->117 MB, 258 MB goal, 0 MB stacks, 0 MB globals, 20 P
gc 2040 @107.101s 0%: 0.022+1.1+0.003 ms clock, 0.44+0/1.6/0+0.068 ms cpu, 239->239->122 MB, 239 MB goal, 0 MB stacks, 0 MB globals, 20 P
gc 2041 @107.116s 0%: 0.019+5.2+0.098 ms clock, 0.38+0/5.4/0+1.9 ms cpu, 242->255->140 MB, 245 MB goal, 0 MB stacks, 0 MB globals, 20 P
gc 2042 @107.150s 0%: 0.019+5.3+0.004 ms clock, 0.38+0/5.5/0+0.080 ms cpu, 278->278->121 MB, 280 MB goal, 0 MB stacks, 0 MB globals, 20 P
gc 2043 @107.172s 0%: 0.037+0.61+0.014 ms clock, 0.75+0/1.1/0+0.28 ms cpu, 243->243->138 MB, 243 MB goal, 0 MB stacks, 0 MB globals, 20 P
gc 2044 @107.220s 0%: 0.029+3.6+0.006 ms clock, 0.58+0/4.0/0+0.13 ms cpu, 271->271->116 MB, 277 MB goal, 0 MB stacks, 0 MB globals, 20 P
gc 2045 @107.249s 0%: 0.026+2.9+0.005 ms clock, 0.53+0/3.7/0.23+0.10 ms cpu, 232->232->121 MB, 233 MB goal, 0 MB stacks, 0 MB globals, 20 P
gc 2046 @107.282s 0%: 0.029+0.69+0.12 ms clock, 0.58+0.093/0.94/0+2.4 ms cpu, 230->234->112 MB, 243 MB goal, 0 MB stacks, 0 MB globals, 20 P
gc 2047 @107.299s 0%: 0.027+0.93+0.008 ms clock, 0.54+0/0.85/0.10+0.16 ms cpu, 216->221->117 MB, 225 MB goal, 0 MB stacks, 0 MB globals, 20 P
gc 2048 @107.312s 0%: 0.020+5.4+0.004 ms clock, 0.41+0/5.7/0+0.090 ms cpu, 230->230->120 MB, 236 MB goal, 0 MB stacks, 0 MB globals, 20 P
gc 2049 @107.349s 0%: 0.043+0.45+0.004 ms clock, 0.86+0/0.89/0+0.087 ms cpu, 228->229->106 MB, 240 MB goal, 0 MB stacks, 0 MB globals, 20 P
gc 2050 @107.372s 0%: 0.019+1.1+0.004 ms clock, 0.38+0/0.79/0+0.091 ms cpu, 200->202->107 MB, 213 MB goal, 0 MB stacks, 0 MB globals, 20 P
gc 2051 @107.388s 0%: 0.016+0.63+0.003 ms clock, 0.33+0.019/0.61/0+0.074 ms cpu, 204->207->110 MB, 216 MB goal, 0 MB stacks, 0 MB globals, 20 P
gc 2052 @107.405s 0%: 0.024+1.3+0.003 ms clock, 0.48+0/1.9/0.028+0.068 ms cpu, 219->219->113 MB, 220 MB goal, 0 MB stacks, 0 MB globals, 20 P
gc 2053 @107.426s 0%: 0.021+5.2+0.003 ms clock, 0.42+0/5.4/0.004+0.067 ms cpu, 234->234->120 MB, 234 MB goal, 0 MB stacks, 0 MB globals, 20 P
gc 2054 @107.452s 0%: 0.029+0.69+0.005 ms clock, 0.59+0/0.93/0+0.11 ms cpu, 238->240->113 MB, 242 MB goal, 0 MB stacks, 0 MB globals, 20 P
gc 2055 @107.467s 0%: 0.016+0.59+0.012 ms clock, 0.32+0/0.95/0.005+0.24 ms cpu, 223->223->113 MB, 226 MB goal, 0 MB stacks, 0 MB globals, 20 P
gc 2056 @107.481s 0%: 0.023+0.82+0.002 ms clock, 0.47+0/1.3/0+0.059 ms cpu, 222->222->116 MB, 227 MB goal, 0 MB stacks, 0 MB globals, 20 P
gc 2057 @107.503s 0%: 0.020+0.59+0.012 ms clock, 0.41+0/0.70/0+0.25 ms cpu, 234->234->135 MB, 234 MB goal, 0 MB stacks, 0 MB globals, 20 P
gc 2058 @107.527s 0%: 0.022+3.0+0.008 ms clock, 0.45+0/3.2/0+0.17 ms cpu, 267->267->113 MB, 271 MB goal, 0 MB stacks, 0 MB globals, 20 P
gc 2059 @107.561s 0%: 0.028+1.8+0.005 ms clock, 0.57+0/2.4/0+0.11 ms cpu, 229->229->118 MB, 229 MB goal, 0 MB stacks, 0 MB globals, 20 P
gc 2060 @107.585s 0%: 0.022+0.47+0.016 ms clock, 0.44+0/0.78/0+0.33 ms cpu, 240->240->136 MB, 240 MB goal, 0 MB stacks, 0 MB globals, 20 P
gc 2061 @107.621s 0%: 0.021+0.93+0.004 ms clock, 0.42+0/1.2/0.008+0.084 ms cpu, 269->269->118 MB, 274 MB goal, 0 MB stacks, 0 MB globals, 20 P
gc 2062 @107.642s 0%: 0.026+1.5+0.13 ms clock, 0.53+0/2.5/0+2.7 ms cpu, 233->233->124 MB, 236 MB goal, 0 MB stacks, 0 MB globals, 20 P
gc 2063 @107.668s 0%: 0.033+0.61+0.011 ms clock, 0.66+0/1.3/0+0.22 ms cpu, 246->246->143 MB, 249 MB goal, 0 MB stacks, 0 MB globals, 20 P
gc 2064 @107.713s 0%: 0.031+5.6+0.004 ms clock, 0.62+0/6.0/0+0.090 ms cpu, 286->286->123 MB, 286 MB goal, 0 MB stacks, 0 MB globals, 20 P
gc 2065 @107.734s 0%: 0.019+2.2+0.004 ms clock, 0.39+0/2.7/0.013+0.086 ms cpu, 244->244->129 MB, 247 MB goal, 0 MB stacks, 0 MB globals, 20 P
gc 2066 @107.757s 0%: 0.017+0.57+0.004 ms clock, 0.35+0/0.87/0+0.096 ms cpu, 255->255->116 MB, 258 MB goal, 0 MB stacks, 0 MB globals, 20 P
gc 2067 @107.771s 0%: 0.018+1.3+0.003 ms clock, 0.37+0/1.8/0+0.077 ms cpu, 237->237->121 MB, 237 MB goal, 0 MB stacks, 0 MB globals, 20 P
gc 2068 @107.805s 0%: 0.10+0.47+0.006 ms clock, 2.1+0.040/1.3/0.016+0.12 ms cpu, 237->238->108 MB, 242 MB goal, 0 MB stacks, 0 MB globals, 20 P
gc 2069 @107.839s 0%: 0.028+1.0+0.006 ms clock, 0.57+0/1.7/0.025+0.13 ms cpu, 214->214->112 MB, 217 MB goal, 0 MB stacks, 0 MB globals, 20 P
gc 2070 @107.867s 0%: 0.023+0.57+0.013 ms clock, 0.46+0/0.69/0.066+0.27 ms cpu, 231->231->129 MB, 231 MB goal, 0 MB stacks, 0 MB globals, 20 P
gc 2071 @107.897s 0%: 0.028+3.2+0.004 ms clock, 0.56+0/3.8/0.001+0.088 ms cpu, 262->262->111 MB, 262 MB goal, 0 MB stacks, 0 MB globals, 20 P
gc 2072 @107.922s 0%: 0.020+4.4+0.005 ms clock, 0.40+0/4.8/0+0.11 ms cpu, 226->226->116 MB, 226 MB goal, 0 MB stacks, 0 MB globals, 20 P
gc 2073 @107.950s 0%: 0.029+0.61+0.015 ms clock, 0.59+0/1.2/0+0.30 ms cpu, 239->239->135 MB, 239 MB goal, 0 MB stacks, 0 MB globals, 20 P
gc 2074 @107.980s 0%: 0.019+2.9+0.003 ms clock, 0.39+0/3.0/0+0.066 ms cpu, 267->267->116 MB, 271 MB goal, 0 MB stacks, 0 MB globals, 20 P
gc 2075 @107.997s 0%: 0.019+2.5+0.004 ms clock, 0.38+0/2.7/0+0.097 ms cpu, 231->231->123 MB, 233 MB goal, 0 MB stacks, 0 MB globals, 20 P
gc 2076 @108.015s 0%: 0.024+0.62+0.013 ms clock, 0.49+0/0.89/0+0.27 ms cpu, 245->245->141 MB, 246 MB goal, 0 MB stacks, 0 MB globals, 20 P
gc 2077 @108.047s 0%: 0.021+10+0.082 ms clock, 0.43+0/10/0+1.6 ms cpu, 295->307->140 MB, 295 MB goal, 0 MB stacks, 0 MB globals, 20 P
gc 2078 @108.088s 0%: 0.021+0.96+0.003 ms clock, 0.43+0/1.4/0.009+0.067 ms cpu, 277->277->121 MB, 280 MB goal, 0 MB stacks, 0 MB globals, 20 P
gc 2079 @108.106s 0%: 0.018+0.56+0.005 ms clock, 0.36+0.075/0.63/0.021+0.10 ms cpu, 230->232->109 MB, 242 MB goal, 0 MB stacks, 0 MB globals, 20 P
gc 2080 @108.122s 0%: 0.020+0.69+0.003 ms clock, 0.41+0.022/0.86/0+0.077 ms cpu, 208->211->112 MB, 218 MB goal, 0 MB stacks, 0 MB globals, 20 P
gc 2081 @108.145s 0%: 0.037+4.3+0.006 ms clock, 0.74+0/5.1/0.004+0.13 ms cpu, 214->214->111 MB, 225 MB goal, 0 MB stacks, 0 MB globals, 20 P
gc 2082 @108.168s 0%: 0.022+3.0+0.002 ms clock, 0.45+0/3.3/0+0.059 ms cpu, 219->219->114 MB, 224 MB goal, 0 MB stacks, 0 MB globals, 20 P
gc 2083 @108.187s 0%: 0.026+7.1+0.008 ms clock, 0.52+0/7.8/0+0.17 ms cpu, 217->217->118 MB, 229 MB goal, 0 MB stacks, 0 MB globals, 20 P
gc 2084 @108.218s 0%: 0.019+5.4+0.004 ms clock, 0.39+0/5.6/0+0.095 ms cpu, 239->239->125 MB, 239 MB goal, 0 MB stacks, 0 MB globals, 20 P
gc 2085 @108.245s 0%: 0.021+0.49+0.19 ms clock, 0.42+0.10/0.59/0+3.9 ms cpu, 238->242->118 MB, 251 MB goal, 0 MB stacks, 0 MB globals, 20 P
gc 2086 @108.261s 0%: 0.017+0.49+0.008 ms clock, 0.35+0/0.82/0.005+0.16 ms cpu, 225->225->117 MB, 236 MB goal, 0 MB stacks, 0 MB globals, 20 P
gc 2087 @108.276s 0%: 0.018+0.69+0.003 ms clock, 0.37+0/1.2/0.001+0.070 ms cpu, 224->224->119 MB, 235 MB goal, 0 MB stacks, 0 MB globals, 20 P
gc 2088 @108.290s 0%: 0.018+2.3+0.004 ms clock, 0.36+0/2.6/0+0.093 ms cpu, 233->233->123 MB, 240 MB goal, 0 MB stacks, 0 MB globals, 20 P
gc 2089 @108.309s 0%: 0.022+0.87+0.007 ms clock, 0.45+0/1.0/0+0.14 ms cpu, 234->239->112 MB, 246 MB goal, 0 MB stacks, 0 MB globals, 20 P
gc 2090 @108.329s 0%: 0.030+1.2+0.007 ms clock, 0.61+0/2.1/0.12+0.14 ms cpu, 214->214->113 MB, 224 MB goal, 0 MB stacks, 0 MB globals, 20 P
gc 2091 @108.357s 0%: 0.020+0.50+0.011 ms clock, 0.40+0/0.90/0+0.23 ms cpu, 223->223->128 MB, 227 MB goal, 0 MB stacks, 0 MB globals, 20 P
gc 2092 @108.377s 0%: 0.016+0.48+0.005 ms clock, 0.32+0/0.80/0.002+0.11 ms cpu, 246->246->108 MB, 258 MB goal, 0 MB stacks, 0 MB globals, 20 P
gc 2093 @108.395s 0%: 0.026+0.78+0.005 ms clock, 0.52+0/1.5/0+0.11 ms cpu, 207->207->110 MB, 216 MB goal, 0 MB stacks, 0 MB globals, 20 P
gc 2094 @108.418s 0%: 0.032+1.3+0.007 ms clock, 0.64+0/1.8/0.016+0.14 ms cpu, 210->210->113 MB, 220 MB goal, 0 MB stacks, 0 MB globals, 20 P
gc 2095 @108.440s 0%: 0.029+6.3+0.004 ms clock, 0.59+0/6.9/0+0.098 ms cpu, 215->215->116 MB, 226 MB goal, 0 MB stacks, 0 MB globals, 20 P
gc 2096 @108.462s 0%: 0.023+1.2+0.005 ms clock, 0.47+0/1.5/0+0.10 ms cpu, 221->221->120 MB, 234 MB goal, 0 MB stacks, 0 MB globals, 20 P
gc 2097 @108.479s 0%: 0.026+1.9+0.003 ms clock, 0.53+0/2.3/0+0.076 ms cpu, 228->228->125 MB, 241 MB goal, 0 MB stacks, 0 MB globals, 20 P
gc 2098 @108.505s 0%: 0.020+0.63+0.004 ms clock, 0.40+0/1.0/0.001+0.094 ms cpu, 240->240->116 MB, 251 MB goal, 0 MB stacks, 0 MB globals, 20 P
gc 2099 @108.520s 0%: 0.024+1.1+0.005 ms clock, 0.48+0/1.6/0+0.10 ms cpu, 222->222->118 MB, 233 MB goal, 0 MB stacks, 0 MB globals, 20 P
gc 2100 @108.542s 0%: 0.025+0.54+0.010 ms clock, 0.50+0/1.0/0.012+0.20 ms cpu, 228->228->133 MB, 237 MB goal, 0 MB stacks, 0 MB globals, 20 P
gc 2101 @108.570s 0%: 0.032+6.3+0.006 ms clock, 0.65+0/6.9/0.025+0.12 ms cpu, 258->258->115 MB, 267 MB goal, 0 MB stacks, 0 MB globals, 20 P
gc 2102 @108.594s 0%: 0.031+1.7+0.007 ms clock, 0.63+0/2.5/0.017+0.14 ms cpu, 220->220->118 MB, 230 MB goal, 0 MB stacks, 0 MB globals, 20 P
gc 2103 @108.616s 0%: 0.019+2.8+0.003 ms clock, 0.39+0/3.2/0+0.075 ms cpu, 226->226->121 MB, 236 MB goal, 0 MB stacks, 0 MB globals, 20 P
gc 2104 @108.637s 0%: 0.019+0.37+0.076 ms clock, 0.39+0.041/0.81/0+1.5 ms cpu, 230->232->109 MB, 242 MB goal, 0 MB stacks, 0 MB globals, 20 P
gc 2105 @108.659s 0%: 0.019+1.7+0.003 ms clock, 0.39+0/2.2/0+0.065 ms cpu, 218->218->112 MB, 218 MB goal, 0 MB stacks, 0 MB globals, 20 P
gc 2106 @108.684s 0%: 0.027+5.5+0.005 ms clock, 0.55+0/6.0/0+0.11 ms cpu, 224->224->118 MB, 225 MB goal, 0 MB stacks, 0 MB globals, 20 P
gc 2107 @108.715s 0%: 0.028+1.8+0.008 ms clock, 0.57+0/2.4/0+0.16 ms cpu, 233->233->124 MB, 236 MB goal, 0 MB stacks, 0 MB globals, 20 P
gc 2108 @108.746s 0%: 0.019+0.55+0.005 ms clock, 0.39+0/0.88/0.001+0.10 ms cpu, 245->245->142 MB, 249 MB goal, 0 MB stacks, 0 MB globals, 20 P
gc 2109 @108.767s 0%: 0.019+5.4+0.004 ms clock, 0.38+0/5.7/0.006+0.092 ms cpu, 295->295->126 MB, 295 MB goal, 0 MB stacks, 0 MB globals, 20 P
gc 2110 @108.806s 0%: 0.029+1.3+0.007 ms clock, 0.58+0/1.9/0+0.15 ms cpu, 254->254->115 MB, 254 MB goal, 0 MB stacks, 0 MB globals, 20 P
gc 2111 @108.841s 0%: 0.088+0.54+0.016 ms clock, 1.7+0.027/0.94/0+0.33 ms cpu, 227->228->106 MB, 231 MB goal, 0 MB stacks, 0 MB globals, 20 P
gc 2112 @108.859s 0%: 0.017+0.49+0.005 ms clock, 0.35+0.063/0.79/0+0.10 ms cpu, 209->209->107 MB, 212 MB goal, 0 MB stacks, 0 MB globals, 20 P
gc 2113 @108.879s 0%: 0.019+0.65+0.009 ms clock, 0.39+0/1.3/0.023+0.19 ms cpu, 212->212->109 MB, 215 MB goal, 0 MB stacks, 0 MB globals, 20 P
gc 2114 @108.905s 0%: 0.032+1.1+0.006 ms clock, 0.65+0/2.0/0.001+0.12 ms cpu, 216->216->113 MB, 219 MB goal, 0 MB stacks, 0 MB globals, 20 P
gc 2115 @108.929s 0%: 0.029+7.0+0.004 ms clock, 0.58+0/7.8/0.15+0.087 ms cpu, 228->228->119 MB, 228 MB goal, 0 MB stacks, 0 MB globals, 20 P
gc 2116 @108.975s 0%: 0.032+0.49+0.017 ms clock, 0.64+0/0.98/0+0.35 ms cpu, 242->242->138 MB, 242 MB goal, 0 MB stacks, 0 MB globals, 20 P
gc 2117 @109.004s 0%: 0.020+1.0+0.006 ms clock, 0.40+0/1.0/0+0.12 ms cpu, 281->281->121 MB, 281 MB goal, 0 MB stacks, 0 MB globals, 20 P
gc 2118 @109.021s 0%: 0.018+3.6+0.006 ms clock, 0.37+0/3.9/0.010+0.13 ms cpu, 242->242->129 MB, 244 MB goal, 0 MB stacks, 0 MB globals, 20 P
gc 2119 @109.064s 0%: 0.021+0.60+0.018 ms clock, 0.42+0/0.99/0.009+0.36 ms cpu, 256->256->117 MB, 259 MB goal, 0 MB stacks, 0 MB globals, 20 P
gc 2120 @109.086s 0%: 0.025+2.8+0.007 ms clock, 0.50+0/3.4/0+0.15 ms cpu, 239->239->122 MB, 239 MB goal, 0 MB stacks, 0 MB globals, 20 P
gc 2121 @109.110s 0%: 0.019+0.43+0.005 ms clock, 0.38+0.15/0.61/0.012+0.10 ms cpu, 241->242->112 MB, 245 MB goal, 0 MB stacks, 0 MB globals, 20 P
gc 2122 @109.124s 0%: 0.019+1.0+0.003 ms clock, 0.38+0/1.2/0+0.075 ms cpu, 223->223->115 MB, 225 MB goal, 0 MB stacks, 0 MB globals, 20 P
gc 2123 @109.140s 0%: 0.018+3.0+0.003 ms clock, 0.37+0/3.3/0.001+0.070 ms cpu, 227->227->119 MB, 231 MB goal, 0 MB stacks, 0 MB globals, 20 P
gc 2124 @109.156s 0%: 0.018+2.9+0.003 ms clock, 0.37+0/3.0/0+0.071 ms cpu, 234->234->123 MB, 238 MB goal, 0 MB stacks, 0 MB globals, 20 P
gc 2125 @109.185s 0%: 0.020+0.48+0.015 ms clock, 0.40+0/0.75/0+0.31 ms cpu, 245->245->140 MB, 247 MB goal, 0 MB stacks, 0 MB globals, 20 P
gc 2126 @109.211s 0%: 0.028+6.1+0.005 ms clock, 0.56+0/6.7/0+0.10 ms cpu, 283->283->121 MB, 283 MB goal, 0 MB stacks, 0 MB globals, 20 P
gc 2127 @109.234s 0%: 0.018+1.8+0.003 ms clock, 0.36+0/1.9/0+0.070 ms cpu, 243->243->129 MB, 244 MB goal, 0 MB stacks, 0 MB globals, 20 P
gc 2128 @109.258s 0%: 0.017+0.48+0.005 ms clock, 0.35+0.10/0.68/0+0.10 ms cpu, 255->255->116 MB, 258 MB goal, 0 MB stacks, 0 MB globals, 20 P
gc 2129 @109.284s 0%: 0.022+2.0+0.003 ms clock, 0.45+0/2.2/0+0.071 ms cpu, 238->238->122 MB, 238 MB goal, 0 MB stacks, 0 MB globals, 20 P
gc 2130 @109.307s 0%: 0.021+0.48+0.033 ms clock, 0.42+0.038/0.80/0.025+0.67 ms cpu, 239->240->110 MB, 244 MB goal, 0 MB stacks, 0 MB globals, 20 P
gc 2131 @109.325s 0%: 0.016+0.48+0.006 ms clock, 0.32+0/0.71/0+0.13 ms cpu, 219->219->113 MB, 221 MB goal, 0 MB stacks, 0 MB globals, 20 P
gc 2132 @109.341s 0%: 0.026+4.0+0.005 ms clock, 0.52+0/4.6/0.001+0.11 ms cpu, 230->230->118 MB, 230 MB goal, 0 MB stacks, 0 MB globals, 20 P
gc 2133 @109.361s 0%: 0.031+3.9+0.006 ms clock, 0.62+0/4.5/0+0.13 ms cpu, 233->233->123 MB, 237 MB goal, 0 MB stacks, 0 MB globals, 20 P
gc 2134 @109.395s 0%: 0.026+0.47+0.018 ms clock, 0.53+0/1.1/0+0.36 ms cpu, 245->245->140 MB, 246 MB goal, 0 MB stacks, 0 MB globals, 20 P
gc 2135 @109.429s 0%: 0.038+6.7+0.007 ms clock, 0.76+0/7.0/0+0.14 ms cpu, 282->282->121 MB, 283 MB goal, 0 MB stacks, 0 MB globals, 20 P
gc 2136 @109.456s 0%: 0.018+1.3+0.019 ms clock, 0.37+0/1.6/0.005+0.38 ms cpu, 242->256->142 MB, 244 MB goal, 0 MB stacks, 0 MB globals, 20 P
gc 2137 @109.497s 0%: 0.030+1.1+0.007 ms clock, 0.61+0/2.0/0+0.14 ms cpu, 274->274->119 MB, 285 MB goal, 0 MB stacks, 0 MB globals, 20 P
gc 2138 @109.525s 0%: 0.027+1.6+0.005 ms clock, 0.54+0/2.4/0+0.11 ms cpu, 233->233->123 MB, 240 MB goal, 0 MB stacks, 0 MB globals, 20 P
gc 2139 @109.557s 0%: 0.020+0.62+0.090 ms clock, 0.40+0/0.78/0+1.8 ms cpu, 245->245->140 MB, 246 MB goal, 0 MB stacks, 0 MB globals, 20 P
gc 2140 @109.584s 0%: 0.022+0.84+0.004 ms clock, 0.44+0/1.2/0+0.089 ms cpu, 273->273->118 MB, 281 MB goal, 0 MB stacks, 0 MB globals, 20 P
gc 2141 @109.598s 0%: 0.018+2.3+0.004 ms clock, 0.36+0/2.5/0.001+0.080 ms cpu, 234->234->123 MB, 238 MB goal, 0 MB stacks, 0 MB globals, 20 P
gc 2142 @109.626s 0%: 0.023+0.83+0.022 ms clock, 0.47+0/1.2/0.006+0.44 ms cpu, 245->245->140 MB, 247 MB goal, 0 MB stacks, 0 MB globals, 20 P
gc 2143 @109.656s 0%: 0.025+1.0+0.007 ms clock, 0.51+0/1.7/0.069+0.14 ms cpu, 272->272->119 MB, 281 MB goal, 0 MB stacks, 0 MB globals, 20 P
gc 2144 @109.682s 0%: 0.029+2.1+0.031 ms clock, 0.59+0/2.9/0.012+0.62 ms cpu, 233->245->139 MB, 239 MB goal, 0 MB stacks, 0 MB globals, 20 P
gc 2145 @109.718s 0%: 0.026+6.7+0.004 ms clock, 0.52+0/7.0/0+0.085 ms cpu, 277->277->120 MB, 279 MB goal, 0 MB stacks, 0 MB globals, 20 P
gc 2146 @109.744s 0%: 0.028+0.39+0.11 ms clock, 0.56+0.068/0.91/0+2.2 ms cpu, 227->229->107 MB, 240 MB goal, 0 MB stacks, 0 MB globals, 20 P
gc 2147 @109.760s 0%: 0.023+1.9+0.007 ms clock, 0.46+0.10/1.4/0+0.14 ms cpu, 203->206->109 MB, 215 MB goal, 0 MB stacks, 0 MB globals, 20 P
gc 2148 @109.774s 0%: 0.017+1.3+0.003 ms clock, 0.35+0/1.8/0+0.071 ms cpu, 208->208->109 MB, 220 MB goal, 0 MB stacks, 0 MB globals, 20 P
gc 2149 @109.790s 0%: 0.019+1.2+0.003 ms clock, 0.39+0/1.3/0+0.076 ms cpu, 206->206->110 MB, 219 MB goal, 0 MB stacks, 0 MB globals, 20 P
gc 2150 @109.806s 0%: 0.017+0.73+0.003 ms clock, 0.34+0/0.87/0+0.073 ms cpu, 215->215->115 MB, 222 MB goal, 0 MB stacks, 0 MB globals, 20 P
gc 2151 @109.823s 0%: 0.017+3.0+0.003 ms clock, 0.34+0/3.2/0+0.074 ms cpu, 225->225->120 MB, 230 MB goal, 0 MB stacks, 0 MB globals, 20 P
gc 2152 @109.847s 0%: 0.021+0.58+0.014 ms clock, 0.43+0/0.81/0.027+0.29 ms cpu, 236->236->138 MB, 240 MB goal, 0 MB stacks, 0 MB globals, 20 P
gc 2153 @109.867s 0%: 0.021+0.85+0.004 ms clock, 0.43+0/1.4/0+0.082 ms cpu, 271->271->118 MB, 277 MB goal, 0 MB stacks, 0 MB globals, 20 P
gc 2154 @109.882s 0%: 0.020+1.4+0.004 ms clock, 0.40+0/1.9/0+0.089 ms cpu, 233->233->123 MB, 237 MB goal, 0 MB stacks, 0 MB globals, 20 P
gc 2155 @109.908s 0%: 0.028+0.81+0.020 ms clock, 0.56+0/1.3/0.030+0.41 ms cpu, 245->245->140 MB, 246 MB goal, 0 MB stacks, 0 MB globals, 20 P
gc 2156 @109.933s 0%: 0.024+2.5+0.003 ms clock, 0.49+0/2.9/0.009+0.070 ms cpu, 272->272->118 MB, 280 MB goal, 0 MB stacks, 0 MB globals, 20 P
gc 2157 @109.953s 0%: 0.020+1.0+0.006 ms clock, 0.40+0/1.6/0.024+0.12 ms cpu, 233->233->122 MB, 237 MB goal, 0 MB stacks, 0 MB globals, 20 P
gc 2158 @109.972s 0%: 0.019+0.54+0.011 ms clock, 0.38+0/0.92/0+0.22 ms cpu, 245->245->141 MB, 246 MB goal, 0 MB stacks, 0 MB globals, 20 P
gc 2159 @109.992s 0%: 0.020+0.81+0.005 ms clock, 0.40+0/1.0/0+0.11 ms cpu, 273->273->120 MB, 284 MB goal, 0 MB stacks, 0 MB globals, 20 P
gc 2160 @110.007s 0%: 0.019+2.1+0.042 ms clock, 0.38+0/2.3/0+0.85 ms cpu, 234->246->139 MB, 241 MB goal, 0 MB stacks, 0 MB globals, 20 P
gc 2161 @110.032s 0%: 0.020+4.7+0.003 ms clock, 0.40+0/4.9/0+0.072 ms cpu, 277->277->120 MB, 279 MB goal, 0 MB stacks, 0 MB globals, 20 P
gc 2162 @110.057s 0%: 0.031+0.48+0.25 ms clock, 0.62+0.10/0.76/0+5.1 ms cpu, 228->230->108 MB, 241 MB goal, 0 MB stacks, 0 MB globals, 20 P
gc 2163 @110.071s 0%: 0.016+1.9+0.003 ms clock, 0.33+0/1.1/0+0.074 ms cpu, 206->209->111 MB, 218 MB goal, 0 MB stacks, 0 MB globals, 20 P
gc 2164 @110.085s 0%: 0.018+1.3+0.005 ms clock, 0.36+0/1.6/0+0.10 ms cpu, 211->211->110 MB, 222 MB goal, 0 MB stacks, 0 MB globals, 20 P
gc 2165 @110.100s 0%: 0.023+3.6+0.005 ms clock, 0.46+0/4.2/0+0.11 ms cpu, 214->214->113 MB, 221 MB goal, 0 MB stacks, 0 MB globals, 20 P
gc 2166 @110.125s 0%: 0.021+4.4+0.002 ms clock, 0.43+0/4.6/0+0.057 ms cpu, 224->224->118 MB, 227 MB goal, 0 MB stacks, 0 MB globals, 20 P
gc 2167 @110.144s 0%: 0.023+6.6+0.004 ms clock, 0.46+0/6.9/0+0.083 ms cpu, 239->239->125 MB, 239 MB goal, 0 MB stacks, 0 MB globals, 20 P
gc 2168 @110.172s 0%: 0.032+0.73+0.004 ms clock, 0.64+0.089/0.82/0+0.096 ms cpu, 239->241->116 MB, 252 MB goal, 0 MB stacks, 0 MB globals, 20 P
gc 2169 @110.199s 0%: 0.025+1.5+0.005 ms clock, 0.51+0/2.4/0+0.11 ms cpu, 221->221->117 MB, 233 MB goal, 0 MB stacks, 0 MB globals, 20 P
gc 2170 @110.225s 0%: 0.021+1.4+0.004 ms clock, 0.43+0/1.9/0.007+0.086 ms cpu, 235->235->124 MB, 235 MB goal, 0 MB stacks, 0 MB globals, 20 P
gc 2171 @110.253s 0%: 0.023+0.45+0.006 ms clock, 0.46+0/0.88/0+0.13 ms cpu, 246->246->141 MB, 249 MB goal, 0 MB stacks, 0 MB globals, 20 P
gc 2172 @110.276s 0%: 0.019+3.0+0.004 ms clock, 0.38+0/3.1/0+0.084 ms cpu, 273->273->119 MB, 282 MB goal, 0 MB stacks, 0 MB globals, 20 P
gc 2173 @110.304s 0%: 0.025+1.7+0.004 ms clock, 0.51+0/1.9/0+0.082 ms cpu, 234->234->123 MB, 239 MB goal, 0 MB stacks, 0 MB globals, 20 P
gc 2174 @110.328s 0%: 0.028+0.64+0.018 ms clock, 0.56+0/1.2/0.12+0.36 ms cpu, 246->246->141 MB, 248 MB goal, 0 MB stacks, 0 MB globals, 20 P
gc 2175 @110.366s 0%: 0.031+1.9+0.009 ms clock, 0.62+0/2.7/0.011+0.18 ms cpu, 273->273->121 MB, 282 MB goal, 0 MB stacks, 0 MB globals, 20 P
gc 2176 @110.383s 0%: 0.015+1.0+0.005 ms clock, 0.31+0/1.3/0+0.10 ms cpu, 236->236->125 MB, 243 MB goal, 0 MB stacks, 0 MB globals, 20 P
gc 2177 @110.402s 0%: 0.018+0.67+0.003 ms clock, 0.36+0.074/0.64/0+0.074 ms cpu, 241->243->116 MB, 251 MB goal, 0 MB stacks, 0 MB globals, 20 P
gc 2178 @110.419s 0%: 0.031+1.2+0.004 ms clock, 0.63+0/1.4/0+0.096 ms cpu, 228->228->120 MB, 233 MB goal, 0 MB stacks, 0 MB globals, 20 P
gc 2179 @110.450s 0%: 0.019+0.52+0.008 ms clock, 0.39+0/0.74/0.006+0.16 ms cpu, 237->237->138 MB, 240 MB goal, 0 MB stacks, 0 MB globals, 20 P
gc 2180 @110.483s 0%: 0.029+4.4+0.006 ms clock, 0.58+0/4.9/0.004+0.12 ms cpu, 270->270->116 MB, 276 MB goal, 0 MB stacks, 0 MB globals, 20 P
gc 2181 @110.505s 0%: 0.018+3.0+0.003 ms clock, 0.36+0/3.1/0+0.078 ms cpu, 230->230->120 MB, 233 MB goal, 0 MB stacks, 0 MB globals, 20 P
gc 2182 @110.525s 0%: 0.017+0.57+0.003 ms clock, 0.35+0.035/0.78/0+0.067 ms cpu, 228->231->109 MB, 240 MB goal, 0 MB stacks, 0 MB globals, 20 P
gc 2183 @110.539s 0%: 0.021+0.38+0.003 ms clock, 0.42+0/0.78/0+0.065 ms cpu, 215->215->111 MB, 218 MB goal, 0 MB stacks, 0 MB globals, 20 P
gc 2184 @110.554s 0%: 0.019+3.0+0.003 ms clock, 0.39+0/3.2/0+0.068 ms cpu, 223->223->116 MB, 223 MB goal, 0 MB stacks, 0 MB globals, 20 P
gc 2185 @110.570s 0%: 0.024+3.6+0.006 ms clock, 0.49+0/4.1/0+0.12 ms cpu, 232->232->121 MB, 234 MB goal, 0 MB stacks, 0 MB globals, 20 P
gc 2186 @110.601s 0%: 0.018+0.36+0.003 ms clock, 0.36+0/0.85/0.079+0.060 ms cpu, 242->242->112 MB, 243 MB goal, 0 MB stacks, 0 MB globals, 20 P
gc 2187 @110.616s 0%: 0.019+2.5+0.003 ms clock, 0.39+0/2.7/0.001+0.077 ms cpu, 228->228->118 MB, 228 MB goal, 0 MB stacks, 0 MB globals, 20 P
gc 2188 @110.641s 0%: 0.019+0.38+0.009 ms clock, 0.39+0/0.77/0+0.18 ms cpu, 246->246->138 MB, 246 MB goal, 0 MB stacks, 0 MB globals, 20 P
gc 2189 @110.665s 0%: 0.017+4.2+0.004 ms clock, 0.34+0/4.5/0+0.081 ms cpu, 280->280->118 MB, 281 MB goal, 0 MB stacks, 0 MB globals, 20 P
gc 2190 @110.683s 0%: 0.018+0.58+0.013 ms clock, 0.36+0/0.81/0+0.26 ms cpu, 236->236->135 MB, 237 MB goal, 0 MB stacks, 0 MB globals, 20 P
gc 2191 @110.705s 0%: 0.019+1.0+0.006 ms clock, 0.38+0/1.2/0+0.12 ms cpu, 276->276->118 MB, 276 MB goal, 0 MB stacks, 0 MB globals, 20 P
gc 2192 @110.726s 0%: 0.022+0.51+0.009 ms clock, 0.45+0/0.82/0+0.18 ms cpu, 235->235->134 MB, 236 MB goal, 0 MB stacks, 0 MB globals, 20 P
gc 2193 @110.750s 0%: 0.025+0.93+0.005 ms clock, 0.51+0/1.6/0+0.10 ms cpu, 267->267->116 MB, 269 MB goal, 0 MB stacks, 0 MB globals, 20 P
gc 2194 @110.770s 0%: 0.020+2.5+0.005 ms clock, 0.41+0/3.1/0+0.11 ms cpu, 231->231->120 MB, 233 MB goal, 0 MB stacks, 0 MB globals, 20 P
gc 2195 @110.792s 0%: 0.023+0.57+0.034 ms clock, 0.46+0/1.1/0+0.69 ms cpu, 242->242->137 MB, 242 MB goal, 0 MB stacks, 0 MB globals, 20 P
gc 2196 @110.821s 0%: 0.021+3.9+0.003 ms clock, 0.43+0/4.0/0+0.064 ms cpu, 280->280->121 MB, 280 MB goal, 0 MB stacks, 0 MB globals, 20 P
gc 2197 @110.842s 0%: 0.020+1.3+0.004 ms clock, 0.40+0/1.9/0.007+0.094 ms cpu, 242->242->126 MB, 242 MB goal, 0 MB stacks, 0 MB globals, 20 P
gc 2198 @110.865s 0%: 0.021+0.93+0.003 ms clock, 0.42+0/1.4/0.011+0.063 ms cpu, 255->255->118 MB, 255 MB goal, 0 MB stacks, 0 MB globals, 20 P
gc 2199 @110.887s 0%: 0.019+4.9+0.004 ms clock, 0.39+0/5.2/0.001+0.096 ms cpu, 249->249->126 MB, 249 MB goal, 0 MB stacks, 0 MB globals, 20 P
gc 2200 @110.918s 0%: 0.017+0.45+0.005 ms clock, 0.34+0.084/0.69/0.011+0.10 ms cpu, 249->249->113 MB, 252 MB goal, 0 MB stacks, 0 MB globals, 20 P
gc 2201 @110.937s 0%: 0.017+2.9+0.003 ms clock, 0.35+0/3.2/0.013+0.075 ms cpu, 230->230->118 MB, 230 MB goal, 0 MB stacks, 0 MB globals, 20 P
gc 2202 @110.957s 0%: 0.020+1.1+0.005 ms clock, 0.40+0/1.2/0+0.10 ms cpu, 233->233->123 MB, 237 MB goal, 0 MB stacks, 0 MB globals, 20 P
gc 2203 @110.975s 0%: 0.020+0.54+0.015 ms clock, 0.40+0/0.84/0+0.31 ms cpu, 245->245->140 MB, 246 MB goal, 0 MB stacks, 0 MB globals, 20 P
gc 2204 @111.003s 0%: 0.019+3.4+0.003 ms clock, 0.39+0/3.7/0+0.062 ms cpu, 283->283->123 MB, 283 MB goal, 0 MB stacks, 0 MB globals, 20 P
gc 2205 @111.033s 0%: 0.018+0.80+0.003 ms clock, 0.36+0/1.1/0.061+0.077 ms cpu, 243->243->113 MB, 246 MB goal, 0 MB stacks, 0 MB globals, 20 P
gc 2206 @111.052s 0%: 0.019+0.89+0.005 ms clock, 0.39+0/1.1/0+0.11 ms cpu, 225->225->117 MB, 228 MB goal, 0 MB stacks, 0 MB globals, 20 P
gc 2207 @111.072s 0%: 0.030+3.9+0.005 ms clock, 0.61+0/4.2/0+0.11 ms cpu, 232->232->122 MB, 235 MB goal, 0 MB stacks, 0 MB globals, 20 P
gc 2208 @111.095s 0%: 0.021+0.44+0.009 ms clock, 0.42+0/0.85/0+0.19 ms cpu, 244->244->139 MB, 244 MB goal, 0 MB stacks, 0 MB globals, 20 P
gc 2209 @111.122s 0%: 0.020+0.98+0.005 ms clock, 0.40+0/1.5/0+0.10 ms cpu, 281->281->119 MB, 282 MB goal, 0 MB stacks, 0 MB globals, 20 P
gc 2210 @111.138s 0%: 0.019+1.3+0.005 ms clock, 0.38+0/1.8/0+0.10 ms cpu, 240->240->125 MB, 240 MB goal, 0 MB stacks, 0 MB globals, 20 P
gc 2211 @111.163s 0%: 0.020+0.84+0.004 ms clock, 0.40+0/1.4/0+0.096 ms cpu, 248->248->116 MB, 251 MB goal, 0 MB stacks, 0 MB globals, 20 P
gc 2212 @111.180s 0%: 0.018+0.95+0.092 ms clock, 0.36+0/1.1/0+1.8 ms cpu, 232->232->121 MB, 233 MB goal, 0 MB stacks, 0 MB globals, 20 P
gc 2213 @111.207s 0%: 0.019+0.63+0.005 ms clock, 0.39+0/0.64/0+0.11 ms cpu, 248->248->137 MB, 248 MB goal, 0 MB stacks, 0 MB globals, 20 P
gc 2214 @111.227s 0%: 0.020+3.6+0.003 ms clock, 0.41+0/3.8/0+0.069 ms cpu, 280->280->121 MB, 280 MB goal, 0 MB stacks, 0 MB globals, 20 P
gc 2215 @111.244s 0%: 0.10+1.3+0.004 ms clock, 2.0+0/1.7/0.005+0.097 ms cpu, 241->241->126 MB, 242 MB goal, 0 MB stacks, 0 MB globals, 20 P
gc 2216 @111.269s 0%: 0.023+1.3+0.042 ms clock, 0.46+0/1.9/0.001+0.84 ms cpu, 249->249->115 MB, 253 MB goal, 0 MB stacks, 0 MB globals, 20 P
gc 2217 @111.287s 0%: 0.026+1.0+0.008 ms clock, 0.53+0/1.9/0.037+0.16 ms cpu, 231->231->119 MB, 231 MB goal, 0 MB stacks, 0 MB globals, 20 P
gc 2218 @111.310s 0%: 0.019+5.5+0.003 ms clock, 0.38+0/5.6/0+0.077 ms cpu, 250->250->127 MB, 250 MB goal, 0 MB stacks, 0 MB globals, 20 P
gc 2219 @111.337s 0%: 0.020+0.74+0.012 ms clock, 0.40+0/1.1/0.014+0.24 ms cpu, 254->254->117 MB, 255 MB goal, 0 MB stacks, 0 MB globals, 20 P
gc 2220 @111.364s 0%: 0.016+3.7+0.004 ms clock, 0.33+0/3.9/0+0.082 ms cpu, 239->239->123 MB, 239 MB goal, 0 MB stacks, 0 MB globals, 20 P
gc 2221 @111.390s 0%: 0.017+0.46+0.005 ms clock, 0.35+0.092/0.74/0+0.11 ms cpu, 242->243->112 MB, 246 MB goal, 0 MB stacks, 0 MB globals, 20 P
gc 2222 @111.407s 0%: 0.035+5.0+0.004 ms clock, 0.70+0/5.3/0+0.091 ms cpu, 223->223->117 MB, 224 MB goal, 0 MB stacks, 0 MB globals, 20 P
gc 2223 @111.427s 0%: 0.018+3.0+0.006 ms clock, 0.37+0/3.2/0.001+0.13 ms cpu, 232->232->121 MB, 234 MB goal, 0 MB stacks, 0 MB globals, 20 P
gc 2224 @111.447s 0%: 0.022+0.49+0.013 ms clock, 0.45+0/0.80/0+0.27 ms cpu, 243->243->138 MB, 243 MB goal, 0 MB stacks, 0 MB globals, 20 P
gc 2225 @111.474s 0%: 0.020+3.6+0.003 ms clock, 0.41+0/4.2/0.026+0.072 ms cpu, 281->281->118 MB, 281 MB goal, 0 MB stacks, 0 MB globals, 20 P
gc 2226 @111.499s 0%: 0.021+3.8+0.005 ms clock, 0.42+0/4.0/0+0.10 ms cpu, 239->239->124 MB, 239 MB goal, 0 MB stacks, 0 MB globals, 20 P
gc 2227 @111.524s 0%: 0.018+0.50+0.006 ms clock, 0.36+0/0.87/0+0.12 ms cpu, 247->247->114 MB, 249 MB goal, 0 MB stacks, 0 MB globals, 20 P
gc 2228 @111.557s 0%: 0.040+4.8+0.007 ms clock, 0.81+0/5.8/0.085+0.15 ms cpu, 230->230->120 MB, 230 MB goal, 0 MB stacks, 0 MB globals, 20 P
gc 2229 @111.585s 0%: 0.031+6.1+0.007 ms clock, 0.63+0/6.6/0.002+0.14 ms cpu, 250->250->127 MB, 250 MB goal, 0 MB stacks, 0 MB globals, 20 P
gc 2230 @111.610s 0%: 0.018+0.51+0.003 ms clock, 0.36+0/0.76/0+0.070 ms cpu, 254->254->116 MB, 255 MB goal, 0 MB stacks, 0 MB globals, 20 P
gc 2231 @111.625s 0%: 0.016+1.9+0.004 ms clock, 0.32+0/2.3/0+0.082 ms cpu, 238->238->121 MB, 238 MB goal, 0 MB stacks, 0 MB globals, 20 P
gc 2232 @111.646s 0%: 0.016+2.4+0.004 ms clock, 0.32+0/2.8/0.013+0.087 ms cpu, 243->243->127 MB, 244 MB goal, 0 MB stacks, 0 MB globals, 20 P
gc 2233 @111.667s 0%: 0.016+0.55+0.011 ms clock, 0.32+0/0.80/0+0.22 ms cpu, 254->254->116 MB, 256 MB goal, 0 MB stacks, 0 MB globals, 20 P
gc 2234 @111.683s 0%: 0.019+3.9+0.005 ms clock, 0.38+0/4.2/0+0.10 ms cpu, 238->238->122 MB, 238 MB goal, 0 MB stacks, 0 MB globals, 20 P
gc 2235 @111.703s 0%: 0.018+1.3+0.003 ms clock, 0.36+0/1.4/0+0.070 ms cpu, 242->242->127 MB, 244 MB goal, 0 MB stacks, 0 MB globals, 20 P
gc 2236 @111.723s 0%: 0.018+0.57+0.003 ms clock, 0.36+0/0.83/0.036+0.077 ms cpu, 254->254->116 MB, 255 MB goal, 0 MB stacks, 0 MB globals, 20 P
gc 2237 @111.740s 0%: 0.017+1.4+0.003 ms clock, 0.34+0/1.8/0.019+0.079 ms cpu, 238->238->122 MB, 238 MB goal, 0 MB stacks, 0 MB globals, 20 P
gc 2238 @111.763s 0%: 0.017+0.48+0.006 ms clock, 0.34+0.048/0.86/0.030+0.12 ms cpu, 242->244->113 MB, 245 MB goal, 0 MB stacks, 0 MB globals, 20 P
gc 2239 @111.777s 0%: 0.018+0.72+0.019 ms clock, 0.37+0/0.89/0+0.39 ms cpu, 222->222->115 MB, 226 MB goal, 0 MB stacks, 0 MB globals, 20 P
gc 2240 @111.794s 0%: 0.018+1.0+0.014 ms clock, 0.37+0/1.2/0+0.28 ms cpu, 227->227->119 MB, 231 MB goal, 0 MB stacks, 0 MB globals, 20 P
gc 2241 @111.826s 0%: 0.021+3.8+0.003 ms clock, 0.42+0/4.1/0.013+0.061 ms cpu, 250->250->127 MB, 250 MB goal, 0 MB stacks, 0 MB globals, 20 P
gc 2242 @111.851s 0%: 0.017+0.53+0.003 ms clock, 0.35+0/0.81/0+0.074 ms cpu, 253->253->115 MB, 254 MB goal, 0 MB stacks, 0 MB globals, 20 P
gc 2243 @111.867s 0%: 0.017+3.0+0.003 ms clock, 0.35+0/3.4/0+0.063 ms cpu, 227->227->120 MB, 231 MB goal, 0 MB stacks, 0 MB globals, 20 P
gc 2244 @111.887s 0%: 0.017+2.4+0.003 ms clock, 0.35+0/2.9/0+0.066 ms cpu, 251->251->129 MB, 251 MB goal, 0 MB stacks, 0 MB globals, 20 P
gc 2245 @111.916s 0%: 0.019+0.48+0.004 ms clock, 0.38+0/0.82/0+0.080 ms cpu, 260->260->117 MB, 260 MB goal, 0 MB stacks, 0 MB globals, 20 P
gc 2246 @111.931s 0%: 0.033+0.99+0.003 ms clock, 0.67+0/1.3/0+0.074 ms cpu, 234->234->122 MB, 234 MB goal, 0 MB stacks, 0 MB globals, 20 P
gc 2247 @111.948s 0%: 0.020+2.5+0.005 ms clock, 0.41+0/2.7/0+0.10 ms cpu, 243->243->128 MB, 244 MB goal, 0 MB stacks, 0 MB globals, 20 P
gc 2248 @111.970s 0%: 0.018+0.58+0.003 ms clock, 0.37+0/0.80/0+0.073 ms cpu, 255->255->116 MB, 256 MB goal, 0 MB stacks, 0 MB globals, 20 P
gc 2249 @111.986s 0%: 0.018+3.6+0.003 ms clock, 0.37+0/3.9/0.018+0.069 ms cpu, 238->238->122 MB, 238 MB goal, 0 MB stacks, 0 MB globals, 20 P
gc 2250 @112.003s 0%: 0.022+1.2+0.004 ms clock, 0.45+0/1.7/0+0.089 ms cpu, 243->243->128 MB, 245 MB goal, 0 MB stacks, 0 MB globals, 20 P
gc 2251 @112.027s 0%: 0.020+0.46+0.004 ms clock, 0.41+0/0.89/0+0.081 ms cpu, 253->253->116 MB, 256 MB goal, 0 MB stacks, 0 MB globals, 20 P
gc 2252 @112.049s 0%: 0.029+6.4+0.004 ms clock, 0.58+0/7.4/0+0.087 ms cpu, 237->237->120 MB, 237 MB goal, 0 MB stacks, 0 MB globals, 20 P
gc 2253 @112.077s 0%: 0.023+0.53+0.009 ms clock, 0.46+0/0.87/0+0.19 ms cpu, 238->238->138 MB, 241 MB goal, 0 MB stacks, 0 MB globals, 20 P
gc 2254 @112.115s 0%: 0.031+6.3+0.005 ms clock, 0.62+0/7.0/0.032+0.10 ms cpu, 281->281->119 MB, 281 MB goal, 0 MB stacks, 0 MB globals, 20 P
gc 2255 @112.136s 0%: 0.019+1.4+0.003 ms clock, 0.38+0/1.6/0+0.070 ms cpu, 240->240->124 MB, 240 MB goal, 0 MB stacks, 0 MB globals, 20 P
gc 2256 @112.160s 0%: 0.025+0.48+0.027 ms clock, 0.50+0/1.2/0.11+0.54 ms cpu, 247->247->113 MB, 250 MB goal, 0 MB stacks, 0 MB globals, 20 P
gc 2257 @112.180s 0%: 0.018+3.6+0.007 ms clock, 0.37+0/4.3/0.050+0.14 ms cpu, 228->228->117 MB, 228 MB goal, 0 MB stacks, 0 MB globals, 20 P
gc 2258 @112.201s 0%: 0.016+0.75+0.003 ms clock, 0.32+0.067/0.94/0.034+0.065 ms cpu, 233->238->113 MB, 236 MB goal, 0 MB stacks, 0 MB globals, 20 P
gc 2259 @112.213s 0%: 0.019+0.93+0.005 ms clock, 0.39+0/1.6/0.011+0.10 ms cpu, 224->224->113 MB, 226 MB goal, 0 MB stacks, 0 MB globals, 20 P
gc 2260 @112.235s 0%: 0.019+0.70+0.007 ms clock, 0.38+0.032/0.85/0.016+0.15 ms cpu, 223->226->102 MB, 227 MB goal, 0 MB stacks, 0 MB globals, 20 P
gc 2261 @112.254s 0%: 0.028+1.5+0.006 ms clock, 0.57+0/2.2/0+0.13 ms cpu, 210->210->103 MB, 210 MB goal, 0 MB stacks, 0 MB globals, 20 P
gc 2262 @112.285s 0%: 0.021+0.62+0.004 ms clock, 0.43+0.18/0.77/0.005+0.090 ms cpu, 203->205->90 MB, 208 MB goal, 0 MB stacks, 0 MB globals, 20 P
gc 2263 @112.306s 0%: 0.028+3.2+0.007 ms clock, 0.56+0/3.8/0+0.15 ms cpu, 180->180->92 MB, 181 MB goal, 0 MB stacks, 0 MB globals, 20 P
gc 2264 @112.328s 0%: 0.028+3.2+0.007 ms clock, 0.57+0/4.0/0+0.14 ms cpu, 185->185->96 MB, 185 MB goal, 0 MB stacks, 0 MB globals, 20 P
gc 2265 @112.349s 0%: 0.026+9.2+0.011 ms clock, 0.53+0/9.7/0.020+0.23 ms cpu, 192->192->101 MB, 193 MB goal, 0 MB stacks, 0 MB globals, 20 P
gc 2266 @112.378s 0%: 0.028+0.64+0.006 ms clock, 0.56+0/1.4/0+0.13 ms cpu, 198->198->91 MB, 202 MB goal, 0 MB stacks, 0 MB globals, 20 P
gc 2267 @112.403s 0%: 0.022+0.61+0.014 ms clock, 0.44+0/1.2/0.051+0.28 ms cpu, 178->178->94 MB, 182 MB goal, 0 MB stacks, 0 MB globals, 20 P
gc 2268 @112.425s 0%: 0.018+0.58+0.003 ms clock, 0.37+0/1.0/0.027+0.062 ms cpu, 187->187->97 MB, 190 MB goal, 0 MB stacks, 0 MB globals, 20 P
gc 2269 @112.446s 0%: 0.026+4.0+0.005 ms clock, 0.53+0.075/4.3/0+0.11 ms cpu, 196->196->102 MB, 196 MB goal, 0 MB stacks, 0 MB globals, 20 P
gc 2270 @112.470s 0%: 0.032+2.0+0.007 ms clock, 0.64+0/2.8/0.15+0.14 ms cpu, 202->202->106 MB, 204 MB goal, 0 MB stacks, 0 MB globals, 20 P
gc 2271 @112.492s 0%: 0.034+7.5+0.006 ms clock, 0.68+0/8.4/0.064+0.13 ms cpu, 209->209->111 MB, 214 MB goal, 0 MB stacks, 0 MB globals, 20 P
gc 2272 @112.525s 0%: 0.021+0.39+0.005 ms clock, 0.42+0/0.71/0+0.10 ms cpu, 228->228->131 MB, 228 MB goal, 0 MB stacks, 0 MB globals, 20 P
gc 2273 @112.548s 0%: 0.020+4.3+0.004 ms clock, 0.40+0/4.6/0+0.089 ms cpu, 269->269->119 MB, 269 MB goal, 0 MB stacks, 0 MB globals, 20 P
gc 2274 @112.575s 0%: 0.025+0.47+0.015 ms clock, 0.50+0/0.89/0+0.31 ms cpu, 241->241->136 MB, 241 MB goal, 0 MB stacks, 0 MB globals, 20 P
gc 2275 @112.597s 0%: 0.031+0.66+0.003 ms clock, 0.63+0/1.1/0+0.063 ms cpu, 269->269->114 MB, 273 MB goal, 0 MB stacks, 0 MB globals, 20 P
gc 2276 @112.615s 0%: 0.026+1.4+0.005 ms clock, 0.52+0/2.2/0+0.10 ms cpu, 230->230->119 MB, 230 MB goal, 0 MB stacks, 0 MB globals, 20 P
gc 2277 @112.641s 0%: 0.024+0.58+0.090 ms clock, 0.49+0/1.1/0+1.8 ms cpu, 241->241->138 MB, 241 MB goal, 0 MB stacks, 0 MB globals, 20 P
gc 2278 @112.673s 0%: 0.035+6.0+0.008 ms clock, 0.71+0/7.1/0.019+0.17 ms cpu, 281->281->121 MB, 281 MB goal, 0 MB stacks, 0 MB globals, 20 P
gc 2279 @112.696s 0%: 0.022+1.4+0.011 ms clock, 0.44+0/1.9/0.035+0.22 ms cpu, 241->242->128 MB, 243 MB goal, 0 MB stacks, 0 MB globals, 20 P
gc 2280 @112.719s 0%: 0.025+0.93+0.005 ms clock, 0.50+0/1.3/0+0.10 ms cpu, 256->256->118 MB, 257 MB goal, 0 MB stacks, 0 MB globals, 20 P
gc 2281 @112.739s 0%: 0.022+1.1+0.003 ms clock, 0.44+0/1.3/0+0.072 ms cpu, 232->232->121 MB, 236 MB goal, 0 MB stacks, 0 MB globals, 20 P
gc 2282 @112.759s 0%: 0.021+0.73+0.004 ms clock, 0.42+0/1.2/0+0.081 ms cpu, 240->240->111 MB, 243 MB goal, 0 MB stacks, 0 MB globals, 20 P
gc 2283 @112.780s 0%: 0.022+1.5+0.004 ms clock, 0.44+0/2.5/0.021+0.093 ms cpu, 233->233->119 MB, 233 MB goal, 0 MB stacks, 0 MB globals, 20 P
gc 2284 @112.821s 0%: 0.021+0.51+0.003 ms clock, 0.43+0.064/0.69/0+0.065 ms cpu, 236->238->109 MB, 239 MB goal, 0 MB stacks, 0 MB globals, 20 P
gc 2285 @112.833s 0%: 0.015+0.64+0.017 ms clock, 0.31+0/1.0/0.006+0.35 ms cpu, 214->214->110 MB, 218 MB goal, 0 MB stacks, 0 MB globals, 20 P
gc 2286 @112.855s 0%: 0.036+1.6+0.003 ms clock, 0.72+0.009/1.7/0.002+0.077 ms cpu, 217->217->115 MB, 221 MB goal, 0 MB stacks, 0 MB globals, 20 P
gc 2287 @112.879s 0%: 0.028+5.3+0.005 ms clock, 0.57+0/5.6/0.003+0.10 ms cpu, 230->230->120 MB, 230 MB goal, 0 MB stacks, 0 MB globals, 20 P
gc 2288 @112.908s 0%: 0.024+0.49+0.008 ms clock, 0.48+0/0.84/0+0.16 ms cpu, 243->243->139 MB, 243 MB goal, 0 MB stacks, 0 MB globals, 20 P
gc 2289 @112.934s 0%: 0.023+5.2+0.010 ms clock, 0.46+0/5.8/0+0.20 ms cpu, 281->281->122 MB, 281 MB goal, 0 MB stacks, 0 MB globals, 20 P
gc 2290 @112.959s 0%: 0.017+0.57+0.003 ms clock, 0.34+0.096/0.54/0.009+0.071 ms cpu, 240->241->110 MB, 244 MB goal, 0 MB stacks, 0 MB globals, 20 P
gc 2291 @112.977s 0%: 0.018+1.8+0.003 ms clock, 0.36+0/2.1/0+0.073 ms cpu, 222->222->115 MB, 222 MB goal, 0 MB stacks, 0 MB globals, 20 P
gc 2292 @113.006s 0%: 0.017+0.40+0.12 ms clock, 0.34+0.034/0.64/0+2.4 ms cpu, 226->228->105 MB, 230 MB goal, 0 MB stacks, 0 MB globals, 20 P
gc 2293 @113.030s 0%: 0.016+0.66+0.004 ms clock, 0.33+0.009/0.71/0+0.091 ms cpu, 208->211->110 MB, 211 MB goal, 0 MB stacks, 0 MB globals, 20 P
gc 2294 @113.045s 0%: 0.017+0.70+0.005 ms clock, 0.35+0/0.97/0+0.11 ms cpu, 218->218->110 MB, 220 MB goal, 0 MB stacks, 0 MB globals, 20 P
gc 2295 @113.061s 0%: 0.016+3.6+0.003 ms clock, 0.32+0/3.8/0+0.078 ms cpu, 221->221->115 MB, 221 MB goal, 0 MB stacks, 0 MB globals, 20 P
gc 2296 @113.078s 0%: 0.022+5.6+0.005 ms clock, 0.45+0/5.8/0+0.11 ms cpu, 236->236->122 MB, 236 MB goal, 0 MB stacks, 0 MB globals, 20 P
gc 2297 @113.102s 0%: 0.016+1.3+0.003 ms clock, 0.32+0/1.2/0+0.073 ms cpu, 242->245->116 MB, 245 MB goal, 0 MB stacks, 0 MB globals, 20 P
gc 2298 @113.117s 0%: 0.016+1.6+0.003 ms clock, 0.33+0/1.8/0+0.071 ms cpu, 232->232->119 MB, 232 MB goal, 0 MB stacks, 0 MB globals, 20 P
gc 2299 @113.135s 0%: 0.017+2.0+0.009 ms clock, 0.34+0/2.3/0+0.18 ms cpu, 250->250->129 MB, 250 MB goal, 0 MB stacks, 0 MB globals, 20 P
gc 2300 @113.162s 0%: 0.031+1.3+0.006 ms clock, 0.62+0/1.9/0.013+0.13 ms cpu, 257->257->118 MB, 258 MB goal, 0 MB stacks, 0 MB globals, 20 P
gc 2301 @113.184s 0%: 0.020+0.45+0.009 ms clock, 0.41+0/0.63/0+0.19 ms cpu, 244->244->133 MB, 244 MB goal, 0 MB stacks, 0 MB globals, 20 P
gc 2302 @113.205s 0%: 0.019+4.5+0.003 ms clock, 0.39+0/4.9/0.058+0.062 ms cpu, 271->271->118 MB, 271 MB goal, 0 MB stacks, 0 MB globals, 20 P
gc 2303 @113.234s 0%: 0.017+0.37+0.003 ms clock, 0.34+0/0.95/0+0.075 ms cpu, 233->233->106 MB, 236 MB goal, 0 MB stacks, 0 MB globals, 20 P
gc 2304 @113.253s 0%: 0.025+3.6+0.005 ms clock, 0.51+0/4.4/0.21+0.11 ms cpu, 213->213->109 MB, 213 MB goal, 0 MB stacks, 0 MB globals, 20 P
gc 2305 @113.276s 0%: 0.024+1.0+0.007 ms clock, 0.49+0/1.7/0+0.14 ms cpu, 216->216->113 MB, 218 MB goal, 0 MB stacks, 0 MB globals, 20 P
gc 2306 @113.296s 0%: 0.034+8.0+0.004 ms clock, 0.69+0/8.7/0.002+0.088 ms cpu, 228->228->119 MB, 228 MB goal, 0 MB stacks, 0 MB globals, 20 P
gc 2307 @113.337s 0%: 0.054+0.52+0.017 ms clock, 1.0+0/1.1/0+0.34 ms cpu, 242->242->138 MB, 242 MB goal, 0 MB stacks, 0 MB globals, 20 P
gc 2308 @113.370s 0%: 0.027+2.4+0.005 ms clock, 0.54+0/3.2/0.004+0.11 ms cpu, 281->281->121 MB, 281 MB goal, 0 MB stacks, 0 MB globals, 20 P
gc 2309 @113.390s 0%: 0.025+2.1+0.13 ms clock, 0.50+0/2.9/0+2.7 ms cpu, 242->242->129 MB, 244 MB goal, 0 MB stacks, 0 MB globals, 20 P
gc 2310 @113.417s 0%: 0.020+0.58+0.003 ms clock, 0.40+0/0.86/0+0.074 ms cpu, 256->256->117 MB, 258 MB goal, 0 MB stacks, 0 MB globals, 20 P
gc 2311 @113.440s 0%: 0.021+0.97+0.003 ms clock, 0.43+0/1.7/0.004+0.079 ms cpu, 239->239->123 MB, 239 MB goal, 0 MB stacks, 0 MB globals, 20 P
gc 2312 @113.455s 0%: 0.022+5.2+0.004 ms clock, 0.45+0/5.7/0+0.092 ms cpu, 243->243->128 MB, 247 MB goal, 0 MB stacks, 0 MB globals, 20 P
gc 2313 @113.489s 0%: 0.021+0.70+0.004 ms clock, 0.43+0.059/1.3/0.004+0.094 ms cpu, 253->253->114 MB, 257 MB goal, 0 MB stacks, 0 MB globals, 20 P
gc 2314 @113.512s 0%: 0.028+3.6+0.005 ms clock, 0.56+0/4.4/0+0.11 ms cpu, 231->231->121 MB, 232 MB goal, 0 MB stacks, 0 MB globals, 20 P
gc 2315 @113.551s 0%: 0.043+2.0+0.008 ms clock, 0.87+0.057/2.8/0+0.16 ms cpu, 240->240->111 MB, 242 MB goal, 0 MB stacks, 0 MB globals, 20 P
gc 2316 @113.580s 0%: 0.027+2.1+0.010 ms clock, 0.55+0/3.0/0.061+0.21 ms cpu, 222->222->115 MB, 224 MB goal, 0 MB stacks, 0 MB globals, 20 P
gc 2317 @113.600s 0%: 0.018+1.5+0.003 ms clock, 0.37+0/1.9/0+0.063 ms cpu, 236->236->121 MB, 236 MB goal, 0 MB stacks, 0 MB globals, 20 P
gc 2318 @113.628s 0%: 0.018+0.54+0.004 ms clock, 0.37+0.031/0.83/0+0.092 ms cpu, 241->241->109 MB, 243 MB goal, 0 MB stacks, 0 MB globals, 20 P
gc 2319 @113.653s 0%: 0.019+2.3+0.003 ms clock, 0.39+0/2.7/0+0.070 ms cpu, 221->221->115 MB, 221 MB goal, 0 MB stacks, 0 MB globals, 20 P
gc 2320 @113.682s 0%: 0.020+9.1+0.006 ms clock, 0.41+0/9.5/0+0.13 ms cpu, 238->238->123 MB, 238 MB goal, 0 MB stacks, 0 MB globals, 20 P
gc 2321 @113.721s 0%: 0.021+0.49+0.007 ms clock, 0.43+0/0.65/0+0.15 ms cpu, 244->244->140 MB, 246 MB goal, 0 MB stacks, 0 MB globals, 20 P
gc 2322 @113.750s 0%: 0.022+4.6+0.005 ms clock, 0.44+0/5.1/0.025+0.11 ms cpu, 278->278->122 MB, 281 MB goal, 0 MB stacks, 0 MB globals, 20 P
gc 2323 @113.772s 0%: 0.020+0.43+0.012 ms clock, 0.40+0/0.92/0+0.25 ms cpu, 245->245->140 MB, 246 MB goal, 0 MB stacks, 0 MB globals, 20 P
gc 2324 @113.799s 0%: 0.031+2.3+0.006 ms clock, 0.62+0/3.2/0.11+0.12 ms cpu, 282->282->120 MB, 282 MB goal, 0 MB stacks, 0 MB globals, 20 P
gc 2325 @113.838s 0%: 0.031+0.66+0.009 ms clock, 0.62+0/1.2/0.013+0.19 ms cpu, 238->238->135 MB, 241 MB goal, 0 MB stacks, 0 MB globals, 20 P
gc 2326 @113.869s 0%: 0.020+1.7+0.005 ms clock, 0.41+0/2.3/0.085+0.10 ms cpu, 273->273->121 MB, 273 MB goal, 0 MB stacks, 0 MB globals, 20 P
gc 2327 @113.891s 0%: 0.019+0.99+0.003 ms clock, 0.39+0.045/0.92/0.036+0.079 ms cpu, 239->243->113 MB, 243 MB goal, 0 MB stacks, 0 MB globals, 20 P
gc 2328 @113.909s 0%: 0.018+3.8+0.003 ms clock, 0.36+0/4.0/0+0.075 ms cpu, 229->229->115 MB, 229 MB goal, 0 MB stacks, 0 MB globals, 20 P
gc 2329 @113.929s 0%: 0.018+1.1+0.003 ms clock, 0.37+0/1.4/0.001+0.067 ms cpu, 230->230->119 MB, 230 MB goal, 0 MB stacks, 0 MB globals, 20 P
gc 2330 @113.948s 0%: 0.021+0.52+0.009 ms clock, 0.43+0/0.89/0+0.18 ms cpu, 242->242->136 MB, 242 MB goal, 0 MB stacks, 0 MB globals, 20 P
gc 2331 @113.971s 0%: 0.017+3.7+0.003 ms clock, 0.34+0/4.1/0.040+0.078 ms cpu, 279->279->120 MB, 279 MB goal, 0 MB stacks, 0 MB globals, 20 P
gc 2332 @113.989s 0%: 0.018+1.3+0.005 ms clock, 0.37+0/1.6/0+0.11 ms cpu, 241->241->127 MB, 241 MB goal, 0 MB stacks, 0 MB globals, 20 P
gc 2333 @114.015s 0%: 0.016+0.44+0.005 ms clock, 0.33+0/0.74/0+0.11 ms cpu, 253->253->116 MB, 255 MB goal, 0 MB stacks, 0 MB globals, 20 P
gc 2334 @114.035s 0%: 0.023+2.0+0.006 ms clock, 0.47+0/2.7/0+0.13 ms cpu, 237->237->121 MB, 237 MB goal, 0 MB stacks, 0 MB globals, 20 P
gc 2335 @114.057s 0%: 0.018+0.40+0.058 ms clock, 0.37+0.25/0.72/0.11+1.1 ms cpu, 239->239->108 MB, 242 MB goal, 0 MB stacks, 0 MB globals, 20 P
gc 2336 @114.088s 0%: 0.028+2.4+0.006 ms clock, 0.56+0/3.1/0.038+0.12 ms cpu, 215->215->111 MB, 218 MB goal, 0 MB stacks, 0 MB globals, 20 P
gc 2337 @114.121s 0%: 0.023+0.77+0.082 ms clock, 0.47+0/1.6/0.15+1.6 ms cpu, 219->219->114 MB, 223 MB goal, 0 MB stacks, 0 MB globals, 20 P
gc 2338 @114.139s 0%: 0.023+4.2+0.004 ms clock, 0.46+0/4.6/0+0.080 ms cpu, 238->238->120 MB, 238 MB goal, 0 MB stacks, 0 MB globals, 20 P
gc 2339 @114.171s 0%: 0.030+0.74+0.020 ms clock, 0.61+0/1.4/0.13+0.41 ms cpu, 243->243->138 MB, 243 MB goal, 0 MB stacks, 0 MB globals, 20 P
gc 2340 @114.208s 0%: 0.026+4.7+0.003 ms clock, 0.52+0/5.5/0.16+0.071 ms cpu, 280->280->120 MB, 280 MB goal, 0 MB stacks, 0 MB globals, 20 P
gc 2341 @114.228s 0%: 0.019+2.1+0.004 ms clock, 0.39+0/2.3/0+0.080 ms cpu, 241->241->127 MB, 241 MB goal, 0 MB stacks, 0 MB globals, 20 P
gc 2342 @114.252s 0%: 0.019+0.56+0.005 ms clock, 0.38+0/0.87/0+0.11 ms cpu, 254->254->117 MB, 255 MB goal, 0 MB stacks, 0 MB globals, 20 P
gc 2343 @114.267s 0%: 0.016+0.76+0.003 ms clock, 0.33+0/1.1/0+0.065 ms cpu, 238->238->122 MB, 238 MB goal, 0 MB stacks, 0 MB globals, 20 P
gc 2344 @114.286s 0%: 0.027+0.60+0.003 ms clock, 0.54+0/1.2/0+0.073 ms cpu, 242->242->112 MB, 244 MB goal, 0 MB stacks, 0 MB globals, 20 P
gc 2345 @114.307s 0%: 0.027+1.0+0.006 ms clock, 0.55+0/2.0/0.016+0.12 ms cpu, 224->224->116 MB, 225 MB goal, 0 MB stacks, 0 MB globals, 20 P
gc 2346 @114.339s 0%: 0.018+0.38+0.003 ms clock, 0.37+0.14/0.61/0.086+0.062 ms cpu, 230->230->106 MB, 233 MB goal, 0 MB stacks, 0 MB globals, 20 P
gc 2347 @114.355s 0%: 0.017+0.96+0.003 ms clock, 0.35+0/1.4/0.006+0.079 ms cpu, 211->211->108 MB, 213 MB goal, 0 MB stacks, 0 MB globals, 20 P
gc 2348 @114.371s 0%: 0.018+1.3+0.004 ms clock, 0.37+0/1.8/0+0.096 ms cpu, 216->216->111 MB, 216 MB goal, 0 MB stacks, 0 MB globals, 20 P
gc 2349 @114.390s 0%: 0.019+1.0+0.002 ms clock, 0.39+0/1.1/0+0.058 ms cpu, 222->222->116 MB, 223 MB goal, 0 MB stacks, 0 MB globals, 20 P
gc 2350 @114.406s 0%: 0.019+4.6+0.003 ms clock, 0.38+0/5.0/0.088+0.065 ms cpu, 237->237->122 MB, 237 MB goal, 0 MB stacks, 0 MB globals, 20 P
gc 2351 @114.429s 0%: 0.016+0.41+0.002 ms clock, 0.32+0.032/0.82/0+0.058 ms cpu, 241->241->112 MB, 244 MB goal, 0 MB stacks, 0 MB globals, 20 P
gc 2352 @114.444s 0%: 0.017+1.8+0.003 ms clock, 0.34+0/2.2/0+0.068 ms cpu, 223->223->117 MB, 225 MB goal, 0 MB stacks, 0 MB globals, 20 P
gc 2353 @114.462s 0%: 0.016+1.2+0.073 ms clock, 0.32+0/1.5/0.006+1.4 ms cpu, 239->239->124 MB, 239 MB goal, 0 MB stacks, 0 MB globals, 20 P
gc 2354 @114.486s 0%: 0.022+0.50+0.003 ms clock, 0.45+0/1.1/0.058+0.061 ms cpu, 248->248->112 MB, 249 MB goal, 0 MB stacks, 0 MB globals, 20 P
gc 2355 @114.500s 0%: 0.018+4.2+0.005 ms clock, 0.36+0/4.4/0+0.11 ms cpu, 230->230->119 MB, 230 MB goal, 0 MB stacks, 0 MB globals, 20 P
gc 2356 @114.525s 0%: 0.030+0.73+0.005 ms clock, 0.60+0/1.3/0.031+0.10 ms cpu, 237->237->108 MB, 239 MB goal, 0 MB stacks, 0 MB globals, 20 P
gc 2357 @114.539s 0%: 0.021+0.64+0.006 ms clock, 0.43+0/1.2/0.30+0.13 ms cpu, 213->213->110 MB, 217 MB goal, 0 MB stacks, 0 MB globals, 20 P
gc 2358 @114.559s 0%: 0.024+3.7+0.004 ms clock, 0.49+0/4.1/0.007+0.083 ms cpu, 217->217->114 MB, 221 MB goal, 0 MB stacks, 0 MB globals, 20 P
gc 2359 @114.588s 0%: 0.026+1.8+0.004 ms clock, 0.53+0/2.5/0+0.093 ms cpu, 229->229->119 MB, 229 MB goal, 0 MB stacks, 0 MB globals, 20 P
gc 2360 @114.617s 0%: 0.021+0.48+0.011 ms clock, 0.43+0/0.84/0.001+0.23 ms cpu, 242->242->138 MB, 242 MB goal, 0 MB stacks, 0 MB globals, 20 P
gc 2361 @114.647s 0%: 0.019+3.6+0.003 ms clock, 0.39+0/3.8/0+0.063 ms cpu, 281->281->122 MB, 281 MB goal, 0 MB stacks, 0 MB globals, 20 P
gc 2362 @114.667s 0%: 0.020+2.5+0.005 ms clock, 0.40+0/2.9/0+0.10 ms cpu, 243->243->129 MB, 244 MB goal, 0 MB stacks, 0 MB globals, 20 P
gc 2363 @114.693s 0%: 0.021+0.47+0.003 ms clock, 0.42+0/1.0/0+0.069 ms cpu, 255->255->116 MB, 258 MB goal, 0 MB stacks, 0 MB globals, 20 P
gc 2364 @114.714s 0%: 0.029+3.8+0.004 ms clock, 0.59+0/4.4/0.20+0.088 ms cpu, 233->233->122 MB, 233 MB goal, 0 MB stacks, 0 MB globals, 20 P
gc 2365 @114.740s 0%: 0.019+0.50+0.005 ms clock, 0.39+0.006/0.94/0+0.11 ms cpu, 243->243->110 MB, 246 MB goal, 0 MB stacks, 0 MB globals, 20 P
gc 2366 @114.753s 0%: 0.019+1.0+0.003 ms clock, 0.39+0/1.3/0+0.074 ms cpu, 218->218->114 MB, 221 MB goal, 0 MB stacks, 0 MB globals, 20 P
gc 2367 @114.773s 0%: 0.022+0.62+0.005 ms clock, 0.44+0/1.1/0+0.10 ms cpu, 227->227->101 MB, 229 MB goal, 0 MB stacks, 0 MB globals, 20 P
gc 2368 @114.786s 0%: 0.039+4.6+0.004 ms clock, 0.78+0/5.0/0+0.099 ms cpu, 208->208->106 MB, 209 MB goal, 0 MB stacks, 0 MB globals, 20 P
gc 2369 @114.814s 0%: 0.035+0.69+0.007 ms clock, 0.71+0.086/1.2/0.049+0.14 ms cpu, 210->211->94 MB, 213 MB goal, 0 MB stacks, 0 MB globals, 20 P
gc 2370 @114.834s 0%: 0.036+1.1+0.006 ms clock, 0.73+0/1.5/0+0.12 ms cpu, 185->185->93 MB, 189 MB goal, 0 MB stacks, 0 MB globals, 20 P
gc 2371 @114.865s 0%: 0.027+6.4+0.007 ms clock, 0.54+0/7.0/0+0.14 ms cpu, 191->191->98 MB, 191 MB goal, 0 MB stacks, 0 MB globals, 20 P
gc 2372 @114.900s 0%: 0.021+0.43+0.005 ms clock, 0.43+0/0.72/0+0.10 ms cpu, 195->195->112 MB, 197 MB goal, 0 MB stacks, 0 MB globals, 20 P
gc 2373 @114.923s 0%: 0.019+0.95+0.013 ms clock, 0.39+0/1.2/0.039+0.26 ms cpu, 225->225->96 MB, 225 MB goal, 0 MB stacks, 0 MB globals, 20 P
gc 2374 @114.938s 0%: 0.026+3.2+0.009 ms clock, 0.53+0.017/4.0/0+0.18 ms cpu, 192->192->101 MB, 193 MB goal, 0 MB stacks, 0 MB globals, 20 P
gc 2375 @114.964s 0%: 0.017+0.64+0.003 ms clock, 0.35+0.024/0.70/0.010+0.076 ms cpu, 198->202->94 MB, 202 MB goal, 0 MB stacks, 0 MB globals, 20 P
gc 2376 @114.980s 0%: 0.028+1.1+0.011 ms clock, 0.57+0/2.3/0+0.22 ms cpu, 191->191->96 MB, 191 MB goal, 0 MB stacks, 0 MB globals, 20 P
gc 2377 @115.001s 0%: 0.037+8.6+0.005 ms clock, 0.74+0/9.7/0.006+0.10 ms cpu, 194->194->102 MB, 194 MB goal, 0 MB stacks, 0 MB globals, 20 P
gc 2378 @115.030s 0%: 0.022+0.49+0.007 ms clock, 0.45+0.072/0.95/0+0.15 ms cpu, 202->202->95 MB, 205 MB goal, 0 MB stacks, 0 MB globals, 20 P
gc 2379 @115.060s 0%: 0.055+9.6+0.007 ms clock, 1.1+0/11/0.35+0.14 ms cpu, 189->189->100 MB, 190 MB goal, 0 MB stacks, 0 MB globals, 20 P
gc 2380 @115.088s 0%: 0.018+0.80+0.003 ms clock, 0.36+0/1.2/0+0.060 ms cpu, 201->201->105 MB, 201 MB goal, 0 MB stacks, 0 MB globals, 20 P
gc 2381 @115.102s 0%: 0.017+3.5+0.003 ms clock, 0.35+0/3.9/0.092+0.064 ms cpu, 208->208->110 MB, 211 MB goal, 0 MB stacks, 0 MB globals, 20 P
gc 2382 @115.121s 0%: 0.025+4.9+0.003 ms clock, 0.51+0/5.8/0.13+0.070 ms cpu, 231->231->119 MB, 231 MB goal, 0 MB stacks, 0 MB globals, 20 P
gc 2383 @115.160s 0%: 0.024+1.1+0.006 ms clock, 0.48+0/1.3/0+0.13 ms cpu, 236->238->113 MB, 238 MB goal, 0 MB stacks, 0 MB globals, 20 P
gc 2384 @115.180s 0%: 0.018+2.4+0.003 ms clock, 0.37+0/3.0/0+0.077 ms cpu, 224->224->116 MB, 226 MB goal, 0 MB stacks, 0 MB globals, 20 P
gc 2385 @115.208s 0%: 0.034+6.4+0.003 ms clock, 0.69+0/7.2/0.21+0.069 ms cpu, 240->240->124 MB, 240 MB goal, 0 MB stacks, 0 MB globals, 20 P
gc 2386 @115.234s 0%: 0.024+0.47+0.011 ms clock, 0.49+0/0.98/0+0.22 ms cpu, 246->246->143 MB, 249 MB goal, 0 MB stacks, 0 MB globals, 20 P
gc 2387 @115.267s 0%: 0.029+6.6+0.007 ms clock, 0.58+0/7.4/0.12+0.15 ms cpu, 285->285->123 MB, 286 MB goal, 0 MB stacks, 0 MB globals, 20 P
gc 2388 @115.297s 0%: 0.039+5.5+0.021 ms clock, 0.78+0/6.4/0.086+0.43 ms cpu, 244->257->142 MB, 247 MB goal, 0 MB stacks, 0 MB globals, 20 P
gc 2389 @115.326s 0%: 0.025+2.9+0.010 ms clock, 0.51+0/3.6/0+0.20 ms cpu, 273->273->119 MB, 285 MB goal, 0 MB stacks, 0 MB globals, 20 P
gc 2390 @115.348s 0%: 0.021+1.4+0.020 ms clock, 0.42+0/1.5/0+0.41 ms cpu, 233->245->137 MB, 239 MB goal, 0 MB stacks, 0 MB globals, 20 P
gc 2391 @115.377s 0%: 0.018+1.2+0.004 ms clock, 0.36+0/1.3/0+0.081 ms cpu, 263->263->116 MB, 276 MB goal, 0 MB stacks, 0 MB globals, 20 P
gc 2392 @115.397s 0%: 0.017+0.94+0.005 ms clock, 0.35+0.034/0.70/0+0.10 ms cpu, 220->222->105 MB, 233 MB goal, 0 MB stacks, 0 MB globals, 20 P
gc 2393 @115.418s 0%: 0.020+0.58+0.004 ms clock, 0.40+0.097/0.82/0+0.087 ms cpu, 198->200->105 MB, 211 MB goal, 0 MB stacks, 0 MB globals, 20 P
gc 2394 @115.433s 0%: 0.029+0.73+0.003 ms clock, 0.59+0/0.98/0.005+0.072 ms cpu, 197->199->107 MB, 210 MB goal, 0 MB stacks, 0 MB globals, 20 P
gc 2395 @115.451s 0%: 0.031+0.54+0.005 ms clock, 0.63+0/0.99/0+0.10 ms cpu, 202->202->107 MB, 215 MB goal, 0 MB stacks, 0 MB globals, 20 P
gc 2396 @115.468s 0%: 0.028+2.9+0.006 ms clock, 0.57+0/3.6/0.023+0.13 ms cpu, 203->203->110 MB, 216 MB goal, 0 MB stacks, 0 MB globals, 20 P
gc 2397 @115.496s 0%: 0.033+0.99+0.007 ms clock, 0.67+0/1.5/0+0.14 ms cpu, 212->212->113 MB, 221 MB goal, 0 MB stacks, 0 MB globals, 20 P
gc 2398 @115.512s 0%: 0.017+1.5+0.003 ms clock, 0.35+0/1.9/0+0.078 ms cpu, 220->220->118 MB, 227 MB goal, 0 MB stacks, 0 MB globals, 20 P
gc 2399 @115.532s 0%: 0.025+5.1+0.003 ms clock, 0.51+0/5.6/0.035+0.076 ms cpu, 233->233->124 MB, 236 MB goal, 0 MB stacks, 0 MB globals, 20 P
gc 2400 @115.557s 0%: 0.023+0.51+0.011 ms clock, 0.46+0/1.1/0.003+0.22 ms cpu, 246->246->143 MB, 249 MB goal, 0 MB stacks, 0 MB globals, 20 P
gc 2401 @115.589s 0%: 0.024+4.3+0.005 ms clock, 0.48+0/4.9/0+0.10 ms cpu, 276->276->121 MB, 286 MB goal, 0 MB stacks, 0 MB globals, 20 P
gc 2402 @115.608s 0%: 0.024+1.2+0.006 ms clock, 0.48+0/1.9/0+0.13 ms cpu, 236->236->125 MB, 243 MB goal, 0 MB stacks, 0 MB globals, 20 P
gc 2403 @115.629s 0%: 0.016+0.47+0.017 ms clock, 0.32+0/0.90/0+0.34 ms cpu, 238->241->114 MB, 250 MB goal, 0 MB stacks, 0 MB globals, 20 P
gc 2404 @115.644s 0%: 0.016+1.2+0.002 ms clock, 0.33+0/1.8/0.032+0.058 ms cpu, 218->218->113 MB, 228 MB goal, 0 MB stacks, 0 MB globals, 20 P
gc 2405 @115.661s 0%: 0.029+3.2+0.010 ms clock, 0.59+0/4.2/0+0.20 ms cpu, 225->225->118 MB, 227 MB goal, 0 MB stacks, 0 MB globals, 20 P
gc 2406 @115.690s 0%: 0.023+0.91+0.006 ms clock, 0.46+0/1.0/0.007+0.13 ms cpu, 226->231->112 MB, 238 MB goal, 0 MB stacks, 0 MB globals, 20 P
gc 2407 @115.709s 0%: 0.017+3.6+0.003 ms clock, 0.35+0/3.9/0+0.075 ms cpu, 229->229->113 MB, 229 MB goal, 0 MB stacks, 0 MB globals, 20 P
gc 2408 @115.726s 0%: 0.017+5.4+0.005 ms clock, 0.34+0/5.7/0+0.10 ms cpu, 234->234->119 MB, 234 MB goal, 0 MB stacks, 0 MB globals, 20 P
gc 2409 @115.756s 0%: 0.019+0.57+0.006 ms clock, 0.39+0.12/0.72/0+0.12 ms cpu, 234->236->110 MB, 239 MB goal, 0 MB stacks, 0 MB globals, 20 P
gc 2410 @115.773s 0%: 0.016+0.51+0.003 ms clock, 0.33+0/0.92/0+0.067 ms cpu, 218->218->113 MB, 221 MB goal, 0 MB stacks, 0 MB globals, 20 P
gc 2411 @115.789s 0%: 0.019+0.93+0.003 ms clock, 0.39+0/1.2/0+0.063 ms cpu, 230->230->120 MB, 230 MB goal, 0 MB stacks, 0 MB globals, 20 P
gc 2412 @115.808s 0%: 0.020+3.6+0.003 ms clock, 0.41+0/3.8/0+0.077 ms cpu, 241->241->127 MB, 241 MB goal, 0 MB stacks, 0 MB globals, 20 P
gc 2413 @115.835s 0%: 0.017+1.1+0.004 ms clock, 0.35+0.073/0.86/0.006+0.090 ms cpu, 250->254->120 MB, 255 MB goal, 0 MB stacks, 0 MB globals, 20 P
gc 2414 @115.852s 0%: 0.018+1.6+0.004 ms clock, 0.36+0/1.9/0.001+0.085 ms cpu, 243->243->123 MB, 243 MB goal, 0 MB stacks, 0 MB globals, 20 P
gc 2415 @115.874s 0%: 0.020+0.52+0.005 ms clock, 0.40+0/1.1/0.006+0.10 ms cpu, 243->243->114 MB, 247 MB goal, 0 MB stacks, 0 MB globals, 20 P
gc 2416 @115.896s 0%: 0.017+3.0+0.003 ms clock, 0.35+0/3.3/0+0.070 ms cpu, 226->226->118 MB, 228 MB goal, 0 MB stacks, 0 MB globals, 20 P
gc 2417 @115.918s 0%: 0.031+2.9+0.012 ms clock, 0.62+0/3.5/0.005+0.24 ms cpu, 233->233->122 MB, 236 MB goal, 0 MB stacks, 0 MB globals, 20 P
gc 2418 @115.959s 0%: 0.032+0.48+0.009 ms clock, 0.64+0/0.68/0+0.19 ms cpu, 245->245->139 MB, 245 MB goal, 0 MB stacks, 0 MB globals, 20 P
gc 2419 @115.992s 0%: 0.028+5.1+0.004 ms clock, 0.57+0/5.6/0.010+0.092 ms cpu, 282->282->120 MB, 282 MB goal, 0 MB stacks, 0 MB globals, 20 P
gc 2420 @116.014s 0%: 0.018+1.8+0.003 ms clock, 0.36+0/2.0/0.001+0.078 ms cpu, 241->241->125 MB, 241 MB goal, 0 MB stacks, 0 MB globals, 20 P
gc 2421 @116.040s 0%: 0.019+0.49+0.008 ms clock, 0.39+0.075/0.66/0+0.17 ms cpu, 248->248->116 MB, 252 MB goal, 0 MB stacks, 0 MB globals, 20 P
gc 2422 @116.060s 0%: 0.019+0.75+0.003 ms clock, 0.38+0/0.96/0+0.068 ms cpu, 233->233->121 MB, 234 MB goal, 0 MB stacks, 0 MB globals, 20 P
gc 2423 @116.077s 0%: 0.021+4.9+0.003 ms clock, 0.42+0/5.1/0+0.067 ms cpu, 252->252->129 MB, 252 MB goal, 0 MB stacks, 0 MB globals, 20 P
gc 2424 @116.106s 0%: 0.027+0.95+0.008 ms clock, 0.55+0/1.4/0.029+0.16 ms cpu, 254->254->115 MB, 258 MB goal, 0 MB stacks, 0 MB globals, 20 P
gc 2425 @116.140s 0%: 0.034+12+0.007 ms clock, 0.68+0/13/0.32+0.14 ms cpu, 232->232->122 MB, 232 MB goal, 0 MB stacks, 0 MB globals, 20 P
gc 2426 @116.176s 0%: 0.015+0.52+0.006 ms clock, 0.31+0.009/0.94/0+0.13 ms cpu, 241->241->109 MB, 244 MB goal, 0 MB stacks, 0 MB globals, 20 P
gc 2427 @116.190s 0%: 0.019+0.93+0.003 ms clock, 0.38+0/1.4/0.027+0.076 ms cpu, 218->218->114 MB, 219 MB goal, 0 MB stacks, 0 MB globals, 20 P
gc 2428 @116.210s 0%: 0.022+2.9+0.003 ms clock, 0.45+0/3.0/0+0.076 ms cpu, 236->236->120 MB, 236 MB goal, 0 MB stacks, 0 MB globals, 20 P
gc 2429 @116.241s 0%: 0.018+0.60+0.005 ms clock, 0.37+0.091/0.89/0.023+0.10 ms cpu, 237->240->110 MB, 241 MB goal, 0 MB stacks, 0 MB globals, 20 P
gc 2430 @116.259s 0%: 0.017+0.53+0.005 ms clock, 0.35+0/1.0/0+0.10 ms cpu, 221->221->113 MB, 221 MB goal, 0 MB stacks, 0 MB globals, 20 P
gc 2431 @116.280s 0%: 0.029+1.5+0.11 ms clock, 0.58+0/2.3/0.002+2.3 ms cpu, 224->224->118 MB, 226 MB goal, 0 MB stacks, 0 MB globals, 20 P
gc 2432 @116.299s 0%: 0.027+3.7+0.007 ms clock, 0.54+0/4.1/0.004+0.15 ms cpu, 239->239->125 MB, 239 MB goal, 0 MB stacks, 0 MB globals, 20 P
gc 2433 @116.327s 0%: 0.021+0.48+0.006 ms clock, 0.42+0/1.0/0+0.13 ms cpu, 248->248->116 MB, 251 MB goal, 0 MB stacks, 0 MB globals, 20 P
gc 2434 @116.343s 0%: 0.016+0.70+0.003 ms clock, 0.32+0/1.4/0.035+0.063 ms cpu, 233->233->121 MB, 233 MB goal, 0 MB stacks, 0 MB globals, 20 P
gc 2435 @116.363s 0%: 0.023+5.8+0.005 ms clock, 0.46+0/5.9/0+0.10 ms cpu, 252->252->129 MB, 252 MB goal, 0 MB stacks, 0 MB globals, 20 P
gc 2436 @116.389s 0%: 0.017+0.64+0.003 ms clock, 0.35+0.046/0.98/0+0.065 ms cpu, 255->255->116 MB, 258 MB goal, 0 MB stacks, 0 MB globals, 20 P
gc 2437 @116.406s 0%: 0.027+2.2+0.004 ms clock, 0.55+0/3.1/0.029+0.087 ms cpu, 238->238->122 MB, 238 MB goal, 0 MB stacks, 0 MB globals, 20 P
gc 2438 @116.435s 0%: 0.019+0.53+0.004 ms clock, 0.39+0/0.91/0+0.096 ms cpu, 242->242->112 MB, 244 MB goal, 0 MB stacks, 0 MB globals, 20 P
gc 2439 @116.454s 0%: 0.017+0.71+0.003 ms clock, 0.35+0/1.2/0.080+0.072 ms cpu, 224->224->116 MB, 225 MB goal, 0 MB stacks, 0 MB globals, 20 P
gc 2440 @116.471s 0%: 0.022+6.0+0.005 ms clock, 0.45+0/6.6/0.008+0.11 ms cpu, 231->231->121 MB, 233 MB goal, 0 MB stacks, 0 MB globals, 20 P
gc 2441 @116.502s 0%: 0.020+0.68+0.006 ms clock, 0.40+0.032/0.78/0+0.13 ms cpu, 238->241->112 MB, 242 MB goal, 0 MB stacks, 0 MB globals, 20 P
gc 2442 @116.524s 0%: 0.021+3.1+0.005 ms clock, 0.43+0/3.3/0+0.10 ms cpu, 227->227->114 MB, 227 MB goal, 0 MB stacks, 0 MB globals, 20 P
gc 2443 @116.542s 0%: 0.020+4.5+0.004 ms clock, 0.40+0/5.1/0.011+0.082 ms cpu, 229->229->119 MB, 229 MB goal, 0 MB stacks, 0 MB globals, 20 P
gc 2444 @116.567s 0%: 0.022+0.47+0.005 ms clock, 0.44+0/0.75/0.010+0.10 ms cpu, 241->241->136 MB, 241 MB goal, 0 MB stacks, 0 MB globals, 20 P
gc 2445 @116.591s 0%: 0.026+3.9+0.003 ms clock, 0.53+0/4.2/0+0.071 ms cpu, 279->279->117 MB, 279 MB goal, 0 MB stacks, 0 MB globals, 20 P
gc 2446 @116.611s 0%: 0.018+5.4+0.004 ms clock, 0.36+0/5.7/0.046+0.082 ms cpu, 238->238->124 MB, 238 MB goal, 0 MB stacks, 0 MB globals, 20 P
gc 2447 @116.638s 0%: 0.017+1.0+0.003 ms clock, 0.35+0.008/1.1/0+0.068 ms cpu, 245->245->113 MB, 249 MB goal, 0 MB stacks, 0 MB globals, 20 P
gc 2448 @116.658s 0%: 0.022+3.6+0.005 ms clock, 0.44+0/3.8/0+0.11 ms cpu, 235->235->122 MB, 235 MB goal, 0 MB stacks, 0 MB globals, 20 P
gc 2449 @116.693s 0%: 0.018+0.40+0.003 ms clock, 0.37+0/0.76/0.10+0.067 ms cpu, 244->244->112 MB, 246 MB goal, 0 MB stacks, 0 MB globals, 20 P
gc 2450 @116.721s 0%: 0.019+0.66+0.003 ms clock, 0.38+0/1.1/0.052+0.068 ms cpu, 228->228->116 MB, 228 MB goal, 0 MB stacks, 0 MB globals, 20 P
gc 2451 @116.737s 0%: 0.019+1.1+0.003 ms clock, 0.38+0/1.4/0+0.065 ms cpu, 232->232->121 MB, 234 MB goal, 0 MB stacks, 0 MB globals, 20 P
gc 2452 @116.761s 0%: 0.024+0.51+0.014 ms clock, 0.48+0/0.91/0+0.28 ms cpu, 243->243->138 MB, 243 MB goal, 0 MB stacks, 0 MB globals, 20 P
gc 2453 @116.794s 0%: 0.025+4.7+0.003 ms clock, 0.50+0/5.2/0+0.079 ms cpu, 276->276->122 MB, 277 MB goal, 0 MB stacks, 0 MB globals, 20 P
gc 2454 @116.819s 0%: 0.064+0.49+0.005 ms clock, 1.2+0/0.77/0+0.11 ms cpu, 242->242->111 MB, 246 MB goal, 0 MB stacks, 0 MB globals, 20 P
gc 2455 @116.835s 0%: 0.020+3.7+0.006 ms clock, 0.41+0/3.9/0+0.12 ms cpu, 220->220->116 MB, 223 MB goal, 0 MB stacks, 0 MB globals, 20 P
gc 2456 @116.861s 0%: 0.023+0.51+0.009 ms clock, 0.47+0/0.90/0.004+0.19 ms cpu, 234->234->135 MB, 234 MB goal, 0 MB stacks, 0 MB globals, 20 P
gc 2457 @116.887s 0%: 0.023+4.2+0.005 ms clock, 0.46+0/4.3/0.11+0.10 ms cpu, 267->267->113 MB, 270 MB goal, 0 MB stacks, 0 MB globals, 20 P
gc 2458 @116.909s 0%: 0.027+1.8+0.006 ms clock, 0.55+0/2.6/0+0.12 ms cpu, 228->228->117 MB, 228 MB goal, 0 MB stacks, 0 MB globals, 20 P
gc 2459 @116.939s 0%: 0.020+0.64+0.073 ms clock, 0.40+0/0.68/0+1.4 ms cpu, 240->240->136 MB, 240 MB goal, 0 MB stacks, 0 MB globals, 20 P
gc 2460 @116.965s 0%: 0.036+6.1+0.003 ms clock, 0.72+0/6.3/0+0.073 ms cpu, 279->279->120 MB, 279 MB goal, 0 MB stacks, 0 MB globals, 20 P
gc 2461 @116.992s 0%: 0.025+1.7+0.008 ms clock, 0.51+0/2.5/0.008+0.16 ms cpu, 241->241->127 MB, 241 MB goal, 0 MB stacks, 0 MB globals, 20 P
gc 2462 @117.033s 0%: 0.023+0.54+0.005 ms clock, 0.47+0/0.91/0+0.11 ms cpu, 254->254->117 MB, 255 MB goal, 0 MB stacks, 0 MB globals, 20 P
gc 2463 @117.051s 0%: 0.032+7.0+0.006 ms clock, 0.64+0/7.9/0.023+0.12 ms cpu, 239->239->123 MB, 239 MB goal, 0 MB stacks, 0 MB globals, 20 P
gc 2464 @117.084s 0%: 0.032+2.4+0.016 ms clock, 0.64+0/3.1/0+0.33 ms cpu, 243->243->128 MB, 247 MB goal, 0 MB stacks, 0 MB globals, 20 P
gc 2465 @117.121s 0%: 0.027+3.8+0.007 ms clock, 0.54+0/4.5/0.040+0.15 ms cpu, 257->257->115 MB, 257 MB goal, 0 MB stacks, 0 MB globals, 20 P
gc 2466 @117.149s 0%: 0.030+2.0+0.006 ms clock, 0.61+0/2.7/0+0.12 ms cpu, 227->227->120 MB, 230 MB goal, 0 MB stacks, 0 MB globals, 20 P
gc 2467 @117.179s 0%: 0.031+4.6+0.007 ms clock, 0.63+0/5.3/0+0.14 ms cpu, 240->240->111 MB, 241 MB goal, 0 MB stacks, 0 MB globals, 20 P
gc 2468 @117.198s 0%: 0.018+4.2+0.005 ms clock, 0.36+0/4.4/0+0.11 ms cpu, 222->222->115 MB, 222 MB goal, 0 MB stacks, 0 MB globals, 20 P
gc 2469 @117.226s 0%: 0.030+8.7+0.003 ms clock, 0.60+0/9.4/0+0.079 ms cpu, 235->235->120 MB, 235 MB goal, 0 MB stacks, 0 MB globals, 20 P
gc 2470 @117.266s 0%: 0.022+0.43+0.004 ms clock, 0.44+0/1.0/0.010+0.093 ms cpu, 240->240->109 MB, 241 MB goal, 0 MB stacks, 0 MB globals, 20 P
gc 2471 @117.286s 0%: 0.016+0.68+0.002 ms clock, 0.32+0/0.83/0+0.051 ms cpu, 221->221->114 MB, 221 MB goal, 0 MB stacks, 0 MB globals, 20 P
gc 2472 @117.306s 0%: 0.018+3.8+0.003 ms clock, 0.36+0/4.1/0+0.061 ms cpu, 237->237->122 MB, 238 MB goal, 0 MB stacks, 0 MB globals, 20 P
gc 2473 @117.334s 0%: 0.018+0.36+0.003 ms clock, 0.37+0/0.86/0+0.063 ms cpu, 244->244->114 MB, 245 MB goal, 0 MB stacks, 0 MB globals, 20 P
gc 2474 @117.348s 0%: 0.021+3.6+0.003 ms clock, 0.42+0/3.8/0+0.071 ms cpu, 229->229->118 MB, 230 MB goal, 0 MB stacks, 0 MB globals, 20 P
gc 2475 @117.374s 0%: 0.018+0.41+0.003 ms clock, 0.37+0.14/0.58/0+0.074 ms cpu, 232->233->108 MB, 236 MB goal, 0 MB stacks, 0 MB globals, 20 P
gc 2476 @117.387s 0%: 0.017+1.4+0.003 ms clock, 0.34+0/1.6/0+0.075 ms cpu, 216->216->110 MB, 218 MB goal, 0 MB stacks, 0 MB globals, 20 P
gc 2477 @117.404s 0%: 0.018+1.4+0.004 ms clock, 0.37+0/1.8/0.016+0.084 ms cpu, 223->223->114 MB, 223 MB goal, 0 MB stacks, 0 MB globals, 20 P
gc 2478 @117.418s 0%: 0.020+3.3+0.004 ms clock, 0.40+0/3.5/0+0.080 ms cpu, 230->230->119 MB, 230 MB goal, 0 MB stacks, 0 MB globals, 20 P
gc 2479 @117.439s 0%: 0.019+0.43+0.009 ms clock, 0.38+0/0.82/0.001+0.19 ms cpu, 241->241->136 MB, 241 MB goal, 0 MB stacks, 0 MB globals, 20 P
gc 2480 @117.471s 0%: 0.028+5.2+0.003 ms clock, 0.57+0/6.0/0.031+0.069 ms cpu, 279->279->119 MB, 279 MB goal, 0 MB stacks, 0 MB globals, 20 P
gc 2481 @117.493s 0%: 0.020+0.47+0.010 ms clock, 0.41+0/0.91/0+0.20 ms cpu, 237->237->136 MB, 240 MB goal, 0 MB stacks, 0 MB globals, 20 P
gc 2482 @117.519s 0%: 0.020+1.0+0.005 ms clock, 0.41+0/1.4/0+0.11 ms cpu, 277->277->120 MB, 277 MB goal, 0 MB stacks, 0 MB globals, 20 P
gc 2483 @117.540s 0%: 0.017+1.5+0.003 ms clock, 0.34+0/1.6/0.002+0.068 ms cpu, 240->240->110 MB, 241 MB goal, 0 MB stacks, 0 MB globals, 20 P
gc 2484 @117.556s 0%: 0.040+1.6+0.005 ms clock, 0.81+0/1.9/0.003+0.11 ms cpu, 223->223->115 MB, 223 MB goal, 0 MB stacks, 0 MB globals, 20 P
gc 2485 @117.572s 0%: 0.017+3.0+0.004 ms clock, 0.34+0/3.2/0.003+0.081 ms cpu, 230->230->119 MB, 230 MB goal, 0 MB stacks, 0 MB globals, 20 P
gc 2486 @117.599s 0%: 0.023+0.50+0.010 ms clock, 0.46+0/0.68/0.012+0.21 ms cpu, 241->241->136 MB, 241 MB goal, 0 MB stacks, 0 MB globals, 20 P
gc 2487 @117.630s 0%: 0.033+1.8+0.005 ms clock, 0.67+0/2.5/0.23+0.10 ms cpu, 279->279->118 MB, 279 MB goal, 0 MB stacks, 0 MB globals, 20 P
gc 2488 @117.649s 0%: 0.025+1.4+0.003 ms clock, 0.51+0/1.6/0+0.078 ms cpu, 239->239->125 MB, 239 MB goal, 0 MB stacks, 0 MB globals, 20 P
gc 2489 @117.671s 0%: 0.018+0.46+0.004 ms clock, 0.36+0.071/0.86/0+0.096 ms cpu, 248->248->116 MB, 251 MB goal, 0 MB stacks, 0 MB globals, 20 P
gc 2490 @117.686s 0%: 0.019+0.92+0.005 ms clock, 0.39+0/1.3/0.001+0.10 ms cpu, 233->233->121 MB, 233 MB goal, 0 MB stacks, 0 MB globals, 20 P
gc 2491 @117.703s 0%: 0.026+5.7+0.005 ms clock, 0.52+0/5.9/0+0.10 ms cpu, 252->252->129 MB, 252 MB goal, 0 MB stacks, 0 MB globals, 20 P
gc 2492 @117.730s 0%: 0.027+0.80+0.008 ms clock, 0.55+0/1.5/0+0.17 ms cpu, 255->255->116 MB, 258 MB goal, 0 MB stacks, 0 MB globals, 20 P
gc 2493 @117.760s 0%: 0.027+1.3+0.005 ms clock, 0.55+0/2.1/0.003+0.11 ms cpu, 238->238->122 MB, 238 MB goal, 0 MB stacks, 0 MB globals, 20 P
gc 2494 @117.789s 0%: 0.020+0.43+0.003 ms clock, 0.40+0.096/0.75/0.001+0.071 ms cpu, 240->242->110 MB, 244 MB goal, 0 MB stacks, 0 MB globals, 20 P
gc 2495 @117.807s 0%: 0.017+3.0+0.003 ms clock, 0.34+0/3.2/0+0.076 ms cpu, 221->221->115 MB, 221 MB goal, 0 MB stacks, 0 MB globals, 20 P
gc 2496 @117.823s 0%: 0.017+1.4+0.003 ms clock, 0.34+0/1.6/0+0.074 ms cpu, 228->228->121 MB, 230 MB goal, 0 MB stacks, 0 MB globals, 20 P
gc 2497 @117.843s 0%: 0.017+0.46+0.003 ms clock, 0.35+0.029/0.75/0.001+0.065 ms cpu, 241->241->108 MB, 242 MB goal, 0 MB stacks, 0 MB globals, 20 P
gc 2498 @117.863s 0%: 0.024+0.70+0.013 ms clock, 0.48+0/1.6/0+0.27 ms cpu, 213->213->111 MB, 217 MB goal, 0 MB stacks, 0 MB globals, 20 P
gc 2499 @117.881s 0%: 0.017+3.1+0.003 ms clock, 0.34+0/3.3/0.001+0.075 ms cpu, 228->228->117 MB, 229 MB goal, 0 MB stacks, 0 MB globals, 20 P
gc 2500 @117.898s 0%: 0.018+3.4+0.003 ms clock, 0.36+0/3.7/0+0.068 ms cpu, 238->238->124 MB, 238 MB goal, 0 MB stacks, 0 MB globals, 20 P
gc 2501 @117.920s 0%: 0.019+0.45+0.006 ms clock, 0.39+0.011/0.80/0.002+0.13 ms cpu, 247->247->113 MB, 249 MB goal, 0 MB stacks, 0 MB globals, 20 P
gc 2502 @117.935s 0%: 0.016+0.69+0.045 ms clock, 0.32+0/1.0/0+0.91 ms cpu, 228->228->117 MB, 228 MB goal, 0 MB stacks, 0 MB globals, 20 P
gc 2503 @117.951s 0%: 0.022+2.3+0.010 ms clock, 0.45+0/2.7/0.073+0.20 ms cpu, 231->231->121 MB, 234 MB goal, 0 MB stacks, 0 MB globals, 20 P
gc 2504 @117.975s 0%: 0.032+0.41+0.005 ms clock, 0.65+0/0.81/0.003+0.11 ms cpu, 240->240->110 MB, 242 MB goal, 0 MB stacks, 0 MB globals, 20 P
gc 2505 @117.992s 0%: 0.018+0.59+0.003 ms clock, 0.37+0/1.1/0.002+0.063 ms cpu, 219->219->115 MB, 221 MB goal, 0 MB stacks, 0 MB globals, 20 P
gc 2506 @118.010s 0%: 0.038+8.0+0.003 ms clock, 0.76+0/8.8/0.018+0.062 ms cpu, 239->239->121 MB, 239 MB goal, 0 MB stacks, 0 MB globals, 20 P
gc 2507 @118.038s 0%: 0.021+0.38+0.008 ms clock, 0.42+0/0.71/0+0.17 ms cpu, 243->243->138 MB, 243 MB goal, 0 MB stacks, 0 MB globals, 20 P
gc 2508 @118.071s 0%: 0.021+5.3+0.007 ms clock, 0.43+0/5.8/0+0.15 ms cpu, 281->281->119 MB, 281 MB goal, 0 MB stacks, 0 MB globals, 20 P
gc 2509 @118.098s 0%: 0.022+4.2+0.003 ms clock, 0.44+0/4.7/0.023+0.073 ms cpu, 240->240->126 MB, 240 MB goal, 0 MB stacks, 0 MB globals, 20 P
gc 2510 @118.126s 0%: 0.021+0.46+0.004 ms clock, 0.43+0/1.1/0+0.091 ms cpu, 253->253->117 MB, 253 MB goal, 0 MB stacks, 0 MB globals, 20 P
gc 2511 @118.142s 0%: 0.019+1.2+0.005 ms clock, 0.38+0/1.6/0+0.11 ms cpu, 233->233->122 MB, 235 MB goal, 0 MB stacks, 0 MB globals, 20 P
gc 2512 @118.160s 0%: 0.021+2.0+0.003 ms clock, 0.43+0/2.5/0+0.071 ms cpu, 247->247->112 MB, 247 MB goal, 0 MB stacks, 0 MB globals, 20 P
gc 2513 @118.179s 0%: 0.020+0.38+0.012 ms clock, 0.40+0.032/0.73/0+0.24 ms cpu, 220->222->99 MB, 224 MB goal, 0 MB stacks, 0 MB globals, 20 P
gc 2514 @118.191s 0%: 0.017+2.4+0.002 ms clock, 0.34+0/2.8/0+0.055 ms cpu, 202->202->101 MB, 202 MB goal, 0 MB stacks, 0 MB globals, 20 P
gc 2515 @118.207s 0%: 0.020+1.1+0.059 ms clock, 0.40+0/1.6/0.074+1.1 ms cpu, 205->205->104 MB, 205 MB goal, 0 MB stacks, 0 MB globals, 20 P
gc 2516 @118.233s 0%: 0.018+1.3+0.006 ms clock, 0.36+0/1.8/0.058+0.12 ms cpu, 205->205->91 MB, 208 MB goal, 0 MB stacks, 0 MB globals, 20 P
gc 2517 @118.248s 0%: 0.017+0.67+0.017 ms clock, 0.34+0/1.1/0.005+0.34 ms cpu, 181->181->94 MB, 183 MB goal, 0 MB stacks, 0 MB globals, 20 P
gc 2518 @118.270s 0%: 0.029+1.3+0.005 ms clock, 0.58+0/2.2/0.11+0.11 ms cpu, 186->186->98 MB, 189 MB goal, 0 MB stacks, 0 MB globals, 20 P
gc 2519 @118.299s 0%: 0.023+0.57+0.012 ms clock, 0.46+0/0.89/0+0.24 ms cpu, 195->195->111 MB, 197 MB goal, 0 MB stacks, 0 MB globals, 20 P
gc 2520 @118.324s 0%: 0.028+5.6+0.006 ms clock, 0.56+0/6.5/0.22+0.13 ms cpu, 225->225->96 MB, 225 MB goal, 0 MB stacks, 0 MB globals, 20 P
gc 2521 @118.351s 0%: 0.026+4.8+0.003 ms clock, 0.53+0/5.6/0.16+0.072 ms cpu, 192->192->101 MB, 193 MB goal, 0 MB stacks, 0 MB globals, 20 P
gc 2522 @118.377s 0%: 0.029+9.8+0.009 ms clock, 0.59+0/10/0+0.19 ms cpu, 210->210->108 MB, 210 MB goal, 0 MB stacks, 0 MB globals, 20 P
gc 2523 @118.403s 0%: 0.018+1.0+0.003 ms clock, 0.36+0/1.6/0+0.079 ms cpu, 217->217->111 MB, 217 MB goal, 0 MB stacks, 0 MB globals, 20 P
gc 2524 @118.425s 0%: 0.027+0.74+0.005 ms clock, 0.54+0/1.6/0+0.11 ms cpu, 222->222->104 MB, 224 MB goal, 0 MB stacks, 0 MB globals, 20 P
gc 2525 @118.443s 0%: 0.024+1.0+0.004 ms clock, 0.49+0/1.5/0.027+0.095 ms cpu, 215->215->111 MB, 215 MB goal, 0 MB stacks, 0 MB globals, 20 P
gc 2526 @118.465s 0%: 0.018+0.57+0.003 ms clock, 0.37+0/0.85/0+0.076 ms cpu, 221->221->104 MB, 224 MB goal, 0 MB stacks, 0 MB globals, 20 P
gc 2527 @118.483s 0%: 0.027+5.9+0.004 ms clock, 0.55+0/6.7/0.025+0.088 ms cpu, 215->215->111 MB, 215 MB goal, 0 MB stacks, 0 MB globals, 20 P
gc 2528 @118.509s 0%: 0.018+0.52+0.006 ms clock, 0.37+0/1.1/0+0.13 ms cpu, 222->222->93 MB, 223 MB goal, 0 MB stacks, 0 MB globals, 20 P
gc 2529 @118.520s 0%: 0.016+1.0+0.003 ms clock, 0.33+0/1.4/0+0.072 ms cpu, 191->191->98 MB, 191 MB goal, 0 MB stacks, 0 MB globals, 20 P
gc 2530 @118.537s 0%: 0.018+0.43+0.013 ms clock, 0.36+0/0.69/0+0.26 ms cpu, 195->195->111 MB, 197 MB goal, 0 MB stacks, 0 MB globals, 20 P
gc 2531 @118.553s 0%: 0.016+1.7+0.005 ms clock, 0.33+0/1.8/0.059+0.10 ms cpu, 225->225->96 MB, 225 MB goal, 0 MB stacks, 0 MB globals, 20 P
gc 2532 @118.569s 0%: 0.018+1.1+0.003 ms clock, 0.36+0/1.5/0+0.071 ms cpu, 192->192->100 MB, 193 MB goal, 0 MB stacks, 0 MB globals, 20 P
gc 2533 @118.592s 0%: 0.018+1.5+0.003 ms clock, 0.37+0/1.4/0.001+0.077 ms cpu, 198->201->94 MB, 202 MB goal, 0 MB stacks, 0 MB globals, 20 P
gc 2534 @118.604s 0%: 0.016+0.51+0.003 ms clock, 0.33+0/1.0/0.006+0.070 ms cpu, 185->185->96 MB, 188 MB goal, 0 MB stacks, 0 MB globals, 20 P
gc 2535 @118.619s 0%: 0.019+0.74+0.003 ms clock, 0.38+0/1.2/0.031+0.069 ms cpu, 195->195->99 MB, 195 MB goal, 0 MB stacks, 0 MB globals, 20 P
gc 2536 @118.633s 0%: 0.016+3.6+0.003 ms clock, 0.33+0/3.8/0+0.076 ms cpu, 197->197->105 MB, 199 MB goal, 0 MB stacks, 0 MB globals, 20 P
gc 2537 @118.654s 0%: 0.020+0.57+0.007 ms clock, 0.40+0/0.69/0.010+0.14 ms cpu, 210->210->124 MB, 211 MB goal, 0 MB stacks, 0 MB globals, 20 P
gc 2538 @118.681s 0%: 0.020+2.4+0.003 ms clock, 0.40+0/2.5/0+0.064 ms cpu, 249->249->107 MB, 249 MB goal, 0 MB stacks, 0 MB globals, 20 P
gc 2539 @118.700s 0%: 0.025+4.0+0.005 ms clock, 0.50+0/4.8/0+0.10 ms cpu, 218->218->114 MB, 218 MB goal, 0 MB stacks, 0 MB globals, 20 P
gc 2540 @118.720s 0%: 0.020+2.2+0.003 ms clock, 0.40+0/2.7/0+0.071 ms cpu, 235->235->122 MB, 235 MB goal, 0 MB stacks, 0 MB globals, 20 P
gc 2541 @118.740s 0%: 0.019+0.64+0.003 ms clock, 0.38+0.10/0.55/0+0.071 ms cpu, 242->245->116 MB, 246 MB goal, 0 MB stacks, 0 MB globals, 20 P
gc 2542 @118.761s 0%: 0.030+1.0+0.005 ms clock, 0.60+0/1.9/0+0.11 ms cpu, 232->232->119 MB, 232 MB goal, 0 MB stacks, 0 MB globals, 20 P
gc 2543 @118.792s 0%: 0.032+9.9+0.003 ms clock, 0.64+0/1.3/0+0.074 ms cpu, 250->250->141 MB, 251 MB goal, 0 MB stacks, 0 MB globals, 20 P
gc 2544 @118.834s 0%: 0.018+3.4+0.004 ms clock, 0.36+0/3.6/0.009+0.088 ms cpu, 287->287->120 MB, 287 MB goal, 0 MB stacks, 0 MB globals, 20 P
gc 2545 @118.858s 0%: 0.023+7.3+0.021 ms clock, 0.47+0/7.6/0.001+0.42 ms cpu, 250->263->140 MB, 251 MB goal, 0 MB stacks, 0 MB globals, 20 P
gc 2546 @118.895s 0%: 0.025+1.1+0.006 ms clock, 0.50+0/1.7/0+0.12 ms cpu, 271->271->117 MB, 280 MB goal, 0 MB stacks, 0 MB globals, 20 P
gc 2547 @118.918s 0%: 0.027+0.56+0.010 ms clock, 0.55+0/1.3/0+0.21 ms cpu, 227->227->132 MB, 234 MB goal, 0 MB stacks, 0 MB globals, 20 P
gc 2548 @118.942s 0%: 0.017+0.65+0.005 ms clock, 0.35+0/1.1/0.036+0.10 ms cpu, 257->257->112 MB, 265 MB goal, 0 MB stacks, 0 MB globals, 20 P
gc 2549 @118.960s 0%: 0.026+0.97+0.006 ms clock, 0.52+0/1.7/0.045+0.12 ms cpu, 213->213->114 MB, 225 MB goal, 0 MB stacks, 0 MB globals, 20 P
gc 2550 @118.976s 0%: 0.016+1.9+0.003 ms clock, 0.32+0/2.3/0+0.061 ms cpu, 216->216->116 MB, 228 MB goal, 0 MB stacks, 0 MB globals, 20 P
gc 2551 @118.998s 0%: 0.026+2.3+0.003 ms clock, 0.52+0/2.5/0+0.067 ms cpu, 221->221->119 MB, 233 MB goal, 0 MB stacks, 0 MB globals, 20 P
gc 2552 @119.012s 0%: 0.017+1.2+0.003 ms clock, 0.34+0/1.6/0+0.066 ms cpu, 227->227->123 MB, 238 MB goal, 0 MB stacks, 0 MB globals, 20 P
gc 2553 @119.031s 0%: 0.030+0.58+0.005 ms clock, 0.61+0/0.81/0+0.11 ms cpu, 236->238->110 MB, 248 MB goal, 0 MB stacks, 0 MB globals, 20 P
gc 2554 @119.046s 0%: 0.017+0.61+0.003 ms clock, 0.34+0/1.1/0+0.068 ms cpu, 215->215->113 MB, 222 MB goal, 0 MB stacks, 0 MB globals, 20 P
gc 2555 @119.062s 0%: 0.019+0.47+0.009 ms clock, 0.39+0/0.71/0+0.19 ms cpu, 223->223->129 MB, 227 MB goal, 0 MB stacks, 0 MB globals, 20 P
gc 2556 @119.081s 0%: 0.025+1.5+0.003 ms clock, 0.51+0/1.5/0+0.071 ms cpu, 254->254->113 MB, 259 MB goal, 0 MB stacks, 0 MB globals, 20 P
gc 2557 @119.102s 0%: 0.020+1.2+0.009 ms clock, 0.40+0/1.3/0+0.18 ms cpu, 218->218->115 MB, 226 MB goal, 0 MB stacks, 0 MB globals, 20 P
gc 2558 @119.125s 0%: 0.028+5.6+0.003 ms clock, 0.57+0/6.4/0.021+0.078 ms cpu, 224->224->119 MB, 232 MB goal, 0 MB stacks, 0 MB globals, 20 P
gc 2559 @119.151s 0%: 0.017+0.39+0.005 ms clock, 0.35+0.025/0.82/0.001+0.11 ms cpu, 226->229->109 MB, 239 MB goal, 0 MB stacks, 0 MB globals, 20 P
gc 2560 @119.177s 0%: 0.030+1.4+0.007 ms clock, 0.61+0/2.0/0+0.15 ms cpu, 207->207->110 MB, 218 MB goal, 0 MB stacks, 0 MB globals, 20 P
gc 2561 @119.202s 0%: 0.023+2.1+0.007 ms clock, 0.47+0/0.90/0+0.14 ms cpu, 210->214->117 MB, 220 MB goal, 0 MB stacks, 0 MB globals, 20 P
gc 2562 @119.223s 0%: 0.022+3.7+0.004 ms clock, 0.45+0/4.4/0.019+0.080 ms cpu, 229->229->119 MB, 235 MB goal, 0 MB stacks, 0 MB globals, 20 P
gc 2563 @119.240s 0%: 0.019+1.2+0.005 ms clock, 0.39+0/1.4/0+0.11 ms cpu, 235->235->126 MB, 240 MB goal, 0 MB stacks, 0 MB globals, 20 P
gc 2564 @119.268s 0%: 0.020+0.54+0.006 ms clock, 0.40+0.076/0.95/0.016+0.13 ms cpu, 240->243->115 MB, 252 MB goal, 0 MB stacks, 0 MB globals, 20 P
gc 2565 @119.286s 0%: 0.025+3.6+0.004 ms clock, 0.51+0/4.0/0+0.085 ms cpu, 235->235->119 MB, 235 MB goal, 0 MB stacks, 0 MB globals, 20 P
gc 2566 @119.316s 0%: 0.033+8.2+0.006 ms clock, 0.67+0/8.6/0+0.12 ms cpu, 248->248->125 MB, 248 MB goal, 0 MB stacks, 0 MB globals, 20 P
gc 2567 @119.349s 0%: 0.030+1.3+0.007 ms clock, 0.61+0/1.8/0+0.14 ms cpu, 253->253->114 MB, 253 MB goal, 0 MB stacks, 0 MB globals, 20 P
gc 2568 @119.381s 0%: 0.028+0.29+0.016 ms clock, 0.57+0.088/0.66/0.037+0.33 ms cpu, 225->225->103 MB, 229 MB goal, 0 MB stacks, 0 MB globals, 20 P
gc 2569 @119.398s 0%: 0.016+0.55+0.005 ms clock, 0.33+0.093/0.58/0+0.10 ms cpu, 204->206->107 MB, 207 MB goal, 0 MB stacks, 0 MB globals, 20 P
gc 2570 @119.415s 0%: 0.025+0.62+0.006 ms clock, 0.51+0/1.2/0.012+0.13 ms cpu, 215->215->109 MB, 216 MB goal, 0 MB stacks, 0 MB globals, 20 P
gc 2571 @119.437s 0%: 0.034+0.99+0.007 ms clock, 0.68+0/1.8/0.10+0.15 ms cpu, 216->216->113 MB, 218 MB goal, 0 MB stacks, 0 MB globals, 20 P
gc 2572 @119.463s 0%: 0.031+6.2+0.007 ms clock, 0.63+0/6.6/0+0.14 ms cpu, 228->228->119 MB, 228 MB goal, 0 MB stacks, 0 MB globals, 20 P
gc 2573 @119.496s 0%: 0.019+0.48+0.009 ms clock, 0.39+0/0.71/0+0.18 ms cpu, 242->242->138 MB, 242 MB goal, 0 MB stacks, 0 MB globals, 20 P
gc 2574 @119.524s 0%: 0.018+3.5+0.003 ms clock, 0.37+0/3.7/0+0.066 ms cpu, 280->280->121 MB, 281 MB goal, 0 MB stacks, 0 MB globals, 20 P
gc 2575 @119.544s 0%: 0.020+1.2+0.003 ms clock, 0.41+0/1.7/0+0.071 ms cpu, 242->242->129 MB, 244 MB goal, 0 MB stacks, 0 MB globals, 20 P
gc 2576 @119.567s 0%: 0.017+0.48+0.003 ms clock, 0.34+0/0.86/0+0.070 ms cpu, 255->255->117 MB, 258 MB goal, 0 MB stacks, 0 MB globals, 20 P
gc 2577 @119.585s 0%: 0.019+0.82+0.003 ms clock, 0.39+0/1.2/0+0.069 ms cpu, 239->239->122 MB, 239 MB goal, 0 MB stacks, 0 MB globals, 20 P
gc 2578 @119.604s 0%: 0.029+2.0+0.006 ms clock, 0.58+0/2.6/0.002+0.12 ms cpu, 242->242->127 MB, 245 MB goal, 0 MB stacks, 0 MB globals, 20 P
gc 2579 @119.639s 0%: 0.030+1.3+0.007 ms clock, 0.61+0/2.2/0.005+0.14 ms cpu, 255->255->116 MB, 255 MB goal, 0 MB stacks, 0 MB globals, 20 P
gc 2580 @119.671s 0%: 0.021+0.53+0.005 ms clock, 0.43+0.13/1.1/0.034+0.10 ms cpu, 230->233->109 MB, 233 MB goal, 0 MB stacks, 0 MB globals, 20 P
gc 2581 @119.691s 0%: 0.019+0.63+0.006 ms clock, 0.39+0/1.0/0+0.13 ms cpu, 215->215->109 MB, 219 MB goal, 0 MB stacks, 0 MB globals, 20 P
gc 2582 @119.709s 0%: 0.019+0.92+0.006 ms clock, 0.38+0/1.2/0.003+0.12 ms cpu, 221->221->113 MB, 221 MB goal, 0 MB stacks, 0 MB globals, 20 P
gc 2583 @119.725s 0%: 0.017+3.3+0.004 ms clock, 0.35+0/3.5/0+0.084 ms cpu, 228->228->118 MB, 228 MB goal, 0 MB stacks, 0 MB globals, 20 P
gc 2584 @119.752s 0%: 0.020+0.42+0.012 ms clock, 0.40+0/0.64/0+0.24 ms cpu, 241->241->136 MB, 241 MB goal, 0 MB stacks, 0 MB globals, 20 P
gc 2585 @119.787s 0%: 0.022+4.5+0.004 ms clock, 0.44+0/5.0/0+0.098 ms cpu, 278->278->119 MB, 279 MB goal, 0 MB stacks, 0 MB globals, 20 P
gc 2586 @119.806s 0%: 0.017+2.2+0.003 ms clock, 0.34+0/2.5/0+0.066 ms cpu, 240->240->127 MB, 240 MB goal, 0 MB stacks, 0 MB globals, 20 P
gc 2587 @119.827s 0%: 0.016+0.54+0.005 ms clock, 0.33+0/0.81/0+0.10 ms cpu, 252->252->115 MB, 254 MB goal, 0 MB stacks, 0 MB globals, 20 P
gc 2588 @119.841s 0%: 0.019+1.2+0.015 ms clock, 0.38+0/1.7/0+0.30 ms cpu, 232->232->122 MB, 232 MB goal, 0 MB stacks, 0 MB globals, 20 P
gc 2589 @119.866s 0%: 0.027+0.59+0.012 ms clock, 0.54+0/1.1/0+0.24 ms cpu, 244->244->139 MB, 244 MB goal, 0 MB stacks, 0 MB globals, 20 P
gc 2590 @119.896s 0%: 0.018+3.5+0.003 ms clock, 0.37+0/3.8/0.017+0.064 ms cpu, 282->282->119 MB, 282 MB goal, 0 MB stacks, 0 MB globals, 20 P
gc 2591 @119.912s 0%: 0.018+3.8+0.005 ms clock, 0.37+0/4.1/0+0.11 ms cpu, 240->240->125 MB, 240 MB goal, 0 MB stacks, 0 MB globals, 20 P
gc 2592 @119.937s 0%: 0.019+0.66+0.018 ms clock, 0.39+0.056/1.0/0+0.37 ms cpu, 251->251->113 MB, 251 MB goal, 0 MB stacks, 0 MB globals, 20 P
gc 2593 @119.955s 0%: 0.020+1.1+0.005 ms clock, 0.40+0/1.4/0.011+0.11 ms cpu, 230->230->121 MB, 230 MB goal, 0 MB stacks, 0 MB globals, 20 P
gc 2594 @119.974s 0%: 0.017+0.51+0.005 ms clock, 0.35+0.009/0.76/0.004+0.10 ms cpu, 240->240->110 MB, 242 MB goal, 0 MB stacks, 0 MB globals, 20 P
gc 2595 @119.991s 0%: 0.023+3.9+0.005 ms clock, 0.46+0/4.4/0+0.10 ms cpu, 219->219->115 MB, 220 MB goal, 0 MB stacks, 0 MB globals, 20 P
GC forced
gc 23 @120.382s 0%: 0.024+1.0+0.003 ms clock, 0.49+0/4.4/0+0.075 ms cpu, 12->12->5 MB, 15 MB goal, 0 MB stacks, 0 MB globals, 20 P
gc 2596 @120.014s 0%: 0.019+0.47+0.008 ms clock, 0.38+0/0.68/0+0.17 ms cpu, 233->233->133 MB, 233 MB goal, 0 MB stacks, 0 MB globals, 20 P
gc 2597 @120.036s 0%: 0.017+2.9+0.003 ms clock, 0.34+0/3.3/0.035+0.067 ms cpu, 266->266->111 MB, 268 MB goal, 0 MB stacks, 0 MB globals, 20 P
gc 2598 @120.056s 0%: 0.018+2.0+0.003 ms clock, 0.36+0/2.2/0+0.075 ms cpu, 227->227->117 MB, 227 MB goal, 0 MB stacks, 0 MB globals, 20 P
gc 2599 @120.075s 0%: 0.021+0.49+0.014 ms clock, 0.42+0/0.82/0+0.28 ms cpu, 240->240->136 MB, 240 MB goal, 0 MB stacks, 0 MB globals, 20 P
gc 2600 @120.103s 0%: 0.019+3.9+0.004 ms clock, 0.38+0/4.2/0+0.088 ms cpu, 279->279->120 MB, 279 MB goal, 0 MB stacks, 0 MB globals, 20 P
gc 2601 @120.124s 0%: 0.030+3.0+0.004 ms clock, 0.61+0/3.5/0+0.094 ms cpu, 241->241->127 MB, 241 MB goal, 0 MB stacks, 0 MB globals, 20 P
gc 2602 @120.148s 0%: 0.019+0.53+0.006 ms clock, 0.38+0/0.87/0+0.12 ms cpu, 254->254->117 MB, 255 MB goal, 0 MB stacks, 0 MB globals, 20 P
gc 2603 @120.171s 0%: 0.029+3.0+0.006 ms clock, 0.59+0/3.7/0+0.13 ms cpu, 239->239->123 MB, 239 MB goal, 0 MB stacks, 0 MB globals, 20 P
gc 2604 @120.201s 0%: 0.020+0.50+0.003 ms clock, 0.41+0.093/0.56/0+0.079 ms cpu, 244->245->112 MB, 247 MB goal, 0 MB stacks, 0 MB globals, 20 P
gc 2605 @120.217s 0%: 0.017+0.66+0.003 ms clock, 0.34+0/1.1/0+0.062 ms cpu, 222->222->117 MB, 226 MB goal, 0 MB stacks, 0 MB globals, 20 P
gc 2606 @120.233s 0%: 0.017+1.0+0.003 ms clock, 0.35+0/1.5/0+0.077 ms cpu, 232->232->121 MB, 235 MB goal, 0 MB stacks, 0 MB globals, 20 P
gc 2607 @120.256s 0%: 0.020+0.47+0.008 ms clock, 0.40+0/0.73/0+0.16 ms cpu, 244->244->138 MB, 244 MB goal, 0 MB stacks, 0 MB globals, 20 P
gc 2608 @120.279s 0%: 0.018+3.5+0.002 ms clock, 0.36+0/3.8/0+0.056 ms cpu, 281->281->119 MB, 281 MB goal, 0 MB stacks, 0 MB globals, 20 P
gc 2609 @120.297s 0%: 0.017+1.6+0.003 ms clock, 0.35+0/1.8/0+0.068 ms cpu, 240->240->125 MB, 240 MB goal, 0 MB stacks, 0 MB globals, 20 P
gc 2610 @120.316s 0%: 0.017+1.0+0.004 ms clock, 0.34+0/1.2/0+0.080 ms cpu, 246->246->113 MB, 250 MB goal, 0 MB stacks, 0 MB globals, 20 P
gc 2611 @120.331s 0%: 0.017+0.99+0.003 ms clock, 0.34+0/1.1/0+0.072 ms cpu, 230->230->119 MB, 230 MB goal, 0 MB stacks, 0 MB globals, 20 P
gc 2612 @120.352s 0%: 0.020+0.45+0.007 ms clock, 0.40+0/0.75/0+0.15 ms cpu, 246->246->135 MB, 246 MB goal, 0 MB stacks, 0 MB globals, 20 P
gc 2613 @120.371s 0%: 0.020+4.6+0.005 ms clock, 0.41+0/4.7/0+0.10 ms cpu, 273->273->119 MB, 273 MB goal, 0 MB stacks, 0 MB globals, 20 P
gc 2614 @120.397s 0%: 0.018+0.39+0.009 ms clock, 0.36+0/0.67/0+0.18 ms cpu, 242->242->136 MB, 242 MB goal, 0 MB stacks, 0 MB globals, 20 P
gc 2615 @120.424s 0%: 0.020+0.92+0.005 ms clock, 0.41+0/1.3/0+0.10 ms cpu, 279->279->117 MB, 279 MB goal, 0 MB stacks, 0 MB globals, 20 P
gc 2616 @120.439s 0%: 0.017+2.1+0.003 ms clock, 0.34+0/2.6/0.030+0.073 ms cpu, 238->238->122 MB, 238 MB goal, 0 MB stacks, 0 MB globals, 20 P
gc 2617 @120.460s 0%: 0.016+0.46+0.58 ms clock, 0.33+0/0.81/0+11 ms cpu, 242->245->116 MB, 245 MB goal, 0 MB stacks, 0 MB globals, 20 P
gc 2618 @120.481s 0%: 0.030+1.6+0.006 ms clock, 0.60+0/2.4/0.010+0.12 ms cpu, 232->232->119 MB, 232 MB goal, 0 MB stacks, 0 MB globals, 20 P
gc 2619 @120.510s 0%: 0.019+5.2+0.004 ms clock, 0.38+0/5.4/0+0.092 ms cpu, 250->250->129 MB, 250 MB goal, 0 MB stacks, 0 MB globals, 20 P
gc 2620 @120.535s 0%: 0.023+0.50+0.006 ms clock, 0.46+0/1.0/0+0.12 ms cpu, 254->254->115 MB, 258 MB goal, 0 MB stacks, 0 MB globals, 20 P
gc 2621 @120.549s 0%: 0.017+3.6+0.003 ms clock, 0.35+0/3.7/0+0.071 ms cpu, 236->236->120 MB, 236 MB goal, 0 MB stacks, 0 MB globals, 20 P
gc 2622 @120.574s 0%: 0.019+0.48+0.003 ms clock, 0.38+0/0.87/0.023+0.076 ms cpu, 240->240->110 MB, 241 MB goal, 0 MB stacks, 0 MB globals, 20 P
gc 2623 @120.594s 0%: 0.029+9.3+0.007 ms clock, 0.59+0/10/0.011+0.14 ms cpu, 228->228->117 MB, 228 MB goal, 0 MB stacks, 0 MB globals, 20 P
gc 2624 @120.625s 0%: 0.020+0.54+0.006 ms clock, 0.41+0.060/0.77/0.017+0.12 ms cpu, 233->235->108 MB, 236 MB goal, 0 MB stacks, 0 MB globals, 20 P
gc 2625 @120.642s 0%: 0.018+0.51+0.006 ms clock, 0.37+0/1.0/0+0.13 ms cpu, 213->213->109 MB, 217 MB goal, 0 MB stacks, 0 MB globals, 20 P
gc 2626 @120.668s 0%: 0.020+0.77+0.007 ms clock, 0.41+0/1.5/0.062+0.15 ms cpu, 216->216->113 MB, 218 MB goal, 0 MB stacks, 0 MB globals, 20 P
gc 2627 @120.690s 0%: 0.019+2.2+0.003 ms clock, 0.38+0/2.8/0.011+0.074 ms cpu, 228->228->119 MB, 228 MB goal, 0 MB stacks, 0 MB globals, 20 P
gc 2628 @120.714s 0%: 0.021+0.51+0.007 ms clock, 0.42+0/0.71/0+0.15 ms cpu, 242->242->138 MB, 242 MB goal, 0 MB stacks, 0 MB globals, 20 P
gc 2629 @120.737s 0%: 0.027+3.8+0.003 ms clock, 0.55+0/4.1/0+0.079 ms cpu, 280->280->121 MB, 280 MB goal, 0 MB stacks, 0 MB globals, 20 P
gc 2630 @120.758s 0%: 0.022+3.5+0.004 ms clock, 0.44+0/3.8/0+0.086 ms cpu, 242->242->129 MB, 244 MB goal, 0 MB stacks, 0 MB globals, 20 P
gc 2631 @120.787s 0%: 0.028+0.74+0.003 ms clock, 0.57+0/1.1/0.071+0.063 ms cpu, 256->256->117 MB, 258 MB goal, 0 MB stacks, 0 MB globals, 20 P
gc 2632 @120.812s 0%: 0.026+1.9+0.006 ms clock, 0.53+0/2.6/0.003+0.12 ms cpu, 239->239->123 MB, 239 MB goal, 0 MB stacks, 0 MB globals, 20 P
gc 2633 @120.829s 0%: 0.024+1.9+0.018 ms clock, 0.49+0/2.3/0.013+0.37 ms cpu, 244->257->142 MB, 247 MB goal, 0 MB stacks, 0 MB globals, 20 P
gc 2634 @120.862s 0%: 0.019+4.1+0.005 ms clock, 0.39+0/4.6/0+0.11 ms cpu, 274->274->119 MB, 285 MB goal, 0 MB stacks, 0 MB globals, 20 P
gc 2635 @120.897s 0%: 0.024+1.2+0.004 ms clock, 0.48+0/1.8/0.073+0.085 ms cpu, 233->233->123 MB, 240 MB goal, 0 MB stacks, 0 MB globals, 20 P
gc 2636 @120.922s 0%: 0.019+0.91+0.004 ms clock, 0.39+0.13/0.61/0+0.080 ms cpu, 233->237->112 MB, 246 MB goal, 0 MB stacks, 0 MB globals, 20 P
gc 2637 @120.938s 0%: 0.017+0.92+0.003 ms clock, 0.35+0/0.73/0+0.066 ms cpu, 215->220->117 MB, 225 MB goal, 0 MB stacks, 0 MB globals, 20 P
gc 2638 @120.952s 0%: 0.017+3.4+0.003 ms clock, 0.34+0/3.7/0+0.065 ms cpu, 223->223->115 MB, 234 MB goal, 0 MB stacks, 0 MB globals, 20 P
gc 2639 @120.976s 0%: 0.041+2.0+0.008 ms clock, 0.82+0/3.2/0.18+0.16 ms cpu, 218->218->117 MB, 231 MB goal, 0 MB stacks, 0 MB globals, 20 P
gc 2640 @120.999s 0%: 0.034+5.4+0.010 ms clock, 0.69+0/6.6/0.28+0.20 ms cpu, 222->222->120 MB, 235 MB goal, 0 MB stacks, 0 MB globals, 20 P
gc 2641 @121.030s 0%: 0.031+7.4+0.003 ms clock, 0.62+0/7.9/0+0.079 ms cpu, 229->229->124 MB, 242 MB goal, 0 MB stacks, 0 MB globals, 20 P
gc 2642 @121.070s 0%: 0.020+0.54+0.17 ms clock, 0.40+0.12/0.85/0+3.4 ms cpu, 236->240->115 MB, 249 MB goal, 0 MB stacks, 0 MB globals, 20 P
gc 2643 @121.091s 0%: 0.030+0.95+0.006 ms clock, 0.60+0/1.7/0+0.13 ms cpu, 221->221->115 MB, 231 MB goal, 0 MB stacks, 0 MB globals, 20 P
gc 2644 @121.109s 0%: 0.024+4.5+0.003 ms clock, 0.48+0/4.7/0+0.074 ms cpu, 228->228->121 MB, 231 MB goal, 0 MB stacks, 0 MB globals, 20 P
gc 2645 @121.132s 0%: 0.018+0.50+0.004 ms clock, 0.37+0/0.76/0+0.087 ms cpu, 229->232->109 MB, 242 MB goal, 0 MB stacks, 0 MB globals, 20 P
gc 2646 @121.145s 0%: 0.017+0.56+0.010 ms clock, 0.35+0/1.0/0+0.20 ms cpu, 208->208->110 MB, 219 MB goal, 0 MB stacks, 0 MB globals, 20 P
gc 2647 @121.159s 0%: 0.015+2.0+0.004 ms clock, 0.31+0/2.0/0+0.081 ms cpu, 216->216->114 MB, 221 MB goal, 0 MB stacks, 0 MB globals, 20 P
gc 2648 @121.173s 0%: 0.017+3.1+0.094 ms clock, 0.35+0/3.4/0+1.8 ms cpu, 223->237->132 MB, 230 MB goal, 0 MB stacks, 0 MB globals, 20 P
gc 2649 @121.207s 0%: 0.017+0.64+0.003 ms clock, 0.35+0/1.0/0+0.061 ms cpu, 257->257->111 MB, 266 MB goal, 0 MB stacks, 0 MB globals, 20 P
gc 2650 @121.231s 0%: 0.019+0.89+0.005 ms clock, 0.39+0/1.0/0+0.10 ms cpu, 212->212->115 MB, 223 MB goal, 0 MB stacks, 0 MB globals, 20 P
gc 2651 @121.252s 0%: 0.031+1.5+0.007 ms clock, 0.62+0/2.3/0.092+0.15 ms cpu, 217->217->118 MB, 230 MB goal, 0 MB stacks, 0 MB globals, 20 P
gc 2652 @121.273s 0%: 0.029+1.8+0.006 ms clock, 0.59+0/2.6/0.091+0.13 ms cpu, 223->223->122 MB, 237 MB goal, 0 MB stacks, 0 MB globals, 20 P
gc 2653 @121.305s 0%: 0.029+0.51+0.005 ms clock, 0.59+0/0.66/0+0.11 ms cpu, 245->245->141 MB, 246 MB goal, 0 MB stacks, 0 MB globals, 20 P
gc 2654 @121.336s 0%: 0.022+3.1+0.003 ms clock, 0.44+0/3.3/0+0.073 ms cpu, 273->273->121 MB, 283 MB goal, 0 MB stacks, 0 MB globals, 20 P
gc 2655 @121.354s 0%: 0.017+3.5+0.005 ms clock, 0.34+0/4.0/0+0.10 ms cpu, 234->234->127 MB, 242 MB goal, 0 MB stacks, 0 MB globals, 20 P
gc 2656 @121.376s 0%: 0.019+0.51+0.004 ms clock, 0.38+0.058/0.68/0+0.082 ms cpu, 242->244->115 MB, 255 MB goal, 0 MB stacks, 0 MB globals, 20 P
gc 2657 @121.390s 0%: 0.017+0.37+0.004 ms clock, 0.35+0/0.92/0+0.081 ms cpu, 218->218->116 MB, 231 MB goal, 0 MB stacks, 0 MB globals, 20 P
gc 2658 @121.408s 0%: 0.040+1.6+0.005 ms clock, 0.80+0/2.4/0.088+0.11 ms cpu, 220->220->118 MB, 232 MB goal, 0 MB stacks, 0 MB globals, 20 P
gc 2659 @121.423s 0%: 0.021+3.6+0.003 ms clock, 0.42+0/4.1/0.15+0.063 ms cpu, 229->229->122 MB, 236 MB goal, 0 MB stacks, 0 MB globals, 20 P
gc 2660 @121.448s 0%: 0.019+5.1+0.006 ms clock, 0.39+0/5.2/0+0.12 ms cpu, 242->242->127 MB, 244 MB goal, 0 MB stacks, 0 MB globals, 20 P
gc 2661 @121.483s 0%: 0.018+0.59+0.005 ms clock, 0.36+0/0.79/0+0.11 ms cpu, 242->244->117 MB, 255 MB goal, 0 MB stacks, 0 MB globals, 20 P
gc 2662 @121.505s 0%: 0.041+1.6+0.017 ms clock, 0.82+0/2.7/0.20+0.34 ms cpu, 224->224->117 MB, 235 MB goal, 0 MB stacks, 0 MB globals, 20 P
gc 2663 @121.533s 0%: 0.033+4.3+0.006 ms clock, 0.66+0/4.8/0+0.12 ms cpu, 230->230->123 MB, 236 MB goal, 0 MB stacks, 0 MB globals, 20 P
gc 2664 @121.568s 0%: 0.017+0.50+0.005 ms clock, 0.35+0.082/0.72/0.001+0.10 ms cpu, 233->236->112 MB, 247 MB goal, 0 MB stacks, 0 MB globals, 20 P
gc 2665 @121.583s 0%: 0.020+0.48+0.007 ms clock, 0.41+0/0.89/0+0.15 ms cpu, 212->212->112 MB, 225 MB goal, 0 MB stacks, 0 MB globals, 20 P
gc 2666 @121.600s 0%: 0.033+2.9+2.3 ms clock, 0.66+0/3.0/0+47 ms cpu, 214->220->120 MB, 225 MB goal, 0 MB stacks, 0 MB globals, 20 P
gc 2667 @121.620s 0%: 0.019+1.0+0.005 ms clock, 0.39+0/1.4/0+0.11 ms cpu, 231->231->119 MB, 241 MB goal, 0 MB stacks, 0 MB globals, 20 P
gc 2668 @121.634s 0%: 0.020+2.2+0.004 ms clock, 0.40+0/2.7/0+0.097 ms cpu, 240->240->124 MB, 240 MB goal, 0 MB stacks, 0 MB globals, 20 P
gc 2669 @121.661s 0%: 0.017+0.59+0.003 ms clock, 0.35+0.057/0.80/0+0.074 ms cpu, 236->241->117 MB, 250 MB goal, 0 MB stacks, 0 MB globals, 20 P
gc 2670 @121.675s 0%: 0.017+2.8+0.006 ms clock, 0.35+0/3.3/0.005+0.12 ms cpu, 232->232->119 MB, 236 MB goal, 0 MB stacks, 0 MB globals, 20 P
gc 2671 @121.694s 0%: 0.023+1.6+0.013 ms clock, 0.47+0/2.2/0.007+0.26 ms cpu, 241->241->127 MB, 241 MB goal, 0 MB stacks, 0 MB globals, 20 P
gc 2672 @121.719s 0%: 0.022+0.47+0.004 ms clock, 0.45+0/0.96/0+0.091 ms cpu, 249->249->114 MB, 254 MB goal, 0 MB stacks, 0 MB globals, 20 P
gc 2673 @121.744s 0%: 0.035+2.1+0.019 ms clock, 0.71+0/3.7/0.071+0.38 ms cpu, 223->223->119 MB, 229 MB goal, 0 MB stacks, 0 MB globals, 20 P
gc 2674 @121.777s 0%: 0.022+0.51+0.009 ms clock, 0.44+0/1.0/0+0.18 ms cpu, 235->235->136 MB, 239 MB goal, 0 MB stacks, 0 MB globals, 20 P
gc 2675 @121.811s 0%: 0.025+1.1+0.005 ms clock, 0.50+0/1.9/0.015+0.10 ms cpu, 269->269->114 MB, 272 MB goal, 0 MB stacks, 0 MB globals, 20 P
gc 2676 @121.833s 0%: 0.023+1.1+0.004 ms clock, 0.46+0/1.7/0.12+0.090 ms cpu, 230->230->121 MB, 230 MB goal, 0 MB stacks, 0 MB globals, 20 P
gc 2677 @121.859s 0%: 0.027+0.80+0.006 ms clock, 0.54+0/1.4/0+0.12 ms cpu, 240->240->113 MB, 242 MB goal, 0 MB stacks, 0 MB globals, 20 P
gc 2678 @121.875s 0%: 0.019+1.1+0.006 ms clock, 0.39+0/1.6/0.011+0.12 ms cpu, 224->224->117 MB, 228 MB goal, 0 MB stacks, 0 MB globals, 20 P
gc 2679 @121.902s 0%: 0.038+10+0.006 ms clock, 0.76+0/11/0.19+0.12 ms cpu, 238->238->122 MB, 238 MB goal, 0 MB stacks, 0 MB globals, 20 P
gc 2680 @121.944s 0%: 0.019+0.61+0.003 ms clock, 0.39+0.056/0.65/0+0.067 ms cpu, 240->242->113 MB, 246 MB goal, 0 MB stacks, 0 MB globals, 20 P
gc 2681 @121.965s 0%: 0.020+2.8+0.003 ms clock, 0.41+0/3.4/0+0.066 ms cpu, 225->225->116 MB, 227 MB goal, 0 MB stacks, 0 MB globals, 20 P
gc 2682 @121.983s 0%: 0.020+0.99+0.004 ms clock, 0.40+0/1.1/0+0.092 ms cpu, 227->227->121 MB, 233 MB goal, 0 MB stacks, 0 MB globals, 20 P
gc 2683 @121.999s 0%: 0.021+5.0+0.005 ms clock, 0.42+0/5.4/0.012+0.10 ms cpu, 242->242->129 MB, 244 MB goal, 0 MB stacks, 0 MB globals, 20 P
gc 2684 @122.027s 0%: 0.018+1.1+0.003 ms clock, 0.36+0/1.4/0+0.074 ms cpu, 256->256->117 MB, 258 MB goal, 0 MB stacks, 0 MB globals, 20 P
gc 2685 @122.045s 0%: 0.018+1.0+0.005 ms clock, 0.37+0/1.2/0+0.11 ms cpu, 239->239->122 MB, 239 MB goal, 0 MB stacks, 0 MB globals, 20 P
gc 2686 @122.066s 0%: 0.017+0.47+0.004 ms clock, 0.34+0.11/0.64/0.016+0.080 ms cpu, 239->240->111 MB, 245 MB goal, 0 MB stacks, 0 MB globals, 20 P
gc 2687 @122.085s 0%: 0.020+3.9+0.008 ms clock, 0.40+0/2.3/0+0.16 ms cpu, 216->220->115 MB, 222 MB goal, 0 MB stacks, 0 MB globals, 20 P
gc 2688 @122.108s 0%: 0.024+1.6+0.005 ms clock, 0.48+0/1.9/0+0.11 ms cpu, 232->232->118 MB, 232 MB goal, 0 MB stacks, 0 MB globals, 20 P
gc 2689 @122.140s 0%: 0.023+0.56+0.011 ms clock, 0.47+0/0.96/0+0.22 ms cpu, 241->241->136 MB, 241 MB goal, 0 MB stacks, 0 MB globals, 20 P
gc 2690 @122.175s 0%: 0.022+4.1+0.005 ms clock, 0.45+0/4.3/0.001+0.11 ms cpu, 268->268->114 MB, 272 MB goal, 0 MB stacks, 0 MB globals, 20 P
gc 2691 @122.211s 0%: 0.022+1.2+0.004 ms clock, 0.44+0/1.6/0+0.088 ms cpu, 229->229->119 MB, 229 MB goal, 0 MB stacks, 0 MB globals, 20 P
gc 2692 @122.242s 0%: 0.029+0.62+0.014 ms clock, 0.59+0/1.0/0+0.28 ms cpu, 242->242->138 MB, 242 MB goal, 0 MB stacks, 0 MB globals, 20 P
gc 2693 @122.276s 0%: 0.023+3.2+0.003 ms clock, 0.47+0/3.6/0+0.061 ms cpu, 271->271->119 MB, 277 MB goal, 0 MB stacks, 0 MB globals, 20 P
gc 2694 @122.298s 0%: 0.031+1.8+0.10 ms clock, 0.62+0/2.7/0+2.1 ms cpu, 235->235->126 MB, 239 MB goal, 0 MB stacks, 0 MB globals, 20 P
gc 2695 @122.323s 0%: 0.023+0.53+0.017 ms clock, 0.47+0/0.90/0+0.34 ms cpu, 248->248->142 MB, 252 MB goal, 0 MB stacks, 0 MB globals, 20 P
gc 2696 @122.351s 0%: 0.020+3.4+0.003 ms clock, 0.41+0/3.8/0+0.069 ms cpu, 285->285->123 MB, 286 MB goal, 0 MB stacks, 0 MB globals, 20 P
gc 2697 @122.372s 0%: 0.019+1.5+0.004 ms clock, 0.38+0/1.8/0+0.088 ms cpu, 243->243->128 MB, 247 MB goal, 0 MB stacks, 0 MB globals, 20 P
gc 2698 @122.396s 0%: 0.021+3.3+0.005 ms clock, 0.42+0/3.8/0+0.11 ms cpu, 256->256->118 MB, 257 MB goal, 0 MB stacks, 0 MB globals, 20 P
gc 2699 @122.422s 0%: 0.028+5.0+0.004 ms clock, 0.57+0/5.6/0+0.080 ms cpu, 232->232->121 MB, 236 MB goal, 0 MB stacks, 0 MB globals, 20 P
gc 2700 @122.449s 0%: 0.020+0.66+0.011 ms clock, 0.40+0/1.0/0.022+0.23 ms cpu, 241->241->111 MB, 243 MB goal, 0 MB stacks, 0 MB globals, 20 P
gc 2701 @122.468s 0%: 0.020+0.94+0.006 ms clock, 0.41+0/1.2/0+0.12 ms cpu, 222->222->115 MB, 224 MB goal, 0 MB stacks, 0 MB globals, 20 P
gc 2702 @122.482s 0%: 0.020+1.4+0.003 ms clock, 0.40+0/1.7/0+0.077 ms cpu, 236->236->121 MB, 236 MB goal, 0 MB stacks, 0 MB globals, 20 P
gc 2703 @122.513s 0%: 0.018+0.54+0.003 ms clock, 0.37+0.063/0.62/0+0.069 ms cpu, 238->240->111 MB, 242 MB goal, 0 MB stacks, 0 MB globals, 20 P
gc 2704 @122.531s 0%: 0.025+4.7+0.009 ms clock, 0.51+0/5.2/0.001+0.19 ms cpu, 223->223->115 MB, 223 MB goal, 0 MB stacks, 0 MB globals, 20 P
gc 2705 @122.565s 0%: 0.029+1.4+0.007 ms clock, 0.59+0/2.2/0.14+0.15 ms cpu, 226->226->120 MB, 230 MB goal, 0 MB stacks, 0 MB globals, 20 P
gc 2706 @122.590s 0%: 0.031+7.9+0.003 ms clock, 0.63+0/8.2/0+0.073 ms cpu, 241->241->127 MB, 241 MB goal, 0 MB stacks, 0 MB globals, 20 P
gc 2707 @122.630s 0%: 0.019+0.56+0.003 ms clock, 0.39+0/0.90/0+0.074 ms cpu, 254->254->117 MB, 255 MB goal, 0 MB stacks, 0 MB globals, 20 P
gc 2708 @122.655s 0%: 0.028+4.6+0.14 ms clock, 0.56+0/5.2/0+2.8 ms cpu, 239->239->123 MB, 239 MB goal, 0 MB stacks, 0 MB globals, 20 P
gc 2709 @122.689s 0%: 0.020+4.2+0.007 ms clock, 0.41+0/4.5/0+0.14 ms cpu, 244->244->129 MB, 247 MB goal, 0 MB stacks, 0 MB globals, 20 P
gc 2710 @122.723s 0%: 0.024+0.66+0.007 ms clock, 0.48+0/1.1/0+0.15 ms cpu, 254->254->116 MB, 258 MB goal, 0 MB stacks, 0 MB globals, 20 P
gc 2711 @122.751s 0%: 0.018+2.4+0.005 ms clock, 0.37+0/2.8/0+0.10 ms cpu, 233->233->122 MB, 233 MB goal, 0 MB stacks, 0 MB globals, 20 P
gc 2712 @122.774s 0%: 0.024+0.49+0.014 ms clock, 0.48+0/0.84/0+0.28 ms cpu, 245->245->140 MB, 246 MB goal, 0 MB stacks, 0 MB globals, 20 P
gc 2713 @122.804s 0%: 0.030+5.5+0.007 ms clock, 0.60+0/6.3/0.002+0.14 ms cpu, 283->283->120 MB, 283 MB goal, 0 MB stacks, 0 MB globals, 20 P
gc 2714 @122.836s 0%: 0.025+0.56+0.013 ms clock, 0.50+0/1.1/0+0.27 ms cpu, 236->236->137 MB, 241 MB goal, 0 MB stacks, 0 MB globals, 20 P
gc 2715 @122.867s 0%: 0.029+1.9+0.006 ms clock, 0.59+0/2.8/0.047+0.12 ms cpu, 275->275->119 MB, 275 MB goal, 0 MB stacks, 0 MB globals, 20 P
gc 2716 @122.905s 0%: 0.021+0.48+0.007 ms clock, 0.42+0/0.67/0+0.14 ms cpu, 241->241->136 MB, 241 MB goal, 0 MB stacks, 0 MB globals, 20 P
gc 2717 @122.924s 0%: 0.016+0.63+0.003 ms clock, 0.33+0/1.0/0.001+0.079 ms cpu, 269->269->115 MB, 274 MB goal, 0 MB stacks, 0 MB globals, 20 P
gc 2718 @122.943s 0%: 0.019+1.0+0.003 ms clock, 0.39+0/1.4/0.016+0.077 ms cpu, 230->230->121 MB, 230 MB goal, 0 MB stacks, 0 MB globals, 20 P
gc 2719 @122.962s 0%: 0.021+0.48+0.052 ms clock, 0.43+0/0.73/0+1.0 ms cpu, 243->243->140 MB, 243 MB goal, 0 MB stacks, 0 MB globals, 20 P
gc 2720 @122.986s 0%: 0.029+6.1+0.006 ms clock, 0.59+0/6.7/0.012+0.13 ms cpu, 282->282->122 MB, 282 MB goal, 0 MB stacks, 0 MB globals, 20 P
gc 2721 @123.018s 0%: 0.019+1.7+0.021 ms clock, 0.39+0/1.9/0+0.42 ms cpu, 242->255->139 MB, 246 MB goal, 0 MB stacks, 0 MB globals, 20 P
gc 2722 @123.039s 0%: 0.018+2.4+0.003 ms clock, 0.36+0/2.9/0+0.069 ms cpu, 277->277->120 MB, 279 MB goal, 0 MB stacks, 0 MB globals, 20 P
gc 2723 @123.054s 0%: 0.018+2.5+0.005 ms clock, 0.36+0/2.6/0.001+0.10 ms cpu, 229->229->124 MB, 241 MB goal, 0 MB stacks, 0 MB globals, 20 P
gc 2724 @123.077s 0%: 0.017+0.95+0.036 ms clock, 0.34+0.066/0.72/0.007+0.73 ms cpu, 237->241->112 MB, 248 MB goal, 0 MB stacks, 0 MB globals, 20 P
gc 2725 @123.093s 0%: 0.016+1.4+0.006 ms clock, 0.32+0.080/0.79/0.001+0.13 ms cpu, 215->220->117 MB, 225 MB goal, 0 MB stacks, 0 MB globals, 20 P
gc 2726 @123.116s 0%: 0.022+3.7+0.003 ms clock, 0.44+0/3.8/0+0.071 ms cpu, 225->225->117 MB, 236 MB goal, 0 MB stacks, 0 MB globals, 20 P
gc 2727 @123.136s 0%: 0.016+2.4+0.003 ms clock, 0.33+0/2.6/0.007+0.060 ms cpu, 232->232->123 MB, 235 MB goal, 0 MB stacks, 0 MB globals, 20 P
gc 2728 @123.158s 0%: 0.021+0.46+0.010 ms clock, 0.42+0/0.75/0.069+0.20 ms cpu, 243->243->139 MB, 247 MB goal, 0 MB stacks, 0 MB globals, 20 P
gc 2729 @123.192s 0%: 0.028+7.1+0.003 ms clock, 0.57+0/7.9/0.086+0.074 ms cpu, 277->277->122 MB, 280 MB goal, 0 MB stacks, 0 MB globals, 20 P
gc 2730 @123.219s 0%: 0.020+0.43+0.003 ms clock, 0.40+0.14/0.51/0.011+0.069 ms cpu, 233->235->110 MB, 244 MB goal, 0 MB stacks, 0 MB globals, 20 P
gc 2731 @123.234s 0%: 0.017+0.85+0.003 ms clock, 0.34+0/0.82/0.002+0.063 ms cpu, 211->215->115 MB, 221 MB goal, 0 MB stacks, 0 MB globals, 20 P
gc 2732 @123.251s 0%: 0.030+1.0+0.006 ms clock, 0.60+0/1.6/0.013+0.12 ms cpu, 219->219->114 MB, 230 MB goal, 0 MB stacks, 0 MB globals, 20 P
gc 2733 @123.268s 0%: 0.020+4.9+0.006 ms clock, 0.40+0/5.2/0+0.12 ms cpu, 225->225->117 MB, 228 MB goal, 0 MB stacks, 0 MB globals, 20 P
gc 2734 @123.293s 0%: 0.023+6.7+0.004 ms clock, 0.47+0/7.0/0+0.084 ms cpu, 238->238->124 MB, 238 MB goal, 0 MB stacks, 0 MB globals, 20 P
gc 2735 @123.329s 0%: 0.031+1.7+0.006 ms clock, 0.63+0/2.6/0.26+0.13 ms cpu, 244->244->115 MB, 248 MB goal, 0 MB stacks, 0 MB globals, 20 P
gc 2736 @123.353s 0%: 0.018+2.4+0.006 ms clock, 0.36+0/2.7/0+0.12 ms cpu, 237->237->125 MB, 237 MB goal, 0 MB stacks, 0 MB globals, 20 P
gc 2737 @123.378s 0%: 0.017+0.46+0.003 ms clock, 0.34+0.019/0.82/0.008+0.068 ms cpu, 248->248->112 MB, 250 MB goal, 0 MB stacks, 0 MB globals, 20 P
gc 2738 @123.401s 0%: 0.043+0.90+0.008 ms clock, 0.87+0/2.0/0.082+0.16 ms cpu, 221->221->116 MB, 225 MB goal, 0 MB stacks, 0 MB globals, 20 P
gc 2739 @123.427s 0%: 0.027+5.3+0.003 ms clock, 0.54+0/6.0/0.090+0.077 ms cpu, 239->239->122 MB, 239 MB goal, 0 MB stacks, 0 MB globals, 20 P
gc 2740 @123.454s 0%: 0.022+0.67+0.022 ms clock, 0.45+0/0.85/0+0.44 ms cpu, 244->244->139 MB, 244 MB goal, 0 MB stacks, 0 MB globals, 20 P
gc 2741 @123.489s 0%: 0.021+3.7+0.003 ms clock, 0.43+0/3.8/0.001+0.074 ms cpu, 282->282->122 MB, 282 MB goal, 0 MB stacks, 0 MB globals, 20 P
gc 2742 @123.512s 0%: 0.031+2.8+0.004 ms clock, 0.63+0/3.7/0.11+0.098 ms cpu, 243->243->129 MB, 244 MB goal, 0 MB stacks, 0 MB globals, 20 P
gc 2743 @123.547s 0%: 0.025+0.66+0.006 ms clock, 0.50+0/1.2/0+0.13 ms cpu, 256->256->117 MB, 258 MB goal, 0 MB stacks, 0 MB globals, 20 P
gc 2744 @123.570s 0%: 0.028+3.3+0.006 ms clock, 0.56+0/4.0/0.010+0.12 ms cpu, 239->239->123 MB, 239 MB goal, 0 MB stacks, 0 MB globals, 20 P
gc 2745 @123.593s 0%: 0.031+6.7+0.015 ms clock, 0.62+0/7.6/0+0.31 ms cpu, 243->243->128 MB, 247 MB goal, 0 MB stacks, 0 MB globals, 20 P
gc 2746 @123.626s 0%: 0.023+0.58+0.006 ms clock, 0.47+0/1.1/0.14+0.13 ms cpu, 253->253->114 MB, 257 MB goal, 0 MB stacks, 0 MB globals, 20 P
gc 2747 @123.659s 0%: 0.033+6.1+0.005 ms clock, 0.67+0/6.6/0.020+0.11 ms cpu, 231->231->121 MB, 231 MB goal, 0 MB stacks, 0 MB globals, 20 P
gc 2748 @123.690s 0%: 0.032+0.71+0.080 ms clock, 0.64+0/1.3/0+1.6 ms cpu, 243->243->138 MB, 243 MB goal, 0 MB stacks, 0 MB globals, 20 P
gc 2749 @123.730s 0%: 0.028+5.4+0.004 ms clock, 0.57+0/6.1/0+0.081 ms cpu, 281->281->118 MB, 281 MB goal, 0 MB stacks, 0 MB globals, 20 P
gc 2750 @123.760s 0%: 0.029+1.6+0.005 ms clock, 0.58+0/2.2/0+0.10 ms cpu, 239->239->124 MB, 239 MB goal, 0 MB stacks, 0 MB globals, 20 P
gc 2751 @123.786s 0%: 0.018+0.46+0.003 ms clock, 0.37+0.033/0.73/0+0.078 ms cpu, 247->247->113 MB, 249 MB goal, 0 MB stacks, 0 MB globals, 20 P
gc 2752 @123.817s 0%: 0.027+1.2+0.006 ms clock, 0.55+0/1.9/0+0.13 ms cpu, 229->229->119 MB, 229 MB goal, 0 MB stacks, 0 MB globals, 20 P
gc 2753 @123.841s 0%: 0.032+3.2+0.007 ms clock, 0.65+0/3.9/0.021+0.15 ms cpu, 234->234->126 MB, 239 MB goal, 0 MB stacks, 0 MB globals, 20 P
gc 2754 @123.866s 0%: 0.019+0.59+0.004 ms clock, 0.38+0/0.93/0+0.081 ms cpu, 250->250->114 MB, 252 MB goal, 0 MB stacks, 0 MB globals, 20 P
gc 2755 @123.885s 0%: 0.018+0.88+0.003 ms clock, 0.36+0/1.0/0+0.066 ms cpu, 225->225->117 MB, 229 MB goal, 0 MB stacks, 0 MB globals, 20 P
gc 2756 @123.909s 0%: 0.025+1.4+0.010 ms clock, 0.51+0/2.1/0.046+0.20 ms cpu, 232->232->122 MB, 235 MB goal, 0 MB stacks, 0 MB globals, 20 P
gc 2757 @123.928s 0%: 0.018+0.80+0.003 ms clock, 0.36+0/1.4/0.004+0.074 ms cpu, 241->241->114 MB, 244 MB goal, 0 MB stacks, 0 MB globals, 20 P
gc 2758 @123.947s 0%: 0.019+0.48+0.018 ms clock, 0.39+0/0.68/0+0.37 ms cpu, 232->232->131 MB, 232 MB goal, 0 MB stacks, 0 MB globals, 20 P
gc 2759 @123.978s 0%: 0.018+0.70+0.003 ms clock, 0.36+0/1.0/0+0.061 ms cpu, 264->264->113 MB, 264 MB goal, 0 MB stacks, 0 MB globals, 20 P
gc 2760 @124.004s 0%: 0.033+1.7+0.006 ms clock, 0.66+0/2.5/0.063+0.12 ms cpu, 228->228->117 MB, 228 MB goal, 0 MB stacks, 0 MB globals, 20 P
gc 2761 @124.039s 0%: 0.019+0.57+0.060 ms clock, 0.38+0/0.67/0+1.2 ms cpu, 240->240->135 MB, 240 MB goal, 0 MB stacks, 0 MB globals, 20 P
gc 2762 @124.069s 0%: 0.029+5.4+0.006 ms clock, 0.58+0/6.3/0+0.12 ms cpu, 267->267->116 MB, 270 MB goal, 0 MB stacks, 0 MB globals, 20 P
gc 2763 @124.101s 0%: 0.026+7.4+0.009 ms clock, 0.53+0/8.2/0.044+0.18 ms cpu, 231->231->122 MB, 233 MB goal, 0 MB stacks, 0 MB globals, 20 P
gc 2764 @124.131s 0%: 0.027+0.55+0.010 ms clock, 0.55+0/1.2/0+0.20 ms cpu, 245->245->141 MB, 246 MB goal, 0 MB stacks, 0 MB globals, 20 P
gc 2765 @124.160s 0%: 0.021+4.8+0.004 ms clock, 0.43+0/5.2/0+0.099 ms cpu, 284->284->123 MB, 284 MB goal, 0 MB stacks, 0 MB globals, 20 P
gc 2766 @124.181s 0%: 0.020+1.8+0.004 ms clock, 0.41+0/2.2/0+0.080 ms cpu, 244->244->129 MB, 246 MB goal, 0 MB stacks, 0 MB globals, 20 P
gc 2767 @124.203s 0%: 0.018+1.0+0.003 ms clock, 0.37+0/1.1/0+0.075 ms cpu, 255->255->116 MB, 258 MB goal, 0 MB stacks, 0 MB globals, 20 P
gc 2768 @124.218s 0%: 0.018+3.1+0.004 ms clock, 0.37+0/3.6/0+0.081 ms cpu, 234->234->123 MB, 234 MB goal, 0 MB stacks, 0 MB globals, 20 P
gc 2769 @124.239s 0%: 0.019+0.42+0.007 ms clock, 0.39+0/0.68/0+0.14 ms cpu, 243->243->138 MB, 247 MB goal, 0 MB stacks, 0 MB globals, 20 P
gc 2770 @124.262s 0%: 0.019+3.9+0.003 ms clock, 0.38+0/4.0/0+0.066 ms cpu, 275->275->119 MB, 277 MB goal, 0 MB stacks, 0 MB globals, 20 P
gc 2771 @124.286s 0%: 0.016+1.1+0.003 ms clock, 0.33+0/1.3/0+0.060 ms cpu, 235->235->106 MB, 239 MB goal, 0 MB stacks, 0 MB globals, 20 P
gc 2772 @124.300s 0%: 0.019+0.80+0.004 ms clock, 0.38+0/1.2/0+0.096 ms cpu, 211->211->109 MB, 213 MB goal, 0 MB stacks, 0 MB globals, 20 P
gc 2773 @124.314s 0%: 0.018+0.86+0.003 ms clock, 0.37+0/1.0/0+0.065 ms cpu, 216->216->113 MB, 219 MB goal, 0 MB stacks, 0 MB globals, 20 P
gc 2774 @124.342s 0%: 0.030+6.4+0.006 ms clock, 0.60+0/7.5/0.039+0.12 ms cpu, 228->228->118 MB, 228 MB goal, 0 MB stacks, 0 MB globals, 20 P
gc 2775 @124.369s 0%: 0.032+0.55+0.13 ms clock, 0.64+0/1.0/0+2.6 ms cpu, 233->236->112 MB, 237 MB goal, 0 MB stacks, 0 MB globals, 20 P
gc 2776 @124.392s 0%: 0.033+3.3+0.004 ms clock, 0.66+0/3.6/0+0.092 ms cpu, 222->222->115 MB, 224 MB goal, 0 MB stacks, 0 MB globals, 20 P
gc 2777 @124.421s 0%: 0.032+6.4+0.003 ms clock, 0.65+0/7.1/0+0.070 ms cpu, 237->237->124 MB, 237 MB goal, 0 MB stacks, 0 MB globals, 20 P
gc 2778 @124.459s 0%: 0.052+0.60+0.013 ms clock, 1.0+0.097/0.96/0+0.26 ms cpu, 244->245->111 MB, 248 MB goal, 0 MB stacks, 0 MB globals, 20 P
gc 2779 @124.484s 0%: 0.029+0.87+0.003 ms clock, 0.58+0/1.5/0+0.061 ms cpu, 224->224->115 MB, 224 MB goal, 0 MB stacks, 0 MB globals, 20 P
gc 2780 @124.507s 0%: 0.028+0.49+0.004 ms clock, 0.57+0.10/0.63/0.011+0.095 ms cpu, 227->229->105 MB, 231 MB goal, 0 MB stacks, 0 MB globals, 20 P
gc 2781 @124.519s 0%: 0.021+0.88+0.008 ms clock, 0.42+0/1.1/0+0.17 ms cpu, 212->212->107 MB, 212 MB goal, 0 MB stacks, 0 MB globals, 20 P
gc 2782 @124.534s 0%: 0.021+0.68+0.083 ms clock, 0.42+0/0.82/0.004+1.6 ms cpu, 214->214->122 MB, 215 MB goal, 0 MB stacks, 0 MB globals, 20 P
gc 2783 @124.556s 0%: 0.026+5.7+0.005 ms clock, 0.53+0/6.0/0+0.10 ms cpu, 246->246->98 MB, 247 MB goal, 0 MB stacks, 0 MB globals, 20 P
gc 2784 @124.583s 0%: 0.019+0.49+0.008 ms clock, 0.38+0/0.77/0.001+0.16 ms cpu, 195->195->111 MB, 197 MB goal, 0 MB stacks, 0 MB globals, 20 P
gc 2785 @124.606s 0%: 0.023+1.0+0.005 ms clock, 0.46+0/1.3/0+0.10 ms cpu, 225->225->96 MB, 225 MB goal, 0 MB stacks, 0 MB globals, 20 P
gc 2786 @124.625s 0%: 0.027+1.8+0.007 ms clock, 0.54+0/2.5/0+0.14 ms cpu, 192->192->101 MB, 193 MB goal, 0 MB stacks, 0 MB globals, 20 P
gc 2787 @124.649s 0%: 0.022+0.43+0.004 ms clock, 0.44+0/1.1/0+0.086 ms cpu, 198->198->91 MB, 202 MB goal, 0 MB stacks, 0 MB globals, 20 P
gc 2788 @124.667s 0%: 0.029+0.91+0.011 ms clock, 0.58+0/1.7/0.14+0.23 ms cpu, 183->183->94 MB, 183 MB goal, 0 MB stacks, 0 MB globals, 20 P
gc 2789 @124.686s 0%: 0.026+4.7+0.004 ms clock, 0.53+0/5.4/0.024+0.092 ms cpu, 194->194->98 MB, 194 MB goal, 0 MB stacks, 0 MB globals, 20 P
gc 2790 @124.705s 0%: 0.023+5.7+0.003 ms clock, 0.47+0/6.2/0+0.070 ms cpu, 196->196->104 MB, 196 MB goal, 0 MB stacks, 0 MB globals, 20 P
gc 2791 @124.738s 0%: 0.030+0.69+0.016 ms clock, 0.61+0/1.3/0+0.32 ms cpu, 207->207->118 MB, 208 MB goal, 0 MB stacks, 0 MB globals, 20 P
gc 2792 @124.772s 0%: 0.029+5.3+0.007 ms clock, 0.58+0/5.9/0.032+0.14 ms cpu, 233->233->104 MB, 236 MB goal, 0 MB stacks, 0 MB globals, 20 P
gc 2793 @124.797s 0%: 0.030+8.3+0.003 ms clock, 0.61+0/9.1/0.001+0.075 ms cpu, 217->217->113 MB, 217 MB goal, 0 MB stacks, 0 MB globals, 20 P
gc 2794 @124.828s 0%: 0.027+0.54+0.005 ms clock, 0.55+0.15/0.70/0.014+0.11 ms cpu, 223->224->105 MB, 227 MB goal, 0 MB stacks, 0 MB globals, 20 P
gc 2795 @124.846s 0%: 0.036+3.0+0.009 ms clock, 0.73+0/3.6/0+0.18 ms cpu, 210->210->108 MB, 211 MB goal, 0 MB stacks, 0 MB globals, 20 P
gc 2796 @124.871s 0%: 0.029+0.82+0.007 ms clock, 0.59+0/1.5/0.001+0.14 ms cpu, 216->216->113 MB, 217 MB goal, 0 MB stacks, 0 MB globals, 20 P
gc 2797 @124.889s 0%: 0.020+2.2+0.003 ms clock, 0.40+0/2.6/0+0.077 ms cpu, 224->224->118 MB, 227 MB goal, 0 MB stacks, 0 MB globals, 20 P
gc 2798 @124.908s 0%: 0.019+5.6+0.003 ms clock, 0.39+0/5.8/0+0.076 ms cpu, 239->239->126 MB, 239 MB goal, 0 MB stacks, 0 MB globals, 20 P
gc 2799 @124.950s 0%: 0.016+1.2+0.016 ms clock, 0.33+0/1.4/0+0.32 ms cpu, 248->248->116 MB, 252 MB goal, 0 MB stacks, 0 MB globals, 20 P
gc 2800 @124.977s 0%: 0.023+0.95+0.004 ms clock, 0.46+0/1.3/0+0.090 ms cpu, 233->233->121 MB, 233 MB goal, 0 MB stacks, 0 MB globals, 20 P
gc 2801 @125.005s 0%: 0.021+1.5+0.003 ms clock, 0.42+0/1.6/0+0.077 ms cpu, 252->252->129 MB, 252 MB goal, 0 MB stacks, 0 MB globals, 20 P
gc 2802 @125.030s 0%: 0.019+1.1+0.003 ms clock, 0.39+0/1.3/0+0.075 ms cpu, 255->255->117 MB, 258 MB goal, 0 MB stacks, 0 MB globals, 20 P
gc 2803 @125.047s 0%: 0.017+3.8+0.003 ms clock, 0.35+0/3.9/0+0.069 ms cpu, 239->239->122 MB, 239 MB goal, 0 MB stacks, 0 MB globals, 20 P
gc 2804 @125.070s 0%: 0.033+0.77+0.007 ms clock, 0.66+0.15/0.79/0+0.15 ms cpu, 242->243->112 MB, 245 MB goal, 0 MB stacks, 0 MB globals, 20 P
gc 2805 @125.085s 0%: 0.017+0.83+0.003 ms clock, 0.35+0/1.1/0+0.073 ms cpu, 223->223->116 MB, 224 MB goal, 0 MB stacks, 0 MB globals, 20 P
gc 2806 @125.104s 0%: 0.020+1.7+0.004 ms clock, 0.41+0/2.1/0+0.083 ms cpu, 230->230->119 MB, 233 MB goal, 0 MB stacks, 0 MB globals, 20 P
gc 2807 @125.125s 0%: 0.028+1.3+0.003 ms clock, 0.56+0/1.6/0+0.066 ms cpu, 239->239->110 MB, 239 MB goal, 0 MB stacks, 0 MB globals, 20 P
gc 2808 @125.148s 0%: 0.025+1.4+0.007 ms clock, 0.51+0/2.0/0+0.15 ms cpu, 221->221->114 MB, 221 MB goal, 0 MB stacks, 0 MB globals, 20 P
gc 2809 @125.169s 0%: 0.022+3.4+0.005 ms clock, 0.45+0/3.5/0+0.10 ms cpu, 234->234->120 MB, 235 MB goal, 0 MB stacks, 0 MB globals, 20 P
gc 2810 @125.198s 0%: 0.018+0.63+0.005 ms clock, 0.37+0.20/0.60/0+0.11 ms cpu, 237->240->111 MB, 241 MB goal, 0 MB stacks, 0 MB globals, 20 P
gc 2811 @125.221s 0%: 0.040+1.4+0.007 ms clock, 0.81+0/2.2/0.022+0.15 ms cpu, 223->223->114 MB, 223 MB goal, 0 MB stacks, 0 MB globals, 20 P
gc 2812 @125.246s 0%: 0.030+8.4+0.005 ms clock, 0.60+0/9.1/0.087+0.10 ms cpu, 238->238->122 MB, 238 MB goal, 0 MB stacks, 0 MB globals, 20 P
gc 2813 @125.278s 0%: 0.022+0.54+0.009 ms clock, 0.45+0/0.79/0+0.19 ms cpu, 245->245->141 MB, 246 MB goal, 0 MB stacks, 0 MB globals, 20 P
gc 2814 @125.310s 0%: 0.030+5.9+0.005 ms clock, 0.60+0/6.6/0.059+0.11 ms cpu, 284->284->123 MB, 284 MB goal, 0 MB stacks, 0 MB globals, 20 P
gc 2815 @125.337s 0%: 0.025+2.5+0.004 ms clock, 0.50+0/2.6/0+0.081 ms cpu, 244->244->129 MB, 246 MB goal, 0 MB stacks, 0 MB globals, 20 P
gc 2816 @125.365s 0%: 0.020+1.0+0.003 ms clock, 0.41+0/1.5/0.001+0.072 ms cpu, 255->255->116 MB, 258 MB goal, 0 MB stacks, 0 MB globals, 20 P
gc 2817 @125.393s 0%: 0.028+1.8+0.007 ms clock, 0.56+0/2.5/0+0.15 ms cpu, 234->234->123 MB, 234 MB goal, 0 MB stacks, 0 MB globals, 20 P
gc 2818 @125.426s 0%: 0.037+0.89+0.006 ms clock, 0.74+0/1.5/0.023+0.13 ms cpu, 244->244->112 MB, 247 MB goal, 0 MB stacks, 0 MB globals, 20 P
gc 2819 @125.451s 0%: 0.025+5.7+0.007 ms clock, 0.51+0/6.3/0.082+0.14 ms cpu, 228->228->116 MB, 228 MB goal, 0 MB stacks, 0 MB globals, 20 P
gc 2820 @125.473s 0%: 0.021+1.1+0.004 ms clock, 0.42+0/1.4/0+0.088 ms cpu, 230->230->119 MB, 233 MB goal, 0 MB stacks, 0 MB globals, 20 P
gc 2821 @125.505s 0%: 0.017+0.56+0.006 ms clock, 0.34+0.10/0.69/0.040+0.12 ms cpu, 237->237->108 MB, 239 MB goal, 0 MB stacks, 0 MB globals, 20 P
gc 2822 @125.524s 0%: 0.032+0.72+0.008 ms clock, 0.64+0/1.6/0.13+0.16 ms cpu, 213->213->111 MB, 216 MB goal, 0 MB stacks, 0 MB globals, 20 P
gc 2823 @125.550s 0%: 0.021+0.83+0.003 ms clock, 0.42+0/1.4/0+0.076 ms cpu, 228->228->116 MB, 228 MB goal, 0 MB stacks, 0 MB globals, 20 P
gc 2824 @125.574s 0%: 0.028+9.7+0.004 ms clock, 0.57+0/10/0+0.086 ms cpu, 237->237->122 MB, 237 MB goal, 0 MB stacks, 0 MB globals, 20 P
gc 2825 @125.609s 0%: 0.034+0.76+0.005 ms clock, 0.68+0/1.0/0+0.11 ms cpu, 242->242->112 MB, 245 MB goal, 0 MB stacks, 0 MB globals, 20 P
gc 2826 @125.632s 0%: 0.026+3.3+0.004 ms clock, 0.52+0/3.9/0+0.080 ms cpu, 224->224->118 MB, 225 MB goal, 0 MB stacks, 0 MB globals, 20 P
gc 2827 @125.654s 0%: 0.023+3.9+0.004 ms clock, 0.47+0/4.2/0+0.084 ms cpu, 241->241->126 MB, 241 MB goal, 0 MB stacks, 0 MB globals, 20 P
gc 2828 @125.681s 0%: 0.017+0.53+0.004 ms clock, 0.35+0.13/0.55/0+0.092 ms cpu, 249->252->114 MB, 252 MB goal, 0 MB stacks, 0 MB globals, 20 P
gc 2829 @125.697s 0%: 0.022+5.8+0.007 ms clock, 0.45+0/6.4/0+0.15 ms cpu, 233->233->118 MB, 233 MB goal, 0 MB stacks, 0 MB globals, 20 P
gc 2830 @125.727s 0%: 0.021+0.59+0.004 ms clock, 0.42+0.021/0.82/0+0.096 ms cpu, 235->235->108 MB, 238 MB goal, 0 MB stacks, 0 MB globals, 20 P
gc 2831 @125.744s 0%: 0.026+1.0+0.008 ms clock, 0.52+0/1.7/0.002+0.16 ms cpu, 217->217->112 MB, 218 MB goal, 0 MB stacks, 0 MB globals, 20 P
gc 2832 @125.771s 0%: 0.029+5.5+0.005 ms clock, 0.58+0/6.3/0+0.10 ms cpu, 222->222->115 MB, 224 MB goal, 0 MB stacks, 0 MB globals, 20 P
gc 2833 @125.791s 0%: 0.024+8.7+0.004 ms clock, 0.49+0/8.9/0+0.082 ms cpu, 236->236->121 MB, 236 MB goal, 0 MB stacks, 0 MB globals, 20 P
gc 2834 @125.829s 0%: 0.020+0.51+0.004 ms clock, 0.41+0.057/0.94/0.001+0.080 ms cpu, 241->241->111 MB, 243 MB goal, 0 MB stacks, 0 MB globals, 20 P
gc 2835 @125.859s 0%: 0.026+3.2+0.006 ms clock, 0.53+0/4.0/0+0.13 ms cpu, 222->222->116 MB, 222 MB goal, 0 MB stacks, 0 MB globals, 20 P
gc 2836 @125.881s 0%: 0.018+3.7+0.003 ms clock, 0.36+0/3.9/0+0.079 ms cpu, 240->240->124 MB, 240 MB goal, 0 MB stacks, 0 MB globals, 20 P
gc 2837 @125.915s 0%: 0.022+0.47+0.008 ms clock, 0.44+0/0.79/0+0.17 ms cpu, 246->246->142 MB, 249 MB goal, 0 MB stacks, 0 MB globals, 20 P
gc 2838 @125.957s 0%: 0.021+5.5+0.004 ms clock, 0.42+0/5.6/0+0.081 ms cpu, 296->296->126 MB, 296 MB goal, 0 MB stacks, 0 MB globals, 20 P
gc 2839 @125.986s 0%: 0.023+2.9+0.004 ms clock, 0.46+0/3.4/0.043+0.094 ms cpu, 255->255->116 MB, 255 MB goal, 0 MB stacks, 0 MB globals, 20 P
gc 2840 @126.013s 0%: 0.045+6.3+0.004 ms clock, 0.91+0/6.6/0+0.096 ms cpu, 230->230->119 MB, 233 MB goal, 0 MB stacks, 0 MB globals, 20 P
gc 2841 @126.044s 0%: 0.026+1.0+0.003 ms clock, 0.53+0/1.2/0+0.075 ms cpu, 236->236->106 MB, 239 MB goal, 0 MB stacks, 0 MB globals, 20 P
gc 2842 @126.061s 0%: 0.020+1.1+0.006 ms clock, 0.40+0/1.4/0.040+0.13 ms cpu, 219->219->113 MB, 219 MB goal, 0 MB stacks, 0 MB globals, 20 P
gc 2843 @126.097s 0%: 0.019+0.48+0.014 ms clock, 0.38+0/0.72/0+0.28 ms cpu, 230->230->133 MB, 230 MB goal, 0 MB stacks, 0 MB globals, 20 P
gc 2844 @126.119s 0%: 0.018+0.92+0.003 ms clock, 0.37+0/0.96/0+0.074 ms cpu, 265->265->111 MB, 266 MB goal, 0 MB stacks, 0 MB globals, 20 P
gc 2845 @126.135s 0%: 0.020+3.4+0.005 ms clock, 0.41+0/3.6/0+0.11 ms cpu, 227->227->118 MB, 227 MB goal, 0 MB stacks, 0 MB globals, 20 P
gc 2846 @126.161s 0%: 0.029+0.63+0.015 ms clock, 0.58+0/1.2/0.014+0.31 ms cpu, 240->240->136 MB, 240 MB goal, 0 MB stacks, 0 MB globals, 20 P
gc 2847 @126.198s 0%: 0.026+6.3+0.007 ms clock, 0.53+0/7.0/0+0.15 ms cpu, 279->279->119 MB, 279 MB goal, 0 MB stacks, 0 MB globals, 20 P
gc 2848 @126.223s 0%: 0.033+5.2+0.008 ms clock, 0.66+0/6.2/0.005+0.17 ms cpu, 240->240->127 MB, 240 MB goal, 0 MB stacks, 0 MB globals, 20 P
gc 2849 @126.258s 0%: 0.015+0.47+0.005 ms clock, 0.31+0/0.81/0.011+0.11 ms cpu, 252->252->115 MB, 255 MB goal, 0 MB stacks, 0 MB globals, 20 P
gc 2850 @126.274s 0%: 0.021+5.1+0.008 ms clock, 0.42+0/5.9/0.019+0.17 ms cpu, 232->232->122 MB, 232 MB goal, 0 MB stacks, 0 MB globals, 20 P
gc 2851 @126.303s 0%: 0.025+1.7+0.006 ms clock, 0.51+0/2.2/0.063+0.13 ms cpu, 241->241->112 MB, 244 MB goal, 0 MB stacks, 0 MB globals, 20 P
gc 2852 @126.326s 0%: 0.028+5.9+0.004 ms clock, 0.57+0/6.9/0.12+0.092 ms cpu, 223->223->116 MB, 225 MB goal, 0 MB stacks, 0 MB globals, 20 P
gc 2853 @126.351s 0%: 0.032+3.2+0.005 ms clock, 0.65+0/3.6/0+0.10 ms cpu, 237->237->122 MB, 237 MB goal, 0 MB stacks, 0 MB globals, 20 P
gc 2854 @126.397s 0%: 0.038+0.93+0.009 ms clock, 0.77+0/1.5/0+0.19 ms cpu, 241->241->109 MB, 244 MB goal, 0 MB stacks, 0 MB globals, 20 P
gc 2855 @126.422s 0%: 0.020+0.95+0.005 ms clock, 0.41+0/1.4/0.009+0.11 ms cpu, 221->221->115 MB, 221 MB goal, 0 MB stacks, 0 MB globals, 20 P
gc 2856 @126.443s 0%: 0.021+4.3+0.003 ms clock, 0.42+0/4.8/0+0.072 ms cpu, 238->238->122 MB, 238 MB goal, 0 MB stacks, 0 MB globals, 20 P
gc 2857 @126.467s 0%: 0.018+0.55+0.003 ms clock, 0.37+0.12/0.62/0+0.069 ms cpu, 243->243->114 MB, 246 MB goal, 0 MB stacks, 0 MB globals, 20 P
gc 2858 @126.486s 0%: 0.029+4.2+0.003 ms clock, 0.58+0/4.9/0.024+0.068 ms cpu, 231->231->119 MB, 231 MB goal, 0 MB stacks, 0 MB globals, 20 P
gc 2859 @126.512s 0%: 0.029+0.57+0.017 ms clock, 0.59+0/1.3/0.045+0.34 ms cpu, 245->245->135 MB, 245 MB goal, 0 MB stacks, 0 MB globals, 20 P
gc 2860 @126.543s 0%: 0.021+0.80+0.003 ms clock, 0.42+0/1.1/0+0.076 ms cpu, 267->267->116 MB, 270 MB goal, 0 MB stacks, 0 MB globals, 20 P
gc 2861 @126.566s 0%: 0.020+1.8+0.005 ms clock, 0.41+0/2.0/0+0.10 ms cpu, 230->230->121 MB, 233 MB goal, 0 MB stacks, 0 MB globals, 20 P
gc 2862 @126.596s 0%: 0.030+0.93+0.006 ms clock, 0.61+0/1.6/0.001+0.13 ms cpu, 240->240->112 MB, 243 MB goal, 0 MB stacks, 0 MB globals, 20 P
gc 2863 @126.619s 0%: 0.033+10+0.004 ms clock, 0.66+0/10/0+0.097 ms cpu, 233->233->119 MB, 233 MB goal, 0 MB stacks, 0 MB globals, 20 P
gc 2864 @126.650s 0%: 0.018+0.52+0.006 ms clock, 0.36+0.056/0.84/0.005+0.12 ms cpu, 237->239->108 MB, 240 MB goal, 0 MB stacks, 0 MB globals, 20 P
gc 2865 @126.665s 0%: 0.018+0.54+0.008 ms clock, 0.37+0/0.99/0+0.16 ms cpu, 214->214->110 MB, 217 MB goal, 0 MB stacks, 0 MB globals, 20 P
gc 2866 @126.682s 0%: 0.024+0.91+0.006 ms clock, 0.49+0/1.7/0.049+0.12 ms cpu, 217->217->115 MB, 221 MB goal, 0 MB stacks, 0 MB globals, 20 P
gc 2867 @126.698s 0%: 0.021+5.7+0.003 ms clock, 0.43+0/6.3/0+0.069 ms cpu, 230->230->121 MB, 230 MB goal, 0 MB stacks, 0 MB globals, 20 P
gc 2868 @126.721s 0%: 0.022+0.52+0.010 ms clock, 0.45+0/0.86/0+0.21 ms cpu, 243->243->140 MB, 243 MB goal, 0 MB stacks, 0 MB globals, 20 P
gc 2869 @126.749s 0%: 0.017+3.2+0.003 ms clock, 0.35+0/3.8/0.013+0.068 ms cpu, 282->282->123 MB, 282 MB goal, 0 MB stacks, 0 MB globals, 20 P
gc 2870 @126.771s 0%: 0.034+0.56+0.005 ms clock, 0.69+0/1.1/0.014+0.10 ms cpu, 243->243->111 MB, 247 MB goal, 0 MB stacks, 0 MB globals, 20 P
gc 2871 @126.793s 0%: 0.024+1.1+0.005 ms clock, 0.48+0/1.5/0+0.11 ms cpu, 222->222->116 MB, 222 MB goal, 0 MB stacks, 0 MB globals, 20 P
gc 2872 @126.823s 0%: 0.025+3.0+0.004 ms clock, 0.51+0/3.6/0+0.085 ms cpu, 232->232->121 MB, 233 MB goal, 0 MB stacks, 0 MB globals, 20 P
gc 2873 @126.849s 0%: 0.020+0.48+0.015 ms clock, 0.41+0/0.76/0.014+0.30 ms cpu, 243->243->138 MB, 243 MB goal, 0 MB stacks, 0 MB globals, 20 P
gc 2874 @126.884s 0%: 0.026+3.4+0.004 ms clock, 0.53+0/3.9/0.017+0.086 ms cpu, 281->281->118 MB, 281 MB goal, 0 MB stacks, 0 MB globals, 20 P
gc 2875 @126.903s 0%: 0.021+1.3+0.003 ms clock, 0.42+0/1.5/0+0.065 ms cpu, 239->239->124 MB, 239 MB goal, 0 MB stacks, 0 MB globals, 20 P
gc 2876 @126.927s 0%: 0.017+1.4+0.004 ms clock, 0.35+0/1.6/0+0.082 ms cpu, 247->247->115 MB, 249 MB goal, 0 MB stacks, 0 MB globals, 20 P
gc 2877 @126.953s 0%: 0.019+1.2+0.003 ms clock, 0.39+0/1.4/0+0.065 ms cpu, 236->236->124 MB, 236 MB goal, 0 MB stacks, 0 MB globals, 20 P
gc 2878 @126.976s 0%: 0.019+0.53+0.005 ms clock, 0.39+0.15/0.63/0.002+0.10 ms cpu, 245->245->112 MB, 249 MB goal, 0 MB stacks, 0 MB globals, 20 P
gc 2879 @126.993s 0%: 0.027+2.1+0.007 ms clock, 0.55+0/2.9/0+0.14 ms cpu, 229->229->117 MB, 229 MB goal, 0 MB stacks, 0 MB globals, 20 P
gc 2880 @127.021s 0%: 0.022+0.38+0.005 ms clock, 0.44+0/0.85/0.013+0.10 ms cpu, 245->245->138 MB, 245 MB goal, 0 MB stacks, 0 MB globals, 20 P
gc 2881 @127.055s 0%: 0.022+4.5+0.015 ms clock, 0.45+0/5.2/0.46+0.30 ms cpu, 281->281->118 MB, 281 MB goal, 0 MB stacks, 0 MB globals, 20 P
gc 2882 @127.077s 0%: 0.027+2.8+0.007 ms clock, 0.54+0/3.4/0.29+0.15 ms cpu, 239->239->124 MB, 239 MB goal, 0 MB stacks, 0 MB globals, 20 P
gc 2883 @127.103s 0%: 0.017+1.4+0.003 ms clock, 0.34+0/1.9/0+0.067 ms cpu, 247->247->113 MB, 248 MB goal, 0 MB stacks, 0 MB globals, 20 P
gc 2884 @127.122s 0%: 0.018+3.0+0.004 ms clock, 0.37+0/3.3/0+0.080 ms cpu, 229->229->119 MB, 230 MB goal, 0 MB stacks, 0 MB globals, 20 P
gc 2885 @127.141s 0%: 0.022+4.8+0.009 ms clock, 0.45+0/5.2/0.044+0.18 ms cpu, 250->250->129 MB, 250 MB goal, 0 MB stacks, 0 MB globals, 20 P
gc 2886 @127.168s 0%: 0.018+0.88+0.007 ms clock, 0.37+0/1.2/0+0.15 ms cpu, 256->256->117 MB, 258 MB goal, 0 MB stacks, 0 MB globals, 20 P
gc 2887 @127.189s 0%: 0.026+5.1+0.003 ms clock, 0.52+0/6.1/0.091+0.063 ms cpu, 239->239->122 MB, 239 MB goal, 0 MB stacks, 0 MB globals, 20 P
gc 2888 @127.215s 0%: 0.030+2.0+0.020 ms clock, 0.60+0/2.6/0+0.40 ms cpu, 242->242->127 MB, 245 MB goal, 0 MB stacks, 0 MB globals, 20 P
gc 2889 @127.236s 0%: 0.019+0.48+0.004 ms clock, 0.39+0/0.82/0+0.081 ms cpu, 251->251->113 MB, 255 MB goal, 0 MB stacks, 0 MB globals, 20 P
gc 2890 @127.260s 0%: 0.032+1.6+0.006 ms clock, 0.65+0/2.6/0.055+0.12 ms cpu, 231->231->120 MB, 231 MB goal, 0 MB stacks, 0 MB globals, 20 P
gc 2891 @127.288s 0%: 0.024+0.50+0.011 ms clock, 0.49+0/0.99/0+0.23 ms cpu, 242->242->137 MB, 242 MB goal, 0 MB stacks, 0 MB globals, 20 P
gc 2892 @127.324s 0%: 0.017+5.3+0.005 ms clock, 0.34+0/5.9/0.12+0.11 ms cpu, 279->279->117 MB, 279 MB goal, 0 MB stacks, 0 MB globals, 20 P
gc 2893 @127.343s 0%: 0.019+2.5+0.003 ms clock, 0.39+0/2.9/0+0.073 ms cpu, 238->238->124 MB, 238 MB goal, 0 MB stacks, 0 MB globals, 20 P
gc 2894 @127.375s 0%: 0.019+0.54+0.080 ms clock, 0.39+0/0.90/0+1.6 ms cpu, 246->246->113 MB, 248 MB goal, 0 MB stacks, 0 MB globals, 20 P
gc 2895 @127.393s 0%: 0.021+3.1+0.004 ms clock, 0.42+0/3.3/0+0.080 ms cpu, 229->229->119 MB, 229 MB goal, 0 MB stacks, 0 MB globals, 20 P
gc 2896 @127.417s 0%: 0.020+0.42+0.009 ms clock, 0.40+0/0.78/0+0.19 ms cpu, 245->245->139 MB, 245 MB goal, 0 MB stacks, 0 MB globals, 20 P
gc 2897 @127.439s 0%: 0.019+4.1+0.003 ms clock, 0.39+0/4.4/0+0.068 ms cpu, 277->277->121 MB, 279 MB goal, 0 MB stacks, 0 MB globals, 20 P
gc 2898 @127.467s 0%: 0.027+2.3+0.006 ms clock, 0.55+0/1.6/0.021+0.13 ms cpu, 238->241->112 MB, 242 MB goal, 0 MB stacks, 0 MB globals, 20 P
gc 2899 @127.498s 0%: 0.036+3.6+0.010 ms clock, 0.73+0/4.3/0.001+0.20 ms cpu, 228->228->114 MB, 228 MB goal, 0 MB stacks, 0 MB globals, 20 P
gc 2900 @127.524s 0%: 0.017+4.6+0.003 ms clock, 0.35+0/5.0/0+0.069 ms cpu, 229->229->119 MB, 229 MB goal, 0 MB stacks, 0 MB globals, 20 P
gc 2901 @127.550s 0%: 0.021+0.55+0.011 ms clock, 0.43+0/0.87/0+0.22 ms cpu, 241->241->136 MB, 241 MB goal, 0 MB stacks, 0 MB globals, 20 P
gc 2902 @127.587s 0%: 0.035+15+0.006 ms clock, 0.70+0/16/0+0.13 ms cpu, 274->274->120 MB, 274 MB goal, 0 MB stacks, 0 MB globals, 20 P
gc 2903 @127.628s 0%: 0.019+0.44+0.008 ms clock, 0.39+0/0.64/0+0.16 ms cpu, 241->241->138 MB, 241 MB goal, 0 MB stacks, 0 MB globals, 20 P
gc 2904 @127.651s 0%: 0.018+1.0+0.005 ms clock, 0.37+0/1.1/0.001+0.10 ms cpu, 281->281->120 MB, 281 MB goal, 0 MB stacks, 0 MB globals, 20 P
gc 2905 @127.668s 0%: 0.018+3.1+0.003 ms clock, 0.36+0/3.3/0+0.078 ms cpu, 241->241->126 MB, 241 MB goal, 0 MB stacks, 0 MB globals, 20 P
gc 2906 @127.689s 0%: 0.020+0.43+0.004 ms clock, 0.40+0/1.0/0.10+0.082 ms cpu, 249->249->113 MB, 252 MB goal, 0 MB stacks, 0 MB globals, 20 P
gc 2907 @127.705s 0%: 0.018+2.9+0.003 ms clock, 0.37+0/3.3/0+0.069 ms cpu, 230->230->118 MB, 230 MB goal, 0 MB stacks, 0 MB globals, 20 P
gc 2908 @127.722s 0%: 0.020+5.0+0.004 ms clock, 0.40+0/5.2/0+0.083 ms cpu, 233->233->124 MB, 237 MB goal, 0 MB stacks, 0 MB globals, 20 P
gc 2909 @127.756s 0%: 0.023+0.48+0.008 ms clock, 0.47+0/1.3/0.077+0.16 ms cpu, 248->248->114 MB, 250 MB goal, 0 MB stacks, 0 MB globals, 20 P
gc 2910 @127.782s 0%: 0.019+1.0+0.003 ms clock, 0.39+0/1.5/0.028+0.073 ms cpu, 231->231->121 MB, 231 MB goal, 0 MB stacks, 0 MB globals, 20 P
gc 2911 @127.804s 0%: 0.017+0.90+0.006 ms clock, 0.34+0.022/0.75/0+0.13 ms cpu, 239->243->113 MB, 243 MB goal, 0 MB stacks, 0 MB globals, 20 P
gc 2912 @127.824s 0%: 0.022+0.83+0.004 ms clock, 0.44+0/1.5/0.046+0.093 ms cpu, 229->229->115 MB, 229 MB goal, 0 MB stacks, 0 MB globals, 20 P
gc 2913 @127.845s 0%: 0.028+5.3+0.005 ms clock, 0.56+0/6.0/0.008+0.11 ms cpu, 230->230->120 MB, 231 MB goal, 0 MB stacks, 0 MB globals, 20 P
gc 2914 @127.878s 0%: 0.028+0.52+0.007 ms clock, 0.56+0/1.1/0+0.15 ms cpu, 242->242->137 MB, 242 MB goal, 0 MB stacks, 0 MB globals, 20 P
gc 2915 @127.915s 0%: 0.018+3.5+0.003 ms clock, 0.36+0/3.9/0+0.079 ms cpu, 279->279->120 MB, 280 MB goal, 0 MB stacks, 0 MB globals, 20 P
gc 2916 @127.934s 0%: 0.017+1.2+0.003 ms clock, 0.34+0/1.6/0.028+0.063 ms cpu, 241->241->127 MB, 241 MB goal, 0 MB stacks, 0 MB globals, 20 P
gc 2917 @127.956s 0%: 0.023+1.0+0.006 ms clock, 0.47+0/1.5/0.020+0.12 ms cpu, 255->255->118 MB, 255 MB goal, 0 MB stacks, 0 MB globals, 20 P
gc 2918 @127.989s 0%: 0.026+1.0+0.008 ms clock, 0.53+0.13/1.1/0+0.17 ms cpu, 234->236->107 MB, 237 MB goal, 0 MB stacks, 0 MB globals, 20 P
gc 2919 @128.005s 0%: 0.017+0.52+0.008 ms clock, 0.34+0/0.93/0+0.16 ms cpu, 214->214->107 MB, 215 MB goal, 0 MB stacks, 0 MB globals, 20 P
gc 2920 @128.018s 0%: 0.018+3.9+0.003 ms clock, 0.36+0/4.1/0+0.070 ms cpu, 219->219->113 MB, 220 MB goal, 0 MB stacks, 0 MB globals, 20 P
gc 2921 @128.042s 0%: 0.017+2.1+0.003 ms clock, 0.35+0/2.3/0+0.073 ms cpu, 226->226->102 MB, 227 MB goal, 0 MB stacks, 0 MB globals, 20 P
gc 2922 @128.058s 0%: 0.024+0.64+0.014 ms clock, 0.48+0/0.93/0+0.28 ms cpu, 201->201->104 MB, 205 MB goal, 0 MB stacks, 0 MB globals, 20 P
gc 2923 @128.073s 0%: 0.022+1.7+0.005 ms clock, 0.44+0/2.6/0.26+0.11 ms cpu, 204->204->108 MB, 208 MB goal, 0 MB stacks, 0 MB globals, 20 P
gc 2924 @128.098s 0%: 0.035+10+0.006 ms clock, 0.71+0/11/0.11+0.13 ms cpu, 224->224->116 MB, 224 MB goal, 0 MB stacks, 0 MB globals, 20 P
gc 2925 @128.140s 0%: 0.023+0.55+0.008 ms clock, 0.46+0/0.74/0.029+0.17 ms cpu, 238->238->136 MB, 238 MB goal, 0 MB stacks, 0 MB globals, 20 P
gc 2926 @128.177s 0%: 0.049+7.9+0.005 ms clock, 0.98+0/8.9/0.012+0.11 ms cpu, 279->279->120 MB, 279 MB goal, 0 MB stacks, 0 MB globals, 20 P
gc 2927 @128.199s 0%: 0.020+1.3+0.007 ms clock, 0.41+0/1.9/0.070+0.15 ms cpu, 241->241->127 MB, 241 MB goal, 0 MB stacks, 0 MB globals, 20 P
gc 2928 @128.229s 0%: 0.020+0.53+0.004 ms clock, 0.41+0/1.0/0.057+0.090 ms cpu, 253->253->116 MB, 255 MB goal, 0 MB stacks, 0 MB globals, 20 P
gc 2929 @128.269s 0%: 0.033+2.1+0.007 ms clock, 0.66+0/3.2/0.003+0.15 ms cpu, 234->234->123 MB, 234 MB goal, 0 MB stacks, 0 MB globals, 20 P
gc 2930 @128.293s 0%: 0.021+0.44+0.005 ms clock, 0.42+0.065/0.75/0.045+0.10 ms cpu, 244->244->113 MB, 247 MB goal, 0 MB stacks, 0 MB globals, 20 P
gc 2931 @128.312s 0%: 0.026+2.3+0.006 ms clock, 0.52+0/3.2/0.033+0.13 ms cpu, 229->229->117 MB, 229 MB goal, 0 MB stacks, 0 MB globals, 20 P
gc 2932 @128.333s 0%: 0.026+1.5+0.005 ms clock, 0.52+0/2.2/0.019+0.11 ms cpu, 232->232->122 MB, 235 MB goal, 0 MB stacks, 0 MB globals, 20 P
gc 2933 @128.369s 0%: 0.017+0.48+0.005 ms clock, 0.34+0/0.78/0.050+0.11 ms cpu, 241->241->109 MB, 244 MB goal, 0 MB stacks, 0 MB globals, 20 P
gc 2934 @128.382s 0%: 0.019+1.0+0.003 ms clock, 0.38+0/1.1/0+0.071 ms cpu, 217->217->114 MB, 219 MB goal, 0 MB stacks, 0 MB globals, 20 P
gc 2935 @128.408s 0%: 0.039+0.61+0.009 ms clock, 0.78+0/1.3/0.13+0.19 ms cpu, 227->227->104 MB, 228 MB goal, 0 MB stacks, 0 MB globals, 20 P
gc 2936 @128.424s 0%: 0.023+1.1+0.005 ms clock, 0.47+0/1.7/0+0.10 ms cpu, 211->211->107 MB, 211 MB goal, 0 MB stacks, 0 MB globals, 20 P
gc 2937 @128.447s 0%: 0.018+0.55+0.006 ms clock, 0.36+0.10/0.61/0+0.12 ms cpu, 213->215->95 MB, 215 MB goal, 0 MB stacks, 0 MB globals, 20 P
gc 2938 @128.460s 0%: 0.017+0.64+0.006 ms clock, 0.34+0/0.90/0.003+0.12 ms cpu, 190->190->94 MB, 190 MB goal, 0 MB stacks, 0 MB globals, 20 P
gc 2939 @128.473s 0%: 0.023+3.8+0.005 ms clock, 0.46+0/4.2/0+0.10 ms cpu, 186->186->98 MB, 189 MB goal, 0 MB stacks, 0 MB globals, 20 P
gc 2940 @128.496s 0%: 0.021+0.45+0.008 ms clock, 0.43+0/0.71/0+0.17 ms cpu, 195->195->111 MB, 197 MB goal, 0 MB stacks, 0 MB globals, 20 P
gc 2941 @128.521s 0%: 0.034+1.2+0.006 ms clock, 0.68+0/1.9/0.002+0.13 ms cpu, 225->225->96 MB, 225 MB goal, 0 MB stacks, 0 MB globals, 20 P
gc 2942 @128.544s 0%: 0.027+6.0+0.005 ms clock, 0.55+0/6.5/0.003+0.11 ms cpu, 192->192->101 MB, 193 MB goal, 0 MB stacks, 0 MB globals, 20 P
gc 2943 @128.569s 0%: 0.017+1.9+0.010 ms clock, 0.35+0.060/0.80/0+0.20 ms cpu, 198->201->94 MB, 202 MB goal, 0 MB stacks, 0 MB globals, 20 P
gc 2944 @128.586s 0%: 0.018+2.9+0.004 ms clock, 0.36+0/3.3/0+0.083 ms cpu, 185->185->96 MB, 189 MB goal, 0 MB stacks, 0 MB globals, 20 P
gc 2945 @128.608s 0%: 0.033+5.4+0.005 ms clock, 0.66+0/6.3/0+0.10 ms cpu, 195->195->99 MB, 195 MB goal, 0 MB stacks, 0 MB globals, 20 P
gc 2946 @128.629s 0%: 0.020+5.0+0.005 ms clock, 0.41+0/5.6/0.099+0.10 ms cpu, 201->201->103 MB, 201 MB goal, 0 MB stacks, 0 MB globals, 20 P
gc 2947 @128.655s 0%: 0.020+0.49+0.009 ms clock, 0.41+0/0.69/0+0.18 ms cpu, 203->203->119 MB, 207 MB goal, 0 MB stacks, 0 MB globals, 20 P
gc 2948 @128.691s 0%: 0.032+7.3+0.006 ms clock, 0.64+0/8.2/0.015+0.12 ms cpu, 245->245->107 MB, 245 MB goal, 0 MB stacks, 0 MB globals, 20 P
gc 2949 @128.713s 0%: 0.018+1.0+0.003 ms clock, 0.37+0/1.5/0.018+0.078 ms cpu, 213->213->113 MB, 215 MB goal, 0 MB stacks, 0 MB globals, 20 P
gc 2950 @128.739s 0%: 0.021+0.56+0.008 ms clock, 0.43+0/0.89/0+0.16 ms cpu, 235->235->133 MB, 236 MB goal, 0 MB stacks, 0 MB globals, 20 P
gc 2951 @128.766s 0%: 0.026+5.2+0.008 ms clock, 0.53+0/5.9/0.014+0.17 ms cpu, 266->266->115 MB, 267 MB goal, 0 MB stacks, 0 MB globals, 20 P
gc 2952 @128.799s 0%: 0.022+1.4+0.012 ms clock, 0.45+0/2.0/0.24+0.24 ms cpu, 230->230->121 MB, 230 MB goal, 0 MB stacks, 0 MB globals, 20 P
gc 2953 @128.820s 0%: 0.019+0.49+0.016 ms clock, 0.39+0/0.81/0.028+0.32 ms cpu, 243->243->139 MB, 243 MB goal, 0 MB stacks, 0 MB globals, 20 P
gc 2954 @128.847s 0%: 0.019+3.7+0.005 ms clock, 0.39+0/3.9/0+0.11 ms cpu, 282->282->123 MB, 282 MB goal, 0 MB stacks, 0 MB globals, 20 P
gc 2955 @128.865s 0%: 0.039+2.5+0.066 ms clock, 0.78+0/3.3/0.30+1.3 ms cpu, 244->244->128 MB, 247 MB goal, 0 MB stacks, 0 MB globals, 20 P
gc 2956 @128.886s 0%: 0.017+0.37+0.007 ms clock, 0.35+0/1.0/0.025+0.14 ms cpu, 254->254->116 MB, 258 MB goal, 0 MB stacks, 0 MB globals, 20 P
gc 2957 @128.906s 0%: 0.023+1.5+0.007 ms clock, 0.47+0/2.0/0.007+0.14 ms cpu, 238->238->122 MB, 238 MB goal, 0 MB stacks, 0 MB globals, 20 P
gc 2958 @128.926s 0%: 0.019+0.54+0.003 ms clock, 0.38+0.11/0.91/0+0.068 ms cpu, 240->242->111 MB, 244 MB goal, 0 MB stacks, 0 MB globals, 20 P
gc 2959 @128.943s 0%: 0.017+0.65+0.006 ms clock, 0.35+0/1.0/0+0.13 ms cpu, 223->223->112 MB, 224 MB goal, 0 MB stacks, 0 MB globals, 20 P
gc 2960 @128.959s 0%: 0.023+4.2+0.006 ms clock, 0.46+0/5.1/0.027+0.13 ms cpu, 224->224->118 MB, 225 MB goal, 0 MB stacks, 0 MB globals, 20 P
gc 2961 @128.986s 0%: 0.018+1.6+0.006 ms clock, 0.37+0/2.2/0.030+0.13 ms cpu, 237->237->108 MB, 237 MB goal, 0 MB stacks, 0 MB globals, 20 P
gc 2962 @129.002s 0%: 0.018+0.91+0.006 ms clock, 0.37+0/1.3/0+0.12 ms cpu, 219->219->113 MB, 219 MB goal, 0 MB stacks, 0 MB globals, 20 P
gc 2963 @129.018s 0%: 0.020+5.8+0.004 ms clock, 0.41+0/6.2/0.062+0.090 ms cpu, 234->234->119 MB, 234 MB goal, 0 MB stacks, 0 MB globals, 20 P
gc 2964 @129.054s 0%: 0.016+0.58+0.004 ms clock, 0.33+0.029/0.79/0+0.092 ms cpu, 236->239->111 MB, 239 MB goal, 0 MB stacks, 0 MB globals, 20 P
gc 2965 @129.072s 0%: 0.021+2.0+0.006 ms clock, 0.42+0/2.5/0+0.12 ms cpu, 223->223->114 MB, 223 MB goal, 0 MB stacks, 0 MB globals, 20 P
gc 2966 @129.093s 0%: 0.020+1.4+0.004 ms clock, 0.41+0/2.0/0+0.085 ms cpu, 238->238->122 MB, 238 MB goal, 0 MB stacks, 0 MB globals, 20 P
gc 2967 @129.120s 0%: 0.026+0.51+0.018 ms clock, 0.52+0/1.1/0.038+0.36 ms cpu, 245->245->141 MB, 246 MB goal, 0 MB stacks, 0 MB globals, 20 P
gc 2968 @129.153s 0%: 0.018+3.7+0.004 ms clock, 0.37+0/4.4/0.043+0.098 ms cpu, 284->284->123 MB, 284 MB goal, 0 MB stacks, 0 MB globals, 20 P
gc 2969 @129.184s 0%: 0.021+1.4+0.003 ms clock, 0.43+0/2.2/0.044+0.076 ms cpu, 244->244->129 MB, 246 MB goal, 0 MB stacks, 0 MB globals, 20 P
gc 2970 @129.215s 0%: 0.020+0.52+0.022 ms clock, 0.40+0/0.98/0+0.44 ms cpu, 255->255->116 MB, 258 MB goal, 0 MB stacks, 0 MB globals, 20 P
gc 2971 @129.236s 0%: 0.019+1.3+0.005 ms clock, 0.39+0/1.6/0.020+0.11 ms cpu, 234->234->123 MB, 234 MB goal, 0 MB stacks, 0 MB globals, 20 P
gc 2972 @129.260s 0%: 0.021+2.6+0.005 ms clock, 0.42+0/3.2/0.097+0.10 ms cpu, 250->250->115 MB, 251 MB goal, 0 MB stacks, 0 MB globals, 20 P
gc 2973 @129.282s 0%: 0.027+3.8+0.009 ms clock, 0.54+0/4.6/0+0.18 ms cpu, 231->231->120 MB, 231 MB goal, 0 MB stacks, 0 MB globals, 20 P
gc 2974 @129.306s 0%: 0.023+0.45+0.010 ms clock, 0.47+0/0.74/0.023+0.21 ms cpu, 242->242->137 MB, 242 MB goal, 0 MB stacks, 0 MB globals, 20 P
gc 2975 @129.326s 0%: 0.018+1.9+0.005 ms clock, 0.37+0/2.1/0+0.10 ms cpu, 280->280->117 MB, 280 MB goal, 0 MB stacks, 0 MB globals, 20 P
gc 2976 @129.341s 0%: 0.017+3.5+0.005 ms clock, 0.34+0/3.8/0+0.10 ms cpu, 238->238->123 MB, 238 MB goal, 0 MB stacks, 0 MB globals, 20 P
gc 2977 @129.364s 0%: 0.016+0.50+0.010 ms clock, 0.33+0.062/0.76/0.012+0.20 ms cpu, 246->246->115 MB, 248 MB goal, 0 MB stacks, 0 MB globals, 20 P
gc 2978 @129.379s 0%: 0.018+0.75+0.003 ms clock, 0.36+0/1.1/0+0.072 ms cpu, 231->231->121 MB, 231 MB goal, 0 MB stacks, 0 MB globals, 20 P
gc 2979 @129.397s 0%: 0.020+5.4+0.003 ms clock, 0.41+0/5.8/0.12+0.063 ms cpu, 252->252->128 MB, 252 MB goal, 0 MB stacks, 0 MB globals, 20 P
gc 2980 @129.423s 0%: 0.018+0.51+0.005 ms clock, 0.37+0/0.75/0.021+0.11 ms cpu, 255->255->117 MB, 258 MB goal, 0 MB stacks, 0 MB globals, 20 P
gc 2981 @129.439s 0%: 0.018+2.4+0.005 ms clock, 0.36+0/2.7/0+0.10 ms cpu, 239->239->122 MB, 239 MB goal, 0 MB stacks, 0 MB globals, 20 P
gc 2982 @129.457s 0%: 0.027+4.4+0.024 ms clock, 0.54+0/5.2/0.007+0.48 ms cpu, 242->255->140 MB, 245 MB goal, 0 MB stacks, 0 MB globals, 20 P
gc 2983 @129.487s 0%: 0.021+0.95+0.004 ms clock, 0.42+0/1.2/0+0.092 ms cpu, 271->271->117 MB, 280 MB goal, 0 MB stacks, 0 MB globals, 20 P
gc 2984 @129.509s 0%: 0.019+1.4+0.004 ms clock, 0.39+0/1.6/0+0.083 ms cpu, 230->230->123 MB, 234 MB goal, 0 MB stacks, 0 MB globals, 20 P
gc 2985 @129.529s 0%: 0.018+0.50+0.16 ms clock, 0.36+0.055/0.69/0+3.2 ms cpu, 235->238->111 MB, 247 MB goal, 0 MB stacks, 0 MB globals, 20 P
gc 2986 @129.550s 0%: 0.027+2.6+0.48 ms clock, 0.54+0/3.1/0.019+9.7 ms cpu, 212->216->115 MB, 223 MB goal, 0 MB stacks, 0 MB globals, 20 P
gc 2987 @129.571s 0%: 0.017+0.77+0.003 ms clock, 0.35+0/1.0/0+0.073 ms cpu, 219->219->114 MB, 230 MB goal, 0 MB stacks, 0 MB globals, 20 P
gc 2988 @129.592s 0%: 0.019+3.2+0.003 ms clock, 0.39+0/3.7/0.013+0.070 ms cpu, 225->225->119 MB, 230 MB goal, 0 MB stacks, 0 MB globals, 20 P
gc 2989 @129.609s 0%: 0.022+7.2+0.006 ms clock, 0.45+0/7.5/0+0.12 ms cpu, 240->240->126 MB, 240 MB goal, 0 MB stacks, 0 MB globals, 20 P
gc 2990 @129.641s 0%: 0.017+0.96+0.009 ms clock, 0.35+0.068/0.69/0+0.19 ms cpu, 242->244->116 MB, 253 MB goal, 0 MB stacks, 0 MB globals, 20 P
gc 2991 @129.662s 0%: 0.027+1.0+0.004 ms clock, 0.55+0/1.6/0.018+0.092 ms cpu, 229->229->120 MB, 233 MB goal, 0 MB stacks, 0 MB globals, 20 P
gc 2992 @129.685s 0%: 0.024+0.56+0.011 ms clock, 0.49+0/0.99/0+0.22 ms cpu, 236->236->133 MB, 240 MB goal, 0 MB stacks, 0 MB globals, 20 P
gc 2993 @129.710s 0%: 0.024+4.5+0.007 ms clock, 0.48+0/5.0/0+0.14 ms cpu, 259->259->115 MB, 267 MB goal, 0 MB stacks, 0 MB globals, 20 P
gc 2994 @129.743s 0%: 0.031+5.6+0.004 ms clock, 0.63+0/6.4/0.13+0.082 ms cpu, 219->219->119 MB, 231 MB goal, 0 MB stacks, 0 MB globals, 20 P
gc 2995 @129.772s 0%: 0.018+0.29+0.004 ms clock, 0.36+0.070/0.73/0+0.082 ms cpu, 226->227->104 MB, 239 MB goal, 0 MB stacks, 0 MB globals, 20 P
gc 2996 @129.786s 0%: 0.020+0.46+0.007 ms clock, 0.40+0/0.72/0.018+0.15 ms cpu, 196->196->133 MB, 208 MB goal, 0 MB stacks, 0 MB globals, 20 P
gc 2997 @129.824s 0%: 0.027+5.6+0.008 ms clock, 0.54+0/6.3/0+0.16 ms cpu, 258->258->113 MB, 267 MB goal, 0 MB stacks, 0 MB globals, 20 P
gc 2998 @129.849s 0%: 0.017+1.0+0.004 ms clock, 0.35+0/1.4/0+0.082 ms cpu, 224->224->118 MB, 227 MB goal, 0 MB stacks, 0 MB globals, 20 P
gc 2999 @129.870s 0%: 0.028+8.8+0.003 ms clock, 0.56+0/9.5/0+0.077 ms cpu, 239->239->126 MB, 239 MB goal, 0 MB stacks, 0 MB globals, 20 P
gc 3000 @129.906s 0%: 0.036+0.48+0.005 ms clock, 0.73+0/0.98/0+0.10 ms cpu, 241->241->115 MB, 252 MB goal, 0 MB stacks, 0 MB globals, 20 P
gc 3001 @129.923s 0%: 0.019+0.47+0.003 ms clock, 0.38+0/0.75/0+0.077 ms cpu, 219->219->117 MB, 230 MB goal, 0 MB stacks, 0 MB globals, 20 P
gc 3002 @129.940s 0%: 0.021+0.87+0.005 ms clock, 0.42+0/1.5/0.031+0.10 ms cpu, 229->229->121 MB, 235 MB goal, 0 MB stacks, 0 MB globals, 20 P
gc 3003 @129.956s 0%: 0.021+6.1+0.005 ms clock, 0.43+0/6.4/0.007+0.11 ms cpu, 236->236->126 MB, 243 MB goal, 0 MB stacks, 0 MB globals, 20 P
gc 3004 @129.981s 0%: 0.020+0.61+0.010 ms clock, 0.41+0/0.98/0+0.20 ms cpu, 247->247->142 MB, 252 MB goal, 0 MB stacks, 0 MB globals, 20 P
gc 3005 @130.014s 0%: 0.032+5.4+0.006 ms clock, 0.65+0/5.9/0+0.12 ms cpu, 274->274->119 MB, 285 MB goal, 0 MB stacks, 0 MB globals, 20 P
gc 3006 @130.039s 0%: 0.028+1.9+0.008 ms clock, 0.56+0/2.5/0+0.16 ms cpu, 233->233->125 MB, 240 MB goal, 0 MB stacks, 0 MB globals, 20 P
gc 3007 @130.069s 0%: 0.022+0.71+0.005 ms clock, 0.44+0/1.3/0+0.10 ms cpu, 245->245->113 MB, 252 MB goal, 0 MB stacks, 0 MB globals, 20 P
gc 3008 @130.095s 0%: 0.026+1.7+0.006 ms clock, 0.53+0/2.1/0+0.13 ms cpu, 219->219->117 MB, 227 MB goal, 0 MB stacks, 0 MB globals, 20 P
gc 3009 @130.113s 0%: 0.019+1.3+0.021 ms clock, 0.39+0/1.9/0.10+0.42 ms cpu, 226->226->121 MB, 236 MB goal, 0 MB stacks, 0 MB globals, 20 P
gc 3010 @130.139s 0%: 0.016+0.51+0.005 ms clock, 0.33+0.054/0.86/0.001+0.11 ms cpu, 230->234->110 MB, 243 MB goal, 0 MB stacks, 0 MB globals, 20 P
gc 3011 @130.159s 0%: 0.020+0.79+0.005 ms clock, 0.40+0/1.2/0.10+0.11 ms cpu, 216->216->111 MB, 220 MB goal, 0 MB stacks, 0 MB globals, 20 P
gc 3012 @130.174s 0%: 0.017+0.69+0.005 ms clock, 0.34+0/1.3/0.001+0.11 ms cpu, 223->223->116 MB, 223 MB goal, 0 MB stacks, 0 MB globals, 20 P
gc 3013 @130.190s 0%: 0.020+5.4+0.007 ms clock, 0.40+0/5.6/0+0.14 ms cpu, 231->231->122 MB, 233 MB goal, 0 MB stacks, 0 MB globals, 20 P
gc 3014 @130.214s 0%: 0.022+0.40+0.017 ms clock, 0.45+0/0.82/0+0.35 ms cpu, 244->244->140 MB, 245 MB goal, 0 MB stacks, 0 MB globals, 20 P
gc 3015 @130.248s 0%: 0.031+7.9+0.007 ms clock, 0.63+0/8.5/0+0.15 ms cpu, 278->278->123 MB, 281 MB goal, 0 MB stacks, 0 MB globals, 20 P
gc 3016 @130.287s 0%: 0.019+0.75+0.006 ms clock, 0.39+0/1.1/0.004+0.13 ms cpu, 250->250->115 MB, 250 MB goal, 0 MB stacks, 0 MB globals, 20 P
gc 3017 @130.306s 0%: 0.033+8.8+0.009 ms clock, 0.67+0/9.1/0.096+0.18 ms cpu, 230->230->120 MB, 231 MB goal, 0 MB stacks, 0 MB globals, 20 P
gc 3018 @130.337s 0%: 0.021+0.35+0.014 ms clock, 0.43+0/0.70/0+0.28 ms cpu, 242->242->137 MB, 242 MB goal, 0 MB stacks, 0 MB globals, 20 P
gc 3019 @130.364s 0%: 0.021+1.5+0.004 ms clock, 0.42+0/1.8/0+0.082 ms cpu, 279->279->117 MB, 280 MB goal, 0 MB stacks, 0 MB globals, 20 P
gc 3020 @130.379s 0%: 0.020+2.3+0.003 ms clock, 0.40+0/2.5/0.001+0.078 ms cpu, 238->238->123 MB, 238 MB goal, 0 MB stacks, 0 MB globals, 20 P
gc 3021 @130.400s 0%: 0.016+0.65+0.003 ms clock, 0.33+0/1.0/0+0.073 ms cpu, 251->251->116 MB, 251 MB goal, 0 MB stacks, 0 MB globals, 20 P
gc 3022 @130.414s 0%: 0.019+1.5+0.003 ms clock, 0.39+0/2.0/0+0.075 ms cpu, 230->230->121 MB, 233 MB goal, 0 MB stacks, 0 MB globals, 20 P
gc 3023 @130.434s 0%: 0.017+0.59+0.003 ms clock, 0.34+0/1.1/0+0.076 ms cpu, 240->240->112 MB, 243 MB goal, 0 MB stacks, 0 MB globals, 20 P
gc 3024 @130.449s 0%: 0.019+1.5+0.003 ms clock, 0.39+0/1.9/0+0.078 ms cpu, 223->223->115 MB, 224 MB goal, 0 MB stacks, 0 MB globals, 20 P
gc 3025 @130.469s 0%: 0.018+5.5+0.003 ms clock, 0.37+0/5.9/0+0.079 ms cpu, 236->236->121 MB, 236 MB goal, 0 MB stacks, 0 MB globals, 20 P
gc 3026 @130.505s 0%: 0.017+0.49+0.004 ms clock, 0.34+0.12/0.73/0+0.093 ms cpu, 241->241->109 MB, 243 MB goal, 0 MB stacks, 0 MB globals, 20 P
gc 3027 @130.522s 0%: 0.017+0.58+0.005 ms clock, 0.34+0/1.0/0.066+0.10 ms cpu, 221->221->115 MB, 221 MB goal, 0 MB stacks, 0 MB globals, 20 P
gc 3028 @130.540s 0%: 0.019+2.9+0.004 ms clock, 0.38+0/3.0/0+0.084 ms cpu, 238->238->122 MB, 238 MB goal, 0 MB stacks, 0 MB globals, 20 P
gc 3029 @130.557s 0%: 0.019+0.39+0.012 ms clock, 0.39+0/0.83/0.025+0.25 ms cpu, 245->245->141 MB, 245 MB goal, 0 MB stacks, 0 MB globals, 20 P
gc 3030 @130.581s 0%: 0.019+2.8+0.005 ms clock, 0.38+0/3.1/0+0.11 ms cpu, 284->284->123 MB, 284 MB goal, 0 MB stacks, 0 MB globals, 20 P
gc 3031 @130.603s 0%: 0.019+1.4+0.004 ms clock, 0.39+0/1.6/0+0.081 ms cpu, 244->244->129 MB, 246 MB goal, 0 MB stacks, 0 MB globals, 20 P
gc 3032 @130.622s 0%: 0.016+1.1+0.003 ms clock, 0.33+0/1.3/0+0.078 ms cpu, 255->255->116 MB, 258 MB goal, 0 MB stacks, 0 MB globals, 20 P
gc 3033 @130.636s 0%: 0.017+3.2+0.005 ms clock, 0.34+0/3.7/0.055+0.10 ms cpu, 234->234->123 MB, 234 MB goal, 0 MB stacks, 0 MB globals, 20 P
gc 3034 @130.658s 0%: 0.019+0.61+0.006 ms clock, 0.38+0/0.88/0.065+0.13 ms cpu, 247->247->112 MB, 247 MB goal, 0 MB stacks, 0 MB globals, 20 P
gc 3035 @130.678s 0%: 0.031+1.9+0.006 ms clock, 0.62+0/2.6/0+0.13 ms cpu, 229->229->118 MB, 229 MB goal, 0 MB stacks, 0 MB globals, 20 P
gc 3036 @130.702s 0%: 0.024+0.45+0.008 ms clock, 0.49+0/0.84/0+0.17 ms cpu, 241->241->136 MB, 241 MB goal, 0 MB stacks, 0 MB globals, 20 P
gc 3037 @130.729s 0%: 0.019+3.0+0.004 ms clock, 0.39+0/3.2/0+0.081 ms cpu, 268->268->114 MB, 272 MB goal, 0 MB stacks, 0 MB globals, 20 P
gc 3038 @130.747s 0%: 0.019+1.2+0.006 ms clock, 0.38+0/1.5/0+0.12 ms cpu, 229->229->119 MB, 229 MB goal, 0 MB stacks, 0 MB globals, 20 P
gc 3039 @130.764s 0%: 0.020+0.46+0.010 ms clock, 0.40+0/0.91/0+0.20 ms cpu, 242->242->138 MB, 242 MB goal, 0 MB stacks, 0 MB globals, 20 P
gc 3040 @130.790s 0%: 0.017+3.0+0.002 ms clock, 0.34+0/3.2/0+0.058 ms cpu, 281->281->121 MB, 281 MB goal, 0 MB stacks, 0 MB globals, 20 P
gc 3041 @130.807s 0%: 0.018+1.8+0.006 ms clock, 0.36+0/2.2/0.003+0.13 ms cpu, 242->242->129 MB, 244 MB goal, 0 MB stacks, 0 MB globals, 20 P
gc 3042 @130.830s 0%: 0.017+0.43+0.004 ms clock, 0.35+0/1.0/0+0.081 ms cpu, 256->256->117 MB, 258 MB goal, 0 MB stacks, 0 MB globals, 20 P
gc 3043 @130.845s 0%: 0.016+0.84+0.003 ms clock, 0.32+0/1.3/0+0.067 ms cpu, 240->240->123 MB, 240 MB goal, 0 MB stacks, 0 MB globals, 20 P
gc 3044 @130.859s 0%: 0.018+2.1+0.003 ms clock, 0.37+0/2.5/0.032+0.075 ms cpu, 243->243->128 MB, 247 MB goal, 0 MB stacks, 0 MB globals, 20 P
gc 3045 @130.881s 0%: 0.018+0.38+0.003 ms clock, 0.37+0/0.88/0.14+0.065 ms cpu, 253->253->114 MB, 257 MB goal, 0 MB stacks, 0 MB globals, 20 P
gc 3046 @130.897s 0%: 0.026+1.1+0.003 ms clock, 0.53+0/1.6/0.015+0.066 ms cpu, 225->225->117 MB, 229 MB goal, 0 MB stacks, 0 MB globals, 20 P
gc 3047 @130.914s 0%: 0.024+1.5+0.004 ms clock, 0.48+0/1.9/0+0.081 ms cpu, 230->230->123 MB, 234 MB goal, 0 MB stacks, 0 MB globals, 20 P
gc 3048 @130.940s 0%: 0.029+1.4+0.004 ms clock, 0.58+0/1.5/0.016+0.082 ms cpu, 242->245->113 MB, 246 MB goal, 0 MB stacks, 0 MB globals, 20 P
gc 3049 @130.962s 0%: 0.018+4.5+0.004 ms clock, 0.36+0/4.9/0.034+0.091 ms cpu, 234->234->118 MB, 234 MB goal, 0 MB stacks, 0 MB globals, 20 P
gc 3050 @130.983s 0%: 0.025+0.61+0.021 ms clock, 0.51+0/1.2/0+0.43 ms cpu, 240->240->136 MB, 240 MB goal, 0 MB stacks, 0 MB globals, 20 P
gc 3051 @131.013s 0%: 0.022+6.1+0.007 ms clock, 0.44+0/6.8/0.10+0.14 ms cpu, 268->268->115 MB, 272 MB goal, 0 MB stacks, 0 MB globals, 20 P
gc 3052 @131.050s 0%: 0.032+1.8+0.018 ms clock, 0.64+0/2.9/0.38+0.37 ms cpu, 231->231->120 MB, 232 MB goal, 0 MB stacks, 0 MB globals, 20 P
gc 3053 @131.084s 0%: 0.024+0.49+0.018 ms clock, 0.49+0/0.96/0+0.37 ms cpu, 242->242->138 MB, 242 MB goal, 0 MB stacks, 0 MB globals, 20 P
gc 3054 @131.107s 0%: 0.021+3.4+0.004 ms clock, 0.43+0/3.6/0+0.080 ms cpu, 281->281->121 MB, 281 MB goal, 0 MB stacks, 0 MB globals, 20 P
gc 3055 @131.135s 0%: 0.018+0.52+0.003 ms clock, 0.36+0.10/0.53/0+0.072 ms cpu, 240->241->111 MB, 243 MB goal, 0 MB stacks, 0 MB globals, 20 P
gc 3056 @131.150s 0%: 0.016+0.41+0.005 ms clock, 0.32+0/1.1/0.069+0.11 ms cpu, 222->222->114 MB, 224 MB goal, 0 MB stacks, 0 MB globals, 20 P
gc 3057 @131.165s 0%: 0.016+0.75+0.006 ms clock, 0.33+0/1.2/0.007+0.13 ms cpu, 226->226->118 MB, 230 MB goal, 0 MB stacks, 0 MB globals, 20 P
gc 3058 @131.189s 0%: 0.023+0.53+0.008 ms clock, 0.46+0/0.92/0+0.16 ms cpu, 244->244->133 MB, 244 MB goal, 0 MB stacks, 0 MB globals, 20 P
gc 3059 @131.216s 0%: 0.024+0.97+0.006 ms clock, 0.49+0/2.0/0.010+0.13 ms cpu, 265->265->116 MB, 267 MB goal, 0 MB stacks, 0 MB globals, 20 P
gc 3060 @131.238s 0%: 0.036+2.6+0.011 ms clock, 0.72+0/3.8/0.26+0.22 ms cpu, 229->229->122 MB, 233 MB goal, 0 MB stacks, 0 MB globals, 20 P
gc 3061 @131.262s 0%: 0.016+0.46+0.004 ms clock, 0.32+0.051/0.72/0+0.084 ms cpu, 241->241->109 MB, 244 MB goal, 0 MB stacks, 0 MB globals, 20 P
gc 3062 @131.279s 0%: 0.019+0.77+0.004 ms clock, 0.38+0/1.1/0+0.082 ms cpu, 220->220->113 MB, 220 MB goal, 0 MB stacks, 0 MB globals, 20 P
gc 3063 @131.297s 0%: 0.026+4.3+0.006 ms clock, 0.53+0/5.1/0.094+0.13 ms cpu, 223->223->117 MB, 226 MB goal, 0 MB stacks, 0 MB globals, 20 P
gc 3064 @131.316s 0%: 0.023+5.6+0.006 ms clock, 0.47+0/5.9/0+0.13 ms cpu, 238->238->124 MB, 238 MB goal, 0 MB stacks, 0 MB globals, 20 P
gc 3065 @131.344s 0%: 0.019+0.41+0.003 ms clock, 0.38+0/0.79/0+0.070 ms cpu, 246->246->114 MB, 249 MB goal, 0 MB stacks, 0 MB globals, 20 P
gc 3066 @131.362s 0%: 0.020+1.1+0.004 ms clock, 0.41+0/1.5/0.047+0.083 ms cpu, 234->234->122 MB, 234 MB goal, 0 MB stacks, 0 MB globals, 20 P
gc 3067 @131.393s 0%: 0.031+3.2+0.004 ms clock, 0.62+0/3.7/0.008+0.091 ms cpu, 247->247->111 MB, 247 MB goal, 0 MB stacks, 0 MB globals, 20 P
gc 3068 @131.425s 0%: 0.017+0.39+0.014 ms clock, 0.35+0.083/1.0/0.26+0.29 ms cpu, 219->219->97 MB, 223 MB goal, 0 MB stacks, 0 MB globals, 20 P
gc 3069 @131.439s 0%: 0.017+1.1+0.003 ms clock, 0.34+0/1.3/0+0.069 ms cpu, 196->196->99 MB, 196 MB goal, 0 MB stacks, 0 MB globals, 20 P
gc 3070 @131.455s 0%: 0.028+1.5+0.006 ms clock, 0.57+0/2.1/0+0.13 ms cpu, 197->197->100 MB, 198 MB goal, 0 MB stacks, 0 MB globals, 20 P
gc 3071 @131.478s 0%: 0.032+0.68+0.015 ms clock, 0.65+0/1.3/0.013+0.30 ms cpu, 198->198->111 MB, 202 MB goal, 0 MB stacks, 0 MB globals, 20 P
gc 3072 @131.507s 0%: 0.019+1.8+0.013 ms clock, 0.39+0/2.3/0.003+0.26 ms cpu, 223->223->94 MB, 224 MB goal, 0 MB stacks, 0 MB globals, 20 P
gc 3073 @131.528s 0%: 0.024+1.1+0.005 ms clock, 0.49+0/1.5/0.006+0.10 ms cpu, 189->189->99 MB, 189 MB goal, 0 MB stacks, 0 MB globals, 20 P
gc 3074 @131.551s 0%: 0.021+1.2+0.006 ms clock, 0.42+0/1.8/0.011+0.13 ms cpu, 197->197->105 MB, 199 MB goal, 0 MB stacks, 0 MB globals, 20 P
gc 3075 @131.580s 0%: 0.025+0.39+0.017 ms clock, 0.50+0/1.2/0.18+0.35 ms cpu, 210->210->124 MB, 211 MB goal, 0 MB stacks, 0 MB globals, 20 P
gc 3076 @131.602s 0%: 0.017+2.4+0.006 ms clock, 0.34+0/2.7/0+0.12 ms cpu, 248->248->107 MB, 249 MB goal, 0 MB stacks, 0 MB globals, 20 P
gc 3077 @131.621s 0%: 0.023+2.0+0.005 ms clock, 0.46+0/2.4/0.006+0.11 ms cpu, 218->218->114 MB, 218 MB goal, 0 MB stacks, 0 MB globals, 20 P
gc 3078 @131.641s 0%: 0.034+4.5+0.008 ms clock, 0.69+0/5.3/0.026+0.17 ms cpu, 234->234->122 MB, 235 MB goal, 0 MB stacks, 0 MB globals, 20 P
gc 3079 @131.678s 0%: 0.020+1.1+0.12 ms clock, 0.40+0/1.6/0+2.4 ms cpu, 242->242->112 MB, 245 MB goal, 0 MB stacks, 0 MB globals, 20 P
gc 3080 @131.703s 0%: 0.018+0.71+0.002 ms clock, 0.36+0/0.83/0+0.055 ms cpu, 224->224->118 MB, 226 MB goal, 0 MB stacks, 0 MB globals, 20 P
gc 3081 @131.726s 0%: 0.019+1.2+0.003 ms clock, 0.38+0/1.4/0+0.077 ms cpu, 240->240->125 MB, 240 MB goal, 0 MB stacks, 0 MB globals, 20 P
gc 3082 @131.756s 0%: 0.032+0.44+0.035 ms clock, 0.64+0.14/0.68/0.011+0.71 ms cpu, 247->247->111 MB, 250 MB goal, 0 MB stacks, 0 MB globals, 20 P
gc 3083 @131.781s 0%: 0.016+0.86+0.007 ms clock, 0.33+0/0.95/0+0.15 ms cpu, 224->224->116 MB, 224 MB goal, 0 MB stacks, 0 MB globals, 20 P
gc 3084 @131.811s 0%: 0.035+2.1+0.005 ms clock, 0.70+0/2.6/0+0.11 ms cpu, 232->232->121 MB, 233 MB goal, 0 MB stacks, 0 MB globals, 20 P
gc 3085 @131.842s 0%: 0.019+0.45+0.013 ms clock, 0.38+0/0.73/0.004+0.27 ms cpu, 244->244->138 MB, 244 MB goal, 0 MB stacks, 0 MB globals, 20 P
gc 3086 @131.866s 0%: 0.027+5.3+0.006 ms clock, 0.55+0/6.1/0+0.12 ms cpu, 281->281->119 MB, 281 MB goal, 0 MB stacks, 0 MB globals, 20 P
gc 3087 @131.886s 0%: 0.019+0.50+0.013 ms clock, 0.39+0/0.67/0.058+0.26 ms cpu, 235->235->133 MB, 238 MB goal, 0 MB stacks, 0 MB globals, 20 P
gc 3088 @131.909s 0%: 0.021+1.4+0.003 ms clock, 0.43+0/1.7/0+0.069 ms cpu, 271->271->120 MB, 271 MB goal, 0 MB stacks, 0 MB globals, 20 P
gc 3089 @131.942s 0%: 0.025+0.96+0.010 ms clock, 0.50+0/1.6/0+0.21 ms cpu, 239->239->110 MB, 240 MB goal, 0 MB stacks, 0 MB globals, 20 P
gc 3090 @131.963s 0%: 0.020+3.8+0.003 ms clock, 0.40+0/4.3/0+0.066 ms cpu, 221->221->114 MB, 221 MB goal, 0 MB stacks, 0 MB globals, 20 P
gc 3091 @131.986s 0%: 0.021+4.6+0.004 ms clock, 0.42+0/5.0/0+0.098 ms cpu, 234->234->119 MB, 235 MB goal, 0 MB stacks, 0 MB globals, 20 P
gc 3092 @132.026s 0%: 0.018+0.64+0.97 ms clock, 0.37+0/1.1/0+19 ms cpu, 236->239->111 MB, 239 MB goal, 0 MB stacks, 0 MB globals, 20 P
gc 3093 @132.045s 0%: 0.018+2.4+0.006 ms clock, 0.36+0/2.8/0.014+0.13 ms cpu, 223->223->114 MB, 223 MB goal, 0 MB stacks, 0 MB globals, 20 P
gc 3094 @132.065s 0%: 0.029+1.9+0.007 ms clock, 0.58+0/2.9/0+0.14 ms cpu, 238->238->122 MB, 238 MB goal, 0 MB stacks, 0 MB globals, 20 P
gc 3095 @132.094s 0%: 0.019+0.44+0.008 ms clock, 0.39+0/0.68/0+0.16 ms cpu, 245->245->141 MB, 246 MB goal, 0 MB stacks, 0 MB globals, 20 P
gc 3096 @132.119s 0%: 0.021+3.6+0.005 ms clock, 0.42+0/4.1/0.011+0.10 ms cpu, 283->283->123 MB, 284 MB goal, 0 MB stacks, 0 MB globals, 20 P
gc 3097 @132.140s 0%: 0.022+1.7+0.004 ms clock, 0.45+0/2.0/0.001+0.084 ms cpu, 244->244->129 MB, 246 MB goal, 0 MB stacks, 0 MB globals, 20 P
gc 3098 @132.172s 0%: 0.025+1.1+0.13 ms clock, 0.50+0/1.9/0+2.7 ms cpu, 258->258->119 MB, 258 MB goal, 0 MB stacks, 0 MB globals, 20 P
gc 3099 @132.190s 0%: 0.019+0.39+0.009 ms clock, 0.39+0/0.85/0+0.19 ms cpu, 245->245->135 MB, 245 MB goal, 0 MB stacks, 0 MB globals, 20 P
gc 3100 @132.219s 0%: 0.019+2.9+0.005 ms clock, 0.39+0/3.4/0.010+0.10 ms cpu, 268->268->116 MB, 270 MB goal, 0 MB stacks, 0 MB globals, 20 P
gc 3101 @132.238s 0%: 0.018+1.0+0.005 ms clock, 0.36+0/1.5/0.091+0.10 ms cpu, 231->231->121 MB, 233 MB goal, 0 MB stacks, 0 MB globals, 20 P
gc 3102 @132.257s 0%: 0.019+0.44+0.013 ms clock, 0.39+0/0.89/0+0.27 ms cpu, 243->243->138 MB, 243 MB goal, 0 MB stacks, 0 MB globals, 20 P
gc 3103 @132.293s 0%: 0.018+0.82+0.005 ms clock, 0.37+0/1.7/0.084+0.11 ms cpu, 281->281->118 MB, 281 MB goal, 0 MB stacks, 0 MB globals, 20 P
gc 3104 @132.308s 0%: 0.018+1.2+0.005 ms clock, 0.36+0/2.0/0.079+0.11 ms cpu, 239->239->126 MB, 239 MB goal, 0 MB stacks, 0 MB globals, 20 P
gc 3105 @132.335s 0%: 0.030+0.63+0.006 ms clock, 0.60+0/1.2/0.078+0.12 ms cpu, 249->249->116 MB, 252 MB goal, 0 MB stacks, 0 MB globals, 20 P
gc 3106 @132.353s 0%: 0.035+3.5+0.006 ms clock, 0.70+0/4.0/0+0.12 ms cpu, 232->232->120 MB, 233 MB goal, 0 MB stacks, 0 MB globals, 20 P
gc 3107 @132.394s 0%: 0.024+0.47+0.011 ms clock, 0.48+0/0.98/0.082+0.23 ms cpu, 246->246->136 MB, 246 MB goal, 0 MB stacks, 0 MB globals, 20 P
gc 3108 @132.431s 0%: 0.036+13+0.12 ms clock, 0.72+0/14/1.0+2.5 ms cpu, 277->277->118 MB, 277 MB goal, 0 MB stacks, 0 MB globals, 20 P
gc 3109 @132.470s 0%: 0.020+0.43+0.003 ms clock, 0.41+0/1.0/0.008+0.074 ms cpu, 234->234->108 MB, 236 MB goal, 0 MB stacks, 0 MB globals, 20 P
gc 3110 @132.483s 0%: 0.018+0.97+0.006 ms clock, 0.37+0/1.4/0+0.13 ms cpu, 217->217->113 MB, 217 MB goal, 0 MB stacks, 0 MB globals, 20 P
gc 3111 @132.499s 0%: 0.017+6.0+0.10 ms clock, 0.34+0/6.5/0+2.1 ms cpu, 234->248->132 MB, 234 MB goal, 0 MB stacks, 0 MB globals, 20 P
gc 3112 @132.529s 0%: 0.017+0.67+0.003 ms clock, 0.34+0/1.3/0.010+0.079 ms cpu, 257->257->111 MB, 266 MB goal, 0 MB stacks, 0 MB globals, 20 P
gc 3113 @132.542s 0%: 0.016+0.66+0.002 ms clock, 0.33+0/1.1/0.008+0.058 ms cpu, 212->212->115 MB, 223 MB goal, 0 MB stacks, 0 MB globals, 20 P
gc 3114 @132.555s 0%: 0.026+1.8+0.004 ms clock, 0.52+0/2.3/0+0.095 ms cpu, 217->217->118 MB, 230 MB goal, 0 MB stacks, 0 MB globals, 20 P
gc 3115 @132.569s 0%: 0.019+3.2+0.003 ms clock, 0.38+0/3.7/0.009+0.072 ms cpu, 223->223->122 MB, 237 MB goal, 0 MB stacks, 0 MB globals, 20 P
gc 3116 @132.595s 0%: 0.020+0.34+0.008 ms clock, 0.40+0/0.66/0+0.16 ms cpu, 244->244->140 MB, 245 MB goal, 0 MB stacks, 0 MB globals, 20 P
gc 3117 @132.614s 0%: 0.020+2.3+0.003 ms clock, 0.40+0/2.4/0+0.077 ms cpu, 271->271->119 MB, 281 MB goal, 0 MB stacks, 0 MB globals, 20 P
gc 3118 @132.630s 0%: 0.023+0.53+0.010 ms clock, 0.47+0/0.79/0+0.20 ms cpu, 229->229->134 MB, 238 MB goal, 0 MB stacks, 0 MB globals, 20 P
gc 3119 @132.676s 0%: 0.027+2.0+0.006 ms clock, 0.54+0/2.5/0+0.13 ms cpu, 258->258->113 MB, 269 MB goal, 0 MB stacks, 0 MB globals, 20 P
gc 3120 @132.694s 0%: 0.017+1.7+0.004 ms clock, 0.35+0/1.9/0+0.088 ms cpu, 214->214->115 MB, 228 MB goal, 0 MB stacks, 0 MB globals, 20 P
gc 3121 @132.710s 0%: 0.018+1.0+0.006 ms clock, 0.36+0/1.4/0+0.13 ms cpu, 218->218->117 MB, 231 MB goal, 0 MB stacks, 0 MB globals, 20 P
gc 3122 @132.728s 0%: 0.019+1.9+0.006 ms clock, 0.38+0/2.4/0+0.12 ms cpu, 222->222->120 MB, 235 MB goal, 0 MB stacks, 0 MB globals, 20 P
gc 3123 @132.760s 0%: 0.027+0.27+0.003 ms clock, 0.55+0/0.91/0.21+0.073 ms cpu, 226->227->107 MB, 240 MB goal, 0 MB stacks, 0 MB globals, 20 P
gc 3124 @132.779s 0%: 0.017+1.2+0.006 ms clock, 0.34+0/1.4/0.001+0.12 ms cpu, 205->205->112 MB, 215 MB goal, 0 MB stacks, 0 MB globals, 20 P
gc 3125 @132.794s 0%: 0.017+3.1+0.005 ms clock, 0.35+0/3.5/0.004+0.11 ms cpu, 219->219->117 MB, 225 MB goal, 0 MB stacks, 0 MB globals, 20 P
gc 3126 @132.819s 0%: 0.038+7.4+0.004 ms clock, 0.77+0/7.7/0+0.087 ms cpu, 232->232->121 MB, 234 MB goal, 0 MB stacks, 0 MB globals, 20 P
gc 3127 @132.845s 0%: 0.024+6.2+0.002 ms clock, 0.48+0/6.5/0.004+0.056 ms cpu, 230->230->124 MB, 243 MB goal, 0 MB stacks, 0 MB globals, 20 P
gc 3128 @132.876s 0%: 0.026+0.79+0.007 ms clock, 0.53+0/1.7/0.027+0.15 ms cpu, 238->238->113 MB, 250 MB goal, 0 MB stacks, 0 MB globals, 20 P
gc 3129 @132.903s 0%: 0.030+6.8+0.005 ms clock, 0.60+0/7.6/0.001+0.11 ms cpu, 224->224->119 MB, 227 MB goal, 0 MB stacks, 0 MB globals, 20 P
gc 3130 @132.942s 0%: 0.026+0.65+0.004 ms clock, 0.52+0/1.3/0.043+0.097 ms cpu, 229->229->106 MB, 239 MB goal, 0 MB stacks, 0 MB globals, 20 P
gc 3131 @132.967s 0%: 0.026+4.5+0.006 ms clock, 0.53+0/5.6/0.11+0.13 ms cpu, 204->204->107 MB, 212 MB goal, 0 MB stacks, 0 MB globals, 20 P
gc 3132 @132.990s 0%: 0.032+0.97+0.23 ms clock, 0.65+0/1.3/0+4.7 ms cpu, 205->205->118 MB, 216 MB goal, 0 MB stacks, 0 MB globals, 20 P
gc 3133 @133.020s 0%: 0.021+0.62+0.007 ms clock, 0.42+0/1.2/0.049+0.14 ms cpu, 223->223->94 MB, 236 MB goal, 0 MB stacks, 0 MB globals, 20 P
gc 3134 @133.030s 0%: 0.017+1.0+0.003 ms clock, 0.34+0/1.3/0+0.069 ms cpu, 176->176->96 MB, 189 MB goal, 0 MB stacks, 0 MB globals, 20 P
gc 3135 @133.044s 0%: 0.019+3.1+0.005 ms clock, 0.39+0/3.4/0+0.10 ms cpu, 180->180->98 MB, 193 MB goal, 0 MB stacks, 0 MB globals, 20 P
gc 3136 @133.057s 0%: 0.019+2.3+0.10 ms clock, 0.39+0/2.5/0+2.0 ms cpu, 184->195->111 MB, 197 MB goal, 0 MB stacks, 0 MB globals, 20 P
gc 3137 @133.083s 0%: 0.019+1.0+0.004 ms clock, 0.38+0/1.3/0.013+0.081 ms cpu, 211->211->93 MB, 224 MB goal, 0 MB stacks, 0 MB globals, 20 P
gc 3138 @133.108s 0%: 0.027+0.97+0.005 ms clock, 0.55+0/1.8/0.029+0.10 ms cpu, 181->181->96 MB, 187 MB goal, 0 MB stacks, 0 MB globals, 20 P
gc 3139 @133.129s 0%: 0.055+3.9+0.012 ms clock, 1.1+0/5.4/0.57+0.25 ms cpu, 180->180->98 MB, 193 MB goal, 0 MB stacks, 0 MB globals, 20 P
gc 3140 @133.146s 0%: 0.021+5.2+0.004 ms clock, 0.43+0/5.8/0.10+0.080 ms cpu, 184->184->101 MB, 197 MB goal, 0 MB stacks, 0 MB globals, 20 P
gc 3141 @133.169s 0%: 0.017+0.34+0.005 ms clock, 0.34+0/0.88/0.14+0.11 ms cpu, 188->189->89 MB, 202 MB goal, 0 MB stacks, 0 MB globals, 20 P
gc 3142 @133.179s 0%: 0.035+0.43+0.016 ms clock, 0.70+0/0.71/0+0.33 ms cpu, 176->176->116 MB, 180 MB goal, 0 MB stacks, 0 MB globals, 20 P
gc 3143 @133.201s 0%: 0.018+2.4+0.003 ms clock, 0.37+0/2.7/0.004+0.075 ms cpu, 224->224->98 MB, 233 MB goal, 0 MB stacks, 0 MB globals, 20 P
gc 3144 @133.215s 0%: 0.016+1.0+0.003 ms clock, 0.33+0/1.5/0.004+0.067 ms cpu, 182->182->98 MB, 196 MB goal, 0 MB stacks, 0 MB globals, 20 P
gc 3145 @133.233s 0%: 0.029+7.1+0.008 ms clock, 0.58+0/7.3/0.001+0.17 ms cpu, 187->187->102 MB, 197 MB goal, 0 MB stacks, 0 MB globals, 20 P
gc 3146 @133.254s 0%: 0.018+4.9+0.003 ms clock, 0.37+0/5.5/0.12+0.072 ms cpu, 200->200->108 MB, 205 MB goal, 0 MB stacks, 0 MB globals, 20 P
gc 3147 @133.279s 0%: 0.019+0.33+0.012 ms clock, 0.38+0/0.82/0+0.24 ms cpu, 214->214->127 MB, 217 MB goal, 0 MB stacks, 0 MB globals, 20 P
gc 3148 @133.298s 0%: 0.017+0.96+0.007 ms clock, 0.35+0/1.3/0+0.14 ms cpu, 245->245->109 MB, 255 MB goal, 0 MB stacks, 0 MB globals, 20 P
gc 3149 @133.313s 0%: 0.051+0.59+0.004 ms clock, 1.0+0/1.1/0.043+0.084 ms cpu, 208->208->111 MB, 218 MB goal, 0 MB stacks, 0 MB globals, 20 P
gc 3150 @133.328s 0%: 0.027+0.69+0.003 ms clock, 0.54+0/1.3/0.003+0.077 ms cpu, 212->212->115 MB, 223 MB goal, 0 MB stacks, 0 MB globals, 20 P
gc 3151 @133.341s 0%: 0.020+0.90+0.003 ms clock, 0.40+0/1.5/0.016+0.075 ms cpu, 217->217->118 MB, 230 MB goal, 0 MB stacks, 0 MB globals, 20 P
gc 3152 @133.356s 0%: 0.022+1.1+0.007 ms clock, 0.45+0/1.6/0.43+0.15 ms cpu, 223->223->122 MB, 237 MB goal, 0 MB stacks, 0 MB globals, 20 P
gc 3153 @133.378s 0%: 0.018+0.59+0.069 ms clock, 0.37+0/0.79/0+1.3 ms cpu, 245->245->141 MB, 246 MB goal, 0 MB stacks, 0 MB globals, 20 P
gc 3154 @133.405s 0%: 0.022+3.4+0.003 ms clock, 0.44+0/4.0/0.19+0.072 ms cpu, 274->274->121 MB, 283 MB goal, 0 MB stacks, 0 MB globals, 20 P
gc 3155 @133.422s 0%: 0.022+1.0+0.003 ms clock, 0.44+0/1.6/0.003+0.061 ms cpu, 236->236->126 MB, 242 MB goal, 0 MB stacks, 0 MB globals, 20 P
gc 3156 @133.448s 0%: 0.024+0.55+0.013 ms clock, 0.49+0/1.0/0+0.26 ms cpu, 247->247->142 MB, 252 MB goal, 0 MB stacks, 0 MB globals, 20 P
gc 3157 @133.480s 0%: 0.029+1.4+0.006 ms clock, 0.59+0/2.2/0.12+0.12 ms cpu, 274->274->120 MB, 285 MB goal, 0 MB stacks, 0 MB globals, 20 P
gc 3158 @133.496s 0%: 0.022+1.6+0.004 ms clock, 0.45+0/2.1/0.11+0.089 ms cpu, 233->233->123 MB, 240 MB goal, 0 MB stacks, 0 MB globals, 20 P
gc 3159 @133.521s 0%: 0.017+0.68+0.006 ms clock, 0.35+0/0.77/0.40+0.12 ms cpu, 233->236->112 MB, 246 MB goal, 0 MB stacks, 0 MB globals, 20 P
gc 3160 @133.541s 0%: 0.017+1.6+0.006 ms clock, 0.34+0/2.2/0.16+0.13 ms cpu, 216->216->111 MB, 226 MB goal, 0 MB stacks, 0 MB globals, 20 P
gc 3161 @133.558s 0%: 0.019+0.94+0.006 ms clock, 0.39+0/1.5/0.029+0.12 ms cpu, 216->216->115 MB, 223 MB goal, 0 MB stacks, 0 MB globals, 20 P
gc 3162 @133.572s 0%: 0.021+6.7+0.006 ms clock, 0.43+0/7.1/0.043+0.13 ms cpu, 219->219->119 MB, 232 MB goal, 0 MB stacks, 0 MB globals, 20 P
gc 3163 @133.593s 0%: 0.019+0.49+0.014 ms clock, 0.39+0/0.77/0+0.28 ms cpu, 226->226->134 MB, 240 MB goal, 0 MB stacks, 0 MB globals, 20 P
gc 3164 @133.622s 0%: 0.021+1.1+0.006 ms clock, 0.43+0/1.5/0+0.12 ms cpu, 259->259->112 MB, 269 MB goal, 0 MB stacks, 0 MB globals, 20 P
gc 3165 @133.636s 0%: 0.020+0.80+0.015 ms clock, 0.40+0/1.2/0.26+0.31 ms cpu, 212->212->115 MB, 224 MB goal, 0 MB stacks, 0 MB globals, 20 P
gc 3166 @133.652s 0%: 0.030+2.9+0.019 ms clock, 0.61+0/3.4/0+0.38 ms cpu, 217->217->118 MB, 230 MB goal, 0 MB stacks, 0 MB globals, 20 P
gc 3167 @133.672s 0%: 0.026+1.3+0.004 ms clock, 0.52+0/2.0/0+0.097 ms cpu, 223->223->122 MB, 237 MB goal, 0 MB stacks, 0 MB globals, 20 P
gc 3168 @133.704s 0%: 0.020+0.51+0.014 ms clock, 0.41+0/0.75/0+0.28 ms cpu, 245->245->141 MB, 245 MB goal, 0 MB stacks, 0 MB globals, 20 P
gc 3169 @133.725s 0%: 0.020+2.8+0.005 ms clock, 0.41+0/3.2/0.026+0.10 ms cpu, 273->273->120 MB, 283 MB goal, 0 MB stacks, 0 MB globals, 20 P
gc 3170 @133.742s 0%: 0.018+3.0+0.003 ms clock, 0.36+0/3.3/0+0.076 ms cpu, 234->234->123 MB, 241 MB goal, 0 MB stacks, 0 MB globals, 20 P
gc 3171 @133.774s 0%: 0.027+0.48+0.014 ms clock, 0.54+0/0.97/0+0.28 ms cpu, 246->246->141 MB, 248 MB goal, 0 MB stacks, 0 MB globals, 20 P
gc 3172 @133.807s 0%: 0.019+1.0+0.003 ms clock, 0.39+0/1.2/0+0.061 ms cpu, 273->273->119 MB, 282 MB goal, 0 MB stacks, 0 MB globals, 20 P
gc 3173 @133.822s 0%: 0.024+1.0+0.004 ms clock, 0.49+0/1.4/0+0.082 ms cpu, 234->234->124 MB, 239 MB goal, 0 MB stacks, 0 MB globals, 20 P
gc 3174 @133.853s 0%: 0.019+1.6+0.040 ms clock, 0.38+0/2.1/0.23+0.81 ms cpu, 236->236->113 MB, 248 MB goal, 0 MB stacks, 0 MB globals, 20 P
gc 3175 @133.871s 0%: 0.019+0.81+0.003 ms clock, 0.39+0/1.4/0.015+0.064 ms cpu, 218->218->115 MB, 226 MB goal, 0 MB stacks, 0 MB globals, 20 P
gc 3176 @133.892s 0%: 0.019+4.7+0.006 ms clock, 0.38+0/5.2/0+0.12 ms cpu, 228->228->121 MB, 231 MB goal, 0 MB stacks, 0 MB globals, 20 P
gc 3177 @133.916s 0%: 0.016+0.53+0.005 ms clock, 0.32+0.027/0.88/0.018+0.11 ms cpu, 228->233->109 MB, 242 MB goal, 0 MB stacks, 0 MB globals, 20 P
gc 3178 @133.933s 0%: 0.039+3.9+0.006 ms clock, 0.79+0/2.2/0+0.12 ms cpu, 210->213->111 MB, 220 MB goal, 0 MB stacks, 0 MB globals, 20 P
gc 3179 @133.955s 0%: 0.026+0.87+0.007 ms clock, 0.53+0/1.9/0.025+0.14 ms cpu, 213->213->112 MB, 223 MB goal, 0 MB stacks, 0 MB globals, 20 P
gc 3180 @133.980s 0%: 0.027+0.92+0.005 ms clock, 0.54+0/1.9/0.005+0.11 ms cpu, 219->219->116 MB, 225 MB goal, 0 MB stacks, 0 MB globals, 20 P
gc 3181 @134.004s 0%: 0.031+7.8+0.005 ms clock, 0.63+0/8.6/0.067+0.10 ms cpu, 231->231->122 MB, 233 MB goal, 0 MB stacks, 0 MB globals, 20 P
gc 3182 @134.039s 0%: 0.020+0.49+0.008 ms clock, 0.40+0/0.81/0+0.17 ms cpu, 245->245->141 MB, 245 MB goal, 0 MB stacks, 0 MB globals, 20 P
gc 3183 @134.065s 0%: 0.018+0.79+0.003 ms clock, 0.36+0/1.0/0+0.069 ms cpu, 273->273->121 MB, 283 MB goal, 0 MB stacks, 0 MB globals, 20 P
gc 3184 @134.085s 0%: 0.022+1.2+0.006 ms clock, 0.45+0/1.4/0+0.12 ms cpu, 235->235->125 MB, 242 MB goal, 0 MB stacks, 0 MB globals, 20 P
gc 3185 @134.106s 0%: 0.018+1.8+0.003 ms clock, 0.37+0/1.9/0+0.075 ms cpu, 244->244->115 MB, 250 MB goal, 0 MB stacks, 0 MB globals, 20 P
gc 3186 @134.127s 0%: 0.024+1.9+0.008 ms clock, 0.48+0/2.6/0+0.16 ms cpu, 225->225->117 MB, 231 MB goal, 0 MB stacks, 0 MB globals, 20 P
gc 3187 @134.150s 0%: 0.020+0.94+0.003 ms clock, 0.40+0.10/0.68/0+0.071 ms cpu, 226->231->110 MB, 236 MB goal, 0 MB stacks, 0 MB globals, 20 P
gc 3188 @134.167s 0%: 0.016+1.0+0.003 ms clock, 0.32+0/1.3/0+0.068 ms cpu, 222->222->111 MB, 223 MB goal, 0 MB stacks, 0 MB globals, 20 P
gc 3189 @134.185s 0%: 0.018+1.3+0.006 ms clock, 0.36+0/1.8/0.031+0.13 ms cpu, 221->221->114 MB, 222 MB goal, 0 MB stacks, 0 MB globals, 20 P
gc 3190 @134.216s 0%: 0.026+3.2+0.006 ms clock, 0.52+0/3.5/0+0.12 ms cpu, 235->235->121 MB, 235 MB goal, 0 MB stacks, 0 MB globals, 20 P
gc 3191 @134.243s 0%: 0.019+0.56+0.006 ms clock, 0.38+0.035/0.68/0+0.12 ms cpu, 238->240->113 MB, 242 MB goal, 0 MB stacks, 0 MB globals, 20 P
gc 3192 @134.257s 0%: 0.017+2.3+0.002 ms clock, 0.34+0/2.4/0+0.058 ms cpu, 224->224->116 MB, 226 MB goal, 0 MB stacks, 0 MB globals, 20 P
gc 3193 @134.290s 0%: 0.028+7.4+0.004 ms clock, 0.57+0/8.3/0.12+0.081 ms cpu, 240->240->124 MB, 240 MB goal, 0 MB stacks, 0 MB globals, 20 P
gc 3194 @134.318s 0%: 0.028+0.56+0.015 ms clock, 0.56+0/1.0/0+0.30 ms cpu, 246->246->143 MB, 249 MB goal, 0 MB stacks, 0 MB globals, 20 P
gc 3195 @134.364s 0%: 0.026+3.9+0.005 ms clock, 0.53+0/4.2/0+0.10 ms cpu, 285->285->122 MB, 286 MB goal, 0 MB stacks, 0 MB globals, 20 P
gc 3196 @134.390s 0%: 0.031+0.56+0.003 ms clock, 0.63+0.095/0.70/0+0.078 ms cpu, 241->243->111 MB, 245 MB goal, 0 MB stacks, 0 MB globals, 20 P
gc 3197 @134.407s 0%: 0.020+0.94+0.005 ms clock, 0.40+0/1.3/0.003+0.10 ms cpu, 222->222->115 MB, 223 MB goal, 0 MB stacks, 0 MB globals, 20 P
gc 3198 @134.426s 0%: 0.020+5.3+0.003 ms clock, 0.41+0/5.6/0.011+0.073 ms cpu, 229->229->121 MB, 232 MB goal, 0 MB stacks, 0 MB globals, 20 P
gc 3199 @134.460s 0%: 0.030+0.78+0.018 ms clock, 0.60+0/1.1/0.002+0.36 ms cpu, 241->241->108 MB, 243 MB goal, 0 MB stacks, 0 MB globals, 20 P
gc 3200 @134.483s 0%: 0.026+3.7+0.006 ms clock, 0.53+0/4.5/0.030+0.13 ms cpu, 213->213->111 MB, 217 MB goal, 0 MB stacks, 0 MB globals, 20 P
gc 3201 @134.505s 0%: 0.018+2.4+0.003 ms clock, 0.36+0/2.9/0+0.072 ms cpu, 218->218->114 MB, 223 MB goal, 0 MB stacks, 0 MB globals, 20 P
gc 3202 @134.527s 0%: 0.020+5.1+0.005 ms clock, 0.40+0/5.3/0+0.11 ms cpu, 230->230->121 MB, 230 MB goal, 0 MB stacks, 0 MB globals, 20 P
gc 3203 @134.550s 0%: 0.023+0.35+0.010 ms clock, 0.46+0/0.72/0+0.21 ms cpu, 243->243->139 MB, 243 MB goal, 0 MB stacks, 0 MB globals, 20 P
gc 3204 @134.572s 0%: 0.029+8.0+0.005 ms clock, 0.58+0/8.5/0+0.11 ms cpu, 277->277->124 MB, 279 MB goal, 0 MB stacks, 0 MB globals, 20 P
gc 3205 @134.606s 0%: 0.026+0.89+0.004 ms clock, 0.52+0/1.4/0+0.083 ms cpu, 251->251->116 MB, 251 MB goal, 0 MB stacks, 0 MB globals, 20 P
gc 3206 @134.626s 0%: 0.029+8.1+0.003 ms clock, 0.59+0/9.0/0.082+0.077 ms cpu, 231->231->121 MB, 232 MB goal, 0 MB stacks, 0 MB globals, 20 P
gc 3207 @134.656s 0%: 0.034+0.57+0.016 ms clock, 0.69+0/1.3/0.029+0.33 ms cpu, 243->243->138 MB, 243 MB goal, 0 MB stacks, 0 MB globals, 20 P
gc 3208 @134.701s 0%: 0.025+1.0+0.012 ms clock, 0.50+0/1.8/0+0.24 ms cpu, 280->280->118 MB, 280 MB goal, 0 MB stacks, 0 MB globals, 20 P
gc 3209 @134.719s 0%: 0.023+3.2+0.004 ms clock, 0.47+0/3.6/0.002+0.088 ms cpu, 239->239->124 MB, 239 MB goal, 0 MB stacks, 0 MB globals, 20 P
gc 3210 @134.752s 0%: 0.018+1.4+0.003 ms clock, 0.36+0/1.9/0.006+0.067 ms cpu, 246->246->115 MB, 248 MB goal, 0 MB stacks, 0 MB globals, 20 P
gc 3211 @134.767s 0%: 0.017+0.66+0.004 ms clock, 0.35+0/1.0/0+0.082 ms cpu, 231->231->121 MB, 231 MB goal, 0 MB stacks, 0 MB globals, 20 P
gc 3212 @134.785s 0%: 0.033+8.1+0.003 ms clock, 0.67+0/8.7/0+0.075 ms cpu, 252->252->128 MB, 252 MB goal, 0 MB stacks, 0 MB globals, 20 P
gc 3213 @134.825s 0%: 0.018+0.59+0.005 ms clock, 0.36+0/1.1/0.003+0.10 ms cpu, 253->253->115 MB, 258 MB goal, 0 MB stacks, 0 MB globals, 20 P
gc 3214 @134.854s 0%: 0.030+4.9+0.040 ms clock, 0.60+0/5.9/0.098+0.81 ms cpu, 236->236->119 MB, 236 MB goal, 0 MB stacks, 0 MB globals, 20 P
gc 3215 @134.884s 0%: 0.059+0.68+0.007 ms clock, 1.1+0/2.0/0.19+0.15 ms cpu, 236->236->109 MB, 240 MB goal, 0 MB stacks, 0 MB globals, 20 P
gc 3216 @134.908s 0%: 0.027+0.87+0.008 ms clock, 0.54+0/1.6/0.067+0.17 ms cpu, 217->217->112 MB, 219 MB goal, 0 MB stacks, 0 MB globals, 20 P
gc 3217 @134.936s 0%: 0.031+3.7+0.009 ms clock, 0.63+0/4.4/0+0.19 ms cpu, 223->223->116 MB, 225 MB goal, 0 MB stacks, 0 MB globals, 20 P
gc 3218 @134.956s 0%: 0.020+5.6+0.005 ms clock, 0.40+0/5.8/0+0.11 ms cpu, 237->237->121 MB, 237 MB goal, 0 MB stacks, 0 MB globals, 20 P
gc 3219 @134.984s 0%: 0.021+1.3+0.005 ms clock, 0.43+0.054/0.92/0+0.11 ms cpu, 240->243->112 MB, 243 MB goal, 0 MB stacks, 0 MB globals, 20 P
gc 3220 @135.002s 0%: 0.019+4.0+0.004 ms clock, 0.38+0/4.3/0+0.099 ms cpu, 227->227->114 MB, 227 MB goal, 0 MB stacks, 0 MB globals, 20 P
gc 3221 @135.030s 0%: 0.020+0.46+0.11 ms clock, 0.40+0.077/0.80/0+2.3 ms cpu, 225->225->107 MB, 230 MB goal, 0 MB stacks, 0 MB globals, 20 P
gc 3222 @135.049s 0%: 0.016+1.1+0.004 ms clock, 0.33+0/1.5/0.23+0.086 ms cpu, 212->212->110 MB, 214 MB goal, 0 MB stacks, 0 MB globals, 20 P
gc 3223 @135.064s 0%: 0.017+2.6+0.011 ms clock, 0.34+0/3.3/0.076+0.23 ms cpu, 221->221->113 MB, 221 MB goal, 0 MB stacks, 0 MB globals, 20 P
gc 3224 @135.084s 0%: 0.018+1.3+0.013 ms clock, 0.36+0/1.7/0.026+0.26 ms cpu, 224->224->117 MB, 227 MB goal, 0 MB stacks, 0 MB globals, 20 P
gc 3225 @135.099s 0%: 0.020+5.4+0.004 ms clock, 0.41+0/6.1/0+0.082 ms cpu, 238->238->122 MB, 238 MB goal, 0 MB stacks, 0 MB globals, 20 P
gc 3226 @135.129s 0%: 0.019+0.42+0.003 ms clock, 0.38+0/0.77/0+0.065 ms cpu, 242->242->112 MB, 246 MB goal, 0 MB stacks, 0 MB globals, 20 P
gc 3227 @135.147s 0%: 0.016+1.8+0.003 ms clock, 0.33+0/2.4/0+0.076 ms cpu, 224->224->118 MB, 225 MB goal, 0 MB stacks, 0 MB globals, 20 P
gc 3228 @135.165s 0%: 0.024+1.0+0.003 ms clock, 0.48+0/1.7/0.037+0.063 ms cpu, 241->241->126 MB, 241 MB goal, 0 MB stacks, 0 MB globals, 20 P
gc 3229 @135.198s 0%: 0.019+0.32+0.005 ms clock, 0.39+0.031/0.89/0.050+0.11 ms cpu, 248->250->114 MB, 252 MB goal, 0 MB stacks, 0 MB globals, 20 P
gc 3230 @135.215s 0%: 0.018+0.53+0.005 ms clock, 0.37+0/1.1/0.13+0.11 ms cpu, 228->228->116 MB, 228 MB goal, 0 MB stacks, 0 MB globals, 20 P
gc 3231 @135.237s 0%: 0.022+0.92+0.007 ms clock, 0.45+0/1.8/0.14+0.15 ms cpu, 233->233->121 MB, 234 MB goal, 0 MB stacks, 0 MB globals, 20 P
gc 3232 @135.252s 0%: 0.019+5.3+0.005 ms clock, 0.39+0/5.5/0+0.11 ms cpu, 241->241->126 MB, 243 MB goal, 0 MB stacks, 0 MB globals, 20 P
gc 3233 @135.277s 0%: 0.018+0.49+0.005 ms clock, 0.37+0.13/0.92/0+0.11 ms cpu, 248->248->113 MB, 252 MB goal, 0 MB stacks, 0 MB globals, 20 P
gc 3234 @135.303s 0%: 0.024+1.9+0.004 ms clock, 0.48+0/2.4/0+0.092 ms cpu, 229->229->118 MB, 229 MB goal, 0 MB stacks, 0 MB globals, 20 P
gc 3235 @135.331s 0%: 0.026+6.4+0.004 ms clock, 0.53+0/6.7/0.002+0.082 ms cpu, 249->249->127 MB, 250 MB goal, 0 MB stacks, 0 MB globals, 20 P
gc 3236 @135.364s 0%: 0.039+0.60+0.008 ms clock, 0.79+0/1.2/0+0.16 ms cpu, 251->252->115 MB, 255 MB goal, 0 MB stacks, 0 MB globals, 20 P
gc 3237 @135.392s 0%: 0.029+1.3+0.008 ms clock, 0.59+0/2.4/0.050+0.16 ms cpu, 234->234->121 MB, 234 MB goal, 0 MB stacks, 0 MB globals, 20 P
gc 3238 @135.415s 0%: 0.029+2.6+0.005 ms clock, 0.59+0/2.8/0.006+0.10 ms cpu, 244->244->110 MB, 245 MB goal, 0 MB stacks, 0 MB globals, 20 P
gc 3239 @135.431s 0%: 0.021+1.5+0.006 ms clock, 0.42+0.023/1.8/0+0.13 ms cpu, 221->221->115 MB, 221 MB goal, 0 MB stacks, 0 MB globals, 20 P
gc 3240 @135.455s 0%: 0.025+0.91+0.010 ms clock, 0.51+0/1.9/0.047+0.20 ms cpu, 231->231->105 MB, 231 MB goal, 0 MB stacks, 0 MB globals, 20 P
gc 3241 @135.475s 0%: 0.027+1.4+0.13 ms clock, 0.54+0/2.3/0.10+2.7 ms cpu, 210->210->101 MB, 212 MB goal, 0 MB stacks, 0 MB globals, 20 P
gc 3242 @135.505s 0%: 0.021+0.66+0.003 ms clock, 0.43+0/0.87/0+0.077 ms cpu, 198->201->94 MB, 202 MB goal, 0 MB stacks, 0 MB globals, 20 P
gc 3243 @135.522s 0%: 0.016+3.7+0.006 ms clock, 0.33+0/4.0/0+0.12 ms cpu, 191->191->96 MB, 191 MB goal, 0 MB stacks, 0 MB globals, 20 P
gc 3244 @135.541s 0%: 0.019+1.2+0.005 ms clock, 0.38+0/1.3/0.010+0.11 ms cpu, 192->192->101 MB, 193 MB goal, 0 MB stacks, 0 MB globals, 20 P
gc 3245 @135.559s 0%: 0.018+2.4+0.007 ms clock, 0.37+0.11/0.77/0.005+0.15 ms cpu, 198->201->94 MB, 202 MB goal, 0 MB stacks, 0 MB globals, 20 P
gc 3246 @135.577s 0%: 0.023+1.0+0.007 ms clock, 0.46+0/1.6/0+0.14 ms cpu, 191->191->96 MB, 191 MB goal, 0 MB stacks, 0 MB globals, 20 P
gc 3247 @135.601s 0%: 0.028+6.3+0.13 ms clock, 0.57+0/7.1/0.15+2.6 ms cpu, 192->192->101 MB, 193 MB goal, 0 MB stacks, 0 MB globals, 20 P
gc 3248 @135.628s 0%: 0.022+0.57+0.003 ms clock, 0.44+0/0.97/0.009+0.063 ms cpu, 198->201->94 MB, 202 MB goal, 0 MB stacks, 0 MB globals, 20 P
gc 3249 @135.645s 0%: 0.028+0.93+0.006 ms clock, 0.57+0/1.4/0+0.13 ms cpu, 191->191->96 MB, 191 MB goal, 0 MB stacks, 0 MB globals, 20 P
gc 3250 @135.663s 0%: 0.022+1.9+0.005 ms clock, 0.44+0/2.4/0.024+0.10 ms cpu, 192->192->101 MB, 193 MB goal, 0 MB stacks, 0 MB globals, 20 P
gc 3251 @135.683s 0%: 0.018+0.35+0.003 ms clock, 0.36+0/0.80/0.26+0.060 ms cpu, 198->198->91 MB, 202 MB goal, 0 MB stacks, 0 MB globals, 20 P
gc 3252 @135.699s 0%: 0.019+1.5+0.003 ms clock, 0.39+0/2.0/0.24+0.077 ms cpu, 183->183->94 MB, 183 MB goal, 0 MB stacks, 0 MB globals, 20 P
gc 3253 @135.712s 0%: 0.021+2.8+0.006 ms clock, 0.43+0/3.3/0.26+0.13 ms cpu, 186->186->98 MB, 190 MB goal, 0 MB stacks, 0 MB globals, 20 P
gc 3254 @135.729s 0%: 0.025+0.32+0.014 ms clock, 0.51+0/0.92/0.14+0.28 ms cpu, 195->195->111 MB, 197 MB goal, 0 MB stacks, 0 MB globals, 20 P
gc 3255 @135.755s 0%: 0.020+1.2+0.003 ms clock, 0.40+0/1.6/0.003+0.072 ms cpu, 225->225->96 MB, 225 MB goal, 0 MB stacks, 0 MB globals, 20 P
gc 3256 @135.769s 0%: 0.018+1.0+0.004 ms clock, 0.37+0/1.5/0.069+0.098 ms cpu, 192->192->100 MB, 193 MB goal, 0 MB stacks, 0 MB globals, 20 P
gc 3257 @135.786s 0%: 0.028+0.59+0.003 ms clock, 0.56+0/0.93/0+0.079 ms cpu, 198->198->91 MB, 202 MB goal, 0 MB stacks, 0 MB globals, 20 P
gc 3258 @135.811s 0%: 0.020+2.1+0.005 ms clock, 0.40+0/2.7/0.47+0.11 ms cpu, 183->183->94 MB, 183 MB goal, 0 MB stacks, 0 MB globals, 20 P
gc 3259 @135.825s 0%: 0.017+1.0+0.005 ms clock, 0.35+0/1.6/0.089+0.11 ms cpu, 186->186->98 MB, 190 MB goal, 0 MB stacks, 0 MB globals, 20 P
gc 3260 @135.843s 0%: 0.020+0.37+0.014 ms clock, 0.41+0/0.96/0.003+0.28 ms cpu, 195->195->111 MB, 197 MB goal, 0 MB stacks, 0 MB globals, 20 P
gc 3261 @135.861s 0%: 0.023+3.6+0.006 ms clock, 0.47+0/4.2/0.003+0.12 ms cpu, 225->225->96 MB, 225 MB goal, 0 MB stacks, 0 MB globals, 20 P
gc 3262 @135.880s 0%: 0.021+1.3+0.011 ms clock, 0.43+0/1.8/0.22+0.23 ms cpu, 192->192->101 MB, 193 MB goal, 0 MB stacks, 0 MB globals, 20 P
gc 3263 @135.899s 0%: 0.032+0.58+0.006 ms clock, 0.65+0/1.2/0.075+0.13 ms cpu, 198->198->91 MB, 202 MB goal, 0 MB stacks, 0 MB globals, 20 P
gc 3264 @135.916s 0%: 0.036+3.5+0.005 ms clock, 0.73+0/4.6/0.67+0.11 ms cpu, 183->183->94 MB, 183 MB goal, 0 MB stacks, 0 MB globals, 20 P
gc 3265 @135.931s 0%: 0.017+2.8+0.006 ms clock, 0.35+0/3.3/0.072+0.12 ms cpu, 186->186->98 MB, 190 MB goal, 0 MB stacks, 0 MB globals, 20 P
gc 3266 @135.947s 0%: 0.020+0.47+0.012 ms clock, 0.41+0/0.86/0+0.24 ms cpu, 195->195->111 MB, 197 MB goal, 0 MB stacks, 0 MB globals, 20 P
gc 3267 @135.965s 0%: 0.016+2.4+0.003 ms clock, 0.33+0/2.7/0+0.078 ms cpu, 225->225->96 MB, 225 MB goal, 0 MB stacks, 0 MB globals, 20 P
gc 3268 @135.981s 0%: 0.018+2.2+0.10 ms clock, 0.36+0/2.7/0.083+2.0 ms cpu, 193->193->101 MB, 193 MB goal, 0 MB stacks, 0 MB globals, 20 P
gc 3269 @136.017s 0%: 0.019+0.48+0.015 ms clock, 0.38+0/1.2/0.013+0.31 ms cpu, 201->201->91 MB, 202 MB goal, 0 MB stacks, 0 MB globals, 20 P
gc 3270 @136.033s 0%: 0.019+1.1+0.004 ms clock, 0.38+0/1.7/0+0.081 ms cpu, 181->181->94 MB, 183 MB goal, 0 MB stacks, 0 MB globals, 20 P
gc 3271 @136.045s 0%: 0.015+0.96+0.006 ms clock, 0.31+0/1.6/0.031+0.12 ms cpu, 186->186->98 MB, 190 MB goal, 0 MB stacks, 0 MB globals, 20 P
gc 3272 @136.061s 0%: 0.018+0.52+0.013 ms clock, 0.37+0/0.98/0+0.26 ms cpu, 195->195->111 MB, 197 MB goal, 0 MB stacks, 0 MB globals, 20 P
gc 3273 @136.085s 0%: 0.056+3.5+0.004 ms clock, 1.1+0/3.5/0.12+0.091 ms cpu, 225->225->96 MB, 225 MB goal, 0 MB stacks, 0 MB globals, 20 P
gc 3274 @136.105s 0%: 0.018+1.1+0.006 ms clock, 0.36+0/1.6/0+0.12 ms cpu, 192->192->101 MB, 193 MB goal, 0 MB stacks, 0 MB globals, 20 P
gc 3275 @136.122s 0%: 0.017+0.42+0.005 ms clock, 0.34+0.097/0.86/0.047+0.11 ms cpu, 199->199->102 MB, 202 MB goal, 0 MB stacks, 0 MB globals, 20 P
gc 3276 @136.136s 0%: 0.020+2.1+0.003 ms clock, 0.40+0/2.5/0+0.076 ms cpu, 210->210->109 MB, 210 MB goal, 0 MB stacks, 0 MB globals, 20 P
gc 3277 @136.158s 0%: 0.016+0.37+0.004 ms clock, 0.33+0.092/0.69/0.013+0.099 ms cpu, 216->216->101 MB, 219 MB goal, 0 MB stacks, 0 MB globals, 20 P
gc 3278 @136.172s 0%: 0.019+2.5+0.005 ms clock, 0.39+0/2.9/0+0.10 ms cpu, 204->204->107 MB, 204 MB goal, 0 MB stacks, 0 MB globals, 20 P
gc 3279 @136.193s 0%: 0.021+6.5+0.003 ms clock, 0.43+0/6.9/0+0.074 ms cpu, 219->219->115 MB, 219 MB goal, 0 MB stacks, 0 MB globals, 20 P
gc 3280 @136.220s 0%: 0.018+0.70+0.005 ms clock, 0.37+0/1.1/0.022+0.11 ms cpu, 228->228->107 MB, 230 MB goal, 0 MB stacks, 0 MB globals, 20 P
gc 3281 @136.239s 0%: 0.022+1.2+0.003 ms clock, 0.44+0/1.7/0+0.071 ms cpu, 220->220->105 MB, 220 MB goal, 0 MB stacks, 0 MB globals, 20 P
gc 3282 @136.261s 0%: 0.021+0.37+0.010 ms clock, 0.42+0/0.78/0+0.21 ms cpu, 210->210->124 MB, 211 MB goal, 0 MB stacks, 0 MB globals, 20 P
gc 3283 @136.286s 0%: 0.017+0.69+0.080 ms clock, 0.35+0/1.0/0+1.6 ms cpu, 248->248->107 MB, 249 MB goal, 0 MB stacks, 0 MB globals, 20 P
gc 3284 @136.302s 0%: 0.024+0.95+0.003 ms clock, 0.48+0/1.5/0.15+0.077 ms cpu, 218->218->114 MB, 218 MB goal, 0 MB stacks, 0 MB globals, 20 P
gc 3285 @136.318s 0%: 0.020+1.3+0.004 ms clock, 0.41+0/1.7/0.003+0.082 ms cpu, 234->234->122 MB, 234 MB goal, 0 MB stacks, 0 MB globals, 20 P
gc 3286 @136.338s 0%: 0.016+0.66+0.003 ms clock, 0.33+0.13/0.53/0+0.079 ms cpu, 242->245->116 MB, 245 MB goal, 0 MB stacks, 0 MB globals, 20 P
gc 3287 @136.353s 0%: 0.020+0.87+0.004 ms clock, 0.40+0/1.4/0+0.086 ms cpu, 232->232->119 MB, 232 MB goal, 0 MB stacks, 0 MB globals, 20 P
gc 3288 @136.369s 0%: 0.018+5.8+0.003 ms clock, 0.37+0/6.3/0.49+0.074 ms cpu, 250->250->129 MB, 250 MB goal, 0 MB stacks, 0 MB globals, 20 P
gc 3289 @136.397s 0%: 0.018+0.54+0.005 ms clock, 0.37+0/1.1/0+0.10 ms cpu, 255->255->116 MB, 258 MB goal, 0 MB stacks, 0 MB globals, 20 P
gc 3290 @136.418s 0%: 0.018+2.3+0.003 ms clock, 0.36+0/3.1/0.13+0.067 ms cpu, 237->237->121 MB, 237 MB goal, 0 MB stacks, 0 MB globals, 20 P
gc 3291 @136.444s 0%: 0.019+0.40+0.003 ms clock, 0.39+0.14/0.80/0.043+0.066 ms cpu, 239->240->110 MB, 242 MB goal, 0 MB stacks, 0 MB globals, 20 P
gc 3292 @136.458s 0%: 0.021+3.1+0.003 ms clock, 0.43+0/3.6/0.005+0.066 ms cpu, 222->222->114 MB, 222 MB goal, 0 MB stacks, 0 MB globals, 20 P
gc 3293 @136.476s 0%: 0.020+3.8+0.030 ms clock, 0.41+0/0.88/3.6+0.60 ms cpu, 230->230->119 MB, 230 MB goal, 0 MB stacks, 0 MB globals, 20 P
gc 3294 @136.496s 0%: 0.021+0.44+0.009 ms clock, 0.42+0/0.73/0+0.19 ms cpu, 241->241->136 MB, 241 MB goal, 0 MB stacks, 0 MB globals, 20 P
gc 3295 @136.529s 0%: 0.033+6.7+0.14 ms clock, 0.66+0/7.9/0.35+2.8 ms cpu, 269->269->115 MB, 272 MB goal, 0 MB stacks, 0 MB globals, 20 P
gc 3296 @136.559s 0%: 0.024+1.3+0.005 ms clock, 0.48+0/1.9/0.001+0.10 ms cpu, 230->230->121 MB, 230 MB goal, 0 MB stacks, 0 MB globals, 20 P
gc 3297 @136.586s 0%: 0.026+0.52+0.019 ms clock, 0.52+0/1.3/0.21+0.38 ms cpu, 243->243->140 MB, 243 MB goal, 0 MB stacks, 0 MB globals, 20 P
gc 3298 @136.629s 0%: 0.040+10+0.005 ms clock, 0.80+0/11/0.40+0.10 ms cpu, 282->282->123 MB, 282 MB goal, 0 MB stacks, 0 MB globals, 20 P
gc 3299 @136.658s 0%: 0.020+1.3+0.003 ms clock, 0.40+0/1.9/0.10+0.074 ms cpu, 244->244->128 MB, 247 MB goal, 0 MB stacks, 0 MB globals, 20 P
gc 3300 @136.684s 0%: 0.034+0.89+0.003 ms clock, 0.69+0/1.5/0.49+0.072 ms cpu, 254->254->116 MB, 258 MB goal, 0 MB stacks, 0 MB globals, 20 P
gc 3301 @136.699s 0%: 0.018+2.3+0.010 ms clock, 0.36+0/2.7/0.16+0.21 ms cpu, 233->233->122 MB, 233 MB goal, 0 MB stacks, 0 MB globals, 20 P
gc 3302 @136.722s 0%: 0.018+0.52+0.006 ms clock, 0.36+0/0.89/0.002+0.13 ms cpu, 242->242->110 MB, 245 MB goal, 0 MB stacks, 0 MB globals, 20 P
gc 3303 @136.739s 0%: 0.024+2.1+0.004 ms clock, 0.48+0/2.6/0+0.094 ms cpu, 217->217->112 MB, 220 MB goal, 0 MB stacks, 0 MB globals, 20 P
gc 3304 @136.767s 0%: 0.020+0.49+0.010 ms clock, 0.41+0/0.82/0.001+0.20 ms cpu, 230->230->128 MB, 230 MB goal, 0 MB stacks, 0 MB globals, 20 P
gc 3305 @136.799s 0%: 0.028+1.2+0.006 ms clock, 0.57+0/2.1/0.043+0.12 ms cpu, 261->261->111 MB, 261 MB goal, 0 MB stacks, 0 MB globals, 20 P
gc 3306 @136.816s 0%: 0.020+1.3+0.005 ms clock, 0.40+0/1.8/0.001+0.11 ms cpu, 226->226->116 MB, 226 MB goal, 0 MB stacks, 0 MB globals, 20 P
gc 3307 @136.834s 0%: 0.018+0.38+0.035 ms clock, 0.36+0/0.87/0+0.71 ms cpu, 238->238->135 MB, 238 MB goal, 0 MB stacks, 0 MB globals, 20 P
gc 3308 @136.855s 0%: 0.018+2.8+0.003 ms clock, 0.37+0/3.4/0.11+0.074 ms cpu, 267->267->116 MB, 270 MB goal, 0 MB stacks, 0 MB globals, 20 P
gc 3309 @136.875s 0%: 0.019+2.1+0.003 ms clock, 0.39+0/2.5/0+0.068 ms cpu, 231->231->122 MB, 233 MB goal, 0 MB stacks, 0 MB globals, 20 P
gc 3310 @136.899s 0%: 0.025+0.57+0.018 ms clock, 0.50+0/1.0/0+0.37 ms cpu, 245->245->141 MB, 246 MB goal, 0 MB stacks, 0 MB globals, 20 P
gc 3311 @136.925s 0%: 0.019+3.3+0.003 ms clock, 0.39+0/3.7/0+0.065 ms cpu, 284->284->123 MB, 284 MB goal, 0 MB stacks, 0 MB globals, 20 P
gc 3312 @136.944s 0%: 0.020+1.3+0.018 ms clock, 0.41+0/1.8/0+0.37 ms cpu, 244->257->142 MB, 246 MB goal, 0 MB stacks, 0 MB globals, 20 P
gc 3313 @136.972s 0%: 0.027+2.8+0.011 ms clock, 0.55+0/4.0/0.12+0.22 ms cpu, 280->280->123 MB, 285 MB goal, 0 MB stacks, 0 MB globals, 20 P
gc 3314 @137.003s 0%: 0.019+1.1+0.006 ms clock, 0.38+0/0.79/0.028+0.13 ms cpu, 234->237->111 MB, 247 MB goal, 0 MB stacks, 0 MB globals, 20 P
gc 3315 @137.019s 0%: 0.021+1.2+0.014 ms clock, 0.42+0/1.6/0.007+0.28 ms cpu, 216->216->114 MB, 223 MB goal, 0 MB stacks, 0 MB globals, 20 P
gc 3316 @137.038s 0%: 0.019+5.8+0.005 ms clock, 0.38+0/6.5/0+0.11 ms cpu, 227->227->120 MB, 228 MB goal, 0 MB stacks, 0 MB globals, 20 P
gc 3317 @137.068s 0%: 0.10+0.37+0.008 ms clock, 2.1+0.049/0.79/0+0.16 ms cpu, 227->229->106 MB, 240 MB goal, 0 MB stacks, 0 MB globals, 20 P
gc 3318 @137.083s 0%: 0.017+0.50+0.57 ms clock, 0.34+0.024/0.99/0+11 ms cpu, 199->202->107 MB, 212 MB goal, 0 MB stacks, 0 MB globals, 20 P
gc 3319 @137.101s 0%: 0.017+0.88+0.003 ms clock, 0.34+0/1.2/0+0.074 ms cpu, 203->203->108 MB, 216 MB goal, 0 MB stacks, 0 MB globals, 20 P
gc 3320 @137.117s 0%: 0.019+1.7+0.005 ms clock, 0.38+0.021/0.76/0.083+0.11 ms cpu, 206->209->114 MB, 217 MB goal, 0 MB stacks, 0 MB globals, 20 P
gc 3321 @137.133s 0%: 0.020+0.53+0.005 ms clock, 0.41+0/1.0/0.072+0.11 ms cpu, 216->216->115 MB, 229 MB goal, 0 MB stacks, 0 MB globals, 20 P
gc 3322 @137.156s 0%: 0.032+4.7+0.005 ms clock, 0.65+0/5.5/0+0.11 ms cpu, 222->222->119 MB, 231 MB goal, 0 MB stacks, 0 MB globals, 20 P
gc 3323 @137.176s 0%: 0.022+4.4+0.004 ms clock, 0.44+0/4.8/0.042+0.083 ms cpu, 235->235->126 MB, 240 MB goal, 0 MB stacks, 0 MB globals, 20 P
gc 3324 @137.203s 0%: 0.024+0.62+0.012 ms clock, 0.48+0/1.0/0.001+0.25 ms cpu, 248->248->142 MB, 252 MB goal, 0 MB stacks, 0 MB globals, 20 P
gc 3325 @137.228s 0%: 0.030+1.0+0.005 ms clock, 0.61+0/2.1/0.066+0.11 ms cpu, 275->275->121 MB, 286 MB goal, 0 MB stacks, 0 MB globals, 20 P
gc 3326 @137.247s 0%: 0.019+2.1+0.030 ms clock, 0.38+0/2.6/0.13+0.60 ms cpu, 235->247->140 MB, 243 MB goal, 0 MB stacks, 0 MB globals, 20 P
gc 3327 @137.271s 0%: 0.019+3.6+0.003 ms clock, 0.39+0/4.1/0.099+0.074 ms cpu, 278->278->121 MB, 280 MB goal, 0 MB stacks, 0 MB globals, 20 P
gc 3328 @137.297s 0%: 0.030+0.76+0.019 ms clock, 0.61+0/1.6/0.10+0.39 ms cpu, 243->243->138 MB, 243 MB goal, 0 MB stacks, 0 MB globals, 20 P
gc 3329 @137.327s 0%: 0.022+1.0+0.007 ms clock, 0.45+0/1.6/0.001+0.14 ms cpu, 271->271->116 MB, 277 MB goal, 0 MB stacks, 0 MB globals, 20 P
gc 3330 @137.345s 0%: 0.023+4.4+0.007 ms clock, 0.47+0/5.0/0.003+0.14 ms cpu, 232->232->121 MB, 234 MB goal, 0 MB stacks, 0 MB globals, 20 P
gc 3331 @137.381s 0%: 0.025+0.52+0.018 ms clock, 0.50+0/0.90/0.009+0.37 ms cpu, 243->243->138 MB, 243 MB goal, 0 MB stacks, 0 MB globals, 20 P
gc 3332 @137.413s 0%: 0.021+3.0+0.002 ms clock, 0.43+0/3.7/0.068+0.056 ms cpu, 270->270->119 MB, 277 MB goal, 0 MB stacks, 0 MB globals, 20 P
gc 3333 @137.440s 0%: 0.033+4.9+0.006 ms clock, 0.67+0/5.5/0.14+0.13 ms cpu, 232->232->126 MB, 238 MB goal, 0 MB stacks, 0 MB globals, 20 P
gc 3334 @137.481s 0%: 0.030+2.8+0.12 ms clock, 0.61+0/3.8/0.15+2.5 ms cpu, 246->246->114 MB, 253 MB goal, 0 MB stacks, 0 MB globals, 20 P
gc 3335 @137.500s 0%: 0.021+0.90+0.003 ms clock, 0.43+0/1.4/0.088+0.072 ms cpu, 225->225->118 MB, 229 MB goal, 0 MB stacks, 0 MB globals, 20 P
gc 3336 @137.514s 0%: 0.021+2.7+0.005 ms clock, 0.42+0/3.0/0.004+0.11 ms cpu, 239->239->124 MB, 239 MB goal, 0 MB stacks, 0 MB globals, 20 P
gc 3337 @137.535s 0%: 0.017+0.63+0.015 ms clock, 0.35+0.057/0.72/0.004+0.30 ms cpu, 236->243->116 MB, 248 MB goal, 0 MB stacks, 0 MB globals, 20 P
gc 3338 @137.549s 0%: 0.017+0.63+0.005 ms clock, 0.35+0/0.83/0+0.10 ms cpu, 221->221->114 MB, 232 MB goal, 0 MB stacks, 0 MB globals, 20 P
gc 3339 @137.575s 0%: 0.030+3.4+0.006 ms clock, 0.60+0/4.3/0.017+0.12 ms cpu, 221->221->118 MB, 228 MB goal, 0 MB stacks, 0 MB globals, 20 P
gc 3340 @137.608s 0%: 0.022+4.6+0.003 ms clock, 0.45+0/5.0/0+0.076 ms cpu, 234->234->124 MB, 237 MB goal, 0 MB stacks, 0 MB globals, 20 P
gc 3341 @137.642s 0%: 0.025+0.79+0.005 ms clock, 0.51+0/1.2/0.009+0.10 ms cpu, 238->240->115 MB, 249 MB goal, 0 MB stacks, 0 MB globals, 20 P
gc 3342 @137.660s 0%: 0.030+1.1+0.005 ms clock, 0.61+0/1.8/0.073+0.11 ms cpu, 218->218->114 MB, 230 MB goal, 0 MB stacks, 0 MB globals, 20 P
gc 3343 @137.686s 0%: 0.027+4.9+0.006 ms clock, 0.55+0/5.6/0.002+0.13 ms cpu, 226->226->119 MB, 228 MB goal, 0 MB stacks, 0 MB globals, 20 P
gc 3344 @137.719s 0%: 0.019+0.52+0.004 ms clock, 0.38+0/0.91/0+0.087 ms cpu, 227->227->107 MB, 239 MB goal, 0 MB stacks, 0 MB globals, 20 P
gc 3345 @137.738s 0%: 0.015+0.45+0.003 ms clock, 0.31+0/0.94/0+0.071 ms cpu, 206->206->109 MB, 216 MB goal, 0 MB stacks, 0 MB globals, 20 P
gc 3346 @137.754s 0%: 0.019+0.61+0.004 ms clock, 0.38+0/1.2/0.032+0.083 ms cpu, 208->208->110 MB, 218 MB goal, 0 MB stacks, 0 MB globals, 20 P
gc 3347 @137.767s 0%: 0.018+3.0+0.005 ms clock, 0.37+0/3.2/0.001+0.11 ms cpu, 211->211->113 MB, 221 MB goal, 0 MB stacks, 0 MB globals, 20 P
gc 3348 @137.782s 0%: 0.028+1.1+0.11 ms clock, 0.56+0/1.8/0.022+2.3 ms cpu, 216->216->117 MB, 227 MB goal, 0 MB stacks, 0 MB globals, 20 P
gc 3349 @137.796s 0%: 0.022+1.0+0.005 ms clock, 0.45+0/1.4/0+0.11 ms cpu, 222->222->121 MB, 234 MB goal, 0 MB stacks, 0 MB globals, 20 P
gc 3350 @137.819s 0%: 0.022+0.49+0.005 ms clock, 0.44+0/0.67/0+0.11 ms cpu, 243->243->140 MB, 243 MB goal, 0 MB stacks, 0 MB globals, 20 P
gc 3351 @137.845s 0%: 0.026+3.0+0.005 ms clock, 0.53+0/3.4/0+0.10 ms cpu, 272->272->121 MB, 280 MB goal, 0 MB stacks, 0 MB globals, 20 P
gc 3352 @137.868s 0%: 0.031+1.9+0.009 ms clock, 0.63+0/2.6/0+0.18 ms cpu, 236->236->125 MB, 243 MB goal, 0 MB stacks, 0 MB globals, 20 P
gc 3353 @137.906s 0%: 0.032+0.58+0.016 ms clock, 0.65+0/1.4/0.065+0.33 ms cpu, 248->248->143 MB, 251 MB goal, 0 MB stacks, 0 MB globals, 20 P
gc 3354 @137.937s 0%: 0.022+0.78+0.004 ms clock, 0.44+0/1.2/0+0.099 ms cpu, 274->274->120 MB, 286 MB goal, 0 MB stacks, 0 MB globals, 20 P
gc 3355 @137.955s 0%: 0.022+1.3+0.004 ms clock, 0.45+0/1.8/0+0.096 ms cpu, 235->235->124 MB, 240 MB goal, 0 MB stacks, 0 MB globals, 20 P
gc 3356 @137.986s 0%: 0.021+0.62+0.065 ms clock, 0.42+0/0.88/0+1.3 ms cpu, 246->246->141 MB, 249 MB goal, 0 MB stacks, 0 MB globals, 20 P
gc 3357 @138.012s 0%: 0.020+4.6+0.004 ms clock, 0.41+0/4.8/0+0.098 ms cpu, 279->279->122 MB, 283 MB goal, 0 MB stacks, 0 MB globals, 20 P
gc 3358 @138.038s 0%: 0.018+1.6+0.003 ms clock, 0.37+0/2.0/0.001+0.077 ms cpu, 235->235->111 MB, 245 MB goal, 0 MB stacks, 0 MB globals, 20 P
gc 3359 @138.056s 0%: 0.019+1.7+0.007 ms clock, 0.38+0/2.2/0+0.15 ms cpu, 219->219->114 MB, 224 MB goal, 0 MB stacks, 0 MB globals, 20 P
gc 3360 @138.077s 0%: 0.032+7.5+0.005 ms clock, 0.64+0/8.4/0.24+0.10 ms cpu, 228->228->119 MB, 230 MB goal, 0 MB stacks, 0 MB globals, 20 P
gc 3361 @138.110s 0%: 0.024+0.71+0.005 ms clock, 0.48+0.11/0.96/0+0.11 ms cpu, 227->231->109 MB, 239 MB goal, 0 MB stacks, 0 MB globals, 20 P
gc 3362 @138.129s 0%: 0.020+0.86+0.006 ms clock, 0.40+0/1.3/0.15+0.12 ms cpu, 208->208->112 MB, 219 MB goal, 0 MB stacks, 0 MB globals, 20 P
gc 3363 @138.154s 0%: 0.031+1.2+0.007 ms clock, 0.63+0/2.3/0+0.15 ms cpu, 213->213->114 MB, 224 MB goal, 0 MB stacks, 0 MB globals, 20 P
gc 3364 @138.179s 0%: 0.025+1.2+0.004 ms clock, 0.51+0/1.8/0+0.083 ms cpu, 216->216->115 MB, 228 MB goal, 0 MB stacks, 0 MB globals, 20 P
gc 3365 @138.194s 0%: 0.020+1.1+0.005 ms clock, 0.40+0/1.6/0+0.11 ms cpu, 221->221->118 MB, 231 MB goal, 0 MB stacks, 0 MB globals, 20 P
gc 3366 @138.210s 0%: 0.020+2.7+0.003 ms clock, 0.40+0/3.3/0.003+0.073 ms cpu, 226->226->122 MB, 236 MB goal, 0 MB stacks, 0 MB globals, 20 P
gc 3367 @138.236s 0%: 0.017+0.48+0.005 ms clock, 0.34+0.045/0.68/0.009+0.11 ms cpu, 233->236->112 MB, 245 MB goal, 0 MB stacks, 0 MB globals, 20 P
gc 3368 @138.251s 0%: 0.020+1.6+0.004 ms clock, 0.41+0/2.0/0+0.097 ms cpu, 215->215->115 MB, 225 MB goal, 0 MB stacks, 0 MB globals, 20 P
gc 3369 @138.273s 0%: 0.018+2.0+0.003 ms clock, 0.37+0/2.3/0.001+0.078 ms cpu, 223->223->119 MB, 230 MB goal, 0 MB stacks, 0 MB globals, 20 P
gc 3370 @138.292s 0%: 0.028+4.5+0.007 ms clock, 0.56+0/5.3/0.008+0.14 ms cpu, 230->230->123 MB, 240 MB goal, 0 MB stacks, 0 MB globals, 20 P
gc 3371 @138.320s 0%: 0.024+6.5+0.008 ms clock, 0.49+0/6.8/0+0.17 ms cpu, 244->244->129 MB, 246 MB goal, 0 MB stacks, 0 MB globals, 20 P
gc 3372 @138.343s 0%: 0.017+0.48+0.004 ms clock, 0.35+0/0.84/0.013+0.086 ms cpu, 254->254->115 MB, 258 MB goal, 0 MB stacks, 0 MB globals, 20 P
gc 3373 @138.358s 0%: 0.017+0.70+0.003 ms clock, 0.35+0/1.2/0.001+0.068 ms cpu, 227->227->119 MB, 231 MB goal, 0 MB stacks, 0 MB globals, 20 P
gc 3374 @138.372s 0%: 0.019+4.4+0.005 ms clock, 0.38+0/4.5/0+0.11 ms cpu, 234->234->123 MB, 239 MB goal, 0 MB stacks, 0 MB globals, 20 P
gc 3375 @138.396s 0%: 0.027+0.93+0.031 ms clock, 0.54+0/1.4/0+0.62 ms cpu, 246->246->141 MB, 248 MB goal, 0 MB stacks, 0 MB globals, 20 P
gc 3376 @138.428s 0%: 0.028+5.9+0.004 ms clock, 0.56+0/6.3/0+0.097 ms cpu, 283->283->120 MB, 283 MB goal, 0 MB stacks, 0 MB globals, 20 P
gc 3377 @138.450s 0%: 0.020+0.47+0.008 ms clock, 0.41+0/0.68/0.006+0.17 ms cpu, 236->236->138 MB, 241 MB goal, 0 MB stacks, 0 MB globals, 20 P
gc 3378 @138.474s 0%: 0.020+1.1+0.003 ms clock, 0.40+0/1.3/0+0.071 ms cpu, 275->275->120 MB, 276 MB goal, 0 MB stacks, 0 MB globals, 20 P
gc 3379 @138.497s 0%: 0.021+2.5+0.004 ms clock, 0.42+0/2.0/0+0.082 ms cpu, 233->239->116 MB, 240 MB goal, 0 MB stacks, 0 MB globals, 20 P
gc 3380 @138.515s 0%: 0.018+0.79+0.003 ms clock, 0.37+0/1.4/0.099+0.067 ms cpu, 227->227->114 MB, 232 MB goal, 0 MB stacks, 0 MB globals, 20 P
gc 3381 @138.534s 0%: 0.037+11+0.004 ms clock, 0.75+0/13/0.091+0.096 ms cpu, 235->235->120 MB, 235 MB goal, 0 MB stacks, 0 MB globals, 20 P
gc 3382 @138.576s 0%: 0.022+0.59+0.004 ms clock, 0.45+0.096/0.91/0+0.090 ms cpu, 234->236->110 MB, 240 MB goal, 0 MB stacks, 0 MB globals, 20 P
gc 3383 @138.598s 0%: 0.019+1.9+0.003 ms clock, 0.39+0/2.4/0+0.066 ms cpu, 218->218->113 MB, 222 MB goal, 0 MB stacks, 0 MB globals, 20 P
gc 3384 @138.619s 0%: 0.030+1.5+0.006 ms clock, 0.61+0/2.6/0+0.13 ms cpu, 230->230->120 MB, 230 MB goal, 0 MB stacks, 0 MB globals, 20 P
gc 3385 @138.639s 0%: 0.031+3.2+0.097 ms clock, 0.63+0/4.1/0.32+1.9 ms cpu, 241->253->140 MB, 241 MB goal, 0 MB stacks, 0 MB globals, 20 P
gc 3386 @138.686s 0%: 0.029+5.6+0.004 ms clock, 0.59+0/6.0/0.001+0.082 ms cpu, 277->277->122 MB, 280 MB goal, 0 MB stacks, 0 MB globals, 20 P
gc 3387 @138.710s 0%: 0.017+0.70+0.003 ms clock, 0.34+0/1.0/0+0.077 ms cpu, 233->234->110 MB, 245 MB goal, 0 MB stacks, 0 MB globals, 20 P
gc 3388 @138.722s 0%: 0.016+0.70+0.016 ms clock, 0.32+0/1.5/0.003+0.33 ms cpu, 209->209->112 MB, 221 MB goal, 0 MB stacks, 0 MB globals, 20 P
gc 3389 @138.736s 0%: 0.017+1.0+0.006 ms clock, 0.34+0/1.5/0.020+0.12 ms cpu, 213->213->114 MB, 224 MB goal, 0 MB stacks, 0 MB globals, 20 P
gc 3390 @138.749s 0%: 0.017+1.1+0.005 ms clock, 0.34+0/1.6/0+0.11 ms cpu, 216->216->115 MB, 228 MB goal, 0 MB stacks, 0 MB globals, 20 P
gc 3391 @138.777s 0%: 0.029+3.1+0.012 ms clock, 0.58+0/4.2/0.27+0.24 ms cpu, 221->221->118 MB, 231 MB goal, 0 MB stacks, 0 MB globals, 20 P
gc 3392 @138.802s 0%: 0.034+10+0.013 ms clock, 0.68+0/11/0.16+0.26 ms cpu, 226->226->122 MB, 237 MB goal, 0 MB stacks, 0 MB globals, 20 P
gc 3393 @138.850s 0%: 0.017+0.41+0.003 ms clock, 0.35+0.030/0.72/0+0.076 ms cpu, 233->236->112 MB, 246 MB goal, 0 MB stacks, 0 MB globals, 20 P
gc 3394 @138.870s 0%: 0.028+6.8+0.010 ms clock, 0.57+0/3.7/0.17+0.21 ms cpu, 215->219->119 MB, 225 MB goal, 0 MB stacks, 0 MB globals, 20 P
gc 3395 @138.900s 0%: 0.018+0.69+0.003 ms clock, 0.37+0/1.3/0.040+0.067 ms cpu, 231->231->121 MB, 238 MB goal, 0 MB stacks, 0 MB globals, 20 P
gc 3396 @138.925s 0%: 0.025+5.2+0.003 ms clock, 0.51+0/5.4/0.035+0.078 ms cpu, 236->236->125 MB, 243 MB goal, 0 MB stacks, 0 MB globals, 20 P
gc 3397 @138.951s 0%: 0.019+0.59+0.068 ms clock, 0.39+0/0.90/0+1.3 ms cpu, 248->248->143 MB, 251 MB goal, 0 MB stacks, 0 MB globals, 20 P
gc 3398 @138.979s 0%: 0.023+1.2+0.005 ms clock, 0.46+0/1.6/0.017+0.11 ms cpu, 275->275->121 MB, 286 MB goal, 0 MB stacks, 0 MB globals, 20 P
gc 3399 @138.997s 0%: 0.021+1.3+0.008 ms clock, 0.43+0/2.0/0.18+0.16 ms cpu, 236->236->125 MB, 243 MB goal, 0 MB stacks, 0 MB globals, 20 P
gc 3400 @139.027s 0%: 0.018+0.65+0.005 ms clock, 0.37+0.084/0.81/0.031+0.11 ms cpu, 239->241->114 MB, 250 MB goal, 0 MB stacks, 0 MB globals, 20 P
gc 3401 @139.044s 0%: 0.020+2.3+0.005 ms clock, 0.40+0/2.8/0+0.11 ms cpu, 218->218->113 MB, 228 MB goal, 0 MB stacks, 0 MB globals, 20 P
gc 3402 @139.070s 0%: 0.024+4.5+0.046 ms clock, 0.49+0/5.1/0+0.92 ms cpu, 225->225->119 MB, 227 MB goal, 0 MB stacks, 0 MB globals, 20 P
gc 3403 @139.089s 0%: 0.021+6.7+0.004 ms clock, 0.42+0/7.0/0+0.095 ms cpu, 227->227->122 MB, 238 MB goal, 0 MB stacks, 0 MB globals, 20 P
gc 3404 @139.124s 0%: 0.022+0.54+0.098 ms clock, 0.45+0.11/0.97/0.026+1.9 ms cpu, 232->237->111 MB, 245 MB goal, 0 MB stacks, 0 MB globals, 20 P
gc 3405 @139.150s 0%: 0.022+2.4+0.008 ms clock, 0.45+0/3.2/0.067+0.16 ms cpu, 221->221->112 MB, 223 MB goal, 0 MB stacks, 0 MB globals, 20 P
gc 3406 @139.167s 0%: 0.018+1.0+0.005 ms clock, 0.37+0/1.2/0+0.11 ms cpu, 229->229->118 MB, 229 MB goal, 0 MB stacks, 0 MB globals, 20 P
gc 3407 @139.187s 0%: 0.019+5.3+0.003 ms clock, 0.39+0/5.8/0.014+0.068 ms cpu, 239->239->126 MB, 239 MB goal, 0 MB stacks, 0 MB globals, 20 P
gc 3408 @139.211s 0%: 0.017+0.58+0.009 ms clock, 0.35+0/0.87/0+0.19 ms cpu, 249->249->116 MB, 252 MB goal, 0 MB stacks, 0 MB globals, 20 P
gc 3409 @139.228s 0%: 0.020+0.85+0.003 ms clock, 0.40+0/1.0/0+0.073 ms cpu, 233->233->121 MB, 233 MB goal, 0 MB stacks, 0 MB globals, 20 P
gc 3410 @139.249s 0%: 0.021+2.1+0.033 ms clock, 0.43+0/2.6/0.022+0.66 ms cpu, 252->266->143 MB, 252 MB goal, 0 MB stacks, 0 MB globals, 20 P
gc 3411 @139.276s 0%: 0.019+4.7+0.003 ms clock, 0.38+0/5.1/0+0.075 ms cpu, 281->281->124 MB, 286 MB goal, 0 MB stacks, 0 MB globals, 20 P
gc 3412 @139.301s 0%: 0.020+0.72+0.008 ms clock, 0.40+0/1.1/0.045+0.16 ms cpu, 236->238->113 MB, 249 MB goal, 0 MB stacks, 0 MB globals, 20 P
gc 3413 @139.317s 0%: 0.016+0.42+0.003 ms clock, 0.33+0/0.81/0+0.067 ms cpu, 214->214->113 MB, 227 MB goal, 0 MB stacks, 0 MB globals, 20 P
gc 3414 @139.333s 0%: 0.022+0.69+0.004 ms clock, 0.44+0/1.1/0+0.091 ms cpu, 215->215->115 MB, 227 MB goal, 0 MB stacks, 0 MB globals, 20 P
gc 3415 @139.353s 0%: 0.022+2.9+0.004 ms clock, 0.45+0/3.2/0+0.089 ms cpu, 222->222->117 MB, 231 MB goal, 0 MB stacks, 0 MB globals, 20 P
gc 3416 @139.385s 0%: 0.026+4.2+0.003 ms clock, 0.53+0/5.1/0.010+0.075 ms cpu, 232->232->121 MB, 235 MB goal, 0 MB stacks, 0 MB globals, 20 P
gc 3417 @139.408s 0%: 0.020+0.53+0.004 ms clock, 0.41+0/1.1/0+0.088 ms cpu, 230->231->109 MB, 243 MB goal, 0 MB stacks, 0 MB globals, 20 P
gc 3418 @139.424s 0%: 0.016+1.1+0.24 ms clock, 0.33+0/1.6/0+4.8 ms cpu, 207->210->113 MB, 220 MB goal, 0 MB stacks, 0 MB globals, 20 P
gc 3419 @139.441s 0%: 0.017+0.84+0.003 ms clock, 0.35+0/1.3/0+0.064 ms cpu, 222->222->115 MB, 227 MB goal, 0 MB stacks, 0 MB globals, 20 P
gc 3420 @139.463s 0%: 0.017+0.44+0.082 ms clock, 0.35+0.047/0.79/0+1.6 ms cpu, 218->221->105 MB, 231 MB goal, 0 MB stacks, 0 MB globals, 20 P
gc 3421 @139.480s 0%: 0.022+0.45+0.003 ms clock, 0.44+0.031/0.77/0+0.067 ms cpu, 197->199->105 MB, 211 MB goal, 0 MB stacks, 0 MB globals, 20 P
gc 3422 @139.497s 0%: 0.021+0.69+0.006 ms clock, 0.43+0/1.0/0+0.12 ms cpu, 212->212->108 MB, 212 MB goal, 0 MB stacks, 0 MB globals, 20 P
gc 3423 @139.521s 0%: 0.032+6.1+0.007 ms clock, 0.65+0/7.0/0+0.14 ms cpu, 220->220->113 MB, 220 MB goal, 0 MB stacks, 0 MB globals, 20 P
gc 3424 @139.547s 0%: 0.018+5.3+0.003 ms clock, 0.37+0/5.5/0+0.077 ms cpu, 228->228->119 MB, 228 MB goal, 0 MB stacks, 0 MB globals, 20 P
gc 3425 @139.573s 0%: 0.021+0.41+0.006 ms clock, 0.42+0/0.82/0+0.12 ms cpu, 242->242->138 MB, 242 MB goal, 0 MB stacks, 0 MB globals, 20 P
gc 3426 @139.606s 0%: 0.021+3.4+0.006 ms clock, 0.43+0/3.7/0+0.13 ms cpu, 280->280->121 MB, 281 MB goal, 0 MB stacks, 0 MB globals, 20 P
gc 3427 @139.626s 0%: 0.017+1.6+0.003 ms clock, 0.35+0/2.1/0.013+0.077 ms cpu, 242->242->129 MB, 244 MB goal, 0 MB stacks, 0 MB globals, 20 P
gc 3428 @139.653s 0%: 0.025+1.0+0.005 ms clock, 0.51+0/1.8/0+0.10 ms cpu, 258->258->119 MB, 258 MB goal, 0 MB stacks, 0 MB globals, 20 P
gc 3429 @139.686s 0%: 0.028+1.9+0.005 ms clock, 0.57+0/2.3/0+0.10 ms cpu, 251->251->127 MB, 251 MB goal, 0 MB stacks, 0 MB globals, 20 P
gc 3430 @139.722s 0%: 0.020+0.55+0.003 ms clock, 0.40+0/0.89/0+0.076 ms cpu, 254->254->116 MB, 255 MB goal, 0 MB stacks, 0 MB globals, 20 P
gc 3431 @139.744s 0%: 0.023+5.1+0.004 ms clock, 0.46+0/5.6/0+0.097 ms cpu, 238->238->122 MB, 238 MB goal, 0 MB stacks, 0 MB globals, 20 P
gc 3432 @139.763s 0%: 0.020+2.2+0.004 ms clock, 0.41+0/2.5/0+0.088 ms cpu, 243->243->127 MB, 244 MB goal, 0 MB stacks, 0 MB globals, 20 P
gc 3433 @139.791s 0%: 0.017+0.47+0.004 ms clock, 0.34+0/0.85/0.009+0.080 ms cpu, 254->254->115 MB, 255 MB goal, 0 MB stacks, 0 MB globals, 20 P
gc 3434 @139.808s 0%: 0.018+1.9+0.005 ms clock, 0.37+0/2.4/0+0.10 ms cpu, 232->232->123 MB, 232 MB goal, 0 MB stacks, 0 MB globals, 20 P
gc 3435 @139.834s 0%: 0.025+0.53+0.018 ms clock, 0.50+0/1.1/0.032+0.36 ms cpu, 245->245->139 MB, 247 MB goal, 0 MB stacks, 0 MB globals, 20 P
gc 3436 @139.866s 0%: 0.019+4.3+0.003 ms clock, 0.39+0/4.9/0.099+0.066 ms cpu, 277->277->120 MB, 279 MB goal, 0 MB stacks, 0 MB globals, 20 P
gc 3437 @139.891s 0%: 0.016+0.68+0.005 ms clock, 0.33+0.047/0.66/0+0.10 ms cpu, 238->242->113 MB, 242 MB goal, 0 MB stacks, 0 MB globals, 20 P
gc 3438 @139.908s 0%: 0.030+4.7+0.003 ms clock, 0.61+0/5.3/0.56+0.076 ms cpu, 229->229->115 MB, 229 MB goal, 0 MB stacks, 0 MB globals, 20 P
gc 3439 @139.933s 0%: 0.027+5.2+0.003 ms clock, 0.54+0/5.5/0.13+0.078 ms cpu, 230->230->119 MB, 231 MB goal, 0 MB stacks, 0 MB globals, 20 P
gc 3440 @139.958s 0%: 0.021+0.51+0.014 ms clock, 0.42+0/0.92/0.001+0.28 ms cpu, 242->242->138 MB, 242 MB goal, 0 MB stacks, 0 MB globals, 20 P
gc 3441 @139.981s 0%: 0.018+0.82+0.009 ms clock, 0.36+0/1.2/0+0.19 ms cpu, 281->281->122 MB, 281 MB goal, 0 MB stacks, 0 MB globals, 20 P
gc 3442 @140.004s 0%: 0.018+0.45+0.003 ms clock, 0.36+0.070/0.71/0+0.078 ms cpu, 240->243->113 MB, 244 MB goal, 0 MB stacks, 0 MB globals, 20 P
gc 3443 @140.018s 0%: 0.017+0.53+0.005 ms clock, 0.35+0/0.89/0+0.11 ms cpu, 226->226->114 MB, 227 MB goal, 0 MB stacks, 0 MB globals, 20 P
gc 3444 @140.037s 0%: 0.028+6.3+0.003 ms clock, 0.56+0/7.3/0.047+0.064 ms cpu, 227->227->120 MB, 229 MB goal, 0 MB stacks, 0 MB globals, 20 P
gc 3445 @140.063s 0%: 0.019+0.46+0.007 ms clock, 0.39+0/0.71/0+0.14 ms cpu, 243->243->138 MB, 243 MB goal, 0 MB stacks, 0 MB globals, 20 P
gc 3446 @140.098s 0%: 0.029+5.5+0.099 ms clock, 0.59+0/6.3/0.060+1.9 ms cpu, 281->281->118 MB, 281 MB goal, 0 MB stacks, 0 MB globals, 20 P
gc 3447 @140.118s 0%: 0.019+2.2+0.004 ms clock, 0.39+0/2.7/0+0.091 ms cpu, 239->239->124 MB, 239 MB goal, 0 MB stacks, 0 MB globals, 20 P
gc 3448 @140.144s 0%: 0.020+0.56+0.010 ms clock, 0.40+0/1.0/0+0.20 ms cpu, 247->247->114 MB, 248 MB goal, 0 MB stacks, 0 MB globals, 20 P
gc 3449 @140.158s 0%: 0.022+0.92+0.003 ms clock, 0.44+0/1.1/0+0.070 ms cpu, 230->230->120 MB, 230 MB goal, 0 MB stacks, 0 MB globals, 20 P
gc 3450 @140.179s 0%: 0.021+0.57+0.010 ms clock, 0.43+0/0.91/0+0.20 ms cpu, 247->247->138 MB, 247 MB goal, 0 MB stacks, 0 MB globals, 20 P
gc 3451 @140.210s 0%: 0.018+3.9+0.003 ms clock, 0.36+0/4.1/0+0.064 ms cpu, 276->276->122 MB, 277 MB goal, 0 MB stacks, 0 MB globals, 20 P
gc 3452 @140.239s 0%: 0.023+0.58+0.007 ms clock, 0.47+0/1.2/0.025+0.14 ms cpu, 244->244->111 MB, 245 MB goal, 0 MB stacks, 0 MB globals, 20 P
gc 3453 @140.262s 0%: 0.032+4.3+0.004 ms clock, 0.65+0/4.7/0+0.099 ms cpu, 228->228->116 MB, 228 MB goal, 0 MB stacks, 0 MB globals, 20 P
gc 3454 @140.284s 0%: 0.019+1.5+0.004 ms clock, 0.38+0/1.7/0+0.088 ms cpu, 231->231->121 MB, 233 MB goal, 0 MB stacks, 0 MB globals, 20 P
gc 3455 @140.305s 0%: 0.021+0.51+0.008 ms clock, 0.42+0/0.82/0.001+0.17 ms cpu, 243->243->138 MB, 243 MB goal, 0 MB stacks, 0 MB globals, 20 P
gc 3456 @140.335s 0%: 0.027+5.0+0.003 ms clock, 0.55+0/5.4/0.001+0.079 ms cpu, 280->280->120 MB, 281 MB goal, 0 MB stacks, 0 MB globals, 20 P
gc 3457 @140.369s 0%: 0.037+2.3+0.006 ms clock, 0.75+0/2.9/0.026+0.12 ms cpu, 241->241->127 MB, 241 MB goal, 0 MB stacks, 0 MB globals, 20 P
gc 3458 @140.407s 0%: 0.024+0.75+0.006 ms clock, 0.49+0/1.5/0+0.13 ms cpu, 254->254->116 MB, 255 MB goal, 0 MB stacks, 0 MB globals, 20 P
gc 3459 @140.424s 0%: 0.017+0.99+0.003 ms clock, 0.34+0/1.1/0+0.060 ms cpu, 237->237->121 MB, 237 MB goal, 0 MB stacks, 0 MB globals, 20 P
gc 3460 @140.446s 0%: 0.018+0.43+0.003 ms clock, 0.37+0/0.70/0+0.060 ms cpu, 241->241->111 MB, 243 MB goal, 0 MB stacks, 0 MB globals, 20 P
gc 3461 @140.460s 0%: 0.016+3.0+0.003 ms clock, 0.32+0/3.1/0+0.074 ms cpu, 224->224->116 MB, 224 MB goal, 0 MB stacks, 0 MB globals, 20 P
gc 3462 @140.478s 0%: 0.019+1.0+0.003 ms clock, 0.38+0/1.5/0+0.063 ms cpu, 231->231->120 MB, 232 MB goal, 0 MB stacks, 0 MB globals, 20 P
gc 3463 @140.499s 0%: 0.020+0.44+0.012 ms clock, 0.40+0/0.65/0+0.25 ms cpu, 243->243->137 MB, 243 MB goal, 0 MB stacks, 0 MB globals, 20 P
gc 3464 @140.518s 0%: 0.019+3.6+0.006 ms clock, 0.38+0/3.7/0+0.13 ms cpu, 280->280->118 MB, 280 MB goal, 0 MB stacks, 0 MB globals, 20 P
gc 3465 @140.538s 0%: 0.020+1.3+0.003 ms clock, 0.41+0/1.6/0+0.072 ms cpu, 239->239->126 MB, 239 MB goal, 0 MB stacks, 0 MB globals, 20 P
gc 3466 @140.560s 0%: 0.017+0.46+0.003 ms clock, 0.34+0/0.78/0+0.068 ms cpu, 252->252->117 MB, 252 MB goal, 0 MB stacks, 0 MB globals, 20 P
gc 3467 @140.573s 0%: 0.017+0.95+0.003 ms clock, 0.34+0/1.1/0+0.061 ms cpu, 238->238->121 MB, 238 MB goal, 0 MB stacks, 0 MB globals, 20 P
gc 3468 @140.595s 0%: 0.026+0.43+0.003 ms clock, 0.53+0.073/0.60/0+0.073 ms cpu, 239->241->111 MB, 243 MB goal, 0 MB stacks, 0 MB globals, 20 P
gc 3469 @140.612s 0%: 0.017+0.51+0.003 ms clock, 0.35+0/0.69/0+0.072 ms cpu, 222->222->113 MB, 223 MB goal, 0 MB stacks, 0 MB globals, 20 P
gc 3470 @140.628s 0%: 0.019+0.91+0.003 ms clock, 0.39+0/1.4/0+0.074 ms cpu, 226->226->117 MB, 227 MB goal, 0 MB stacks, 0 MB globals, 20 P
gc 3471 @140.643s 0%: 0.017+3.8+0.003 ms clock, 0.34+0/3.9/0+0.068 ms cpu, 233->233->122 MB, 235 MB goal, 0 MB stacks, 0 MB globals, 20 P
gc 3472 @140.664s 0%: 0.018+0.50+0.065 ms clock, 0.36+0/0.64/0+1.3 ms cpu, 244->244->139 MB, 244 MB goal, 0 MB stacks, 0 MB globals, 20 P
gc 3473 @140.684s 0%: 0.017+3.6+0.004 ms clock, 0.34+0/3.7/0+0.082 ms cpu, 281->281->121 MB, 281 MB goal, 0 MB stacks, 0 MB globals, 20 P
gc 3474 @140.704s 0%: 0.017+1.2+0.003 ms clock, 0.34+0/1.6/0+0.071 ms cpu, 241->241->113 MB, 242 MB goal, 0 MB stacks, 0 MB globals, 20 P
gc 3475 @140.720s 0%: 0.020+6.8+0.006 ms clock, 0.40+0/7.4/0+0.12 ms cpu, 230->230->120 MB, 230 MB goal, 0 MB stacks, 0 MB globals, 20 P
gc 3476 @140.749s 0%: 0.019+0.47+0.012 ms clock, 0.39+0/0.74/0+0.24 ms cpu, 243->243->137 MB, 243 MB goal, 0 MB stacks, 0 MB globals, 20 P
gc 3477 @140.774s 0%: 0.021+2.8+0.003 ms clock, 0.42+0/3.0/0.058+0.079 ms cpu, 280->280->118 MB, 280 MB goal, 0 MB stacks, 0 MB globals, 20 P
gc 3478 @140.799s 0%: 0.020+2.4+0.004 ms clock, 0.40+0/2.7/0+0.095 ms cpu, 238->238->123 MB, 239 MB goal, 0 MB stacks, 0 MB globals, 20 P
gc 3479 @140.830s 0%: 0.019+0.48+0.014 ms clock, 0.39+0/0.82/0+0.28 ms cpu, 246->246->113 MB, 247 MB goal, 0 MB stacks, 0 MB globals, 20 P
gc 3480 @140.847s 0%: 0.029+1.3+0.007 ms clock, 0.58+0/1.9/0+0.14 ms cpu, 228->228->118 MB, 228 MB goal, 0 MB stacks, 0 MB globals, 20 P
gc 3481 @140.875s 0%: 0.030+0.74+0.017 ms clock, 0.60+0/1.4/0+0.35 ms cpu, 245->245->139 MB, 245 MB goal, 0 MB stacks, 0 MB globals, 20 P
gc 3482 @140.911s 0%: 0.017+3.5+0.003 ms clock, 0.34+0/4.0/0+0.062 ms cpu, 282->282->119 MB, 282 MB goal, 0 MB stacks, 0 MB globals, 20 P
gc 3483 @140.930s 0%: 0.018+2.4+0.003 ms clock, 0.36+0/2.9/0.028+0.060 ms cpu, 239->239->124 MB, 240 MB goal, 0 MB stacks, 0 MB globals, 20 P
gc 3484 @140.959s 0%: 0.017+0.48+0.017 ms clock, 0.35+0/0.80/0.002+0.34 ms cpu, 247->247->112 MB, 249 MB goal, 0 MB stacks, 0 MB globals, 20 P
gc 3485 @140.974s 0%: 0.019+2.0+0.003 ms clock, 0.38+0/2.1/0+0.063 ms cpu, 228->228->117 MB, 228 MB goal, 0 MB stacks, 0 MB globals, 20 P
gc 3486 @140.993s 0%: 0.037+6.4+0.004 ms clock, 0.75+0/7.2/0.090+0.095 ms cpu, 232->232->123 MB, 234 MB goal, 0 MB stacks, 0 MB globals, 20 P
gc 3487 @141.018s 0%: 0.021+0.53+0.006 ms clock, 0.43+0/0.75/0+0.12 ms cpu, 244->244->140 MB, 246 MB goal, 0 MB stacks, 0 MB globals, 20 P
gc 3488 @141.048s 0%: 0.029+5.9+0.004 ms clock, 0.58+0/6.3/0.009+0.090 ms cpu, 277->277->122 MB, 281 MB goal, 0 MB stacks, 0 MB globals, 20 P
gc 3489 @141.081s 0%: 0.017+0.41+0.003 ms clock, 0.35+0/0.76/0+0.075 ms cpu, 244->244->112 MB, 245 MB goal, 0 MB stacks, 0 MB globals, 20 P
gc 3490 @141.100s 0%: 0.018+0.62+0.004 ms clock, 0.37+0/1.2/0.055+0.082 ms cpu, 228->228->116 MB, 228 MB goal, 0 MB stacks, 0 MB globals, 20 P
gc 3491 @141.123s 0%: 0.027+4.2+0.003 ms clock, 0.54+0/4.4/0+0.072 ms cpu, 231->231->121 MB, 233 MB goal, 0 MB stacks, 0 MB globals, 20 P
gc 3492 @141.147s 0%: 0.021+0.44+0.015 ms clock, 0.42+0/0.91/0.028+0.31 ms cpu, 243->243->138 MB, 243 MB goal, 0 MB stacks, 0 MB globals, 20 P
gc 3493 @141.174s 0%: 0.021+3.7+0.008 ms clock, 0.42+0/4.4/0.023+0.17 ms cpu, 281->281->120 MB, 281 MB goal, 0 MB stacks, 0 MB globals, 20 P
gc 3494 @141.205s 0%: 0.027+1.9+0.006 ms clock, 0.55+0/2.9/0.060+0.12 ms cpu, 240->240->127 MB, 241 MB goal, 0 MB stacks, 0 MB globals, 20 P
gc 3495 @141.238s 0%: 0.019+0.49+0.005 ms clock, 0.38+0/0.84/0+0.11 ms cpu, 254->254->117 MB, 255 MB goal, 0 MB stacks, 0 MB globals, 20 P
gc 3496 @141.254s 0%: 0.017+3.2+0.003 ms clock, 0.35+0/3.5/0.001+0.077 ms cpu, 238->238->122 MB, 238 MB goal, 0 MB stacks, 0 MB globals, 20 P
gc 3497 @141.277s 0%: 0.021+0.39+0.003 ms clock, 0.42+0/0.79/0.031+0.075 ms cpu, 242->244->112 MB, 246 MB goal, 0 MB stacks, 0 MB globals, 20 P
gc 3498 @141.293s 0%: 0.020+2.7+0.003 ms clock, 0.41+0/2.9/0+0.071 ms cpu, 222->222->116 MB, 224 MB goal, 0 MB stacks, 0 MB globals, 20 P
gc 3499 @141.314s 0%: 0.030+6.9+0.004 ms clock, 0.61+0/7.5/0+0.096 ms cpu, 229->229->121 MB, 232 MB goal, 0 MB stacks, 0 MB globals, 20 P
gc 3500 @141.345s 0%: 0.017+0.35+0.003 ms clock, 0.35+0/1.0/0.35+0.076 ms cpu, 241->241->108 MB, 244 MB goal, 0 MB stacks, 0 MB globals, 20 P
gc 3501 @141.361s 0%: 0.018+2.0+0.004 ms clock, 0.36+0/2.5/0.060+0.082 ms cpu, 213->213->111 MB, 217 MB goal, 0 MB stacks, 0 MB globals, 20 P
gc 3502 @141.378s 0%: 0.017+0.94+0.005 ms clock, 0.35+0/1.5/0+0.10 ms cpu, 228->228->116 MB, 228 MB goal, 0 MB stacks, 0 MB globals, 20 P
gc 3503 @141.396s 0%: 0.018+5.5+0.005 ms clock, 0.37+0/6.0/0.005+0.11 ms cpu, 237->237->123 MB, 237 MB goal, 0 MB stacks, 0 MB globals, 20 P
gc 3504 @141.423s 0%: 0.020+0.74+0.005 ms clock, 0.41+0/0.93/0+0.10 ms cpu, 244->244->115 MB, 248 MB goal, 0 MB stacks, 0 MB globals, 20 P
gc 3505 @141.443s 0%: 0.020+4.6+0.005 ms clock, 0.41+0/4.7/0.003+0.10 ms cpu, 239->239->123 MB, 239 MB goal, 0 MB stacks, 0 MB globals, 20 P
gc 3506 @141.469s 0%: 0.031+0.62+0.016 ms clock, 0.63+0/1.3/0.004+0.33 ms cpu, 244->244->139 MB, 247 MB goal, 0 MB stacks, 0 MB globals, 20 P
gc 3507 @141.506s 0%: 0.022+4.4+0.005 ms clock, 0.44+0/5.0/0.028+0.10 ms cpu, 281->281->119 MB, 281 MB goal, 0 MB stacks, 0 MB globals, 20 P
gc 3508 @141.525s 0%: 0.018+3.1+0.004 ms clock, 0.37+0/3.7/0.022+0.088 ms cpu, 240->240->125 MB, 240 MB goal, 0 MB stacks, 0 MB globals, 20 P
gc 3509 @141.554s 0%: 0.019+0.56+0.090 ms clock, 0.38+0.067/0.95/0+1.8 ms cpu, 248->248->115 MB, 251 MB goal, 0 MB stacks, 0 MB globals, 20 P
gc 3510 @141.576s 0%: 0.022+2.0+0.008 ms clock, 0.44+0/2.6/0+0.16 ms cpu, 236->236->122 MB, 236 MB goal, 0 MB stacks, 0 MB globals, 20 P
gc 3511 @141.598s 0%: 0.017+0.67+0.004 ms clock, 0.34+0/1.1/0.020+0.082 ms cpu, 242->242->115 MB, 245 MB goal, 0 MB stacks, 0 MB globals, 20 P
gc 3512 @141.614s 0%: 0.020+3.0+0.004 ms clock, 0.41+0/3.5/0+0.083 ms cpu, 238->238->121 MB, 238 MB goal, 0 MB stacks, 0 MB globals, 20 P
gc 3513 @141.638s 0%: 0.021+0.36+0.021 ms clock, 0.42+0/0.74/0.041+0.42 ms cpu, 243->243->138 MB, 243 MB goal, 0 MB stacks, 0 MB globals, 20 P
gc 3514 @141.664s 0%: 0.017+3.7+0.005 ms clock, 0.34+0/4.0/0.007+0.11 ms cpu, 280->280->118 MB, 280 MB goal, 0 MB stacks, 0 MB globals, 20 P
gc 3515 @141.687s 0%: 0.025+2.0+0.007 ms clock, 0.50+0/2.6/0+0.15 ms cpu, 239->239->124 MB, 239 MB goal, 0 MB stacks, 0 MB globals, 20 P
gc 3516 @141.714s 0%: 0.018+0.82+0.10 ms clock, 0.37+0/1.0/0.007+2.1 ms cpu, 247->251->119 MB, 248 MB goal, 0 MB stacks, 0 MB globals, 20 P
gc 3517 @141.730s 0%: 0.020+3.4+0.003 ms clock, 0.40+0/3.9/0.088+0.078 ms cpu, 241->241->123 MB, 241 MB goal, 0 MB stacks, 0 MB globals, 20 P
gc 3518 @141.756s 0%: 0.030+2.0+0.003 ms clock, 0.61+0/2.6/0.099+0.069 ms cpu, 244->244->128 MB, 247 MB goal, 0 MB stacks, 0 MB globals, 20 P
gc 3519 @141.779s 0%: 0.021+0.71+0.006 ms clock, 0.42+0/1.2/0.096+0.12 ms cpu, 257->257->119 MB, 258 MB goal, 0 MB stacks, 0 MB globals, 20 P
gc 3520 @141.805s 0%: 0.030+2.2+0.010 ms clock, 0.61+0/3.4/0.60+0.20 ms cpu, 234->234->123 MB, 238 MB goal, 0 MB stacks, 0 MB globals, 20 P
gc 3521 @141.826s 0%: 0.021+0.33+0.013 ms clock, 0.43+0/0.99/0.035+0.26 ms cpu, 246->246->141 MB, 248 MB goal, 0 MB stacks, 0 MB globals, 20 P
gc 3522 @141.849s 0%: 0.018+3.3+0.005 ms clock, 0.37+0/3.9/0.18+0.11 ms cpu, 283->283->121 MB, 283 MB goal, 0 MB stacks, 0 MB globals, 20 P
gc 3523 @141.867s 0%: 0.019+1.5+0.007 ms clock, 0.38+0/1.9/0.002+0.14 ms cpu, 242->242->127 MB, 243 MB goal, 0 MB stacks, 0 MB globals, 20 P
gc 3524 @141.891s 0%: 0.022+0.77+0.13 ms clock, 0.45+0/1.3/0.19+2.6 ms cpu, 254->254->117 MB, 254 MB goal, 0 MB stacks, 0 MB globals, 20 P
gc 3525 @141.909s 0%: 0.020+1.7+0.003 ms clock, 0.40+0/2.2/0.46+0.071 ms cpu, 233->233->122 MB, 236 MB goal, 0 MB stacks, 0 MB globals, 20 P
gc 3526 @141.927s 0%: 0.026+0.55+0.024 ms clock, 0.52+0/1.6/0.26+0.49 ms cpu, 245->245->139 MB, 245 MB goal, 0 MB stacks, 0 MB globals, 20 P
gc 3527 @141.969s 0%: 0.025+4.3+0.003 ms clock, 0.51+0/0.80/4.6+0.078 ms cpu, 277->277->120 MB, 279 MB goal, 0 MB stacks, 0 MB globals, 20 P
gc 3528 @141.993s 0%: 0.021+0.39+0.007 ms clock, 0.43+0/0.72/0+0.15 ms cpu, 242->242->138 MB, 243 MB goal, 0 MB stacks, 0 MB globals, 20 P
gc 3529 @142.013s 0%: 0.018+0.83+0.003 ms clock, 0.36+0/1.4/0+0.067 ms cpu, 281->281->121 MB, 281 MB goal, 0 MB stacks, 0 MB globals, 20 P
gc 3530 @142.033s 0%: 0.048+3.7+0.006 ms clock, 0.97+0/4.9/0.24+0.12 ms cpu, 242->242->127 MB, 244 MB goal, 0 MB stacks, 0 MB globals, 20 P
gc 3531 @142.067s 0%: 0.018+0.39+0.003 ms clock, 0.36+0/0.95/0.088+0.065 ms cpu, 254->254->117 MB, 255 MB goal, 0 MB stacks, 0 MB globals, 20 P
gc 3532 @142.084s 0%: 0.034+1.6+0.007 ms clock, 0.69+0/2.8/0.68+0.15 ms cpu, 238->238->122 MB, 238 MB goal, 0 MB stacks, 0 MB globals, 20 P
gc 3533 @142.117s 0%: 0.032+0.59+0.009 ms clock, 0.65+0.21/1.5/0.49+0.19 ms cpu, 242->242->111 MB, 245 MB goal, 0 MB stacks, 0 MB globals, 20 P
gc 3534 @142.132s 0%: 0.016+1.1+0.004 ms clock, 0.33+0/1.6/0+0.089 ms cpu, 221->221->114 MB, 223 MB goal, 0 MB stacks, 0 MB globals, 20 P
gc 3535 @142.149s 0%: 0.021+0.77+0.008 ms clock, 0.42+0/1.5/0.19+0.16 ms cpu, 226->226->118 MB, 229 MB goal, 0 MB stacks, 0 MB globals, 20 P
gc 3536 @142.170s 0%: 0.021+0.50+0.012 ms clock, 0.42+0/1.0/0+0.24 ms cpu, 244->244->137 MB, 244 MB goal, 0 MB stacks, 0 MB globals, 20 P
gc 3537 @142.200s 0%: 0.026+5.0+0.003 ms clock, 0.53+0/5.5/0.13+0.072 ms cpu, 280->280->117 MB, 280 MB goal, 0 MB stacks, 0 MB globals, 20 P
gc 3538 @142.227s 0%: 0.033+2.2+0.012 ms clock, 0.66+0/3.3/0.81+0.25 ms cpu, 238->238->124 MB, 238 MB goal, 0 MB stacks, 0 MB globals, 20 P
gc 3539 @142.257s 0%: 0.017+0.42+0.010 ms clock, 0.34+0/1.0/0.35+0.21 ms cpu, 247->247->114 MB, 248 MB goal, 0 MB stacks, 0 MB globals, 20 P
gc 3540 @142.277s 0%: 0.028+4.8+0.004 ms clock, 0.57+0/6.0/0.72+0.099 ms cpu, 230->230->118 MB, 230 MB goal, 0 MB stacks, 0 MB globals, 20 P
gc 3541 @142.296s 0%: 0.020+3.1+0.004 ms clock, 0.40+0/3.8/0.30+0.099 ms cpu, 233->233->124 MB, 237 MB goal, 0 MB stacks, 0 MB globals, 20 P
gc 3542 @142.319s 0%: 0.022+0.29+0.008 ms clock, 0.45+0/0.93/0.030+0.17 ms cpu, 247->247->142 MB, 249 MB goal, 0 MB stacks, 0 MB globals, 20 P
gc 3543 @142.350s 0%: 0.035+6.4+0.004 ms clock, 0.70+0/7.5/0.68+0.092 ms cpu, 285->285->122 MB, 285 MB goal, 0 MB stacks, 0 MB globals, 20 P
gc 3544 @142.376s 0%: 0.019+0.48+0.006 ms clock, 0.38+0/0.73/0.088+0.12 ms cpu, 241->242->110 MB, 245 MB goal, 0 MB stacks, 0 MB globals, 20 P
gc 3545 @142.391s 0%: 0.017+0.71+0.003 ms clock, 0.35+0/1.3/0.060+0.069 ms cpu, 221->221->115 MB, 221 MB goal, 0 MB stacks, 0 MB globals, 20 P
gc 3546 @142.410s 0%: 0.035+3.2+0.006 ms clock, 0.71+0/4.3/0.24+0.13 ms cpu, 230->230->119 MB, 231 MB goal, 0 MB stacks, 0 MB globals, 20 P
gc 3547 @142.439s 0%: 0.022+0.49+0.017 ms clock, 0.45+0/1.0/0+0.35 ms cpu, 242->242->137 MB, 242 MB goal, 0 MB stacks, 0 MB globals, 20 P
gc 3548 @142.476s 0%: 0.032+4.9+0.008 ms clock, 0.64+0/5.9/0.29+0.17 ms cpu, 279->279->118 MB, 279 MB goal, 0 MB stacks, 0 MB globals, 20 P
gc 3549 @142.499s 0%: 0.026+3.5+0.026 ms clock, 0.52+0/4.0/0+0.53 ms cpu, 238->251->138 MB, 238 MB goal, 0 MB stacks, 0 MB globals, 20 P
gc 3550 @142.531s 0%: 0.029+1.6+0.007 ms clock, 0.59+0/2.6/0.13+0.14 ms cpu, 276->276->122 MB, 276 MB goal, 0 MB stacks, 0 MB globals, 20 P
gc 3551 @142.562s 0%: 0.019+0.45+0.009 ms clock, 0.39+0/0.82/0.002+0.19 ms cpu, 245->245->139 MB, 245 MB goal, 0 MB stacks, 0 MB globals, 20 P
gc 3552 @142.584s 0%: 0.019+0.87+0.005 ms clock, 0.38+0/1.1/0+0.11 ms cpu, 271->271->117 MB, 279 MB goal, 0 MB stacks, 0 MB globals, 20 P
gc 3553 @142.603s 0%: 0.021+3.0+0.006 ms clock, 0.43+0/3.3/0+0.13 ms cpu, 233->233->123 MB, 236 MB goal, 0 MB stacks, 0 MB globals, 20 P
gc 3554 @142.622s 0%: 0.023+0.48+0.008 ms clock, 0.47+0/0.93/0.16+0.16 ms cpu, 245->245->141 MB, 246 MB goal, 0 MB stacks, 0 MB globals, 20 P
gc 3555 @142.654s 0%: 0.028+1.0+0.009 ms clock, 0.56+0/2.1/0.56+0.19 ms cpu, 274->274->119 MB, 284 MB goal, 0 MB stacks, 0 MB globals, 20 P
gc 3556 @142.674s 0%: 0.020+1.1+0.003 ms clock, 0.40+0/1.7/0.33+0.075 ms cpu, 235->235->124 MB, 240 MB goal, 0 MB stacks, 0 MB globals, 20 P
gc 3557 @142.694s 0%: 0.019+0.29+0.012 ms clock, 0.38+0/0.82/0.10+0.25 ms cpu, 246->246->142 MB, 249 MB goal, 0 MB stacks, 0 MB globals, 20 P
gc 3558 @142.720s 0%: 0.027+1.4+0.004 ms clock, 0.55+0/2.1/0.27+0.083 ms cpu, 274->274->120 MB, 286 MB goal, 0 MB stacks, 0 MB globals, 20 P
gc 3559 @142.750s 0%: 0.027+2.5+0.008 ms clock, 0.54+0/3.7/0.17+0.16 ms cpu, 235->235->125 MB, 241 MB goal, 0 MB stacks, 0 MB globals, 20 P
gc 3560 @142.780s 0%: 0.017+0.88+0.003 ms clock, 0.34+0/1.3/0.051+0.069 ms cpu, 238->244->115 MB, 250 MB goal, 0 MB stacks, 0 MB globals, 20 P
gc 3561 @142.797s 0%: 0.018+4.1+0.005 ms clock, 0.36+0/4.8/0.016+0.10 ms cpu, 224->224->117 MB, 231 MB goal, 0 MB stacks, 0 MB globals, 20 P
gc 3562 @142.829s 0%: 0.020+0.37+0.015 ms clock, 0.40+0/0.95/0+0.31 ms cpu, 235->235->136 MB, 236 MB goal, 0 MB stacks, 0 MB globals, 20 P
gc 3563 @142.855s 0%: 0.020+0.66+0.008 ms clock, 0.41+0/1.0/0+0.16 ms cpu, 260->260->112 MB, 272 MB goal, 0 MB stacks, 0 MB globals, 20 P
gc 3564 @142.877s 0%: 0.019+0.76+0.005 ms clock, 0.38+0/1.2/0+0.11 ms cpu, 213->213->115 MB, 225 MB goal, 0 MB stacks, 0 MB globals, 20 P
gc 3565 @142.892s 0%: 0.019+1.9+0.006 ms clock, 0.38+0/2.6/0.063+0.13 ms cpu, 230->230->119 MB, 230 MB goal, 0 MB stacks, 0 MB globals, 20 P
gc 3566 @142.907s 0%: 0.021+5.2+0.004 ms clock, 0.43+0/5.8/0.10+0.080 ms cpu, 228->228->124 MB, 239 MB goal, 0 MB stacks, 0 MB globals, 20 P
gc 3567 @142.933s 0%: 0.028+0.42+0.005 ms clock, 0.56+0/0.82/0.010+0.11 ms cpu, 237->239->114 MB, 249 MB goal, 0 MB stacks, 0 MB globals, 20 P
gc 3568 @142.947s 0%: 0.016+0.51+0.003 ms clock, 0.32+0/1.0/0.082+0.066 ms cpu, 219->219->117 MB, 230 MB goal, 0 MB stacks, 0 MB globals, 20 P
gc 3569 @142.964s 0%: 0.017+3.0+0.004 ms clock, 0.35+0/3.3/0+0.093 ms cpu, 229->229->121 MB, 235 MB goal, 0 MB stacks, 0 MB globals, 20 P
gc 3570 @142.983s 0%: 0.019+1.1+0.004 ms clock, 0.39+0/1.6/0.24+0.085 ms cpu, 236->236->126 MB, 242 MB goal, 0 MB stacks, 0 MB globals, 20 P
gc 3571 @143.001s 0%: 0.019+0.46+0.008 ms clock, 0.38+0/0.91/0.005+0.16 ms cpu, 248->248->143 MB, 252 MB goal, 0 MB stacks, 0 MB globals, 20 P
gc 3572 @143.021s 0%: 0.020+3.1+0.005 ms clock, 0.41+0/3.6/0+0.10 ms cpu, 274->274->120 MB, 286 MB goal, 0 MB stacks, 0 MB globals, 20 P
gc 3573 @143.038s 0%: 0.018+1.4+0.005 ms clock, 0.37+0/1.9/0.002+0.11 ms cpu, 235->235->124 MB, 241 MB goal, 0 MB stacks, 0 MB globals, 20 P
gc 3574 @143.065s 0%: 0.024+0.85+0.007 ms clock, 0.49+0/1.5/0+0.15 ms cpu, 238->241->111 MB, 249 MB goal, 0 MB stacks, 0 MB globals, 20 P
gc 3575 @143.088s 0%: 0.019+2.4+0.004 ms clock, 0.39+0/3.1/0.095+0.086 ms cpu, 215->215->112 MB, 223 MB goal, 0 MB stacks, 0 MB globals, 20 P
gc 3576 @143.116s 0%: 0.029+5.6+0.017 ms clock, 0.58+0/6.1/0.002+0.34 ms cpu, 224->224->118 MB, 225 MB goal, 0 MB stacks, 0 MB globals, 20 P
gc 3577 @143.137s 0%: 0.023+1.9+0.004 ms clock, 0.47+0/2.5/0+0.087 ms cpu, 226->226->121 MB, 236 MB goal, 0 MB stacks, 0 MB globals, 20 P
gc 3578 @143.168s 0%: 0.027+0.60+0.071 ms clock, 0.55+0.081/0.71/0.001+1.4 ms cpu, 231->234->110 MB, 243 MB goal, 0 MB stacks, 0 MB globals, 20 P
gc 3579 @143.184s 0%: 0.017+0.74+0.004 ms clock, 0.35+0/1.2/0+0.094 ms cpu, 209->209->109 MB, 221 MB goal, 0 MB stacks, 0 MB globals, 20 P
gc 3580 @143.200s 0%: 0.023+1.2+0.007 ms clock, 0.47+0/1.3/0.010+0.15 ms cpu, 210->215->118 MB, 220 MB goal, 0 MB stacks, 0 MB globals, 20 P
gc 3581 @143.220s 0%: 0.021+3.7+0.004 ms clock, 0.43+0/4.1/0+0.090 ms cpu, 235->235->120 MB, 236 MB goal, 0 MB stacks, 0 MB globals, 20 P
gc 3582 @143.238s 0%: 0.021+5.6+0.007 ms clock, 0.43+0/6.1/0+0.15 ms cpu, 241->241->127 MB, 241 MB goal, 0 MB stacks, 0 MB globals, 20 P
gc 3583 @143.263s 0%: 0.020+0.84+0.007 ms clock, 0.40+0.12/0.85/0+0.14 ms cpu, 250->254->120 MB, 255 MB goal, 0 MB stacks, 0 MB globals, 20 P
gc 3584 @143.279s 0%: 0.020+0.97+0.004 ms clock, 0.40+0/1.6/0.035+0.081 ms cpu, 242->242->122 MB, 242 MB goal, 0 MB stacks, 0 MB globals, 20 P
gc 3585 @143.300s 0%: 0.018+0.37+0.006 ms clock, 0.36+0.062/0.86/0.012+0.12 ms cpu, 240->242->111 MB, 245 MB goal, 0 MB stacks, 0 MB globals, 20 P
gc 3586 @143.321s 0%: 0.024+2.4+0.004 ms clock, 0.48+0/2.9/0.066+0.093 ms cpu, 221->221->114 MB, 223 MB goal, 0 MB stacks, 0 MB globals, 20 P
gc 3587 @143.343s 0%: 0.023+1.2+0.009 ms clock, 0.46+0/1.5/0+0.18 ms cpu, 226->226->117 MB, 228 MB goal, 0 MB stacks, 0 MB globals, 20 P
gc 3588 @143.365s 0%: 0.023+1.3+0.005 ms clock, 0.47+0/1.7/0+0.10 ms cpu, 233->233->122 MB, 236 MB goal, 0 MB stacks, 0 MB globals, 20 P
gc 3589 @143.390s 0%: 0.018+0.38+0.005 ms clock, 0.36+0/0.89/0.006+0.11 ms cpu, 240->240->111 MB, 245 MB goal, 0 MB stacks, 0 MB globals, 20 P
gc 3590 @143.410s 0%: 0.021+0.87+0.006 ms clock, 0.42+0/1.1/0.002+0.12 ms cpu, 223->223->116 MB, 224 MB goal, 0 MB stacks, 0 MB globals, 20 P
gc 3591 @143.429s 0%: 0.024+3.8+0.004 ms clock, 0.49+0/4.3/0+0.095 ms cpu, 239->239->122 MB, 239 MB goal, 0 MB stacks, 0 MB globals, 20 P
gc 3592 @143.458s 0%: 0.019+0.50+0.007 ms clock, 0.38+0/0.96/0.047+0.14 ms cpu, 245->245->140 MB, 246 MB goal, 0 MB stacks, 0 MB globals, 20 P
gc 3593 @143.486s 0%: 0.021+3.7+0.003 ms clock, 0.42+0/3.8/0+0.071 ms cpu, 282->282->122 MB, 282 MB goal, 0 MB stacks, 0 MB globals, 20 P
gc 3594 @143.509s 0%: 0.075+0.36+0.010 ms clock, 1.5+0.10/0.86/0.041+0.20 ms cpu, 239->239->112 MB, 244 MB goal, 0 MB stacks, 0 MB globals, 20 P
gc 3595 @143.524s 0%: 0.059+0.46+0.005 ms clock, 1.1+0/0.94/0+0.11 ms cpu, 220->220->114 MB, 224 MB goal, 0 MB stacks, 0 MB globals, 20 P
gc 3596 @143.543s 0%: 0.027+4.5+0.005 ms clock, 0.54+0/4.8/0+0.10 ms cpu, 230->230->119 MB, 230 MB goal, 0 MB stacks, 0 MB globals, 20 P
gc 3597 @143.567s 0%: 0.018+1.0+0.003 ms clock, 0.37+0/1.3/0+0.071 ms cpu, 234->234->124 MB, 239 MB goal, 0 MB stacks, 0 MB globals, 20 P
gc 3598 @143.588s 0%: 0.029+0.85+0.023 ms clock, 0.58+0/1.4/0.055+0.46 ms cpu, 246->246->142 MB, 249 MB goal, 0 MB stacks, 0 MB globals, 20 P
gc 3599 @143.626s 0%: 0.026+3.9+0.003 ms clock, 0.52+0/4.2/0+0.079 ms cpu, 283->283->121 MB, 285 MB goal, 0 MB stacks, 0 MB globals, 20 P
gc 3600 @143.651s 0%: 0.027+0.57+0.023 ms clock, 0.55+0/1.4/0+0.47 ms cpu, 239->239->139 MB, 243 MB goal, 0 MB stacks, 0 MB globals, 20 P
gc 3601 @143.681s 0%: 0.019+3.3+0.005 ms clock, 0.39+0/3.4/0+0.11 ms cpu, 282->282->119 MB, 282 MB goal, 0 MB stacks, 0 MB globals, 20 P
gc 3602 @143.699s 0%: 0.019+0.55+0.012 ms clock, 0.39+0/0.80/0+0.25 ms cpu, 237->237->134 MB, 240 MB goal, 0 MB stacks, 0 MB globals, 20 P
gc 3603 @143.731s 0%: 0.022+1.0+0.006 ms clock, 0.45+0/1.4/0+0.13 ms cpu, 267->267->115 MB, 269 MB goal, 0 MB stacks, 0 MB globals, 20 P
gc 3604 @143.750s 0%: 0.020+2.4+0.005 ms clock, 0.41+0/2.8/0.012+0.11 ms cpu, 231->231->121 MB, 232 MB goal, 0 MB stacks, 0 MB globals, 20 P
gc 3605 @143.771s 0%: 0.13+0.47+0.016 ms clock, 2.7+0/1.1/0+0.32 ms cpu, 243->243->140 MB, 243 MB goal, 0 MB stacks, 0 MB globals, 20 P
gc 3606 @143.809s 0%: 0.026+1.7+0.004 ms clock, 0.53+0/2.1/0+0.095 ms cpu, 283->283->120 MB, 283 MB goal, 0 MB stacks, 0 MB globals, 20 P
gc 3607 @143.830s 0%: 0.028+1.9+0.006 ms clock, 0.57+0/2.9/0.10+0.13 ms cpu, 241->241->127 MB, 241 MB goal, 0 MB stacks, 0 MB globals, 20 P
gc 3608 @143.867s 0%: 0.016+0.51+0.005 ms clock, 0.33+0/0.90/0.005+0.11 ms cpu, 254->254->117 MB, 256 MB goal, 0 MB stacks, 0 MB globals, 20 P
gc 3609 @143.890s 0%: 0.034+2.0+0.007 ms clock, 0.69+0/2.2/0+0.15 ms cpu, 238->238->122 MB, 238 MB goal, 0 MB stacks, 0 MB globals, 20 P
gc 3610 @143.917s 0%: 0.021+0.34+0.004 ms clock, 0.43+0.050/0.97/0+0.089 ms cpu, 240->241->110 MB, 245 MB goal, 0 MB stacks, 0 MB globals, 20 P
gc 3611 @143.943s 0%: 0.018+0.80+0.005 ms clock, 0.37+0/0.82/0+0.11 ms cpu, 217->221->117 MB, 222 MB goal, 0 MB stacks, 0 MB globals, 20 P
gc 3612 @143.965s 0%: 0.029+2.3+0.008 ms clock, 0.59+0/3.0/0+0.17 ms cpu, 239->239->120 MB, 240 MB goal, 0 MB stacks, 0 MB globals, 20 P
gc 3613 @143.984s 0%: 0.020+0.58+0.005 ms clock, 0.40+0/0.75/0+0.10 ms cpu, 237->237->135 MB, 240 MB goal, 0 MB stacks, 0 MB globals, 20 P
gc 3614 @144.015s 0%: 0.038+8.0+0.009 ms clock, 0.76+0/9.0/0.039+0.18 ms cpu, 267->267->116 MB, 270 MB goal, 0 MB stacks, 0 MB globals, 20 P
gc 3615 @144.045s 0%: 0.020+1.0+0.004 ms clock, 0.40+0/1.8/0+0.083 ms cpu, 231->231->121 MB, 233 MB goal, 0 MB stacks, 0 MB globals, 20 P
gc 3616 @144.075s 0%: 0.030+1.8+0.004 ms clock, 0.61+0/1.0/0.028+0.096 ms cpu, 240->243->116 MB, 243 MB goal, 0 MB stacks, 0 MB globals, 20 P
gc 3617 @144.092s 0%: 0.019+0.88+0.006 ms clock, 0.39+0/1.4/0.086+0.12 ms cpu, 232->232->118 MB, 232 MB goal, 0 MB stacks, 0 MB globals, 20 P
gc 3618 @144.106s 0%: 0.026+4.2+0.006 ms clock, 0.52+0/4.4/0+0.12 ms cpu, 233->233->122 MB, 236 MB goal, 0 MB stacks, 0 MB globals, 20 P
gc 3619 @144.130s 0%: 0.020+0.57+0.014 ms clock, 0.41+0/0.91/0+0.28 ms cpu, 245->245->139 MB, 246 MB goal, 0 MB stacks, 0 MB globals, 20 P
gc 3620 @144.153s 0%: 0.020+3.7+0.003 ms clock, 0.41+0/3.8/0+0.071 ms cpu, 282->282->122 MB, 282 MB goal, 0 MB stacks, 0 MB globals, 20 P
gc 3621 @144.175s 0%: 0.018+0.49+0.004 ms clock, 0.36+0/0.92/0+0.095 ms cpu, 243->243->113 MB, 246 MB goal, 0 MB stacks, 0 MB globals, 20 P
gc 3622 @144.193s 0%: 0.019+1.7+0.003 ms clock, 0.39+0/2.0/0+0.075 ms cpu, 226->226->117 MB, 226 MB goal, 0 MB stacks, 0 MB globals, 20 P
gc 3623 @144.212s 0%: 0.019+1.1+0.004 ms clock, 0.38+0/1.5/0+0.089 ms cpu, 232->232->121 MB, 235 MB goal, 0 MB stacks, 0 MB globals, 20 P
gc 3624 @144.229s 0%: 0.022+0.32+0.009 ms clock, 0.44+0/0.80/0+0.19 ms cpu, 244->244->139 MB, 244 MB goal, 0 MB stacks, 0 MB globals, 20 P
gc 3625 @144.264s 0%: 0.017+3.4+0.004 ms clock, 0.35+0/3.9/0+0.088 ms cpu, 281->281->119 MB, 281 MB goal, 0 MB stacks, 0 MB globals, 20 P
gc 3626 @144.282s 0%: 0.019+1.2+0.003 ms clock, 0.38+0/1.8/0.006+0.066 ms cpu, 240->240->125 MB, 240 MB goal, 0 MB stacks, 0 MB globals, 20 P
gc 3627 @144.306s 0%: 0.028+1.0+0.006 ms clock, 0.57+0/1.3/0.001+0.13 ms cpu, 248->252->120 MB, 251 MB goal, 0 MB stacks, 0 MB globals, 20 P
gc 3628 @144.327s 0%: 0.034+3.2+0.007 ms clock, 0.69+0/4.3/0.055+0.15 ms cpu, 242->242->122 MB, 242 MB goal, 0 MB stacks, 0 MB globals, 20 P
gc 3629 @144.362s 0%: 0.020+0.39+0.005 ms clock, 0.40+0.11/0.93/0.11+0.10 ms cpu, 241->242->111 MB, 245 MB goal, 0 MB stacks, 0 MB globals, 20 P
gc 3630 @144.391s 0%: 0.032+3.2+0.008 ms clock, 0.65+0/4.3/0.011+0.16 ms cpu, 220->220->112 MB, 222 MB goal, 0 MB stacks, 0 MB globals, 20 P
gc 3631 @144.419s 0%: 0.034+9.6+0.005 ms clock, 0.69+0/10/0.027+0.10 ms cpu, 230->230->119 MB, 230 MB goal, 0 MB stacks, 0 MB globals, 20 P
gc 3632 @144.452s 0%: 0.021+0.36+0.003 ms clock, 0.42+0/0.82/0+0.066 ms cpu, 237->237->108 MB, 240 MB goal, 0 MB stacks, 0 MB globals, 20 P
gc 3633 @144.466s 0%: 0.017+2.2+0.006 ms clock, 0.35+0/2.8/0.001+0.13 ms cpu, 213->213->110 MB, 217 MB goal, 0 MB stacks, 0 MB globals, 20 P
gc 3634 @144.489s 0%: 0.031+1.3+0.008 ms clock, 0.62+0/2.4/0.21+0.17 ms cpu, 217->217->114 MB, 221 MB goal, 0 MB stacks, 0 MB globals, 20 P
gc 3635 @144.516s 0%: 0.033+7.9+0.004 ms clock, 0.66+0/8.8/0+0.082 ms cpu, 229->229->119 MB, 229 MB goal, 0 MB stacks, 0 MB globals, 20 P
gc 3636 @144.544s 0%: 0.021+1.0+0.018 ms clock, 0.42+0/0.80/0+0.37 ms cpu, 242->242->138 MB, 242 MB goal, 0 MB stacks, 0 MB globals, 20 P
gc 3637 @144.570s 0%: 0.019+4.0+0.003 ms clock, 0.38+0/4.5/0+0.075 ms cpu, 281->281->121 MB, 281 MB goal, 0 MB stacks, 0 MB globals, 20 P
gc 3638 @144.589s 0%: 0.018+3.8+0.003 ms clock, 0.37+0/4.3/0+0.063 ms cpu, 242->242->129 MB, 244 MB goal, 0 MB stacks, 0 MB globals, 20 P
gc 3639 @144.631s 0%: 0.029+0.73+0.008 ms clock, 0.58+0/1.6/0+0.16 ms cpu, 256->256->117 MB, 258 MB goal, 0 MB stacks, 0 MB globals, 20 P
gc 3640 @144.654s 0%: 0.024+4.4+0.005 ms clock, 0.48+0/4.7/0+0.11 ms cpu, 238->238->122 MB, 238 MB goal, 0 MB stacks, 0 MB globals, 20 P
gc 3641 @144.684s 0%: 0.018+0.45+0.003 ms clock, 0.36+0.081/0.60/0.004+0.067 ms cpu, 240->242->110 MB, 244 MB goal, 0 MB stacks, 0 MB globals, 20 P
gc 3642 @144.697s 0%: 0.020+1.5+0.004 ms clock, 0.40+0/1.9/0+0.082 ms cpu, 221->221->115 MB, 221 MB goal, 0 MB stacks, 0 MB globals, 20 P
gc 3643 @144.715s 0%: 0.019+1.2+0.003 ms clock, 0.38+0/1.6/0+0.079 ms cpu, 230->230->119 MB, 230 MB goal, 0 MB stacks, 0 MB globals, 20 P
gc 3644 @144.741s 0%: 0.026+0.59+0.007 ms clock, 0.53+0/1.0/0+0.15 ms cpu, 242->242->136 MB, 242 MB goal, 0 MB stacks, 0 MB globals, 20 P
gc 3645 @144.775s 0%: 0.033+3.4+0.007 ms clock, 0.66+0/4.2/0.030+0.15 ms cpu, 279->279->117 MB, 279 MB goal, 0 MB stacks, 0 MB globals, 20 P
gc 3646 @144.802s 0%: 0.019+1.2+0.005 ms clock, 0.39+0/1.9/0.018+0.11 ms cpu, 238->238->124 MB, 238 MB goal, 0 MB stacks, 0 MB globals, 20 P
gc 3647 @144.824s 0%: 0.032+0.84+0.005 ms clock, 0.64+0/1.1/0.012+0.11 ms cpu, 246->246->114 MB, 248 MB goal, 0 MB stacks, 0 MB globals, 20 P
gc 3648 @144.843s 0%: 0.025+2.9+0.005 ms clock, 0.51+0/3.9/0.16+0.11 ms cpu, 231->231->121 MB, 231 MB goal, 0 MB stacks, 0 MB globals, 20 P
gc 3649 @144.878s 0%: 0.024+0.49+0.007 ms clock, 0.49+0/0.98/0+0.14 ms cpu, 248->248->137 MB, 248 MB goal, 0 MB stacks, 0 MB globals, 20 P
gc 3650 @144.918s 0%: 0.035+9.4+0.005 ms clock, 0.71+0/10/0+0.10 ms cpu, 280->280->121 MB, 280 MB goal, 0 MB stacks, 0 MB globals, 20 P
gc 3651 @144.947s 0%: 0.024+1.8+0.007 ms clock, 0.49+0/2.1/0+0.15 ms cpu, 242->242->126 MB, 242 MB goal, 0 MB stacks, 0 MB globals, 20 P
gc 3652 @144.974s 0%: 0.021+0.53+0.003 ms clock, 0.42+0/1.1/0.006+0.070 ms cpu, 252->252->114 MB, 253 MB goal, 0 MB stacks, 0 MB globals, 20 P
gc 3653 @144.993s 0%: 0.025+2.1+0.016 ms clock, 0.51+0/3.0/0.043+0.33 ms cpu, 231->231->121 MB, 231 MB goal, 0 MB stacks, 0 MB globals, 20 P
gc 3654 @145.025s 0%: 0.018+0.48+0.010 ms clock, 0.37+0/0.90/0+0.20 ms cpu, 243->243->140 MB, 244 MB goal, 0 MB stacks, 0 MB globals, 20 P
gc 3655 @145.051s 0%: 0.018+3.5+0.003 ms clock, 0.36+0/3.9/0.005+0.072 ms cpu, 283->283->120 MB, 283 MB goal, 0 MB stacks, 0 MB globals, 20 P
gc 3656 @145.070s 0%: 0.017+1.2+0.005 ms clock, 0.35+0/1.8/0+0.11 ms cpu, 241->241->126 MB, 241 MB goal, 0 MB stacks, 0 MB globals, 20 P
gc 3657 @145.094s 0%: 0.026+0.60+0.008 ms clock, 0.53+0/1.6/0.17+0.17 ms cpu, 252->252->113 MB, 252 MB goal, 0 MB stacks, 0 MB globals, 20 P
gc 3658 @145.121s 0%: 0.019+2.4+0.010 ms clock, 0.39+0/3.3/0.18+0.20 ms cpu, 226->226->119 MB, 228 MB goal, 0 MB stacks, 0 MB globals, 20 P
gc 3659 @145.142s 0%: 0.019+6.9+0.006 ms clock, 0.38+0/7.6/0.099+0.13 ms cpu, 249->249->128 MB, 249 MB goal, 0 MB stacks, 0 MB globals, 20 P
gc 3660 @145.167s 0%: 0.018+0.43+0.003 ms clock, 0.36+0/0.93/0.044+0.065 ms cpu, 252->252->113 MB, 256 MB goal, 0 MB stacks, 0 MB globals, 20 P
gc 3661 @145.182s 0%: 0.017+4.8+0.004 ms clock, 0.35+0/5.2/0.057+0.081 ms cpu, 231->231->120 MB, 231 MB goal, 0 MB stacks, 0 MB globals, 20 P
gc 3662 @145.206s 0%: 0.019+0.43+0.009 ms clock, 0.38+0/0.98/0.041+0.19 ms cpu, 242->242->138 MB, 242 MB goal, 0 MB stacks, 0 MB globals, 20 P
gc 3663 @145.230s 0%: 0.021+3.6+0.004 ms clock, 0.42+0/4.1/0.051+0.084 ms cpu, 281->281->119 MB, 281 MB goal, 0 MB stacks, 0 MB globals, 20 P
gc 3664 @145.253s 0%: 0.021+1.4+0.006 ms clock, 0.42+0/1.8/0.015+0.13 ms cpu, 239->239->125 MB, 239 MB goal, 0 MB stacks, 0 MB globals, 20 P
gc 3665 @145.275s 0%: 0.020+0.53+0.003 ms clock, 0.40+0/0.83/0.009+0.071 ms cpu, 249->249->114 MB, 251 MB goal, 0 MB stacks, 0 MB globals, 20 P
gc 3666 @145.290s 0%: 0.018+1.0+0.003 ms clock, 0.36+0/1.6/0.001+0.078 ms cpu, 231->231->120 MB, 231 MB goal, 0 MB stacks, 0 MB globals, 20 P
gc 3667 @145.309s 0%: 0.020+0.35+0.014 ms clock, 0.40+0/0.73/0+0.28 ms cpu, 243->243->137 MB, 243 MB goal, 0 MB stacks, 0 MB globals, 20 P
gc 3668 @145.344s 0%: 0.018+3.9+0.005 ms clock, 0.37+0/4.4/0+0.11 ms cpu, 280->280->118 MB, 280 MB goal, 0 MB stacks, 0 MB globals, 20 P
gc 3669 @145.363s 0%: 0.025+0.48+0.014 ms clock, 0.51+0/1.2/0.004+0.28 ms cpu, 235->235->137 MB, 236 MB goal, 0 MB stacks, 0 MB globals, 20 P
gc 3670 @145.387s 0%: 0.017+0.88+0.003 ms clock, 0.35+0/1.4/0.012+0.074 ms cpu, 279->279->120 MB, 279 MB goal, 0 MB stacks, 0 MB globals, 20 P
gc 3671 @145.408s 0%: 0.018+0.56+0.009 ms clock, 0.37+0/0.82/0+0.18 ms cpu, 236->236->136 MB, 240 MB goal, 0 MB stacks, 0 MB globals, 20 P
gc 3672 @145.429s 0%: 0.020+1.1+0.003 ms clock, 0.41+0/1.9/0.11+0.077 ms cpu, 273->273->121 MB, 273 MB goal, 0 MB stacks, 0 MB globals, 20 P
gc 3673 @145.469s 0%: 0.066+7.8+0.016 ms clock, 1.3+0/9.8/0.23+0.33 ms cpu, 242->242->111 MB, 243 MB goal, 0 MB stacks, 0 MB globals, 20 P
gc 3674 @145.499s 0%: 0.018+2.5+0.069 ms clock, 0.37+0/3.1/0.016+1.3 ms cpu, 219->219->114 MB, 222 MB goal, 0 MB stacks, 0 MB globals, 20 P
gc 3675 @145.520s 0%: 0.024+1.3+0.006 ms clock, 0.48+0/2.2/0+0.12 ms cpu, 224->224->117 MB, 228 MB goal, 0 MB stacks, 0 MB globals, 20 P
gc 3676 @145.543s 0%: 0.028+8.2+0.003 ms clock, 0.57+0/9.3/0.26+0.075 ms cpu, 238->238->123 MB, 238 MB goal, 0 MB stacks, 0 MB globals, 20 P
gc 3677 @145.577s 0%: 0.019+0.43+0.004 ms clock, 0.39+0/1.1/0.060+0.096 ms cpu, 246->246->113 MB, 247 MB goal, 0 MB stacks, 0 MB globals, 20 P
gc 3678 @145.592s 0%: 0.018+2.5+0.006 ms clock, 0.37+0/3.0/0+0.13 ms cpu, 229->229->120 MB, 230 MB goal, 0 MB stacks, 0 MB globals, 20 P
gc 3679 @145.612s 0%: 0.021+5.2+0.003 ms clock, 0.43+0/5.8/0.28+0.076 ms cpu, 251->251->129 MB, 251 MB goal, 0 MB stacks, 0 MB globals, 20 P
gc 3680 @145.644s 0%: 0.024+0.65+0.009 ms clock, 0.48+0/1.5/0.23+0.18 ms cpu, 259->259->117 MB, 259 MB goal, 0 MB stacks, 0 MB globals, 20 P
gc 3681 @145.671s 0%: 0.029+1.3+0.005 ms clock, 0.58+0/2.3/0.12+0.11 ms cpu, 233->233->121 MB, 234 MB goal, 0 MB stacks, 0 MB globals, 20 P
gc 3682 @145.688s 0%: 0.021+3.2+0.004 ms clock, 0.42+0/3.4/0+0.088 ms cpu, 242->242->127 MB, 243 MB goal, 0 MB stacks, 0 MB globals, 20 P
gc 3683 @145.715s 0%: 0.020+1.7+0.005 ms clock, 0.41+0/2.4/0+0.11 ms cpu, 254->254->115 MB, 255 MB goal, 0 MB stacks, 0 MB globals, 20 P
gc 3684 @145.731s 0%: 0.21+1.2+0.007 ms clock, 4.2+0/1.8/0.37+0.15 ms cpu, 233->233->122 MB, 233 MB goal, 0 MB stacks, 0 MB globals, 20 P
gc 3685 @145.753s 0%: 0.026+0.33+0.010 ms clock, 0.53+0/1.0/0.16+0.20 ms cpu, 244->244->140 MB, 245 MB goal, 0 MB stacks, 0 MB globals, 20 P
gc 3686 @145.778s 0%: 0.018+3.7+0.003 ms clock, 0.37+0/4.1/0+0.073 ms cpu, 283->283->121 MB, 283 MB goal, 0 MB stacks, 0 MB globals, 20 P
gc 3687 @145.804s 0%: 0.028+0.35+0.006 ms clock, 0.57+0.14/0.73/0.16+0.13 ms cpu, 239->240->110 MB, 243 MB goal, 0 MB stacks, 0 MB globals, 20 P
gc 3688 @145.822s 0%: 0.026+0.46+0.007 ms clock, 0.53+0/1.5/0.63+0.15 ms cpu, 218->218->115 MB, 221 MB goal, 0 MB stacks, 0 MB globals, 20 P
gc 3689 @145.839s 0%: 0.020+0.78+0.006 ms clock, 0.40+0/1.4/0.18+0.12 ms cpu, 231->231->120 MB, 231 MB goal, 0 MB stacks, 0 MB globals, 20 P
gc 3690 @145.858s 0%: 0.026+7.2+0.003 ms clock, 0.52+0/8.0/0+0.072 ms cpu, 251->251->127 MB, 251 MB goal, 0 MB stacks, 0 MB globals, 20 P
gc 3691 @145.889s 0%: 0.016+0.43+0.003 ms clock, 0.33+0/0.98/0.13+0.063 ms cpu, 253->253->117 MB, 255 MB goal, 0 MB stacks, 0 MB globals, 20 P
gc 3692 @145.906s 0%: 0.021+1.0+0.005 ms clock, 0.42+0/1.7/0.055+0.11 ms cpu, 238->238->121 MB, 238 MB goal, 0 MB stacks, 0 MB globals, 20 P
gc 3693 @145.930s 0%: 0.018+0.31+0.014 ms clock, 0.36+0.081/0.61/0+0.28 ms cpu, 240->240->111 MB, 244 MB goal, 0 MB stacks, 0 MB globals, 20 P
gc 3694 @145.952s 0%: 0.019+0.55+0.005 ms clock, 0.39+0/1.1/0.011+0.10 ms cpu, 222->222->113 MB, 223 MB goal, 0 MB stacks, 0 MB globals, 20 P
gc 3695 @145.969s 0%: 0.020+3.8+0.005 ms clock, 0.40+0/4.3/0.010+0.10 ms cpu, 225->225->117 MB, 228 MB goal, 0 MB stacks, 0 MB globals, 20 P
gc 3696 @145.987s 0%: 0.020+6.1+0.016 ms clock, 0.40+0/6.4/0+0.32 ms cpu, 232->232->122 MB, 235 MB goal, 0 MB stacks, 0 MB globals, 20 P
gc 3697 @146.013s 0%: 0.017+0.57+0.068 ms clock, 0.35+0/1.1/0.009+1.3 ms cpu, 243->243->138 MB, 244 MB goal, 0 MB stacks, 0 MB globals, 20 P
gc 3698 @146.033s 0%: 0.020+1.0+0.004 ms clock, 0.41+0/1.6/0.10+0.096 ms cpu, 276->276->120 MB, 277 MB goal, 0 MB stacks, 0 MB globals, 20 P
gc 3699 @146.053s 0%: 0.018+0.38+0.008 ms clock, 0.36+0/0.76/0+0.17 ms cpu, 242->242->137 MB, 242 MB goal, 0 MB stacks, 0 MB globals, 20 P
gc 3700 @146.082s 0%: 0.030+1.6+0.012 ms clock, 0.61+0/2.5/0.001+0.25 ms cpu, 280->280->120 MB, 280 MB goal, 0 MB stacks, 0 MB globals, 20 P
gc 3701 @146.107s 0%: 0.020+2.7+0.003 ms clock, 0.40+0/3.1/0.009+0.062 ms cpu, 241->241->126 MB, 242 MB goal, 0 MB stacks, 0 MB globals, 20 P
gc 3702 @146.135s 0%: 0.017+0.51+0.012 ms clock, 0.35+0/0.88/0+0.24 ms cpu, 253->253->115 MB, 253 MB goal, 0 MB stacks, 0 MB globals, 20 P
gc 3703 @146.157s 0%: 0.021+1.3+0.004 ms clock, 0.43+0/1.8/0.19+0.095 ms cpu, 237->237->122 MB, 237 MB goal, 0 MB stacks, 0 MB globals, 20 P
gc 3704 @146.189s 0%: 0.016+0.31+0.006 ms clock, 0.33+0.10/0.74/0.064+0.12 ms cpu, 241->243->112 MB, 245 MB goal, 0 MB stacks, 0 MB globals, 20 P
gc 3705 @146.208s 0%: 0.018+1.9+0.004 ms clock, 0.37+0/2.4/0.12+0.088 ms cpu, 226->226->115 MB, 226 MB goal, 0 MB stacks, 0 MB globals, 20 P
gc 3706 @146.236s 0%: 0.025+2.0+0.009 ms clock, 0.51+0/3.0/0+0.18 ms cpu, 231->231->118 MB, 231 MB goal, 0 MB stacks, 0 MB globals, 20 P
gc 3707 @146.269s 0%: 0.027+0.63+0.017 ms clock, 0.54+0/1.2/0.067+0.34 ms cpu, 236->236->133 MB, 238 MB goal, 0 MB stacks, 0 MB globals, 20 P
gc 3708 @146.319s 0%: 0.029+4.3+0.005 ms clock, 0.58+0/5.3/0.099+0.10 ms cpu, 266->266->116 MB, 268 MB goal, 0 MB stacks, 0 MB globals, 20 P
gc 3709 @146.347s 0%: 0.037+2.0+0.009 ms clock, 0.74+0/3.3/0.062+0.18 ms cpu, 231->231->120 MB, 232 MB goal, 0 MB stacks, 0 MB globals, 20 P
gc 3710 @146.380s 0%: 0.025+0.48+0.017 ms clock, 0.51+0/0.93/0+0.35 ms cpu, 242->242->138 MB, 242 MB goal, 0 MB stacks, 0 MB globals, 20 P
gc 3711 @146.405s 0%: 0.022+1.8+0.006 ms clock, 0.45+0/2.2/0+0.13 ms cpu, 281->281->119 MB, 281 MB goal, 0 MB stacks, 0 MB globals, 20 P
gc 3712 @146.424s 0%: 0.022+3.0+0.005 ms clock, 0.45+0/3.9/0.096+0.11 ms cpu, 240->240->127 MB, 240 MB goal, 0 MB stacks, 0 MB globals, 20 P
gc 3713 @146.455s 0%: 0.022+0.64+0.004 ms clock, 0.45+0.017/0.91/0.023+0.095 ms cpu, 253->253->117 MB, 254 MB goal, 0 MB stacks, 0 MB globals, 20 P
gc 3714 @146.476s 0%: 0.017+1.2+0.003 ms clock, 0.35+0/1.5/0.002+0.062 ms cpu, 239->239->123 MB, 239 MB goal, 0 MB stacks, 0 MB globals, 20 P
gc 3715 @146.514s 0%: 0.031+0.59+0.007 ms clock, 0.62+0.16/1.4/0+0.15 ms cpu, 243->244->112 MB, 246 MB goal, 0 MB stacks, 0 MB globals, 20 P
gc 3716 @146.544s 0%: 0.017+0.56+0.003 ms clock, 0.34+0/0.77/0+0.072 ms cpu, 225->225->115 MB, 225 MB goal, 0 MB stacks, 0 MB globals, 20 P
gc 3717 @146.569s 0%: 0.042+4.2+0.009 ms clock, 0.85+0/5.7/0.069+0.18 ms cpu, 232->232->119 MB, 232 MB goal, 0 MB stacks, 0 MB globals, 20 P
gc 3718 @146.590s 0%: 0.019+5.5+0.003 ms clock, 0.38+0/5.6/0+0.076 ms cpu, 239->239->124 MB, 239 MB goal, 0 MB stacks, 0 MB globals, 20 P
gc 3719 @146.616s 0%: 0.020+0.54+0.007 ms clock, 0.40+0/1.2/0.037+0.14 ms cpu, 246->246->112 MB, 248 MB goal, 0 MB stacks, 0 MB globals, 20 P
gc 3720 @146.634s 0%: 0.022+1.0+0.006 ms clock, 0.45+0/1.3/0+0.13 ms cpu, 220->220->117 MB, 224 MB goal, 0 MB stacks, 0 MB globals, 20 P
gc 3721 @146.652s 0%: 0.018+1.3+0.003 ms clock, 0.37+0/1.5/0+0.074 ms cpu, 238->238->122 MB, 238 MB goal, 0 MB stacks, 0 MB globals, 20 P
gc 3722 @146.681s 0%: 0.020+0.55+0.33 ms clock, 0.41+0/0.97/0.005+6.6 ms cpu, 242->245->116 MB, 245 MB goal, 0 MB stacks, 0 MB globals, 20 P
gc 3723 @146.707s 0%: 0.035+2.3+0.007 ms clock, 0.71+0/3.4/0.12+0.14 ms cpu, 232->232->118 MB, 232 MB goal, 0 MB stacks, 0 MB globals, 20 P
gc 3724 @146.725s 0%: 0.016+3.2+0.004 ms clock, 0.33+0/3.7/0.007+0.080 ms cpu, 232->232->122 MB, 236 MB goal, 0 MB stacks, 0 MB globals, 20 P
gc 3725 @146.748s 0%: 0.022+0.51+0.011 ms clock, 0.44+0/0.83/0+0.23 ms cpu, 244->244->139 MB, 245 MB goal, 0 MB stacks, 0 MB globals, 20 P
gc 3726 @146.776s 0%: 0.017+3.6+0.005 ms clock, 0.35+0/3.9/0+0.11 ms cpu, 282->282->122 MB, 282 MB goal, 0 MB stacks, 0 MB globals, 20 P
gc 3727 @146.793s 0%: 0.019+2.0+0.005 ms clock, 0.39+0/2.6/0.018+0.11 ms cpu, 243->243->127 MB, 244 MB goal, 0 MB stacks, 0 MB globals, 20 P
gc 3728 @146.814s 0%: 0.017+1.0+0.003 ms clock, 0.35+0/1.3/0+0.067 ms cpu, 254->254->116 MB, 255 MB goal, 0 MB stacks, 0 MB globals, 20 P
gc 3729 @146.844s 0%: 0.025+1.3+0.009 ms clock, 0.51+0/1.8/0+0.18 ms cpu, 238->238->122 MB, 238 MB goal, 0 MB stacks, 0 MB globals, 20 P
gc 3730 @146.872s 0%: 0.041+10+0.008 ms clock, 0.82+0/11/0+0.17 ms cpu, 243->243->128 MB, 244 MB goal, 0 MB stacks, 0 MB globals, 20 P
gc 3731 @146.914s 0%: 0.030+1.8+0.006 ms clock, 0.61+0/2.2/0.049+0.13 ms cpu, 255->255->117 MB, 256 MB goal, 0 MB stacks, 0 MB globals, 20 P
gc 3732 @146.939s 0%: 0.026+5.2+0.006 ms clock, 0.52+0/6.0/0.010+0.12 ms cpu, 235->235->124 MB, 236 MB goal, 0 MB stacks, 0 MB globals, 20 P
gc 3733 @146.963s 0%: 0.021+0.69+0.014 ms clock, 0.43+0/1.0/0+0.28 ms cpu, 246->246->140 MB, 249 MB goal, 0 MB stacks, 0 MB globals, 20 P
gc 3734 @146.988s 0%: 0.020+4.6+0.004 ms clock, 0.41+0/5.1/0+0.097 ms cpu, 283->283->121 MB, 283 MB goal, 0 MB stacks, 0 MB globals, 20 P
gc 3735 @147.007s 0%: 0.021+1.3+0.004 ms clock, 0.43+0/1.8/0.025+0.081 ms cpu, 240->240->125 MB, 242 MB goal, 0 MB stacks, 0 MB globals, 20 P
gc 3736 @147.033s 0%: 0.036+0.95+0.004 ms clock, 0.72+0/1.5/0+0.083 ms cpu, 248->248->113 MB, 251 MB goal, 0 MB stacks, 0 MB globals, 20 P
gc 3737 @147.058s 0%: 0.031+1.1+0.005 ms clock, 0.62+0/2.3/0.15+0.11 ms cpu, 229->229->118 MB, 229 MB goal, 0 MB stacks, 0 MB globals, 20 P
gc 3738 @147.079s 0%: 0.019+1.1+0.005 ms clock, 0.38+0/1.5/0.32+0.11 ms cpu, 233->233->122 MB, 236 MB goal, 0 MB stacks, 0 MB globals, 20 P
gc 3739 @147.102s 0%: 0.022+0.40+0.009 ms clock, 0.44+0/0.94/0.19+0.19 ms cpu, 245->245->140 MB, 245 MB goal, 0 MB stacks, 0 MB globals, 20 P
gc 3740 @147.125s 0%: 0.018+3.5+0.005 ms clock, 0.37+0/4.1/0.011+0.10 ms cpu, 283->283->123 MB, 283 MB goal, 0 MB stacks, 0 MB globals, 20 P
gc 3741 @147.143s 0%: 0.022+1.6+0.019 ms clock, 0.44+0/2.2/0.006+0.38 ms cpu, 244->256->141 MB, 248 MB goal, 0 MB stacks, 0 MB globals, 20 P
gc 3742 @147.174s 0%: 0.019+1.7+0.004 ms clock, 0.38+0/2.4/0.051+0.087 ms cpu, 278->278->122 MB, 282 MB goal, 0 MB stacks, 0 MB globals, 20 P
gc 3743 @147.195s 0%: 0.028+0.48+0.006 ms clock, 0.56+0/0.93/0+0.12 ms cpu, 232->233->110 MB, 244 MB goal, 0 MB stacks, 0 MB globals, 20 P
gc 3744 @147.210s 0%: 0.016+0.58+0.003 ms clock, 0.32+0.039/1.0/0+0.063 ms cpu, 209->212->113 MB, 221 MB goal, 0 MB stacks, 0 MB globals, 20 P
gc 3745 @147.228s 0%: 0.017+0.47+0.007 ms clock, 0.34+0/1.2/0.15+0.14 ms cpu, 215->215->112 MB, 227 MB goal, 0 MB stacks, 0 MB globals, 20 P
gc 3746 @147.246s 0%: 0.030+6.6+0.006 ms clock, 0.60+0/7.5/0.12+0.13 ms cpu, 220->220->115 MB, 226 MB goal, 0 MB stacks, 0 MB globals, 20 P
gc 3747 @147.278s 0%: 0.022+5.1+0.004 ms clock, 0.44+0/5.7/0.30+0.081 ms cpu, 231->231->121 MB, 232 MB goal, 0 MB stacks, 0 MB globals, 20 P
gc 3748 @147.303s 0%: 0.021+0.52+0.008 ms clock, 0.43+0/1.0/0.084+0.17 ms cpu, 243->243->139 MB, 243 MB goal, 0 MB stacks, 0 MB globals, 20 P
gc 3749 @147.328s 0%: 0.016+0.64+0.003 ms clock, 0.33+0/1.1/0.009+0.073 ms cpu, 271->271->121 MB, 279 MB goal, 0 MB stacks, 0 MB globals, 20 P
gc 3750 @147.342s 0%: 0.020+1.0+0.003 ms clock, 0.41+0/1.6/0+0.070 ms cpu, 236->236->125 MB, 243 MB goal, 0 MB stacks, 0 MB globals, 20 P
gc 3751 @147.365s 0%: 0.028+0.41+0.10 ms clock, 0.57+0/0.99/0.12+2.1 ms cpu, 240->240->113 MB, 251 MB goal, 0 MB stacks, 0 MB globals, 20 P
gc 3752 @147.380s 0%: 0.018+0.44+0.005 ms clock, 0.36+0/0.82/0+0.11 ms cpu, 216->216->115 MB, 227 MB goal, 0 MB stacks, 0 MB globals, 20 P
gc 3753 @147.400s 0%: 0.026+0.84+0.009 ms clock, 0.53+0/1.9/0.31+0.19 ms cpu, 219->219->118 MB, 231 MB goal, 0 MB stacks, 0 MB globals, 20 P
gc 3754 @147.424s 0%: 0.027+3.4+0.010 ms clock, 0.54+0/4.6/0.001+0.21 ms cpu, 228->228->121 MB, 236 MB goal, 0 MB stacks, 0 MB globals, 20 P
gc 3755 @147.450s 0%: 0.020+5.2+0.006 ms clock, 0.40+0/5.7/0.005+0.12 ms cpu, 242->242->127 MB, 243 MB goal, 0 MB stacks, 0 MB globals, 20 P
gc 3756 @147.477s 0%: 0.018+0.32+0.002 ms clock, 0.37+0/1.0/0.11+0.059 ms cpu, 243->243->112 MB, 255 MB goal, 0 MB stacks, 0 MB globals, 20 P
gc 3757 @147.494s 0%: 0.016+0.48+0.005 ms clock, 0.33+0/0.80/0+0.10 ms cpu, 215->215->116 MB, 224 MB goal, 0 MB stacks, 0 MB globals, 20 P
gc 3758 @147.522s 0%: 0.034+1.6+0.011 ms clock, 0.68+0/3.1/0.059+0.23 ms cpu, 228->228->120 MB, 233 MB goal, 0 MB stacks, 0 MB globals, 20 P
gc 3759 @147.544s 0%: 0.025+4.4+0.006 ms clock, 0.50+0/4.8/0.001+0.12 ms cpu, 235->235->124 MB, 240 MB goal, 0 MB stacks, 0 MB globals, 20 P
gc 3760 @147.568s 0%: 0.020+0.54+0.015 ms clock, 0.40+0/1.0/0+0.30 ms cpu, 247->247->141 MB, 249 MB goal, 0 MB stacks, 0 MB globals, 20 P
gc 3761 @147.593s 0%: 0.021+4.5+0.007 ms clock, 0.42+0/5.1/0.17+0.15 ms cpu, 279->279->122 MB, 283 MB goal, 0 MB stacks, 0 MB globals, 20 P
gc 3762 @147.624s 0%: 0.018+0.48+0.004 ms clock, 0.36+0/1.0/0.37+0.089 ms cpu, 235->235->111 MB, 245 MB goal, 0 MB stacks, 0 MB globals, 20 P
gc 3763 @147.642s 0%: 0.019+3.0+0.003 ms clock, 0.39+0/3.6/0.041+0.073 ms cpu, 219->219->114 MB, 224 MB goal, 0 MB stacks, 0 MB globals, 20 P
gc 3764 @147.659s 0%: 0.020+1.8+0.005 ms clock, 0.41+0/2.4/0+0.11 ms cpu, 217->217->116 MB, 230 MB goal, 0 MB stacks, 0 MB globals, 20 P
gc 3765 @147.679s 0%: 0.019+1.9+0.003 ms clock, 0.39+0/2.3/0+0.062 ms cpu, 222->222->120 MB, 234 MB goal, 0 MB stacks, 0 MB globals, 20 P
gc 3766 @147.704s 0%: 0.020+0.36+0.009 ms clock, 0.41+0/0.74/0+0.18 ms cpu, 241->241->137 MB, 242 MB goal, 0 MB stacks, 0 MB globals, 20 P
gc 3767 @147.733s 0%: 0.033+2.1+0.007 ms clock, 0.66+0/2.7/0.14+0.14 ms cpu, 270->270->117 MB, 275 MB goal, 0 MB stacks, 0 MB globals, 20 P
gc 3768 @147.757s 0%: 0.020+2.3+0.006 ms clock, 0.40+0/2.8/0.17+0.12 ms cpu, 230->230->125 MB, 235 MB goal, 0 MB stacks, 0 MB globals, 20 P
gc 3769 @147.786s 0%: 0.022+0.50+0.003 ms clock, 0.44+0.14/0.77/0.024+0.073 ms cpu, 239->241->113 MB, 250 MB goal, 0 MB stacks, 0 MB globals, 20 P
gc 3770 @147.799s 0%: 0.016+0.66+0.002 ms clock, 0.33+0/1.1/0+0.059 ms cpu, 217->217->117 MB, 226 MB goal, 0 MB stacks, 0 MB globals, 20 P
gc 3771 @147.820s 0%: 0.025+7.3+0.008 ms clock, 0.51+0/7.9/0.062+0.17 ms cpu, 232->232->121 MB, 234 MB goal, 0 MB stacks, 0 MB globals, 20 P
gc 3772 @147.857s 0%: 0.020+0.57+0.021 ms clock, 0.41+0/0.84/0.002+0.42 ms cpu, 244->244->138 MB, 244 MB goal, 0 MB stacks, 0 MB globals, 20 P
gc 3773 @147.883s 0%: 0.025+3.7+0.005 ms clock, 0.50+0/4.3/0+0.10 ms cpu, 271->271->117 MB, 278 MB goal, 0 MB stacks, 0 MB globals, 20 P
gc 3774 @147.901s 0%: 0.019+1.0+0.005 ms clock, 0.39+0/1.8/0.022+0.11 ms cpu, 232->232->123 MB, 234 MB goal, 0 MB stacks, 0 MB globals, 20 P
gc 3775 @147.923s 0%: 0.025+0.57+0.028 ms clock, 0.51+0/1.1/0.004+0.56 ms cpu, 245->245->140 MB, 247 MB goal, 0 MB stacks, 0 MB globals, 20 P
gc 3776 @147.957s 0%: 0.030+1.1+0.007 ms clock, 0.61+0/1.9/0.099+0.14 ms cpu, 273->273->121 MB, 281 MB goal, 0 MB stacks, 0 MB globals, 20 P
gc 3777 @147.979s 0%: 0.021+1.0+0.10 ms clock, 0.43+0/1.7/0.069+2.0 ms cpu, 236->236->125 MB, 243 MB goal, 0 MB stacks, 0 MB globals, 20 P
gc 3778 @148.005s 0%: 0.023+0.78+0.10 ms clock, 0.46+0/1.0/0+2.1 ms cpu, 247->247->142 MB, 250 MB goal, 0 MB stacks, 0 MB globals, 20 P
gc 3779 @148.041s 0%: 0.029+2.4+0.004 ms clock, 0.58+0/3.2/0.029+0.089 ms cpu, 274->274->120 MB, 285 MB goal, 0 MB stacks, 0 MB globals, 20 P
gc 3780 @148.061s 0%: 0.019+3.6+0.003 ms clock, 0.39+0/4.0/0.13+0.070 ms cpu, 236->236->125 MB, 241 MB goal, 0 MB stacks, 0 MB globals, 20 P
gc 3781 @148.084s 0%: 0.021+0.60+0.006 ms clock, 0.42+0.10/0.98/0+0.13 ms cpu, 238->240->114 MB, 250 MB goal, 0 MB stacks, 0 MB globals, 20 P
gc 3782 @148.099s 0%: 0.016+0.50+0.032 ms clock, 0.32+0/0.75/0+0.64 ms cpu, 217->222->120 MB, 229 MB goal, 0 MB stacks, 0 MB globals, 20 P
gc 3783 @148.116s 0%: 0.017+3.5+0.008 ms clock, 0.34+0/3.8/0.15+0.17 ms cpu, 237->237->120 MB, 240 MB goal, 0 MB stacks, 0 MB globals, 20 P
gc 3784 @148.135s 0%: 0.019+2.6+0.003 ms clock, 0.39+0/2.7/0+0.072 ms cpu, 241->241->127 MB, 242 MB goal, 0 MB stacks, 0 MB globals, 20 P
gc 3785 @148.173s 0%: 0.023+0.61+0.006 ms clock, 0.46+0/1.3/0.12+0.13 ms cpu, 250->250->114 MB, 255 MB goal, 0 MB stacks, 0 MB globals, 20 P
gc 3786 @148.205s 0%: 0.024+3.9+0.15 ms clock, 0.48+0/4.5/0.23+3.1 ms cpu, 231->231->119 MB, 231 MB goal, 0 MB stacks, 0 MB globals, 20 P
gc 3787 @148.222s 0%: 0.019+1.4+0.005 ms clock, 0.38+0/1.8/0.002+0.11 ms cpu, 234->234->126 MB, 239 MB goal, 0 MB stacks, 0 MB globals, 20 P
gc 3788 @148.240s 0%: 0.022+0.52+0.006 ms clock, 0.44+0/0.94/0+0.13 ms cpu, 247->247->142 MB, 252 MB goal, 0 MB stacks, 0 MB globals, 20 P
gc 3789 @148.275s 0%: 0.027+5.9+0.006 ms clock, 0.55+0/6.5/0+0.12 ms cpu, 280->280->123 MB, 285 MB goal, 0 MB stacks, 0 MB globals, 20 P
gc 3790 @148.312s 0%: 0.023+1.5+0.009 ms clock, 0.47+0/2.0/0.007+0.18 ms cpu, 243->243->114 MB, 247 MB goal, 0 MB stacks, 0 MB globals, 20 P
gc 3791 @148.338s 0%: 0.033+1.6+0.008 ms clock, 0.67+0/2.6/0+0.17 ms cpu, 224->224->117 MB, 228 MB goal, 0 MB stacks, 0 MB globals, 20 P
gc 3792 @148.368s 0%: 0.021+5.9+0.004 ms clock, 0.42+0/6.3/0+0.097 ms cpu, 238->238->123 MB, 238 MB goal, 0 MB stacks, 0 MB globals, 20 P
gc 3793 @148.398s 0%: 0.017+0.47+0.061 ms clock, 0.34+0/0.87/0+1.2 ms cpu, 242->242->110 MB, 247 MB goal, 0 MB stacks, 0 MB globals, 20 P
gc 3794 @148.422s 0%: 0.017+0.66+0.006 ms clock, 0.35+0/1.1/0+0.12 ms cpu, 221->221->114 MB, 221 MB goal, 0 MB stacks, 0 MB globals, 20 P
gc 3795 @148.438s 0%: 0.020+1.6+0.003 ms clock, 0.40+0/2.0/0+0.061 ms cpu, 223->223->118 MB, 228 MB goal, 0 MB stacks, 0 MB globals, 20 P
gc 3796 @148.457s 0%: 0.020+3.7+0.003 ms clock, 0.40+0/4.2/0.013+0.065 ms cpu, 239->239->125 MB, 239 MB goal, 0 MB stacks, 0 MB globals, 20 P
gc 3797 @148.480s 0%: 0.017+0.48+0.004 ms clock, 0.35+0/0.68/0+0.083 ms cpu, 248->248->113 MB, 252 MB goal, 0 MB stacks, 0 MB globals, 20 P
gc 3798 @148.500s 0%: 0.033+1.6+0.005 ms clock, 0.67+0/1.9/0.001+0.11 ms cpu, 229->229->118 MB, 229 MB goal, 0 MB stacks, 0 MB globals, 20 P
gc 3799 @148.522s 0%: 0.026+3.8+0.003 ms clock, 0.52+0/4.3/0.12+0.067 ms cpu, 233->233->122 MB, 236 MB goal, 0 MB stacks, 0 MB globals, 20 P
gc 3800 @148.545s 0%: 0.020+0.43+0.015 ms clock, 0.41+0/0.82/0+0.30 ms cpu, 245->245->141 MB, 245 MB goal, 0 MB stacks, 0 MB globals, 20 P
gc 3801 @148.587s 0%: 0.030+7.0+0.005 ms clock, 0.61+0/8.1/0.29+0.10 ms cpu, 283->283->123 MB, 283 MB goal, 0 MB stacks, 0 MB globals, 20 P
gc 3802 @148.615s 0%: 0.018+0.78+0.003 ms clock, 0.37+0/0.75/0+0.073 ms cpu, 243->243->113 MB, 246 MB goal, 0 MB stacks, 0 MB globals, 20 P
gc 3803 @148.634s 0%: 0.018+3.1+0.003 ms clock, 0.37+0/3.4/0+0.068 ms cpu, 225->225->117 MB, 226 MB goal, 0 MB stacks, 0 MB globals, 20 P
gc 3804 @148.654s 0%: 0.030+2.4+0.011 ms clock, 0.60+0/3.3/0.005+0.23 ms cpu, 232->232->121 MB, 234 MB goal, 0 MB stacks, 0 MB globals, 20 P
gc 3805 @148.677s 0%: 0.020+0.53+0.009 ms clock, 0.41+0/0.89/0.026+0.19 ms cpu, 244->244->138 MB, 244 MB goal, 0 MB stacks, 0 MB globals, 20 P
gc 3806 @148.716s 0%: 0.018+0.87+0.004 ms clock, 0.37+0/1.3/0.001+0.096 ms cpu, 281->281->119 MB, 281 MB goal, 0 MB stacks, 0 MB globals, 20 P
gc 3807 @148.731s 0%: 0.018+1.3+0.003 ms clock, 0.37+0/1.6/0+0.064 ms cpu, 239->239->124 MB, 239 MB goal, 0 MB stacks, 0 MB globals, 20 P
gc 3808 @148.755s 0%: 0.041+0.39+0.003 ms clock, 0.82+0/1.0/0.037+0.060 ms cpu, 245->245->113 MB, 249 MB goal, 0 MB stacks, 0 MB globals, 20 P
gc 3809 @148.770s 0%: 0.018+4.1+0.007 ms clock, 0.37+0/4.5/0.008+0.14 ms cpu, 222->222->119 MB, 228 MB goal, 0 MB stacks, 0 MB globals, 20 P
gc 3810 @148.789s 0%: 0.019+0.36+0.008 ms clock, 0.38+0/0.87/0.096+0.17 ms cpu, 236->236->136 MB, 238 MB goal, 0 MB stacks, 0 MB globals, 20 P
gc 3811 @148.810s 0%: 0.020+2.8+0.004 ms clock, 0.40+0/3.4/0.27+0.089 ms cpu, 269->269->115 MB, 274 MB goal, 0 MB stacks, 0 MB globals, 20 P
gc 3812 @148.827s 0%: 0.018+1.0+0.007 ms clock, 0.37+0/1.6/0.039+0.14 ms cpu, 230->230->120 MB, 230 MB goal, 0 MB stacks, 0 MB globals, 20 P
gc 3813 @148.845s 0%: 0.023+1.1+0.004 ms clock, 0.47+0/1.7/0.089+0.098 ms cpu, 236->236->109 MB, 241 MB goal, 0 MB stacks, 0 MB globals, 20 P
gc 3814 @148.870s 0%: 0.021+0.48+0.013 ms clock, 0.43+0/1.0/0+0.27 ms cpu, 224->224->124 MB, 224 MB goal, 0 MB stacks, 0 MB globals, 20 P
gc 3815 @148.899s 0%: 0.037+5.6+0.006 ms clock, 0.74+0/6.6/0.13+0.13 ms cpu, 248->248->107 MB, 248 MB goal, 0 MB stacks, 0 MB globals, 20 P
gc 3816 @148.940s 0%: 0.032+3.2+0.009 ms clock, 0.64+0/3.1/0.65+0.18 ms cpu, 211->213->94 MB, 216 MB goal, 0 MB stacks, 0 MB globals, 20 P
gc 3817 @148.963s 0%: 0.019+2.2+0.003 ms clock, 0.38+0/2.4/0+0.068 ms cpu, 185->185->93 MB, 189 MB goal, 0 MB stacks, 0 MB globals, 20 P
gc 3818 @148.980s 0%: 0.024+5.6+0.011 ms clock, 0.49+0/6.6/0.017+0.22 ms cpu, 192->192->98 MB, 192 MB goal, 0 MB stacks, 0 MB globals, 20 P
gc 3819 @149.014s 0%: 0.019+0.29+0.008 ms clock, 0.39+0/0.75/0.072+0.16 ms cpu, 195->195->111 MB, 197 MB goal, 0 MB stacks, 0 MB globals, 20 P
gc 3820 @149.030s 0%: 0.016+2.6+0.004 ms clock, 0.32+0/1.7/0.008+0.088 ms cpu, 219->223->97 MB, 224 MB goal, 0 MB stacks, 0 MB globals, 20 P
gc 3821 @149.045s 0%: 0.017+0.58+0.016 ms clock, 0.35+0/1.2/0.14+0.32 ms cpu, 193->193->97 MB, 195 MB goal, 0 MB stacks, 0 MB globals, 20 P
gc 3822 @149.059s 0%: 0.022+0.99+0.006 ms clock, 0.44+0/1.5/0+0.13 ms cpu, 196->196->103 MB, 197 MB goal, 0 MB stacks, 0 MB globals, 20 P
gc 3823 @149.075s 0%: 0.020+4.8+0.006 ms clock, 0.40+0/5.3/0+0.12 ms cpu, 208->208->109 MB, 208 MB goal, 0 MB stacks, 0 MB globals, 20 P
gc 3824 @149.093s 0%: 0.019+5.7+0.003 ms clock, 0.39+0/6.2/0+0.076 ms cpu, 217->217->115 MB, 218 MB goal, 0 MB stacks, 0 MB globals, 20 P
gc 3825 @149.117s 0%: 0.018+0.32+0.006 ms clock, 0.36+0/0.88/0.12+0.13 ms cpu, 226->227->106 MB, 231 MB goal, 0 MB stacks, 0 MB globals, 20 P
gc 3826 @149.139s 0%: 0.019+1.4+0.003 ms clock, 0.38+0/1.8/0.021+0.071 ms cpu, 210->210->112 MB, 214 MB goal, 0 MB stacks, 0 MB globals, 20 P
gc 3827 @149.172s 0%: 0.038+5.8+0.004 ms clock, 0.77+0/6.8/0.35+0.086 ms cpu, 221->221->118 MB, 224 MB goal, 0 MB stacks, 0 MB globals, 20 P
gc 3828 @149.192s 0%: 0.029+6.9+0.004 ms clock, 0.58+0/7.3/0+0.088 ms cpu, 239->239->125 MB, 239 MB goal, 0 MB stacks, 0 MB globals, 20 P
gc 3829 @149.220s 0%: 0.017+0.44+0.004 ms clock, 0.35+0/0.88/0+0.086 ms cpu, 247->247->113 MB, 251 MB goal, 0 MB stacks, 0 MB globals, 20 P
gc 3830 @149.240s 0%: 0.020+0.69+0.003 ms clock, 0.40+0/1.0/0.002+0.065 ms cpu, 228->228->116 MB, 228 MB goal, 0 MB stacks, 0 MB globals, 20 P
gc 3831 @149.276s 0%: 0.017+0.31+0.003 ms clock, 0.34+0/0.69/0+0.066 ms cpu, 228->229->107 MB, 233 MB goal, 0 MB stacks, 0 MB globals, 20 P
gc 3832 @149.289s 0%: 0.018+1.3+0.003 ms clock, 0.37+0/1.7/0.026+0.069 ms cpu, 212->212->112 MB, 216 MB goal, 0 MB stacks, 0 MB globals, 20 P
gc 3833 @149.304s 0%: 0.020+6.0+0.006 ms clock, 0.41+0/6.6/0+0.12 ms cpu, 223->223->115 MB, 224 MB goal, 0 MB stacks, 0 MB globals, 20 P
gc 3834 @149.327s 0%: 0.024+10+0.008 ms clock, 0.48+0/11/0+0.17 ms cpu, 236->236->121 MB, 236 MB goal, 0 MB stacks, 0 MB globals, 20 P
gc 3835 @149.363s 0%: 0.031+0.54+0.006 ms clock, 0.62+0/0.94/0.010+0.13 ms cpu, 241->241->109 MB, 243 MB goal, 0 MB stacks, 0 MB globals, 20 P
gc 3836 @149.383s 0%: 0.027+5.3+0.010 ms clock, 0.54+0/6.3/0.018+0.20 ms cpu, 221->221->115 MB, 221 MB goal, 0 MB stacks, 0 MB globals, 20 P
gc 3837 @149.421s 0%: 0.020+4.8+0.005 ms clock, 0.40+0/5.1/0+0.10 ms cpu, 238->238->123 MB, 238 MB goal, 0 MB stacks, 0 MB globals, 20 P
gc 3838 @149.443s 0%: 0.024+0.43+0.012 ms clock, 0.49+0/1.0/0+0.25 ms cpu, 245->245->141 MB, 246 MB goal, 0 MB stacks, 0 MB globals, 20 P
gc 3839 @149.479s 0%: 0.025+3.7+0.004 ms clock, 0.51+0/4.5/0.013+0.080 ms cpu, 283->283->122 MB, 283 MB goal, 0 MB stacks, 0 MB globals, 20 P
gc 3840 @149.517s 0%: 0.018+0.42+0.006 ms clock, 0.37+0/0.99/0.071+0.12 ms cpu, 242->243->111 MB, 245 MB goal, 0 MB stacks, 0 MB globals, 20 P
gc 3841 @149.543s 0%: 0.020+5.6+0.006 ms clock, 0.40+0/6.2/0.066+0.13 ms cpu, 221->221->115 MB, 222 MB goal, 0 MB stacks, 0 MB globals, 20 P
gc 3842 @149.574s 0%: 0.030+0.44+0.007 ms clock, 0.61+0.15/0.83/0.001+0.14 ms cpu, 227->228->105 MB, 231 MB goal, 0 MB stacks, 0 MB globals, 20 P
gc 3843 @149.591s 0%: 0.028+1.6+0.008 ms clock, 0.57+0/2.1/0.011+0.16 ms cpu, 208->208->107 MB, 211 MB goal, 0 MB stacks, 0 MB globals, 20 P
gc 3844 @149.615s 0%: 0.020+1.0+0.005 ms clock, 0.40+0/1.5/0+0.11 ms cpu, 212->212->110 MB, 215 MB goal, 0 MB stacks, 0 MB globals, 20 P
gc 3845 @149.633s 0%: 0.019+0.87+0.005 ms clock, 0.39+0/1.1/0+0.11 ms cpu, 217->217->113 MB, 220 MB goal, 0 MB stacks, 0 MB globals, 20 P
gc 3846 @149.658s 0%: 0.027+8.1+0.15 ms clock, 0.55+0/8.4/0+3.0 ms cpu, 227->240->134 MB, 227 MB goal, 0 MB stacks, 0 MB globals, 20 P
gc 3847 @149.705s 0%: 0.019+0.93+0.003 ms clock, 0.38+0/1.3/0+0.074 ms cpu, 259->259->115 MB, 268 MB goal, 0 MB stacks, 0 MB globals, 20 P
gc 3848 @149.725s 0%: 0.019+0.39+0.005 ms clock, 0.38+0/0.86/0+0.11 ms cpu, 219->221->108 MB, 231 MB goal, 0 MB stacks, 0 MB globals, 20 P
gc 3849 @149.741s 0%: 0.019+0.54+0.008 ms clock, 0.38+0.10/0.96/0.097+0.16 ms cpu, 204->206->109 MB, 216 MB goal, 0 MB stacks, 0 MB globals, 20 P
gc 3850 @149.758s 0%: 0.015+0.36+0.005 ms clock, 0.30+0/0.95/0.090+0.11 ms cpu, 207->207->108 MB, 219 MB goal, 0 MB stacks, 0 MB globals, 20 P
gc 3851 @149.774s 0%: 0.017+1.5+0.007 ms clock, 0.35+0.065/1.0/0.019+0.14 ms cpu, 205->210->114 MB, 217 MB goal, 0 MB stacks, 0 MB globals, 20 P
gc 3852 @149.799s 0%: 0.041+5.6+0.008 ms clock, 0.82+0/6.8/0.21+0.16 ms cpu, 221->221->115 MB, 229 MB goal, 0 MB stacks, 0 MB globals, 20 P
gc 3853 @149.826s 0%: 0.022+4.8+0.005 ms clock, 0.45+0/5.2/0+0.11 ms cpu, 230->230->121 MB, 230 MB goal, 0 MB stacks, 0 MB globals, 20 P
gc 3854 @149.854s 0%: 0.020+0.51+0.014 ms clock, 0.40+0/0.75/0+0.29 ms cpu, 243->243->140 MB, 243 MB goal, 0 MB stacks, 0 MB globals, 20 P
gc 3855 @149.880s 0%: 0.031+2.5+0.010 ms clock, 0.62+0/3.3/0+0.20 ms cpu, 272->272->121 MB, 280 MB goal, 0 MB stacks, 0 MB globals, 20 P
gc 3856 @149.907s 0%: 0.017+2.3+0.003 ms clock, 0.35+0/2.4/0.008+0.078 ms cpu, 236->236->125 MB, 243 MB goal, 0 MB stacks, 0 MB globals, 20 P
gc 3857 @149.928s 0%: 0.028+0.54+0.017 ms clock, 0.56+0/1.2/0.002+0.35 ms cpu, 247->247->142 MB, 251 MB goal, 0 MB stacks, 0 MB globals, 20 P
gc 3858 @149.960s 0%: 0.022+3.3+0.003 ms clock, 0.44+0/3.8/0.028+0.068 ms cpu, 273->273->119 MB, 285 MB goal, 0 MB stacks, 0 MB globals, 20 P
gc 3859 @149.981s 0%: 0.033+1.9+0.007 ms clock, 0.66+0/2.9/0.039+0.14 ms cpu, 233->233->122 MB, 238 MB goal, 0 MB stacks, 0 MB globals, 20 P
gc 3860 @150.008s 0%: 0.020+2.1+0.006 ms clock, 0.40+0/2.5/0+0.13 ms cpu, 235->235->111 MB, 245 MB goal, 0 MB stacks, 0 MB globals, 20 P
gc 3861 @150.036s 0%: 0.023+1.0+0.007 ms clock, 0.47+0/1.8/0+0.15 ms cpu, 219->219->114 MB, 223 MB goal, 0 MB stacks, 0 MB globals, 20 P
gc 3862 @150.056s 0%: 0.015+4.6+0.005 ms clock, 0.31+0/4.7/0+0.11 ms cpu, 229->229->119 MB, 230 MB goal, 0 MB stacks, 0 MB globals, 20 P
gc 3863 @150.073s 0%: 0.020+1.5+0.004 ms clock, 0.41+0/2.1/0+0.089 ms cpu, 227->227->122 MB, 238 MB goal, 0 MB stacks, 0 MB globals, 20 P
gc 3864 @150.099s 0%: 0.018+0.58+0.10 ms clock, 0.37+0.063/0.81/0+2.0 ms cpu, 232->237->113 MB, 245 MB goal, 0 MB stacks, 0 MB globals, 20 P
gc 3865 @150.116s 0%: 0.016+0.80+0.005 ms clock, 0.33+0/1.2/0.007+0.11 ms cpu, 218->218->114 MB, 227 MB goal, 0 MB stacks, 0 MB globals, 20 P
gc 3866 @150.132s 0%: 0.028+5.3+0.008 ms clock, 0.56+0/6.5/0.004+0.16 ms cpu, 219->219->120 MB, 228 MB goal, 0 MB stacks, 0 MB globals, 20 P
gc 3867 @150.161s 0%: 0.023+4.7+0.051 ms clock, 0.46+0/5.6/0.070+1.0 ms cpu, 239->239->126 MB, 240 MB goal, 0 MB stacks, 0 MB globals, 20 P
gc 3868 @150.189s 0%: 0.033+0.53+0.006 ms clock, 0.66+0/1.1/0.034+0.13 ms cpu, 240->240->112 MB, 252 MB goal, 0 MB stacks, 0 MB globals, 20 P
gc 3869 @150.212s 0%: 0.021+1.1+0.009 ms clock, 0.42+0/1.6/0+0.19 ms cpu, 218->218->116 MB, 224 MB goal, 0 MB stacks, 0 MB globals, 20 P
gc 3870 @150.231s 0%: 0.029+5.8+0.007 ms clock, 0.59+0/6.7/0.022+0.14 ms cpu, 231->231->120 MB, 233 MB goal, 0 MB stacks, 0 MB globals, 20 P
gc 3871 @150.262s 0%: 0.021+0.48+0.014 ms clock, 0.42+0/0.78/0+0.29 ms cpu, 243->243->138 MB, 243 MB goal, 0 MB stacks, 0 MB globals, 20 P
gc 3872 @150.287s 0%: 0.021+4.3+0.003 ms clock, 0.42+0/4.7/0+0.073 ms cpu, 275->275->120 MB, 276 MB goal, 0 MB stacks, 0 MB globals, 20 P
gc 3873 @150.312s 0%: 0.019+0.64+0.005 ms clock, 0.39+0/0.91/0+0.11 ms cpu, 234->234->111 MB, 242 MB goal, 0 MB stacks, 0 MB globals, 20 P
gc 3874 @150.329s 0%: 0.016+2.7+0.003 ms clock, 0.33+0/3.0/0.13+0.060 ms cpu, 219->219->115 MB, 224 MB goal, 0 MB stacks, 0 MB globals, 20 P
gc 3875 @150.350s 0%: 0.029+1.7+0.006 ms clock, 0.58+0/3.2/0.070+0.13 ms cpu, 230->230->119 MB, 231 MB goal, 0 MB stacks, 0 MB globals, 20 P
gc 3876 @150.374s 0%: 0.030+2.0+0.005 ms clock, 0.61+0/2.7/0+0.10 ms cpu, 228->228->122 MB, 239 MB goal, 0 MB stacks, 0 MB globals, 20 P
gc 3877 @150.412s 0%: 0.035+0.68+0.011 ms clock, 0.71+0.13/1.2/0.018+0.23 ms cpu, 233->234->110 MB, 246 MB goal, 0 MB stacks, 0 MB globals, 20 P
gc 3878 @150.433s 0%: 0.017+1.6+0.007 ms clock, 0.35+0/2.2/0.035+0.15 ms cpu, 218->218->114 MB, 220 MB goal, 0 MB stacks, 0 MB globals, 20 P
gc 3879 @150.455s 0%: 0.025+1.1+0.005 ms clock, 0.50+0/2.3/0+0.10 ms cpu, 225->225->119 MB, 229 MB goal, 0 MB stacks, 0 MB globals, 20 P
gc 3880 @150.476s 0%: 0.028+0.50+0.006 ms clock, 0.56+0/0.86/0.009+0.12 ms cpu, 234->236->110 MB, 238 MB goal, 0 MB stacks, 0 MB globals, 20 P
gc 3881 @150.490s 0%: 0.019+1.2+0.007 ms clock, 0.38+0/1.6/0.001+0.14 ms cpu, 226->226->114 MB, 226 MB goal, 0 MB stacks, 0 MB globals, 20 P
gc 3882 @150.512s 0%: 0.030+0.67+0.008 ms clock, 0.60+0/1.5/0+0.16 ms cpu, 228->228->101 MB, 230 MB goal, 0 MB stacks, 0 MB globals, 20 P
gc 3883 @150.529s 0%: 0.023+0.93+0.005 ms clock, 0.46+0/1.7/0+0.10 ms cpu, 199->199->103 MB, 203 MB goal, 0 MB stacks, 0 MB globals, 20 P
gc 3884 @150.550s 0%: 0.022+0.50+0.010 ms clock, 0.45+0/0.89/0+0.21 ms cpu, 210->210->115 MB, 210 MB goal, 0 MB stacks, 0 MB globals, 20 P
gc 3885 @150.570s 0%: 0.023+1.1+0.021 ms clock, 0.47+0/1.7/0+0.42 ms cpu, 229->229->96 MB, 231 MB goal, 0 MB stacks, 0 MB globals, 20 P
gc 3886 @150.589s 0%: 0.028+1.6+0.031 ms clock, 0.57+0/2.0/0.12+0.63 ms cpu, 192->192->101 MB, 193 MB goal, 0 MB stacks, 0 MB globals, 20 P
gc 3887 @150.625s 0%: 0.017+0.32+0.004 ms clock, 0.35+0/1.0/0.065+0.085 ms cpu, 198->198->91 MB, 202 MB goal, 0 MB stacks, 0 MB globals, 20 P
gc 3888 @150.636s 0%: 0.017+0.62+1.8 ms clock, 0.35+0/1.1/0.059+37 ms cpu, 177->183->100 MB, 182 MB goal, 0 MB stacks, 0 MB globals, 20 P
gc 3889 @150.657s 0%: 0.020+4.4+0.004 ms clock, 0.40+0/5.1/0.018+0.097 ms cpu, 204->204->101 MB, 204 MB goal, 0 MB stacks, 0 MB globals, 20 P
gc 3890 @150.676s 0%: 0.026+0.69+0.077 ms clock, 0.52+0/1.0/0+1.5 ms cpu, 195->198->93 MB, 202 MB goal, 0 MB stacks, 0 MB globals, 20 P
gc 3891 @150.699s 0%: 0.030+5.3+0.006 ms clock, 0.60+0/6.2/0+0.13 ms cpu, 185->185->94 MB, 186 MB goal, 0 MB stacks, 0 MB globals, 20 P
gc 3892 @150.721s 0%: 0.022+4.1+0.003 ms clock, 0.44+0/4.3/0+0.070 ms cpu, 186->186->98 MB, 190 MB goal, 0 MB stacks, 0 MB globals, 20 P
gc 3893 @150.741s 0%: 0.022+6.1+0.089 ms clock, 0.45+0/6.9/0.068+1.7 ms cpu, 200->213->116 MB, 200 MB goal, 0 MB stacks, 0 MB globals, 20 P
gc 3894 @150.774s 0%: 0.019+0.71+0.007 ms clock, 0.38+0/1.4/0.005+0.15 ms cpu, 223->223->98 MB, 234 MB goal, 0 MB stacks, 0 MB globals, 20 P
gc 3895 @150.790s 0%: 0.019+0.74+0.006 ms clock, 0.38+0/1.3/0.058+0.12 ms cpu, 184->184->99 MB, 196 MB goal, 0 MB stacks, 0 MB globals, 20 P
gc 3896 @150.807s 0%: 0.020+0.57+0.005 ms clock, 0.41+0/1.1/0+0.11 ms cpu, 187->187->102 MB, 199 MB goal, 0 MB stacks, 0 MB globals, 20 P
gc 3897 @150.822s 0%: 0.020+0.56+0.005 ms clock, 0.40+0/1.2/0.094+0.10 ms cpu, 193->193->104 MB, 204 MB goal, 0 MB stacks, 0 MB globals, 20 P
gc 3898 @150.840s 0%: 0.033+1.6+0.007 ms clock, 0.66+0/2.6/0.70+0.15 ms cpu, 199->199->109 MB, 209 MB goal, 0 MB stacks, 0 MB globals, 20 P
gc 3899 @150.863s 0%: 0.019+4.2+0.004 ms clock, 0.39+0/4.4/0+0.082 ms cpu, 207->207->115 MB, 219 MB goal, 0 MB stacks, 0 MB globals, 20 P
gc 3900 @150.889s 0%: 0.025+0.57+0.007 ms clock, 0.51+0/1.6/0.065+0.15 ms cpu, 219->219->107 MB, 231 MB goal, 0 MB stacks, 0 MB globals, 20 P
gc 3901 @150.916s 0%: 0.038+1.2+0.013 ms clock, 0.76+0/2.3/0.092+0.27 ms cpu, 205->205->109 MB, 216 MB goal, 0 MB stacks, 0 MB globals, 20 P
gc 3902 @150.936s 0%: 0.018+0.59+0.44 ms clock, 0.36+0/0.83/0.004+8.9 ms cpu, 206->213->116 MB, 218 MB goal, 0 MB stacks, 0 MB globals, 20 P
gc 3903 @150.952s 0%: 0.021+3.4+0.004 ms clock, 0.42+0/3.9/0+0.090 ms cpu, 227->227->115 MB, 232 MB goal, 0 MB stacks, 0 MB globals, 20 P
gc 3904 @150.969s 0%: 0.020+1.1+0.004 ms clock, 0.41+0/1.7/0.018+0.082 ms cpu, 220->220->119 MB, 231 MB goal, 0 MB stacks, 0 MB globals, 20 P
gc 3905 @150.992s 0%: 0.024+6.1+0.004 ms clock, 0.49+0/6.5/0+0.092 ms cpu, 228->228->124 MB, 239 MB goal, 0 MB stacks, 0 MB globals, 20 P
gc 3906 @151.020s 0%: 0.017+0.43+0.003 ms clock, 0.34+0.069/0.61/0+0.072 ms cpu, 236->237->113 MB, 248 MB goal, 0 MB stacks, 0 MB globals, 20 P
gc 3907 @151.035s 0%: 0.022+1.7+0.005 ms clock, 0.44+0/2.2/0+0.10 ms cpu, 215->215->116 MB, 226 MB goal, 0 MB stacks, 0 MB globals, 20 P
gc 3908 @151.059s 0%: 0.018+1.9+0.003 ms clock, 0.37+0/2.4/0+0.064 ms cpu, 225->225->119 MB, 233 MB goal, 0 MB stacks, 0 MB globals, 20 P
gc 3909 @151.077s 0%: 0.021+2.8+0.003 ms clock, 0.42+0/2.9/0+0.073 ms cpu, 230->230->123 MB, 239 MB goal, 0 MB stacks, 0 MB globals, 20 P
gc 3910 @151.095s 0%: 0.020+5.5+0.010 ms clock, 0.41+0/5.7/0+0.21 ms cpu, 243->243->128 MB, 247 MB goal, 0 MB stacks, 0 MB globals, 20 P
gc 3911 @151.120s 0%: 0.031+0.66+0.006 ms clock, 0.62+0/1.0/0+0.13 ms cpu, 245->245->113 MB, 257 MB goal, 0 MB stacks, 0 MB globals, 20 P
gc 3912 @151.138s 0%: 0.027+1.1+0.006 ms clock, 0.55+0/2.0/0.023+0.12 ms cpu, 215->215->116 MB, 226 MB goal, 0 MB stacks, 0 MB globals, 20 P
gc 3913 @151.165s 0%: 0.022+0.59+0.011 ms clock, 0.45+0/0.73/0+0.22 ms cpu, 226->226->132 MB, 234 MB goal, 0 MB stacks, 0 MB globals, 20 P
gc 3914 @151.200s 0%: 0.023+0.76+0.005 ms clock, 0.47+0/1.3/0.032+0.11 ms cpu, 256->256->112 MB, 264 MB goal, 0 MB stacks, 0 MB globals, 20 P
gc 3915 @151.220s 0%: 0.025+2.0+0.003 ms clock, 0.51+0/2.5/0.007+0.063 ms cpu, 212->212->113 MB, 224 MB goal, 0 MB stacks, 0 MB globals, 20 P
gc 3916 @151.237s 0%: 0.024+1.0+0.11 ms clock, 0.49+0/1.7/0+2.2 ms cpu, 216->216->116 MB, 227 MB goal, 0 MB stacks, 0 MB globals, 20 P
gc 3917 @151.268s 0%: 0.041+3.8+0.009 ms clock, 0.82+0/5.0/0.21+0.18 ms cpu, 221->221->119 MB, 233 MB goal, 0 MB stacks, 0 MB globals, 20 P
gc 3918 @151.300s 0%: 0.034+6.9+0.005 ms clock, 0.68+0/7.3/0+0.11 ms cpu, 227->227->124 MB, 239 MB goal, 0 MB stacks, 0 MB globals, 20 P
gc 3919 @151.328s 0%: 0.018+0.60+0.005 ms clock, 0.36+0.065/0.77/0+0.11 ms cpu, 236->239->114 MB, 248 MB goal, 0 MB stacks, 0 MB globals, 20 P
gc 3920 @151.350s 0%: 0.018+1.0+0.004 ms clock, 0.36+0/0.90/0+0.087 ms cpu, 219->224->122 MB, 230 MB goal, 0 MB stacks, 0 MB globals, 20 P
gc 3921 @151.374s 0%: 0.033+4.5+0.007 ms clock, 0.67+0/5.4/0.002+0.15 ms cpu, 239->239->123 MB, 245 MB goal, 0 MB stacks, 0 MB globals, 20 P
gc 3922 @151.420s 0%: 0.027+0.62+0.037 ms clock, 0.54+0.12/1.3/0.003+0.75 ms cpu, 242->243->111 MB, 246 MB goal, 0 MB stacks, 0 MB globals, 20 P
gc 3923 @151.443s 0%: 0.016+0.40+0.003 ms clock, 0.32+0/0.72/0.007+0.060 ms cpu, 219->219->113 MB, 223 MB goal, 0 MB stacks, 0 MB globals, 20 P
gc 3924 @151.457s 0%: 0.019+3.7+0.003 ms clock, 0.38+0/4.3/0.014+0.075 ms cpu, 230->230->119 MB, 230 MB goal, 0 MB stacks, 0 MB globals, 20 P
gc 3925 @151.485s 0%: 0.030+3.7+0.005 ms clock, 0.61+0/4.6/0.21+0.11 ms cpu, 239->239->110 MB, 239 MB goal, 0 MB stacks, 0 MB globals, 20 P
gc 3926 @151.518s 0%: 0.026+1.3+0.005 ms clock, 0.52+0/1.8/0+0.10 ms cpu, 221->221->114 MB, 221 MB goal, 0 MB stacks, 0 MB globals, 20 P
gc 3927 @151.543s 0%: 0.026+4.0+0.004 ms clock, 0.53+0/4.6/0.001+0.085 ms cpu, 235->235->119 MB, 235 MB goal, 0 MB stacks, 0 MB globals, 20 P
gc 3928 @151.571s 0%: 0.017+0.58+0.003 ms clock, 0.35+0.083/0.69/0+0.072 ms cpu, 236->239->111 MB, 239 MB goal, 0 MB stacks, 0 MB globals, 20 P
gc 3929 @151.587s 0%: 0.018+1.5+0.005 ms clock, 0.37+0/1.8/0+0.10 ms cpu, 223->223->114 MB, 223 MB goal, 0 MB stacks, 0 MB globals, 20 P
gc 3930 @151.610s 0%: 0.050+4.4+0.012 ms clock, 1.0+0/5.5/0.070+0.25 ms cpu, 225->225->120 MB, 230 MB goal, 0 MB stacks, 0 MB globals, 20 P
gc 3931 @151.634s 0%: 0.029+7.0+0.004 ms clock, 0.58+0/7.9/0.020+0.089 ms cpu, 241->241->127 MB, 241 MB goal, 0 MB stacks, 0 MB globals, 20 P
gc 3932 @151.663s 0%: 0.017+0.73+0.006 ms clock, 0.35+0.086/0.79/0+0.12 ms cpu, 250->254->120 MB, 255 MB goal, 0 MB stacks, 0 MB globals, 20 P
gc 3933 @151.680s 0%: 0.031+3.3+0.004 ms clock, 0.63+0/3.7/0+0.090 ms cpu, 242->242->123 MB, 242 MB goal, 0 MB stacks, 0 MB globals, 20 P
gc 3934 @151.703s 0%: 0.024+6.3+0.003 ms clock, 0.48+0/6.7/0+0.074 ms cpu, 244->244->129 MB, 247 MB goal, 0 MB stacks, 0 MB globals, 20 P
gc 3935 @151.730s 0%: 0.017+1.2+0.10 ms clock, 0.35+0/1.6/0+2.0 ms cpu, 254->254->116 MB, 258 MB goal, 0 MB stacks, 0 MB globals, 20 P
gc 3936 @151.747s 0%: 0.019+2.0+0.004 ms clock, 0.38+0/2.1/0+0.082 ms cpu, 233->233->122 MB, 233 MB goal, 0 MB stacks, 0 MB globals, 20 P
gc 3937 @151.771s 0%: 0.018+1.0+0.004 ms clock, 0.36+0/1.1/0+0.099 ms cpu, 241->241->113 MB, 245 MB goal, 0 MB stacks, 0 MB globals, 20 P
gc 3938 @151.786s 0%: 0.024+1.1+0.004 ms clock, 0.48+0/1.8/0.004+0.095 ms cpu, 224->224->117 MB, 226 MB goal, 0 MB stacks, 0 MB globals, 20 P
gc 3939 @151.807s 0%: 0.020+6.2+0.006 ms clock, 0.41+0/6.6/0+0.12 ms cpu, 237->237->122 MB, 237 MB goal, 0 MB stacks, 0 MB globals, 20 P
gc 3940 @151.847s 0%: 0.018+0.74+0.003 ms clock, 0.36+0.081/0.82/0.013+0.073 ms cpu, 241->245->113 MB, 245 MB goal, 0 MB stacks, 0 MB globals, 20 P
gc 3941 @151.863s 0%: 0.016+3.0+0.002 ms clock, 0.32+0/3.3/0+0.054 ms cpu, 229->229->115 MB, 229 MB goal, 0 MB stacks, 0 MB globals, 20 P
gc 3942 @151.885s 0%: 0.035+0.52+0.003 ms clock, 0.71+0/1.2/0.041+0.077 ms cpu, 227->228->108 MB, 231 MB goal, 0 MB stacks, 0 MB globals, 20 P
gc 3943 @151.907s 0%: 0.028+6.8+0.002 ms clock, 0.56+0/7.7/0+0.059 ms cpu, 220->220->115 MB, 220 MB goal, 0 MB stacks, 0 MB globals, 20 P
gc 3944 @151.946s 0%: 0.041+10+0.007 ms clock, 0.82+0/11/0.11+0.15 ms cpu, 231->231->120 MB, 231 MB goal, 0 MB stacks, 0 MB globals, 20 P
gc 3945 @151.993s 0%: 0.026+2.1+0.008 ms clock, 0.53+0/3.0/0+0.16 ms cpu, 236->236->107 MB, 240 MB goal, 0 MB stacks, 0 MB globals, 20 P
gc 3946 @152.015s 0%: 0.017+0.62+0.004 ms clock, 0.35+0/0.96/0.003+0.098 ms cpu, 212->212->109 MB, 215 MB goal, 0 MB stacks, 0 MB globals, 20 P
gc 3947 @152.032s 0%: 0.020+0.84+0.003 ms clock, 0.41+0/1.5/0.028+0.074 ms cpu, 216->216->113 MB, 219 MB goal, 0 MB stacks, 0 MB globals, 20 P
gc 3948 @152.047s 0%: 0.018+4.7+0.003 ms clock, 0.37+0/5.0/0.002+0.063 ms cpu, 228->228->119 MB, 228 MB goal, 0 MB stacks, 0 MB globals, 20 P
gc 3949 @152.070s 0%: 0.020+0.62+0.006 ms clock, 0.40+0/0.93/0+0.13 ms cpu, 242->242->138 MB, 242 MB goal, 0 MB stacks, 0 MB globals, 20 P
gc 3950 @152.102s 0%: 0.029+5.5+0.004 ms clock, 0.59+0/6.0/0+0.086 ms cpu, 281->281->122 MB, 281 MB goal, 0 MB stacks, 0 MB globals, 20 P
gc 3951 @152.127s 0%: 0.022+2.6+0.019 ms clock, 0.45+0/3.2/0+0.39 ms cpu, 242->255->141 MB, 244 MB goal, 0 MB stacks, 0 MB globals, 20 P
gc 3952 @152.150s 0%: 0.019+2.1+0.002 ms clock, 0.38+0/2.6/0+0.056 ms cpu, 279->279->122 MB, 284 MB goal, 0 MB stacks, 0 MB globals, 20 P
gc 3953 @152.176s 0%: 0.018+0.59+0.005 ms clock, 0.36+0.13/0.74/0+0.11 ms cpu, 234->236->111 MB, 246 MB goal, 0 MB stacks, 0 MB globals, 20 P
gc 3954 @152.198s 0%: 0.021+0.80+0.004 ms clock, 0.42+0/1.5/0.057+0.088 ms cpu, 215->215->113 MB, 222 MB goal, 0 MB stacks, 0 MB globals, 20 P
gc 3955 @152.211s 0%: 0.023+0.99+0.003 ms clock, 0.47+0/1.2/0+0.079 ms cpu, 216->216->116 MB, 227 MB goal, 0 MB stacks, 0 MB globals, 20 P
gc 3956 @152.229s 0%: 0.021+5.4+0.004 ms clock, 0.43+0/5.6/0+0.087 ms cpu, 221->221->118 MB, 232 MB goal, 0 MB stacks, 0 MB globals, 20 P
gc 3957 @152.250s 0%: 0.019+3.8+0.004 ms clock, 0.39+0/4.2/0+0.081 ms cpu, 226->226->121 MB, 236 MB goal, 0 MB stacks, 0 MB globals, 20 P
gc 3958 @152.277s 0%: 0.017+0.40+0.022 ms clock, 0.34+0.029/0.70/0+0.45 ms cpu, 230->234->112 MB, 243 MB goal, 0 MB stacks, 0 MB globals, 20 P
gc 3959 @152.292s 0%: 0.016+1.4+0.004 ms clock, 0.33+0/1.6/0+0.089 ms cpu, 215->215->113 MB, 226 MB goal, 0 MB stacks, 0 MB globals, 20 P
gc 3960 @152.309s 0%: 0.023+3.9+0.005 ms clock, 0.46+0/4.7/0.085+0.11 ms cpu, 221->221->117 MB, 227 MB goal, 0 MB stacks, 0 MB globals, 20 P
gc 3961 @152.326s 0%: 0.019+3.5+0.004 ms clock, 0.38+0/3.6/0+0.092 ms cpu, 223->223->123 MB, 235 MB goal, 0 MB stacks, 0 MB globals, 20 P
gc 3962 @152.352s 0%: 0.018+0.67+0.003 ms clock, 0.37+0.047/0.76/0+0.063 ms cpu, 235->237->111 MB, 247 MB goal, 0 MB stacks, 0 MB globals, 20 P
gc 3963 @152.375s 0%: 0.025+0.96+0.017 ms clock, 0.51+0/1.8/0.032+0.34 ms cpu, 216->216->114 MB, 223 MB goal, 0 MB stacks, 0 MB globals, 20 P
gc 3964 @152.394s 0%: 0.021+1.1+0.004 ms clock, 0.42+0/1.2/0.001+0.081 ms cpu, 217->217->116 MB, 228 MB goal, 0 MB stacks, 0 MB globals, 20 P
gc 3965 @152.408s 0%: 0.019+1.8+0.005 ms clock, 0.38+0/1.9/0+0.11 ms cpu, 221->221->118 MB, 233 MB goal, 0 MB stacks, 0 MB globals, 20 P
gc 3966 @152.423s 0%: 0.021+4.3+0.004 ms clock, 0.42+0/4.5/0+0.096 ms cpu, 227->227->121 MB, 237 MB goal, 0 MB stacks, 0 MB globals, 20 P
gc 3967 @152.456s 0%: 0.017+0.50+0.081 ms clock, 0.35+0.042/0.57/0.095+1.6 ms cpu, 232->235->112 MB, 244 MB goal, 0 MB stacks, 0 MB globals, 20 P
gc 3968 @152.471s 0%: 0.018+2.2+0.021 ms clock, 0.37+0/2.4/0+0.42 ms cpu, 223->223->115 MB, 224 MB goal, 0 MB stacks, 0 MB globals, 20 P
gc 3969 @152.493s 0%: 0.022+1.1+0.005 ms clock, 0.45+0/1.5/0.001+0.11 ms cpu, 232->232->122 MB, 232 MB goal, 0 MB stacks, 0 MB globals, 20 P
gc 3970 @152.511s 0%: 0.021+4.3+0.003 ms clock, 0.42+0/4.7/0.034+0.079 ms cpu, 243->243->129 MB, 244 MB goal, 0 MB stacks, 0 MB globals, 20 P
gc 3971 @152.539s 0%: 0.017+0.55+0.004 ms clock, 0.35+0/0.96/0+0.099 ms cpu, 255->255->116 MB, 258 MB goal, 0 MB stacks, 0 MB globals, 20 P
gc 3972 @152.553s 0%: 0.020+3.7+0.005 ms clock, 0.41+0/4.1/0+0.10 ms cpu, 238->238->122 MB, 238 MB goal, 0 MB stacks, 0 MB globals, 20 P
gc 3973 @152.584s 0%: 0.036+0.48+0.005 ms clock, 0.73+0.12/0.87/0+0.11 ms cpu, 240->241->110 MB, 244 MB goal, 0 MB stacks, 0 MB globals, 20 P
gc 3974 @152.603s 0%: 0.019+0.82+0.003 ms clock, 0.38+0/1.0/0+0.068 ms cpu, 222->222->115 MB, 222 MB goal, 0 MB stacks, 0 MB globals, 20 P
gc 3975 @152.625s 0%: 0.032+1.6+0.11 ms clock, 0.65+0/2.6/0.29+2.2 ms cpu, 230->230->119 MB, 231 MB goal, 0 MB stacks, 0 MB globals, 20 P
gc 3976 @152.648s 0%: 0.021+0.45+0.013 ms clock, 0.42+0/0.91/0.006+0.27 ms cpu, 242->242->137 MB, 242 MB goal, 0 MB stacks, 0 MB globals, 20 P
gc 3977 @152.670s 0%: 0.022+3.3+0.003 ms clock, 0.45+0/3.7/0+0.065 ms cpu, 279->279->118 MB, 279 MB goal, 0 MB stacks, 0 MB globals, 20 P
gc 3978 @152.693s 0%: 0.024+0.60+0.014 ms clock, 0.49+0/1.4/0+0.29 ms cpu, 236->236->137 MB, 236 MB goal, 0 MB stacks, 0 MB globals, 20 P
gc 3979 @152.727s 0%: 0.021+2.5+0.005 ms clock, 0.42+0/2.8/0+0.10 ms cpu, 279->279->120 MB, 279 MB goal, 0 MB stacks, 0 MB globals, 20 P
gc 3980 @152.764s 0%: 0.034+4.9+0.030 ms clock, 0.68+0/5.5/0.11+0.60 ms cpu, 241->255->139 MB, 241 MB goal, 0 MB stacks, 0 MB globals, 20 P
gc 3981 @152.798s 0%: 0.024+1.8+0.006 ms clock, 0.49+0/1.9/0+0.12 ms cpu, 272->272->118 MB, 279 MB goal, 0 MB stacks, 0 MB globals, 20 P
gc 3982 @152.816s 0%: 0.024+3.5+0.003 ms clock, 0.48+0/4.0/0+0.079 ms cpu, 233->233->122 MB, 236 MB goal, 0 MB stacks, 0 MB globals, 20 P
gc 3983 @152.840s 0%: 0.031+0.74+0.006 ms clock, 0.62+0/1.0/0.011+0.12 ms cpu, 231->234->113 MB, 245 MB goal, 0 MB stacks, 0 MB globals, 20 P
gc 3984 @152.858s 0%: 0.030+3.2+0.009 ms clock, 0.60+0/4.2/0+0.18 ms cpu, 221->221->117 MB, 228 MB goal, 0 MB stacks, 0 MB globals, 20 P
gc 3985 @152.884s 0%: 0.023+6.0+0.003 ms clock, 0.47+0/6.3/0+0.078 ms cpu, 230->230->123 MB, 234 MB goal, 0 MB stacks, 0 MB globals, 20 P
gc 3986 @152.912s 0%: 0.026+0.48+0.20 ms clock, 0.53+0.049/1.0/0+4.0 ms cpu, 232->234->109 MB, 246 MB goal, 0 MB stacks, 0 MB globals, 20 P
gc 3987 @152.927s 0%: 0.028+0.90+0.003 ms clock, 0.57+0/0.80/0+0.073 ms cpu, 205->207->111 MB, 218 MB goal, 0 MB stacks, 0 MB globals, 20 P
gc 3988 @152.943s 0%: 0.020+0.63+0.003 ms clock, 0.41+0/0.66/0+0.079 ms cpu, 210->214->115 MB, 223 MB goal, 0 MB stacks, 0 MB globals, 20 P
gc 3989 @152.958s 0%: 0.018+1.8+0.004 ms clock, 0.37+0/2.1/0+0.084 ms cpu, 219->219->114 MB, 230 MB goal, 0 MB stacks, 0 MB globals, 20 P
gc 3990 @152.978s 0%: 0.021+3.4+0.010 ms clock, 0.42+0/3.8/0+0.20 ms cpu, 225->225->120 MB, 230 MB goal, 0 MB stacks, 0 MB globals, 20 P
gc 3991 @153.001s 0%: 0.021+5.7+0.004 ms clock, 0.42+0/6.1/0+0.091 ms cpu, 241->241->127 MB, 241 MB goal, 0 MB stacks, 0 MB globals, 20 P
gc 3992 @153.034s 0%: 0.023+1.0+0.005 ms clock, 0.47+0/1.3/0+0.11 ms cpu, 242->247->117 MB, 255 MB goal, 0 MB stacks, 0 MB globals, 20 P
gc 3993 @153.068s 0%: 0.027+3.9+0.006 ms clock, 0.54+0/4.3/0+0.13 ms cpu, 237->237->121 MB, 237 MB goal, 0 MB stacks, 0 MB globals, 20 P
gc 3994 @153.095s 0%: 0.032+8.5+0.005 ms clock, 0.64+0/9.6/0.009+0.10 ms cpu, 251->251->128 MB, 251 MB goal, 0 MB stacks, 0 MB globals, 20 P
gc 3995 @153.138s 0%: 0.022+0.89+0.004 ms clock, 0.44+0/1.4/0+0.080 ms cpu, 256->256->118 MB, 256 MB goal, 0 MB stacks, 0 MB globals, 20 P
gc 3996 @153.152s 0%: 0.019+3.0+0.004 ms clock, 0.38+0/3.5/0.007+0.098 ms cpu, 232->232->121 MB, 236 MB goal, 0 MB stacks, 0 MB globals, 20 P
gc 3997 @153.174s 0%: 0.020+0.74+0.004 ms clock, 0.40+0/1.0/0+0.081 ms cpu, 240->240->111 MB, 243 MB goal, 0 MB stacks, 0 MB globals, 20 P
gc 3998 @153.189s 0%: 0.016+1.0+0.002 ms clock, 0.33+0/1.1/0+0.059 ms cpu, 222->222->115 MB, 223 MB goal, 0 MB stacks, 0 MB globals, 20 P
gc 3999 @153.204s 0%: 0.017+4.4+0.002 ms clock, 0.35+0/4.6/0+0.058 ms cpu, 236->236->121 MB, 236 MB goal, 0 MB stacks, 0 MB globals, 20 P
gc 4000 @153.226s 0%: 0.016+0.55+0.003 ms clock, 0.33+0.084/0.62/0+0.073 ms cpu, 238->240->111 MB, 242 MB goal, 0 MB stacks, 0 MB globals, 20 P
gc 4001 @153.241s 0%: 0.018+2.1+0.003 ms clock, 0.36+0/2.5/0.008+0.069 ms cpu, 223->223->115 MB, 223 MB goal, 0 MB stacks, 0 MB globals, 20 P
gc 4002 @153.260s 0%: 0.018+3.3+0.003 ms clock, 0.37+0/3.9/0.018+0.070 ms cpu, 238->238->122 MB, 238 MB goal, 0 MB stacks, 0 MB globals, 20 P
gc 4003 @153.293s 0%: 0.028+0.51+0.013 ms clock, 0.57+0/1.1/0.002+0.26 ms cpu, 244->244->140 MB, 245 MB goal, 0 MB stacks, 0 MB globals, 20 P
gc 4004 @153.325s 0%: 0.017+4.3+0.003 ms clock, 0.34+0/4.8/0+0.076 ms cpu, 279->279->123 MB, 282 MB goal, 0 MB stacks, 0 MB globals, 20 P
gc 4005 @153.353s 0%: 0.024+0.50+0.005 ms clock, 0.49+0/1.0/0+0.10 ms cpu, 243->243->111 MB, 247 MB goal, 0 MB stacks, 0 MB globals, 20 P
gc 4006 @153.378s 0%: 0.024+4.7+0.003 ms clock, 0.48+0/5.1/0+0.070 ms cpu, 220->220->116 MB, 223 MB goal, 0 MB stacks, 0 MB globals, 20 P
gc 4007 @153.398s 0%: 0.020+5.6+0.005 ms clock, 0.40+0/5.9/0+0.10 ms cpu, 237->237->122 MB, 237 MB goal, 0 MB stacks, 0 MB globals, 20 P
gc 4008 @153.425s 0%: 0.018+0.46+0.006 ms clock, 0.37+0.081/1.0/0+0.12 ms cpu, 241->241->109 MB, 245 MB goal, 0 MB stacks, 0 MB globals, 20 P
gc 4009 @153.445s 0%: 0.021+0.68+0.007 ms clock, 0.43+0/1.5/0.032+0.15 ms cpu, 214->214->112 MB, 218 MB goal, 0 MB stacks, 0 MB globals, 20 P
gc 4010 @153.476s 0%: 0.024+5.3+0.004 ms clock, 0.49+0/6.2/0.023+0.088 ms cpu, 229->229->119 MB, 229 MB goal, 0 MB stacks, 0 MB globals, 20 P
gc 4011 @153.497s 0%: 0.021+2.9+0.004 ms clock, 0.43+0/3.3/0+0.098 ms cpu, 239->239->126 MB, 240 MB goal, 0 MB stacks, 0 MB globals, 20 P
gc 4012 @153.529s 0%: 0.019+0.45+0.007 ms clock, 0.38+0/0.85/0.001+0.14 ms cpu, 248->248->116 MB, 252 MB goal, 0 MB stacks, 0 MB globals, 20 P
gc 4013 @153.548s 0%: 0.021+0.81+0.004 ms clock, 0.42+0/1.3/0.006+0.086 ms cpu, 233->233->121 MB, 233 MB goal, 0 MB stacks, 0 MB globals, 20 P
gc 4014 @153.565s 0%: 0.019+3.0+0.004 ms clock, 0.38+0/3.2/0+0.080 ms cpu, 252->252->129 MB, 252 MB goal, 0 MB stacks, 0 MB globals, 20 P
gc 4015 @153.596s 0%: 0.020+0.51+0.007 ms clock, 0.41+0/1.0/0+0.14 ms cpu, 255->255->116 MB, 258 MB goal, 0 MB stacks, 0 MB globals, 20 P
gc 4016 @153.622s 0%: 0.032+4.0+0.007 ms clock, 0.65+0/4.9/0.017+0.14 ms cpu, 234->234->123 MB, 234 MB goal, 0 MB stacks, 0 MB globals, 20 P
gc 4017 @153.656s 0%: 0.018+0.52+0.006 ms clock, 0.37+0.031/0.77/0.002+0.13 ms cpu, 245->245->113 MB, 247 MB goal, 0 MB stacks, 0 MB globals, 20 P
gc 4018 @153.672s 0%: 0.019+2.6+0.005 ms clock, 0.39+0/3.0/0.001+0.11 ms cpu, 229->229->117 MB, 229 MB goal, 0 MB stacks, 0 MB globals, 20 P
gc 4019 @153.688s 0%: 0.020+1.2+0.005 ms clock, 0.40+0/1.4/0+0.10 ms cpu, 233->233->122 MB, 236 MB goal, 0 MB stacks, 0 MB globals, 20 P
gc 4020 @153.709s 0%: 0.021+0.66+0.016 ms clock, 0.42+0/0.81/0+0.32 ms cpu, 244->244->139 MB, 245 MB goal, 0 MB stacks, 0 MB globals, 20 P
gc 4021 @153.740s 0%: 0.031+7.5+0.010 ms clock, 0.62+0/8.5/0+0.20 ms cpu, 282->282->120 MB, 282 MB goal, 0 MB stacks, 0 MB globals, 20 P
gc 4022 @153.781s 0%: 0.026+1.7+0.005 ms clock, 0.52+0/2.5/0.061+0.10 ms cpu, 241->241->127 MB, 241 MB goal, 0 MB stacks, 0 MB globals, 20 P
gc 4023 @153.814s 0%: 0.023+0.67+0.006 ms clock, 0.46+0.10/1.0/0.018+0.13 ms cpu, 253->253->116 MB, 256 MB goal, 0 MB stacks, 0 MB globals, 20 P
gc 4024 @153.841s 0%: 0.031+2.1+0.006 ms clock, 0.63+0/2.8/0+0.13 ms cpu, 233->233->122 MB, 233 MB goal, 0 MB stacks, 0 MB globals, 20 P
gc 4025 @153.878s 0%: 0.024+1.4+0.005 ms clock, 0.49+0/1.8/0+0.10 ms cpu, 244->244->111 MB, 246 MB goal, 0 MB stacks, 0 MB globals, 20 P
gc 4026 @153.893s 0%: 0.018+2.0+0.009 ms clock, 0.37+0/3.0/0+0.19 ms cpu, 221->221->117 MB, 224 MB goal, 0 MB stacks, 0 MB globals, 20 P
gc 4027 @153.914s 0%: 0.020+4.7+0.003 ms clock, 0.41+0/5.1/0+0.073 ms cpu, 236->236->121 MB, 236 MB goal, 0 MB stacks, 0 MB globals, 20 P
gc 4028 @153.939s 0%: 0.023+0.71+0.007 ms clock, 0.47+0/1.4/0.001+0.15 ms cpu, 242->242->111 MB, 243 MB goal, 0 MB stacks, 0 MB globals, 20 P
gc 4029 @153.962s 0%: 0.028+3.1+0.007 ms clock, 0.56+0/4.1/0.13+0.14 ms cpu, 220->220->114 MB, 222 MB goal, 0 MB stacks, 0 MB globals, 20 P
gc 4030 @153.983s 0%: 0.028+0.61+0.012 ms clock, 0.57+0/1.0/0.086+0.24 ms cpu, 231->231->130 MB, 231 MB goal, 0 MB stacks, 0 MB globals, 20 P
gc 4031 @154.003s 0%: 0.016+3.2+0.002 ms clock, 0.32+0/3.4/0+0.059 ms cpu, 262->262->112 MB, 262 MB goal, 0 MB stacks, 0 MB globals, 20 P
gc 4032 @154.026s 0%: 0.020+1.3+0.006 ms clock, 0.40+0/1.7/0+0.12 ms cpu, 225->225->119 MB, 225 MB goal, 0 MB stacks, 0 MB globals, 20 P
gc 4033 @154.060s 0%: 0.019+0.62+0.021 ms clock, 0.39+0.055/1.0/0+0.42 ms cpu, 236->236->105 MB, 239 MB goal, 0 MB stacks, 0 MB globals, 20 P
gc 4034 @154.087s 0%: 0.031+3.8+0.007 ms clock, 0.63+0/4.7/0+0.15 ms cpu, 210->210->109 MB, 211 MB goal, 0 MB stacks, 0 MB globals, 20 P
gc 4035 @154.114s 0%: 0.030+4.8+0.006 ms clock, 0.61+0/5.5/0+0.13 ms cpu, 222->222->117 MB, 222 MB goal, 0 MB stacks, 0 MB globals, 20 P
gc 4036 @154.151s 0%: 0.028+0.95+0.006 ms clock, 0.57+0.11/1.3/0.003+0.13 ms cpu, 230->233->107 MB, 234 MB goal, 0 MB stacks, 0 MB globals, 20 P
gc 4037 @154.176s 0%: 0.027+2.1+0.004 ms clock, 0.54+0/2.9/0+0.097 ms cpu, 219->219->112 MB, 220 MB goal, 0 MB stacks, 0 MB globals, 20 P
gc 4038 @154.200s 0%: 0.023+5.5+0.003 ms clock, 0.47+0/5.9/0.018+0.078 ms cpu, 232->232->118 MB, 232 MB goal, 0 MB stacks, 0 MB globals, 20 P
gc 4039 @154.234s 0%: 0.030+1.6+0.006 ms clock, 0.61+0/2.6/0.016+0.12 ms cpu, 239->239->110 MB, 239 MB goal, 0 MB stacks, 0 MB globals, 20 P
gc 4040 @154.256s 0%: 0.019+3.9+0.003 ms clock, 0.39+0/4.3/0+0.072 ms cpu, 219->219->112 MB, 221 MB goal, 0 MB stacks, 0 MB globals, 20 P
gc 4041 @154.287s 0%: 0.025+0.65+0.022 ms clock, 0.51+0/1.0/0.005+0.44 ms cpu, 228->228->130 MB, 228 MB goal, 0 MB stacks, 0 MB globals, 20 P
gc 4042 @154.316s 0%: 0.020+4.2+0.005 ms clock, 0.41+0/4.6/0+0.10 ms cpu, 263->263->112 MB, 263 MB goal, 0 MB stacks, 0 MB globals, 20 P
gc 4043 @154.341s 0%: 0.033+2.5+0.008 ms clock, 0.66+0/3.2/0.002+0.16 ms cpu, 225->225->119 MB, 225 MB goal, 0 MB stacks, 0 MB globals, 20 P
gc 4044 @154.372s 0%: 0.018+0.46+0.004 ms clock, 0.36+0.055/0.70/0+0.084 ms cpu, 236->236->105 MB, 239 MB goal, 0 MB stacks, 0 MB globals, 20 P
gc 4045 @154.390s 0%: 0.018+0.87+0.004 ms clock, 0.37+0/1.2/0.20+0.090 ms cpu, 207->207->110 MB, 211 MB goal, 0 MB stacks, 0 MB globals, 20 P
gc 4046 @154.412s 0%: 0.023+5.1+0.004 ms clock, 0.47+0/5.5/0.002+0.089 ms cpu, 224->224->115 MB, 224 MB goal, 0 MB stacks, 0 MB globals, 20 P
gc 4047 @154.445s 0%: 0.035+0.69+0.50 ms clock, 0.71+0/1.5/0+10 ms cpu, 229->231->108 MB, 231 MB goal, 0 MB stacks, 0 MB globals, 20 P
gc 4048 @154.472s 0%: 0.019+2.7+0.005 ms clock, 0.38+0/3.4/0.030+0.10 ms cpu, 215->215->109 MB, 217 MB goal, 0 MB stacks, 0 MB globals, 20 P
gc 4049 @154.494s 0%: 0.022+0.80+0.004 ms clock, 0.45+0/1.3/0+0.086 ms cpu, 214->214->112 MB, 218 MB goal, 0 MB stacks, 0 MB globals, 20 P
gc 4050 @154.521s 0%: 0.032+5.4+0.007 ms clock, 0.65+0/6.4/0+0.14 ms cpu, 226->226->116 MB, 226 MB goal, 0 MB stacks, 0 MB globals, 20 P
gc 4051 @154.547s 0%: 0.018+0.59+0.005 ms clock, 0.36+0.11/0.65/0+0.10 ms cpu, 230->233->108 MB, 233 MB goal, 0 MB stacks, 0 MB globals, 20 P
gc 4052 @154.566s 0%: 0.020+0.82+0.005 ms clock, 0.40+0/1.0/0+0.10 ms cpu, 220->220->112 MB, 220 MB goal, 0 MB stacks, 0 MB globals, 20 P
gc 4053 @154.584s 0%: 0.023+5.6+0.004 ms clock, 0.47+0/5.8/0+0.089 ms cpu, 234->234->119 MB, 234 MB goal, 0 MB stacks, 0 MB globals, 20 P
gc 4054 @154.611s 0%: 0.021+0.77+0.004 ms clock, 0.42+0/0.95/0+0.089 ms cpu, 239->239->109 MB, 240 MB goal, 0 MB stacks, 0 MB globals, 20 P
gc 4055 @154.640s 0%: 0.020+1.2+0.003 ms clock, 0.41+0/1.6/0+0.066 ms cpu, 231->231->118 MB, 231 MB goal, 0 MB stacks, 0 MB globals, 20 P
gc 4056 @154.664s 0%: 0.016+0.45+0.005 ms clock, 0.33+0.10/0.79/0+0.11 ms cpu, 235->235->107 MB, 237 MB goal, 0 MB stacks, 0 MB globals, 20 P
gc 4057 @154.687s 0%: 0.029+0.70+0.007 ms clock, 0.59+0/1.4/0.045+0.14 ms cpu, 215->215->112 MB, 216 MB goal, 0 MB stacks, 0 MB globals, 20 P
gc 4058 @154.713s 0%: 0.035+3.5+0.005 ms clock, 0.71+0/3.9/0+0.11 ms cpu, 229->229->118 MB, 229 MB goal, 0 MB stacks, 0 MB globals, 20 P
gc 4059 @154.739s 0%: 0.025+8.3+0.004 ms clock, 0.51+0/9.0/0+0.092 ms cpu, 239->239->125 MB, 239 MB goal, 0 MB stacks, 0 MB globals, 20 P
gc 4060 @154.771s 0%: 0.018+0.54+0.003 ms clock, 0.37+0/0.71/0+0.073 ms cpu, 248->248->116 MB, 251 MB goal, 0 MB stacks, 0 MB globals, 20 P
gc 4061 @154.785s 0%: 0.016+3.1+0.003 ms clock, 0.32+0/3.5/0+0.071 ms cpu, 232->232->120 MB, 233 MB goal, 0 MB stacks, 0 MB globals, 20 P
gc 4062 @154.805s 0%: 0.020+0.33+0.008 ms clock, 0.40+0/0.74/0+0.17 ms cpu, 247->247->139 MB, 247 MB goal, 0 MB stacks, 0 MB globals, 20 P
gc 4063 @154.833s 0%: 0.030+6.5+0.005 ms clock, 0.61+0/7.4/0.015+0.10 ms cpu, 282->282->120 MB, 282 MB goal, 0 MB stacks, 0 MB globals, 20 P
gc 4064 @154.871s 0%: 0.027+0.40+0.006 ms clock, 0.55+0.035/0.80/0.010+0.12 ms cpu, 236->237->107 MB, 240 MB goal, 0 MB stacks, 0 MB globals, 20 P
gc 4065 @154.887s 0%: 0.020+0.76+0.071 ms clock, 0.40+0/1.2/0+1.4 ms cpu, 213->213->111 MB, 215 MB goal, 0 MB stacks, 0 MB globals, 20 P
gc 4066 @154.903s 0%: 0.024+7.0+0.004 ms clock, 0.48+0/7.3/0+0.083 ms cpu, 233->233->119 MB, 233 MB goal, 0 MB stacks, 0 MB globals, 20 P
gc 4067 @154.936s 0%: 0.018+0.85+0.006 ms clock, 0.37+0/1.2/0+0.12 ms cpu, 239->239->109 MB, 239 MB goal, 0 MB stacks, 0 MB globals, 20 P
gc 4068 @154.954s 0%: 0.017+3.7+0.003 ms clock, 0.35+0/4.4/0.054+0.071 ms cpu, 218->218->113 MB, 219 MB goal, 0 MB stacks, 0 MB globals, 20 P
gc 4069 @154.972s 0%: 0.019+1.3+0.003 ms clock, 0.38+0/1.8/0+0.064 ms cpu, 232->232->117 MB, 232 MB goal, 0 MB stacks, 0 MB globals, 20 P
gc 4070 @154.995s 0%: 0.018+0.63+0.006 ms clock, 0.36+0.13/0.67/0+0.13 ms cpu, 231->233->106 MB, 234 MB goal, 0 MB stacks, 0 MB globals, 20 P
gc 4071 @155.012s 0%: 0.019+0.50+0.003 ms clock, 0.39+0/0.93/0+0.073 ms cpu, 211->211->108 MB, 213 MB goal, 0 MB stacks, 0 MB globals, 20 P
gc 4072 @155.028s 0%: 0.017+0.82+0.003 ms clock, 0.35+0/1.3/0+0.078 ms cpu, 214->214->111 MB, 217 MB goal, 0 MB stacks, 0 MB globals, 20 P
gc 4073 @155.044s 0%: 0.018+4.6+0.003 ms clock, 0.36+0/5.1/0.007+0.070 ms cpu, 225->225->116 MB, 225 MB goal, 0 MB stacks, 0 MB globals, 20 P
gc 4074 @155.073s 0%: 0.019+0.68+0.016 ms clock, 0.38+0/0.92/0+0.32 ms cpu, 229->232->108 MB, 232 MB goal, 0 MB stacks, 0 MB globals, 20 P
gc 4075 @155.091s 0%: 0.018+0.96+0.005 ms clock, 0.37+0/1.2/0+0.10 ms cpu, 220->220->113 MB, 220 MB goal, 0 MB stacks, 0 MB globals, 20 P
gc 4076 @155.113s 0%: 0.019+0.58+0.007 ms clock, 0.39+0/0.95/0+0.15 ms cpu, 229->229->127 MB, 229 MB goal, 0 MB stacks, 0 MB globals, 20 P
gc 4077 @155.143s 0%: 0.045+9.3+0.006 ms clock, 0.90+0/10/0.11+0.12 ms cpu, 253->253->111 MB, 256 MB goal, 0 MB stacks, 0 MB globals, 20 P
gc 4078 @155.192s 0%: 0.023+0.51+0.006 ms clock, 0.46+0/0.86/0.015+0.12 ms cpu, 229->229->130 MB, 229 MB goal, 0 MB stacks, 0 MB globals, 20 P
gc 4079 @155.214s 0%: 0.019+2.1+0.004 ms clock, 0.38+0/2.3/0+0.094 ms cpu, 263->263->112 MB, 263 MB goal, 0 MB stacks, 0 MB globals, 20 P
gc 4080 @155.231s 0%: 0.020+1.1+0.003 ms clock, 0.40+0/1.5/0+0.071 ms cpu, 227->227->118 MB, 227 MB goal, 0 MB stacks, 0 MB globals, 20 P
gc 4081 @155.256s 0%: 0.020+0.47+0.010 ms clock, 0.40+0/0.73/0+0.20 ms cpu, 240->240->136 MB, 240 MB goal, 0 MB stacks, 0 MB globals, 20 P
gc 4082 @155.286s 0%: 0.019+2.8+0.005 ms clock, 0.39+0/2.9/0.001+0.11 ms cpu, 279->279->120 MB, 279 MB goal, 0 MB stacks, 0 MB globals, 20 P
gc 4083 @155.309s 0%: 0.020+3.4+0.003 ms clock, 0.41+0/3.9/0.001+0.077 ms cpu, 241->241->127 MB, 241 MB goal, 0 MB stacks, 0 MB globals, 20 P
gc 4084 @155.332s 0%: 0.017+0.54+0.007 ms clock, 0.35+0/0.78/0+0.15 ms cpu, 254->254->117 MB, 255 MB goal, 0 MB stacks, 0 MB globals, 20 P
gc 4085 @155.350s 0%: 0.019+2.2+0.004 ms clock, 0.39+0/2.5/0+0.087 ms cpu, 239->239->123 MB, 239 MB goal, 0 MB stacks, 0 MB globals, 20 P
gc 4086 @155.370s 0%: 0.025+1.2+0.018 ms clock, 0.50+0/1.7/0.058+0.36 ms cpu, 243->245->130 MB, 247 MB goal, 0 MB stacks, 0 MB globals, 20 P
gc 4087 @155.397s 0%: 0.032+1.0+0.005 ms clock, 0.65+0/1.4/0+0.11 ms cpu, 257->257->115 MB, 260 MB goal, 0 MB stacks, 0 MB globals, 20 P
gc 4088 @155.412s 0%: 0.026+3.7+0.003 ms clock, 0.52+0/3.8/0+0.072 ms cpu, 232->232->119 MB, 232 MB goal, 0 MB stacks, 0 MB globals, 20 P
gc 4089 @155.437s 0%: 0.031+1.4+0.005 ms clock, 0.63+0/1.9/0.069+0.11 ms cpu, 240->240->123 MB, 240 MB goal, 0 MB stacks, 0 MB globals, 20 P
gc 4090 @155.452s 0%: 0.018+3.0+0.077 ms clock, 0.37+0/3.2/0+1.5 ms cpu, 250->262->143 MB, 250 MB goal, 0 MB stacks, 0 MB globals, 20 P
gc 4091 @155.482s 0%: 0.018+1.2+0.005 ms clock, 0.36+0/1.4/0+0.11 ms cpu, 281->281->124 MB, 287 MB goal, 0 MB stacks, 0 MB globals, 20 P
gc 4092 @155.509s 0%: 0.035+0.99+0.007 ms clock, 0.70+0/0.93/0.014+0.14 ms cpu, 238->241->115 MB, 249 MB goal, 0 MB stacks, 0 MB globals, 20 P
gc 4093 @155.526s 0%: 0.024+2.3+0.004 ms clock, 0.48+0/2.5/0+0.084 ms cpu, 228->228->121 MB, 231 MB goal, 0 MB stacks, 0 MB globals, 20 P
gc 4094 @155.562s 0%: 0.025+0.54+0.019 ms clock, 0.51+0/1.0/0.063+0.38 ms cpu, 238->238->139 MB, 242 MB goal, 0 MB stacks, 0 MB globals, 20 P
gc 4095 @155.586s 0%: 0.022+1.7+0.006 ms clock, 0.44+0/2.2/0.033+0.12 ms cpu, 272->272->112 MB, 279 MB goal, 0 MB stacks, 0 MB globals, 20 P
gc 4096 @155.603s 0%: 0.016+0.84+0.005 ms clock, 0.33+0/1.4/0+0.10 ms cpu, 214->214->115 MB, 224 MB goal, 0 MB stacks, 0 MB globals, 20 P
gc 4097 @155.618s 0%: 0.025+3.3+0.007 ms clock, 0.50+0/4.2/0.12+0.14 ms cpu, 220->220->119 MB, 231 MB goal, 0 MB stacks, 0 MB globals, 20 P
gc 4098 @155.638s 0%: 0.029+7.3+0.005 ms clock, 0.59+0/7.8/0.11+0.10 ms cpu, 228->228->124 MB, 239 MB goal, 0 MB stacks, 0 MB globals, 20 P
gc 4099 @155.664s 0%: 0.032+0.47+0.005 ms clock, 0.64+0/0.89/0.001+0.11 ms cpu, 237->239->114 MB, 248 MB goal, 0 MB stacks, 0 MB globals, 20 P
gc 4100 @155.679s 0%: 0.017+0.43+0.010 ms clock, 0.34+0/0.92/0+0.20 ms cpu, 219->219->117 MB, 230 MB goal, 0 MB stacks, 0 MB globals, 20 P
gc 4101 @155.698s 0%: 0.030+1.1+0.24 ms clock, 0.61+0/2.2/0.31+4.8 ms cpu, 230->230->121 MB, 235 MB goal, 0 MB stacks, 0 MB globals, 20 P
gc 4102 @155.719s 0%: 0.020+1.1+0.004 ms clock, 0.40+0/1.5/0.088+0.082 ms cpu, 236->236->126 MB, 243 MB goal, 0 MB stacks, 0 MB globals, 20 P
gc 4103 @155.735s 0%: 0.019+0.45+0.007 ms clock, 0.39+0/0.72/0.003+0.15 ms cpu, 247->247->142 MB, 252 MB goal, 0 MB stacks, 0 MB globals, 20 P
gc 4104 @155.769s 0%: 0.020+0.45+0.009 ms clock, 0.41+0/0.78/0.017+0.18 ms cpu, 288->288->160 MB, 288 MB goal, 0 MB stacks, 0 MB globals, 20 P
gc 4105 @155.793s 0%: 0.020+5.4+0.008 ms clock, 0.40+0/5.8/0.10+0.17 ms cpu, 312->325->146 MB, 320 MB goal, 0 MB stacks, 0 MB globals, 20 P
gc 4106 @155.825s 0%: 0.022+0.60+0.023 ms clock, 0.44+0/0.78/0+0.47 ms cpu, 292->292->164 MB, 293 MB goal, 0 MB stacks, 0 MB globals, 20 P
gc 4107 @155.861s 0%: 0.017+1.3+0.005 ms clock, 0.35+0.041/0.97/0+0.10 ms cpu, 317->319->123 MB, 329 MB goal, 0 MB stacks, 0 MB globals, 20 P
gc 4108 @155.880s 0%: 0.030+3.2+0.006 ms clock, 0.61+0/4.2/0.019+0.13 ms cpu, 239->239->145 MB, 247 MB goal, 0 MB stacks, 0 MB globals, 20 P
gc 4109 @155.906s 0%: 0.020+0.67+0.003 ms clock, 0.40+0/1.1/0.019+0.077 ms cpu, 282->282->125 MB, 291 MB goal, 0 MB stacks, 0 MB globals, 20 P
gc 4110 @155.927s 0%: 0.029+10+0.004 ms clock, 0.59+0/11/0.10+0.081 ms cpu, 239->239->134 MB, 251 MB goal, 0 MB stacks, 0 MB globals, 20 P
gc 4111 @155.957s 0%: 0.020+5.2+0.004 ms clock, 0.41+0/5.6/0+0.080 ms cpu, 264->264->141 MB, 269 MB goal, 0 MB stacks, 0 MB globals, 20 P
gc 4112 @155.992s 0%: 0.029+3.9+0.005 ms clock, 0.59+0/4.8/0.20+0.10 ms cpu, 275->275->125 MB, 283 MB goal, 0 MB stacks, 0 MB globals, 20 P
gc 4113 @156.012s 0%: 0.017+3.7+0.003 ms clock, 0.34+0/4.3/0.033+0.077 ms cpu, 247->247->131 MB, 250 MB goal, 0 MB stacks, 0 MB globals, 20 P
gc 4114 @156.041s 0%: 0.020+0.68+0.004 ms clock, 0.40+0/1.2/0.021+0.091 ms cpu, 251->251->116 MB, 263 MB goal, 0 MB stacks, 0 MB globals, 20 P
gc 4115 @156.055s 0%: 0.018+1.2+0.005 ms clock, 0.37+0/1.4/0+0.10 ms cpu, 222->222->121 MB, 233 MB goal, 0 MB stacks, 0 MB globals, 20 P
gc 4116 @156.075s 0%: 0.019+0.55+0.010 ms clock, 0.39+0/0.76/0+0.20 ms cpu, 244->244->130 MB, 244 MB goal, 0 MB stacks, 0 MB globals, 20 P
gc 4117 @156.101s 0%: 0.018+2.4+0.003 ms clock, 0.37+0/2.8/0.061+0.077 ms cpu, 255->255->111 MB, 261 MB goal, 0 MB stacks, 0 MB globals, 20 P
gc 4118 @156.119s 0%: 0.024+3.0+0.005 ms clock, 0.48+0/3.6/0+0.10 ms cpu, 212->212->115 MB, 224 MB goal, 0 MB stacks, 0 MB globals, 20 P
gc 4119 @156.147s 0%: 0.028+3.8+0.11 ms clock, 0.57+0/4.9/0.15+2.3 ms cpu, 230->230->121 MB, 230 MB goal, 0 MB stacks, 0 MB globals, 20 P
gc 4120 @156.171s 0%: 0.020+0.46+0.009 ms clock, 0.41+0/1.0/0+0.18 ms cpu, 243->243->140 MB, 243 MB goal, 0 MB stacks, 0 MB globals, 20 P
gc 4121 @156.193s 0%: 0.020+1.7+0.007 ms clock, 0.40+0/2.2/0.23+0.15 ms cpu, 272->272->121 MB, 280 MB goal, 0 MB stacks, 0 MB globals, 20 P
gc 4122 @156.216s 0%: 0.028+2.6+0.004 ms clock, 0.56+0/3.5/0.021+0.097 ms cpu, 236->236->125 MB, 243 MB goal, 0 MB stacks, 0 MB globals, 20 P
gc 4123 @156.250s 0%: 0.034+0.77+0.029 ms clock, 0.69+0/2.2/0+0.58 ms cpu, 248->248->143 MB, 252 MB goal, 0 MB stacks, 0 MB globals, 20 P
gc 4124 @156.293s 0%: 0.028+1.0+0.005 ms clock, 0.56+0/2.0/0.22+0.11 ms cpu, 276->276->121 MB, 287 MB goal, 0 MB stacks, 0 MB globals, 20 P
gc 4125 @156.311s 0%: 0.018+1.9+0.003 ms clock, 0.37+0/2.4/0.096+0.076 ms cpu, 236->236->125 MB, 243 MB goal, 0 MB stacks, 0 MB globals, 20 P
gc 4126 @156.330s 0%: 0.025+0.71+0.004 ms clock, 0.50+0/1.2/0+0.091 ms cpu, 240->240->127 MB, 251 MB goal, 0 MB stacks, 0 MB globals, 20 P
gc 4127 @156.350s 0%: 0.035+5.6+0.12 ms clock, 0.70+0/6.3/0+2.5 ms cpu, 248->260->146 MB, 256 MB goal, 0 MB stacks, 0 MB globals, 20 P
gc 4128 @156.399s 0%: 0.020+0.42+0.007 ms clock, 0.41+0/0.73/0.011+0.14 ms cpu, 292->292->164 MB, 293 MB goal, 0 MB stacks, 0 MB globals, 20 P
gc 4129 @156.433s 0%: 0.017+0.38+0.006 ms clock, 0.35+0/1.0/0.001+0.12 ms cpu, 315->317->122 MB, 328 MB goal, 0 MB stacks, 0 MB globals, 20 P
gc 4130 @156.447s 0%: 0.017+2.5+0.004 ms clock, 0.34+0/2.9/0+0.080 ms cpu, 242->242->128 MB, 245 MB goal, 0 MB stacks, 0 MB globals, 20 P
gc 4131 @156.466s 0%: 0.018+1.5+0.005 ms clock, 0.36+0/1.3/0+0.11 ms cpu, 249->254->119 MB, 257 MB goal, 0 MB stacks, 0 MB globals, 20 P
gc 4132 @156.484s 0%: 0.026+0.89+0.007 ms clock, 0.52+0/1.9/0.23+0.14 ms cpu, 226->226->118 MB, 238 MB goal, 0 MB stacks, 0 MB globals, 20 P
gc 4133 @156.499s 0%: 0.021+3.0+0.009 ms clock, 0.42+0/3.5/0.020+0.19 ms cpu, 233->233->114 MB, 238 MB goal, 0 MB stacks, 0 MB globals, 20 P
gc 4134 @156.520s 0%: 0.030+8.1+0.003 ms clock, 0.60+0/8.9/0.007+0.065 ms cpu, 223->223->121 MB, 230 MB goal, 0 MB stacks, 0 MB globals, 20 P
gc 4135 @156.556s 0%: 0.017+0.49+0.003 ms clock, 0.34+0.049/0.91/0+0.068 ms cpu, 230->231->110 MB, 242 MB goal, 0 MB stacks, 0 MB globals, 20 P
gc 4136 @156.580s 0%: 0.016+1.6+0.006 ms clock, 0.33+0/0.82/0.004+0.13 ms cpu, 208->214->116 MB, 220 MB goal, 0 MB stacks, 0 MB globals, 20 P
gc 4137 @156.599s 0%: 0.018+0.62+0.005 ms clock, 0.37+0/1.0/0.016+0.10 ms cpu, 224->224->118 MB, 233 MB goal, 0 MB stacks, 0 MB globals, 20 P
gc 4138 @156.613s 0%: 0.016+3.1+0.006 ms clock, 0.33+0/3.6/0.013+0.12 ms cpu, 229->229->123 MB, 237 MB goal, 0 MB stacks, 0 MB globals, 20 P
gc 4139 @156.638s 0%: 0.019+5.6+0.008 ms clock, 0.39+0/5.8/0+0.16 ms cpu, 244->244->129 MB, 247 MB goal, 0 MB stacks, 0 MB globals, 20 P
gc 4140 @156.665s 0%: 0.020+8.9+0.003 ms clock, 0.40+0/9.1/0+0.074 ms cpu, 265->265->137 MB, 265 MB goal, 0 MB stacks, 0 MB globals, 20 P
gc 4141 @156.693s 0%: 0.019+1.8+0.003 ms clock, 0.38+0/2.2/0.001+0.072 ms cpu, 283->283->146 MB, 283 MB goal, 0 MB stacks, 0 MB globals, 20 P
gc 4142 @156.726s 0%: 0.026+2.9+0.009 ms clock, 0.53+0/3.6/0.13+0.18 ms cpu, 284->284->133 MB, 292 MB goal, 0 MB stacks, 0 MB globals, 20 P
gc 4143 @156.745s 0%: 0.020+3.7+0.006 ms clock, 0.40+0/4.6/0.047+0.12 ms cpu, 261->261->139 MB, 266 MB goal, 0 MB stacks, 0 MB globals, 20 P
gc 4144 @156.780s 0%: 0.027+1.0+0.005 ms clock, 0.54+0/2.1/0.36+0.11 ms cpu, 266->266->131 MB, 278 MB goal, 0 MB stacks, 0 MB globals, 20 P
gc 4145 @156.808s 0%: 0.017+0.27+0.15 ms clock, 0.34+0/0.97/0.051+3.1 ms cpu, 259->259->151 MB, 262 MB goal, 0 MB stacks, 0 MB globals, 20 P
gc 4146 @156.830s 0%: 0.022+3.7+0.005 ms clock, 0.45+0/4.0/0+0.11 ms cpu, 294->294->123 MB, 303 MB goal, 0 MB stacks, 0 MB globals, 20 P
gc 4147 @156.853s 0%: 0.035+2.5+0.013 ms clock, 0.70+0/3.5/0.013+0.27 ms cpu, 244->244->121 MB, 247 MB goal, 0 MB stacks, 0 MB globals, 20 P
gc 4148 @156.889s 0%: 0.027+0.48+0.004 ms clock, 0.55+0/0.79/0+0.091 ms cpu, 231->232->110 MB, 243 MB goal, 0 MB stacks, 0 MB globals, 20 P
gc 4149 @156.912s 0%: 0.018+1.7+0.003 ms clock, 0.37+0/1.9/0+0.078 ms cpu, 219->219->114 MB, 221 MB goal, 0 MB stacks, 0 MB globals, 20 P
gc 4150 @156.927s 0%: 0.021+0.78+0.003 ms clock, 0.43+0/1.1/0+0.074 ms cpu, 226->226->120 MB, 229 MB goal, 0 MB stacks, 0 MB globals, 20 P
gc 4151 @156.947s 0%: 0.023+1.1+0.004 ms clock, 0.47+0/1.4/0+0.083 ms cpu, 235->235->126 MB, 240 MB goal, 0 MB stacks, 0 MB globals, 20 P
gc 4152 @156.970s 0%: 0.020+0.50+0.008 ms clock, 0.40+0/0.78/0.002+0.16 ms cpu, 247->247->142 MB, 252 MB goal, 0 MB stacks, 0 MB globals, 20 P
gc 4153 @157.001s 0%: 0.025+0.38+0.013 ms clock, 0.50+0/0.71/0+0.27 ms cpu, 288->288->160 MB, 288 MB goal, 0 MB stacks, 0 MB globals, 20 P
gc 4154 @157.034s 0%: 0.019+0.59+0.012 ms clock, 0.39+0/0.95/0+0.24 ms cpu, 324->324->146 MB, 325 MB goal, 0 MB stacks, 0 MB globals, 20 P
gc 4155 @157.064s 0%: 0.023+3.5+0.006 ms clock, 0.47+0/4.0/0+0.12 ms cpu, 299->299->130 MB, 300 MB goal, 0 MB stacks, 0 MB globals, 20 P
gc 4156 @157.101s 0%: 0.031+1.1+0.006 ms clock, 0.63+0/2.2/0.33+0.12 ms cpu, 258->258->120 MB, 262 MB goal, 0 MB stacks, 0 MB globals, 20 P
gc 4157 @157.126s 0%: 0.025+5.3+0.006 ms clock, 0.50+0/6.0/0.005+0.12 ms cpu, 235->235->125 MB, 240 MB goal, 0 MB stacks, 0 MB globals, 20 P
gc 4158 @157.152s 0%: 0.021+0.49+0.015 ms clock, 0.42+0/0.90/0+0.30 ms cpu, 247->247->142 MB, 250 MB goal, 0 MB stacks, 0 MB globals, 20 P
gc 4159 @157.178s 0%: 0.018+3.5+0.004 ms clock, 0.36+0/4.1/0.023+0.090 ms cpu, 285->285->117 MB, 286 MB goal, 0 MB stacks, 0 MB globals, 20 P
gc 4160 @157.200s 0%: 0.019+1.6+0.003 ms clock, 0.38+0/2.0/0.016+0.076 ms cpu, 238->238->124 MB, 238 MB goal, 0 MB stacks, 0 MB globals, 20 P
gc 4161 @157.224s 0%: 0.029+1.9+0.004 ms clock, 0.58+0/2.1/0+0.094 ms cpu, 244->244->114 MB, 250 MB goal, 0 MB stacks, 0 MB globals, 20 P
gc 4162 @157.246s 0%: 0.020+0.80+0.007 ms clock, 0.40+0/1.1/0+0.14 ms cpu, 226->226->120 MB, 229 MB goal, 0 MB stacks, 0 MB globals, 20 P
gc 4163 @157.266s 0%: 0.018+5.3+0.003 ms clock, 0.37+0/5.5/0+0.073 ms cpu, 242->242->125 MB, 242 MB goal, 0 MB stacks, 0 MB globals, 20 P
gc 4164 @157.285s 0%: 0.019+7.3+0.003 ms clock, 0.38+0/7.7/0+0.075 ms cpu, 252->252->131 MB, 252 MB goal, 0 MB stacks, 0 MB globals, 20 P
gc 4165 @157.312s 0%: 0.018+0.46+0.005 ms clock, 0.37+0.14/0.59/0+0.10 ms cpu, 258->259->120 MB, 263 MB goal, 0 MB stacks, 0 MB globals, 20 P
gc 4166 @157.327s 0%: 0.016+2.5+0.002 ms clock, 0.33+0/2.6/0+0.058 ms cpu, 236->236->122 MB, 240 MB goal, 0 MB stacks, 0 MB globals, 20 P
gc 4167 @157.342s 0%: 0.019+3.7+0.088 ms clock, 0.39+0/3.8/0+1.7 ms cpu, 244->256->142 MB, 245 MB goal, 0 MB stacks, 0 MB globals, 20 P
gc 4168 @157.376s 0%: 0.023+5.4+0.14 ms clock, 0.47+0/6.0/0.055+2.8 ms cpu, 280->280->123 MB, 286 MB goal, 0 MB stacks, 0 MB globals, 20 P
gc 4169 @157.402s 0%: 0.028+3.6+0.006 ms clock, 0.56+0/4.6/0+0.13 ms cpu, 236->236->114 MB, 248 MB goal, 0 MB stacks, 0 MB globals, 20 P
gc 4170 @157.428s 0%: 0.024+3.5+0.10 ms clock, 0.48+0/4.0/0+2.1 ms cpu, 222->222->109 MB, 229 MB goal, 0 MB stacks, 0 MB globals, 20 P
gc 4171 @157.453s 0%: 0.017+2.7+0.002 ms clock, 0.35+0/3.2/0+0.059 ms cpu, 211->211->114 MB, 218 MB goal, 0 MB stacks, 0 MB globals, 20 P
gc 4172 @157.469s 0%: 0.019+1.2+0.003 ms clock, 0.39+0/1.3/0+0.065 ms cpu, 219->219->118 MB, 228 MB goal, 0 MB stacks, 0 MB globals, 20 P
gc 4173 @157.493s 0%: 0.029+1.7+0.004 ms clock, 0.59+0/2.3/0+0.081 ms cpu, 226->226->122 MB, 236 MB goal, 0 MB stacks, 0 MB globals, 20 P
gc 4174 @157.527s 0%: 0.026+0.45+0.003 ms clock, 0.52+0.086/0.79/0+0.073 ms cpu, 233->235->112 MB, 246 MB goal, 0 MB stacks, 0 MB globals, 20 P
gc 4175 @157.544s 0%: 0.016+0.64+0.003 ms clock, 0.32+0.026/0.61/0.003+0.074 ms cpu, 212->215->117 MB, 225 MB goal, 0 MB stacks, 0 MB globals, 20 P
gc 4176 @157.558s 0%: 0.017+0.63+0.004 ms clock, 0.34+0/1.2/0+0.082 ms cpu, 226->226->120 MB, 236 MB goal, 0 MB stacks, 0 MB globals, 20 P
gc 4177 @157.571s 0%: 0.019+0.85+0.010 ms clock, 0.39+0/1.4/0+0.20 ms cpu, 229->229->122 MB, 240 MB goal, 0 MB stacks, 0 MB globals, 20 P
gc 4178 @157.587s 0%: 0.017+5.5+0.003 ms clock, 0.35+0/6.0/0+0.070 ms cpu, 243->243->127 MB, 245 MB goal, 0 MB stacks, 0 MB globals, 20 P
gc 4179 @157.607s 0%: 0.016+0.96+0.005 ms clock, 0.32+0/1.2/0+0.10 ms cpu, 245->245->130 MB, 256 MB goal, 0 MB stacks, 0 MB globals, 20 P
gc 4180 @157.626s 0%: 0.016+1.3+0.008 ms clock, 0.33+0/0.85/0.026+0.16 ms cpu, 249->255->125 MB, 262 MB goal, 0 MB stacks, 0 MB globals, 20 P
gc 4181 @157.642s 0%: 0.025+1.4+0.007 ms clock, 0.50+0/2.0/0.006+0.14 ms cpu, 241->241->124 MB, 250 MB goal, 0 MB stacks, 0 MB globals, 20 P
gc 4182 @157.669s 0%: 0.018+0.36+0.003 ms clock, 0.37+0/0.78/0.077+0.068 ms cpu, 237->237->113 MB, 249 MB goal, 0 MB stacks, 0 MB globals, 20 P
gc 4183 @157.692s 0%: 0.055+2.0+0.003 ms clock, 1.1+0/2.4/0+0.067 ms cpu, 216->216->118 MB, 228 MB goal, 0 MB stacks, 0 MB globals, 20 P
gc 4184 @157.708s 0%: 0.022+3.3+0.006 ms clock, 0.44+0/3.7/0.002+0.12 ms cpu, 233->233->123 MB, 237 MB goal, 0 MB stacks, 0 MB globals, 20 P
gc 4185 @157.736s 0%: 0.022+0.50+0.022 ms clock, 0.45+0/0.92/0.011+0.44 ms cpu, 246->246->132 MB, 248 MB goal, 0 MB stacks, 0 MB globals, 20 P
gc 4186 @157.760s 0%: 0.019+0.75+0.005 ms clock, 0.39+0/0.96/0+0.11 ms cpu, 256->256->113 MB, 264 MB goal, 0 MB stacks, 0 MB globals, 20 P
gc 4187 @157.779s 0%: 0.024+1.2+0.005 ms clock, 0.48+0/2.2/0.13+0.10 ms cpu, 224->224->118 MB, 227 MB goal, 0 MB stacks, 0 MB globals, 20 P
gc 4188 @157.800s 0%: 0.029+5.9+0.13 ms clock, 0.59+0/6.8/0.086+2.7 ms cpu, 239->239->126 MB, 239 MB goal, 0 MB stacks, 0 MB globals, 20 P
gc 4189 @157.839s 0%: 0.020+0.55+0.003 ms clock, 0.41+0.14/0.71/0+0.065 ms cpu, 241->243->117 MB, 252 MB goal, 0 MB stacks, 0 MB globals, 20 P
gc 4190 @157.860s 0%: 0.020+1.0+0.003 ms clock, 0.40+0/1.7/0.066+0.079 ms cpu, 225->225->118 MB, 235 MB goal, 0 MB stacks, 0 MB globals, 20 P
gc 4191 @157.879s 0%: 0.023+1.0+0.006 ms clock, 0.47+0/1.8/0.074+0.12 ms cpu, 225->225->121 MB, 237 MB goal, 0 MB stacks, 0 MB globals, 20 P
gc 4192 @157.898s 0%: 0.019+2.3+0.004 ms clock, 0.39+0/2.6/0+0.088 ms cpu, 236->236->125 MB, 243 MB goal, 0 MB stacks, 0 MB globals, 20 P
gc 4193 @157.917s 0%: 0.015+2.7+0.005 ms clock, 0.30+0/3.0/0.045+0.10 ms cpu, 240->240->127 MB, 251 MB goal, 0 MB stacks, 0 MB globals, 20 P
gc 4194 @157.932s 0%: 0.020+6.7+0.077 ms clock, 0.40+0/7.0/0.001+1.5 ms cpu, 247->260->146 MB, 255 MB goal, 0 MB stacks, 0 MB globals, 20 P
gc 4195 @157.960s 0%: 0.021+3.3+0.002 ms clock, 0.43+0/3.7/0+0.059 ms cpu, 284->284->127 MB, 293 MB goal, 0 MB stacks, 0 MB globals, 20 P
gc 4196 @157.984s 0%: 0.020+1.1+0.004 ms clock, 0.41+0/1.6/0.065+0.086 ms cpu, 244->247->117 MB, 255 MB goal, 0 MB stacks, 0 MB globals, 20 P
gc 4197 @158.000s 0%: 0.018+1.0+0.006 ms clock, 0.37+0/1.4/0.020+0.12 ms cpu, 227->227->120 MB, 235 MB goal, 0 MB stacks, 0 MB globals, 20 P
gc 4198 @158.026s 0%: 0.020+0.36+0.014 ms clock, 0.40+0/0.77/0.007+0.29 ms cpu, 238->238->139 MB, 241 MB goal, 0 MB stacks, 0 MB globals, 20 P
gc 4199 @158.061s 0%: 0.033+5.5+0.005 ms clock, 0.66+0/6.8/0.24+0.10 ms cpu, 271->271->112 MB, 279 MB goal, 0 MB stacks, 0 MB globals, 20 P
gc 4200 @158.091s 0%: 0.017+0.85+0.003 ms clock, 0.35+0/1.2/0+0.066 ms cpu, 214->214->115 MB, 224 MB goal, 0 MB stacks, 0 MB globals, 20 P
gc 4201 @158.105s 0%: 0.017+1.6+0.006 ms clock, 0.35+0/2.1/0.010+0.13 ms cpu, 220->220->119 MB, 231 MB goal, 0 MB stacks, 0 MB globals, 20 P
gc 4202 @158.126s 0%: 0.020+1.8+0.003 ms clock, 0.41+0/2.4/0.004+0.066 ms cpu, 228->228->124 MB, 239 MB goal, 0 MB stacks, 0 MB globals, 20 P
gc 4203 @158.146s 0%: 0.018+0.58+0.006 ms clock, 0.36+0.050/0.76/0+0.13 ms cpu, 236->239->115 MB, 248 MB goal, 0 MB stacks, 0 MB globals, 20 P
gc 4204 @158.162s 0%: 0.028+0.91+0.005 ms clock, 0.56+0/1.1/0+0.10 ms cpu, 219->219->117 MB, 230 MB goal, 0 MB stacks, 0 MB globals, 20 P
gc 4205 @158.180s 0%: 0.019+0.72+0.003 ms clock, 0.38+0/1.1/0+0.079 ms cpu, 230->230->121 MB, 235 MB goal, 0 MB stacks, 0 MB globals, 20 P
gc 4206 @158.201s 0%: 0.020+3.1+0.003 ms clock, 0.40+0/3.4/0+0.072 ms cpu, 236->236->126 MB, 243 MB goal, 0 MB stacks, 0 MB globals, 20 P
gc 4207 @158.222s 0%: 0.020+0.44+0.005 ms clock, 0.41+0/0.78/0.004+0.11 ms cpu, 247->247->142 MB, 252 MB goal, 0 MB stacks, 0 MB globals, 20 P
gc 4208 @158.245s 0%: 0.017+3.0+0.002 ms clock, 0.34+0/3.5/0+0.057 ms cpu, 274->274->120 MB, 285 MB goal, 0 MB stacks, 0 MB globals, 20 P
gc 4209 @158.265s 0%: 0.018+0.63+0.011 ms clock, 0.36+0.031/0.76/0.001+0.23 ms cpu, 228->232->124 MB, 240 MB goal, 0 MB stacks, 0 MB globals, 20 P
gc 4210 @158.284s 0%: 0.020+1.0+0.004 ms clock, 0.40+0/1.8/0+0.091 ms cpu, 241->241->127 MB, 249 MB goal, 0 MB stacks, 0 MB globals, 20 P
gc 4211 @158.304s 0%: 0.022+0.58+0.014 ms clock, 0.44+0/1.0/0+0.28 ms cpu, 243->243->141 MB, 255 MB goal, 0 MB stacks, 0 MB globals, 20 P
gc 4212 @158.334s 0%: 0.031+6.8+0.005 ms clock, 0.62+0/7.8/0.049+0.10 ms cpu, 279->279->125 MB, 282 MB goal, 0 MB stacks, 0 MB globals, 20 P
gc 4213 @158.360s 0%: 0.018+0.47+0.006 ms clock, 0.36+0/0.78/0+0.12 ms cpu, 248->248->142 MB, 251 MB goal, 0 MB stacks, 0 MB globals, 20 P
gc 4214 @158.390s 0%: 0.024+4.2+0.004 ms clock, 0.49+0/4.9/0+0.096 ms cpu, 275->275->122 MB, 285 MB goal, 0 MB stacks, 0 MB globals, 20 P
gc 4215 @158.409s 0%: 0.020+3.4+0.004 ms clock, 0.41+0/3.7/0+0.085 ms cpu, 237->237->118 MB, 245 MB goal, 0 MB stacks, 0 MB globals, 20 P
gc 4216 @158.429s 0%: 0.021+1.3+0.004 ms clock, 0.42+0/2.0/0+0.086 ms cpu, 226->226->123 MB, 237 MB goal, 0 MB stacks, 0 MB globals, 20 P
gc 4217 @158.446s 0%: 0.017+1.9+0.005 ms clock, 0.34+0/2.2/0+0.11 ms cpu, 241->241->128 MB, 248 MB goal, 0 MB stacks, 0 MB globals, 20 P
gc 4218 @158.463s 0%: 0.015+0.76+0.005 ms clock, 0.31+0/1.2/0+0.11 ms cpu, 247->247->120 MB, 256 MB goal, 0 MB stacks, 0 MB globals, 20 P
gc 4219 @158.478s 0%: 0.016+4.5+0.003 ms clock, 0.32+0/4.8/0+0.073 ms cpu, 238->238->127 MB, 241 MB goal, 0 MB stacks, 0 MB globals, 20 P
gc 4220 @158.501s 0%: 0.020+0.50+0.007 ms clock, 0.40+0/0.80/0+0.14 ms cpu, 249->249->144 MB, 254 MB goal, 0 MB stacks, 0 MB globals, 20 P
gc 4221 @158.526s 0%: 0.020+1.0+0.004 ms clock, 0.41+0/1.7/0.016+0.096 ms cpu, 276->276->122 MB, 289 MB goal, 0 MB stacks, 0 MB globals, 20 P
gc 4222 @158.542s 0%: 0.13+1.3+0.006 ms clock, 2.6+0/1.9/0.002+0.13 ms cpu, 237->237->127 MB, 245 MB goal, 0 MB stacks, 0 MB globals, 20 P
gc 4223 @158.570s 0%: 0.037+0.65+0.017 ms clock, 0.75+0/1.4/0.006+0.34 ms cpu, 250->250->136 MB, 256 MB goal, 0 MB stacks, 0 MB globals, 20 P
gc 4224 @158.600s 0%: 0.017+2.5+0.003 ms clock, 0.35+0/2.6/0+0.064 ms cpu, 261->261->118 MB, 273 MB goal, 0 MB stacks, 0 MB globals, 20 P
gc 4225 @158.618s 0%: 0.12+2.3+0.006 ms clock, 2.4+0/3.5/0+0.13 ms cpu, 228->228->123 MB, 236 MB goal, 0 MB stacks, 0 MB globals, 20 P
gc 4226 @158.651s 0%: 0.033+3.8+0.13 ms clock, 0.66+0/4.3/0+2.7 ms cpu, 244->257->142 MB, 247 MB goal, 0 MB stacks, 0 MB globals, 20 P
gc 4227 @158.697s 0%: 0.021+0.57+0.008 ms clock, 0.42+0/0.90/0.012+0.17 ms cpu, 288->288->160 MB, 288 MB goal, 0 MB stacks, 0 MB globals, 20 P
gc 4228 @158.725s 0%: 0.034+2.6+0.14 ms clock, 0.69+0/3.6/0.054+2.9 ms cpu, 312->324->146 MB, 320 MB goal, 0 MB stacks, 0 MB globals, 20 P
gc 4229 @158.755s 0%: 0.019+1.2+0.003 ms clock, 0.39+0/1.5/0+0.070 ms cpu, 284->284->127 MB, 293 MB goal, 0 MB stacks, 0 MB globals, 20 P
gc 4230 @158.775s 0%: 0.017+0.38+0.005 ms clock, 0.35+0/0.85/0+0.11 ms cpu, 243->243->114 MB, 255 MB goal, 0 MB stacks, 0 MB globals, 20 P
gc 4231 @158.787s 0%: 0.017+0.70+0.080 ms clock, 0.34+0/1.0/0+1.6 ms cpu, 216->216->118 MB, 229 MB goal, 0 MB stacks, 0 MB globals, 20 P
gc 4232 @158.801s 0%: 0.019+3.7+0.004 ms clock, 0.39+0/4.3/0+0.088 ms cpu, 232->232->125 MB, 237 MB goal, 0 MB stacks, 0 MB globals, 20 P
gc 4233 @158.831s 0%: 0.021+0.64+0.004 ms clock, 0.42+0.063/1.1/0.020+0.094 ms cpu, 238->242->107 MB, 250 MB goal, 0 MB stacks, 0 MB globals, 20 P
gc 4234 @158.846s 0%: 0.019+0.36+0.003 ms clock, 0.39+0/0.83/0+0.077 ms cpu, 203->203->108 MB, 215 MB goal, 0 MB stacks, 0 MB globals, 20 P
gc 4235 @158.868s 0%: 0.031+0.75+0.007 ms clock, 0.62+0/1.9/0.021+0.14 ms cpu, 203->203->110 MB, 216 MB goal, 0 MB stacks, 0 MB globals, 20 P
gc 4236 @158.890s 0%: 0.020+0.64+0.003 ms clock, 0.40+0/0.99/0.001+0.076 ms cpu, 212->212->113 MB, 221 MB goal, 0 MB stacks, 0 MB globals, 20 P
gc 4237 @158.905s 0%: 0.017+3.0+0.004 ms clock, 0.35+0/3.3/0+0.087 ms cpu, 220->220->118 MB, 227 MB goal, 0 MB stacks, 0 MB globals, 20 P
gc 4238 @158.922s 0%: 0.020+4.4+0.002 ms clock, 0.40+0/4.8/0+0.058 ms cpu, 233->233->124 MB, 237 MB goal, 0 MB stacks, 0 MB globals, 20 P
gc 4239 @158.949s 0%: 0.019+0.40+0.008 ms clock, 0.39+0/0.70/0+0.17 ms cpu, 246->246->143 MB, 249 MB goal, 0 MB stacks, 0 MB globals, 20 P
gc 4240 @158.975s 0%: 0.021+3.5+0.003 ms clock, 0.42+0/3.9/0+0.069 ms cpu, 276->276->121 MB, 287 MB goal, 0 MB stacks, 0 MB globals, 20 P
gc 4241 @158.996s 0%: 0.027+1.1+0.004 ms clock, 0.54+0/1.7/0+0.080 ms cpu, 236->236->126 MB, 243 MB goal, 0 MB stacks, 0 MB globals, 20 P
gc 4242 @159.018s 0%: 0.032+0.75+0.026 ms clock, 0.64+0/1.4/0+0.53 ms cpu, 247->247->141 MB, 252 MB goal, 0 MB stacks, 0 MB globals, 20 P
gc 4243 @159.051s 0%: 0.020+0.60+0.007 ms clock, 0.41+0/0.85/0+0.15 ms cpu, 287->287->159 MB, 287 MB goal, 0 MB stacks, 0 MB globals, 20 P
gc 4244 @159.083s 0%: 0.032+0.76+0.016 ms clock, 0.65+0/1.7/0+0.32 ms cpu, 308->308->142 MB, 319 MB goal, 0 MB stacks, 0 MB globals, 20 P
gc 4245 @159.115s 0%: 0.037+0.72+0.092 ms clock, 0.75+0/1.3/0.038+1.8 ms cpu, 287->287->162 MB, 287 MB goal, 0 MB stacks, 0 MB globals, 20 P
gc 4246 @159.158s 0%: 0.021+0.59+0.005 ms clock, 0.42+0.028/0.81/0.050+0.11 ms cpu, 313->315->122 MB, 326 MB goal, 0 MB stacks, 0 MB globals, 20 P
gc 4247 @159.175s 0%: 0.016+0.53+0.004 ms clock, 0.33+0/0.96/0.061+0.096 ms cpu, 236->236->125 MB, 244 MB goal, 0 MB stacks, 0 MB globals, 20 P
gc 4248 @159.190s 0%: 0.017+0.39+0.012 ms clock, 0.34+0/0.95/0+0.24 ms cpu, 245->245->167 MB, 251 MB goal, 0 MB stacks, 0 MB globals, 20 P
gc 4249 @159.230s 0%: 0.020+0.43+0.011 ms clock, 0.41+0/0.92/0+0.23 ms cpu, 332->332->148 MB, 336 MB goal, 0 MB stacks, 0 MB globals, 20 P
gc 4250 @159.253s 0%: 0.028+0.47+0.16 ms clock, 0.57+0/0.84/0+3.2 ms cpu, 294->294->168 MB, 298 MB goal, 0 MB stacks, 0 MB globals, 20 P
gc 4251 @159.285s 0%: 0.020+0.38+0.007 ms clock, 0.41+0/0.99/0+0.14 ms cpu, 325->325->134 MB, 337 MB goal, 0 MB stacks, 0 MB globals, 20 P
gc 4252 @159.305s 0%: 0.081+0.48+0.018 ms clock, 1.6+0/0.95/0+0.37 ms cpu, 267->267->179 MB, 269 MB goal, 0 MB stacks, 0 MB globals, 20 P
gc 4253 @159.599s 0%: 0.043+1.1+0.008 ms clock, 0.86+0/1.9/0.033+0.17 ms cpu, 348->348->132 MB, 359 MB goal, 0 MB stacks, 0 MB globals, 20 P
gc 4254 @159.617s 0%: 0.019+2.4+0.053 ms clock, 0.39+0/3.1/0.11+1.0 ms cpu, 253->253->140 MB, 265 MB goal, 0 MB stacks, 0 MB globals, 20 P
gc 4255 @159.640s 0%: 0.020+0.45+0.019 ms clock, 0.40+0/0.85/0.004+0.38 ms cpu, 272->272->148 MB, 280 MB goal, 0 MB stacks, 0 MB globals, 20 P
gc 4256 @159.674s 0%: 0.023+5.4+0.003 ms clock, 0.47+0/5.8/0.007+0.071 ms cpu, 289->289->120 MB, 296 MB goal, 0 MB stacks, 0 MB globals, 20 P
gc 4257 @159.694s 0%: 0.015+4.2+0.018 ms clock, 0.31+0/4.4/0+0.36 ms cpu, 240->253->129 MB, 241 MB goal, 0 MB stacks, 0 MB globals, 20 P
gc 4258 @159.718s 0%: 0.018+2.0+0.003 ms clock, 0.36+0/2.2/0+0.070 ms cpu, 245->245->107 MB, 258 MB goal, 0 MB stacks, 0 MB globals, 20 P
gc 4259 @159.732s 0%: 0.019+0.73+0.51 ms clock, 0.38+0/1.0/0.004+10 ms cpu, 205->213->116 MB, 216 MB goal, 0 MB stacks, 0 MB globals, 20 P
gc 4260 @159.749s 0%: 0.028+8.9+0.005 ms clock, 0.56+0/9.7/0.14+0.10 ms cpu, 230->230->114 MB, 233 MB goal, 0 MB stacks, 0 MB globals, 20 P
gc 4261 @159.783s 0%: 0.041+3.1+0.021 ms clock, 0.83+0/3.7/0.014+0.42 ms cpu, 221->234->130 MB, 229 MB goal, 0 MB stacks, 0 MB globals, 20 P
gc 4262 @159.829s 0%: 0.021+0.66+0.004 ms clock, 0.43+0/1.4/0.003+0.091 ms cpu, 253->253->108 MB, 261 MB goal, 0 MB stacks, 0 MB globals, 20 P
gc 4263 @159.842s 0%: 0.017+0.75+0.003 ms clock, 0.34+0/0.97/0+0.077 ms cpu, 207->207->110 MB, 217 MB goal, 0 MB stacks, 0 MB globals, 20 P
gc 4264 @159.856s 0%: 0.023+3.5+0.003 ms clock, 0.47+0/3.8/0+0.069 ms cpu, 208->208->114 MB, 220 MB goal, 0 MB stacks, 0 MB globals, 20 P
gc 4265 @159.875s 0%: 0.019+0.42+0.005 ms clock, 0.39+0/0.68/0+0.11 ms cpu, 217->217->129 MB, 229 MB goal, 0 MB stacks, 0 MB globals, 20 P
gc 4266 @159.896s 0%: 0.019+2.2+0.003 ms clock, 0.38+0/2.3/0+0.078 ms cpu, 255->255->111 MB, 260 MB goal, 0 MB stacks, 0 MB globals, 20 P
gc 4267 @159.911s 0%: 0.019+0.47+0.008 ms clock, 0.39+0/0.79/0+0.16 ms cpu, 211->211->126 MB, 223 MB goal, 0 MB stacks, 0 MB globals, 20 P
gc 4268 @159.929s 0%: 0.017+0.70+0.003 ms clock, 0.35+0/1.2/0+0.075 ms cpu, 241->241->108 MB, 252 MB goal, 0 MB stacks, 0 MB globals, 20 P
gc 4269 @159.943s 0%: 0.024+3.0+0.004 ms clock, 0.49+0/3.7/0.037+0.090 ms cpu, 209->209->110 MB, 217 MB goal, 0 MB stacks, 0 MB globals, 20 P
gc 4270 @159.964s 0%: 0.028+0.52+0.013 ms clock, 0.57+0/1.2/0+0.27 ms cpu, 210->210->125 MB, 221 MB goal, 0 MB stacks, 0 MB globals, 20 P
gc 4271 @159.989s 0%: 0.018+2.3+0.005 ms clock, 0.36+0/2.5/0+0.11 ms cpu, 241->241->108 MB, 251 MB goal, 0 MB stacks, 0 MB globals, 20 P
gc 4272 @160.005s 0%: 0.021+1.9+0.10 ms clock, 0.43+0/2.6/0.009+2.1 ms cpu, 206->206->113 MB, 217 MB goal, 0 MB stacks, 0 MB globals, 20 P
gc 4273 @160.033s 0%: 0.037+2.1+0.015 ms clock, 0.74+0/1.5/0.045+0.30 ms cpu, 214->217->106 MB, 226 MB goal, 0 MB stacks, 0 MB globals, 20 P
gc 4274 @160.052s 0%: 0.016+0.66+0.008 ms clock, 0.33+0/1.2/0+0.16 ms cpu, 203->203->106 MB, 213 MB goal, 0 MB stacks, 0 MB globals, 20 P
gc 4275 @160.064s 0%: 0.018+2.9+0.084 ms clock, 0.37+0/3.1/0+1.6 ms cpu, 203->214->121 MB, 214 MB goal, 0 MB stacks, 0 MB globals, 20 P
gc 4276 @160.092s 0%: 0.030+6.8+0.007 ms clock, 0.61+0/7.3/0+0.14 ms cpu, 234->234->102 MB, 242 MB goal, 0 MB stacks, 0 MB globals, 20 P
gc 4277 @160.119s 0%: 0.035+7.0+0.005 ms clock, 0.71+0/8.1/0.39+0.11 ms cpu, 198->198->105 MB, 205 MB goal, 0 MB stacks, 0 MB globals, 20 P
gc 4278 @160.144s 0%: 0.020+0.70+0.003 ms clock, 0.40+0/0.69/0.002+0.067 ms cpu, 198->200->93 MB, 211 MB goal, 0 MB stacks, 0 MB globals, 20 P
gc 4279 @160.156s 0%: 0.020+0.50+0.010 ms clock, 0.40+0/1.3/0.057+0.20 ms cpu, 177->177->92 MB, 187 MB goal, 0 MB stacks, 0 MB globals, 20 P
gc 4280 @160.176s 0%: 0.027+3.1+0.003 ms clock, 0.54+0/3.9/0+0.074 ms cpu, 177->177->94 MB, 185 MB goal, 0 MB stacks, 0 MB globals, 20 P
gc 4281 @160.193s 0%: 0.021+3.9+0.003 ms clock, 0.43+0/4.2/0+0.062 ms cpu, 186->186->98 MB, 189 MB goal, 0 MB stacks, 0 MB globals, 20 P
gc 4282 @160.217s 0%: 0.021+1.2+0.004 ms clock, 0.42+0/1.9/0.019+0.096 ms cpu, 184->184->100 MB, 196 MB goal, 0 MB stacks, 0 MB globals, 20 P
gc 4283 @160.237s 0%: 0.025+0.74+0.006 ms clock, 0.51+0/1.1/0.091+0.12 ms cpu, 189->190->90 MB, 202 MB goal, 0 MB stacks, 0 MB globals, 20 P
gc 4284 @160.256s 0%: 0.034+0.67+0.005 ms clock, 0.68+0/1.4/0.15+0.10 ms cpu, 169->169->90 MB, 180 MB goal, 0 MB stacks, 0 MB globals, 20 P
gc 4285 @160.268s 0%: 0.017+1.3+0.003 ms clock, 0.34+0/1.8/0+0.066 ms cpu, 170->170->91 MB, 181 MB goal, 0 MB stacks, 0 MB globals, 20 P
gc 4286 @160.284s 0%: 0.023+0.73+0.009 ms clock, 0.47+0/1.5/0.005+0.18 ms cpu, 174->174->93 MB, 183 MB goal, 0 MB stacks, 0 MB globals, 20 P
gc 4287 @160.301s 0%: 0.027+3.4+0.061 ms clock, 0.54+0/4.3/0.095+1.2 ms cpu, 181->181->96 MB, 187 MB goal, 0 MB stacks, 0 MB globals, 20 P
gc 4288 @160.325s 0%: 0.043+10+0.054 ms clock, 0.86+0/11/0.26+1.0 ms cpu, 192->203->111 MB, 193 MB goal, 0 MB stacks, 0 MB globals, 20 P
gc 4289 @160.369s 0%: 0.022+3.3+0.005 ms clock, 0.44+0/3.6/0+0.11 ms cpu, 217->217->94 MB, 223 MB goal, 0 MB stacks, 0 MB globals, 20 P
gc 4290 @160.393s 0%: 0.039+5.1+0.010 ms clock, 0.79+0/6.3/0.009+0.21 ms cpu, 186->186->98 MB, 189 MB goal, 0 MB stacks, 0 MB globals, 20 P
gc 4291 @160.431s 0%: 0.032+0.68+0.017 ms clock, 0.65+0/1.4/0+0.34 ms cpu, 195->195->111 MB, 197 MB goal, 0 MB stacks, 0 MB globals, 20 P
gc 4292 @160.461s 0%: 0.018+2.8+0.007 ms clock, 0.36+0/3.4/0+0.14 ms cpu, 217->217->94 MB, 223 MB goal, 0 MB stacks, 0 MB globals, 20 P
gc 4293 @160.480s 0%: 0.017+2.5+0.004 ms clock, 0.35+0/2.8/0+0.099 ms cpu, 186->186->98 MB, 189 MB goal, 0 MB stacks, 0 MB globals, 20 P
gc 4294 @160.498s 0%: 0.019+0.41+0.015 ms clock, 0.39+0/0.71/0+0.30 ms cpu, 195->195->111 MB, 196 MB goal, 0 MB stacks, 0 MB globals, 20 P
gc 4295 @160.518s 0%: 0.017+0.51+0.005 ms clock, 0.35+0/1.0/0.015+0.10 ms cpu, 217->217->94 MB, 223 MB goal, 0 MB stacks, 0 MB globals, 20 P
gc 4296 @160.530s 0%: 0.018+3.7+0.005 ms clock, 0.37+0/4.0/0+0.10 ms cpu, 186->186->98 MB, 189 MB goal, 0 MB stacks, 0 MB globals, 20 P
gc 4297 @160.553s 0%: 0.019+0.50+0.015 ms clock, 0.38+0/0.78/0.010+0.31 ms cpu, 192->192->134 MB, 197 MB goal, 0 MB stacks, 0 MB globals, 20 P
gc 4298 @160.599s 0%: 0.033+9.5+0.005 ms clock, 0.67+0/10/0.037+0.11 ms cpu, 271->271->111 MB, 271 MB goal, 0 MB stacks, 0 MB globals, 20 P
gc 4299 @160.640s 0%: 0.026+2.3+0.008 ms clock, 0.53+0/3.0/0+0.17 ms cpu, 216->216->103 MB, 223 MB goal, 0 MB stacks, 0 MB globals, 20 P
gc 4300 @160.656s 0%: 0.016+0.81+3.6 ms clock, 0.33+0/1.0/0+72 ms cpu, 196->206->117 MB, 206 MB goal, 0 MB stacks, 0 MB globals, 20 P
gc 4301 @160.690s 0%: 0.028+0.45+0.006 ms clock, 0.57+0/0.96/0+0.12 ms cpu, 224->224->101 MB, 234 MB goal, 0 MB stacks, 0 MB globals, 20 P
gc 4302 @160.713s 0%: 0.028+0.89+0.007 ms clock, 0.56+0/1.7/0.14+0.14 ms cpu, 196->196->105 MB, 202 MB goal, 0 MB stacks, 0 MB globals, 20 P
gc 4303 @160.740s 0%: 0.017+3.5+0.003 ms clock, 0.35+0/3.7/0+0.072 ms cpu, 210->210->100 MB, 211 MB goal, 0 MB stacks, 0 MB globals, 20 P
gc 4304 @160.773s 0%: 0.016+0.56+0.010 ms clock, 0.33+0.13/0.54/0.001+0.20 ms cpu, 192->194->91 MB, 202 MB goal, 0 MB stacks, 0 MB globals, 20 P
gc 4305 @160.790s 0%: 0.017+3.2+0.003 ms clock, 0.34+0/1.9/0.001+0.077 ms cpu, 173->177->95 MB, 183 MB goal, 0 MB stacks, 0 MB globals, 20 P
gc 4306 @160.809s 0%: 0.025+2.6+1.4 ms clock, 0.50+0/2.9/0+29 ms cpu, 181->189->102 MB, 191 MB goal, 0 MB stacks, 0 MB globals, 20 P
gc 4307 @160.824s 0%: 0.027+3.5+0.089 ms clock, 0.55+0/3.6/0+1.7 ms cpu, 199->210->111 MB, 205 MB goal, 0 MB stacks, 0 MB globals, 20 P
gc 4308 @160.847s 0%: 0.018+0.72+0.006 ms clock, 0.37+0/1.0/0+0.12 ms cpu, 217->217->94 MB, 223 MB goal, 0 MB stacks, 0 MB globals, 20 P
gc 4309 @160.864s 0%: 0.031+3.6+0.005 ms clock, 0.63+0/4.0/0.009+0.10 ms cpu, 186->186->98 MB, 189 MB goal, 0 MB stacks, 0 MB globals, 20 P
gc 4310 @160.892s 0%: 0.022+0.44+0.019 ms clock, 0.45+0/1.1/0+0.38 ms cpu, 195->195->111 MB, 197 MB goal, 0 MB stacks, 0 MB globals, 20 P
gc 4311 @160.913s 0%: 0.017+0.60+0.003 ms clock, 0.34+0/1.1/0.002+0.072 ms cpu, 217->217->94 MB, 223 MB goal, 0 MB stacks, 0 MB globals, 20 P
gc 4312 @160.925s 0%: 0.017+1.1+0.005 ms clock, 0.34+0/1.3/0+0.10 ms cpu, 186->186->98 MB, 189 MB goal, 0 MB stacks, 0 MB globals, 20 P
gc 4313 @160.944s 0%: 0.025+0.62+0.021 ms clock, 0.50+0/0.95/0+0.43 ms cpu, 195->195->111 MB, 197 MB goal, 0 MB stacks, 0 MB globals, 20 P
gc 4314 @160.976s 0%: 0.028+1.1+0.006 ms clock, 0.56+0/1.8/0+0.13 ms cpu, 218->218->94 MB, 224 MB goal, 0 MB stacks, 0 MB globals, 20 P
gc 4315 @160.996s 0%: 0.034+2.1+0.007 ms clock, 0.68+0/2.8/0.079+0.14 ms cpu, 186->186->98 MB, 190 MB goal, 0 MB stacks, 0 MB globals, 20 P
gc 4316 @161.014s 0%: 0.020+0.45+0.008 ms clock, 0.40+0/0.69/0+0.17 ms cpu, 195->195->111 MB, 197 MB goal, 0 MB stacks, 0 MB globals, 20 P
gc 4317 @161.033s 0%: 0.018+0.73+0.013 ms clock, 0.36+0/1.1/0+0.26 ms cpu, 217->217->94 MB, 224 MB goal, 0 MB stacks, 0 MB globals, 20 P
gc 4318 @161.045s 0%: 0.016+1.1+0.005 ms clock, 0.33+0/1.2/0+0.10 ms cpu, 186->186->98 MB, 189 MB goal, 0 MB stacks, 0 MB globals, 20 P
gc 4319 @161.059s 0%: 0.017+0.46+0.013 ms clock, 0.35+0/0.77/0+0.26 ms cpu, 195->195->111 MB, 197 MB goal, 0 MB stacks, 0 MB globals, 20 P
gc 4320 @161.077s 0%: 0.023+3.5+0.004 ms clock, 0.46+0/4.0/0.063+0.098 ms cpu, 217->217->94 MB, 223 MB goal, 0 MB stacks, 0 MB globals, 20 P
gc 4321 @161.094s 0%: 0.025+2.8+0.005 ms clock, 0.50+0/3.1/0+0.10 ms cpu, 186->186->98 MB, 189 MB goal, 0 MB stacks, 0 MB globals, 20 P
gc 4322 @161.114s 0%: 0.029+0.67+0.022 ms clock, 0.58+0/1.2/0+0.45 ms cpu, 195->195->111 MB, 197 MB goal, 0 MB stacks, 0 MB globals, 20 P
gc 4323 @161.141s 0%: 0.025+2.7+0.004 ms clock, 0.51+0/3.0/0+0.089 ms cpu, 217->217->94 MB, 223 MB goal, 0 MB stacks, 0 MB globals, 20 P
gc 4324 @161.164s 0%: 0.030+1.4+0.008 ms clock, 0.60+0/2.2/0.10+0.17 ms cpu, 186->186->98 MB, 189 MB goal, 0 MB stacks, 0 MB globals, 20 P
gc 4325 @161.185s 0%: 0.020+0.37+0.019 ms clock, 0.41+0/0.80/0+0.39 ms cpu, 195->195->111 MB, 197 MB goal, 0 MB stacks, 0 MB globals, 20 P
gc 4326 @161.203s 0%: 0.021+0.77+0.003 ms clock, 0.42+0/1.0/0+0.074 ms cpu, 217->217->94 MB, 223 MB goal, 0 MB stacks, 0 MB globals, 20 P
gc 4327 @161.223s 0%: 0.029+4.2+0.006 ms clock, 0.58+0/5.0/0.046+0.12 ms cpu, 186->186->98 MB, 189 MB goal, 0 MB stacks, 0 MB globals, 20 P
gc 4328 @161.248s 0%: 0.024+0.67+0.017 ms clock, 0.49+0/1.2/0.018+0.34 ms cpu, 195->195->111 MB, 197 MB goal, 0 MB stacks, 0 MB globals, 20 P
gc 4329 @161.269s 0%: 0.020+2.4+0.003 ms clock, 0.40+0/2.7/0.084+0.069 ms cpu, 217->217->94 MB, 223 MB goal, 0 MB stacks, 0 MB globals, 20 P
gc 4330 @161.284s 0%: 0.020+1.0+0.007 ms clock, 0.40+0/1.3/0+0.14 ms cpu, 186->186->98 MB, 189 MB goal, 0 MB stacks, 0 MB globals, 20 P
gc 4331 @161.304s 0%: 0.020+0.52+0.011 ms clock, 0.41+0/0.78/0+0.23 ms cpu, 195->195->111 MB, 196 MB goal, 0 MB stacks, 0 MB globals, 20 P
gc 4332 @161.325s 0%: 0.020+4.5+0.010 ms clock, 0.40+0/5.1/0+0.20 ms cpu, 217->217->94 MB, 223 MB goal, 0 MB stacks, 0 MB globals, 20 P
gc 4333 @161.349s 0%: 0.030+1.3+0.007 ms clock, 0.60+0/2.4/0.25+0.14 ms cpu, 186->186->98 MB, 189 MB goal, 0 MB stacks, 0 MB globals, 20 P
gc 4334 @161.378s 0%: 0.023+0.85+0.021 ms clock, 0.47+0/0.99/0.003+0.42 ms cpu, 195->195->111 MB, 197 MB goal, 0 MB stacks, 0 MB globals, 20 P
gc 4335 @161.404s 0%: 0.018+1.6+0.003 ms clock, 0.36+0/1.7/0+0.071 ms cpu, 217->217->94 MB, 223 MB goal, 0 MB stacks, 0 MB globals, 20 P
gc 4336 @161.417s 0%: 0.026+3.0+0.006 ms clock, 0.52+0/3.4/0.010+0.13 ms cpu, 186->186->98 MB, 189 MB goal, 0 MB stacks, 0 MB globals, 20 P
gc 4337 @161.444s 0%: 0.022+0.63+0.017 ms clock, 0.45+0/0.93/0+0.34 ms cpu, 195->195->111 MB, 197 MB goal, 0 MB stacks, 0 MB globals, 20 P
gc 4338 @161.465s 0%: 0.016+2.3+0.002 ms clock, 0.32+0/2.7/0+0.059 ms cpu, 217->217->94 MB, 224 MB goal, 0 MB stacks, 0 MB globals, 20 P
gc 4339 @161.479s 0%: 0.016+2.0+0.003 ms clock, 0.32+0/2.1/0+0.063 ms cpu, 186->186->98 MB, 189 MB goal, 0 MB stacks, 0 MB globals, 20 P
gc 4340 @161.495s 0%: 0.019+0.47+0.015 ms clock, 0.38+0/0.64/0+0.31 ms cpu, 195->195->111 MB, 197 MB goal, 0 MB stacks, 0 MB globals, 20 P
gc 4341 @161.515s 0%: 0.024+3.0+0.005 ms clock, 0.48+0/3.7/0+0.10 ms cpu, 217->217->94 MB, 223 MB goal, 0 MB stacks, 0 MB globals, 20 P
gc 4342 @161.530s 0%: 0.018+1.5+0.004 ms clock, 0.36+0/1.7/0+0.086 ms cpu, 186->186->98 MB, 189 MB goal, 0 MB stacks, 0 MB globals, 20 P
gc 4343 @161.547s 0%: 0.019+0.46+0.009 ms clock, 0.38+0/0.61/0+0.19 ms cpu, 195->195->111 MB, 197 MB goal, 0 MB stacks, 0 MB globals, 20 P
gc 4344 @161.564s 0%: 0.019+0.67+0.002 ms clock, 0.38+0/0.95/0+0.056 ms cpu, 217->217->94 MB, 223 MB goal, 0 MB stacks, 0 MB globals, 20 P
gc 4345 @161.577s 0%: 0.023+2.2+0.003 ms clock, 0.47+0/2.4/0+0.071 ms cpu, 186->186->98 MB, 189 MB goal, 0 MB stacks, 0 MB globals, 20 P
gc 4346 @161.595s 0%: 0.019+0.56+0.014 ms clock, 0.38+0/0.77/0.029+0.28 ms cpu, 195->195->111 MB, 196 MB goal, 0 MB stacks, 0 MB globals, 20 P
gc 4347 @161.614s 0%: 0.027+1.1+0.007 ms clock, 0.54+0/1.7/0+0.14 ms cpu, 217->217->94 MB, 223 MB goal, 0 MB stacks, 0 MB globals, 20 P
gc 4348 @161.632s 0%: 0.027+1.6+0.007 ms clock, 0.55+0/2.4/0.027+0.14 ms cpu, 186->186->98 MB, 189 MB goal, 0 MB stacks, 0 MB globals, 20 P
gc 4349 @161.661s 0%: 0.044+0.60+0.014 ms clock, 0.89+0/1.3/0.001+0.29 ms cpu, 192->192->134 MB, 196 MB goal, 0 MB stacks, 0 MB globals, 20 P
gc 4350 @161.705s 0%: 0.017+3.7+0.003 ms clock, 0.34+0/3.8/0+0.063 ms cpu, 258->258->109 MB, 269 MB goal, 0 MB stacks, 0 MB globals, 20 P
gc 4351 @161.729s 0%: 0.037+0.35+0.004 ms clock, 0.74+0/0.87/0+0.082 ms cpu, 207->208->99 MB, 218 MB goal, 0 MB stacks, 0 MB globals, 20 P
gc 4352 @161.742s 0%: 0.061+0.59+0.10 ms clock, 1.2+0/0.82/0+2.0 ms cpu, 192->192->103 MB, 199 MB goal, 0 MB stacks, 0 MB globals, 20 P
gc 4353 @161.756s 0%: 0.026+1.2+0.003 ms clock, 0.52+0/1.8/0.001+0.078 ms cpu, 196->196->107 MB, 206 MB goal, 0 MB stacks, 0 MB globals, 20 P
gc 4354 @161.785s 0%: 0.018+0.48+0.007 ms clock, 0.37+0/0.70/0+0.14 ms cpu, 214->214->122 MB, 214 MB goal, 0 MB stacks, 0 MB globals, 20 P
gc 4355 @161.809s 0%: 0.022+1.0+0.006 ms clock, 0.45+0/1.6/0+0.13 ms cpu, 236->236->96 MB, 245 MB goal, 0 MB stacks, 0 MB globals, 20 P
gc 4356 @161.829s 0%: 0.056+8.4+0.10 ms clock, 1.1+0/9.4/0.088+2.0 ms cpu, 192->203->111 MB, 192 MB goal, 0 MB stacks, 0 MB globals, 20 P
gc 4357 @161.863s 0%: 0.022+0.65+0.005 ms clock, 0.45+0/1.2/0+0.11 ms cpu, 217->217->94 MB, 223 MB goal, 0 MB stacks, 0 MB globals, 20 P
gc 4358 @161.880s 0%: 0.030+3.3+0.007 ms clock, 0.61+0/4.0/0+0.15 ms cpu, 186->186->98 MB, 189 MB goal, 0 MB stacks, 0 MB globals, 20 P
gc 4359 @161.912s 0%: 0.036+0.70+0.022 ms clock, 0.72+0/1.4/0.014+0.44 ms cpu, 195->195->111 MB, 196 MB goal, 0 MB stacks, 0 MB globals, 20 P
gc 4360 @161.936s 0%: 0.024+2.3+0.003 ms clock, 0.49+0/2.9/0.025+0.066 ms cpu, 217->217->94 MB, 223 MB goal, 0 MB stacks, 0 MB globals, 20 P
gc 4361 @161.950s 0%: 0.017+1.7+0.003 ms clock, 0.34+0/1.9/0.002+0.070 ms cpu, 186->186->98 MB, 189 MB goal, 0 MB stacks, 0 MB globals, 20 P
gc 4362 @161.968s 0%: 0.036+8.3+0.003 ms clock, 0.72+0/9.3/0+0.069 ms cpu, 200->200->104 MB, 200 MB goal, 0 MB stacks, 0 MB globals, 20 P
gc 4363 @161.993s 0%: 0.016+0.65+0.003 ms clock, 0.33+0/0.95/0+0.075 ms cpu, 202->202->105 MB, 208 MB goal, 0 MB stacks, 0 MB globals, 20 P
gc 4364 @162.012s 0%: 0.023+1.7+0.089 ms clock, 0.46+0/2.0/0.042+1.7 ms cpu, 211->222->123 MB, 211 MB goal, 0 MB stacks, 0 MB globals, 20 P
gc 4365 @162.034s 0%: 0.019+3.2+0.003 ms clock, 0.38+0/3.5/0.003+0.075 ms cpu, 237->237->108 MB, 248 MB goal, 0 MB stacks, 0 MB globals, 20 P
gc 4366 @162.058s 0%: 0.017+0.52+0.015 ms clock, 0.35+0/0.88/0.002+0.31 ms cpu, 215->215->123 MB, 217 MB goal, 0 MB stacks, 0 MB globals, 20 P
gc 4367 @162.088s 0%: 0.032+1.3+0.008 ms clock, 0.65+0/2.0/0.002+0.16 ms cpu, 237->237->108 MB, 248 MB goal, 0 MB stacks, 0 MB globals, 20 P
gc 4368 @162.104s 0%: 0.020+0.46+0.005 ms clock, 0.40+0/0.67/0+0.10 ms cpu, 215->215->123 MB, 217 MB goal, 0 MB stacks, 0 MB globals, 20 P
gc 4369 @162.128s 0%: 0.021+0.76+0.004 ms clock, 0.42+0/1.2/0.046+0.082 ms cpu, 237->237->96 MB, 247 MB goal, 0 MB stacks, 0 MB globals, 20 P
gc 4370 @162.148s 0%: 0.043+2.1+0.013 ms clock, 0.86+0/2.9/0.005+0.27 ms cpu, 192->192->100 MB, 193 MB goal, 0 MB stacks, 0 MB globals, 20 P
gc 4371 @162.171s 0%: 0.017+0.46+0.064 ms clock, 0.34+0.12/0.61/0+1.2 ms cpu, 192->193->91 MB, 202 MB goal, 0 MB stacks, 0 MB globals, 20 P
gc 4372 @162.182s 0%: 0.017+2.4+0.004 ms clock, 0.34+0/1.6/0.042+0.092 ms cpu, 173->177->95 MB, 182 MB goal, 0 MB stacks, 0 MB globals, 20 P
gc 4373 @162.198s 0%: 0.029+1.2+0.005 ms clock, 0.58+0/1.7/0+0.10 ms cpu, 181->181->94 MB, 191 MB goal, 0 MB stacks, 0 MB globals, 20 P
gc 4374 @162.214s 0%: 0.021+4.3+0.003 ms clock, 0.43+0/4.9/0+0.067 ms cpu, 186->186->98 MB, 189 MB goal, 0 MB stacks, 0 MB globals, 20 P
gc 4375 @162.234s 0%: 0.019+0.46+0.013 ms clock, 0.39+0/0.89/0.021+0.27 ms cpu, 195->195->111 MB, 197 MB goal, 0 MB stacks, 0 MB globals, 20 P
gc 4376 @162.263s 0%: 0.019+0.69+0.005 ms clock, 0.38+0/1.2/0+0.11 ms cpu, 217->217->94 MB, 223 MB goal, 0 MB stacks, 0 MB globals, 20 P
gc 4377 @162.281s 0%: 0.16+2.0+0.008 ms clock, 3.3+0/2.9/0.24+0.17 ms cpu, 186->186->98 MB, 189 MB goal, 0 MB stacks, 0 MB globals, 20 P
gc 4378 @162.312s 0%: 0.026+0.56+0.027 ms clock, 0.52+0/0.92/0+0.54 ms cpu, 195->195->111 MB, 197 MB goal, 0 MB stacks, 0 MB globals, 20 P
gc 4379 @162.345s 0%: 0.024+0.85+0.003 ms clock, 0.49+0/1.5/0.023+0.066 ms cpu, 217->217->94 MB, 223 MB goal, 0 MB stacks, 0 MB globals, 20 P
gc 4380 @162.363s 0%: 0.016+0.97+0.005 ms clock, 0.33+0/1.2/0.014+0.10 ms cpu, 186->186->98 MB, 189 MB goal, 0 MB stacks, 0 MB globals, 20 P
gc 4381 @162.393s 0%: 0.031+0.74+0.021 ms clock, 0.63+0/1.5/0.29+0.42 ms cpu, 195->195->111 MB, 196 MB goal, 0 MB stacks, 0 MB globals, 20 P
gc 4382 @162.416s 0%: 0.025+1.5+0.004 ms clock, 0.51+0/2.2/0.10+0.089 ms cpu, 217->217->94 MB, 223 MB goal, 0 MB stacks, 0 MB globals, 20 P
gc 4383 @162.430s 0%: 0.016+1.8+0.020 ms clock, 0.32+0/2.4/0.002+0.40 ms cpu, 186->186->98 MB, 189 MB goal, 0 MB stacks, 0 MB globals, 20 P
gc 4384 @162.446s 0%: 0.019+0.69+0.014 ms clock, 0.38+0/0.87/0+0.28 ms cpu, 195->195->111 MB, 197 MB goal, 0 MB stacks, 0 MB globals, 20 P
gc 4385 @162.466s 0%: 0.018+2.8+0.005 ms clock, 0.37+0/3.1/0+0.10 ms cpu, 217->217->94 MB, 223 MB goal, 0 MB stacks, 0 MB globals, 20 P
gc 4386 @162.492s 0%: 0.036+1.7+0.011 ms clock, 0.72+0/2.7/0.10+0.22 ms cpu, 186->186->98 MB, 189 MB goal, 0 MB stacks, 0 MB globals, 20 P
gc 4387 @162.523s 0%: 0.032+0.51+0.12 ms clock, 0.65+0/0.76/0+2.4 ms cpu, 195->195->111 MB, 197 MB goal, 0 MB stacks, 0 MB globals, 20 P
gc 4388 @162.550s 0%: 0.024+4.0+0.011 ms clock, 0.48+0/4.7/0+0.22 ms cpu, 217->217->94 MB, 223 MB goal, 0 MB stacks, 0 MB globals, 20 P
gc 4389 @162.572s 0%: 0.026+4.9+0.008 ms clock, 0.52+0/5.7/0+0.16 ms cpu, 186->186->98 MB, 189 MB goal, 0 MB stacks, 0 MB globals, 20 P
gc 4390 @162.596s 0%: 0.019+0.58+0.018 ms clock, 0.38+0/0.82/0+0.36 ms cpu, 195->195->111 MB, 197 MB goal, 0 MB stacks, 0 MB globals, 20 P
gc 4391 @162.620s 0%: 0.024+0.91+0.007 ms clock, 0.48+0/1.3/0.007+0.14 ms cpu, 217->217->94 MB, 223 MB goal, 0 MB stacks, 0 MB globals, 20 P
gc 4392 @162.633s 0%: 0.018+3.5+0.006 ms clock, 0.37+0/3.5/0+0.12 ms cpu, 186->186->98 MB, 189 MB goal, 0 MB stacks, 0 MB globals, 20 P
gc 4393 @162.661s 0%: 0.024+0.71+0.096 ms clock, 0.49+0/0.96/0+1.9 ms cpu, 195->195->111 MB, 196 MB goal, 0 MB stacks, 0 MB globals, 20 P
gc 4394 @162.684s 0%: 0.028+5.3+0.007 ms clock, 0.57+0/6.2/0+0.14 ms cpu, 217->217->94 MB, 223 MB goal, 0 MB stacks, 0 MB globals, 20 P
gc 4395 @162.703s 0%: 0.022+2.5+0.14 ms clock, 0.44+0/3.1/0+2.8 ms cpu, 186->186->98 MB, 189 MB goal, 0 MB stacks, 0 MB globals, 20 P
gc 4396 @162.729s 0%: 0.018+0.41+0.006 ms clock, 0.37+0/0.67/0.011+0.13 ms cpu, 195->195->111 MB, 196 MB goal, 0 MB stacks, 0 MB globals, 20 P
gc 4397 @162.749s 0%: 0.022+4.1+0.008 ms clock, 0.45+0/4.7/0+0.16 ms cpu, 217->217->94 MB, 223 MB goal, 0 MB stacks, 0 MB globals, 20 P
gc 4398 @162.771s 0%: 0.023+2.8+0.004 ms clock, 0.47+0/3.2/0+0.084 ms cpu, 186->186->98 MB, 189 MB goal, 0 MB stacks, 0 MB globals, 20 P
gc 4399 @162.790s 0%: 0.019+0.61+0.013 ms clock, 0.38+0/0.86/0+0.27 ms cpu, 195->195->111 MB, 197 MB goal, 0 MB stacks, 0 MB globals, 20 P
gc 4400 @162.810s 0%: 0.018+2.0+0.003 ms clock, 0.37+0/2.3/0+0.073 ms cpu, 217->217->94 MB, 223 MB goal, 0 MB stacks, 0 MB globals, 20 P
gc 4401 @162.827s 0%: 0.026+1.5+0.006 ms clock, 0.52+0/1.9/0.001+0.13 ms cpu, 186->186->98 MB, 189 MB goal, 0 MB stacks, 0 MB globals, 20 P
gc 4402 @162.853s 0%: 0.021+0.47+0.010 ms clock, 0.42+0/0.68/0+0.21 ms cpu, 195->195->111 MB, 196 MB goal, 0 MB stacks, 0 MB globals, 20 P
gc 4403 @162.870s 0%: 0.019+2.4+0.002 ms clock, 0.39+0/2.8/0+0.059 ms cpu, 217->217->94 MB, 223 MB goal, 0 MB stacks, 0 MB globals, 20 P
gc 4404 @162.887s 0%: 0.032+1.4+0.006 ms clock, 0.65+0/2.4/0.036+0.13 ms cpu, 186->186->98 MB, 189 MB goal, 0 MB stacks, 0 MB globals, 20 P
gc 4405 @162.908s 0%: 0.032+0.90+0.22 ms clock, 0.65+0/1.4/0.023+4.5 ms cpu, 195->195->111 MB, 196 MB goal, 0 MB stacks, 0 MB globals, 20 P
gc 4406 @162.933s 0%: 0.019+1.1+0.004 ms clock, 0.38+0/1.6/0.001+0.098 ms cpu, 217->217->94 MB, 223 MB goal, 0 MB stacks, 0 MB globals, 20 P
gc 4407 @162.944s 0%: 0.11+1.0+0.005 ms clock, 2.2+0/1.3/0+0.10 ms cpu, 186->186->98 MB, 189 MB goal, 0 MB stacks, 0 MB globals, 20 P
gc 4408 @162.959s 0%: 0.019+0.52+0.013 ms clock, 0.39+0/0.76/0+0.26 ms cpu, 195->195->111 MB, 196 MB goal, 0 MB stacks, 0 MB globals, 20 P
gc 4409 @162.990s 0%: 0.031+1.2+0.007 ms clock, 0.63+0/2.0/0.038+0.15 ms cpu, 217->217->94 MB, 223 MB goal, 0 MB stacks, 0 MB globals, 20 P
gc 4410 @163.012s 0%: 0.030+1.5+0.007 ms clock, 0.61+0/2.1/0+0.15 ms cpu, 186->186->98 MB, 189 MB goal, 0 MB stacks, 0 MB globals, 20 P
gc 4411 @163.031s 0%: 0.020+0.36+0.015 ms clock, 0.41+0/0.73/0.003+0.31 ms cpu, 195->195->111 MB, 197 MB goal, 0 MB stacks, 0 MB globals, 20 P
gc 4412 @163.054s 0%: 0.033+2.7+0.006 ms clock, 0.67+0/2.9/0+0.12 ms cpu, 217->217->94 MB, 223 MB goal, 0 MB stacks, 0 MB globals, 20 P
gc 4413 @163.076s 0%: 0.028+1.5+0.008 ms clock, 0.57+0/2.1/0.005+0.16 ms cpu, 186->186->98 MB, 189 MB goal, 0 MB stacks, 0 MB globals, 20 P
gc 4414 @163.103s 0%: 0.033+0.64+0.021 ms clock, 0.66+0/1.3/0+0.43 ms cpu, 195->195->111 MB, 197 MB goal, 0 MB stacks, 0 MB globals, 20 P
gc 4415 @163.126s 0%: 0.019+2.3+0.006 ms clock, 0.38+0/2.7/0.041+0.12 ms cpu, 217->217->94 MB, 224 MB goal, 0 MB stacks, 0 MB globals, 20 P
gc 4416 @163.141s 0%: 0.019+1.1+0.005 ms clock, 0.39+0/1.4/0+0.11 ms cpu, 186->186->98 MB, 190 MB goal, 0 MB stacks, 0 MB globals, 20 P
gc 4417 @163.166s 0%: 0.021+0.62+0.097 ms clock, 0.42+0/0.85/0+1.9 ms cpu, 195->195->111 MB, 197 MB goal, 0 MB stacks, 0 MB globals, 20 P
gc 4418 @163.188s 0%: 0.018+0.56+0.003 ms clock, 0.37+0/0.91/0+0.069 ms cpu, 217->217->94 MB, 224 MB goal, 0 MB stacks, 0 MB globals, 20 P
gc 4419 @163.199s 0%: 0.040+1.0+0.003 ms clock, 0.80+0/1.5/0+0.076 ms cpu, 186->186->98 MB, 189 MB goal, 0 MB stacks, 0 MB globals, 20 P
gc 4420 @163.215s 0%: 0.019+0.58+0.082 ms clock, 0.38+0/0.69/0+1.6 ms cpu, 195->195->111 MB, 196 MB goal, 0 MB stacks, 0 MB globals, 20 P
gc 4421 @163.238s 0%: 0.030+4.0+0.003 ms clock, 0.60+0/4.0/0.016+0.076 ms cpu, 217->217->94 MB, 223 MB goal, 0 MB stacks, 0 MB globals, 20 P
gc 4422 @163.255s 0%: 0.032+1.2+0.006 ms clock, 0.64+0/2.1/0.053+0.12 ms cpu, 186->186->98 MB, 189 MB goal, 0 MB stacks, 0 MB globals, 20 P
gc 4423 @163.279s 0%: 0.019+0.37+0.008 ms clock, 0.38+0/0.65/0+0.16 ms cpu, 195->195->111 MB, 196 MB goal, 0 MB stacks, 0 MB globals, 20 P
gc 4424 @163.302s 0%: 0.023+3.7+0.006 ms clock, 0.46+0/4.3/0+0.12 ms cpu, 217->217->94 MB, 223 MB goal, 0 MB stacks, 0 MB globals, 20 P
gc 4425 @163.321s 0%: 0.018+2.5+0.005 ms clock, 0.36+0/2.8/0+0.11 ms cpu, 186->186->98 MB, 189 MB goal, 0 MB stacks, 0 MB globals, 20 P
gc 4426 @163.339s 0%: 0.018+0.46+0.011 ms clock, 0.37+0/0.82/0+0.22 ms cpu, 195->195->111 MB, 197 MB goal, 0 MB stacks, 0 MB globals, 20 P
gc 4427 @163.365s 0%: 0.027+4.3+0.007 ms clock, 0.54+0/5.0/0.006+0.15 ms cpu, 217->217->94 MB, 224 MB goal, 0 MB stacks, 0 MB globals, 20 P
gc 4428 @163.386s 0%: 0.032+3.6+0.004 ms clock, 0.65+0/4.0/0+0.095 ms cpu, 186->186->98 MB, 189 MB goal, 0 MB stacks, 0 MB globals, 20 P
gc 4429 @163.410s 0%: 0.023+0.57+0.017 ms clock, 0.47+0/1.1/0+0.34 ms cpu, 195->195->111 MB, 197 MB goal, 0 MB stacks, 0 MB globals, 20 P
gc 4430 @163.441s 0%: 0.029+4.0+0.005 ms clock, 0.59+0/4.7/0.055+0.11 ms cpu, 217->217->94 MB, 224 MB goal, 0 MB stacks, 0 MB globals, 20 P
gc 4431 @163.473s 0%: 0.030+1.6+0.008 ms clock, 0.61+0/2.3/0+0.16 ms cpu, 186->186->98 MB, 189 MB goal, 0 MB stacks, 0 MB globals, 20 P
gc 4432 @163.499s 0%: 0.031+1.1+0.021 ms clock, 0.62+0/1.4/0+0.43 ms cpu, 195->195->111 MB, 197 MB goal, 0 MB stacks, 0 MB globals, 20 P
gc 4433 @163.531s 0%: 0.029+4.7+0.008 ms clock, 0.59+0/5.4/0+0.17 ms cpu, 217->217->94 MB, 224 MB goal, 0 MB stacks, 0 MB globals, 20 P
gc 4434 @163.559s 0%: 0.033+1.5+0.007 ms clock, 0.67+0/2.4/0.010+0.15 ms cpu, 186->186->98 MB, 189 MB goal, 0 MB stacks, 0 MB globals, 20 P
gc 4435 @163.578s 0%: 0.019+0.39+0.008 ms clock, 0.38+0/0.63/0+0.16 ms cpu, 195->195->111 MB, 197 MB goal, 0 MB stacks, 0 MB globals, 20 P
gc 4436 @163.604s 0%: 0.027+2.8+0.004 ms clock, 0.55+0/3.3/0.024+0.087 ms cpu, 217->217->94 MB, 223 MB goal, 0 MB stacks, 0 MB globals, 20 P
gc 4437 @163.622s 0%: 0.027+2.5+0.002 ms clock, 0.55+0/3.3/0.013+0.059 ms cpu, 186->186->98 MB, 189 MB goal, 0 MB stacks, 0 MB globals, 20 P
gc 4438 @163.645s 0%: 0.030+0.74+0.024 ms clock, 0.61+0/1.4/0.027+0.48 ms cpu, 195->195->111 MB, 197 MB goal, 0 MB stacks, 0 MB globals, 20 P
gc 4439 @163.675s 0%: 0.026+4.4+0.007 ms clock, 0.52+0/4.9/0+0.15 ms cpu, 217->217->94 MB, 223 MB goal, 0 MB stacks, 0 MB globals, 20 P
gc 4440 @163.688s 0%: 0.016+3.3+0.004 ms clock, 0.32+0/3.5/0+0.089 ms cpu, 185->185->112 MB, 189 MB goal, 0 MB stacks, 0 MB globals, 20 P
gc 4441 @163.712s 0%: 0.017+0.60+0.005 ms clock, 0.34+0.057/0.74/0.005+0.11 ms cpu, 215->218->102 MB, 225 MB goal, 0 MB stacks, 0 MB globals, 20 P
gc 4442 @163.727s 0%: 0.023+0.79+0.005 ms clock, 0.47+0/1.5/0+0.11 ms cpu, 198->198->105 MB, 205 MB goal, 0 MB stacks, 0 MB globals, 20 P
gc 4443 @163.749s 0%: 0.028+5.6+0.005 ms clock, 0.56+0/6.0/0+0.11 ms cpu, 210->210->111 MB, 211 MB goal, 0 MB stacks, 0 MB globals, 20 P
gc 4444 @163.778s 0%: 0.026+0.60+0.005 ms clock, 0.53+0/1.3/0+0.10 ms cpu, 212->212->102 MB, 223 MB goal, 0 MB stacks, 0 MB globals, 20 P
gc 4445 @163.799s 0%: 0.028+5.9+0.006 ms clock, 0.57+0/6.6/0.064+0.12 ms cpu, 199->199->107 MB, 205 MB goal, 0 MB stacks, 0 MB globals, 20 P
gc 4446 @163.829s 0%: 0.027+0.59+0.009 ms clock, 0.55+0/1.1/0.001+0.18 ms cpu, 214->214->122 MB, 214 MB goal, 0 MB stacks, 0 MB globals, 20 P
gc 4447 @163.863s 0%: 0.026+5.8+0.008 ms clock, 0.53+0/6.3/0.004+0.16 ms cpu, 236->236->96 MB, 245 MB goal, 0 MB stacks, 0 MB globals, 20 P
gc 4448 @163.884s 0%: 0.024+1.5+0.006 ms clock, 0.49+0/2.1/0+0.13 ms cpu, 192->192->100 MB, 193 MB goal, 0 MB stacks, 0 MB globals, 20 P
gc 4449 @163.908s 0%: 0.019+0.56+0.004 ms clock, 0.39+0.13/0.71/0+0.090 ms cpu, 191->193->91 MB, 202 MB goal, 0 MB stacks, 0 MB globals, 20 P
gc 4450 @163.925s 0%: 0.021+0.83+0.015 ms clock, 0.43+0/1.3/0+0.30 ms cpu, 182->182->93 MB, 183 MB goal, 0 MB stacks, 0 MB globals, 20 P
gc 4451 @163.939s 0%: 0.022+4.8+0.003 ms clock, 0.45+0/5.0/0+0.076 ms cpu, 191->191->98 MB, 191 MB goal, 0 MB stacks, 0 MB globals, 20 P
gc 4452 @163.962s 0%: 0.034+0.63+0.010 ms clock, 0.69+0/1.3/0+0.21 ms cpu, 195->195->111 MB, 197 MB goal, 0 MB stacks, 0 MB globals, 20 P
gc 4453 @163.990s 0%: 0.018+2.9+0.003 ms clock, 0.36+0/3.1/0+0.071 ms cpu, 225->225->96 MB, 225 MB goal, 0 MB stacks, 0 MB globals, 20 P
gc 4454 @164.008s 0%: 0.025+1.5+0.062 ms clock, 0.51+0/2.3/0.030+1.2 ms cpu, 192->203->111 MB, 193 MB goal, 0 MB stacks, 0 MB globals, 20 P
gc 4455 @164.032s 0%: 0.019+0.86+0.005 ms clock, 0.38+0/1.2/0.015+0.11 ms cpu, 217->217->94 MB, 224 MB goal, 0 MB stacks, 0 MB globals, 20 P
gc 4456 @164.047s 0%: 0.025+2.8+0.005 ms clock, 0.51+0/3.8/0.051+0.11 ms cpu, 186->186->98 MB, 189 MB goal, 0 MB stacks, 0 MB globals, 20 P
gc 4457 @164.070s 0%: 0.020+0.47+0.010 ms clock, 0.40+0/0.87/0+0.20 ms cpu, 195->195->111 MB, 197 MB goal, 0 MB stacks, 0 MB globals, 20 P
gc 4458 @164.090s 0%: 0.016+0.58+0.003 ms clock, 0.32+0/1.1/0.023+0.072 ms cpu, 217->217->94 MB, 223 MB goal, 0 MB stacks, 0 MB globals, 20 P
gc 4459 @164.109s 0%: 0.029+3.8+0.008 ms clock, 0.58+0/4.6/0.022+0.17 ms cpu, 186->186->98 MB, 189 MB goal, 0 MB stacks, 0 MB globals, 20 P
gc 4460 @164.135s 0%: 0.030+0.59+0.020 ms clock, 0.60+0/1.1/0+0.40 ms cpu, 195->195->111 MB, 197 MB goal, 0 MB stacks, 0 MB globals, 20 P
gc 4461 @164.160s 0%: 0.019+8.1+0.004 ms clock, 0.39+0/8.3/0+0.089 ms cpu, 234->234->112 MB, 234 MB goal, 0 MB stacks, 0 MB globals, 20 P
gc 4462 @164.194s 0%: 0.019+1.3+0.004 ms clock, 0.38+0/0.98/0+0.090 ms cpu, 216->218->103 MB, 226 MB goal, 0 MB stacks, 0 MB globals, 20 P
gc 4463 @164.210s 0%: 0.018+2.4+0.003 ms clock, 0.36+0/2.8/0.002+0.064 ms cpu, 198->198->105 MB, 206 MB goal, 0 MB stacks, 0 MB globals, 20 P
gc 4464 @164.224s 0%: 0.018+2.3+0.004 ms clock, 0.37+0/2.5/0+0.080 ms cpu, 210->210->111 MB, 211 MB goal, 0 MB stacks, 0 MB globals, 20 P
gc 4465 @164.244s 0%: 0.019+1.5+1.5 ms clock, 0.38+0/1.9/0+31 ms cpu, 216->222->108 MB, 223 MB goal, 0 MB stacks, 0 MB globals, 20 P
gc 4466 @164.259s 0%: 0.019+1.6+0.003 ms clock, 0.39+0/2.0/0+0.073 ms cpu, 206->206->109 MB, 217 MB goal, 0 MB stacks, 0 MB globals, 20 P
gc 4467 @164.276s 0%: 0.027+0.40+0.004 ms clock, 0.55+0.076/0.89/0+0.086 ms cpu, 207->208->88 MB, 218 MB goal, 0 MB stacks, 0 MB globals, 20 P
gc 4468 @164.287s 0%: 0.018+1.7+0.005 ms clock, 0.36+0.12/0.63/0+0.11 ms cpu, 167->171->93 MB, 178 MB goal, 0 MB stacks, 0 MB globals, 20 P
gc 4469 @164.300s 0%: 0.017+1.7+0.003 ms clock, 0.34+0/2.1/0+0.061 ms cpu, 177->177->92 MB, 187 MB goal, 0 MB stacks, 0 MB globals, 20 P
gc 4470 @164.314s 0%: 0.017+0.74+0.006 ms clock, 0.35+0/0.94/0+0.12 ms cpu, 179->179->95 MB, 185 MB goal, 0 MB stacks, 0 MB globals, 20 P
gc 4471 @164.332s 0%: 0.14+7.2+0.005 ms clock, 2.8+0/7.8/0+0.10 ms cpu, 187->187->99 MB, 192 MB goal, 0 MB stacks, 0 MB globals, 20 P
gc 4472 @164.370s 0%: 0.019+0.41+0.011 ms clock, 0.39+0/0.65/0+0.23 ms cpu, 196->196->112 MB, 199 MB goal, 0 MB stacks, 0 MB globals, 20 P
gc 4473 @164.396s 0%: 0.032+4.6+0.007 ms clock, 0.64+0/5.4/0.027+0.15 ms cpu, 219->219->95 MB, 226 MB goal, 0 MB stacks, 0 MB globals, 20 P
gc 4474 @164.424s 0%: 0.027+1.2+0.005 ms clock, 0.54+0/2.0/0+0.11 ms cpu, 187->187->99 MB, 192 MB goal, 0 MB stacks, 0 MB globals, 20 P
gc 4475 @164.449s 0%: 0.024+0.53+0.017 ms clock, 0.49+0/0.91/0+0.35 ms cpu, 196->196->112 MB, 199 MB goal, 0 MB stacks, 0 MB globals, 20 P
gc 4476 @164.473s 0%: 0.020+2.5+0.004 ms clock, 0.40+0/3.0/0+0.085 ms cpu, 218->218->94 MB, 226 MB goal, 0 MB stacks, 0 MB globals, 20 P
gc 4477 @164.498s 0%: 0.028+1.2+0.005 ms clock, 0.57+0/2.1/0.12+0.11 ms cpu, 186->186->98 MB, 189 MB goal, 0 MB stacks, 0 MB globals, 20 P
gc 4478 @164.523s 0%: 0.021+0.51+0.020 ms clock, 0.42+0/0.82/0+0.41 ms cpu, 195->195->111 MB, 197 MB goal, 0 MB stacks, 0 MB globals, 20 P
gc 4479 @164.555s 0%: 0.022+3.2+0.004 ms clock, 0.44+0/3.6/0+0.098 ms cpu, 217->217->94 MB, 223 MB goal, 0 MB stacks, 0 MB globals, 20 P
gc 4480 @164.579s 0%: 0.032+3.3+0.003 ms clock, 0.65+0/3.7/0+0.071 ms cpu, 186->186->98 MB, 189 MB goal, 0 MB stacks, 0 MB globals, 20 P
gc 4481 @164.609s 0%: 0.027+0.52+0.020 ms clock, 0.54+0/1.2/0.001+0.41 ms cpu, 195->195->111 MB, 197 MB goal, 0 MB stacks, 0 MB globals, 20 P
gc 4482 @164.637s 0%: 0.026+4.3+0.007 ms clock, 0.52+0/4.8/0+0.15 ms cpu, 217->217->94 MB, 223 MB goal, 0 MB stacks, 0 MB globals, 20 P
gc 4483 @164.663s 0%: 0.029+4.3+0.006 ms clock, 0.59+0/5.1/0.057+0.12 ms cpu, 186->186->98 MB, 189 MB goal, 0 MB stacks, 0 MB globals, 20 P
gc 4484 @164.693s 0%: 0.028+0.98+0.17 ms clock, 0.56+0/1.5/0+3.4 ms cpu, 195->195->111 MB, 197 MB goal, 0 MB stacks, 0 MB globals, 20 P
gc 4485 @164.720s 0%: 0.019+2.6+0.003 ms clock, 0.38+0/2.8/0+0.079 ms cpu, 217->217->94 MB, 223 MB goal, 0 MB stacks, 0 MB globals, 20 P
gc 4486 @164.736s 0%: 0.018+1.5+0.003 ms clock, 0.36+0/1.7/0+0.070 ms cpu, 186->186->98 MB, 189 MB goal, 0 MB stacks, 0 MB globals, 20 P
gc 4487 @164.757s 0%: 0.037+0.83+0.11 ms clock, 0.74+0/1.3/0+2.3 ms cpu, 195->195->111 MB, 197 MB goal, 0 MB stacks, 0 MB globals, 20 P
gc 4488 @164.783s 0%: 0.017+2.4+0.003 ms clock, 0.35+0/2.6/0.002+0.077 ms cpu, 217->217->94 MB, 223 MB goal, 0 MB stacks, 0 MB globals, 20 P
gc 4489 @164.799s 0%: 0.021+1.4+0.005 ms clock, 0.43+0/1.7/0+0.11 ms cpu, 186->186->98 MB, 189 MB goal, 0 MB stacks, 0 MB globals, 20 P
gc 4490 @164.824s 0%: 0.030+0.96+0.026 ms clock, 0.60+0/1.3/0+0.52 ms cpu, 195->195->111 MB, 197 MB goal, 0 MB stacks, 0 MB globals, 20 P
gc 4491 @164.858s 0%: 0.025+1.4+0.006 ms clock, 0.51+0/2.1/0.010+0.12 ms cpu, 217->217->94 MB, 223 MB goal, 0 MB stacks, 0 MB globals, 20 P
gc 4492 @164.880s 0%: 0.035+1.5+0.007 ms clock, 0.71+0/2.4/0.010+0.15 ms cpu, 186->186->98 MB, 189 MB goal, 0 MB stacks, 0 MB globals, 20 P
gc 4493 @164.910s 0%: 0.030+0.64+0.014 ms clock, 0.61+0/1.1/0.041+0.28 ms cpu, 195->195->111 MB, 197 MB goal, 0 MB stacks, 0 MB globals, 20 P
gc 4494 @164.941s 0%: 0.047+4.1+0.007 ms clock, 0.95+0/4.8/0+0.15 ms cpu, 217->217->94 MB, 223 MB goal, 0 MB stacks, 0 MB globals, 20 P
gc 4495 @164.968s 0%: 0.026+3.7+0.007 ms clock, 0.52+0/4.5/0.002+0.15 ms cpu, 186->186->98 MB, 189 MB goal, 0 MB stacks, 0 MB globals, 20 P
gc 4496 @164.997s 0%: 0.033+0.64+0.017 ms clock, 0.66+0/1.2/0.027+0.35 ms cpu, 195->195->111 MB, 197 MB goal, 0 MB stacks, 0 MB globals, 20 P
gc 4497 @165.024s 0%: 0.025+2.6+0.003 ms clock, 0.50+0/2.9/0.010+0.076 ms cpu, 217->217->94 MB, 223 MB goal, 0 MB stacks, 0 MB globals, 20 P
gc 4498 @165.044s 0%: 0.026+1.5+0.005 ms clock, 0.53+0/1.9/0+0.11 ms cpu, 186->186->98 MB, 189 MB goal, 0 MB stacks, 0 MB globals, 20 P
gc 4499 @165.070s 0%: 0.018+0.53+0.010 ms clock, 0.37+0/0.75/0+0.20 ms cpu, 195->195->111 MB, 197 MB goal, 0 MB stacks, 0 MB globals, 20 P
gc 4500 @165.086s 0%: 0.016+0.74+0.003 ms clock, 0.32+0/1.0/0+0.071 ms cpu, 217->217->94 MB, 223 MB goal, 0 MB stacks, 0 MB globals, 20 P
gc 4501 @165.099s 0%: 0.016+1.5+0.003 ms clock, 0.33+0/1.9/0+0.067 ms cpu, 186->186->98 MB, 189 MB goal, 0 MB stacks, 0 MB globals, 20 P
gc 4502 @165.117s 0%: 0.021+0.53+0.013 ms clock, 0.43+0/0.82/0+0.26 ms cpu, 195->195->111 MB, 197 MB goal, 0 MB stacks, 0 MB globals, 20 P
gc 4503 @165.136s 0%: 0.026+3.8+0.007 ms clock, 0.53+0/4.3/0+0.14 ms cpu, 217->217->94 MB, 223 MB goal, 0 MB stacks, 0 MB globals, 20 P
gc 4504 @165.154s 0%: 0.020+3.2+0.005 ms clock, 0.41+0/3.4/0.050+0.11 ms cpu, 186->186->98 MB, 189 MB goal, 0 MB stacks, 0 MB globals, 20 P
gc 4505 @165.184s 0%: 0.026+0.60+0.016 ms clock, 0.53+0/0.97/0+0.33 ms cpu, 195->195->111 MB, 197 MB goal, 0 MB stacks, 0 MB globals, 20 P
gc 4506 @165.207s 0%: 0.034+1.1+0.005 ms clock, 0.68+0/1.4/0+0.10 ms cpu, 217->217->94 MB, 223 MB goal, 0 MB stacks, 0 MB globals, 20 P
gc 4507 @165.221s 0%: 0.022+2.1+0.007 ms clock, 0.44+0/2.3/0+0.14 ms cpu, 186->186->98 MB, 189 MB goal, 0 MB stacks, 0 MB globals, 20 P
gc 4508 @165.247s 0%: 0.025+0.52+0.026 ms clock, 0.51+0/1.2/0+0.53 ms cpu, 195->195->111 MB, 197 MB goal, 0 MB stacks, 0 MB globals, 20 P
gc 4509 @165.272s 0%: 0.019+2.4+0.002 ms clock, 0.38+0/2.7/0+0.056 ms cpu, 217->217->94 MB, 223 MB goal, 0 MB stacks, 0 MB globals, 20 P
gc 4510 @165.286s 0%: 0.019+0.86+0.003 ms clock, 0.39+0/1.4/0+0.064 ms cpu, 186->186->98 MB, 189 MB goal, 0 MB stacks, 0 MB globals, 20 P
gc 4511 @165.316s 0%: 0.032+0.48+0.016 ms clock, 0.65+0/0.87/0.007+0.33 ms cpu, 195->195->111 MB, 197 MB goal, 0 MB stacks, 0 MB globals, 20 P
gc 4512 @165.335s 0%: 0.018+8.8+0.003 ms clock, 0.36+0/9.2/0.089+0.078 ms cpu, 234->234->112 MB, 234 MB goal, 0 MB stacks, 0 MB globals, 20 P
gc 4513 @165.371s 0%: 0.016+1.3+0.004 ms clock, 0.33+0/0.95/0+0.081 ms cpu, 216->218->103 MB, 226 MB goal, 0 MB stacks, 0 MB globals, 20 P
gc 4514 @165.391s 0%: 0.023+4.1+0.003 ms clock, 0.47+0/4.4/0.007+0.079 ms cpu, 209->209->108 MB, 209 MB goal, 0 MB stacks, 0 MB globals, 20 P
gc 4515 @165.418s 0%: 0.021+0.55+0.012 ms clock, 0.42+0/0.79/0+0.25 ms cpu, 216->216->123 MB, 217 MB goal, 0 MB stacks, 0 MB globals, 20 P
gc 4516 @165.443s 0%: 0.023+1.0+0.007 ms clock, 0.47+0/1.6/0+0.15 ms cpu, 247->247->110 MB, 248 MB goal, 0 MB stacks, 0 MB globals, 20 P
gc 4517 @165.465s 0%: 0.028+0.64+1.7 ms clock, 0.56+0/1.4/0.076+34 ms cpu, 216->218->104 MB, 221 MB goal, 0 MB stacks, 0 MB globals, 20 P
gc 4518 @165.495s 0%: 0.030+3.5+0.007 ms clock, 0.61+0/4.0/0.003+0.15 ms cpu, 207->207->97 MB, 208 MB goal, 0 MB stacks, 0 MB globals, 20 P
gc 4519 @165.522s 0%: 0.027+2.2+0.004 ms clock, 0.55+0/2.3/0+0.080 ms cpu, 194->194->101 MB, 195 MB goal, 0 MB stacks, 0 MB globals, 20 P
gc 4520 @165.559s 0%: 0.026+1.0+0.007 ms clock, 0.52+0/1.3/0+0.14 ms cpu, 198->202->94 MB, 202 MB goal, 0 MB stacks, 0 MB globals, 20 P
gc 4521 @165.580s 0%: 0.039+7.0+0.006 ms clock, 0.78+0/7.9/0+0.12 ms cpu, 191->191->96 MB, 191 MB goal, 0 MB stacks, 0 MB globals, 20 P
gc 4522 @165.606s 0%: 0.025+8.2+0.15 ms clock, 0.50+0/8.6/0+3.0 ms cpu, 192->203->111 MB, 193 MB goal, 0 MB stacks, 0 MB globals, 20 P
gc 4523 @165.640s 0%: 0.026+4.3+0.004 ms clock, 0.53+0/5.1/0.042+0.094 ms cpu, 217->217->94 MB, 224 MB goal, 0 MB stacks, 0 MB globals, 20 P
gc 4524 @165.663s 0%: 0.031+4.2+0.007 ms clock, 0.63+0/5.0/0+0.14 ms cpu, 186->186->98 MB, 189 MB goal, 0 MB stacks, 0 MB globals, 20 P
gc 4525 @165.696s 0%: 0.025+0.80+0.017 ms clock, 0.51+0/1.1/0+0.34 ms cpu, 195->195->111 MB, 197 MB goal, 0 MB stacks, 0 MB globals, 20 P
gc 4526 @165.720s 0%: 0.021+2.1+0.003 ms clock, 0.43+0/2.4/0+0.069 ms cpu, 217->217->94 MB, 223 MB goal, 0 MB stacks, 0 MB globals, 20 P
gc 4527 @165.735s 0%: 0.016+0.94+0.003 ms clock, 0.32+0/1.0/0+0.075 ms cpu, 186->186->98 MB, 189 MB goal, 0 MB stacks, 0 MB globals, 20 P
gc 4528 @165.754s 0%: 0.022+0.62+0.017 ms clock, 0.45+0/1.0/0+0.35 ms cpu, 195->195->111 MB, 196 MB goal, 0 MB stacks, 0 MB globals, 20 P
gc 4529 @165.782s 0%: 0.028+1.3+0.006 ms clock, 0.57+0/2.2/0.098+0.12 ms cpu, 217->217->94 MB, 223 MB goal, 0 MB stacks, 0 MB globals, 20 P
gc 4530 @165.805s 0%: 0.028+3.7+0.006 ms clock, 0.57+0/4.6/0+0.13 ms cpu, 186->186->98 MB, 189 MB goal, 0 MB stacks, 0 MB globals, 20 P
gc 4531 @165.827s 0%: 0.019+0.47+0.008 ms clock, 0.38+0/0.64/0.001+0.16 ms cpu, 195->195->111 MB, 197 MB goal, 0 MB stacks, 0 MB globals, 20 P
gc 4532 @165.851s 0%: 0.021+3.7+0.005 ms clock, 0.42+0/4.2/0+0.11 ms cpu, 217->217->94 MB, 223 MB goal, 0 MB stacks, 0 MB globals, 20 P
gc 4533 @165.870s 0%: 0.022+3.2+0.005 ms clock, 0.44+0/3.8/0.032+0.11 ms cpu, 186->186->98 MB, 189 MB goal, 0 MB stacks, 0 MB globals, 20 P
gc 4534 @165.902s 0%: 0.032+0.62+0.018 ms clock, 0.65+0/1.5/0.013+0.36 ms cpu, 195->195->111 MB, 197 MB goal, 0 MB stacks, 0 MB globals, 20 P
gc 4535 @165.932s 0%: 0.018+2.2+0.003 ms clock, 0.37+0/2.7/0+0.064 ms cpu, 217->217->94 MB, 223 MB goal, 0 MB stacks, 0 MB globals, 20 P
gc 4536 @165.949s 0%: 0.027+1.2+0.005 ms clock, 0.55+0/2.3/0.45+0.11 ms cpu, 186->186->98 MB, 189 MB goal, 0 MB stacks, 0 MB globals, 20 P
gc 4537 @165.975s 0%: 0.025+0.73+0.15 ms clock, 0.50+0/1.0/0+3.0 ms cpu, 195->195->111 MB, 197 MB goal, 0 MB stacks, 0 MB globals, 20 P
gc 4538 @166.011s 0%: 0.027+3.8+0.004 ms clock, 0.54+0/4.2/0+0.093 ms cpu, 217->217->94 MB, 224 MB goal, 0 MB stacks, 0 MB globals, 20 P
gc 4539 @166.028s 0%: 0.026+1.1+0.008 ms clock, 0.53+0/2.0/0.11+0.17 ms cpu, 186->186->98 MB, 189 MB goal, 0 MB stacks, 0 MB globals, 20 P
gc 4540 @166.043s 0%: 0.017+0.43+0.015 ms clock, 0.34+0/0.69/0+0.31 ms cpu, 192->192->134 MB, 197 MB goal, 0 MB stacks, 0 MB globals, 20 P
gc 4541 @166.094s 0%: 0.018+5.1+0.005 ms clock, 0.37+0/5.4/0+0.10 ms cpu, 271->271->111 MB, 271 MB goal, 0 MB stacks, 0 MB globals, 20 P
gc 4542 @166.118s 0%: 0.030+0.79+0.005 ms clock, 0.61+0/0.97/0.007+0.11 ms cpu, 213->213->102 MB, 224 MB goal, 0 MB stacks, 0 MB globals, 20 P
gc 4543 @166.130s 0%: 0.019+0.91+0.11 ms clock, 0.38+0/1.3/0+2.2 ms cpu, 200->200->107 MB, 205 MB goal, 0 MB stacks, 0 MB globals, 20 P
gc 4544 @166.146s 0%: 0.020+0.48+0.005 ms clock, 0.40+0/0.78/0.012+0.11 ms cpu, 214->214->122 MB, 214 MB goal, 0 MB stacks, 0 MB globals, 20 P
gc 4545 @166.165s 0%: 0.016+2.8+0.002 ms clock, 0.32+0/3.3/0.040+0.059 ms cpu, 236->236->107 MB, 245 MB goal, 0 MB stacks, 0 MB globals, 20 P
gc 4546 @166.182s 0%: 0.021+0.50+0.008 ms clock, 0.42+0/0.67/0+0.16 ms cpu, 214->214->111 MB, 214 MB goal, 0 MB stacks, 0 MB globals, 20 P
gc 4547 @166.204s 0%: 0.028+0.85+0.007 ms clock, 0.56+0/1.8/0.075+0.14 ms cpu, 217->217->94 MB, 223 MB goal, 0 MB stacks, 0 MB globals, 20 P
gc 4548 @166.218s 0%: 0.025+1.5+0.007 ms clock, 0.50+0/1.8/0+0.14 ms cpu, 186->186->98 MB, 189 MB goal, 0 MB stacks, 0 MB globals, 20 P
gc 4549 @166.242s 0%: 0.027+0.64+0.022 ms clock, 0.55+0/1.2/0.004+0.44 ms cpu, 195->195->111 MB, 197 MB goal, 0 MB stacks, 0 MB globals, 20 P
gc 4550 @166.275s 0%: 0.028+3.6+0.007 ms clock, 0.57+0/4.2/0+0.15 ms cpu, 217->217->94 MB, 223 MB goal, 0 MB stacks, 0 MB globals, 20 P
gc 4551 @166.294s 0%: 0.025+3.4+0.005 ms clock, 0.51+0/4.0/0+0.11 ms cpu, 186->186->98 MB, 189 MB goal, 0 MB stacks, 0 MB globals, 20 P
gc 4552 @166.318s 0%: 0.020+0.49+0.013 ms clock, 0.41+0/0.89/0.001+0.27 ms cpu, 195->195->111 MB, 197 MB goal, 0 MB stacks, 0 MB globals, 20 P
gc 4553 @166.342s 0%: 0.027+0.97+0.008 ms clock, 0.55+0/1.7/0+0.16 ms cpu, 217->217->94 MB, 223 MB goal, 0 MB stacks, 0 MB globals, 20 P
gc 4554 @166.362s 0%: 0.030+5.8+0.007 ms clock, 0.61+0/6.5/0.076+0.15 ms cpu, 186->186->98 MB, 189 MB goal, 0 MB stacks, 0 MB globals, 20 P
gc 4555 @166.391s 0%: 0.024+0.53+0.020 ms clock, 0.49+0/1.0/0+0.41 ms cpu, 195->195->111 MB, 196 MB goal, 0 MB stacks, 0 MB globals, 20 P
gc 4556 @166.413s 0%: 0.022+2.5+0.003 ms clock, 0.44+0/2.9/0.059+0.071 ms cpu, 217->217->94 MB, 223 MB goal, 0 MB stacks, 0 MB globals, 20 P
gc 4557 @166.439s 0%: 0.020+2.1+0.003 ms clock, 0.41+0/2.5/0.001+0.063 ms cpu, 186->186->98 MB, 189 MB goal, 0 MB stacks, 0 MB globals, 20 P
gc 4558 @166.457s 0%: 0.019+0.40+0.011 ms clock, 0.39+0/0.69/0+0.22 ms cpu, 195->195->111 MB, 196 MB goal, 0 MB stacks, 0 MB globals, 20 P
gc 4559 @166.474s 0%: 0.019+1.2+0.002 ms clock, 0.39+0/1.5/0+0.055 ms cpu, 217->217->94 MB, 223 MB goal, 0 MB stacks, 0 MB globals, 20 P
gc 4560 @166.490s 0%: 0.034+4.9+0.008 ms clock, 0.68+0/5.7/0.001+0.16 ms cpu, 186->186->98 MB, 189 MB goal, 0 MB stacks, 0 MB globals, 20 P
gc 4561 @166.518s 0%: 0.027+0.57+0.018 ms clock, 0.54+0/1.1/0.024+0.37 ms cpu, 195->195->111 MB, 196 MB goal, 0 MB stacks, 0 MB globals, 20 P
gc 4562 @166.540s 0%: 0.031+6.0+0.010 ms clock, 0.63+0/6.9/0.009+0.20 ms cpu, 217->217->94 MB, 223 MB goal, 0 MB stacks, 0 MB globals, 20 P
gc 4563 @166.568s 0%: 0.018+1.0+0.004 ms clock, 0.37+0/1.3/0+0.094 ms cpu, 186->186->98 MB, 189 MB goal, 0 MB stacks, 0 MB globals, 20 P
gc 4564 @166.595s 0%: 0.018+0.43+0.005 ms clock, 0.37+0/0.73/0+0.10 ms cpu, 192->192->134 MB, 196 MB goal, 0 MB stacks, 0 MB globals, 20 P
gc 4565 @166.617s 0%: 0.018+4.4+0.005 ms clock, 0.36+0/4.6/0+0.11 ms cpu, 271->271->111 MB, 271 MB goal, 0 MB stacks, 0 MB globals, 20 P
gc 4566 @166.640s 0%: 0.032+0.79+0.005 ms clock, 0.64+0/1.1/0+0.10 ms cpu, 216->216->103 MB, 223 MB goal, 0 MB stacks, 0 MB globals, 20 P
gc 4567 @166.653s 0%: 0.021+1.1+0.014 ms clock, 0.43+0/1.7/0+0.29 ms cpu, 196->196->107 MB, 206 MB goal, 0 MB stacks, 0 MB globals, 20 P
gc 4568 @166.674s 0%: 0.021+0.61+0.012 ms clock, 0.42+0/0.80/0+0.25 ms cpu, 214->214->122 MB, 214 MB goal, 0 MB stacks, 0 MB globals, 20 P
gc 4569 @166.694s 0%: 0.022+4.0+0.004 ms clock, 0.44+0/4.4/0.005+0.097 ms cpu, 236->236->107 MB, 245 MB goal, 0 MB stacks, 0 MB globals, 20 P
gc 4570 @166.721s 0%: 0.030+0.63+0.015 ms clock, 0.61+0/1.2/0.018+0.31 ms cpu, 214->214->111 MB, 215 MB goal, 0 MB stacks, 0 MB globals, 20 P
gc 4571 @166.752s 0%: 0.030+1.0+0.007 ms clock, 0.60+0/1.8/0.001+0.15 ms cpu, 217->217->94 MB, 224 MB goal, 0 MB stacks, 0 MB globals, 20 P
gc 4572 @166.774s 0%: 0.029+3.5+0.005 ms clock, 0.59+0/4.5/0.036+0.10 ms cpu, 186->186->98 MB, 189 MB goal, 0 MB stacks, 0 MB globals, 20 P
gc 4573 @166.805s 0%: 0.038+0.68+0.030 ms clock, 0.77+0/1.7/0.009+0.60 ms cpu, 195->195->111 MB, 197 MB goal, 0 MB stacks, 0 MB globals, 20 P
gc 4574 @166.832s 0%: 0.018+0.78+0.003 ms clock, 0.37+0/1.0/0+0.077 ms cpu, 217->217->94 MB, 223 MB goal, 0 MB stacks, 0 MB globals, 20 P
gc 4575 @166.850s 0%: 0.030+1.7+0.005 ms clock, 0.60+0/2.0/0.020+0.10 ms cpu, 186->186->98 MB, 189 MB goal, 0 MB stacks, 0 MB globals, 20 P
gc 4576 @166.877s 0%: 0.019+0.40+0.013 ms clock, 0.38+0/0.69/0.003+0.26 ms cpu, 192->192->134 MB, 196 MB goal, 0 MB stacks, 0 MB globals, 20 P
gc 4577 @166.902s 0%: 0.020+3.6+0.003 ms clock, 0.40+0/3.7/0+0.070 ms cpu, 258->258->109 MB, 269 MB goal, 0 MB stacks, 0 MB globals, 20 P
gc 4578 @166.927s 0%: 0.030+0.80+0.006 ms clock, 0.60+0.049/0.86/0.003+0.13 ms cpu, 207->208->99 MB, 218 MB goal, 0 MB stacks, 0 MB globals, 20 P
gc 4579 @166.949s 0%: 0.051+3.0+3.0 ms clock, 1.0+0/3.9/0.13+60 ms cpu, 191->196->108 MB, 200 MB goal, 0 MB stacks, 0 MB globals, 20 P
gc 4580 @166.972s 0%: 0.029+5.4+0.007 ms clock, 0.59+0/6.1/0.003+0.15 ms cpu, 206->206->109 MB, 217 MB goal, 0 MB stacks, 0 MB globals, 20 P
gc 4581 @167.003s 0%: 0.017+0.51+0.004 ms clock, 0.34+0.062/0.65/0+0.086 ms cpu, 207->210->102 MB, 218 MB goal, 0 MB stacks, 0 MB globals, 20 P
gc 4582 @167.024s 0%: 0.019+1.9+0.003 ms clock, 0.39+0/2.4/0.002+0.070 ms cpu, 203->203->94 MB, 204 MB goal, 0 MB stacks, 0 MB globals, 20 P
gc 4583 @167.041s 0%: 0.023+6.4+0.005 ms clock, 0.47+0/7.0/0.020+0.10 ms cpu, 186->186->98 MB, 189 MB goal, 0 MB stacks, 0 MB globals, 20 P
gc 4584 @167.069s 0%: 0.034+0.79+0.022 ms clock, 0.68+0/1.6/0+0.44 ms cpu, 196->196->112 MB, 197 MB goal, 0 MB stacks, 0 MB globals, 20 P
gc 4585 @167.101s 0%: 0.020+2.4+0.003 ms clock, 0.41+0/2.8/0.008+0.078 ms cpu, 226->226->97 MB, 226 MB goal, 0 MB stacks, 0 MB globals, 20 P
gc 4586 @167.117s 0%: 0.021+1.9+0.004 ms clock, 0.43+0/2.5/0+0.082 ms cpu, 193->193->101 MB, 195 MB goal, 0 MB stacks, 0 MB globals, 20 P
gc 4587 @167.140s 0%: 0.016+0.71+0.017 ms clock, 0.32+0.019/0.79/0+0.35 ms cpu, 199->202->95 MB, 204 MB goal, 0 MB stacks, 0 MB globals, 20 P
gc 4588 @167.157s 0%: 0.028+4.4+0.009 ms clock, 0.57+0/5.5/0+0.18 ms cpu, 192->192->97 MB, 192 MB goal, 0 MB stacks, 0 MB globals, 20 P
gc 4589 @167.181s 0%: 0.018+3.8+0.008 ms clock, 0.36+0/4.1/0.001+0.17 ms cpu, 193->193->102 MB, 195 MB goal, 0 MB stacks, 0 MB globals, 20 P
gc 4590 @167.213s 0%: 0.022+0.76+0.006 ms clock, 0.44+0/1.0/0+0.13 ms cpu, 199->203->94 MB, 204 MB goal, 0 MB stacks, 0 MB globals, 20 P
gc 4591 @167.232s 0%: 0.027+1.2+0.007 ms clock, 0.55+0/2.0/0+0.14 ms cpu, 183->183->94 MB, 188 MB goal, 0 MB stacks, 0 MB globals, 20 P
gc 4592 @167.261s 0%: 0.026+3.2+0.004 ms clock, 0.52+0/3.9/0.025+0.090 ms cpu, 186->186->98 MB, 189 MB goal, 0 MB stacks, 0 MB globals, 20 P
gc 4593 @167.280s 0%: 0.019+0.51+0.013 ms clock, 0.39+0/0.67/0+0.26 ms cpu, 195->195->111 MB, 197 MB goal, 0 MB stacks, 0 MB globals, 20 P
gc 4594 @167.302s 0%: 0.029+1.5+0.005 ms clock, 0.59+0/2.0/0.043+0.11 ms cpu, 225->225->96 MB, 225 MB goal, 0 MB stacks, 0 MB globals, 20 P
gc 4595 @167.321s 0%: 0.024+1.2+0.004 ms clock, 0.48+0/2.0/0.19+0.098 ms cpu, 193->193->100 MB, 193 MB goal, 0 MB stacks, 0 MB globals, 20 P
gc 4596 @167.345s 0%: 0.017+0.84+0.017 ms clock, 0.35+0/0.81/0+0.35 ms cpu, 198->201->94 MB, 202 MB goal, 0 MB stacks, 0 MB globals, 20 P
gc 4597 @167.360s 0%: 0.018+2.0+0.006 ms clock, 0.36+0/3.3/0.26+0.13 ms cpu, 191->191->96 MB, 191 MB goal, 0 MB stacks, 0 MB globals, 20 P
gc 4598 @167.381s 0%: 0.032+2.2+0.008 ms clock, 0.65+0/2.9/0+0.17 ms cpu, 192->192->100 MB, 193 MB goal, 0 MB stacks, 0 MB globals, 20 P
gc 4599 @167.406s 0%: 0.019+0.78+0.006 ms clock, 0.39+0.10/0.95/0.014+0.12 ms cpu, 198->201->94 MB, 202 MB goal, 0 MB stacks, 0 MB globals, 20 P
gc 4600 @167.427s 0%: 0.023+3.8+0.005 ms clock, 0.46+0/4.5/0+0.11 ms cpu, 191->191->96 MB, 191 MB goal, 0 MB stacks, 0 MB globals, 20 P
gc 4601 @167.446s 0%: 0.020+3.0+0.013 ms clock, 0.41+0/3.3/0+0.27 ms cpu, 192->192->100 MB, 192 MB goal, 0 MB stacks, 0 MB globals, 20 P
gc 4602 @167.472s 0%: 0.027+0.92+0.005 ms clock, 0.55+0/1.2/0.008+0.11 ms cpu, 198->202->94 MB, 202 MB goal, 0 MB stacks, 0 MB globals, 20 P
gc 4603 @167.487s 0%: 0.019+4.0+0.005 ms clock, 0.38+0/4.4/0.005+0.11 ms cpu, 191->191->96 MB, 191 MB goal, 0 MB stacks, 0 MB globals, 20 P
gc 4604 @167.515s 0%: 0.034+2.9+0.007 ms clock, 0.68+0/3.9/0+0.15 ms cpu, 192->192->100 MB, 193 MB goal, 0 MB stacks, 0 MB globals, 20 P
gc 4605 @167.539s 0%: 0.020+1.0+0.008 ms clock, 0.40+0.066/0.81/0+0.17 ms cpu, 198->201->94 MB, 202 MB goal, 0 MB stacks, 0 MB globals, 20 P
gc 4606 @167.562s 0%: 0.023+1.0+0.004 ms clock, 0.46+0/1.3/0.016+0.085 ms cpu, 191->191->96 MB, 191 MB goal, 0 MB stacks, 0 MB globals, 20 P
gc 4607 @167.578s 0%: 0.024+2.8+0.003 ms clock, 0.49+0/3.3/0+0.079 ms cpu, 192->192->100 MB, 192 MB goal, 0 MB stacks, 0 MB globals, 20 P
gc 4608 @167.609s 0%: 0.038+0.65+0.009 ms clock, 0.76+0/1.4/0.21+0.18 ms cpu, 198->198->90 MB, 202 MB goal, 0 MB stacks, 0 MB globals, 20 P
gc 4609 @167.639s 0%: 0.019+8.4+0.003 ms clock, 0.39+0/8.8/0+0.073 ms cpu, 200->200->112 MB, 200 MB goal, 0 MB stacks, 0 MB globals, 20 P
gc 4610 @167.681s 0%: 0.027+0.68+0.009 ms clock, 0.54+0/1.4/0+0.18 ms cpu, 224->224->102 MB, 226 MB goal, 0 MB stacks, 0 MB globals, 20 P
gc 4611 @167.709s 0%: 0.023+4.3+0.003 ms clock, 0.47+0/4.6/0.009+0.069 ms cpu, 210->210->109 MB, 210 MB goal, 0 MB stacks, 0 MB globals, 20 P
gc 4612 @167.732s 0%: 0.019+0.92+0.004 ms clock, 0.39+0.046/0.90/0.018+0.086 ms cpu, 214->216->102 MB, 218 MB goal, 0 MB stacks, 0 MB globals, 20 P
gc 4613 @167.748s 0%: 0.018+2.7+0.003 ms clock, 0.36+0/2.9/0+0.071 ms cpu, 206->206->107 MB, 206 MB goal, 0 MB stacks, 0 MB globals, 20 P
gc 4614 @167.766s 0%: 0.026+0.54+0.014 ms clock, 0.52+0/0.82/0+0.29 ms cpu, 214->214->122 MB, 214 MB goal, 0 MB stacks, 0 MB globals, 20 P
gc 4615 @167.793s 0%: 0.018+3.5+0.003 ms clock, 0.37+0/3.9/0+0.075 ms cpu, 246->246->98 MB, 246 MB goal, 0 MB stacks, 0 MB globals, 20 P
gc 4616 @167.810s 0%: 0.018+0.49+0.013 ms clock, 0.37+0/0.84/0.005+0.26 ms cpu, 195->195->111 MB, 197 MB goal, 0 MB stacks, 0 MB globals, 20 P
gc 4617 @167.838s 0%: 0.020+1.1+0.007 ms clock, 0.41+0/1.9/0+0.14 ms cpu, 225->225->96 MB, 225 MB goal, 0 MB stacks, 0 MB globals, 20 P
gc 4618 @167.871s 0%: 0.029+1.7+0.005 ms clock, 0.59+0/2.5/0+0.11 ms cpu, 192->192->100 MB, 193 MB goal, 0 MB stacks, 0 MB globals, 20 P
gc 4619 @167.911s 0%: 0.028+1.1+0.005 ms clock, 0.57+0/1.5/0.011+0.11 ms cpu, 199->199->102 MB, 202 MB goal, 0 MB stacks, 0 MB globals, 20 P
gc 4620 @167.929s 0%: 0.017+1.0+0.005 ms clock, 0.35+0/1.2/0+0.11 ms cpu, 210->210->109 MB, 210 MB goal, 0 MB stacks, 0 MB globals, 20 P
gc 4621 @167.946s 0%: 0.019+0.83+0.97 ms clock, 0.38+0/0.98/0+19 ms cpu, 214->217->102 MB, 218 MB goal, 0 MB stacks, 0 MB globals, 20 P
gc 4622 @167.966s 0%: 0.020+0.87+0.009 ms clock, 0.40+0/1.2/0+0.18 ms cpu, 206->206->107 MB, 206 MB goal, 0 MB stacks, 0 MB globals, 20 P
gc 4623 @167.988s 0%: 0.028+0.57+0.018 ms clock, 0.56+0/1.2/0.001+0.36 ms cpu, 214->214->122 MB, 214 MB goal, 0 MB stacks, 0 MB globals, 20 P
gc 4624 @168.018s 0%: 0.021+3.6+0.005 ms clock, 0.43+0/3.9/0+0.11 ms cpu, 246->246->109 MB, 246 MB goal, 0 MB stacks, 0 MB globals, 20 P
gc 4625 @168.041s 0%: 0.029+0.72+0.006 ms clock, 0.58+0/1.0/0.006+0.12 ms cpu, 214->217->92 MB, 218 MB goal, 0 MB stacks, 0 MB globals, 20 P
gc 4626 @168.057s 0%: 0.028+3.2+0.005 ms clock, 0.56+0/4.2/0.081+0.11 ms cpu, 180->180->93 MB, 184 MB goal, 0 MB stacks, 0 MB globals, 20 P
gc 4627 @168.075s 0%: 0.020+6.1+0.006 ms clock, 0.40+0/6.6/0.001+0.13 ms cpu, 191->191->98 MB, 191 MB goal, 0 MB stacks, 0 MB globals, 20 P
gc 4628 @168.103s 0%: 0.025+0.58+0.012 ms clock, 0.50+0/1.2/0.022+0.25 ms cpu, 195->195->111 MB, 197 MB goal, 0 MB stacks, 0 MB globals, 20 P
gc 4629 @168.135s 0%: 0.020+3.0+0.004 ms clock, 0.40+0/3.1/0+0.088 ms cpu, 225->225->96 MB, 225 MB goal, 0 MB stacks, 0 MB globals, 20 P
gc 4630 @168.153s 0%: 0.032+4.3+0.008 ms clock, 0.64+0/5.0/0+0.16 ms cpu, 192->192->100 MB, 193 MB goal, 0 MB stacks, 0 MB globals, 20 P
gc 4631 @168.185s 0%: 0.021+0.78+0.004 ms clock, 0.42+0.043/0.82/0.003+0.089 ms cpu, 198->201->94 MB, 202 MB goal, 0 MB stacks, 0 MB globals, 20 P
gc 4632 @168.206s 0%: 0.029+1.3+0.008 ms clock, 0.58+0/2.0/0+0.17 ms cpu, 191->191->96 MB, 191 MB goal, 0 MB stacks, 0 MB globals, 20 P
gc 4633 @168.224s 0%: 0.021+1.4+0.081 ms clock, 0.42+0/1.7/0+1.6 ms cpu, 192->203->111 MB, 192 MB goal, 0 MB stacks, 0 MB globals, 20 P
gc 4634 @168.247s 0%: 0.019+2.1+0.003 ms clock, 0.39+0/2.2/0+0.076 ms cpu, 217->217->94 MB, 223 MB goal, 0 MB stacks, 0 MB globals, 20 P
gc 4635 @168.261s 0%: 0.019+0.91+0.003 ms clock, 0.39+0/1.2/0.012+0.073 ms cpu, 186->186->98 MB, 189 MB goal, 0 MB stacks, 0 MB globals, 20 P
gc 4636 @168.279s 0%: 0.020+0.46+0.007 ms clock, 0.40+0/0.63/0+0.15 ms cpu, 195->195->111 MB, 196 MB goal, 0 MB stacks, 0 MB globals, 20 P
gc 4637 @168.298s 0%: 0.020+0.85+0.005 ms clock, 0.41+0/1.1/0+0.11 ms cpu, 217->217->94 MB, 223 MB goal, 0 MB stacks, 0 MB globals, 20 P
gc 4638 @168.316s 0%: 0.024+3.1+0.004 ms clock, 0.48+0/3.8/0.003+0.087 ms cpu, 186->186->98 MB, 189 MB goal, 0 MB stacks, 0 MB globals, 20 P
gc 4639 @168.341s 0%: 0.033+0.83+0.048 ms clock, 0.66+0/1.6/0.024+0.97 ms cpu, 195->195->111 MB, 197 MB goal, 0 MB stacks, 0 MB globals, 20 P
gc 4640 @168.372s 0%: 0.024+3.0+0.009 ms clock, 0.49+0/3.5/0+0.19 ms cpu, 217->217->94 MB, 223 MB goal, 0 MB stacks, 0 MB globals, 20 P
gc 4641 @168.392s 0%: 0.031+1.3+0.008 ms clock, 0.63+0/2.3/0.058+0.16 ms cpu, 186->186->98 MB, 189 MB goal, 0 MB stacks, 0 MB globals, 20 P
gc 4642 @168.418s 0%: 0.025+0.73+0.12 ms clock, 0.51+0/1.1/0+2.5 ms cpu, 195->195->111 MB, 197 MB goal, 0 MB stacks, 0 MB globals, 20 P
gc 4643 @168.444s 0%: 0.031+4.6+0.008 ms clock, 0.62+0/5.5/0.049+0.16 ms cpu, 217->217->94 MB, 223 MB goal, 0 MB stacks, 0 MB globals, 20 P
gc 4644 @168.472s 0%: 0.031+1.8+0.008 ms clock, 0.62+0/2.6/0.002+0.16 ms cpu, 186->186->98 MB, 189 MB goal, 0 MB stacks, 0 MB globals, 20 P
gc 4645 @168.498s 0%: 0.022+0.57+0.018 ms clock, 0.45+0/0.87/0+0.36 ms cpu, 195->195->111 MB, 197 MB goal, 0 MB stacks, 0 MB globals, 20 P
gc 4646 @168.520s 0%: 0.019+2.3+0.003 ms clock, 0.38+0/2.5/0+0.073 ms cpu, 217->217->94 MB, 224 MB goal, 0 MB stacks, 0 MB globals, 20 P
gc 4647 @168.529s 0%: 0.035+3.3+0.003 ms clock, 0.70+0/3.8/0.038+0.077 ms cpu, 185->185->113 MB, 190 MB goal, 0 MB stacks, 0 MB globals, 20 P
gc 4648 @168.559s 0%: 0.030+0.94+0.62 ms clock, 0.61+0/1.8/0.001+12 ms cpu, 216->221->104 MB, 226 MB goal, 0 MB stacks, 0 MB globals, 20 P
gc 4649 @168.583s 0%: 0.028+1.3+0.007 ms clock, 0.56+0/1.9/0+0.15 ms cpu, 204->204->107 MB, 208 MB goal, 0 MB stacks, 0 MB globals, 20 P
gc 4650 @168.611s 0%: 0.031+0.63+0.014 ms clock, 0.62+0/1.2/0+0.28 ms cpu, 214->214->122 MB, 215 MB goal, 0 MB stacks, 0 MB globals, 20 P
gc 4651 @168.641s 0%: 0.028+5.1+0.005 ms clock, 0.57+0/5.6/0+0.10 ms cpu, 236->236->107 MB, 245 MB goal, 0 MB stacks, 0 MB globals, 20 P
gc 4652 @168.663s 0%: 0.021+0.56+0.013 ms clock, 0.43+0/0.92/0+0.26 ms cpu, 214->214->122 MB, 214 MB goal, 0 MB stacks, 0 MB globals, 20 P
gc 4653 @168.679s 0%: 0.018+0.80+0.007 ms clock, 0.36+0/1.1/0+0.14 ms cpu, 236->236->96 MB, 245 MB goal, 0 MB stacks, 0 MB globals, 20 P
gc 4654 @168.690s 0%: 0.019+1.0+0.12 ms clock, 0.38+0/1.5/0+2.5 ms cpu, 192->192->100 MB, 193 MB goal, 0 MB stacks, 0 MB globals, 20 P
gc 4655 @168.707s 0%: 0.019+0.47+0.005 ms clock, 0.39+0.061/0.85/0.003+0.11 ms cpu, 191->193->89 MB, 202 MB goal, 0 MB stacks, 0 MB globals, 20 P
gc 4656 @168.721s 0%: 0.019+0.48+0.005 ms clock, 0.39+0/0.84/0+0.10 ms cpu, 171->171->91 MB, 180 MB goal, 0 MB stacks, 0 MB globals, 20 P
gc 4657 @168.732s 0%: 0.018+2.0+0.003 ms clock, 0.36+0/2.5/0+0.076 ms cpu, 174->174->93 MB, 183 MB goal, 0 MB stacks, 0 MB globals, 20 P
gc 4658 @168.749s 0%: 0.024+5.2+0.005 ms clock, 0.48+0/6.0/0.079+0.10 ms cpu, 181->181->96 MB, 187 MB goal, 0 MB stacks, 0 MB globals, 20 P
gc 4659 @168.775s 0%: 0.030+5.5+0.003 ms clock, 0.61+0/6.2/0+0.076 ms cpu, 192->192->100 MB, 193 MB goal, 0 MB stacks, 0 MB globals, 20 P
gc 4660 @168.797s 0%: 0.019+0.80+0.003 ms clock, 0.39+0.13/0.68/0+0.068 ms cpu, 192->195->93 MB, 202 MB goal, 0 MB stacks, 0 MB globals, 20 P
gc 4661 @168.811s 0%: 0.029+0.75+0.005 ms clock, 0.59+0/1.2/0.021+0.11 ms cpu, 177->177->92 MB, 187 MB goal, 0 MB stacks, 0 MB globals, 20 P
gc 4662 @168.824s 0%: 0.017+2.4+0.005 ms clock, 0.34+0/2.7/0+0.11 ms cpu, 177->177->94 MB, 185 MB goal, 0 MB stacks, 0 MB globals, 20 P
gc 4663 @168.841s 0%: 0.018+2.4+0.003 ms clock, 0.36+0/2.6/0.003+0.072 ms cpu, 186->186->98 MB, 189 MB goal, 0 MB stacks, 0 MB globals, 20 P
gc 4664 @168.862s 0%: 0.024+0.50+0.019 ms clock, 0.48+0/1.0/0.007+0.38 ms cpu, 195->195->111 MB, 196 MB goal, 0 MB stacks, 0 MB globals, 20 P
gc 4665 @168.882s 0%: 0.019+0.66+0.006 ms clock, 0.39+0/1.3/0.013+0.12 ms cpu, 217->217->94 MB, 223 MB goal, 0 MB stacks, 0 MB globals, 20 P
gc 4666 @168.902s 0%: 0.037+2.7+0.008 ms clock, 0.74+0/3.3/0+0.16 ms cpu, 186->186->98 MB, 189 MB goal, 0 MB stacks, 0 MB globals, 20 P
gc 4667 @168.930s 0%: 0.023+0.67+0.020 ms clock, 0.47+0/1.1/0+0.40 ms cpu, 195->195->111 MB, 196 MB goal, 0 MB stacks, 0 MB globals, 20 P
gc 4668 @168.963s 0%: 0.033+1.0+0.003 ms clock, 0.66+0/1.3/0+0.071 ms cpu, 217->217->94 MB, 223 MB goal, 0 MB stacks, 0 MB globals, 20 P
gc 4669 @168.987s 0%: 0.029+1.4+0.005 ms clock, 0.59+0/2.3/0+0.11 ms cpu, 186->186->98 MB, 189 MB goal, 0 MB stacks, 0 MB globals, 20 P
gc 4670 @169.004s 0%: 0.021+0.58+0.015 ms clock, 0.43+0/0.76/0+0.30 ms cpu, 195->195->111 MB, 196 MB goal, 0 MB stacks, 0 MB globals, 20 P
gc 4671 @169.031s 0%: 0.032+4.4+0.005 ms clock, 0.64+0/4.8/0+0.10 ms cpu, 217->217->94 MB, 223 MB goal, 0 MB stacks, 0 MB globals, 20 P
gc 4672 @169.053s 0%: 0.024+1.4+0.004 ms clock, 0.49+0/1.9/0+0.094 ms cpu, 186->186->98 MB, 189 MB goal, 0 MB stacks, 0 MB globals, 20 P
gc 4673 @169.068s 0%: 0.020+0.49+0.021 ms clock, 0.41+0/0.79/0.002+0.43 ms cpu, 195->195->111 MB, 197 MB goal, 0 MB stacks, 0 MB globals, 20 P
gc 4674 @169.091s 0%: 0.033+3.9+0.005 ms clock, 0.67+0/4.3/0+0.11 ms cpu, 217->217->94 MB, 223 MB goal, 0 MB stacks, 0 MB globals, 20 P
gc 4675 @169.110s 0%: 0.024+1.9+0.005 ms clock, 0.49+0/2.4/0+0.10 ms cpu, 186->186->98 MB, 189 MB goal, 0 MB stacks, 0 MB globals, 20 P
gc 4676 @169.133s 0%: 0.026+0.59+0.020 ms clock, 0.52+0/1.2/0+0.41 ms cpu, 195->195->111 MB, 196 MB goal, 0 MB stacks, 0 MB globals, 20 P
gc 4677 @169.161s 0%: 0.019+9.1+0.003 ms clock, 0.39+0/9.3/0+0.074 ms cpu, 234->234->112 MB, 234 MB goal, 0 MB stacks, 0 MB globals, 20 P
gc 4678 @169.193s 0%: 0.022+1.3+0.004 ms clock, 0.44+0/1.2/0+0.081 ms cpu, 215->216->102 MB, 226 MB goal, 0 MB stacks, 0 MB globals, 20 P
gc 4679 @169.206s 0%: 0.017+0.66+0.082 ms clock, 0.35+0/0.94/0+1.6 ms cpu, 199->199->105 MB, 204 MB goal, 0 MB stacks, 0 MB globals, 20 P
gc 4680 @169.221s 0%: 0.019+4.6+0.003 ms clock, 0.39+0/4.8/0+0.070 ms cpu, 210->210->111 MB, 211 MB goal, 0 MB stacks, 0 MB globals, 20 P
gc 4681 @169.255s 0%: 0.018+0.82+0.005 ms clock, 0.37+0/1.2/0+0.10 ms cpu, 222->222->104 MB, 223 MB goal, 0 MB stacks, 0 MB globals, 20 P
gc 4682 @169.271s 0%: 0.022+1.3+0.004 ms clock, 0.44+0/2.1/0.22+0.088 ms cpu, 215->215->111 MB, 215 MB goal, 0 MB stacks, 0 MB globals, 20 P
gc 4683 @169.291s 0%: 0.016+1.6+0.003 ms clock, 0.32+0/1.9/0+0.068 ms cpu, 222->222->93 MB, 223 MB goal, 0 MB stacks, 0 MB globals, 20 P
gc 4684 @169.306s 0%: 0.018+1.5+0.005 ms clock, 0.36+0/1.6/0+0.10 ms cpu, 191->191->98 MB, 191 MB goal, 0 MB stacks, 0 MB globals, 20 P
gc 4685 @169.324s 0%: 0.093+0.56+0.021 ms clock, 1.8+0/0.91/0+0.42 ms cpu, 195->195->111 MB, 197 MB goal, 0 MB stacks, 0 MB globals, 20 P
gc 4686 @169.350s 0%: 0.020+2.9+0.003 ms clock, 0.41+0/3.3/0+0.069 ms cpu, 225->225->96 MB, 225 MB goal, 0 MB stacks, 0 MB globals, 20 P
gc 4687 @169.366s 0%: 0.018+3.3+0.003 ms clock, 0.36+0/3.9/0+0.079 ms cpu, 192->192->100 MB, 193 MB goal, 0 MB stacks, 0 MB globals, 20 P
gc 4688 @169.386s 0%: 0.019+1.2+0.007 ms clock, 0.38+0.026/0.83/0.006+0.14 ms cpu, 198->201->94 MB, 202 MB goal, 0 MB stacks, 0 MB globals, 20 P
gc 4689 @169.404s 0%: 0.020+1.1+0.005 ms clock, 0.40+0/1.4/0+0.11 ms cpu, 191->191->96 MB, 191 MB goal, 0 MB stacks, 0 MB globals, 20 P
gc 4690 @169.434s 0%: 0.019+9.8+0.007 ms clock, 0.38+0/10/0+0.15 ms cpu, 192->192->100 MB, 193 MB goal, 0 MB stacks, 0 MB globals, 20 P
gc 4691 @169.471s 0%: 0.021+0.48+0.016 ms clock, 0.43+0/1.0/0.001+0.32 ms cpu, 198->198->90 MB, 202 MB goal, 0 MB stacks, 0 MB globals, 20 P
gc 4692 @169.485s 0%: 0.017+2.6+0.003 ms clock, 0.34+0/3.0/0+0.064 ms cpu, 183->183->94 MB, 183 MB goal, 0 MB stacks, 0 MB globals, 20 P
gc 4693 @169.500s 0%: 0.018+0.91+0.004 ms clock, 0.36+0/1.2/0.003+0.085 ms cpu, 186->186->98 MB, 189 MB goal, 0 MB stacks, 0 MB globals, 20 P
gc 4694 @169.520s 0%: 0.019+0.46+0.008 ms clock, 0.39+0/0.85/0.010+0.17 ms cpu, 195->195->111 MB, 196 MB goal, 0 MB stacks, 0 MB globals, 20 P
gc 4695 @169.536s 0%: 0.019+2.3+0.004 ms clock, 0.39+0/3.0/0+0.083 ms cpu, 225->225->96 MB, 225 MB goal, 0 MB stacks, 0 MB globals, 20 P
gc 4696 @169.557s 0%: 0.021+1.2+0.004 ms clock, 0.42+0/1.7/0+0.092 ms cpu, 192->192->100 MB, 192 MB goal, 0 MB stacks, 0 MB globals, 20 P
gc 4697 @169.582s 0%: 0.016+0.68+0.003 ms clock, 0.32+0.095/0.55/0+0.075 ms cpu, 198->201->94 MB, 202 MB goal, 0 MB stacks, 0 MB globals, 20 P
gc 4698 @169.603s 0%: 0.027+5.6+0.004 ms clock, 0.54+0/6.7/0.014+0.088 ms cpu, 191->191->96 MB, 191 MB goal, 0 MB stacks, 0 MB globals, 20 P
gc 4699 @169.637s 0%: 0.033+3.1+0.006 ms clock, 0.66+0/4.2/0.015+0.13 ms cpu, 192->192->100 MB, 193 MB goal, 0 MB stacks, 0 MB globals, 20 P
gc 4700 @169.663s 0%: 0.020+0.77+0.006 ms clock, 0.40+0.12/0.86/0.015+0.12 ms cpu, 198->201->94 MB, 202 MB goal, 0 MB stacks, 0 MB globals, 20 P
gc 4701 @169.680s 0%: 0.021+2.1+0.005 ms clock, 0.42+0/2.7/0+0.10 ms cpu, 191->191->96 MB, 191 MB goal, 0 MB stacks, 0 MB globals, 20 P
gc 4702 @169.694s 0%: 0.019+6.1+0.004 ms clock, 0.38+0/6.5/0.007+0.090 ms cpu, 192->192->100 MB, 192 MB goal, 0 MB stacks, 0 MB globals, 20 P
gc 4703 @169.728s 0%: 0.018+0.77+0.005 ms clock, 0.36+0.059/0.74/0+0.10 ms cpu, 198->201->94 MB, 202 MB goal, 0 MB stacks, 0 MB globals, 20 P
gc 4704 @169.751s 0%: 0.027+5.8+0.005 ms clock, 0.55+0/6.6/0.022+0.10 ms cpu, 191->191->96 MB, 192 MB goal, 0 MB stacks, 0 MB globals, 20 P
gc 4705 @169.778s 0%: 0.027+6.3+0.007 ms clock, 0.55+0/7.0/0.019+0.15 ms cpu, 192->192->100 MB, 193 MB goal, 0 MB stacks, 0 MB globals, 20 P
gc 4706 @169.806s 0%: 0.017+0.39+0.003 ms clock, 0.34+0/0.74/0+0.075 ms cpu, 199->199->102 MB, 202 MB goal, 0 MB stacks, 0 MB globals, 20 P
gc 4707 @169.822s 0%: 0.024+0.90+0.016 ms clock, 0.49+0/1.4/0.013+0.32 ms cpu, 201->201->108 MB, 205 MB goal, 0 MB stacks, 0 MB globals, 20 P
gc 4708 @169.847s 0%: 0.021+0.44+0.013 ms clock, 0.42+0/0.73/0+0.27 ms cpu, 215->215->123 MB, 217 MB goal, 0 MB stacks, 0 MB globals, 20 P
gc 4709 @169.873s 0%: 0.033+7.3+0.008 ms clock, 0.67+0/8.3/0.098+0.17 ms cpu, 247->247->110 MB, 248 MB goal, 0 MB stacks, 0 MB globals, 20 P
gc 4710 @169.905s 0%: 0.031+0.68+0.005 ms clock, 0.62+0.015/0.88/0.089+0.11 ms cpu, 218->220->105 MB, 221 MB goal, 0 MB stacks, 0 MB globals, 20 P
gc 4711 @169.918s 0%: 0.018+2.1+0.005 ms clock, 0.37+0/2.6/0.003+0.11 ms cpu, 216->216->110 MB, 216 MB goal, 0 MB stacks, 0 MB globals, 20 P
gc 4712 @169.948s 0%: 0.025+0.91+0.005 ms clock, 0.51+0.12/1.2/0.003+0.11 ms cpu, 218->220->93 MB, 221 MB goal, 0 MB stacks, 0 MB globals, 20 P
gc 4713 @169.964s 0%: 0.018+0.75+0.005 ms clock, 0.36+0/1.2/0+0.11 ms cpu, 185->185->94 MB, 186 MB goal, 0 MB stacks, 0 MB globals, 20 P
gc 4714 @169.976s 0%: 0.021+1.2+0.004 ms clock, 0.42+0/1.6/0.008+0.080 ms cpu, 186->186->98 MB, 189 MB goal, 0 MB stacks, 0 MB globals, 20 P
gc 4715 @169.998s 0%: 0.021+0.49+0.008 ms clock, 0.42+0/0.64/0.001+0.16 ms cpu, 195->195->111 MB, 197 MB goal, 0 MB stacks, 0 MB globals, 20 P
gc 4716 @170.028s 0%: 0.031+4.3+0.004 ms clock, 0.62+0/4.8/0+0.094 ms cpu, 225->225->96 MB, 225 MB goal, 0 MB stacks, 0 MB globals, 20 P
gc 4717 @170.052s 0%: 0.030+4.5+0.005 ms clock, 0.61+0/5.1/0+0.11 ms cpu, 192->192->100 MB, 193 MB goal, 0 MB stacks, 0 MB globals, 20 P
gc 4718 @170.088s 0%: 0.018+0.60+0.076 ms clock, 0.36+0.017/0.63/0+1.5 ms cpu, 198->198->90 MB, 202 MB goal, 0 MB stacks, 0 MB globals, 20 P
gc 4719 @170.107s 0%: 0.026+4.8+0.006 ms clock, 0.53+0/5.6/0.019+0.12 ms cpu, 183->183->94 MB, 183 MB goal, 0 MB stacks, 0 MB globals, 20 P
gc 4720 @170.127s 0%: 0.024+2.1+0.005 ms clock, 0.48+0/2.5/0.022+0.11 ms cpu, 186->186->98 MB, 189 MB goal, 0 MB stacks, 0 MB globals, 20 P
gc 4721 @170.152s 0%: 0.025+0.62+0.013 ms clock, 0.50+0/0.92/0+0.27 ms cpu, 195->195->111 MB, 197 MB goal, 0 MB stacks, 0 MB globals, 20 P
gc 4722 @170.178s 0%: 0.016+2.6+0.005 ms clock, 0.33+0/2.7/0+0.11 ms cpu, 225->225->96 MB, 225 MB goal, 0 MB stacks, 0 MB globals, 20 P
gc 4723 @170.193s 0%: 0.018+1.0+0.018 ms clock, 0.36+0/1.4/0.006+0.37 ms cpu, 192->203->111 MB, 192 MB goal, 0 MB stacks, 0 MB globals, 20 P
gc 4724 @170.212s 0%: 0.017+0.64+0.006 ms clock, 0.34+0/0.92/0.039+0.12 ms cpu, 217->217->94 MB, 223 MB goal, 0 MB stacks, 0 MB globals, 20 P
gc 4725 @170.225s 0%: 0.021+0.77+0.020 ms clock, 0.42+0/1.6/0+0.41 ms cpu, 180->180->95 MB, 189 MB goal, 0 MB stacks, 0 MB globals, 20 P
gc 4726 @170.237s 0%: 0.11+1.0+0.005 ms clock, 2.2+0/1.5/0+0.11 ms cpu, 184->184->98 MB, 192 MB goal, 0 MB stacks, 0 MB globals, 20 P
gc 4727 @170.250s 0%: 0.022+4.7+0.003 ms clock, 0.44+0/4.9/0.006+0.076 ms cpu, 195->195->103 MB, 198 MB goal, 0 MB stacks, 0 MB globals, 20 P
gc 4728 @170.274s 0%: 0.018+0.87+0.003 ms clock, 0.36+0/1.0/0+0.077 ms cpu, 198->200->95 MB, 207 MB goal, 0 MB stacks, 0 MB globals, 20 P
gc 4729 @170.289s 0%: 0.025+1.6+0.005 ms clock, 0.51+0/2.5/0.004+0.11 ms cpu, 181->181->95 MB, 191 MB goal, 0 MB stacks, 0 MB globals, 20 P
gc 4730 @170.309s 0%: 0.030+2.8+0.005 ms clock, 0.61+0/3.7/0.026+0.11 ms cpu, 184->184->98 MB, 192 MB goal, 0 MB stacks, 0 MB globals, 20 P
gc 4731 @170.336s 0%: 0.024+4.8+0.011 ms clock, 0.48+0/5.3/0+0.22 ms cpu, 195->195->103 MB, 197 MB goal, 0 MB stacks, 0 MB globals, 20 P
gc 4732 @170.359s 0%: 0.030+0.69+0.003 ms clock, 0.61+0/0.85/0+0.073 ms cpu, 196->198->94 MB, 206 MB goal, 0 MB stacks, 0 MB globals, 20 P
gc 4733 @170.371s 0%: 0.017+0.55+0.011 ms clock, 0.35+0/0.98/0.018+0.22 ms cpu, 178->178->94 MB, 189 MB goal, 0 MB stacks, 0 MB globals, 20 P
gc 4734 @170.381s 0%: 0.016+0.58+0.003 ms clock, 0.33+0/1.3/0+0.063 ms cpu, 180->180->97 MB, 190 MB goal, 0 MB stacks, 0 MB globals, 20 P
gc 4735 @170.401s 0%: 0.032+5.7+0.005 ms clock, 0.65+0/6.0/0.018+0.10 ms cpu, 189->189->100 MB, 195 MB goal, 0 MB stacks, 0 MB globals, 20 P
gc 4736 @170.428s 0%: 0.023+0.53+0.005 ms clock, 0.46+0/0.86/0+0.11 ms cpu, 198->198->114 MB, 202 MB goal, 0 MB stacks, 0 MB globals, 20 P
gc 4737 @170.448s 0%: 0.029+1.0+0.005 ms clock, 0.59+0/1.9/0.076+0.11 ms cpu, 219->219->97 MB, 229 MB goal, 0 MB stacks, 0 MB globals, 20 P
gc 4738 @170.474s 0%: 0.033+5.7+0.007 ms clock, 0.66+0/6.5/0.016+0.14 ms cpu, 189->189->100 MB, 194 MB goal, 0 MB stacks, 0 MB globals, 20 P
gc 4739 @170.504s 0%: 0.023+0.56+0.012 ms clock, 0.47+0/1.1/0.003+0.25 ms cpu, 198->198->114 MB, 202 MB goal, 0 MB stacks, 0 MB globals, 20 P
gc 4740 @170.527s 0%: 0.029+2.8+0.005 ms clock, 0.58+0/3.5/0.001+0.10 ms cpu, 219->219->97 MB, 229 MB goal, 0 MB stacks, 0 MB globals, 20 P
gc 4741 @170.544s 0%: 0.018+0.54+0.003 ms clock, 0.36+0/1.0/0.011+0.079 ms cpu, 189->189->100 MB, 194 MB goal, 0 MB stacks, 0 MB globals, 20 P
gc 4742 @170.559s 0%: 0.022+2.9+0.003 ms clock, 0.44+0/3.4/0+0.070 ms cpu, 192->192->103 MB, 201 MB goal, 0 MB stacks, 0 MB globals, 20 P
gc 4743 @170.575s 0%: 0.021+1.6+0.007 ms clock, 0.42+0/2.1/0.11+0.15 ms cpu, 204->204->108 MB, 207 MB goal, 0 MB stacks, 0 MB globals, 20 P
gc 4744 @170.595s 0%: 0.023+2.8+0.007 ms clock, 0.47+0/3.3/0+0.14 ms cpu, 210->210->113 MB, 216 MB goal, 0 MB stacks, 0 MB globals, 20 P
gc 4745 @170.612s 0%: 0.017+3.7+0.006 ms clock, 0.34+0/4.1/0.004+0.13 ms cpu, 218->218->119 MB, 227 MB goal, 0 MB stacks, 0 MB globals, 20 P
gc 4746 @170.632s 0%: 0.019+4.9+0.004 ms clock, 0.39+0/5.2/0+0.089 ms cpu, 227->227->122 MB, 238 MB goal, 0 MB stacks, 0 MB globals, 20 P
gc 4747 @170.656s 0%: 0.018+0.64+0.085 ms clock, 0.37+0.15/0.74/0.010+1.7 ms cpu, 236->239->118 MB, 246 MB goal, 0 MB stacks, 0 MB globals, 20 P
gc 4748 @170.671s 0%: 0.017+0.58+0.015 ms clock, 0.35+0/0.91/0.004+0.31 ms cpu, 226->226->118 MB, 236 MB goal, 0 MB stacks, 0 MB globals, 20 P
gc 4749 @170.688s 0%: 0.024+1.5+0.008 ms clock, 0.49+0/2.1/0+0.16 ms cpu, 230->230->124 MB, 237 MB goal, 0 MB stacks, 0 MB globals, 20 P
gc 4750 @170.712s 0%: 0.020+2.4+0.003 ms clock, 0.40+0/2.9/0.14+0.076 ms cpu, 244->244->114 MB, 249 MB goal, 0 MB stacks, 0 MB globals, 20 P
gc 4751 @170.734s 0%: 0.037+2.0+0.012 ms clock, 0.74+0/3.3/0.076+0.24 ms cpu, 224->224->117 MB, 230 MB goal, 0 MB stacks, 0 MB globals, 20 P
gc 4752 @170.755s 0%: 0.019+0.42+0.009 ms clock, 0.39+0/0.70/0+0.18 ms cpu, 232->232->132 MB, 234 MB goal, 0 MB stacks, 0 MB globals, 20 P
gc 4753 @170.779s 0%: 0.029+5.2+0.010 ms clock, 0.58+0/6.1/0.002+0.20 ms cpu, 257->257->109 MB, 266 MB goal, 0 MB stacks, 0 MB globals, 20 P
gc 4754 @170.802s 0%: 0.024+0.91+0.005 ms clock, 0.48+0/1.3/0.030+0.11 ms cpu, 210->210->111 MB, 219 MB goal, 0 MB stacks, 0 MB globals, 20 P
gc 4755 @170.818s 0%: 0.022+1.7+0.004 ms clock, 0.44+0/2.3/0.023+0.080 ms cpu, 213->213->114 MB, 222 MB goal, 0 MB stacks, 0 MB globals, 20 P
gc 4756 @170.834s 0%: 0.017+4.4+0.003 ms clock, 0.35+0/5.0/0+0.075 ms cpu, 220->220->118 MB, 229 MB goal, 0 MB stacks, 0 MB globals, 20 P
gc 4757 @170.851s 0%: 0.019+3.7+0.003 ms clock, 0.38+0/4.2/0.064+0.073 ms cpu, 227->227->123 MB, 238 MB goal, 0 MB stacks, 0 MB globals, 20 P
gc 4758 @170.874s 0%: 0.020+0.72+0.004 ms clock, 0.41+0/1.1/0.094+0.098 ms cpu, 238->243->117 MB, 248 MB goal, 0 MB stacks, 0 MB globals, 20 P
gc 4759 @170.896s 0%: 0.028+0.82+0.009 ms clock, 0.57+0/1.5/0+0.18 ms cpu, 229->229->119 MB, 234 MB goal, 0 MB stacks, 0 MB globals, 20 P
gc 4760 @170.919s 0%: 0.020+0.44+0.009 ms clock, 0.40+0/0.82/0.014+0.19 ms cpu, 238->238->136 MB, 240 MB goal, 0 MB stacks, 0 MB globals, 20 P
gc 4761 @170.940s 0%: 0.020+2.6+0.004 ms clock, 0.40+0/3.1/0+0.083 ms cpu, 274->274->121 MB, 274 MB goal, 0 MB stacks, 0 MB globals, 20 P
gc 4762 @170.966s 0%: 0.021+0.68+0.005 ms clock, 0.42+0.13/0.81/0.016+0.10 ms cpu, 231->233->108 MB, 242 MB goal, 0 MB stacks, 0 MB globals, 20 P
gc 4763 @170.984s 0%: 0.13+0.53+0.005 ms clock, 2.6+0/1.3/0.034+0.10 ms cpu, 216->216->109 MB, 217 MB goal, 0 MB stacks, 0 MB globals, 20 P
gc 4764 @171.004s 0%: 0.026+6.0+0.004 ms clock, 0.53+0/6.7/0+0.088 ms cpu, 219->219->113 MB, 219 MB goal, 0 MB stacks, 0 MB globals, 20 P
gc 4765 @171.035s 0%: 0.018+0.48+0.016 ms clock, 0.37+0/0.90/0+0.33 ms cpu, 236->236->130 MB, 236 MB goal, 0 MB stacks, 0 MB globals, 20 P
gc 4766 @171.054s 0%: 0.018+0.74+0.005 ms clock, 0.36+0/1.2/0+0.11 ms cpu, 263->263->112 MB, 263 MB goal, 0 MB stacks, 0 MB globals, 20 P
gc 4767 @171.070s 0%: 0.020+4.6+0.003 ms clock, 0.41+0/4.8/0.090+0.062 ms cpu, 227->227->118 MB, 227 MB goal, 0 MB stacks, 0 MB globals, 20 P
gc 4768 @171.092s 0%: 0.016+0.49+0.006 ms clock, 0.32+0.13/0.55/0+0.12 ms cpu, 234->234->108 MB, 236 MB goal, 0 MB stacks, 0 MB globals, 20 P
gc 4769 @171.106s 0%: 0.021+2.9+0.003 ms clock, 0.43+0/3.3/0.001+0.060 ms cpu, 219->219->113 MB, 219 MB goal, 0 MB stacks, 0 MB globals, 20 P
gc 4770 @171.128s 0%: 0.018+0.37+0.008 ms clock, 0.37+0/0.78/0+0.17 ms cpu, 230->230->133 MB, 230 MB goal, 0 MB stacks, 0 MB globals, 20 P
gc 4771 @171.150s 0%: 0.018+3.8+0.006 ms clock, 0.36+0/4.2/0+0.12 ms cpu, 266->266->111 MB, 267 MB goal, 0 MB stacks, 0 MB globals, 20 P
gc 4772 @171.176s 0%: 0.030+1.8+0.007 ms clock, 0.60+0/2.8/0.021+0.15 ms cpu, 227->227->116 MB, 227 MB goal, 0 MB stacks, 0 MB globals, 20 P
gc 4773 @171.203s 0%: 0.019+0.60+0.016 ms clock, 0.38+0/0.81/0+0.32 ms cpu, 229->229->108 MB, 233 MB goal, 0 MB stacks, 0 MB globals, 20 P
gc 4774 @171.222s 0%: 0.038+8.7+0.007 ms clock, 0.77+0/9.6/0.003+0.14 ms cpu, 219->219->116 MB, 219 MB goal, 0 MB stacks, 0 MB globals, 20 P
gc 4775 @171.254s 0%: 0.031+0.67+0.008 ms clock, 0.63+0/2.2/0+0.16 ms cpu, 228->228->104 MB, 232 MB goal, 0 MB stacks, 0 MB globals, 20 P
gc 4776 @171.279s 0%: 0.022+2.0+0.005 ms clock, 0.44+0/2.5/0.047+0.10 ms cpu, 206->206->105 MB, 208 MB goal, 0 MB stacks, 0 MB globals, 20 P
gc 4777 @171.313s 0%: 0.032+5.3+0.12 ms clock, 0.65+0/6.7/0.17+2.5 ms cpu, 209->209->107 MB, 211 MB goal, 0 MB stacks, 0 MB globals, 20 P
gc 4778 @171.342s 0%: 0.026+4.8+0.004 ms clock, 0.53+0/5.5/0.089+0.096 ms cpu, 217->217->110 MB, 217 MB goal, 0 MB stacks, 0 MB globals, 20 P
gc 4779 @171.361s 0%: 0.024+2.7+0.007 ms clock, 0.48+0/3.1/0.003+0.14 ms cpu, 231->231->118 MB, 232 MB goal, 0 MB stacks, 0 MB globals, 20 P
gc 4780 @171.388s 0%: 0.031+0.63+0.005 ms clock, 0.62+0/0.91/0.003+0.11 ms cpu, 233->235->111 MB, 236 MB goal, 0 MB stacks, 0 MB globals, 20 P
gc 4781 @171.413s 0%: 0.033+1.1+0.011 ms clock, 0.66+0/2.1/0+0.22 ms cpu, 219->219->113 MB, 222 MB goal, 0 MB stacks, 0 MB globals, 20 P
gc 4782 @171.437s 0%: 0.017+1.0+0.003 ms clock, 0.35+0/1.7/0.065+0.060 ms cpu, 231->231->122 MB, 231 MB goal, 0 MB stacks, 0 MB globals, 20 P
gc 4783 @171.453s 0%: 0.028+9.3+0.008 ms clock, 0.57+0/10/0.23+0.16 ms cpu, 242->242->128 MB, 244 MB goal, 0 MB stacks, 0 MB globals, 20 P
gc 4784 @171.499s 0%: 0.025+0.84+0.010 ms clock, 0.50+0/1.9/0.11+0.21 ms cpu, 255->255->117 MB, 257 MB goal, 0 MB stacks, 0 MB globals, 20 P
gc 4785 @171.525s 0%: 0.019+1.2+0.003 ms clock, 0.39+0/1.4/0+0.069 ms cpu, 239->239->123 MB, 240 MB goal, 0 MB stacks, 0 MB globals, 20 P
gc 4786 @171.540s 0%: 0.020+1.4+0.004 ms clock, 0.40+0/1.9/0+0.081 ms cpu, 244->244->129 MB, 247 MB goal, 0 MB stacks, 0 MB globals, 20 P
gc 4787 @171.563s 0%: 0.021+1.0+0.009 ms clock, 0.42+0/1.2/0+0.19 ms cpu, 258->258->119 MB, 258 MB goal, 0 MB stacks, 0 MB globals, 20 P
gc 4788 @171.596s 0%: 0.028+1.6+0.006 ms clock, 0.57+0.14/1.3/0.005+0.13 ms cpu, 235->236->110 MB, 240 MB goal, 0 MB stacks, 0 MB globals, 20 P
gc 4789 @171.619s 0%: 0.029+0.98+0.008 ms clock, 0.59+0/1.8/0.005+0.17 ms cpu, 221->221->112 MB, 222 MB goal, 0 MB stacks, 0 MB globals, 20 P
gc 4790 @171.640s 0%: 0.024+6.9+0.005 ms clock, 0.49+0/7.6/0.032+0.11 ms cpu, 224->224->117 MB, 224 MB goal, 0 MB stacks, 0 MB globals, 20 P
gc 4791 @171.668s 0%: 0.021+0.38+0.003 ms clock, 0.42+0/1.1/0.18+0.060 ms cpu, 233->233->104 MB, 236 MB goal, 0 MB stacks, 0 MB globals, 20 P
gc 4792 @171.681s 0%: 0.016+0.50+0.003 ms clock, 0.33+0/1.3/0.17+0.068 ms cpu, 209->209->106 MB, 209 MB goal, 0 MB stacks, 0 MB globals, 20 P
gc 4793 @171.698s 0%: 0.055+9.9+0.012 ms clock, 1.1+0/10/0.46+0.25 ms cpu, 213->213->111 MB, 213 MB goal, 0 MB stacks, 0 MB globals, 20 P
gc 4794 @171.729s 0%: 0.046+6.7+0.004 ms clock, 0.92+0/8.1/0.64+0.085 ms cpu, 226->226->117 MB, 226 MB goal, 0 MB stacks, 0 MB globals, 20 P
gc 4795 @171.768s 0%: 0.035+0.77+0.024 ms clock, 0.70+0/1.8/0.20+0.48 ms cpu, 239->239->135 MB, 239 MB goal, 0 MB stacks, 0 MB globals, 20 P
gc 4796 @171.798s 0%: 0.018+3.0+0.005 ms clock, 0.37+0/3.4/0.22+0.10 ms cpu, 268->268->117 MB, 272 MB goal, 0 MB stacks, 0 MB globals, 20 P
gc 4797 @171.824s 0%: 0.020+0.54+0.004 ms clock, 0.40+0.17/0.86/0.027+0.092 ms cpu, 231->234->113 MB, 235 MB goal, 0 MB stacks, 0 MB globals, 20 P
gc 4798 @171.840s 0%: 0.019+4.2+0.006 ms clock, 0.38+0/4.6/0+0.12 ms cpu, 232->232->118 MB, 232 MB goal, 0 MB stacks, 0 MB globals, 20 P
gc 4799 @171.861s 0%: 0.029+0.52+0.018 ms clock, 0.58+0/1.2/0+0.36 ms cpu, 234->234->131 MB, 237 MB goal, 0 MB stacks, 0 MB globals, 20 P
gc 4800 @171.899s 0%: 0.026+5.0+0.14 ms clock, 0.52+0/5.8/0.024+2.8 ms cpu, 263->263->111 MB, 264 MB goal, 0 MB stacks, 0 MB globals, 20 P
gc 4801 @171.916s 0%: 0.021+4.8+0.003 ms clock, 0.42+0/5.5/0.061+0.078 ms cpu, 224->224->116 MB, 224 MB goal, 0 MB stacks, 0 MB globals, 20 P
gc 4802 @171.949s 0%: 0.020+0.84+0.006 ms clock, 0.40+0.31/0.68/0+0.13 ms cpu, 230->231->105 MB, 233 MB goal, 0 MB stacks, 0 MB globals, 20 P
gc 4803 @171.977s 0%: 0.033+0.90+0.008 ms clock, 0.66+0/1.7/0.017+0.16 ms cpu, 210->210->108 MB, 211 MB goal, 0 MB stacks, 0 MB globals, 20 P
gc 4804 @172.006s 0%: 0.031+6.7+0.003 ms clock, 0.62+0/7.1/0.004+0.078 ms cpu, 225->225->117 MB, 226 MB goal, 0 MB stacks, 0 MB globals, 20 P
gc 4805 @172.034s 0%: 0.032+4.9+0.007 ms clock, 0.65+0/5.8/0+0.14 ms cpu, 235->235->109 MB, 235 MB goal, 0 MB stacks, 0 MB globals, 20 P
gc 4806 @172.056s 0%: 0.017+3.9+0.005 ms clock, 0.35+0/4.2/0+0.11 ms cpu, 218->218->114 MB, 219 MB goal, 0 MB stacks, 0 MB globals, 20 P
gc 4807 @172.075s 0%: 0.025+6.7+0.010 ms clock, 0.50+0/7.4/0.36+0.20 ms cpu, 235->235->119 MB, 235 MB goal, 0 MB stacks, 0 MB globals, 20 P
gc 4808 @172.103s 0%: 0.036+0.77+0.005 ms clock, 0.73+0/0.82/0+0.10 ms cpu, 236->239->110 MB, 239 MB goal, 0 MB stacks, 0 MB globals, 20 P
gc 4809 @172.119s 0%: 0.13+2.8+0.004 ms clock, 2.6+0/3.1/0+0.086 ms cpu, 221->221->113 MB, 221 MB goal, 0 MB stacks, 0 MB globals, 20 P
gc 4810 @172.149s 0%: 0.028+1.5+0.007 ms clock, 0.56+0/2.3/0+0.14 ms cpu, 223->223->116 MB, 226 MB goal, 0 MB stacks, 0 MB globals, 20 P
gc 4811 @172.171s 0%: 0.022+3.0+0.003 ms clock, 0.45+0/3.6/0+0.070 ms cpu, 237->237->124 MB, 237 MB goal, 0 MB stacks, 0 MB globals, 20 P
gc 4812 @172.201s 0%: 0.020+0.59+0.003 ms clock, 0.40+0/0.96/0+0.077 ms cpu, 246->246->116 MB, 248 MB goal, 0 MB stacks, 0 MB globals, 20 P
gc 4813 @172.227s 0%: 0.028+6.2+0.007 ms clock, 0.56+0/7.1/0+0.15 ms cpu, 232->232->121 MB, 232 MB goal, 0 MB stacks, 0 MB globals, 20 P
gc 4814 @172.251s 0%: 0.021+1.9+0.006 ms clock, 0.42+0/2.2/0.003+0.12 ms cpu, 252->252->129 MB, 252 MB goal, 0 MB stacks, 0 MB globals, 20 P
gc 4815 @172.274s 0%: 0.018+0.80+0.004 ms clock, 0.37+0/1.0/0+0.081 ms cpu, 258->258->119 MB, 258 MB goal, 0 MB stacks, 0 MB globals, 20 P
gc 4816 @172.298s 0%: 0.019+0.51+0.37 ms clock, 0.39+0.11/0.61/0.009+7.5 ms cpu, 236->240->113 MB, 240 MB goal, 0 MB stacks, 0 MB globals, 20 P
gc 4817 @172.314s 0%: 0.021+1.7+0.003 ms clock, 0.42+0/1.8/0+0.064 ms cpu, 226->226->113 MB, 227 MB goal, 0 MB stacks, 0 MB globals, 20 P
gc 4818 @172.334s 0%: 0.020+5.4+0.003 ms clock, 0.41+0/5.7/0+0.079 ms cpu, 235->235->121 MB, 235 MB goal, 0 MB stacks, 0 MB globals, 20 P
gc 4819 @172.356s 0%: 0.024+2.7+0.006 ms clock, 0.49+0/3.1/0+0.13 ms cpu, 250->250->125 MB, 250 MB goal, 0 MB stacks, 0 MB globals, 20 P
gc 4820 @172.395s 0%: 0.026+0.69+0.011 ms clock, 0.52+0/1.5/0.16+0.23 ms cpu, 249->249->114 MB, 251 MB goal, 0 MB stacks, 0 MB globals, 20 P
gc 4821 @172.419s 0%: 0.033+6.1+0.004 ms clock, 0.67+0/7.0/0.005+0.099 ms cpu, 230->230->121 MB, 230 MB goal, 0 MB stacks, 0 MB globals, 20 P
gc 4822 @172.450s 0%: 0.023+0.52+0.010 ms clock, 0.47+0/0.75/0+0.21 ms cpu, 242->242->139 MB, 242 MB goal, 0 MB stacks, 0 MB globals, 20 P
gc 4823 @172.480s 0%: 0.020+3.6+0.004 ms clock, 0.40+0/3.9/0+0.082 ms cpu, 281->281->122 MB, 281 MB goal, 0 MB stacks, 0 MB globals, 20 P
gc 4824 @172.508s 0%: 0.030+4.1+0.005 ms clock, 0.61+0/4.6/0+0.11 ms cpu, 243->243->120 MB, 245 MB goal, 0 MB stacks, 0 MB globals, 20 P
gc 4825 @172.536s 0%: 0.017+1.9+0.006 ms clock, 0.34+0/1.3/0+0.13 ms cpu, 237->240->112 MB, 241 MB goal, 0 MB stacks, 0 MB globals, 20 P
gc 4826 @172.551s 0%: 0.017+0.56+0.003 ms clock, 0.35+0/0.97/0+0.070 ms cpu, 224->224->115 MB, 225 MB goal, 0 MB stacks, 0 MB globals, 20 P
gc 4827 @172.573s 0%: 0.032+5.2+0.007 ms clock, 0.64+0/6.0/0.058+0.15 ms cpu, 239->239->125 MB, 239 MB goal, 0 MB stacks, 0 MB globals, 20 P
gc 4828 @172.604s 0%: 0.018+0.87+0.006 ms clock, 0.36+0/1.1/0+0.12 ms cpu, 253->253->118 MB, 253 MB goal, 0 MB stacks, 0 MB globals, 20 P
gc 4829 @172.631s 0%: 0.031+0.71+0.031 ms clock, 0.62+0/1.4/0+0.63 ms cpu, 244->244->136 MB, 244 MB goal, 0 MB stacks, 0 MB globals, 20 P
gc 4830 @172.665s 0%: 0.031+6.7+0.010 ms clock, 0.63+0/7.5/0+0.21 ms cpu, 274->274->117 MB, 274 MB goal, 0 MB stacks, 0 MB globals, 20 P
gc 4831 @172.696s 0%: 0.017+0.51+0.003 ms clock, 0.34+0.011/0.88/0.002+0.071 ms cpu, 233->233->104 MB, 236 MB goal, 0 MB stacks, 0 MB globals, 20 P
gc 4832 @172.717s 0%: 0.022+1.3+0.10 ms clock, 0.44+0/2.1/0.059+2.1 ms cpu, 208->208->105 MB, 209 MB goal, 0 MB stacks, 0 MB globals, 20 P
gc 4833 @172.735s 0%: 0.019+3.1+0.003 ms clock, 0.38+0/3.5/0+0.078 ms cpu, 212->212->110 MB, 212 MB goal, 0 MB stacks, 0 MB globals, 20 P
gc 4834 @172.764s 0%: 0.031+6.7+0.005 ms clock, 0.63+0/7.2/0+0.11 ms cpu, 225->225->116 MB, 225 MB goal, 0 MB stacks, 0 MB globals, 20 P
gc 4835 @172.800s 0%: 0.028+0.59+0.011 ms clock, 0.56+0/1.0/0+0.22 ms cpu, 238->238->135 MB, 238 MB goal, 0 MB stacks, 0 MB globals, 20 P
gc 4836 @172.827s 0%: 0.017+1.0+0.005 ms clock, 0.35+0/1.2/0+0.11 ms cpu, 267->267->116 MB, 271 MB goal, 0 MB stacks, 0 MB globals, 20 P
gc 4837 @172.845s 0%: 0.018+3.7+0.004 ms clock, 0.37+0/3.9/0.019+0.096 ms cpu, 232->232->124 MB, 233 MB goal, 0 MB stacks, 0 MB globals, 20 P
gc 4838 @172.865s 0%: 0.019+0.39+0.010 ms clock, 0.39+0/0.83/0+0.21 ms cpu, 246->246->142 MB, 249 MB goal, 0 MB stacks, 0 MB globals, 20 P
gc 4839 @172.906s 0%: 0.028+5.7+0.005 ms clock, 0.57+0/6.5/0.022+0.10 ms cpu, 284->284->123 MB, 285 MB goal, 0 MB stacks, 0 MB globals, 20 P
gc 4840 @172.938s 0%: 0.034+4.7+0.004 ms clock, 0.69+0/5.7/0.077+0.090 ms cpu, 244->244->128 MB, 247 MB goal, 0 MB stacks, 0 MB globals, 20 P
gc 4841 @172.975s 0%: 0.020+1.1+0.004 ms clock, 0.40+0/1.5/0+0.080 ms cpu, 258->258->119 MB, 258 MB goal, 0 MB stacks, 0 MB globals, 20 P
gc 4842 @172.996s 0%: 0.022+0.58+0.006 ms clock, 0.45+0.16/0.93/0+0.13 ms cpu, 236->238->111 MB, 240 MB goal, 0 MB stacks, 0 MB globals, 20 P
gc 4843 @173.012s 0%: 0.018+2.2+0.003 ms clock, 0.37+0/2.5/0+0.076 ms cpu, 220->220->112 MB, 223 MB goal, 0 MB stacks, 0 MB globals, 20 P
gc 4844 @173.031s 0%: 0.026+4.9+0.004 ms clock, 0.53+0/5.6/0+0.081 ms cpu, 224->224->117 MB, 224 MB goal, 0 MB stacks, 0 MB globals, 20 P
gc 4845 @173.062s 0%: 0.019+0.48+0.003 ms clock, 0.38+0.080/0.59/0+0.069 ms cpu, 233->233->103 MB, 236 MB goal, 0 MB stacks, 0 MB globals, 20 P
gc 4846 @173.081s 0%: 0.030+0.88+0.023 ms clock, 0.60+0/1.7/0.035+0.47 ms cpu, 203->203->104 MB, 207 MB goal, 0 MB stacks, 0 MB globals, 20 P
gc 4847 @173.107s 0%: 0.026+4.6+0.008 ms clock, 0.52+0/5.4/0.028+0.16 ms cpu, 208->208->108 MB, 210 MB goal, 0 MB stacks, 0 MB globals, 20 P
gc 4848 @173.136s 0%: 0.029+8.4+0.006 ms clock, 0.59+0/8.9/0+0.13 ms cpu, 214->214->114 MB, 218 MB goal, 0 MB stacks, 0 MB globals, 20 P
gc 4849 @173.161s 0%: 0.017+0.74+0.003 ms clock, 0.35+0/1.0/0+0.075 ms cpu, 227->227->107 MB, 229 MB goal, 0 MB stacks, 0 MB globals, 20 P
gc 4850 @173.177s 0%: 0.024+4.0+0.003 ms clock, 0.49+0/4.6/0.013+0.077 ms cpu, 218->218->113 MB, 218 MB goal, 0 MB stacks, 0 MB globals, 20 P
gc 4851 @173.202s 0%: 0.027+0.52+0.007 ms clock, 0.54+0/0.89/0.003+0.14 ms cpu, 234->234->130 MB, 234 MB goal, 0 MB stacks, 0 MB globals, 20 P
gc 4852 @173.232s 0%: 0.019+3.8+0.003 ms clock, 0.38+0/4.2/0.002+0.074 ms cpu, 262->262->111 MB, 263 MB goal, 0 MB stacks, 0 MB globals, 20 P
gc 4853 @173.256s 0%: 0.032+3.2+0.004 ms clock, 0.65+0/3.4/0+0.082 ms cpu, 226->226->116 MB, 226 MB goal, 0 MB stacks, 0 MB globals, 20 P
gc 4854 @173.283s 0%: 0.020+0.52+0.016 ms clock, 0.41+0/0.85/0+0.33 ms cpu, 238->238->135 MB, 238 MB goal, 0 MB stacks, 0 MB globals, 20 P
gc 4855 @173.308s 0%: 0.028+4.1+0.008 ms clock, 0.57+0/4.8/0+0.17 ms cpu, 267->267->116 MB, 270 MB goal, 0 MB stacks, 0 MB globals, 20 P
gc 4856 @173.334s 0%: 0.021+1.0+0.004 ms clock, 0.43+0/1.6/0+0.087 ms cpu, 232->232->124 MB, 234 MB goal, 0 MB stacks, 0 MB globals, 20 P
gc 4857 @173.360s 0%: 0.025+0.48+0.010 ms clock, 0.51+0/1.1/0+0.20 ms cpu, 246->246->142 MB, 249 MB goal, 0 MB stacks, 0 MB globals, 20 P
gc 4858 @173.397s 0%: 0.021+4.0+0.003 ms clock, 0.43+0/4.3/0+0.073 ms cpu, 285->285->123 MB, 285 MB goal, 0 MB stacks, 0 MB globals, 20 P
gc 4859 @173.416s 0%: 0.021+3.2+0.006 ms clock, 0.43+0/3.5/0+0.12 ms cpu, 244->244->129 MB, 247 MB goal, 0 MB stacks, 0 MB globals, 20 P
gc 4860 @173.452s 0%: 0.024+0.99+0.10 ms clock, 0.48+0/1.4/0+2.0 ms cpu, 258->258->119 MB, 258 MB goal, 0 MB stacks, 0 MB globals, 20 P
gc 4861 @173.485s 0%: 0.024+1.0+0.005 ms clock, 0.48+0.23/0.97/0+0.11 ms cpu, 236->238->111 MB, 240 MB goal, 0 MB stacks, 0 MB globals, 20 P
gc 4862 @173.515s 0%: 0.044+1.2+0.007 ms clock, 0.89+0/2.0/0.048+0.14 ms cpu, 220->220->112 MB, 223 MB goal, 0 MB stacks, 0 MB globals, 20 P
gc 4863 @173.543s 0%: 0.026+5.0+0.005 ms clock, 0.52+0/5.7/0+0.10 ms cpu, 227->227->115 MB, 228 MB goal, 0 MB stacks, 0 MB globals, 20 P
gc 4864 @173.577s 0%: 0.024+0.44+0.021 ms clock, 0.48+0/1.0/0+0.43 ms cpu, 231->231->132 MB, 231 MB goal, 0 MB stacks, 0 MB globals, 20 P
gc 4865 @173.604s 0%: 0.021+1.6+0.004 ms clock, 0.43+0/2.1/0.009+0.095 ms cpu, 264->264->110 MB, 264 MB goal, 0 MB stacks, 0 MB globals, 20 P
gc 4866 @173.624s 0%: 0.024+1.4+0.006 ms clock, 0.48+0/2.0/0+0.13 ms cpu, 225->225->116 MB, 225 MB goal, 0 MB stacks, 0 MB globals, 20 P
gc 4867 @173.657s 0%: 0.041+1.2+0.16 ms clock, 0.82+0/2.6/0.47+3.2 ms cpu, 239->239->135 MB, 239 MB goal, 0 MB stacks, 0 MB globals, 20 P
gc 4868 @173.700s 0%: 0.021+4.5+0.007 ms clock, 0.42+0/4.7/0+0.15 ms cpu, 273->273->119 MB, 273 MB goal, 0 MB stacks, 0 MB globals, 20 P
gc 4869 @173.727s 0%: 0.017+1.0+0.004 ms clock, 0.35+0/1.2/0+0.087 ms cpu, 237->237->110 MB, 239 MB goal, 0 MB stacks, 0 MB globals, 20 P
gc 4870 @173.745s 0%: 0.027+8.0+0.006 ms clock, 0.54+0/8.8/0+0.13 ms cpu, 219->219->115 MB, 221 MB goal, 0 MB stacks, 0 MB globals, 20 P
gc 4871 @173.778s 0%: 0.020+0.47+0.013 ms clock, 0.40+0/0.80/0+0.26 ms cpu, 231->231->132 MB, 231 MB goal, 0 MB stacks, 0 MB globals, 20 P
gc 4872 @173.806s 0%: 0.021+1.3+0.003 ms clock, 0.42+0/1.8/0+0.077 ms cpu, 269->269->113 MB, 269 MB goal, 0 MB stacks, 0 MB globals, 20 P
gc 4873 @173.823s 0%: 0.039+0.71+0.006 ms clock, 0.79+0/1.2/0.004+0.13 ms cpu, 227->227->116 MB, 227 MB goal, 0 MB stacks, 0 MB globals, 20 P
gc 4874 @173.842s 0%: 0.031+0.73+0.024 ms clock, 0.63+0/1.6/0.20+0.49 ms cpu, 233->233->133 MB, 233 MB goal, 0 MB stacks, 0 MB globals, 20 P
gc 4875 @173.878s 0%: 0.020+3.6+0.004 ms clock, 0.41+0/3.9/0+0.089 ms cpu, 265->265->118 MB, 266 MB goal, 0 MB stacks, 0 MB globals, 20 P
gc 4876 @173.897s 0%: 0.021+2.8+0.003 ms clock, 0.43+0/3.4/0+0.077 ms cpu, 233->233->124 MB, 236 MB goal, 0 MB stacks, 0 MB globals, 20 P
gc 4877 @173.920s 0%: 0.018+0.63+0.003 ms clock, 0.36+0/0.78/0.055+0.071 ms cpu, 248->248->115 MB, 249 MB goal, 0 MB stacks, 0 MB globals, 20 P
gc 4878 @173.937s 0%: 0.020+5.8+0.003 ms clock, 0.40+0/6.3/0.051+0.079 ms cpu, 232->232->122 MB, 232 MB goal, 0 MB stacks, 0 MB globals, 20 P
gc 4879 @173.962s 0%: 0.021+0.48+0.013 ms clock, 0.43+0/0.74/0+0.27 ms cpu, 244->244->131 MB, 246 MB goal, 0 MB stacks, 0 MB globals, 20 P
gc 4880 @173.984s 0%: 0.020+1.0+0.003 ms clock, 0.41+0/1.2/0+0.078 ms cpu, 264->264->114 MB, 264 MB goal, 0 MB stacks, 0 MB globals, 20 P
gc 4881 @174.007s 0%: 0.029+3.9+0.008 ms clock, 0.58+0/4.5/0+0.17 ms cpu, 229->229->119 MB, 229 MB goal, 0 MB stacks, 0 MB globals, 20 P
gc 4882 @174.045s 0%: 0.017+0.60+0.068 ms clock, 0.34+0.061/0.89/0.020+1.3 ms cpu, 234->237->111 MB, 238 MB goal, 0 MB stacks, 0 MB globals, 20 P
gc 4883 @174.060s 0%: 0.019+1.0+0.005 ms clock, 0.38+0/1.2/0+0.11 ms cpu, 222->222->114 MB, 223 MB goal, 0 MB stacks, 0 MB globals, 20 P
gc 4884 @174.078s 0%: 0.021+6.1+0.019 ms clock, 0.43+0/6.2/0+0.38 ms cpu, 235->249->137 MB, 235 MB goal, 0 MB stacks, 0 MB globals, 20 P
gc 4885 @174.106s 0%: 0.018+2.4+0.004 ms clock, 0.37+0/2.8/0+0.090 ms cpu, 261->261->115 MB, 275 MB goal, 0 MB stacks, 0 MB globals, 20 P
gc 4886 @174.126s 0%: 0.024+2.8+0.005 ms clock, 0.48+0/3.2/0.034+0.11 ms cpu, 225->225->118 MB, 230 MB goal, 0 MB stacks, 0 MB globals, 20 P
gc 4887 @174.146s 0%: 0.031+3.4+0.005 ms clock, 0.62+0/4.2/0.003+0.11 ms cpu, 224->224->121 MB, 238 MB goal, 0 MB stacks, 0 MB globals, 20 P
gc 4888 @174.173s 0%: 0.033+10+0.005 ms clock, 0.66+0/12/0.002+0.10 ms cpu, 229->229->126 MB, 243 MB goal, 0 MB stacks, 0 MB globals, 20 P
gc 4889 @174.212s 0%: 0.020+0.67+0.003 ms clock, 0.41+0/1.1/0+0.079 ms cpu, 238->238->114 MB, 252 MB goal, 0 MB stacks, 0 MB globals, 20 P
gc 4890 @174.249s 0%: 0.041+1.0+0.010 ms clock, 0.83+0/2.9/0.077+0.21 ms cpu, 217->217->116 MB, 229 MB goal, 0 MB stacks, 0 MB globals, 20 P
gc 4891 @174.274s 0%: 0.023+5.3+0.004 ms clock, 0.47+0/5.9/0+0.090 ms cpu, 225->225->121 MB, 234 MB goal, 0 MB stacks, 0 MB globals, 20 P
gc 4892 @174.296s 0%: 0.018+3.4+0.008 ms clock, 0.37+0/3.8/0+0.17 ms cpu, 241->241->126 MB, 244 MB goal, 0 MB stacks, 0 MB globals, 20 P
gc 4893 @174.328s 0%: 0.035+1.4+0.007 ms clock, 0.70+0/2.8/0+0.14 ms cpu, 244->244->112 MB, 252 MB goal, 0 MB stacks, 0 MB globals, 20 P
gc 4894 @174.350s 0%: 0.031+1.4+0.008 ms clock, 0.62+0/2.2/0.006+0.16 ms cpu, 212->212->113 MB, 225 MB goal, 0 MB stacks, 0 MB globals, 20 P
gc 4895 @174.377s 0%: 0.043+1.7+0.008 ms clock, 0.86+0/2.5/0+0.16 ms cpu, 215->215->115 MB, 227 MB goal, 0 MB stacks, 0 MB globals, 20 P
gc 4896 @174.411s 0%: 0.043+8.0+0.004 ms clock, 0.87+0/8.7/0+0.097 ms cpu, 220->220->118 MB, 230 MB goal, 0 MB stacks, 0 MB globals, 20 P
gc 4897 @174.439s 0%: 0.023+1.6+0.003 ms clock, 0.47+0/2.0/0+0.073 ms cpu, 226->226->120 MB, 236 MB goal, 0 MB stacks, 0 MB globals, 20 P
gc 4898 @174.465s 0%: 0.071+0.42+0.003 ms clock, 1.4+0.072/0.69/0+0.074 ms cpu, 228->229->109 MB, 242 MB goal, 0 MB stacks, 0 MB globals, 20 P
gc 4899 @174.483s 0%: 0.026+1.1+0.012 ms clock, 0.53+0/1.7/0.032+0.25 ms cpu, 206->208->112 MB, 219 MB goal, 0 MB stacks, 0 MB globals, 20 P
gc 4900 @174.511s 0%: 0.026+0.69+0.029 ms clock, 0.53+0/1.4/0+0.59 ms cpu, 213->213->116 MB, 225 MB goal, 0 MB stacks, 0 MB globals, 20 P
gc 4901 @174.531s 0%: 0.018+2.6+0.003 ms clock, 0.37+0/2.8/0+0.074 ms cpu, 224->224->119 MB, 232 MB goal, 0 MB stacks, 0 MB globals, 20 P
gc 4902 @174.553s 0%: 0.027+6.1+0.005 ms clock, 0.54+0/6.6/0+0.10 ms cpu, 230->230->123 MB, 240 MB goal, 0 MB stacks, 0 MB globals, 20 P
gc 4903 @174.578s 0%: 0.029+8.9+0.004 ms clock, 0.59+0/9.8/0.020+0.086 ms cpu, 244->244->129 MB, 247 MB goal, 0 MB stacks, 0 MB globals, 20 P
gc 4904 @174.612s 0%: 0.018+2.4+0.005 ms clock, 0.37+0/2.7/0+0.10 ms cpu, 250->250->118 MB, 258 MB goal, 0 MB stacks, 0 MB globals, 20 P
gc 4905 @174.631s 0%: 0.024+5.8+0.006 ms clock, 0.49+0/6.1/0.004+0.12 ms cpu, 224->224->122 MB, 236 MB goal, 0 MB stacks, 0 MB globals, 20 P
gc 4906 @174.667s 0%: 0.018+1.3+0.005 ms clock, 0.37+0.11/0.65/0+0.10 ms cpu, 232->236->112 MB, 246 MB goal, 0 MB stacks, 0 MB globals, 20 P
gc 4907 @174.685s 0%: 0.019+0.94+0.005 ms clock, 0.38+0/1.2/0+0.11 ms cpu, 227->227->115 MB, 227 MB goal, 0 MB stacks, 0 MB globals, 20 P
gc 4908 @174.710s 0%: 0.022+0.42+0.009 ms clock, 0.45+0/0.95/0+0.19 ms cpu, 231->231->132 MB, 231 MB goal, 0 MB stacks, 0 MB globals, 20 P
gc 4909 @174.734s 0%: 0.024+3.9+0.005 ms clock, 0.48+0/4.2/0+0.10 ms cpu, 263->263->108 MB, 264 MB goal, 0 MB stacks, 0 MB globals, 20 P
gc 4910 @174.759s 0%: 0.028+2.2+0.14 ms clock, 0.57+0/3.1/0.020+2.9 ms cpu, 220->220->115 MB, 221 MB goal, 0 MB stacks, 0 MB globals, 20 P
gc 4911 @174.793s 0%: 0.017+0.65+0.037 ms clock, 0.34+0.18/0.52/0+0.75 ms cpu, 226->230->106 MB, 230 MB goal, 0 MB stacks, 0 MB globals, 20 P
gc 4912 @174.807s 0%: 0.018+1.7+0.003 ms clock, 0.36+0/2.0/0+0.069 ms cpu, 208->208->107 MB, 213 MB goal, 0 MB stacks, 0 MB globals, 20 P
gc 4913 @174.830s 0%: 0.029+2.7+0.008 ms clock, 0.59+0/3.4/0+0.17 ms cpu, 211->211->112 MB, 214 MB goal, 0 MB stacks, 0 MB globals, 20 P
gc 4914 @174.852s 0%: 0.028+4.4+0.007 ms clock, 0.56+0/5.3/0.10+0.14 ms cpu, 223->223->116 MB, 225 MB goal, 0 MB stacks, 0 MB globals, 20 P
gc 4915 @174.889s 0%: 0.017+5.6+0.003 ms clock, 0.35+0/5.8/0+0.076 ms cpu, 237->237->123 MB, 237 MB goal, 0 MB stacks, 0 MB globals, 20 P
gc 4916 @174.916s 0%: 0.037+0.88+0.36 ms clock, 0.74+0/1.5/0.002+7.3 ms cpu, 242->246->118 MB, 246 MB goal, 0 MB stacks, 0 MB globals, 20 P
gc 4917 @174.939s 0%: 0.021+1.2+0.005 ms clock, 0.42+0/1.3/0.012+0.11 ms cpu, 239->239->123 MB, 239 MB goal, 0 MB stacks, 0 MB globals, 20 P
gc 4918 @174.965s 0%: 0.020+0.87+0.004 ms clock, 0.40+0/1.2/0+0.087 ms cpu, 251->251->116 MB, 251 MB goal, 0 MB stacks, 0 MB globals, 20 P
gc 4919 @174.980s 0%: 0.018+1.6+0.003 ms clock, 0.36+0/2.1/0.023+0.076 ms cpu, 230->230->119 MB, 233 MB goal, 0 MB stacks, 0 MB globals, 20 P
gc 4920 @175.002s 0%: 0.018+0.48+0.003 ms clock, 0.36+0.076/0.75/0+0.073 ms cpu, 238->238->106 MB, 240 MB goal, 0 MB stacks, 0 MB globals, 20 P
gc 4921 @175.017s 0%: 0.019+0.74+0.11 ms clock, 0.39+0/1.2/0+2.3 ms cpu, 214->214->109 MB, 214 MB goal, 0 MB stacks, 0 MB globals, 20 P
gc 4922 @175.035s 0%: 0.024+3.1+0.003 ms clock, 0.49+0/3.4/0+0.074 ms cpu, 220->220->112 MB, 220 MB goal, 0 MB stacks, 0 MB globals, 20 P
gc 4923 @175.055s 0%: 0.019+5.6+0.004 ms clock, 0.39+0/5.8/0+0.083 ms cpu, 233->233->119 MB, 233 MB goal, 0 MB stacks, 0 MB globals, 20 P
gc 4924 @175.085s 0%: 0.032+0.72+0.006 ms clock, 0.64+0/1.2/0.006+0.12 ms cpu, 237->239->112 MB, 240 MB goal, 0 MB stacks, 0 MB globals, 20 P
gc 4925 @175.107s 0%: 0.026+0.97+0.023 ms clock, 0.52+0/1.5/0+0.47 ms cpu, 223->223->115 MB, 225 MB goal, 0 MB stacks, 0 MB globals, 20 P
gc 4926 @175.131s 0%: 0.027+5.2+0.006 ms clock, 0.54+0/6.0/0+0.12 ms cpu, 238->238->122 MB, 238 MB goal, 0 MB stacks, 0 MB globals, 20 P
gc 4927 @175.156s 0%: 0.037+0.70+0.016 ms clock, 0.74+0/1.5/0+0.33 ms cpu, 245->245->143 MB, 246 MB goal, 0 MB stacks, 0 MB globals, 20 P
gc 4928 @175.188s 0%: 0.018+3.6+0.006 ms clock, 0.37+0/4.0/0+0.13 ms cpu, 286->286->123 MB, 286 MB goal, 0 MB stacks, 0 MB globals, 20 P
gc 4929 @175.212s 0%: 0.034+0.84+0.006 ms clock, 0.68+0.009/1.5/0.012+0.12 ms cpu, 244->244->114 MB, 247 MB goal, 0 MB stacks, 0 MB globals, 20 P
gc 4930 @175.236s 0%: 0.028+8.4+0.006 ms clock, 0.57+0/9.0/0+0.12 ms cpu, 231->231->121 MB, 231 MB goal, 0 MB stacks, 0 MB globals, 20 P
gc 4931 @175.282s 0%: 0.031+0.70+0.008 ms clock, 0.62+0/1.6/0.026+0.16 ms cpu, 240->240->108 MB, 242 MB goal, 0 MB stacks, 0 MB globals, 20 P
gc 4932 @175.308s 0%: 0.031+1.4+0.008 ms clock, 0.62+0/2.6/0.29+0.17 ms cpu, 216->216->112 MB, 217 MB goal, 0 MB stacks, 0 MB globals, 20 P
gc 4933 @175.328s 0%: 0.021+2.1+0.005 ms clock, 0.43+0/2.3/0.002+0.10 ms cpu, 233->233->118 MB, 233 MB goal, 0 MB stacks, 0 MB globals, 20 P
gc 4934 @175.353s 0%: 0.031+0.58+0.006 ms clock, 0.62+0/0.91/0.009+0.12 ms cpu, 232->235->107 MB, 236 MB goal, 0 MB stacks, 0 MB globals, 20 P
gc 4935 @175.370s 0%: 0.024+0.71+0.006 ms clock, 0.49+0/1.6/0+0.13 ms cpu, 215->215->110 MB, 215 MB goal, 0 MB stacks, 0 MB globals, 20 P
gc 4936 @175.396s 0%: 0.032+2.9+0.007 ms clock, 0.65+0/3.9/0.013+0.15 ms cpu, 222->222->117 MB, 222 MB goal, 0 MB stacks, 0 MB globals, 20 P
gc 4937 @175.426s 0%: 0.019+0.43+0.006 ms clock, 0.39+0.10/0.80/0+0.13 ms cpu, 234->234->106 MB, 236 MB goal, 0 MB stacks, 0 MB globals, 20 P
gc 4938 @175.454s 0%: 0.019+0.77+0.003 ms clock, 0.39+0/1.1/0+0.076 ms cpu, 211->211->108 MB, 212 MB goal, 0 MB stacks, 0 MB globals, 20 P
gc 4939 @175.482s 0%: 0.032+5.1+0.006 ms clock, 0.64+0/6.1/0.034+0.12 ms cpu, 220->220->114 MB, 220 MB goal, 0 MB stacks, 0 MB globals, 20 P
gc 4940 @175.517s 0%: 0.030+1.3+0.003 ms clock, 0.60+0/1.5/0+0.074 ms cpu, 226->226->101 MB, 228 MB goal, 0 MB stacks, 0 MB globals, 20 P
gc 4941 @175.539s 0%: 0.050+0.70+0.008 ms clock, 1.0+0/1.4/0.011+0.16 ms cpu, 199->199->105 MB, 203 MB goal, 0 MB stacks, 0 MB globals, 20 P
gc 4942 @175.559s 0%: 0.017+0.66+0.004 ms clock, 0.35+0/1.1/0+0.093 ms cpu, 213->213->111 MB, 213 MB goal, 0 MB stacks, 0 MB globals, 20 P
gc 4943 @175.581s 0%: 0.026+1.2+0.006 ms clock, 0.52+0/1.6/0+0.12 ms cpu, 222->222->115 MB, 224 MB goal, 0 MB stacks, 0 MB globals, 20 P
gc 4944 @175.607s 0%: 0.038+0.65+0.016 ms clock, 0.77+0/1.3/0.006+0.33 ms cpu, 233->233->130 MB, 233 MB goal, 0 MB stacks, 0 MB globals, 20 P
gc 4945 @175.644s 0%: 0.019+0.68+0.004 ms clock, 0.39+0/1.2/0.051+0.099 ms cpu, 261->261->113 MB, 261 MB goal, 0 MB stacks, 0 MB globals, 20 P
gc 4946 @175.661s 0%: 0.018+1.0+0.003 ms clock, 0.37+0/1.5/0.010+0.068 ms cpu, 228->228->119 MB, 228 MB goal, 0 MB stacks, 0 MB globals, 20 P
gc 4947 @175.681s 0%: 0.023+0.48+0.006 ms clock, 0.47+0/0.73/0+0.13 ms cpu, 241->241->136 MB, 241 MB goal, 0 MB stacks, 0 MB globals, 20 P
gc 4948 @175.707s 0%: 0.030+1.3+0.008 ms clock, 0.61+0/1.9/0+0.16 ms cpu, 269->269->114 MB, 273 MB goal, 0 MB stacks, 0 MB globals, 20 P
gc 4949 @175.733s 0%: 0.029+1.9+0.006 ms clock, 0.59+0/2.5/0+0.13 ms cpu, 230->230->120 MB, 230 MB goal, 0 MB stacks, 0 MB globals, 20 P
gc 4950 @175.759s 0%: 0.023+0.61+0.011 ms clock, 0.46+0/0.91/0.002+0.22 ms cpu, 243->243->139 MB, 243 MB goal, 0 MB stacks, 0 MB globals, 20 P
gc 4951 @175.798s 0%: 0.030+6.7+0.004 ms clock, 0.61+0/7.1/0.017+0.099 ms cpu, 282->282->123 MB, 282 MB goal, 0 MB stacks, 0 MB globals, 20 P
gc 4952 @175.837s 0%: 0.027+2.7+0.004 ms clock, 0.54+0/3.3/0+0.094 ms cpu, 244->244->129 MB, 247 MB goal, 0 MB stacks, 0 MB globals, 20 P
gc 4953 @175.871s 0%: 0.026+4.7+0.005 ms clock, 0.52+0/5.2/0+0.10 ms cpu, 258->258->119 MB, 258 MB goal, 0 MB stacks, 0 MB globals, 20 P
gc 4954 @175.892s 0%: 0.022+0.45+0.009 ms clock, 0.45+0/0.81/0+0.18 ms cpu, 246->246->138 MB, 246 MB goal, 0 MB stacks, 0 MB globals, 20 P
gc 4955 @175.914s 0%: 0.020+4.3+0.005 ms clock, 0.40+0/4.5/0+0.11 ms cpu, 276->276->119 MB, 277 MB goal, 0 MB stacks, 0 MB globals, 20 P
gc 4956 @175.939s 0%: 0.018+0.51+0.005 ms clock, 0.36+0.064/0.70/0.008+0.10 ms cpu, 238->238->105 MB, 239 MB goal, 0 MB stacks, 0 MB globals, 20 P
gc 4957 @175.961s 0%: 0.034+1.8+0.10 ms clock, 0.68+0/2.9/0.032+2.1 ms cpu, 214->214->109 MB, 214 MB goal, 0 MB stacks, 0 MB globals, 20 P
gc 4958 @175.982s 0%: 0.021+6.5+0.007 ms clock, 0.42+0/7.0/0+0.14 ms cpu, 219->219->112 MB, 219 MB goal, 0 MB stacks, 0 MB globals, 20 P
gc 4959 @176.020s 0%: 0.031+0.64+0.019 ms clock, 0.63+0/1.3/0+0.39 ms cpu, 227->227->129 MB, 227 MB goal, 0 MB stacks, 0 MB globals, 20 P
gc 4960 @176.054s 0%: 0.020+2.2+0.010 ms clock, 0.40+0/2.4/0+0.21 ms cpu, 262->262->111 MB, 262 MB goal, 0 MB stacks, 0 MB globals, 20 P
gc 4961 @176.074s 0%: 0.021+1.3+0.005 ms clock, 0.42+0/1.6/0+0.10 ms cpu, 226->226->116 MB, 226 MB goal, 0 MB stacks, 0 MB globals, 20 P
gc 4962 @176.101s 0%: 0.023+0.58+0.079 ms clock, 0.46+0/0.72/0.014+1.5 ms cpu, 239->239->134 MB, 239 MB goal, 0 MB stacks, 0 MB globals, 20 P
gc 4963 @176.128s 0%: 0.020+1.0+0.005 ms clock, 0.41+0/1.2/0+0.10 ms cpu, 266->266->117 MB, 269 MB goal, 0 MB stacks, 0 MB globals, 20 P
gc 4964 @176.145s 0%: 0.020+1.2+0.003 ms clock, 0.40+0/1.5/0+0.071 ms cpu, 232->232->125 MB, 235 MB goal, 0 MB stacks, 0 MB globals, 20 P
gc 4965 @176.175s 0%: 0.026+0.50+0.005 ms clock, 0.52+0/0.71/0.001+0.11 ms cpu, 247->247->143 MB, 250 MB goal, 0 MB stacks, 0 MB globals, 20 P
gc 4966 @176.211s 0%: 0.019+0.46+0.014 ms clock, 0.39+0/0.70/0+0.28 ms cpu, 293->293->136 MB, 293 MB goal, 0 MB stacks, 0 MB globals, 20 P
gc 4967 @176.235s 0%: 0.031+1.5+0.006 ms clock, 0.62+0/2.3/0.10+0.13 ms cpu, 274->274->121 MB, 274 MB goal, 0 MB stacks, 0 MB globals, 20 P
gc 4968 @176.269s 0%: 0.020+0.52+0.008 ms clock, 0.41+0/0.94/0+0.16 ms cpu, 241->241->108 MB, 242 MB goal, 0 MB stacks, 0 MB globals, 20 P
gc 4969 @176.301s 0%: 0.028+2.9+0.005 ms clock, 0.57+0/4.0/0.14+0.10 ms cpu, 215->215->110 MB, 217 MB goal, 0 MB stacks, 0 MB globals, 20 P
gc 4970 @176.331s 0%: 0.034+7.3+0.007 ms clock, 0.68+0/8.0/0.010+0.14 ms cpu, 230->230->116 MB, 230 MB goal, 0 MB stacks, 0 MB globals, 20 P
gc 4971 @176.366s 0%: 0.019+0.99+0.006 ms clock, 0.38+0.10/0.68/0+0.13 ms cpu, 230->231->105 MB, 234 MB goal, 0 MB stacks, 0 MB globals, 20 P
gc 4972 @176.389s 0%: 0.038+0.64+0.006 ms clock, 0.77+0/1.5/0.32+0.13 ms cpu, 210->210->108 MB, 211 MB goal, 0 MB stacks, 0 MB globals, 20 P
gc 4973 @176.414s 0%: 0.031+10+0.009 ms clock, 0.62+0/11/0.18+0.18 ms cpu, 225->225->116 MB, 225 MB goal, 0 MB stacks, 0 MB globals, 20 P
gc 4974 @176.458s 0%: 0.017+0.78+0.006 ms clock, 0.35+0/1.0/0+0.12 ms cpu, 232->232->106 MB, 234 MB goal, 0 MB stacks, 0 MB globals, 20 P
gc 4975 @176.472s 0%: 0.020+0.55+0.014 ms clock, 0.40+0/0.90/0.001+0.29 ms cpu, 211->211->110 MB, 212 MB goal, 0 MB stacks, 0 MB globals, 20 P
gc 4976 @176.488s 0%: 0.022+1.9+0.006 ms clock, 0.44+0/2.5/0+0.13 ms cpu, 217->217->116 MB, 220 MB goal, 0 MB stacks, 0 MB globals, 20 P
gc 4977 @176.508s 0%: 0.027+2.3+0.004 ms clock, 0.54+0/2.8/0+0.086 ms cpu, 231->231->120 MB, 232 MB goal, 0 MB stacks, 0 MB globals, 20 P
gc 4978 @176.545s 0%: 0.035+0.57+0.006 ms clock, 0.70+0/0.92/0.010+0.12 ms cpu, 237->237->110 MB, 241 MB goal, 0 MB stacks, 0 MB globals, 20 P
gc 4979 @176.558s 0%: 0.021+2.9+0.003 ms clock, 0.43+0/3.2/0+0.062 ms cpu, 222->222->118 MB, 222 MB goal, 0 MB stacks, 0 MB globals, 20 P
gc 4980 @176.588s 0%: 0.018+0.51+0.006 ms clock, 0.36+0/0.90/0+0.12 ms cpu, 237->237->108 MB, 238 MB goal, 0 MB stacks, 0 MB globals, 20 P
gc 4981 @176.610s 0%: 0.024+3.2+0.004 ms clock, 0.48+0/3.4/0+0.082 ms cpu, 226->226->115 MB, 226 MB goal, 0 MB stacks, 0 MB globals, 20 P
gc 4982 @176.631s 0%: 0.019+0.61+0.003 ms clock, 0.39+0/1.1/0+0.065 ms cpu, 232->232->103 MB, 232 MB goal, 0 MB stacks, 0 MB globals, 20 P
gc 4983 @176.644s 0%: 0.017+1.1+0.005 ms clock, 0.35+0/1.5/0+0.11 ms cpu, 207->207->106 MB, 207 MB goal, 0 MB stacks, 0 MB globals, 20 P
gc 4984 @176.658s 0%: 0.020+3.9+0.008 ms clock, 0.41+0/4.2/0+0.17 ms cpu, 215->215->111 MB, 215 MB goal, 0 MB stacks, 0 MB globals, 20 P
gc 4985 @176.686s 0%: 0.024+0.55+0.008 ms clock, 0.49+0.16/1.0/0.019+0.17 ms cpu, 219->221->101 MB, 223 MB goal, 0 MB stacks, 0 MB globals, 20 P
gc 4986 @176.711s 0%: 0.019+0.70+0.79 ms clock, 0.39+0/1.2/0+15 ms cpu, 199->201->106 MB, 202 MB goal, 0 MB stacks, 0 MB globals, 20 P
gc 4987 @176.729s 0%: 0.020+0.49+0.003 ms clock, 0.40+0/1.0/0+0.063 ms cpu, 208->208->108 MB, 212 MB goal, 0 MB stacks, 0 MB globals, 20 P
gc 4988 @176.749s 0%: 0.021+0.91+0.005 ms clock, 0.42+0/1.3/0+0.11 ms cpu, 220->220->115 MB, 220 MB goal, 0 MB stacks, 0 MB globals, 20 P
gc 4989 @176.775s 0%: 0.024+5.8+0.004 ms clock, 0.49+0/6.1/0+0.087 ms cpu, 228->228->124 MB, 230 MB goal, 0 MB stacks, 0 MB globals, 20 P
gc 4990 @176.819s 0%: 0.032+1.3+0.008 ms clock, 0.64+0/2.4/0.15+0.16 ms cpu, 251->251->116 MB, 252 MB goal, 0 MB stacks, 0 MB globals, 20 P
gc 4991 @176.849s 0%: 0.019+0.41+0.017 ms clock, 0.38+0/0.86/0.023+0.35 ms cpu, 242->242->134 MB, 242 MB goal, 0 MB stacks, 0 MB globals, 20 P
gc 4992 @176.877s 0%: 0.022+3.1+0.003 ms clock, 0.45+0/3.6/0+0.076 ms cpu, 267->267->113 MB, 270 MB goal, 0 MB stacks, 0 MB globals, 20 P
gc 4993 @176.912s 0%: 0.031+1.9+0.007 ms clock, 0.62+0/2.9/0.18+0.15 ms cpu, 228->228->117 MB, 228 MB goal, 0 MB stacks, 0 MB globals, 20 P
gc 4994 @176.935s 0%: 0.023+0.60+0.10 ms clock, 0.46+0/1.1/0.030+2.1 ms cpu, 240->240->135 MB, 240 MB goal, 0 MB stacks, 0 MB globals, 20 P
gc 4995 @176.973s 0%: 0.023+2.3+0.020 ms clock, 0.46+0/2.7/0.007+0.40 ms cpu, 273->283->130 MB, 273 MB goal, 0 MB stacks, 0 MB globals, 20 P
gc 4996 @177.005s 0%: 0.023+0.76+0.005 ms clock, 0.47+0/1.4/0.057+0.10 ms cpu, 255->255->112 MB, 261 MB goal, 0 MB stacks, 0 MB globals, 20 P
gc 4997 @177.037s 0%: 0.027+1.6+0.005 ms clock, 0.55+0/2.1/0.082+0.11 ms cpu, 222->222->115 MB, 224 MB goal, 0 MB stacks, 0 MB globals, 20 P
gc 4998 @177.062s 0%: 0.032+3.7+0.007 ms clock, 0.64+0/4.6/0+0.14 ms cpu, 220->220->118 MB, 231 MB goal, 0 MB stacks, 0 MB globals, 20 P
gc 4999 @177.095s 0%: 0.017+0.58+0.10 ms clock, 0.35+0.041/0.77/0.007+2.1 ms cpu, 226->231->111 MB, 236 MB goal, 0 MB stacks, 0 MB globals, 20 P
gc 5000 @177.116s 0%: 0.025+3.4+0.006 ms clock, 0.50+0/4.3/0+0.13 ms cpu, 218->218->115 MB, 222 MB goal, 0 MB stacks, 0 MB globals, 20 P
gc 5001 @177.137s 0%: 0.019+0.43+0.010 ms clock, 0.38+0/0.74/0+0.20 ms cpu, 223->223->128 MB, 230 MB goal, 0 MB stacks, 0 MB globals, 20 P
gc 5002 @177.159s 0%: 0.019+2.6+0.003 ms clock, 0.38+0.011/3.0/0+0.075 ms cpu, 253->253->112 MB, 258 MB goal, 0 MB stacks, 0 MB globals, 20 P
gc 5003 @177.176s 0%: 0.018+1.0+0.003 ms clock, 0.36+0/1.4/0.040+0.060 ms cpu, 216->216->115 MB, 224 MB goal, 0 MB stacks, 0 MB globals, 20 P
gc 5004 @177.192s 0%: 0.020+5.8+0.086 ms clock, 0.41+0/6.0/0+1.7 ms cpu, 222->236->131 MB, 230 MB goal, 0 MB stacks, 0 MB globals, 20 P
gc 5005 @177.226s 0%: 0.028+1.7+0.10 ms clock, 0.56+0/2.6/0.10+2.1 ms cpu, 249->249->108 MB, 263 MB goal, 0 MB stacks, 0 MB globals, 20 P
gc 5006 @177.246s 0%: 0.019+0.74+0.006 ms clock, 0.39+0/1.3/0+0.12 ms cpu, 207->207->111 MB, 216 MB goal, 0 MB stacks, 0 MB globals, 20 P
gc 5007 @177.265s 0%: 0.025+1.4+0.005 ms clock, 0.51+0/1.8/0+0.10 ms cpu, 212->212->112 MB, 223 MB goal, 0 MB stacks, 0 MB globals, 20 P
gc 5008 @177.285s 0%: 0.025+5.4+0.010 ms clock, 0.50+0/6.3/0.036+0.20 ms cpu, 215->215->116 MB, 226 MB goal, 0 MB stacks, 0 MB globals, 20 P
gc 5009 @177.321s 0%: 0.019+1.4+0.003 ms clock, 0.39+0/1.8/0+0.071 ms cpu, 222->222->122 MB, 233 MB goal, 0 MB stacks, 0 MB globals, 20 P
gc 5010 @177.351s 0%: 0.019+0.83+0.003 ms clock, 0.38+0.059/0.93/0+0.067 ms cpu, 232->236->114 MB, 245 MB goal, 0 MB stacks, 0 MB globals, 20 P
gc 5011 @177.365s 0%: 0.018+0.50+0.006 ms clock, 0.37+0/0.96/0+0.12 ms cpu, 215->215->113 MB, 228 MB goal, 0 MB stacks, 0 MB globals, 20 P
gc 5012 @177.377s 0%: 0.022+3.7+0.007 ms clock, 0.44+0/4.1/0.025+0.15 ms cpu, 216->216->116 MB, 226 MB goal, 0 MB stacks, 0 MB globals, 20 P
gc 5013 @177.396s 0%: 0.025+6.3+0.005 ms clock, 0.50+0/6.9/0+0.11 ms cpu, 221->221->118 MB, 232 MB goal, 0 MB stacks, 0 MB globals, 20 P
gc 5014 @177.420s 0%: 0.050+1.8+0.004 ms clock, 1.0+0/2.6/0.001+0.098 ms cpu, 227->227->121 MB, 237 MB goal, 0 MB stacks, 0 MB globals, 20 P
gc 5015 @177.462s 0%: 0.033+1.2+0.013 ms clock, 0.66+0/2.1/0+0.26 ms cpu, 234->234->107 MB, 244 MB goal, 0 MB stacks, 0 MB globals, 20 P
gc 5016 @177.481s 0%: 0.017+0.62+0.005 ms clock, 0.34+0/1.1/0+0.11 ms cpu, 206->206->110 MB, 215 MB goal, 0 MB stacks, 0 MB globals, 20 P
gc 5017 @177.494s 0%: 0.018+3.8+0.003 ms clock, 0.37+0/4.3/0+0.065 ms cpu, 216->216->116 MB, 221 MB goal, 0 MB stacks, 0 MB globals, 20 P
gc 5018 @177.518s 0%: 0.023+1.7+0.004 ms clock, 0.46+0/2.3/0+0.098 ms cpu, 221->221->103 MB, 232 MB goal, 0 MB stacks, 0 MB globals, 20 P
gc 5019 @177.545s 0%: 0.041+1.9+0.007 ms clock, 0.83+0/2.0/0.005+0.14 ms cpu, 195->200->108 MB, 206 MB goal, 0 MB stacks, 0 MB globals, 20 P
gc 5020 @177.568s 0%: 0.022+0.79+0.006 ms clock, 0.45+0/1.4/0+0.13 ms cpu, 207->207->105 MB, 216 MB goal, 0 MB stacks, 0 MB globals, 20 P
gc 5021 @177.590s 0%: 0.028+0.94+0.006 ms clock, 0.57+0/2.1/0.054+0.12 ms cpu, 198->198->108 MB, 211 MB goal, 0 MB stacks, 0 MB globals, 20 P
gc 5022 @177.611s 0%: 0.020+1.1+0.004 ms clock, 0.41+0/1.3/0+0.091 ms cpu, 209->209->113 MB, 217 MB goal, 0 MB stacks, 0 MB globals, 20 P
gc 5023 @177.635s 0%: 0.029+7.5+0.009 ms clock, 0.59+0/8.3/0.005+0.18 ms cpu, 216->216->117 MB, 227 MB goal, 0 MB stacks, 0 MB globals, 20 P
gc 5024 @177.666s 0%: 0.042+3.6+0.008 ms clock, 0.84+0/4.5/0.40+0.17 ms cpu, 222->222->122 MB, 234 MB goal, 0 MB stacks, 0 MB globals, 20 P
gc 5025 @177.698s 0%: 0.020+0.53+0.014 ms clock, 0.41+0/0.90/0+0.29 ms cpu, 245->245->143 MB, 246 MB goal, 0 MB stacks, 0 MB globals, 20 P
gc 5026 @177.728s 0%: 0.022+3.2+0.004 ms clock, 0.45+0/3.6/0+0.091 ms cpu, 276->276->121 MB, 286 MB goal, 0 MB stacks, 0 MB globals, 20 P
gc 5027 @177.747s 0%: 0.020+0.46+0.008 ms clock, 0.41+0/0.82/0+0.17 ms cpu, 231->231->136 MB, 243 MB goal, 0 MB stacks, 0 MB globals, 20 P
gc 5028 @177.769s 0%: 0.021+0.85+0.15 ms clock, 0.43+0/1.4/0.12+3.0 ms cpu, 261->261->118 MB, 274 MB goal, 0 MB stacks, 0 MB globals, 20 P
gc 5029 @177.786s 0%: 0.018+0.48+0.021 ms clock, 0.36+0/1.0/0.001+0.42 ms cpu, 234->234->131 MB, 237 MB goal, 0 MB stacks, 0 MB globals, 20 P
gc 5030 @177.808s 0%: 0.026+4.1+0.008 ms clock, 0.53+0/5.0/0.001+0.16 ms cpu, 255->255->110 MB, 264 MB goal, 0 MB stacks, 0 MB globals, 20 P
gc 5031 @177.827s 0%: 0.019+1.1+0.088 ms clock, 0.38+0/1.5/0+1.7 ms cpu, 214->225->124 MB, 221 MB goal, 0 MB stacks, 0 MB globals, 20 P
gc 5032 @177.853s 0%: 0.035+0.66+0.017 ms clock, 0.71+0/1.2/0+0.34 ms cpu, 236->236->102 MB, 249 MB goal, 0 MB stacks, 0 MB globals, 20 P
gc 5033 @177.877s 0%: 0.027+0.90+4.0 ms clock, 0.55+0/1.7/0+81 ms cpu, 194->199->108 MB, 205 MB goal, 0 MB stacks, 0 MB globals, 20 P
gc 5034 @177.900s 0%: 0.020+1.1+4.3 ms clock, 0.41+0/2.0/0.23+87 ms cpu, 207->215->115 MB, 217 MB goal, 0 MB stacks, 0 MB globals, 20 P
gc 5035 @177.922s 0%: 0.018+3.3+0.003 ms clock, 0.37+0/3.7/0+0.070 ms cpu, 230->230->115 MB, 230 MB goal, 0 MB stacks, 0 MB globals, 20 P
gc 5036 @177.937s 0%: 0.019+4.9+0.006 ms clock, 0.39+0/5.2/0+0.13 ms cpu, 223->223->119 MB, 230 MB goal, 0 MB stacks, 0 MB globals, 20 P
gc 5037 @177.961s 0%: 0.022+0.58+0.007 ms clock, 0.45+0.061/0.72/0+0.14 ms cpu, 229->231->111 MB, 239 MB goal, 0 MB stacks, 0 MB globals, 20 P
gc 5038 @177.980s 0%: 0.017+0.43+0.003 ms clock, 0.34+0/0.70/0+0.060 ms cpu, 215->215->115 MB, 223 MB goal, 0 MB stacks, 0 MB globals, 20 P
gc 5039 @178.002s 0%: 0.026+3.1+0.009 ms clock, 0.53+0/3.8/0.020+0.18 ms cpu, 223->223->119 MB, 230 MB goal, 0 MB stacks, 0 MB globals, 20 P
gc 5040 @178.027s 0%: 0.019+3.2+0.005 ms clock, 0.39+0/3.6/0+0.10 ms cpu, 229->229->123 MB, 238 MB goal, 0 MB stacks, 0 MB globals, 20 P
gc 5041 @178.044s 0%: 0.019+2.3+0.004 ms clock, 0.38+0/2.8/0+0.089 ms cpu, 244->244->129 MB, 247 MB goal, 0 MB stacks, 0 MB globals, 20 P
gc 5042 @178.070s 0%: 0.018+1.0+0.003 ms clock, 0.36+0.12/0.86/0+0.073 ms cpu, 248->252->119 MB, 258 MB goal, 0 MB stacks, 0 MB globals, 20 P
gc 5043 @178.095s 0%: 0.032+1.4+0.008 ms clock, 0.64+0/2.4/0.046+0.16 ms cpu, 228->228->122 MB, 239 MB goal, 0 MB stacks, 0 MB globals, 20 P
gc 5044 @178.126s 0%: 0.020+0.46+0.005 ms clock, 0.41+0/0.76/0+0.11 ms cpu, 238->238->138 MB, 244 MB goal, 0 MB stacks, 0 MB globals, 20 P
gc 5045 @178.154s 0%: 0.029+5.5+0.005 ms clock, 0.58+0/6.1/0+0.10 ms cpu, 269->269->115 MB, 277 MB goal, 0 MB stacks, 0 MB globals, 20 P
gc 5046 @178.183s 0%: 0.021+3.8+0.072 ms clock, 0.43+0/4.3/0+1.4 ms cpu, 227->241->134 MB, 231 MB goal, 0 MB stacks, 0 MB globals, 20 P
gc 5047 @178.227s 0%: 0.024+3.2+0.008 ms clock, 0.49+0/4.0/0.034+0.16 ms cpu, 258->258->110 MB, 268 MB goal, 0 MB stacks, 0 MB globals, 20 P
gc 5048 @178.250s 0%: 0.028+1.5+0.007 ms clock, 0.56+0/2.5/0.056+0.14 ms cpu, 216->216->115 MB, 222 MB goal, 0 MB stacks, 0 MB globals, 20 P
gc 5049 @178.283s 0%: 0.029+2.2+0.007 ms clock, 0.59+0/3.5/0.14+0.15 ms cpu, 217->217->104 MB, 230 MB goal, 0 MB stacks, 0 MB globals, 20 P
gc 5050 @178.306s 0%: 0.024+1.0+0.006 ms clock, 0.49+0/1.9/0+0.13 ms cpu, 202->202->107 MB, 209 MB goal, 0 MB stacks, 0 MB globals, 20 P
gc 5051 @178.328s 0%: 0.031+5.5+0.007 ms clock, 0.62+0/6.4/0.14+0.15 ms cpu, 208->208->109 MB, 215 MB goal, 0 MB stacks, 0 MB globals, 20 P
gc 5052 @178.358s 0%: 0.032+0.67+0.024 ms clock, 0.65+0/1.5/0.073+0.48 ms cpu, 206->206->122 MB, 219 MB goal, 0 MB stacks, 0 MB globals, 20 P
gc 5053 @178.387s 0%: 0.022+0.56+0.004 ms clock, 0.45+0/0.85/0+0.086 ms cpu, 235->235->101 MB, 246 MB goal, 0 MB stacks, 0 MB globals, 20 P
gc 5054 @178.399s 0%: 0.021+0.51+0.005 ms clock, 0.43+0/1.0/0+0.11 ms cpu, 193->193->103 MB, 203 MB goal, 0 MB stacks, 0 MB globals, 20 P
gc 5055 @178.416s 0%: 0.025+0.66+1.3 ms clock, 0.51+0/1.0/0+26 ms cpu, 196->201->109 MB, 207 MB goal, 0 MB stacks, 0 MB globals, 20 P
gc 5056 @178.436s 0%: 0.018+2.6+0.90 ms clock, 0.37+0/3.0/0.022+18 ms cpu, 208->216->117 MB, 218 MB goal, 0 MB stacks, 0 MB globals, 20 P
gc 5057 @178.455s 0%: 0.020+5.5+0.003 ms clock, 0.40+0/5.7/0+0.068 ms cpu, 232->232->116 MB, 234 MB goal, 0 MB stacks, 0 MB globals, 20 P
gc 5058 @178.473s 0%: 0.020+1.4+0.003 ms clock, 0.41+0/1.8/0.095+0.076 ms cpu, 225->225->121 MB, 234 MB goal, 0 MB stacks, 0 MB globals, 20 P
gc 5059 @178.498s 0%: 0.018+0.49+0.003 ms clock, 0.36+0.039/0.76/0.004+0.071 ms cpu, 229->231->114 MB, 243 MB goal, 0 MB stacks, 0 MB globals, 20 P
gc 5060 @178.518s 0%: 0.017+0.71+0.003 ms clock, 0.35+0/1.0/0+0.068 ms cpu, 216->216->115 MB, 228 MB goal, 0 MB stacks, 0 MB globals, 20 P
gc 5061 @178.542s 0%: 0.030+4.0+0.008 ms clock, 0.61+0/4.6/0+0.16 ms cpu, 220->220->118 MB, 230 MB goal, 0 MB stacks, 0 MB globals, 20 P
gc 5062 @178.564s 0%: 0.023+1.0+0.005 ms clock, 0.46+0/1.4/0+0.10 ms cpu, 225->225->121 MB, 237 MB goal, 0 MB stacks, 0 MB globals, 20 P
gc 5063 @178.587s 0%: 0.028+8.1+0.006 ms clock, 0.56+0/8.5/0.008+0.12 ms cpu, 236->236->126 MB, 242 MB goal, 0 MB stacks, 0 MB globals, 20 P
gc 5064 @178.619s 0%: 0.027+0.77+0.007 ms clock, 0.54+0/1.8/0.093+0.14 ms cpu, 239->239->115 MB, 252 MB goal, 0 MB stacks, 0 MB globals, 20 P
gc 5065 @178.639s 0%: 0.022+5.9+0.005 ms clock, 0.45+0/6.3/0+0.10 ms cpu, 227->227->121 MB, 231 MB goal, 0 MB stacks, 0 MB globals, 20 P
gc 5066 @178.661s 0%: 0.019+0.72+0.003 ms clock, 0.38+0/0.93/0+0.071 ms cpu, 228->229->107 MB, 242 MB goal, 0 MB stacks, 0 MB globals, 20 P
gc 5067 @178.675s 0%: 0.027+1.8+0.008 ms clock, 0.54+0/0.88/0.001+0.17 ms cpu, 201->203->107 MB, 214 MB goal, 0 MB stacks, 0 MB globals, 20 P
gc 5068 @178.700s 0%: 0.021+3.3+0.004 ms clock, 0.42+0/3.5/0+0.098 ms cpu, 211->211->109 MB, 215 MB goal, 0 MB stacks, 0 MB globals, 20 P
gc 5069 @178.720s 0%: 0.018+1.5+0.003 ms clock, 0.37+0/2.0/0.019+0.068 ms cpu, 211->211->110 MB, 218 MB goal, 0 MB stacks, 0 MB globals, 20 P
gc 5070 @178.734s 0%: 0.019+1.2+0.010 ms clock, 0.39+0/1.4/0+0.21 ms cpu, 216->216->115 MB, 221 MB goal, 0 MB stacks, 0 MB globals, 20 P
gc 5071 @178.759s 0%: 0.019+0.63+0.006 ms clock, 0.39+0/1.0/0.020+0.12 ms cpu, 226->226->106 MB, 230 MB goal, 0 MB stacks, 0 MB globals, 20 P
gc 5072 @178.778s 0%: 0.028+2.6+0.005 ms clock, 0.57+0/3.1/0.020+0.10 ms cpu, 217->217->112 MB, 217 MB goal, 0 MB stacks, 0 MB globals, 20 P
gc 5073 @178.803s 0%: 0.033+12+0.005 ms clock, 0.66+0/13/0.001+0.11 ms cpu, 219->219->128 MB, 224 MB goal, 0 MB stacks, 0 MB globals, 20 P
gc 5074 @178.844s 0%: 0.019+0.40+0.003 ms clock, 0.38+0/0.82/0+0.067 ms cpu, 251->251->108 MB, 258 MB goal, 0 MB stacks, 0 MB globals, 20 P
gc 5075 @178.864s 0%: 0.028+3.4+0.008 ms clock, 0.56+0/4.2/0.001+0.16 ms cpu, 210->210->110 MB, 216 MB goal, 0 MB stacks, 0 MB globals, 20 P
gc 5076 @178.889s 0%: 0.022+1.1+0.006 ms clock, 0.44+0/2.1/0.12+0.12 ms cpu, 217->217->113 MB, 220 MB goal, 0 MB stacks, 0 MB globals, 20 P
gc 5077 @178.910s 0%: 0.025+6.5+0.005 ms clock, 0.50+0/7.0/0+0.10 ms cpu, 228->228->120 MB, 228 MB goal, 0 MB stacks, 0 MB globals, 20 P
gc 5078 @178.941s 0%: 0.023+0.53+0.010 ms clock, 0.46+0/0.95/0+0.20 ms cpu, 243->243->139 MB, 243 MB goal, 0 MB stacks, 0 MB globals, 20 P
gc 5079 @178.963s 0%: 0.021+0.70+0.003 ms clock, 0.42+0/1.0/0+0.067 ms cpu, 272->272->121 MB, 279 MB goal, 0 MB stacks, 0 MB globals, 20 P
gc 5080 @178.980s 0%: 0.020+1.1+0.003 ms clock, 0.40+0/1.4/0.040+0.068 ms cpu, 236->236->126 MB, 243 MB goal, 0 MB stacks, 0 MB globals, 20 P
gc 5081 @179.010s 0%: 0.023+0.49+0.023 ms clock, 0.47+0/0.85/0+0.47 ms cpu, 248->248->143 MB, 252 MB goal, 0 MB stacks, 0 MB globals, 20 P
gc 5082 @179.034s 0%: 0.020+3.6+0.003 ms clock, 0.40+0/4.1/0.051+0.065 ms cpu, 286->286->123 MB, 286 MB goal, 0 MB stacks, 0 MB globals, 20 P
gc 5083 @179.058s 0%: 0.020+0.45+0.017 ms clock, 0.40+0/0.70/0+0.35 ms cpu, 239->239->140 MB, 247 MB goal, 0 MB stacks, 0 MB globals, 20 P
gc 5084 @179.085s 0%: 0.026+1.4+0.010 ms clock, 0.53+0/2.0/0.003+0.21 ms cpu, 278->278->121 MB, 280 MB goal, 0 MB stacks, 0 MB globals, 20 P
gc 5085 @179.108s 0%: 0.018+0.57+0.005 ms clock, 0.37+0.057/0.76/0+0.11 ms cpu, 234->237->110 MB, 243 MB goal, 0 MB stacks, 0 MB globals, 20 P
gc 5086 @179.123s 0%: 0.016+0.72+0.022 ms clock, 0.33+0/1.1/0+0.44 ms cpu, 215->215->110 MB, 220 MB goal, 0 MB stacks, 0 MB globals, 20 P
gc 5087 @179.143s 0%: 0.025+3.6+0.006 ms clock, 0.50+0/4.3/0.001+0.13 ms cpu, 217->217->113 MB, 221 MB goal, 0 MB stacks, 0 MB globals, 20 P
gc 5088 @179.164s 0%: 0.020+2.6+0.002 ms clock, 0.40+0/2.8/0+0.058 ms cpu, 229->229->118 MB, 229 MB goal, 0 MB stacks, 0 MB globals, 20 P
gc 5089 @179.184s 0%: 0.022+0.54+0.015 ms clock, 0.44+0/0.89/0.020+0.30 ms cpu, 240->240->136 MB, 240 MB goal, 0 MB stacks, 0 MB globals, 20 P
gc 5090 @179.209s 0%: 0.024+3.7+0.006 ms clock, 0.49+0/3.9/0+0.12 ms cpu, 269->269->118 MB, 274 MB goal, 0 MB stacks, 0 MB globals, 20 P
gc 5091 @179.229s 0%: 0.017+1.0+0.003 ms clock, 0.34+0/1.6/0.009+0.075 ms cpu, 233->233->126 MB, 237 MB goal, 0 MB stacks, 0 MB globals, 20 P
gc 5092 @179.247s 0%: 0.024+0.48+0.014 ms clock, 0.48+0/0.92/0.010+0.28 ms cpu, 248->248->143 MB, 252 MB goal, 0 MB stacks, 0 MB globals, 20 P
gc 5093 @179.281s 0%: 0.048+6.8+0.006 ms clock, 0.97+0/7.7/0.13+0.13 ms cpu, 285->285->123 MB, 286 MB goal, 0 MB stacks, 0 MB globals, 20 P
gc 5094 @179.307s 0%: 0.019+0.42+0.011 ms clock, 0.38+0/0.67/0+0.22 ms cpu, 241->241->138 MB, 246 MB goal, 0 MB stacks, 0 MB globals, 20 P
gc 5095 @179.337s 0%: 0.027+1.7+0.007 ms clock, 0.55+0/2.2/0.035+0.14 ms cpu, 276->276->122 MB, 277 MB goal, 0 MB stacks, 0 MB globals, 20 P
gc 5096 @179.370s 0%: 0.017+1.4+0.006 ms clock, 0.34+0/1.4/0+0.13 ms cpu, 239->242->113 MB, 246 MB goal, 0 MB stacks, 0 MB globals, 20 P
gc 5097 @179.391s 0%: 0.019+2.9+0.003 ms clock, 0.38+0/3.1/0+0.069 ms cpu, 234->234->117 MB, 234 MB goal, 0 MB stacks, 0 MB globals, 20 P
gc 5098 @179.422s 0%: 0.025+0.57+0.005 ms clock, 0.50+0.034/1.1/0+0.11 ms cpu, 233->233->103 MB, 236 MB goal, 0 MB stacks, 0 MB globals, 20 P
gc 5099 @179.446s 0%: 0.021+0.56+0.004 ms clock, 0.42+0/1.0/0+0.080 ms cpu, 203->203->104 MB, 207 MB goal, 0 MB stacks, 0 MB globals, 20 P
gc 5100 @179.462s 0%: 0.021+0.69+0.004 ms clock, 0.43+0/1.3/0.006+0.093 ms cpu, 209->209->108 MB, 210 MB goal, 0 MB stacks, 0 MB globals, 20 P
gc 5101 @179.479s 0%: 0.024+3.1+0.004 ms clock, 0.48+0/3.6/0+0.095 ms cpu, 219->219->114 MB, 219 MB goal, 0 MB stacks, 0 MB globals, 20 P
gc 5102 @179.501s 0%: 0.019+4.2+0.002 ms clock, 0.39+0/4.5/0.086+0.058 ms cpu, 234->234->121 MB, 235 MB goal, 0 MB stacks, 0 MB globals, 20 P
gc 5103 @179.529s 0%: 0.017+0.51+0.005 ms clock, 0.34+0.045/0.66/0+0.11 ms cpu, 241->241->111 MB, 243 MB goal, 0 MB stacks, 0 MB globals, 20 P
gc 5104 @179.544s 0%: 0.017+3.0+0.007 ms clock, 0.35+0/3.5/0+0.15 ms cpu, 223->223->116 MB, 223 MB goal, 0 MB stacks, 0 MB globals, 20 P
gc 5105 @179.569s 0%: 0.024+1.7+0.007 ms clock, 0.48+0/2.2/0+0.15 ms cpu, 240->240->126 MB, 240 MB goal, 0 MB stacks, 0 MB globals, 20 P
gc 5106 @179.596s 0%: 0.022+0.47+0.014 ms clock, 0.45+0/0.87/0+0.29 ms cpu, 248->248->143 MB, 252 MB goal, 0 MB stacks, 0 MB globals, 20 P
gc 5107 @179.629s 0%: 0.022+5.4+0.009 ms clock, 0.44+0/5.8/0.010+0.19 ms cpu, 296->296->127 MB, 296 MB goal, 0 MB stacks, 0 MB globals, 20 P
gc 5108 @179.658s 0%: 0.019+0.80+0.003 ms clock, 0.38+0/1.0/0+0.078 ms cpu, 255->255->116 MB, 255 MB goal, 0 MB stacks, 0 MB globals, 20 P
gc 5109 @179.688s 0%: 0.019+0.51+0.007 ms clock, 0.38+0/0.63/0+0.14 ms cpu, 242->242->135 MB, 243 MB goal, 0 MB stacks, 0 MB globals, 20 P
gc 5110 @179.726s 0%: 0.027+3.9+0.003 ms clock, 0.55+0/4.3/0+0.076 ms cpu, 267->267->113 MB, 271 MB goal, 0 MB stacks, 0 MB globals, 20 P
gc 5111 @179.750s 0%: 0.020+3.8+0.003 ms clock, 0.40+0/4.4/0+0.077 ms cpu, 227->227->119 MB, 227 MB goal, 0 MB stacks, 0 MB globals, 20 P
gc 5112 @179.786s 0%: 0.020+1.2+0.005 ms clock, 0.40+0.056/0.96/0+0.11 ms cpu, 236->239->110 MB, 239 MB goal, 0 MB stacks, 0 MB globals, 20 P
gc 5113 @179.809s 0%: 0.026+5.9+0.004 ms clock, 0.53+0/6.7/0+0.087 ms cpu, 222->222->115 MB, 222 MB goal, 0 MB stacks, 0 MB globals, 20 P
gc 5114 @179.833s 0%: 0.028+6.7+0.003 ms clock, 0.57+0/7.7/0+0.068 ms cpu, 235->235->122 MB, 235 MB goal, 0 MB stacks, 0 MB globals, 20 P
gc 5115 @179.862s 0%: 0.035+0.64+0.007 ms clock, 0.71+0/1.2/0.001+0.14 ms cpu, 240->240->108 MB, 244 MB goal, 0 MB stacks, 0 MB globals, 20 P
gc 5116 @179.878s 0%: 0.017+0.47+0.003 ms clock, 0.35+0/1.1/0+0.063 ms cpu, 213->213->112 MB, 216 MB goal, 0 MB stacks, 0 MB globals, 20 P
gc 5117 @179.894s 0%: 0.016+3.8+0.005 ms clock, 0.32+0/4.0/0+0.11 ms cpu, 229->229->117 MB, 229 MB goal, 0 MB stacks, 0 MB globals, 20 P
gc 5118 @179.914s 0%: 0.019+4.9+0.003 ms clock, 0.38+0/5.1/0+0.075 ms cpu, 238->238->122 MB, 238 MB goal, 0 MB stacks, 0 MB globals, 20 P
gc 5119 @179.938s 0%: 0.094+1.2+1.1 ms clock, 1.8+0/1.6/0+22 ms cpu, 242->245->117 MB, 246 MB goal, 0 MB stacks, 0 MB globals, 20 P
gc 5120 @179.955s 0%: 0.016+0.65+0.003 ms clock, 0.33+0/1.0/0.023+0.064 ms cpu, 234->234->120 MB, 236 MB goal, 0 MB stacks, 0 MB globals, 20 P
gc 5121 @179.975s 0%: 0.018+3.6+0.003 ms clock, 0.37+0/3.8/0.001+0.078 ms cpu, 251->251->129 MB, 251 MB goal, 0 MB stacks, 0 MB globals, 20 P
gc 5122 @179.996s 0%: 0.016+0.42+0.003 ms clock, 0.33+0/0.73/0+0.079 ms cpu, 256->256->117 MB, 258 MB goal, 0 MB stacks, 0 MB globals, 20 P
gc 5123 @180.013s 0%: 0.017+3.7+0.004 ms clock, 0.34+0/3.9/0+0.094 ms cpu, 240->240->123 MB, 240 MB goal, 0 MB stacks, 0 MB globals, 20 P
gc 5124 @180.035s 0%: 0.019+0.49+0.004 ms clock, 0.39+0/0.69/0+0.085 ms cpu, 243->243->114 MB, 247 MB goal, 0 MB stacks, 0 MB globals, 20 P
gc 5125 @180.061s 0%: 0.025+7.5+0.007 ms clock, 0.51+0/8.4/0.079+0.14 ms cpu, 231->231->121 MB, 231 MB goal, 0 MB stacks, 0 MB globals, 20 P
gc 5126 @180.093s 0%: 0.020+0.45+0.003 ms clock, 0.40+0/0.73/0+0.070 ms cpu, 240->240->108 MB, 242 MB goal, 0 MB stacks, 0 MB globals, 20 P
gc 5127 @180.114s 0%: 0.023+0.93+0.006 ms clock, 0.47+0/1.4/0+0.12 ms cpu, 215->215->110 MB, 217 MB goal, 0 MB stacks, 0 MB globals, 20 P
gc 5128 @180.129s 0%: 0.021+6.0+0.034 ms clock, 0.43+0/6.7/0.096+0.68 ms cpu, 230->230->116 MB, 230 MB goal, 0 MB stacks, 0 MB globals, 20 P
gc 5129 @180.162s 0%: 0.031+0.57+0.004 ms clock, 0.62+0.049/0.77/0+0.089 ms cpu, 230->231->105 MB, 234 MB goal, 0 MB stacks, 0 MB globals, 20 P
gc 5130 @180.175s 0%: 0.018+0.45+0.003 ms clock, 0.36+0/0.80/0+0.077 ms cpu, 210->210->108 MB, 211 MB goal, 0 MB stacks, 0 MB globals, 20 P
gc 5131 @180.193s 0%: 0.019+1.4+0.003 ms clock, 0.38+0/1.8/0+0.066 ms cpu, 220->220->113 MB, 220 MB goal, 0 MB stacks, 0 MB globals, 20 P
gc 5132 @180.208s 0%: 0.018+3.3+0.004 ms clock, 0.37+0/3.6/0.011+0.089 ms cpu, 229->229->119 MB, 229 MB goal, 0 MB stacks, 0 MB globals, 20 P
gc 5133 @180.235s 0%: 0.025+0.65+0.005 ms clock, 0.51+0.18/1.2/0.068+0.11 ms cpu, 237->237->111 MB, 239 MB goal, 0 MB stacks, 0 MB globals, 20 P
gc 5134 @180.259s 0%: 0.028+3.6+0.007 ms clock, 0.57+0/4.2/0+0.14 ms cpu, 221->221->116 MB, 222 MB goal, 0 MB stacks, 0 MB globals, 20 P
gc 5135 @180.288s 0%: 0.033+10+0.005 ms clock, 0.66+0/10/0.14+0.11 ms cpu, 238->238->121 MB, 238 MB goal, 0 MB stacks, 0 MB globals, 20 P
gc 5136 @180.320s 0%: 0.030+1.1+0.006 ms clock, 0.60+0/1.7/0+0.13 ms cpu, 247->247->112 MB, 247 MB goal, 0 MB stacks, 0 MB globals, 20 P
gc 5137 @180.360s 0%: 0.019+0.73+0.006 ms clock, 0.38+0/1.1/0+0.13 ms cpu, 220->221->98 MB, 224 MB goal, 0 MB stacks, 0 MB globals, 20 P
gc 5138 @180.383s 0%: 0.034+0.50+0.003 ms clock, 0.68+0.075/0.73/0.013+0.071 ms cpu, 194->195->100 MB, 197 MB goal, 0 MB stacks, 0 MB globals, 20 P
gc 5139 @180.402s 0%: 0.020+1.5+0.006 ms clock, 0.41+0/2.2/0.003+0.13 ms cpu, 199->199->102 MB, 200 MB goal, 0 MB stacks, 0 MB globals, 20 P
gc 5140 @180.422s 0%: 0.016+0.89+0.003 ms clock, 0.32+0/1.3/0+0.071 ms cpu, 202->202->105 MB, 204 MB goal, 0 MB stacks, 0 MB globals, 20 P
gc 5141 @180.437s 0%: 0.017+0.80+0.002 ms clock, 0.34+0/1.2/0+0.057 ms cpu, 209->209->108 MB, 210 MB goal, 0 MB stacks, 0 MB globals, 20 P
gc 5142 @180.453s 0%: 0.021+5.0+0.006 ms clock, 0.43+0/5.8/0.13+0.12 ms cpu, 219->219->115 MB, 219 MB goal, 0 MB stacks, 0 MB globals, 20 P
gc 5143 @180.475s 0%: 0.020+5.7+0.004 ms clock, 0.41+0/6.1/0+0.087 ms cpu, 236->236->122 MB, 236 MB goal, 0 MB stacks, 0 MB globals, 20 P
gc 5144 @180.498s 0%: 0.017+0.63+0.002 ms clock, 0.34+0.15/0.54/0+0.057 ms cpu, 242->245->119 MB, 246 MB goal, 0 MB stacks, 0 MB globals, 20 P
gc 5145 @180.514s 0%: 0.019+2.4+0.002 ms clock, 0.38+0/2.8/0+0.056 ms cpu, 235->235->121 MB, 238 MB goal, 0 MB stacks, 0 MB globals, 20 P
gc 5146 @180.531s 0%: 0.018+4.7+0.003 ms clock, 0.36+0/4.9/0+0.079 ms cpu, 252->252->128 MB, 252 MB goal, 0 MB stacks, 0 MB globals, 20 P
gc 5147 @180.558s 0%: 0.021+0.91+0.003 ms clock, 0.42+0/1.0/0+0.072 ms cpu, 258->258->119 MB, 258 MB goal, 0 MB stacks, 0 MB globals, 20 P
gc 5148 @180.577s 0%: 0.018+0.67+0.006 ms clock, 0.37+0.088/0.69/0.009+0.13 ms cpu, 236->238->111 MB, 240 MB goal, 0 MB stacks, 0 MB globals, 20 P
gc 5149 @180.594s 0%: 0.025+0.55+0.006 ms clock, 0.50+0/1.2/0.001+0.13 ms cpu, 220->220->112 MB, 223 MB goal, 0 MB stacks, 0 MB globals, 20 P
gc 5150 @180.615s 0%: 0.029+1.5+0.005 ms clock, 0.59+0/2.3/0+0.10 ms cpu, 224->224->117 MB, 224 MB goal, 0 MB stacks, 0 MB globals, 20 P
gc 5151 @180.647s 0%: 0.019+0.42+0.003 ms clock, 0.39+0/0.82/0+0.068 ms cpu, 234->234->105 MB, 236 MB goal, 0 MB stacks, 0 MB globals, 20 P
gc 5152 @180.679s 0%: 0.029+5.1+0.004 ms clock, 0.58+0/6.0/0.046+0.092 ms cpu, 215->215->109 MB, 215 MB goal, 0 MB stacks, 0 MB globals, 20 P
gc 5153 @180.702s 0%: 0.018+0.43+0.008 ms clock, 0.37+0/0.67/0.002+0.16 ms cpu, 225->225->127 MB, 225 MB goal, 0 MB stacks, 0 MB globals, 20 P
gc 5154 @180.727s 0%: 0.019+2.9+0.004 ms clock, 0.38+0/3.3/0+0.094 ms cpu, 252->252->107 MB, 254 MB goal, 0 MB stacks, 0 MB globals, 20 P
gc 5155 @180.748s 0%: 0.024+3.5+0.007 ms clock, 0.48+0/4.2/0+0.14 ms cpu, 213->213->113 MB, 215 MB goal, 0 MB stacks, 0 MB globals, 20 P
gc 5156 @180.774s 0%: 0.018+0.55+0.003 ms clock, 0.36+0.077/0.83/0+0.067 ms cpu, 223->225->104 MB, 226 MB goal, 0 MB stacks, 0 MB globals, 20 P
gc 5157 @180.792s 0%: 0.023+0.63+0.12 ms clock, 0.46+0.005/1.2/0.11+2.5 ms cpu, 206->206->107 MB, 210 MB goal, 0 MB stacks, 0 MB globals, 20 P
gc 5158 @180.819s 0%: 0.033+2.8+0.12 ms clock, 0.66+0/3.6/0.11+2.4 ms cpu, 219->219->113 MB, 219 MB goal, 0 MB stacks, 0 MB globals, 20 P
gc 5159 @180.844s 0%: 0.030+8.6+0.004 ms clock, 0.60+0/9.6/0.027+0.095 ms cpu, 229->229->118 MB, 229 MB goal, 0 MB stacks, 0 MB globals, 20 P
gc 5160 @180.874s 0%: 0.020+0.48+0.005 ms clock, 0.40+0/0.80/0.003+0.10 ms cpu, 236->236->106 MB, 237 MB goal, 0 MB stacks, 0 MB globals, 20 P
gc 5161 @180.893s 0%: 0.032+3.2+0.009 ms clock, 0.65+0/3.9/0.10+0.18 ms cpu, 215->215->111 MB, 215 MB goal, 0 MB stacks, 0 MB globals, 20 P
gc 5162 @180.912s 0%: 0.016+1.3+0.003 ms clock, 0.33+0/1.8/0.050+0.076 ms cpu, 221->221->117 MB, 222 MB goal, 0 MB stacks, 0 MB globals, 20 P
gc 5163 @180.947s 0%: 0.033+8.8+0.004 ms clock, 0.67+0/10/0.15+0.085 ms cpu, 238->238->124 MB, 238 MB goal, 0 MB stacks, 0 MB globals, 20 P
gc 5164 @180.978s 0%: 0.019+0.44+0.003 ms clock, 0.38+0/0.94/0+0.065 ms cpu, 247->247->111 MB, 248 MB goal, 0 MB stacks, 0 MB globals, 20 P
gc 5165 @181.003s 0%: 0.036+5.6+0.010 ms clock, 0.73+0/6.5/0.025+0.20 ms cpu, 219->219->115 MB, 223 MB goal, 0 MB stacks, 0 MB globals, 20 P
gc 5166 @181.033s 0%: 0.021+3.5+0.004 ms clock, 0.42+0/3.7/0.001+0.097 ms cpu, 239->239->125 MB, 239 MB goal, 0 MB stacks, 0 MB globals, 20 P
gc 5167 @181.063s 0%: 0.024+0.63+0.004 ms clock, 0.48+0/1.3/0.088+0.084 ms cpu, 250->250->116 MB, 250 MB goal, 0 MB stacks, 0 MB globals, 20 P
gc 5168 @181.083s 0%: 0.018+1.4+0.12 ms clock, 0.36+0/1.9/0+2.5 ms cpu, 233->233->123 MB, 233 MB goal, 0 MB stacks, 0 MB globals, 20 P
gc 5169 @181.102s 0%: 0.015+0.50+0.005 ms clock, 0.31+0.043/0.91/0.001+0.11 ms cpu, 242->242->110 MB, 246 MB goal, 0 MB stacks, 0 MB globals, 20 P
gc 5170 @181.116s 0%: 0.018+0.95+0.005 ms clock, 0.37+0/1.6/0.044+0.10 ms cpu, 219->219->115 MB, 221 MB goal, 0 MB stacks, 0 MB globals, 20 P
gc 5171 @181.150s 0%: 0.031+4.1+0.009 ms clock, 0.62+0/5.1/0.038+0.19 ms cpu, 229->229->102 MB, 231 MB goal, 0 MB stacks, 0 MB globals, 20 P
gc 5172 @181.176s 0%: 0.031+2.3+0.010 ms clock, 0.63+0/3.6/0.46+0.20 ms cpu, 210->210->105 MB, 210 MB goal, 0 MB stacks, 0 MB globals, 20 P
gc 5173 @181.201s 0%: 0.034+6.8+0.057 ms clock, 0.68+0/7.7/0.054+1.1 ms cpu, 210->210->109 MB, 212 MB goal, 0 MB stacks, 0 MB globals, 20 P
gc 5174 @181.224s 0%: 0.020+2.5+0.004 ms clock, 0.41+0/2.8/0+0.094 ms cpu, 217->217->114 MB, 219 MB goal, 0 MB stacks, 0 MB globals, 20 P
gc 5175 @181.246s 0%: 0.016+0.66+0.004 ms clock, 0.33+0.041/0.64/0+0.085 ms cpu, 224->226->103 MB, 228 MB goal, 0 MB stacks, 0 MB globals, 20 P
gc 5176 @181.266s 0%: 0.026+0.98+0.009 ms clock, 0.52+0.084/1.3/0.007+0.18 ms cpu, 203->206->110 MB, 207 MB goal, 0 MB stacks, 0 MB globals, 20 P
gc 5177 @181.300s 0%: 0.044+3.8+0.007 ms clock, 0.88+0/5.1/0+0.14 ms cpu, 218->218->114 MB, 221 MB goal, 0 MB stacks, 0 MB globals, 20 P
gc 5178 @181.330s 0%: 0.024+2.2+0.003 ms clock, 0.49+0/2.5/0+0.078 ms cpu, 224->224->119 MB, 228 MB goal, 0 MB stacks, 0 MB globals, 20 P
gc 5179 @181.350s 0%: 0.025+6.8+0.005 ms clock, 0.50+0/7.2/0+0.11 ms cpu, 240->240->128 MB, 240 MB goal, 0 MB stacks, 0 MB globals, 20 P
gc 5180 @181.378s 0%: 0.019+0.77+0.008 ms clock, 0.39+0/1.4/0+0.17 ms cpu, 257->257->119 MB, 257 MB goal, 0 MB stacks, 0 MB globals, 20 P
gc 5181 @181.397s 0%: 0.020+0.40+0.006 ms clock, 0.41+0/0.73/0+0.12 ms cpu, 245->245->138 MB, 246 MB goal, 0 MB stacks, 0 MB globals, 20 P
gc 5182 @181.419s 0%: 0.032+6.7+0.006 ms clock, 0.65+0/7.6/0.10+0.12 ms cpu, 276->276->119 MB, 277 MB goal, 0 MB stacks, 0 MB globals, 20 P
gc 5183 @181.454s 0%: 0.025+0.60+0.005 ms clock, 0.51+0/1.2/0.009+0.10 ms cpu, 237->237->105 MB, 239 MB goal, 0 MB stacks, 0 MB globals, 20 P
gc 5184 @181.478s 0%: 0.024+0.64+0.007 ms clock, 0.49+0/1.4/0.10+0.15 ms cpu, 207->207->107 MB, 211 MB goal, 0 MB stacks, 0 MB globals, 20 P
gc 5185 @181.493s 0%: 0.023+1.4+0.004 ms clock, 0.46+0/1.9/0+0.089 ms cpu, 214->214->110 MB, 215 MB goal, 0 MB stacks, 0 MB globals, 20 P
gc 5186 @181.518s 0%: 0.022+4.9+0.005 ms clock, 0.44+0/5.1/0+0.11 ms cpu, 225->225->116 MB, 225 MB goal, 0 MB stacks, 0 MB globals, 20 P
gc 5187 @181.544s 0%: 0.021+0.42+0.009 ms clock, 0.42+0/0.69/0+0.18 ms cpu, 238->238->135 MB, 239 MB goal, 0 MB stacks, 0 MB globals, 20 P
gc 5188 @181.574s 0%: 0.020+2.3+0.003 ms clock, 0.40+0/2.5/0+0.079 ms cpu, 268->268->116 MB, 271 MB goal, 0 MB stacks, 0 MB globals, 20 P
gc 5189 @181.601s 0%: 0.027+1.5+0.005 ms clock, 0.54+0/2.6/0.027+0.11 ms cpu, 232->232->122 MB, 234 MB goal, 0 MB stacks, 0 MB globals, 20 P
gc 5190 @181.627s 0%: 0.023+1.3+0.004 ms clock, 0.46+0/2.0/0.032+0.094 ms cpu, 244->244->115 MB, 245 MB goal, 0 MB stacks, 0 MB globals, 20 P
gc 5191 @181.657s 0%: 0.028+8.9+0.006 ms clock, 0.56+0/9.7/0.002+0.12 ms cpu, 236->236->122 MB, 236 MB goal, 0 MB stacks, 0 MB globals, 20 P
gc 5192 @181.686s 0%: 0.018+0.45+0.003 ms clock, 0.36+0/0.86/0.004+0.074 ms cpu, 242->242->110 MB, 245 MB goal, 0 MB stacks, 0 MB globals, 20 P
gc 5193 @181.707s 0%: 0.029+1.4+0.006 ms clock, 0.58+0/2.3/0.003+0.12 ms cpu, 219->219->115 MB, 221 MB goal, 0 MB stacks, 0 MB globals, 20 P
gc 5194 @181.735s 0%: 0.026+0.61+0.012 ms clock, 0.52+0/1.0/0+0.24 ms cpu, 231->231->131 MB, 231 MB goal, 0 MB stacks, 0 MB globals, 20 P
gc 5195 @181.771s 0%: 0.021+2.9+0.006 ms clock, 0.42+0/3.2/0+0.12 ms cpu, 264->264->110 MB, 264 MB goal, 0 MB stacks, 0 MB globals, 20 P
gc 5196 @181.786s 0%: 0.018+1.3+0.005 ms clock, 0.37+0/1.8/0+0.10 ms cpu, 222->222->116 MB, 222 MB goal, 0 MB stacks, 0 MB globals, 20 P
gc 5197 @181.821s 0%: 0.018+0.98+0.003 ms clock, 0.36+0/1.0/0+0.073 ms cpu, 230->231->107 MB, 233 MB goal, 0 MB stacks, 0 MB globals, 20 P
gc 5198 @181.842s 0%: 0.029+4.4+0.007 ms clock, 0.58+0/5.1/0+0.14 ms cpu, 212->212->109 MB, 214 MB goal, 0 MB stacks, 0 MB globals, 20 P
gc 5199 @181.866s 0%: 0.019+4.6+0.005 ms clock, 0.39+0/5.1/0+0.10 ms cpu, 224->224->116 MB, 224 MB goal, 0 MB stacks, 0 MB globals, 20 P
gc 5200 @181.893s 0%: 0.020+0.45+0.008 ms clock, 0.40+0/0.81/0+0.17 ms cpu, 239->239->135 MB, 239 MB goal, 0 MB stacks, 0 MB globals, 20 P
gc 5201 @181.917s 0%: 0.018+0.83+0.005 ms clock, 0.37+0/1.0/0+0.10 ms cpu, 268->268->117 MB, 271 MB goal, 0 MB stacks, 0 MB globals, 20 P
gc 5202 @181.933s 0%: 0.023+3.3+0.006 ms clock, 0.46+0/3.8/0+0.13 ms cpu, 232->232->121 MB, 234 MB goal, 0 MB stacks, 0 MB globals, 20 P
gc 5203 @181.961s 0%: 0.034+0.69+0.015 ms clock, 0.69+0/1.5/0.006+0.30 ms cpu, 243->243->138 MB, 243 MB goal, 0 MB stacks, 0 MB globals, 20 P
gc 5204 @181.994s 0%: 0.017+3.6+0.003 ms clock, 0.34+0/3.8/0+0.061 ms cpu, 281->281->123 MB, 281 MB goal, 0 MB stacks, 0 MB globals, 20 P
gc 5205 @182.015s 0%: 0.029+6.0+0.005 ms clock, 0.58+0/6.8/0.058+0.10 ms cpu, 244->244->128 MB, 247 MB goal, 0 MB stacks, 0 MB globals, 20 P
gc 5206 @182.051s 0%: 0.017+0.69+0.005 ms clock, 0.34+0/1.1/0.008+0.11 ms cpu, 258->258->119 MB, 258 MB goal, 0 MB stacks, 0 MB globals, 20 P
gc 5207 @182.072s 0%: 0.018+0.66+0.003 ms clock, 0.37+0.16/0.61/0+0.069 ms cpu, 236->238->111 MB, 240 MB goal, 0 MB stacks, 0 MB globals, 20 P
gc 5208 @182.088s 0%: 0.016+0.58+0.006 ms clock, 0.33+0/0.99/0.011+0.13 ms cpu, 220->220->112 MB, 223 MB goal, 0 MB stacks, 0 MB globals, 20 P
gc 5209 @182.106s 0%: 0.020+1.0+0.014 ms clock, 0.40+0/1.4/0+0.29 ms cpu, 228->228->115 MB, 228 MB goal, 0 MB stacks, 0 MB globals, 20 P
gc 5210 @182.143s 0%: 0.030+0.65+0.015 ms clock, 0.61+0/1.2/0+0.30 ms cpu, 231->231->131 MB, 231 MB goal, 0 MB stacks, 0 MB globals, 20 P
gc 5211 @182.170s 0%: 0.019+2.8+0.006 ms clock, 0.39+0/3.1/0+0.13 ms cpu, 264->264->109 MB, 264 MB goal, 0 MB stacks, 0 MB globals, 20 P
gc 5212 @182.189s 0%: 0.019+1.2+0.005 ms clock, 0.38+0/1.3/0+0.11 ms cpu, 225->225->116 MB, 225 MB goal, 0 MB stacks, 0 MB globals, 20 P
gc 5213 @182.210s 0%: 0.019+0.51+0.018 ms clock, 0.39+0/0.83/0+0.36 ms cpu, 238->238->134 MB, 238 MB goal, 0 MB stacks, 0 MB globals, 20 P
gc 5214 @182.236s 0%: 0.019+3.0+0.005 ms clock, 0.39+0/3.3/0+0.11 ms cpu, 267->267->116 MB, 270 MB goal, 0 MB stacks, 0 MB globals, 20 P
gc 5215 @182.259s 0%: 0.033+0.78+0.007 ms clock, 0.66+0/1.1/0+0.14 ms cpu, 228->229->110 MB, 232 MB goal, 0 MB stacks, 0 MB globals, 20 P
gc 5216 @182.288s 0%: 0.027+0.68+0.015 ms clock, 0.54+0/1.4/0+0.30 ms cpu, 218->218->112 MB, 220 MB goal, 0 MB stacks, 0 MB globals, 20 P
gc 5217 @182.314s 0%: 0.026+6.2+0.004 ms clock, 0.53+0/6.4/0+0.082 ms cpu, 229->229->119 MB, 229 MB goal, 0 MB stacks, 0 MB globals, 20 P
gc 5218 @182.340s 0%: 0.025+2.3+0.005 ms clock, 0.50+0/3.1/0+0.11 ms cpu, 237->237->105 MB, 238 MB goal, 0 MB stacks, 0 MB globals, 20 P
gc 5219 @182.368s 0%: 0.027+0.85+0.007 ms clock, 0.55+0/2.0/0.053+0.15 ms cpu, 212->212->107 MB, 213 MB goal, 0 MB stacks, 0 MB globals, 20 P
gc 5220 @182.394s 0%: 0.030+8.2+0.007 ms clock, 0.61+0/9.0/0+0.15 ms cpu, 217->217->110 MB, 217 MB goal, 0 MB stacks, 0 MB globals, 20 P
gc 5221 @182.421s 0%: 0.032+6.1+0.10 ms clock, 0.64+0/7.1/0.15+2.1 ms cpu, 231->231->118 MB, 231 MB goal, 0 MB stacks, 0 MB globals, 20 P
gc 5222 @182.453s 0%: 0.017+0.46+0.003 ms clock, 0.35+0/0.81/0+0.074 ms cpu, 232->235->109 MB, 236 MB goal, 0 MB stacks, 0 MB globals, 20 P
gc 5223 @182.469s 0%: 0.019+0.77+0.003 ms clock, 0.39+0/1.6/0.33+0.070 ms cpu, 217->217->112 MB, 219 MB goal, 0 MB stacks, 0 MB globals, 20 P
gc 5224 @182.488s 0%: 0.019+2.4+0.005 ms clock, 0.39+0/3.0/0.013+0.10 ms cpu, 229->229->118 MB, 229 MB goal, 0 MB stacks, 0 MB globals, 20 P
gc 5225 @182.505s 0%: 0.017+4.4+0.003 ms clock, 0.35+0/5.0/0.021+0.075 ms cpu, 239->239->127 MB, 239 MB goal, 0 MB stacks, 0 MB globals, 20 P
gc 5226 @182.528s 0%: 0.021+3.0+0.002 ms clock, 0.43+0/3.4/0.057+0.056 ms cpu, 257->257->119 MB, 257 MB goal, 0 MB stacks, 0 MB globals, 20 P
gc 5227 @182.549s 0%: 0.020+0.52+0.018 ms clock, 0.40+0/0.76/0+0.36 ms cpu, 244->244->133 MB, 244 MB goal, 0 MB stacks, 0 MB globals, 20 P
gc 5228 @182.570s 0%: 0.023+1.9+0.004 ms clock, 0.46+0/2.1/0.005+0.089 ms cpu, 271->271->118 MB, 271 MB goal, 0 MB stacks, 0 MB globals, 20 P
gc 5229 @182.595s 0%: 0.021+0.61+0.005 ms clock, 0.43+0.16/0.86/0+0.10 ms cpu, 233->233->104 MB, 236 MB goal, 0 MB stacks, 0 MB globals, 20 P
gc 5230 @182.614s 0%: 0.016+0.47+0.009 ms clock, 0.33+0/0.90/0+0.18 ms cpu, 209->209->106 MB, 209 MB goal, 0 MB stacks, 0 MB globals, 20 P
gc 5231 @182.629s 0%: 0.023+3.7+0.007 ms clock, 0.46+0/4.3/0.011+0.14 ms cpu, 214->214->109 MB, 214 MB goal, 0 MB stacks, 0 MB globals, 20 P
gc 5232 @182.650s 0%: 0.027+7.5+0.007 ms clock, 0.54+0/8.5/0.22+0.15 ms cpu, 224->224->115 MB, 224 MB goal, 0 MB stacks, 0 MB globals, 20 P
gc 5233 @182.687s 0%: 0.029+0.54+0.010 ms clock, 0.59+0/1.1/0.028+0.21 ms cpu, 238->238->134 MB, 238 MB goal, 0 MB stacks, 0 MB globals, 20 P
gc 5234 @182.722s 0%: 0.019+0.91+0.005 ms clock, 0.39+0/1.1/0+0.11 ms cpu, 266->266->117 MB, 269 MB goal, 0 MB stacks, 0 MB globals, 20 P
gc 5235 @182.742s 0%: 0.019+1.1+0.003 ms clock, 0.39+0/1.7/0.053+0.077 ms cpu, 233->233->125 MB, 235 MB goal, 0 MB stacks, 0 MB globals, 20 P
gc 5236 @182.770s 0%: 0.023+2.3+0.003 ms clock, 0.46+0/2.6/0+0.075 ms cpu, 252->252->118 MB, 252 MB goal, 0 MB stacks, 0 MB globals, 20 P
gc 5237 @182.786s 0%: 0.018+5.7+0.006 ms clock, 0.37+0/5.9/0+0.12 ms cpu, 247->247->124 MB, 247 MB goal, 0 MB stacks, 0 MB globals, 20 P
gc 5238 @182.812s 0%: 0.025+0.88+0.005 ms clock, 0.50+0/1.5/0.014+0.11 ms cpu, 250->250->112 MB, 250 MB goal, 0 MB stacks, 0 MB globals, 20 P
gc 5239 @182.836s 0%: 0.024+4.9+0.002 ms clock, 0.48+0/5.5/0+0.057 ms cpu, 224->224->116 MB, 224 MB goal, 0 MB stacks, 0 MB globals, 20 P
gc 5240 @182.870s 0%: 0.020+1.1+0.004 ms clock, 0.40+0.055/0.65/0+0.080 ms cpu, 229->231->103 MB, 233 MB goal, 0 MB stacks, 0 MB globals, 20 P
gc 5241 @182.890s 0%: 0.025+2.0+0.005 ms clock, 0.51+0/2.7/0.030+0.11 ms cpu, 204->204->106 MB, 207 MB goal, 0 MB stacks, 0 MB globals, 20 P
gc 5242 @182.907s 0%: 0.017+3.6+0.003 ms clock, 0.35+0/3.9/0+0.079 ms cpu, 213->213->111 MB, 213 MB goal, 0 MB stacks, 0 MB globals, 20 P
gc 5243 @182.926s 0%: 0.017+5.5+0.004 ms clock, 0.35+0/6.0/0.011+0.084 ms cpu, 231->231->117 MB, 231 MB goal, 0 MB stacks, 0 MB globals, 20 P
gc 5244 @182.951s 0%: 0.017+0.56+0.005 ms clock, 0.35+0.11/0.65/0+0.11 ms cpu, 232->234->110 MB, 235 MB goal, 0 MB stacks, 0 MB globals, 20 P
gc 5245 @182.966s 0%: 0.018+0.61+0.003 ms clock, 0.36+0/0.96/0+0.069 ms cpu, 218->218->115 MB, 221 MB goal, 0 MB stacks, 0 MB globals, 20 P
gc 5246 @182.989s 0%: 0.036+5.2+0.024 ms clock, 0.73+0/5.8/0+0.48 ms cpu, 232->232->119 MB, 232 MB goal, 0 MB stacks, 0 MB globals, 20 P
gc 5247 @183.015s 0%: 0.038+0.36+0.011 ms clock, 0.76+0.065/0.71/0+0.23 ms cpu, 235->236->106 MB, 239 MB goal, 0 MB stacks, 0 MB globals, 20 P
gc 5248 @183.031s 0%: 0.018+0.65+0.006 ms clock, 0.37+0.15/0.52/0+0.13 ms cpu, 210->213->113 MB, 213 MB goal, 0 MB stacks, 0 MB globals, 20 P
gc 5249 @183.045s 0%: 0.020+4.7+0.005 ms clock, 0.41+0/5.1/0+0.10 ms cpu, 234->234->118 MB, 234 MB goal, 0 MB stacks, 0 MB globals, 20 P
gc 5250 @183.065s 0%: 0.021+0.54+0.007 ms clock, 0.42+0/0.88/0.006+0.15 ms cpu, 240->240->135 MB, 240 MB goal, 0 MB stacks, 0 MB globals, 20 P
gc 5251 @183.090s 0%: 0.018+0.67+0.003 ms clock, 0.36+0/1.0/0.011+0.069 ms cpu, 268->268->113 MB, 270 MB goal, 0 MB stacks, 0 MB globals, 20 P
gc 5252 @183.107s 0%: 0.019+2.1+0.003 ms clock, 0.38+0/2.4/0.094+0.067 ms cpu, 228->228->118 MB, 228 MB goal, 0 MB stacks, 0 MB globals, 20 P
gc 5253 @183.131s 0%: 0.024+0.96+0.006 ms clock, 0.49+0/0.98/0+0.12 ms cpu, 233->236->111 MB, 236 MB goal, 0 MB stacks, 0 MB globals, 20 P
gc 5254 @183.154s 0%: 0.026+1.9+0.005 ms clock, 0.52+0/2.2/0+0.10 ms cpu, 224->224->116 MB, 224 MB goal, 0 MB stacks, 0 MB globals, 20 P
gc 5255 @183.184s 0%: 0.027+0.60+0.011 ms clock, 0.55+0/0.87/0+0.22 ms cpu, 233->233->133 MB, 234 MB goal, 0 MB stacks, 0 MB globals, 20 P
gc 5256 @183.207s 0%: 0.020+5.7+0.006 ms clock, 0.41+0/6.4/0.068+0.13 ms cpu, 269->269->116 MB, 269 MB goal, 0 MB stacks, 0 MB globals, 20 P
gc 5257 @183.239s 0%: 0.018+0.86+0.021 ms clock, 0.36+0/0.89/0+0.43 ms cpu, 229->232->104 MB, 233 MB goal, 0 MB stacks, 0 MB globals, 20 P
gc 5258 @183.260s 0%: 0.020+0.58+0.003 ms clock, 0.40+0/1.2/0+0.071 ms cpu, 209->209->104 MB, 210 MB goal, 0 MB stacks, 0 MB globals, 20 P
gc 5259 @183.280s 0%: 0.044+6.6+0.008 ms clock, 0.88+0/7.6/0.014+0.16 ms cpu, 211->211->109 MB, 211 MB goal, 0 MB stacks, 0 MB globals, 20 P
gc 5260 @183.304s 0%: 0.023+5.0+0.005 ms clock, 0.47+0/5.5/0.001+0.10 ms cpu, 224->224->115 MB, 224 MB goal, 0 MB stacks, 0 MB globals, 20 P
gc 5261 @183.330s 0%: 0.020+0.29+0.009 ms clock, 0.41+0/0.90/0.060+0.19 ms cpu, 238->238->134 MB, 238 MB goal, 0 MB stacks, 0 MB globals, 20 P
gc 5262 @183.349s 0%: 0.021+0.78+0.004 ms clock, 0.43+0/1.3/0.022+0.089 ms cpu, 267->267->117 MB, 269 MB goal, 0 MB stacks, 0 MB globals, 20 P
gc 5263 @183.373s 0%: 0.034+2.7+0.011 ms clock, 0.68+0/3.7/0.18+0.22 ms cpu, 232->232->124 MB, 235 MB goal, 0 MB stacks, 0 MB globals, 20 P
gc 5264 @183.406s 0%: 0.017+1.0+0.003 ms clock, 0.35+0/1.3/0+0.075 ms cpu, 246->246->115 MB, 250 MB goal, 0 MB stacks, 0 MB globals, 20 P
gc 5265 @183.422s 0%: 0.017+3.6+0.006 ms clock, 0.34+0/4.1/0+0.12 ms cpu, 236->236->122 MB, 236 MB goal, 0 MB stacks, 0 MB globals, 20 P
gc 5266 @183.442s 0%: 0.024+0.43+0.009 ms clock, 0.48+0/0.92/0.031+0.19 ms cpu, 242->242->136 MB, 245 MB goal, 0 MB stacks, 0 MB globals, 20 P
gc 5267 @183.477s 0%: 0.026+5.5+0.10 ms clock, 0.53+0/6.3/0.033+2.1 ms cpu, 273->284->127 MB, 274 MB goal, 0 MB stacks, 0 MB globals, 20 P
gc 5268 @183.509s 0%: 0.016+1.1+0.006 ms clock, 0.33+0/0.96/0.019+0.13 ms cpu, 245->251->112 MB, 255 MB goal, 0 MB stacks, 0 MB globals, 20 P
gc 5269 @183.523s 0%: 0.017+1.0+0.017 ms clock, 0.34+0/1.2/0+0.34 ms cpu, 222->222->109 MB, 224 MB goal, 0 MB stacks, 0 MB globals, 20 P
gc 5270 @183.538s 0%: 0.018+2.3+0.005 ms clock, 0.36+0/2.5/0+0.11 ms cpu, 214->214->113 MB, 219 MB goal, 0 MB stacks, 0 MB globals, 20 P
gc 5271 @183.555s 0%: 0.030+5.0+0.005 ms clock, 0.61+0/5.9/0.056+0.11 ms cpu, 222->222->118 MB, 227 MB goal, 0 MB stacks, 0 MB globals, 20 P
gc 5272 @183.581s 0%: 0.018+0.51+0.006 ms clock, 0.37+0.18/0.74/0.031+0.13 ms cpu, 227->229->109 MB, 237 MB goal, 0 MB stacks, 0 MB globals, 20 P
gc 5273 @183.596s 0%: 0.016+0.37+0.003 ms clock, 0.32+0/0.82/0+0.067 ms cpu, 211->211->111 MB, 220 MB goal, 0 MB stacks, 0 MB globals, 20 P
gc 5274 @183.610s 0%: 0.017+4.7+0.036 ms clock, 0.35+0/2.4/0.002+0.72 ms cpu, 216->223->123 MB, 223 MB goal, 0 MB stacks, 0 MB globals, 20 P
gc 5275 @183.635s 0%: 0.024+4.7+0.006 ms clock, 0.49+0/5.5/0+0.13 ms cpu, 246->246->125 MB, 247 MB goal, 0 MB stacks, 0 MB globals, 20 P
gc 5276 @183.665s 0%: 0.019+0.35+0.007 ms clock, 0.38+0/0.75/0.002+0.14 ms cpu, 247->247->143 MB, 250 MB goal, 0 MB stacks, 0 MB globals, 20 P
gc 5277 @183.689s 0%: 0.022+4.7+0.004 ms clock, 0.44+0/5.3/0.012+0.090 ms cpu, 280->280->124 MB, 286 MB goal, 0 MB stacks, 0 MB globals, 20 P
gc 5278 @183.719s 0%: 0.018+0.50+0.006 ms clock, 0.37+0.082/0.80/0.10+0.12 ms cpu, 238->240->113 MB, 249 MB goal, 0 MB stacks, 0 MB globals, 20 P
gc 5279 @183.744s 0%: 0.031+1.5+0.13 ms clock, 0.63+0/2.5/0.32+2.7 ms cpu, 224->224->115 MB, 227 MB goal, 0 MB stacks, 0 MB globals, 20 P
gc 5280 @183.770s 0%: 0.043+2.0+0.007 ms clock, 0.86+0/3.2/0.11+0.15 ms cpu, 220->220->118 MB, 231 MB goal, 0 MB stacks, 0 MB globals, 20 P
gc 5281 @183.795s 0%: 0.029+1.9+0.005 ms clock, 0.58+0/2.8/0.081+0.10 ms cpu, 226->226->121 MB, 236 MB goal, 0 MB stacks, 0 MB globals, 20 P
gc 5282 @183.817s 0%: 0.017+1.4+0.005 ms clock, 0.34+0.099/0.90/0+0.11 ms cpu, 232->235->109 MB, 242 MB goal, 0 MB stacks, 0 MB globals, 20 P
gc 5283 @183.832s 0%: 0.019+0.99+0.004 ms clock, 0.39+0/1.5/0.007+0.082 ms cpu, 215->215->112 MB, 219 MB goal, 0 MB stacks, 0 MB globals, 20 P
gc 5284 @183.850s 0%: 0.026+4.7+0.003 ms clock, 0.52+0/5.1/0+0.073 ms cpu, 227->227->118 MB, 227 MB goal, 0 MB stacks, 0 MB globals, 20 P
gc 5285 @183.870s 0%: 0.021+0.52+0.013 ms clock, 0.42+0/0.92/0+0.27 ms cpu, 240->240->137 MB, 240 MB goal, 0 MB stacks, 0 MB globals, 20 P
gc 5286 @183.905s 0%: 0.031+4.7+0.098 ms clock, 0.62+0/5.2/0.13+1.9 ms cpu, 269->269->118 MB, 274 MB goal, 0 MB stacks, 0 MB globals, 20 P
gc 5287 @183.933s 0%: 0.033+2.5+0.008 ms clock, 0.66+0/3.7/0.17+0.16 ms cpu, 233->233->122 MB, 236 MB goal, 0 MB stacks, 0 MB globals, 20 P
gc 5288 @183.958s 0%: 0.017+1.3+0.003 ms clock, 0.35+0/1.4/0+0.077 ms cpu, 242->242->113 MB, 246 MB goal, 0 MB stacks, 0 MB globals, 20 P
gc 5289 @183.976s 0%: 0.021+2.6+0.004 ms clock, 0.43+0/3.0/0+0.093 ms cpu, 222->222->118 MB, 227 MB goal, 0 MB stacks, 0 MB globals, 20 P
gc 5290 @184.005s 0%: 0.018+0.45+0.017 ms clock, 0.37+0/0.86/0.016+0.35 ms cpu, 234->234->135 MB, 237 MB goal, 0 MB stacks, 0 MB globals, 20 P
gc 5291 @184.025s 0%: 0.018+3.0+0.003 ms clock, 0.36+0/3.4/0+0.068 ms cpu, 268->268->113 MB, 271 MB goal, 0 MB stacks, 0 MB globals, 20 P
gc 5292 @184.044s 0%: 0.018+1.2+0.003 ms clock, 0.37+0/1.4/0.057+0.073 ms cpu, 228->228->118 MB, 228 MB goal, 0 MB stacks, 0 MB globals, 20 P
gc 5293 @184.069s 0%: 0.022+0.50+0.010 ms clock, 0.45+0/0.98/0+0.21 ms cpu, 240->240->135 MB, 240 MB goal, 0 MB stacks, 0 MB globals, 20 P
gc 5294 @184.103s 0%: 0.026+5.2+0.005 ms clock, 0.53+0/5.7/0+0.10 ms cpu, 268->268->116 MB, 270 MB goal, 0 MB stacks, 0 MB globals, 20 P
gc 5295 @184.128s 0%: 0.015+0.37+0.034 ms clock, 0.31+0.033/0.62/0+0.69 ms cpu, 227->228->111 MB, 233 MB goal, 0 MB stacks, 0 MB globals, 20 P
gc 5296 @184.142s 0%: 0.017+0.47+0.010 ms clock, 0.35+0/0.81/0+0.20 ms cpu, 216->216->111 MB, 222 MB goal, 0 MB stacks, 0 MB globals, 20 P
gc 5297 @184.159s 0%: 0.024+4.0+0.003 ms clock, 0.49+0/4.1/0+0.071 ms cpu, 219->219->115 MB, 223 MB goal, 0 MB stacks, 0 MB globals, 20 P
gc 5298 @184.176s 0%: 0.018+6.2+0.005 ms clock, 0.37+0/6.4/0+0.11 ms cpu, 235->235->120 MB, 235 MB goal, 0 MB stacks, 0 MB globals, 20 P
gc 5299 @184.219s 0%: 0.018+0.53+0.006 ms clock, 0.37+0.19/0.69/0+0.13 ms cpu, 235->237->108 MB, 241 MB goal, 0 MB stacks, 0 MB globals, 20 P
gc 5300 @184.238s 0%: 0.036+3.8+0.004 ms clock, 0.73+0/4.1/0+0.086 ms cpu, 216->216->109 MB, 217 MB goal, 0 MB stacks, 0 MB globals, 20 P
gc 5301 @184.260s 0%: 0.022+1.6+0.004 ms clock, 0.45+0/2.5/0.14+0.095 ms cpu, 216->216->114 MB, 219 MB goal, 0 MB stacks, 0 MB globals, 20 P
gc 5302 @184.277s 0%: 0.020+5.2+0.004 ms clock, 0.40+0/5.4/0+0.094 ms cpu, 229->229->120 MB, 229 MB goal, 0 MB stacks, 0 MB globals, 20 P
gc 5303 @184.301s 0%: 0.027+0.76+0.016 ms clock, 0.54+0/1.1/0+0.32 ms cpu, 243->243->139 MB, 243 MB goal, 0 MB stacks, 0 MB globals, 20 P
gc 5304 @184.338s 0%: 0.023+5.2+0.003 ms clock, 0.46+0/5.7/0.038+0.077 ms cpu, 277->277->124 MB, 279 MB goal, 0 MB stacks, 0 MB globals, 20 P
gc 5305 @184.366s 0%: 0.021+1.9+0.006 ms clock, 0.43+0.053/0.74/0+0.12 ms cpu, 244->248->115 MB, 248 MB goal, 0 MB stacks, 0 MB globals, 20 P
gc 5306 @184.382s 0%: 0.018+2.1+0.003 ms clock, 0.36+0/2.5/0+0.073 ms cpu, 231->231->118 MB, 232 MB goal, 0 MB stacks, 0 MB globals, 20 P
gc 5307 @184.407s 0%: 0.016+0.68+0.003 ms clock, 0.33+0/0.89/0+0.069 ms cpu, 236->236->107 MB, 236 MB goal, 0 MB stacks, 0 MB globals, 20 P
gc 5308 @184.426s 0%: 0.033+1.8+0.008 ms clock, 0.66+0/2.7/0.10+0.17 ms cpu, 211->211->110 MB, 214 MB goal, 0 MB stacks, 0 MB globals, 20 P
gc 5309 @184.461s 0%: 0.021+0.50+0.004 ms clock, 0.43+0.15/1.0/0.042+0.096 ms cpu, 217->218->99 MB, 221 MB goal, 0 MB stacks, 0 MB globals, 20 P
gc 5310 @184.493s 0%: 0.026+2.8+0.007 ms clock, 0.52+0/3.3/0+0.14 ms cpu, 196->196->102 MB, 198 MB goal, 0 MB stacks, 0 MB globals, 20 P
gc 5311 @184.513s 0%: 0.018+3.3+0.003 ms clock, 0.37+0/3.6/0+0.074 ms cpu, 208->208->105 MB, 208 MB goal, 0 MB stacks, 0 MB globals, 20 P
gc 5312 @184.530s 0%: 0.019+6.8+0.005 ms clock, 0.39+0/7.0/0+0.11 ms cpu, 217->217->113 MB, 217 MB goal, 0 MB stacks, 0 MB globals, 20 P
gc 5313 @184.557s 0%: 0.020+0.53+0.005 ms clock, 0.40+0.089/0.61/0+0.11 ms cpu, 223->224->103 MB, 227 MB goal, 0 MB stacks, 0 MB globals, 20 P
gc 5314 @184.574s 0%: 0.017+0.66+0.003 ms clock, 0.35+0.14/0.52/0.005+0.066 ms cpu, 203->207->110 MB, 207 MB goal, 0 MB stacks, 0 MB globals, 20 P
gc 5315 @184.592s 0%: 0.027+1.1+0.009 ms clock, 0.54+0/1.7/0+0.19 ms cpu, 219->219->110 MB, 221 MB goal, 0 MB stacks, 0 MB globals, 20 P
gc 5316 @184.611s 0%: 0.022+6.0+0.005 ms clock, 0.44+0/6.6/0.022+0.10 ms cpu, 221->221->116 MB, 222 MB goal, 0 MB stacks, 0 MB globals, 20 P
gc 5317 @184.642s 0%: 0.024+3.1+0.003 ms clock, 0.49+0/3.7/0+0.079 ms cpu, 237->237->123 MB, 237 MB goal, 0 MB stacks, 0 MB globals, 20 P
gc 5318 @184.683s 0%: 0.029+0.60+0.007 ms clock, 0.58+0/1.3/0+0.14 ms cpu, 246->246->115 MB, 248 MB goal, 0 MB stacks, 0 MB globals, 20 P
gc 5319 @184.706s 0%: 0.019+3.2+0.003 ms clock, 0.38+0/3.4/0+0.073 ms cpu, 232->232->121 MB, 232 MB goal, 0 MB stacks, 0 MB globals, 20 P
gc 5320 @184.723s 0%: 0.020+1.4+0.003 ms clock, 0.40+0/1.6/0+0.073 ms cpu, 252->252->129 MB, 252 MB goal, 0 MB stacks, 0 MB globals, 20 P
gc 5321 @184.746s 0%: 0.019+0.78+0.003 ms clock, 0.39+0/1.0/0+0.077 ms cpu, 258->258->119 MB, 258 MB goal, 0 MB stacks, 0 MB globals, 20 P
gc 5322 @184.772s 0%: 0.016+0.62+0.006 ms clock, 0.33+0.17/0.44/0+0.12 ms cpu, 236->240->113 MB, 240 MB goal, 0 MB stacks, 0 MB globals, 20 P
gc 5323 @184.785s 0%: 0.017+1.0+0.005 ms clock, 0.35+0/1.3/0.006+0.11 ms cpu, 226->226->113 MB, 227 MB goal, 0 MB stacks, 0 MB globals, 20 P
gc 5324 @184.806s 0%: 0.023+4.7+0.003 ms clock, 0.47+0/5.2/0+0.071 ms cpu, 235->235->118 MB, 235 MB goal, 0 MB stacks, 0 MB globals, 20 P
gc 5325 @184.839s 0%: 0.016+1.0+0.003 ms clock, 0.32+0/1.4/0.018+0.065 ms cpu, 234->234->105 MB, 236 MB goal, 0 MB stacks, 0 MB globals, 20 P
gc 5326 @184.855s 0%: 0.015+2.0+0.003 ms clock, 0.31+0/2.5/0+0.073 ms cpu, 210->210->107 MB, 211 MB goal, 0 MB stacks, 0 MB globals, 20 P
gc 5327 @184.869s 0%: 0.017+1.8+0.093 ms clock, 0.34+0/2.3/0.10+1.8 ms cpu, 214->214->112 MB, 215 MB goal, 0 MB stacks, 0 MB globals, 20 P
gc 5328 @184.892s 0%: 0.029+5.6+0.004 ms clock, 0.59+0/6.3/0+0.088 ms cpu, 227->227->118 MB, 227 MB goal, 0 MB stacks, 0 MB globals, 20 P
gc 5329 @184.929s 0%: 0.033+0.45+0.014 ms clock, 0.67+0/1.3/0.10+0.29 ms cpu, 240->240->137 MB, 240 MB goal, 0 MB stacks, 0 MB globals, 20 P
gc 5330 @184.963s 0%: 0.028+1.7+0.006 ms clock, 0.57+0/2.3/0.021+0.13 ms cpu, 275->275->120 MB, 275 MB goal, 0 MB stacks, 0 MB globals, 20 P
gc 5331 @184.994s 0%: 0.025+0.73+0.004 ms clock, 0.50+0/1.1/0.004+0.080 ms cpu, 240->240->114 MB, 242 MB goal, 0 MB stacks, 0 MB globals, 20 P
gc 5332 @185.010s 0%: 0.019+2.4+0.005 ms clock, 0.38+0/2.6/0+0.11 ms cpu, 236->236->119 MB, 236 MB goal, 0 MB stacks, 0 MB globals, 20 P
gc 5333 @185.031s 0%: 0.019+0.54+0.003 ms clock, 0.38+0/1.0/0.006+0.077 ms cpu, 237->237->108 MB, 239 MB goal, 0 MB stacks, 0 MB globals, 20 P
gc 5334 @185.044s 0%: 0.016+0.76+0.003 ms clock, 0.32+0/1.1/0+0.076 ms cpu, 218->218->111 MB, 218 MB goal, 0 MB stacks, 0 MB globals, 20 P
gc 5335 @185.059s 0%: 0.019+3.6+0.005 ms clock, 0.39+0/3.9/0+0.10 ms cpu, 232->232->117 MB, 232 MB goal, 0 MB stacks, 0 MB globals, 20 P
gc 5336 @185.090s 0%: 0.017+0.48+0.003 ms clock, 0.34+0.018/0.74/0+0.075 ms cpu, 231->233->108 MB, 234 MB goal, 0 MB stacks, 0 MB globals, 20 P
gc 5337 @185.110s 0%: 0.021+2.2+0.004 ms clock, 0.43+0/2.5/0+0.080 ms cpu, 216->216->111 MB, 217 MB goal, 0 MB stacks, 0 MB globals, 20 P
gc 5338 @185.129s 0%: 0.019+1.0+0.004 ms clock, 0.39+0/1.3/0.002+0.082 ms cpu, 228->228->117 MB, 228 MB goal, 0 MB stacks, 0 MB globals, 20 P
gc 5339 @185.144s 0%: 0.020+5.6+0.002 ms clock, 0.40+0/5.8/0+0.059 ms cpu, 238->238->125 MB, 238 MB goal, 0 MB stacks, 0 MB globals, 20 P
gc 5340 @185.172s 0%: 0.018+0.45+0.003 ms clock, 0.36+0.022/0.75/0+0.065 ms cpu, 248->248->116 MB, 250 MB goal, 0 MB stacks, 0 MB globals, 20 P
gc 5341 @185.194s 0%: 0.026+1.1+0.010 ms clock, 0.52+0/1.8/0+0.21 ms cpu, 233->233->121 MB, 233 MB goal, 0 MB stacks, 0 MB globals, 20 P
gc 5342 @185.216s 0%: 0.019+1.3+0.006 ms clock, 0.38+0/1.6/0+0.12 ms cpu, 252->252->128 MB, 252 MB goal, 0 MB stacks, 0 MB globals, 20 P
gc 5343 @185.235s 0%: 0.017+0.63+0.003 ms clock, 0.35+0/1.2/0.002+0.064 ms cpu, 258->258->119 MB, 258 MB goal, 0 MB stacks, 0 MB globals, 20 P
gc 5344 @185.256s 0%: 0.019+0.48+0.012 ms clock, 0.38+0.16/0.54/0+0.25 ms cpu, 236->238->111 MB, 240 MB goal, 0 MB stacks, 0 MB globals, 20 P
gc 5345 @185.270s 0%: 0.019+0.54+0.003 ms clock, 0.38+0/0.86/0.003+0.070 ms cpu, 219->219->112 MB, 223 MB goal, 0 MB stacks, 0 MB globals, 20 P
gc 5346 @185.282s 0%: 0.024+3.3+0.004 ms clock, 0.48+0/3.5/0+0.083 ms cpu, 224->224->117 MB, 224 MB goal, 0 MB stacks, 0 MB globals, 20 P
gc 5347 @185.302s 0%: 0.021+0.50+0.004 ms clock, 0.43+0.031/0.90/0+0.098 ms cpu, 233->233->103 MB, 236 MB goal, 0 MB stacks, 0 MB globals, 20 P
gc 5348 @185.321s 0%: 0.026+2.2+0.10 ms clock, 0.53+0/3.2/0.16+2.1 ms cpu, 208->208->105 MB, 208 MB goal, 0 MB stacks, 0 MB globals, 20 P
gc 5349 @185.337s 0%: 0.017+0.66+0.005 ms clock, 0.34+0/1.2/0.055+0.10 ms cpu, 211->211->109 MB, 211 MB goal, 0 MB stacks, 0 MB globals, 20 P
gc 5350 @185.351s 0%: 0.016+4.7+0.004 ms clock, 0.33+0/4.9/0.003+0.096 ms cpu, 224->224->115 MB, 224 MB goal, 0 MB stacks, 0 MB globals, 20 P
gc 5351 @185.376s 0%: 0.020+0.51+0.005 ms clock, 0.41+0/0.75/0+0.10 ms cpu, 237->237->134 MB, 237 MB goal, 0 MB stacks, 0 MB globals, 20 P
gc 5352 @185.400s 0%: 0.020+2.6+0.003 ms clock, 0.41+0/2.9/0+0.068 ms cpu, 266->266->115 MB, 268 MB goal, 0 MB stacks, 0 MB globals, 20 P
gc 5353 @185.418s 0%: 0.022+1.0+0.003 ms clock, 0.44+0/1.3/0.002+0.060 ms cpu, 230->230->121 MB, 231 MB goal, 0 MB stacks, 0 MB globals, 20 P
gc 5354 @185.436s 0%: 0.021+0.45+0.013 ms clock, 0.43+0/0.79/0+0.26 ms cpu, 244->244->141 MB, 244 MB goal, 0 MB stacks, 0 MB globals, 20 P
gc 5355 @185.464s 0%: 0.020+4.3+0.003 ms clock, 0.41+0/4.6/0+0.079 ms cpu, 284->284->123 MB, 284 MB goal, 0 MB stacks, 0 MB globals, 20 P
gc 5356 @185.487s 0%: 0.027+3.1+0.006 ms clock, 0.54+0/3.9/0.005+0.12 ms cpu, 244->244->129 MB, 247 MB goal, 0 MB stacks, 0 MB globals, 20 P
gc 5357 @185.521s 0%: 0.017+0.53+0.013 ms clock, 0.34+0/0.85/0.001+0.26 ms cpu, 256->256->117 MB, 258 MB goal, 0 MB stacks, 0 MB globals, 20 P
gc 5358 @185.542s 0%: 0.030+3.5+0.11 ms clock, 0.61+0/4.5/0.11+2.2 ms cpu, 235->235->124 MB, 235 MB goal, 0 MB stacks, 0 MB globals, 20 P
gc 5359 @185.569s 0%: 0.019+3.0+0.005 ms clock, 0.39+0/3.5/0+0.10 ms cpu, 252->252->116 MB, 252 MB goal, 0 MB stacks, 0 MB globals, 20 P
gc 5360 @185.585s 0%: 0.020+1.7+0.003 ms clock, 0.40+0/2.1/0+0.072 ms cpu, 230->230->119 MB, 233 MB goal, 0 MB stacks, 0 MB globals, 20 P
gc 5361 @185.608s 0%: 0.019+6.5+0.003 ms clock, 0.39+0/6.7/0+0.071 ms cpu, 254->254->130 MB, 255 MB goal, 0 MB stacks, 0 MB globals, 20 P
gc 5362 @185.637s 0%: 0.017+0.75+0.006 ms clock, 0.34+0.027/0.84/0+0.13 ms cpu, 256->259->118 MB, 260 MB goal, 0 MB stacks, 0 MB globals, 20 P
gc 5363 @185.652s 0%: 0.017+3.3+0.003 ms clock, 0.35+0/3.7/0+0.060 ms cpu, 234->234->120 MB, 237 MB goal, 0 MB stacks, 0 MB globals, 20 P
gc 5364 @185.670s 0%: 0.023+5.6+0.005 ms clock, 0.46+0/6.1/0+0.10 ms cpu, 251->251->129 MB, 251 MB goal, 0 MB stacks, 0 MB globals, 20 P
gc 5365 @185.697s 0%: 0.017+2.0+0.006 ms clock, 0.34+0/1.0/0.046+0.12 ms cpu, 256->262->126 MB, 259 MB goal, 0 MB stacks, 0 MB globals, 20 P
gc 5366 @185.713s 0%: 0.019+4.5+0.003 ms clock, 0.38+0/5.4/0.007+0.075 ms cpu, 256->256->131 MB, 256 MB goal, 0 MB stacks, 0 MB globals, 20 P
gc 5367 @185.748s 0%: 0.018+0.52+0.004 ms clock, 0.36+0.12/0.49/0+0.085 ms cpu, 258->261->116 MB, 263 MB goal, 0 MB stacks, 0 MB globals, 20 P
gc 5368 @185.773s 0%: 0.020+2.5+0.005 ms clock, 0.41+0/2.7/0+0.10 ms cpu, 233->233->119 MB, 233 MB goal, 0 MB stacks, 0 MB globals, 20 P
gc 5369 @185.796s 0%: 0.020+0.98+0.006 ms clock, 0.41+0/1.5/0.20+0.13 ms cpu, 243->243->126 MB, 243 MB goal, 0 MB stacks, 0 MB globals, 20 P
gc 5370 @185.814s 0%: 0.019+0.48+0.008 ms clock, 0.39+0/0.98/0.11+0.17 ms cpu, 248->248->143 MB, 252 MB goal, 0 MB stacks, 0 MB globals, 20 P
gc 5371 @185.845s 0%: 0.023+0.48+0.005 ms clock, 0.47+0/1.1/0+0.10 ms cpu, 293->293->136 MB, 293 MB goal, 0 MB stacks, 0 MB globals, 20 P
gc 5372 @185.864s 0%: 0.025+2.4+0.003 ms clock, 0.50+0/2.5/0+0.063 ms cpu, 274->274->121 MB, 274 MB goal, 0 MB stacks, 0 MB globals, 20 P
gc 5373 @185.886s 0%: 0.030+0.56+0.005 ms clock, 0.60+0/1.1/0.022+0.11 ms cpu, 237->237->108 MB, 242 MB goal, 0 MB stacks, 0 MB globals, 20 P
gc 5374 @185.902s 0%: 0.017+0.53+0.005 ms clock, 0.34+0/0.96/0.025+0.11 ms cpu, 211->211->109 MB, 216 MB goal, 0 MB stacks, 0 MB globals, 20 P
gc 5375 @185.916s 0%: 0.018+2.8+0.004 ms clock, 0.37+0/3.2/0+0.099 ms cpu, 219->219->113 MB, 220 MB goal, 0 MB stacks, 0 MB globals, 20 P
gc 5376 @185.943s 0%: 0.021+0.32+0.009 ms clock, 0.42+0/0.84/0+0.18 ms cpu, 236->236->130 MB, 236 MB goal, 0 MB stacks, 0 MB globals, 20 P
gc 5377 @185.969s 0%: 0.027+4.5+0.003 ms clock, 0.54+0/5.4/0.15+0.072 ms cpu, 263->263->112 MB, 263 MB goal, 0 MB stacks, 0 MB globals, 20 P
gc 5378 @185.991s 0%: 0.029+2.3+0.055 ms clock, 0.58+0/3.0/0.031+1.1 ms cpu, 227->227->118 MB, 227 MB goal, 0 MB stacks, 0 MB globals, 20 P
gc 5379 @186.015s 0%: 0.016+1.2+0.007 ms clock, 0.33+0/1.6/0.008+0.14 ms cpu, 235->235->108 MB, 238 MB goal, 0 MB stacks, 0 MB globals, 20 P
gc 5380 @186.030s 0%: 0.017+0.94+0.006 ms clock, 0.35+0/1.2/0.010+0.12 ms cpu, 220->220->115 MB, 221 MB goal, 0 MB stacks, 0 MB globals, 20 P
gc 5381 @186.054s 0%: 0.019+0.52+0.014 ms clock, 0.39+0/0.89/0+0.29 ms cpu, 231->231->135 MB, 232 MB goal, 0 MB stacks, 0 MB globals, 20 P
gc 5382 @186.084s 0%: 0.029+3.8+0.007 ms clock, 0.59+0/4.6/0+0.15 ms cpu, 268->268->113 MB, 271 MB goal, 0 MB stacks, 0 MB globals, 20 P
gc 5383 @186.103s 0%: 0.017+2.1+0.002 ms clock, 0.35+0/2.5/0+0.056 ms cpu, 229->229->118 MB, 229 MB goal, 0 MB stacks, 0 MB globals, 20 P
gc 5384 @186.123s 0%: 0.020+0.59+0.012 ms clock, 0.41+0/0.84/0+0.24 ms cpu, 240->240->135 MB, 240 MB goal, 0 MB stacks, 0 MB globals, 20 P
gc 5385 @186.151s 0%: 0.018+2.8+0.003 ms clock, 0.36+0/3.3/0+0.067 ms cpu, 267->267->116 MB, 270 MB goal, 0 MB stacks, 0 MB globals, 20 P
gc 5386 @186.171s 0%: 0.019+3.6+0.003 ms clock, 0.39+0/3.8/0+0.073 ms cpu, 231->231->122 MB, 233 MB goal, 0 MB stacks, 0 MB globals, 20 P
gc 5387 @186.193s 0%: 0.019+0.46+0.013 ms clock, 0.39+0/0.88/0.002+0.26 ms cpu, 245->245->143 MB, 246 MB goal, 0 MB stacks, 0 MB globals, 20 P
gc 5388 @186.221s 0%: 0.020+0.37+0.005 ms clock, 0.40+0/0.69/0+0.10 ms cpu, 293->293->136 MB, 293 MB goal, 0 MB stacks, 0 MB globals, 20 P
gc 5389 @186.250s 0%: 0.031+1.8+0.007 ms clock, 0.63+0/2.6/0.078+0.15 ms cpu, 274->274->121 MB, 274 MB goal, 0 MB stacks, 0 MB globals, 20 P
gc 5390 @186.278s 0%: 0.017+0.71+0.006 ms clock, 0.35+0.11/0.73/0+0.13 ms cpu, 237->240->111 MB, 242 MB goal, 0 MB stacks, 0 MB globals, 20 P
gc 5391 @186.299s 0%: 0.066+0.99+0.063 ms clock, 1.3+0/2.2/0.017+1.2 ms cpu, 218->218->110 MB, 222 MB goal, 0 MB stacks, 0 MB globals, 20 P
gc 5392 @186.318s 0%: 0.019+4.3+0.003 ms clock, 0.38+0/4.8/0.021+0.063 ms cpu, 230->230->116 MB, 230 MB goal, 0 MB stacks, 0 MB globals, 20 P
gc 5393 @186.345s 0%: 0.029+1.0+0.010 ms clock, 0.58+0.073/1.5/0.27+0.20 ms cpu, 228->231->106 MB, 233 MB goal, 0 MB stacks, 0 MB globals, 20 P
gc 5394 @186.373s 0%: 0.018+1.5+0.003 ms clock, 0.37+0/2.1/0+0.068 ms cpu, 211->211->108 MB, 213 MB goal, 0 MB stacks, 0 MB globals, 20 P
gc 5395 @186.392s 0%: 0.028+1.9+0.008 ms clock, 0.56+0/2.9/0.019+0.16 ms cpu, 213->213->114 MB, 216 MB goal, 0 MB stacks, 0 MB globals, 20 P
gc 5396 @186.427s 0%: 0.019+0.47+0.012 ms clock, 0.39+0/0.74/0+0.25 ms cpu, 230->230->132 MB, 230 MB goal, 0 MB stacks, 0 MB globals, 20 P
gc 5397 @186.459s 0%: 0.033+6.9+0.015 ms clock, 0.67+0/7.2/0+0.30 ms cpu, 268->268->115 MB, 268 MB goal, 0 MB stacks, 0 MB globals, 20 P
gc 5398 @186.487s 0%: 0.020+1.4+0.006 ms clock, 0.41+0/1.0/0+0.13 ms cpu, 226->229->106 MB, 230 MB goal, 0 MB stacks, 0 MB globals, 20 P
gc 5399 @186.501s 0%: 0.016+0.53+0.005 ms clock, 0.32+0/1.0/0.012+0.11 ms cpu, 214->214->107 MB, 214 MB goal, 0 MB stacks, 0 MB globals, 20 P
gc 5400 @186.521s 0%: 0.022+1.1+0.005 ms clock, 0.45+0/1.7/0+0.10 ms cpu, 214->214->110 MB, 215 MB goal, 0 MB stacks, 0 MB globals, 20 P
gc 5401 @186.544s 0%: 0.026+6.7+0.003 ms clock, 0.52+0/7.8/0.20+0.078 ms cpu, 225->225->116 MB, 225 MB goal, 0 MB stacks, 0 MB globals, 20 P
gc 5402 @186.576s 0%: 0.021+0.31+0.010 ms clock, 0.42+0/0.78/0+0.20 ms cpu, 238->238->135 MB, 238 MB goal, 0 MB stacks, 0 MB globals, 20 P
gc 5403 @186.601s 0%: 0.018+0.68+0.003 ms clock, 0.37+0/1.1/0.055+0.063 ms cpu, 268->268->118 MB, 270 MB goal, 0 MB stacks, 0 MB globals, 20 P
gc 5404 @186.622s 0%: 0.020+0.98+0.007 ms clock, 0.41+0/1.0/0.066+0.14 ms cpu, 234->235->112 MB, 237 MB goal, 0 MB stacks, 0 MB globals, 20 P
gc 5405 @186.638s 0%: 0.017+1.3+0.006 ms clock, 0.34+0/1.6/0+0.12 ms cpu, 222->222->114 MB, 225 MB goal, 0 MB stacks, 0 MB globals, 20 P
gc 5406 @186.658s 0%: 0.020+7.8+0.005 ms clock, 0.40+0/8.4/0.027+0.10 ms cpu, 224->224->118 MB, 228 MB goal, 0 MB stacks, 0 MB globals, 20 P
gc 5407 @186.685s 0%: 0.020+0.37+0.004 ms clock, 0.41+0/0.93/0.010+0.085 ms cpu, 235->235->105 MB, 237 MB goal, 0 MB stacks, 0 MB globals, 20 P
gc 5408 @186.704s 0%: 0.025+0.65+0.007 ms clock, 0.51+0/1.4/0.18+0.15 ms cpu, 210->210->109 MB, 210 MB goal, 0 MB stacks, 0 MB globals, 20 P
gc 5409 @186.718s 0%: 0.017+2.4+0.003 ms clock, 0.34+0/2.5/0+0.073 ms cpu, 216->216->115 MB, 218 MB goal, 0 MB stacks, 0 MB globals, 20 P
gc 5410 @186.735s 0%: 0.025+6.5+0.005 ms clock, 0.51+0/7.2/0.13+0.10 ms cpu, 230->230->119 MB, 230 MB goal, 0 MB stacks, 0 MB globals, 20 P
gc 5411 @186.766s 0%: 0.024+0.51+0.013 ms clock, 0.48+0/1.0/0.086+0.26 ms cpu, 241->241->137 MB, 242 MB goal, 0 MB stacks, 0 MB globals, 20 P
gc 5412 @186.799s 0%: 0.019+4.7+0.004 ms clock, 0.39+0/5.0/0.010+0.095 ms cpu, 279->279->118 MB, 279 MB goal, 0 MB stacks, 0 MB globals, 20 P
gc 5413 @186.823s 0%: 0.018+2.6+0.005 ms clock, 0.37+0/2.9/0+0.11 ms cpu, 239->239->126 MB, 239 MB goal, 0 MB stacks, 0 MB globals, 20 P
gc 5414 @186.850s 0%: 0.019+0.71+0.005 ms clock, 0.39+0/1.2/0+0.11 ms cpu, 255->255->119 MB, 255 MB goal, 0 MB stacks, 0 MB globals, 20 P
gc 5415 @186.870s 0%: 0.019+0.50+0.002 ms clock, 0.38+0.19/0.63/0+0.059 ms cpu, 236->237->111 MB, 239 MB goal, 0 MB stacks, 0 MB globals, 20 P
gc 5416 @186.887s 0%: 0.029+0.93+0.006 ms clock, 0.59+0/1.9/0.003+0.12 ms cpu, 219->219->111 MB, 222 MB goal, 0 MB stacks, 0 MB globals, 20 P
gc 5417 @186.910s 0%: 0.029+9.3+0.005 ms clock, 0.58+0/10/0.33+0.10 ms cpu, 224->224->117 MB, 224 MB goal, 0 MB stacks, 0 MB globals, 20 P
gc 5418 @186.941s 0%: 0.018+1.2+0.003 ms clock, 0.36+0/1.4/0.010+0.063 ms cpu, 232->232->103 MB, 235 MB goal, 0 MB stacks, 0 MB globals, 20 P
gc 5419 @186.963s 0%: 0.030+1.7+0.003 ms clock, 0.61+0/2.3/0.31+0.074 ms cpu, 203->203->104 MB, 206 MB goal, 0 MB stacks, 0 MB globals, 20 P
gc 5420 @186.978s 0%: 0.018+0.56+0.005 ms clock, 0.36+0/1.1/0+0.11 ms cpu, 208->208->108 MB, 209 MB goal, 0 MB stacks, 0 MB globals, 20 P
gc 5421 @186.991s 0%: 0.023+4.9+0.007 ms clock, 0.46+0/5.2/0.005+0.14 ms cpu, 214->214->114 MB, 217 MB goal, 0 MB stacks, 0 MB globals, 20 P
gc 5422 @187.016s 0%: 0.017+0.51+0.003 ms clock, 0.35+0.066/0.70/0.001+0.065 ms cpu, 226->229->106 MB, 229 MB goal, 0 MB stacks, 0 MB globals, 20 P
gc 5423 @187.035s 0%: 0.017+0.65+0.006 ms clock, 0.35+0/0.87/0.025+0.12 ms cpu, 214->214->109 MB, 214 MB goal, 0 MB stacks, 0 MB globals, 20 P
gc 5424 @187.061s 0%: 0.050+2.4+0.009 ms clock, 1.0+0/3.5/0.11+0.18 ms cpu, 216->216->113 MB, 219 MB goal, 0 MB stacks, 0 MB globals, 20 P
gc 5425 @187.096s 0%: 0.022+4.7+0.003 ms clock, 0.45+0/5.3/0.001+0.062 ms cpu, 229->229->118 MB, 229 MB goal, 0 MB stacks, 0 MB globals, 20 P
gc 5426 @187.122s 0%: 0.025+0.59+0.013 ms clock, 0.51+0/1.2/0.11+0.27 ms cpu, 240->240->136 MB, 241 MB goal, 0 MB stacks, 0 MB globals, 20 P
gc 5427 @187.150s 0%: 0.030+1.0+0.005 ms clock, 0.60+0/1.6/0+0.10 ms cpu, 268->268->117 MB, 272 MB goal, 0 MB stacks, 0 MB globals, 20 P
gc 5428 @187.172s 0%: 0.019+1.0+0.003 ms clock, 0.38+0/1.5/0.010+0.062 ms cpu, 232->232->125 MB, 235 MB goal, 0 MB stacks, 0 MB globals, 20 P
gc 5429 @187.191s 0%: 0.031+0.44+0.014 ms clock, 0.62+0/1.0/0.10+0.28 ms cpu, 247->247->143 MB, 251 MB goal, 0 MB stacks, 0 MB globals, 20 P
gc 5430 @187.223s 0%: 0.018+3.6+0.003 ms clock, 0.36+0/3.9/0.001+0.061 ms cpu, 285->285->123 MB, 286 MB goal, 0 MB stacks, 0 MB globals, 20 P
gc 5431 @187.263s 0%: 0.017+0.45+0.004 ms clock, 0.34+0.10/0.78/0+0.085 ms cpu, 242->243->112 MB, 246 MB goal, 0 MB stacks, 0 MB globals, 20 P
gc 5432 @187.290s 0%: 0.029+1.4+0.005 ms clock, 0.59+0/2.1/0.002+0.11 ms cpu, 225->225->118 MB, 225 MB goal, 0 MB stacks, 0 MB globals, 20 P
gc 5433 @187.328s 0%: 0.021+0.48+0.008 ms clock, 0.43+0/0.72/0+0.16 ms cpu, 244->244->133 MB, 244 MB goal, 0 MB stacks, 0 MB globals, 20 P
gc 5434 @187.352s 0%: 0.030+1.2+0.003 ms clock, 0.60+0/2.0/0.013+0.074 ms cpu, 270->270->116 MB, 270 MB goal, 0 MB stacks, 0 MB globals, 20 P
gc 5435 @187.372s 0%: 0.017+0.67+0.003 ms clock, 0.35+0/1.2/0+0.069 ms cpu, 229->229->104 MB, 233 MB goal, 0 MB stacks, 0 MB globals, 20 P
gc 5436 @187.390s 0%: 0.016+1.3+0.003 ms clock, 0.33+0/1.9/0+0.074 ms cpu, 210->210->110 MB, 211 MB goal, 0 MB stacks, 0 MB globals, 20 P
gc 5437 @187.408s 0%: 0.054+5.2+0.003 ms clock, 1.0+0/5.6/0+0.069 ms cpu, 224->224->115 MB, 224 MB goal, 0 MB stacks, 0 MB globals, 20 P
gc 5438 @187.435s 0%: 0.025+0.68+0.067 ms clock, 0.50+0/1.3/0.11+1.3 ms cpu, 231->231->107 MB, 231 MB goal, 0 MB stacks, 0 MB globals, 20 P
gc 5439 @187.450s 0%: 0.018+3.9+0.002 ms clock, 0.36+0/4.2/0+0.059 ms cpu, 217->217->110 MB, 217 MB goal, 0 MB stacks, 0 MB globals, 20 P
gc 5440 @187.468s 0%: 0.023+2.8+0.004 ms clock, 0.47+0/3.6/0.092+0.089 ms cpu, 231->231->115 MB, 231 MB goal, 0 MB stacks, 0 MB globals, 20 P
gc 5441 @187.497s 0%: 0.017+0.41+0.002 ms clock, 0.35+0.10/0.60/0.001+0.057 ms cpu, 228->229->106 MB, 231 MB goal, 0 MB stacks, 0 MB globals, 20 P
gc 5442 @187.512s 0%: 0.017+0.74+0.012 ms clock, 0.35+0/1.3/0.056+0.25 ms cpu, 214->214->111 MB, 214 MB goal, 0 MB stacks, 0 MB globals, 20 P
gc 5443 @187.526s 0%: 0.019+1.1+0.005 ms clock, 0.39+0/1.3/0.008+0.11 ms cpu, 225->225->116 MB, 225 MB goal, 0 MB stacks, 0 MB globals, 20 P
gc 5444 @187.555s 0%: 0.026+0.57+0.007 ms clock, 0.52+0.18/1.0/0+0.15 ms cpu, 230->230->108 MB, 232 MB goal, 0 MB stacks, 0 MB globals, 20 P
gc 5445 @187.580s 0%: 0.017+0.62+0.012 ms clock, 0.34+0/0.80/0+0.24 ms cpu, 216->216->112 MB, 218 MB goal, 0 MB stacks, 0 MB globals, 20 P
gc 5446 @187.596s 0%: 0.020+3.5+0.003 ms clock, 0.40+0/3.7/0+0.067 ms cpu, 229->229->117 MB, 230 MB goal, 0 MB stacks, 0 MB globals, 20 P
gc 5447 @187.618s 0%: 0.019+5.4+0.003 ms clock, 0.39+0/5.9/0+0.065 ms cpu, 238->238->122 MB, 238 MB goal, 0 MB stacks, 0 MB globals, 20 P
gc 5448 @187.641s 0%: 0.018+0.93+0.003 ms clock, 0.37+0/1.2/0+0.074 ms cpu, 242->242->112 MB, 246 MB goal, 0 MB stacks, 0 MB globals, 20 P
gc 5449 @187.658s 0%: 0.019+2.8+0.006 ms clock, 0.39+0/3.0/0.011+0.12 ms cpu, 224->224->119 MB, 226 MB goal, 0 MB stacks, 0 MB globals, 20 P
gc 5450 @187.681s 0%: 0.020+4.7+0.006 ms clock, 0.40+0/5.2/0.093+0.12 ms cpu, 243->243->125 MB, 243 MB goal, 0 MB stacks, 0 MB globals, 20 P
gc 5451 @187.707s 0%: 0.017+0.51+0.005 ms clock, 0.35+0/1.1/0.042+0.11 ms cpu, 251->251->115 MB, 252 MB goal, 0 MB stacks, 0 MB globals, 20 P
gc 5452 @187.722s 0%: 0.019+1.1+0.005 ms clock, 0.38+0/2.0/0.31+0.11 ms cpu, 233->233->122 MB, 233 MB goal, 0 MB stacks, 0 MB globals, 20 P
gc 5453 @187.746s 0%: 0.019+0.50+0.003 ms clock, 0.38+0.059/0.79/0+0.079 ms cpu, 242->242->110 MB, 246 MB goal, 0 MB stacks, 0 MB globals, 20 P
gc 5454 @187.761s 0%: 0.021+0.92+0.007 ms clock, 0.43+0/1.8/0.016+0.15 ms cpu, 219->219->115 MB, 221 MB goal, 0 MB stacks, 0 MB globals, 20 P
gc 5455 @187.780s 0%: 0.020+0.44+0.009 ms clock, 0.40+0/0.82/0.001+0.19 ms cpu, 230->230->131 MB, 231 MB goal, 0 MB stacks, 0 MB globals, 20 P
gc 5456 @187.809s 0%: 0.022+3.6+0.005 ms clock, 0.45+0/4.0/0.15+0.10 ms cpu, 263->263->109 MB, 264 MB goal, 0 MB stacks, 0 MB globals, 20 P
gc 5457 @187.826s 0%: 0.020+1.1+0.005 ms clock, 0.40+0/1.6/0.088+0.11 ms cpu, 224->224->115 MB, 224 MB goal, 0 MB stacks, 0 MB globals, 20 P
gc 5458 @187.849s 0%: 0.021+0.45+0.019 ms clock, 0.42+0/0.93/0.084+0.38 ms cpu, 238->238->134 MB, 238 MB goal, 0 MB stacks, 0 MB globals, 20 P
gc 5459 @187.874s 0%: 0.020+0.92+0.012 ms clock, 0.40+0/1.4/0.017+0.25 ms cpu, 266->266->115 MB, 268 MB goal, 0 MB stacks, 0 MB globals, 20 P
gc 5460 @187.891s 0%: 0.019+1.0+0.003 ms clock, 0.39+0/1.5/0.030+0.067 ms cpu, 230->230->121 MB, 231 MB goal, 0 MB stacks, 0 MB globals, 20 P
gc 5461 @187.912s 0%: 0.030+1.4+0.004 ms clock, 0.61+0/1.1/0.038+0.089 ms cpu, 239->243->117 MB, 243 MB goal, 0 MB stacks, 0 MB globals, 20 P
gc 5462 @187.928s 0%: 0.018+2.7+0.008 ms clock, 0.36+0/3.4/0.041+0.16 ms cpu, 239->239->122 MB, 239 MB goal, 0 MB stacks, 0 MB globals, 20 P
gc 5463 @187.951s 0%: 0.019+0.73+0.008 ms clock, 0.38+0/1.3/0.040+0.16 ms cpu, 242->242->110 MB, 245 MB goal, 0 MB stacks, 0 MB globals, 20 P
gc 5464 @187.971s 0%: 0.030+1.9+0.006 ms clock, 0.60+0/2.4/0.002+0.13 ms cpu, 219->219->115 MB, 220 MB goal, 0 MB stacks, 0 MB globals, 20 P
gc 5465 @187.994s 0%: 0.021+0.46+0.004 ms clock, 0.42+0/0.67/0+0.097 ms cpu, 230->230->127 MB, 231 MB goal, 0 MB stacks, 0 MB globals, 20 P
gc 5466 @188.016s 0%: 0.026+2.6+0.007 ms clock, 0.52+0/3.5/0.72+0.14 ms cpu, 263->263->110 MB, 263 MB goal, 0 MB stacks, 0 MB globals, 20 P
gc 5467 @188.035s 0%: 0.021+1.5+0.006 ms clock, 0.43+0/1.7/0.021+0.13 ms cpu, 218->218->115 MB, 220 MB goal, 0 MB stacks, 0 MB globals, 20 P
gc 5468 @188.057s 0%: 0.018+1.1+0.017 ms clock, 0.36+0.10/0.96/0+0.34 ms cpu, 226->229->106 MB, 230 MB goal, 0 MB stacks, 0 MB globals, 20 P
gc 5469 @188.076s 0%: 0.032+0.76+0.005 ms clock, 0.64+0/1.3/0.008+0.10 ms cpu, 211->211->108 MB, 213 MB goal, 0 MB stacks, 0 MB globals, 20 P
gc 5470 @188.093s 0%: 0.024+1.1+0.005 ms clock, 0.48+0/1.9/0.022+0.10 ms cpu, 212->212->114 MB, 216 MB goal, 0 MB stacks, 0 MB globals, 20 P
gc 5471 @188.116s 0%: 0.020+1.0+0.003 ms clock, 0.40+0/1.7/0.22+0.069 ms cpu, 225->225->106 MB, 228 MB goal, 0 MB stacks, 0 MB globals, 20 P
gc 5472 @188.130s 0%: 0.028+3.2+0.005 ms clock, 0.57+0/4.0/0.22+0.10 ms cpu, 210->210->111 MB, 212 MB goal, 0 MB stacks, 0 MB globals, 20 P
gc 5473 @188.154s 0%: 0.020+3.5+0.011 ms clock, 0.41+0/4.1/0.13+0.23 ms cpu, 228->228->116 MB, 228 MB goal, 0 MB stacks, 0 MB globals, 20 P
gc 5474 @188.175s 0%: 0.018+5.6+0.005 ms clock, 0.37+0/5.8/0+0.10 ms cpu, 237->237->121 MB, 237 MB goal, 0 MB stacks, 0 MB globals, 20 P
gc 5475 @188.200s 0%: 0.018+0.48+0.009 ms clock, 0.37+0.073/0.69/0+0.19 ms cpu, 241->241->108 MB, 243 MB goal, 0 MB stacks, 0 MB globals, 20 P
gc 5476 @188.224s 0%: 0.031+0.79+0.16 ms clock, 0.62+0/1.2/0.10+3.3 ms cpu, 213->213->112 MB, 217 MB goal, 0 MB stacks, 0 MB globals, 20 P
gc 5477 @188.244s 0%: 0.022+2.3+0.008 ms clock, 0.45+0/3.4/0.22+0.17 ms cpu, 230->230->119 MB, 230 MB goal, 0 MB stacks, 0 MB globals, 20 P
gc 5478 @188.286s 0%: 0.026+6.1+0.003 ms clock, 0.53+0/6.6/0+0.077 ms cpu, 240->240->128 MB, 240 MB goal, 0 MB stacks, 0 MB globals, 20 P
gc 5479 @188.319s 0%: 0.031+0.89+0.006 ms clock, 0.63+0/1.3/0+0.12 ms cpu, 255->255->117 MB, 257 MB goal, 0 MB stacks, 0 MB globals, 20 P
gc 5480 @188.342s 0%: 0.027+3.4+0.007 ms clock, 0.54+0/4.4/0.16+0.14 ms cpu, 235->235->124 MB, 235 MB goal, 0 MB stacks, 0 MB globals, 20 P
gc 5481 @188.381s 0%: 0.017+3.3+0.005 ms clock, 0.35+0/3.9/0+0.10 ms cpu, 251->251->116 MB, 251 MB goal, 0 MB stacks, 0 MB globals, 20 P
gc 5482 @188.397s 0%: 0.018+3.6+0.004 ms clock, 0.36+0/4.3/0.033+0.088 ms cpu, 230->230->119 MB, 233 MB goal, 0 MB stacks, 0 MB globals, 20 P
gc 5483 @188.423s 0%: 0.022+0.88+0.004 ms clock, 0.45+0/1.3/0.001+0.095 ms cpu, 237->237->108 MB, 239 MB goal, 0 MB stacks, 0 MB globals, 20 P
gc 5484 @188.445s 0%: 0.027+1.1+0.057 ms clock, 0.54+0/1.9/0.098+1.1 ms cpu, 219->219->112 MB, 219 MB goal, 0 MB stacks, 0 MB globals, 20 P
gc 5485 @188.465s 0%: 0.020+3.4+0.048 ms clock, 0.41+0/4.0/0.055+0.96 ms cpu, 233->233->117 MB, 233 MB goal, 0 MB stacks, 0 MB globals, 20 P
gc 5486 @188.503s 0%: 0.017+0.56+0.065 ms clock, 0.35+0.097/0.65/0+1.3 ms cpu, 232->234->109 MB, 235 MB goal, 0 MB stacks, 0 MB globals, 20 P
gc 5487 @188.520s 0%: 0.017+0.60+0.006 ms clock, 0.35+0/0.99/0.031+0.12 ms cpu, 216->216->112 MB, 218 MB goal, 0 MB stacks, 0 MB globals, 20 P
gc 5488 @188.537s 0%: 0.021+3.3+0.004 ms clock, 0.42+0/3.8/0+0.087 ms cpu, 229->229->118 MB, 229 MB goal, 0 MB stacks, 0 MB globals, 20 P
gc 5489 @188.563s 0%: 0.031+9.3+0.006 ms clock, 0.63+0/9.9/0.044+0.12 ms cpu, 239->239->125 MB, 239 MB goal, 0 MB stacks, 0 MB globals, 20 P
gc 5490 @188.595s 0%: 0.024+0.94+0.007 ms clock, 0.49+0/1.6/0.001+0.14 ms cpu, 254->254->119 MB, 255 MB goal, 0 MB stacks, 0 MB globals, 20 P
gc 5491 @188.615s 0%: 0.023+0.51+0.015 ms clock, 0.47+0/0.98/0+0.31 ms cpu, 246->246->135 MB, 246 MB goal, 0 MB stacks, 0 MB globals, 20 P
gc 5492 @188.646s 0%: 0.030+5.6+0.007 ms clock, 0.60+0/6.7/0.025+0.15 ms cpu, 276->276->117 MB, 276 MB goal, 0 MB stacks, 0 MB globals, 20 P
gc 5493 @188.665s 0%: 0.024+0.57+0.013 ms clock, 0.49+0/1.1/0+0.27 ms cpu, 233->233->133 MB, 234 MB goal, 0 MB stacks, 0 MB globals, 20 P
gc 5494 @188.696s 0%: 0.026+1.1+0.003 ms clock, 0.52+0/1.3/0+0.066 ms cpu, 270->270->113 MB, 270 MB goal, 0 MB stacks, 0 MB globals, 20 P
gc 5495 @188.718s 0%: 0.017+1.9+0.008 ms clock, 0.35+0/2.2/0+0.17 ms cpu, 225->225->104 MB, 227 MB goal, 0 MB stacks, 0 MB globals, 20 P
gc 5496 @188.734s 0%: 0.024+5.0+0.007 ms clock, 0.48+0/5.7/0+0.14 ms cpu, 211->211->108 MB, 211 MB goal, 0 MB stacks, 0 MB globals, 20 P
gc 5497 @188.767s 0%: 0.021+6.9+0.004 ms clock, 0.43+0/7.2/0+0.085 ms cpu, 223->223->113 MB, 223 MB goal, 0 MB stacks, 0 MB globals, 20 P
gc 5498 @188.803s 0%: 0.020+0.44+0.009 ms clock, 0.40+0/0.75/0+0.19 ms cpu, 236->236->134 MB, 236 MB goal, 0 MB stacks, 0 MB globals, 20 P
gc 5499 @188.829s 0%: 0.018+3.0+0.003 ms clock, 0.36+0/3.2/0+0.065 ms cpu, 266->266->111 MB, 268 MB goal, 0 MB stacks, 0 MB globals, 20 P
gc 5500 @188.851s 0%: 0.028+7.1+0.007 ms clock, 0.57+0/7.9/0.042+0.14 ms cpu, 227->227->119 MB, 227 MB goal, 0 MB stacks, 0 MB globals, 20 P
gc 5501 @188.876s 0%: 0.023+0.56+0.015 ms clock, 0.47+0/1.2/0+0.30 ms cpu, 242->242->138 MB, 242 MB goal, 0 MB stacks, 0 MB globals, 20 P
gc 5502 @188.913s 0%: 0.031+5.8+0.007 ms clock, 0.63+0/6.3/0.006+0.15 ms cpu, 281->281->122 MB, 281 MB goal, 0 MB stacks, 0 MB globals, 20 P
gc 5503 @188.943s 0%: 0.024+1.6+0.005 ms clock, 0.49+0/2.2/0+0.10 ms cpu, 243->243->129 MB, 245 MB goal, 0 MB stacks, 0 MB globals, 20 P
gc 5504 @188.965s 0%: 0.015+0.55+0.003 ms clock, 0.31+0/0.74/0+0.069 ms cpu, 255->255->117 MB, 258 MB goal, 0 MB stacks, 0 MB globals, 20 P
gc 5505 @188.980s 0%: 0.016+0.86+0.003 ms clock, 0.33+0/1.5/0+0.067 ms cpu, 239->239->123 MB, 239 MB goal, 0 MB stacks, 0 MB globals, 20 P
gc 5506 @189.002s 0%: 0.018+0.45+0.003 ms clock, 0.37+0.12/0.65/0+0.070 ms cpu, 242->244->113 MB, 246 MB goal, 0 MB stacks, 0 MB globals, 20 P
gc 5507 @189.018s 0%: 0.016+1.1+0.005 ms clock, 0.32+0/1.3/0+0.11 ms cpu, 225->225->118 MB, 227 MB goal, 0 MB stacks, 0 MB globals, 20 P
gc 5508 @189.052s 0%: 0.020+0.42+0.009 ms clock, 0.40+0/0.83/0.005+0.19 ms cpu, 244->244->136 MB, 244 MB goal, 0 MB stacks, 0 MB globals, 20 P
gc 5509 @189.074s 0%: 0.021+3.9+0.003 ms clock, 0.42+0/4.4/0+0.077 ms cpu, 274->274->117 MB, 274 MB goal, 0 MB stacks, 0 MB globals, 20 P
gc 5510 @189.097s 0%: 0.018+0.41+0.017 ms clock, 0.37+0/0.81/0+0.35 ms cpu, 234->234->105 MB, 236 MB goal, 0 MB stacks, 0 MB globals, 20 P
gc 5511 @189.115s 0%: 0.024+1.8+0.004 ms clock, 0.49+0/2.5/0+0.093 ms cpu, 210->210->107 MB, 210 MB goal, 0 MB stacks, 0 MB globals, 20 P
gc 5512 @189.135s 0%: 0.027+1.0+0.007 ms clock, 0.54+0/2.0/0.045+0.15 ms cpu, 213->213->110 MB, 215 MB goal, 0 MB stacks, 0 MB globals, 20 P
gc 5513 @189.161s 0%: 0.030+7.6+0.003 ms clock, 0.60+0/8.1/0.006+0.075 ms cpu, 225->225->116 MB, 225 MB goal, 0 MB stacks, 0 MB globals, 20 P
gc 5514 @189.192s 0%: 0.018+0.63+0.003 ms clock, 0.37+0.089/0.81/0+0.065 ms cpu, 230->232->107 MB, 233 MB goal, 0 MB stacks, 0 MB globals, 20 P
gc 5515 @189.207s 0%: 0.021+1.3+0.008 ms clock, 0.43+0/1.7/0+0.16 ms cpu, 212->212->109 MB, 215 MB goal, 0 MB stacks, 0 MB globals, 20 P
gc 5516 @189.229s 0%: 0.023+2.6+0.007 ms clock, 0.46+0/3.2/0+0.14 ms cpu, 216->216->113 MB, 219 MB goal, 0 MB stacks, 0 MB globals, 20 P
gc 5517 @189.253s 0%: 0.022+4.0+0.006 ms clock, 0.45+0/4.7/0.034+0.12 ms cpu, 229->229->119 MB, 229 MB goal, 0 MB stacks, 0 MB globals, 20 P
gc 5518 @189.277s 0%: 0.018+0.58+0.002 ms clock, 0.36+0/1.0/0.042+0.057 ms cpu, 239->239->113 MB, 239 MB goal, 0 MB stacks, 0 MB globals, 20 P
gc 5519 @189.294s 0%: 0.024+1.1+0.005 ms clock, 0.49+0/1.9/0+0.11 ms cpu, 222->222->118 MB, 226 MB goal, 0 MB stacks, 0 MB globals, 20 P
gc 5520 @189.327s 0%: 0.020+0.43+0.010 ms clock, 0.41+0/0.67/0+0.21 ms cpu, 233->233->134 MB, 237 MB goal, 0 MB stacks, 0 MB globals, 20 P
gc 5521 @189.365s 0%: 0.038+10+0.018 ms clock, 0.77+0/11/0.54+0.36 ms cpu, 267->267->112 MB, 269 MB goal, 0 MB stacks, 0 MB globals, 20 P
gc 5522 @189.390s 0%: 0.019+1.1+0.003 ms clock, 0.38+0/1.8/0+0.071 ms cpu, 227->227->117 MB, 227 MB goal, 0 MB stacks, 0 MB globals, 20 P
gc 5523 @189.425s 0%: 0.022+0.53+0.012 ms clock, 0.45+0/0.91/0+0.25 ms cpu, 239->239->134 MB, 239 MB goal, 0 MB stacks, 0 MB globals, 20 P
gc 5524 @189.449s 0%: 0.020+3.0+0.007 ms clock, 0.41+0/3.6/0+0.15 ms cpu, 266->266->116 MB, 269 MB goal, 0 MB stacks, 0 MB globals, 20 P
gc 5525 @189.469s 0%: 0.021+3.5+0.005 ms clock, 0.42+0/3.8/0+0.11 ms cpu, 231->231->122 MB, 232 MB goal, 0 MB stacks, 0 MB globals, 20 P
gc 5526 @189.496s 0%: 0.021+0.51+0.016 ms clock, 0.42+0/0.80/0.015+0.32 ms cpu, 244->244->142 MB, 244 MB goal, 0 MB stacks, 0 MB globals, 20 P
gc 5527 @189.518s 0%: 0.017+1.9+0.005 ms clock, 0.35+0/2.1/0+0.10 ms cpu, 284->284->123 MB, 285 MB goal, 0 MB stacks, 0 MB globals, 20 P
gc 5528 @189.535s 0%: 0.024+1.4+0.004 ms clock, 0.49+0/1.8/0+0.093 ms cpu, 244->244->128 MB, 247 MB goal, 0 MB stacks, 0 MB globals, 20 P
gc 5529 @189.559s 0%: 0.019+2.6+0.003 ms clock, 0.38+0/3.2/0.008+0.068 ms cpu, 258->258->120 MB, 258 MB goal, 0 MB stacks, 0 MB globals, 20 P
gc 5530 @189.581s 0%: 0.020+0.50+0.005 ms clock, 0.40+0.15/0.75/0+0.11 ms cpu, 236->238->111 MB, 240 MB goal, 0 MB stacks, 0 MB globals, 20 P
gc 5531 @189.595s 0%: 0.022+1.0+0.004 ms clock, 0.45+0/1.3/0+0.082 ms cpu, 227->227->115 MB, 227 MB goal, 0 MB stacks, 0 MB globals, 20 P
gc 5532 @189.611s 0%: 0.023+5.2+0.003 ms clock, 0.46+0/5.6/0+0.063 ms cpu, 235->235->120 MB, 235 MB goal, 0 MB stacks, 0 MB globals, 20 P
gc 5533 @189.645s 0%: 0.016+0.56+0.006 ms clock, 0.33+0.16/0.66/0.017+0.13 ms cpu, 237->240->109 MB, 241 MB goal, 0 MB stacks, 0 MB globals, 20 P
gc 5534 @189.660s 0%: 0.016+0.58+0.003 ms clock, 0.32+0/1.1/0+0.071 ms cpu, 221->221->110 MB, 221 MB goal, 0 MB stacks, 0 MB globals, 20 P
gc 5535 @189.674s 0%: 0.019+1.0+0.005 ms clock, 0.38+0/1.3/0+0.11 ms cpu, 221->221->116 MB, 222 MB goal, 0 MB stacks, 0 MB globals, 20 P
gc 5536 @189.690s 0%: 0.020+1.7+0.003 ms clock, 0.40+0/2.1/0+0.073 ms cpu, 237->237->123 MB, 237 MB goal, 0 MB stacks, 0 MB globals, 20 P
gc 5537 @189.713s 0%: 0.019+1.2+0.004 ms clock, 0.39+0.014/1.5/0+0.092 ms cpu, 246->246->116 MB, 247 MB goal, 0 MB stacks, 0 MB globals, 20 P
gc 5538 @189.730s 0%: 0.020+2.9+0.003 ms clock, 0.41+0/3.2/0+0.069 ms cpu, 232->232->121 MB, 232 MB goal, 0 MB stacks, 0 MB globals, 20 P
gc 5539 @189.748s 0%: 0.020+4.7+0.003 ms clock, 0.41+0/4.8/0+0.068 ms cpu, 252->252->129 MB, 252 MB goal, 0 MB stacks, 0 MB globals, 20 P
gc 5540 @189.772s 0%: 0.019+0.89+0.005 ms clock, 0.38+0/1.1/0.007+0.10 ms cpu, 258->258->119 MB, 258 MB goal, 0 MB stacks, 0 MB globals, 20 P
gc 5541 @189.795s 0%: 0.018+0.46+0.018 ms clock, 0.37+0/0.79/0+0.37 ms cpu, 244->244->133 MB, 244 MB goal, 0 MB stacks, 0 MB globals, 20 P
gc 5542 @189.819s 0%: 0.027+0.97+0.007 ms clock, 0.55+0/1.6/0.10+0.14 ms cpu, 266->266->115 MB, 268 MB goal, 0 MB stacks, 0 MB globals, 20 P
gc 5543 @189.838s 0%: 0.024+1.3+0.004 ms clock, 0.49+0/1.9/0.027+0.083 ms cpu, 230->230->119 MB, 231 MB goal, 0 MB stacks, 0 MB globals, 20 P
gc 5544 @189.866s 0%: 0.020+0.48+0.017 ms clock, 0.41+0/0.92/0+0.34 ms cpu, 242->242->137 MB, 242 MB goal, 0 MB stacks, 0 MB globals, 20 P
gc 5545 @189.910s 0%: 0.038+9.1+0.004 ms clock, 0.77+0/10/0.20+0.091 ms cpu, 279->279->117 MB, 279 MB goal, 0 MB stacks, 0 MB globals, 20 P
gc 5546 @189.933s 0%: 0.019+4.9+0.005 ms clock, 0.38+0/5.5/0+0.10 ms cpu, 238->238->124 MB, 238 MB goal, 0 MB stacks, 0 MB globals, 20 P
gc 5547 @189.965s 0%: 0.018+0.47+0.012 ms clock, 0.37+0/0.85/0.021+0.25 ms cpu, 247->247->116 MB, 249 MB goal, 0 MB stacks, 0 MB globals, 20 P
gc 5548 @189.985s 0%: 0.022+1.6+0.003 ms clock, 0.44+0/2.1/0+0.078 ms cpu, 233->233->121 MB, 233 MB goal, 0 MB stacks, 0 MB globals, 20 P
gc 5549 @190.013s 0%: 0.021+0.36+0.007 ms clock, 0.42+0/0.75/0+0.15 ms cpu, 247->247->140 MB, 248 MB goal, 0 MB stacks, 0 MB globals, 20 P
gc 5550 @190.034s 0%: 0.021+3.0+0.003 ms clock, 0.43+0/3.4/0+0.077 ms cpu, 281->281->119 MB, 281 MB goal, 0 MB stacks, 0 MB globals, 20 P
gc 5551 @190.054s 0%: 0.10+0.36+0.003 ms clock, 2.1+0.030/0.75/0+0.060 ms cpu, 234->236->106 MB, 238 MB goal, 0 MB stacks, 0 MB globals, 20 P
gc 5552 @190.068s 0%: 0.022+2.5+0.004 ms clock, 0.44+0/1.4/0+0.089 ms cpu, 209->213->110 MB, 213 MB goal, 0 MB stacks, 0 MB globals, 20 P
gc 5553 @190.085s 0%: 0.018+0.60+0.003 ms clock, 0.36+0/1.2/0+0.065 ms cpu, 218->218->111 MB, 221 MB goal, 0 MB stacks, 0 MB globals, 20 P
gc 5554 @190.099s 0%: 0.018+0.95+0.003 ms clock, 0.36+0/1.2/0.009+0.061 ms cpu, 221->221->114 MB, 222 MB goal, 0 MB stacks, 0 MB globals, 20 P
gc 5555 @190.118s 0%: 0.019+1.3+0.003 ms clock, 0.39+0/1.5/0.019+0.072 ms cpu, 235->235->121 MB, 235 MB goal, 0 MB stacks, 0 MB globals, 20 P
gc 5556 @190.147s 0%: 0.023+0.54+0.005 ms clock, 0.46+0.088/1.0/0+0.11 ms cpu, 241->241->111 MB, 243 MB goal, 0 MB stacks, 0 MB globals, 20 P
gc 5557 @190.169s 0%: 0.020+0.87+0.006 ms clock, 0.41+0/1.3/0+0.13 ms cpu, 223->223->118 MB, 223 MB goal, 0 MB stacks, 0 MB globals, 20 P
gc 5558 @190.205s 0%: 0.029+3.9+0.004 ms clock, 0.59+0/4.6/0.002+0.097 ms cpu, 241->241->125 MB, 241 MB goal, 0 MB stacks, 0 MB globals, 20 P
gc 5559 @190.243s 0%: 0.022+0.60+0.008 ms clock, 0.44+0/0.98/0+0.17 ms cpu, 247->247->143 MB, 250 MB goal, 0 MB stacks, 0 MB globals, 20 P
gc 5560 @190.280s 0%: 0.026+3.6+0.005 ms clock, 0.52+0/3.9/0+0.10 ms cpu, 285->285->123 MB, 286 MB goal, 0 MB stacks, 0 MB globals, 20 P
gc 5561 @190.304s 0%: 0.016+0.44+0.003 ms clock, 0.33+0.057/0.63/0+0.076 ms cpu, 243->244->113 MB, 246 MB goal, 0 MB stacks, 0 MB globals, 20 P
gc 5562 @190.319s 0%: 0.019+2.8+0.004 ms clock, 0.38+0/3.4/0.018+0.090 ms cpu, 225->225->118 MB, 227 MB goal, 0 MB stacks, 0 MB globals, 20 P
gc 5563 @190.358s 0%: 0.043+0.81+0.008 ms clock, 0.87+0.13/1.5/0.14+0.17 ms cpu, 233->234->109 MB, 237 MB goal, 0 MB stacks, 0 MB globals, 20 P
gc 5564 @190.388s 0%: 0.017+2.0+0.003 ms clock, 0.34+0/2.3/0+0.068 ms cpu, 219->219->110 MB, 219 MB goal, 0 MB stacks, 0 MB globals, 20 P
gc 5565 @190.403s 0%: 0.018+3.7+0.003 ms clock, 0.37+0/4.3/0.019+0.075 ms cpu, 221->221->114 MB, 221 MB goal, 0 MB stacks, 0 MB globals, 20 P
gc 5566 @190.430s 0%: 0.023+0.24+0.009 ms clock, 0.47+0/0.72/0.30+0.19 ms cpu, 235->235->130 MB, 235 MB goal, 0 MB stacks, 0 MB globals, 20 P
gc 5567 @190.458s 0%: 0.019+0.71+0.004 ms clock, 0.38+0/1.3/0.26+0.082 ms cpu, 262->262->110 MB, 263 MB goal, 0 MB stacks, 0 MB globals, 20 P
gc 5568 @190.476s 0%: 0.020+1.7+0.003 ms clock, 0.40+0.013/2.4/0.003+0.065 ms cpu, 223->223->117 MB, 224 MB goal, 0 MB stacks, 0 MB globals, 20 P
gc 5569 @190.511s 0%: 0.031+1.0+0.009 ms clock, 0.62+0/2.0/0.34+0.19 ms cpu, 235->235->107 MB, 236 MB goal, 0 MB stacks, 0 MB globals, 20 P
gc 5570 @190.538s 0%: 0.019+0.95+0.004 ms clock, 0.38+0/1.4/0+0.093 ms cpu, 218->218->112 MB, 218 MB goal, 0 MB stacks, 0 MB globals, 20 P
gc 5571 @190.552s 0%: 0.022+4.9+0.015 ms clock, 0.45+0/5.4/0.12+0.31 ms cpu, 233->233->121 MB, 233 MB goal, 0 MB stacks, 0 MB globals, 20 P
gc 5572 @190.583s 0%: 0.017+0.26+0.003 ms clock, 0.35+0/0.92/0.095+0.065 ms cpu, 240->240->111 MB, 243 MB goal, 0 MB stacks, 0 MB globals, 20 P
gc 5573 @190.601s 0%: 0.017+0.56+0.003 ms clock, 0.35+0/1.2/0.083+0.066 ms cpu, 223->223->118 MB, 223 MB goal, 0 MB stacks, 0 MB globals, 20 P
gc 5574 @190.622s 0%: 0.020+0.30+0.013 ms clock, 0.41+0/0.93/0.035+0.27 ms cpu, 236->236->136 MB, 237 MB goal, 0 MB stacks, 0 MB globals, 20 P
gc 5575 @190.643s 0%: 0.017+3.5+0.005 ms clock, 0.35+0/4.1/0.010+0.10 ms cpu, 276->276->118 MB, 277 MB goal, 0 MB stacks, 0 MB globals, 20 P
gc 5576 @190.661s 0%: 0.021+0.53+0.018 ms clock, 0.42+0/0.92/0+0.36 ms cpu, 235->235->135 MB, 238 MB goal, 0 MB stacks, 0 MB globals, 20 P
gc 5577 @190.693s 0%: 0.019+0.87+0.004 ms clock, 0.39+0/1.5/0+0.097 ms cpu, 268->268->113 MB, 271 MB goal, 0 MB stacks, 0 MB globals, 20 P
gc 5578 @190.709s 0%: 0.019+1.1+0.005 ms clock, 0.38+0/1.4/0+0.11 ms cpu, 228->228->118 MB, 228 MB goal, 0 MB stacks, 0 MB globals, 20 P
gc 5579 @190.729s 0%: 0.020+0.35+0.96 ms clock, 0.40+0/0.91/0.002+19 ms cpu, 234->236->110 MB, 237 MB goal, 0 MB stacks, 0 MB globals, 20 P
gc 5580 @190.747s 0%: 0.033+1.5+0.006 ms clock, 0.66+0/2.6/0.12+0.13 ms cpu, 222->222->115 MB, 222 MB goal, 0 MB stacks, 0 MB globals, 20 P
gc 5581 @190.775s 0%: 0.020+0.55+0.009 ms clock, 0.41+0/0.89/0+0.19 ms cpu, 230->230->132 MB, 231 MB goal, 0 MB stacks, 0 MB globals, 20 P
gc 5582 @190.799s 0%: 0.024+5.2+0.006 ms clock, 0.49+0/6.0/0.075+0.13 ms cpu, 264->264->114 MB, 265 MB goal, 0 MB stacks, 0 MB globals, 20 P
gc 5583 @190.822s 0%: 0.018+1.2+0.003 ms clock, 0.37+0/1.6/0.15+0.072 ms cpu, 229->229->118 MB, 229 MB goal, 0 MB stacks, 0 MB globals, 20 P
gc 5584 @190.840s 0%: 0.021+0.62+0.003 ms clock, 0.42+0/1.1/0.079+0.068 ms cpu, 238->238->111 MB, 238 MB goal, 0 MB stacks, 0 MB globals, 20 P
gc 5585 @190.855s 0%: 0.025+1.8+0.004 ms clock, 0.51+0/2.0/0+0.092 ms cpu, 220->220->116 MB, 222 MB goal, 0 MB stacks, 0 MB globals, 20 P
gc 5586 @190.893s 0%: 0.046+0.65+0.023 ms clock, 0.92+0/1.9/0.32+0.47 ms cpu, 232->232->133 MB, 233 MB goal, 0 MB stacks, 0 MB globals, 20 P
gc 5587 @190.927s 0%: 0.021+4.7+0.003 ms clock, 0.42+0/5.2/0+0.075 ms cpu, 269->269->113 MB, 269 MB goal, 0 MB stacks, 0 MB globals, 20 P
gc 5588 @190.950s 0%: 0.020+0.44+0.016 ms clock, 0.40+0/0.88/0.001+0.33 ms cpu, 235->235->129 MB, 235 MB goal, 0 MB stacks, 0 MB globals, 20 P
gc 5589 @190.973s 0%: 0.017+0.71+0.005 ms clock, 0.35+0/1.1/0+0.11 ms cpu, 262->262->111 MB, 262 MB goal, 0 MB stacks, 0 MB globals, 20 P
gc 5590 @190.989s 0%: 0.020+1.9+0.004 ms clock, 0.41+0/2.4/0.23+0.088 ms cpu, 226->226->117 MB, 226 MB goal, 0 MB stacks, 0 MB globals, 20 P
gc 5591 @191.019s 0%: 0.019+0.40+0.005 ms clock, 0.39+0.081/0.75/0.053+0.10 ms cpu, 233->233->108 MB, 235 MB goal, 0 MB stacks, 0 MB globals, 20 P
gc 5592 @191.034s 0%: 0.018+1.1+0.006 ms clock, 0.37+0/1.8/0.021+0.12 ms cpu, 223->223->116 MB, 223 MB goal, 0 MB stacks, 0 MB globals, 20 P
gc 5593 @191.054s 0%: 0.017+1.2+0.006 ms clock, 0.35+0/1.6/0.031+0.13 ms cpu, 231->231->108 MB, 233 MB goal, 0 MB stacks, 0 MB globals, 20 P
gc 5594 @191.072s 0%: 0.020+1.1+0.003 ms clock, 0.40+0/1.8/0.078+0.071 ms cpu, 217->217->111 MB, 217 MB goal, 0 MB stacks, 0 MB globals, 20 P
gc 5595 @191.089s 0%: 0.021+0.93+0.006 ms clock, 0.43+0/1.5/0.19+0.12 ms cpu, 222->222->115 MB, 224 MB goal, 0 MB stacks, 0 MB globals, 20 P
gc 5596 @191.107s 0%: 0.022+5.5+0.003 ms clock, 0.44+0/5.9/0.11+0.066 ms cpu, 236->236->121 MB, 236 MB goal, 0 MB stacks, 0 MB globals, 20 P
gc 5597 @191.132s 0%: 0.018+0.67+0.003 ms clock, 0.37+0/1.3/0.062+0.067 ms cpu, 242->242->111 MB, 243 MB goal, 0 MB stacks, 0 MB globals, 20 P
gc 5598 @191.150s 0%: 0.019+1.9+0.006 ms clock, 0.39+0/2.3/0.033+0.12 ms cpu, 233->233->120 MB, 233 MB goal, 0 MB stacks, 0 MB globals, 20 P
gc 5599 @191.171s 0%: 0.030+0.77+0.005 ms clock, 0.61+0/1.4/0.023+0.10 ms cpu, 241->241->110 MB, 242 MB goal, 0 MB stacks, 0 MB globals, 20 P
gc 5600 @191.189s 0%: 0.019+3.9+0.003 ms clock, 0.38+0/4.5/0.011+0.073 ms cpu, 218->218->114 MB, 221 MB goal, 0 MB stacks, 0 MB globals, 20 P
gc 5601 @191.210s 0%: 0.018+1.4+0.003 ms clock, 0.37+0/2.0/0+0.072 ms cpu, 235->235->119 MB, 235 MB goal, 0 MB stacks, 0 MB globals, 20 P
gc 5602 @191.233s 0%: 0.020+1.4+0.006 ms clock, 0.41+0/0.99/0.016+0.13 ms cpu, 236->239->108 MB, 239 MB goal, 0 MB stacks, 0 MB globals, 20 P
gc 5603 @191.249s 0%: 0.019+0.52+0.003 ms clock, 0.39+0/0.95/0.63+0.072 ms cpu, 213->213->110 MB, 217 MB goal, 0 MB stacks, 0 MB globals, 20 P
gc 5604 @191.266s 0%: 0.019+3.4+0.003 ms clock, 0.38+0/4.0/0.16+0.069 ms cpu, 228->228->117 MB, 228 MB goal, 0 MB stacks, 0 MB globals, 20 P
gc 5605 @191.288s 0%: 0.027+2.2+0.006 ms clock, 0.55+0/2.9/0.30+0.13 ms cpu, 238->238->124 MB, 238 MB goal, 0 MB stacks, 0 MB globals, 20 P
gc 5606 @191.324s 0%: 0.024+0.44+0.006 ms clock, 0.48+0/0.99/0+0.12 ms cpu, 247->247->116 MB, 249 MB goal, 0 MB stacks, 0 MB globals, 20 P
gc 5607 @191.342s 0%: 0.018+2.4+0.003 ms clock, 0.37+0/2.8/0+0.069 ms cpu, 238->238->124 MB, 238 MB goal, 0 MB stacks, 0 MB globals, 20 P
gc 5608 @191.364s 0%: 0.017+1.6+0.004 ms clock, 0.35+0/1.8/0.093+0.086 ms cpu, 248->248->112 MB, 249 MB goal, 0 MB stacks, 0 MB globals, 20 P
gc 5609 @191.389s 0%: 0.038+5.4+0.008 ms clock, 0.76+0/6.6/0+0.17 ms cpu, 230->230->119 MB, 230 MB goal, 0 MB stacks, 0 MB globals, 20 P
gc 5610 @191.420s 0%: 0.018+0.97+0.013 ms clock, 0.36+0/1.6/0.075+0.27 ms cpu, 238->238->105 MB, 239 MB goal, 0 MB stacks, 0 MB globals, 20 P
gc 5611 @191.434s 0%: 0.017+0.63+0.017 ms clock, 0.35+0/1.3/0+0.35 ms cpu, 214->214->109 MB, 214 MB goal, 0 MB stacks, 0 MB globals, 20 P
gc 5612 @191.448s 0%: 0.018+2.2+0.003 ms clock, 0.37+0/2.8/0.025+0.068 ms cpu, 219->219->112 MB, 219 MB goal, 0 MB stacks, 0 MB globals, 20 P
gc 5613 @191.469s 0%: 0.020+4.6+0.003 ms clock, 0.40+0/5.2/0.098+0.066 ms cpu, 233->233->119 MB, 233 MB goal, 0 MB stacks, 0 MB globals, 20 P
gc 5614 @191.496s 0%: 0.032+0.69+0.93 ms clock, 0.64+0/1.0/0.002+18 ms cpu, 236->239->111 MB, 239 MB goal, 0 MB stacks, 0 MB globals, 20 P
gc 5615 @191.515s 0%: 0.021+3.6+0.003 ms clock, 0.42+0/4.1/0+0.072 ms cpu, 224->224->117 MB, 224 MB goal, 0 MB stacks, 0 MB globals, 20 P
gc 5616 @191.538s 0%: 0.019+0.51+0.006 ms clock, 0.38+0/1.0/0+0.12 ms cpu, 233->233->111 MB, 235 MB goal, 0 MB stacks, 0 MB globals, 20 P
gc 5617 @191.557s 0%: 0.031+3.0+0.10 ms clock, 0.63+0/3.7/0+2.0 ms cpu, 231->242->128 MB, 231 MB goal, 0 MB stacks, 0 MB globals, 20 P
gc 5618 @191.586s 0%: 0.026+0.84+0.011 ms clock, 0.53+0/1.5/0+0.23 ms cpu, 246->246->107 MB, 257 MB goal, 0 MB stacks, 0 MB globals, 20 P
gc 5619 @191.623s 0%: 0.030+1.1+0.014 ms clock, 0.61+0/2.1/0.10+0.29 ms cpu, 206->206->108 MB, 214 MB goal, 0 MB stacks, 0 MB globals, 20 P
gc 5620 @191.642s 0%: 0.020+1.6+0.003 ms clock, 0.41+0/2.2/0+0.062 ms cpu, 209->209->110 MB, 217 MB goal, 0 MB stacks, 0 MB globals, 20 P
gc 5621 @191.658s 0%: 0.020+0.94+0.003 ms clock, 0.40+0/1.2/0.002+0.071 ms cpu, 212->212->114 MB, 220 MB goal, 0 MB stacks, 0 MB globals, 20 P
gc 5622 @191.673s 0%: 0.019+3.9+0.007 ms clock, 0.39+0/4.3/0.036+0.14 ms cpu, 219->219->118 MB, 228 MB goal, 0 MB stacks, 0 MB globals, 20 P
gc 5623 @191.689s 0%: 0.020+1.8+0.004 ms clock, 0.40+0/2.2/0+0.081 ms cpu, 226->226->124 MB, 237 MB goal, 0 MB stacks, 0 MB globals, 20 P
gc 5624 @191.709s 0%: 0.017+0.46+0.003 ms clock, 0.35+0/1.0/0.068+0.061 ms cpu, 239->239->117 MB, 249 MB goal, 0 MB stacks, 0 MB globals, 20 P
gc 5625 @191.735s 0%: 0.043+6.4+0.008 ms clock, 0.87+0/1.3/0.015+0.17 ms cpu, 229->229->132 MB, 234 MB goal, 0 MB stacks, 0 MB globals, 20 P
gc 5626 @191.772s 0%: 0.019+0.47+0.003 ms clock, 0.38+0/0.77/0.008+0.063 ms cpu, 257->257->111 MB, 266 MB goal, 0 MB stacks, 0 MB globals, 20 P
gc 5627 @191.799s 0%: 0.025+0.81+0.005 ms clock, 0.50+0/1.5/0.053+0.11 ms cpu, 214->214->112 MB, 222 MB goal, 0 MB stacks, 0 MB globals, 20 P
gc 5628 @191.820s 0%: 0.030+2.1+0.006 ms clock, 0.61+0/3.0/0.29+0.13 ms cpu, 216->216->115 MB, 224 MB goal, 0 MB stacks, 0 MB globals, 20 P
gc 5629 @191.843s 0%: 0.024+5.8+0.003 ms clock, 0.49+0/6.3/0+0.070 ms cpu, 223->223->118 MB, 230 MB goal, 0 MB stacks, 0 MB globals, 20 P
gc 5630 @191.870s 0%: 0.017+0.38+0.035 ms clock, 0.35+0.054/0.68/0+0.71 ms cpu, 226->227->105 MB, 237 MB goal, 0 MB stacks, 0 MB globals, 20 P
gc 5631 @191.881s 0%: 0.016+4.7+0.003 ms clock, 0.33+0/2.8/0.004+0.068 ms cpu, 204->210->116 MB, 211 MB goal, 0 MB stacks, 0 MB globals, 20 P
gc 5632 @191.899s 0%: 0.019+2.0+0.003 ms clock, 0.39+0/2.5/0+0.076 ms cpu, 236->236->118 MB, 236 MB goal, 0 MB stacks, 0 MB globals, 20 P
gc 5633 @191.925s 0%: 0.026+0.71+0.006 ms clock, 0.53+0.11/1.3/0.012+0.12 ms cpu, 227->228->106 MB, 237 MB goal, 0 MB stacks, 0 MB globals, 20 P
gc 5634 @191.944s 0%: 0.020+1.1+0.006 ms clock, 0.40+0/1.2/0+0.12 ms cpu, 203->205->112 MB, 213 MB goal, 0 MB stacks, 0 MB globals, 20 P
gc 5635 @191.965s 0%: 0.034+0.78+0.003 ms clock, 0.68+0/1.1/0+0.072 ms cpu, 214->214->112 MB, 224 MB goal, 0 MB stacks, 0 MB globals, 20 P
gc 5636 @191.980s 0%: 0.018+0.66+0.003 ms clock, 0.36+0/1.4/0.001+0.071 ms cpu, 216->216->114 MB, 225 MB goal, 0 MB stacks, 0 MB globals, 20 P
gc 5637 @192.001s 0%: 0.032+2.4+0.006 ms clock, 0.64+0/3.2/0.13+0.13 ms cpu, 225->225->118 MB, 229 MB goal, 0 MB stacks, 0 MB globals, 20 P
gc 5638 @192.028s 0%: 0.034+9.6+0.007 ms clock, 0.69+0/10/0+0.14 ms cpu, 239->239->125 MB, 239 MB goal, 0 MB stacks, 0 MB globals, 20 P
gc 5639 @192.059s 0%: 0.016+0.74+0.004 ms clock, 0.32+0.14/0.54/0+0.092 ms cpu, 240->244->119 MB, 250 MB goal, 0 MB stacks, 0 MB globals, 20 P
gc 5640 @192.074s 0%: 0.020+2.7+0.002 ms clock, 0.40+0/3.1/0.010+0.057 ms cpu, 239->239->121 MB, 240 MB goal, 0 MB stacks, 0 MB globals, 20 P
gc 5641 @192.091s 0%: 0.022+4.5+0.005 ms clock, 0.44+0/5.1/0+0.11 ms cpu, 236->236->126 MB, 242 MB goal, 0 MB stacks, 0 MB globals, 20 P
gc 5642 @192.119s 0%: 0.019+2.4+0.003 ms clock, 0.39+0/2.6/0+0.063 ms cpu, 253->253->118 MB, 253 MB goal, 0 MB stacks, 0 MB globals, 20 P
gc 5643 @192.135s 0%: 0.018+1.1+0.003 ms clock, 0.36+0/1.3/0.002+0.064 ms cpu, 232->232->121 MB, 236 MB goal, 0 MB stacks, 0 MB globals, 20 P
gc 5644 @192.155s 0%: 0.022+0.71+0.004 ms clock, 0.44+0/0.78/0+0.093 ms cpu, 237->241->111 MB, 243 MB goal, 0 MB stacks, 0 MB globals, 20 P
gc 5645 @192.169s 0%: 0.017+4.4+0.005 ms clock, 0.34+0/4.8/0+0.10 ms cpu, 219->219->112 MB, 223 MB goal, 0 MB stacks, 0 MB globals, 20 P
gc 5646 @192.188s 0%: 0.021+2.9+0.003 ms clock, 0.42+0/3.4/0.021+0.071 ms cpu, 232->232->117 MB, 232 MB goal, 0 MB stacks, 0 MB globals, 20 P
gc 5647 @192.211s 0%: 0.017+0.49+0.11 ms clock, 0.35+0.065/0.60/0+2.2 ms cpu, 229->232->106 MB, 235 MB goal, 0 MB stacks, 0 MB globals, 20 P
gc 5648 @192.232s 0%: 0.020+0.51+0.004 ms clock, 0.40+0/1.0/0+0.080 ms cpu, 210->210->109 MB, 212 MB goal, 0 MB stacks, 0 MB globals, 20 P
gc 5649 @192.250s 0%: 0.017+0.85+0.003 ms clock, 0.34+0/1.0/0+0.079 ms cpu, 221->221->114 MB, 221 MB goal, 0 MB stacks, 0 MB globals, 20 P
gc 5650 @192.264s 0%: 0.017+3.8+0.003 ms clock, 0.34+0/4.0/0+0.074 ms cpu, 229->229->120 MB, 229 MB goal, 0 MB stacks, 0 MB globals, 20 P
gc 5651 @192.284s 0%: 0.019+0.47+0.014 ms clock, 0.38+0/0.69/0.012+0.29 ms cpu, 243->243->139 MB, 243 MB goal, 0 MB stacks, 0 MB globals, 20 P
gc 5652 @192.319s 0%: 0.033+5.5+0.003 ms clock, 0.66+0/6.0/0+0.070 ms cpu, 277->277->124 MB, 278 MB goal, 0 MB stacks, 0 MB globals, 20 P
gc 5653 @192.356s 0%: 0.022+0.67+0.010 ms clock, 0.44+0/1.2/0.012+0.20 ms cpu, 247->247->112 MB, 248 MB goal, 0 MB stacks, 0 MB globals, 20 P
gc 5654 @192.370s 0%: 0.017+3.5+0.004 ms clock, 0.35+0/3.7/0+0.084 ms cpu, 228->228->118 MB, 228 MB goal, 0 MB stacks, 0 MB globals, 20 P
gc 5655 @192.395s 0%: 0.024+0.76+0.10 ms clock, 0.48+0/1.0/0+2.1 ms cpu, 240->240->135 MB, 240 MB goal, 0 MB stacks, 0 MB globals, 20 P
gc 5656 @192.421s 0%: 0.021+5.1+0.007 ms clock, 0.42+0/5.8/0.047+0.15 ms cpu, 267->267->113 MB, 270 MB goal, 0 MB stacks, 0 MB globals, 20 P
gc 5657 @192.440s 0%: 0.017+1.0+0.003 ms clock, 0.35+0/1.5/0+0.072 ms cpu, 228->228->118 MB, 228 MB goal, 0 MB stacks, 0 MB globals, 20 P
gc 5658 @192.461s 0%: 0.020+0.38+0.008 ms clock, 0.41+0/0.77/0.011+0.17 ms cpu, 240->240->136 MB, 240 MB goal, 0 MB stacks, 0 MB globals, 20 P
gc 5659 @192.504s 0%: 0.035+5.0+0.006 ms clock, 0.70+0/5.7/0+0.13 ms cpu, 269->269->118 MB, 274 MB goal, 0 MB stacks, 0 MB globals, 20 P
gc 5660 @192.524s 0%: 0.020+1.1+0.004 ms clock, 0.40+0/1.6/0.020+0.087 ms cpu, 233->233->126 MB, 236 MB goal, 0 MB stacks, 0 MB globals, 20 P
gc 5661 @192.553s 0%: 0.023+0.74+0.003 ms clock, 0.46+0/1.3/0.13+0.073 ms cpu, 253->253->118 MB, 253 MB goal, 0 MB stacks, 0 MB globals, 20 P
gc 5662 @192.571s 0%: 0.028+4.0+0.006 ms clock, 0.57+0/4.8/0.11+0.13 ms cpu, 232->232->121 MB, 236 MB goal, 0 MB stacks, 0 MB globals, 20 P
gc 5663 @192.604s 0%: 0.025+0.91+0.008 ms clock, 0.50+0/1.6/0+0.16 ms cpu, 239->239->110 MB, 243 MB goal, 0 MB stacks, 0 MB globals, 20 P
gc 5664 @192.634s 0%: 0.031+0.64+0.020 ms clock, 0.62+0/1.8/0+0.40 ms cpu, 225->225->124 MB, 225 MB goal, 0 MB stacks, 0 MB globals, 20 P
gc 5665 @192.666s 0%: 0.020+2.7+0.007 ms clock, 0.40+0/3.3/0.016+0.14 ms cpu, 248->248->104 MB, 248 MB goal, 0 MB stacks, 0 MB globals, 20 P
gc 5666 @192.685s 0%: 0.019+1.8+0.004 ms clock, 0.39+0/2.2/0+0.088 ms cpu, 204->204->107 MB, 208 MB goal, 0 MB stacks, 0 MB globals, 20 P
gc 5667 @192.712s 0%: 0.029+1.4+0.010 ms clock, 0.59+0/2.1/0.001+0.21 ms cpu, 209->209->111 MB, 214 MB goal, 0 MB stacks, 0 MB globals, 20 P
gc 5668 @192.737s 0%: 0.022+5.1+0.002 ms clock, 0.44+0/5.4/0+0.059 ms cpu, 231->231->118 MB, 232 MB goal, 0 MB stacks, 0 MB globals, 20 P
gc 5669 @192.763s 0%: 0.017+0.73+0.007 ms clock, 0.35+0.17/0.54/0+0.15 ms cpu, 232->234->110 MB, 236 MB goal, 0 MB stacks, 0 MB globals, 20 P
gc 5670 @192.778s 0%: 0.12+0.61+0.005 ms clock, 2.5+0/0.97/0+0.11 ms cpu, 218->218->115 MB, 221 MB goal, 0 MB stacks, 0 MB globals, 20 P
gc 5671 @192.793s 0%: 0.019+4.6+0.005 ms clock, 0.39+0/5.0/0+0.11 ms cpu, 227->227->124 MB, 231 MB goal, 0 MB stacks, 0 MB globals, 20 P
gc 5672 @192.823s 0%: 0.022+0.87+0.014 ms clock, 0.44+0/1.4/0.001+0.28 ms cpu, 252->252->116 MB, 252 MB goal, 0 MB stacks, 0 MB globals, 20 P
gc 5673 @192.843s 0%: 0.021+1.6+0.022 ms clock, 0.43+0/1.8/0+0.45 ms cpu, 230->241->130 MB, 233 MB goal, 0 MB stacks, 0 MB globals, 20 P
gc 5674 @192.865s 0%: 0.017+0.66+0.005 ms clock, 0.35+0/1.0/0.018+0.10 ms cpu, 255->255->110 MB, 261 MB goal, 0 MB stacks, 0 MB globals, 20 P
gc 5675 @192.879s 0%: 0.017+0.64+0.003 ms clock, 0.34+0/1.2/0.047+0.072 ms cpu, 211->211->112 MB, 221 MB goal, 0 MB stacks, 0 MB globals, 20 P
gc 5676 @192.898s 0%: 0.029+3.4+0.008 ms clock, 0.58+0/4.0/0+0.16 ms cpu, 215->215->114 MB, 224 MB goal, 0 MB stacks, 0 MB globals, 20 P
gc 5677 @192.920s 0%: 0.019+4.9+0.004 ms clock, 0.38+0/5.2/0+0.080 ms cpu, 218->218->118 MB, 228 MB goal, 0 MB stacks, 0 MB globals, 20 P
gc 5678 @192.940s 0%: 0.016+0.51+0.005 ms clock, 0.32+0/0.81/0+0.11 ms cpu, 225->225->109 MB, 236 MB goal, 0 MB stacks, 0 MB globals, 20 P
gc 5679 @192.954s 0%: 0.021+4.1+0.005 ms clock, 0.43+0/4.6/0+0.11 ms cpu, 214->214->114 MB, 219 MB goal, 0 MB stacks, 0 MB globals, 20 P
gc 5680 @192.984s 0%: 0.019+0.49+0.005 ms clock, 0.39+0/0.69/0+0.10 ms cpu, 230->230->133 MB, 230 MB goal, 0 MB stacks, 0 MB globals, 20 P
gc 5681 @193.003s 0%: 0.017+0.66+0.003 ms clock, 0.35+0/0.96/0.043+0.074 ms cpu, 258->258->110 MB, 267 MB goal, 0 MB stacks, 0 MB globals, 20 P
gc 5682 @193.024s 0%: 0.026+1.1+0.006 ms clock, 0.52+0/1.9/0.044+0.12 ms cpu, 211->211->112 MB, 221 MB goal, 0 MB stacks, 0 MB globals, 20 P
gc 5683 @193.044s 0%: 0.026+1.9+0.005 ms clock, 0.53+0/2.7/0+0.11 ms cpu, 214->214->114 MB, 224 MB goal, 0 MB stacks, 0 MB globals, 20 P
gc 5684 @193.063s 0%: 0.019+2.1+0.006 ms clock, 0.38+0/2.5/0.017+0.12 ms cpu, 219->219->118 MB, 229 MB goal, 0 MB stacks, 0 MB globals, 20 P
gc 5685 @193.079s 0%: 0.021+1.3+0.004 ms clock, 0.42+0/1.7/0+0.088 ms cpu, 226->226->123 MB, 237 MB goal, 0 MB stacks, 0 MB globals, 20 P
gc 5686 @193.105s 0%: 0.038+1.2+0.007 ms clock, 0.76+0/2.1/0.074+0.14 ms cpu, 236->238->114 MB, 247 MB goal, 0 MB stacks, 0 MB globals, 20 P
gc 5687 @193.130s 0%: 0.036+1.3+0.005 ms clock, 0.72+0/1.9/0.020+0.11 ms cpu, 221->221->119 MB, 229 MB goal, 0 MB stacks, 0 MB globals, 20 P
gc 5688 @193.156s 0%: 0.11+0.40+0.006 ms clock, 2.3+0.025/0.78/0.024+0.12 ms cpu, 229->231->109 MB, 240 MB goal, 0 MB stacks, 0 MB globals, 20 P
gc 5689 @193.175s 0%: 0.027+0.95+0.003 ms clock, 0.55+0/1.0/0.057+0.075 ms cpu, 209->211->111 MB, 219 MB goal, 0 MB stacks, 0 MB globals, 20 P
gc 5690 @193.195s 0%: 0.016+1.2+0.003 ms clock, 0.33+0/1.6/0.007+0.072 ms cpu, 216->216->111 MB, 223 MB goal, 0 MB stacks, 0 MB globals, 20 P
gc 5691 @193.211s 0%: 0.021+1.1+0.007 ms clock, 0.42+0/1.8/0.001+0.15 ms cpu, 218->218->114 MB, 224 MB goal, 0 MB stacks, 0 MB globals, 20 P
gc 5692 @193.227s 0%: 0.025+5.6+0.005 ms clock, 0.50+0/6.0/0.002+0.10 ms cpu, 230->230->119 MB, 230 MB goal, 0 MB stacks, 0 MB globals, 20 P
gc 5693 @193.266s 0%: 0.020+0.36+0.007 ms clock, 0.40+0/0.72/0.001+0.14 ms cpu, 242->242->136 MB, 242 MB goal, 0 MB stacks, 0 MB globals, 20 P
gc 5694 @193.293s 0%: 0.027+5.2+0.005 ms clock, 0.55+0/6.1/0.25+0.10 ms cpu, 268->268->118 MB, 273 MB goal, 0 MB stacks, 0 MB globals, 20 P
gc 5695 @193.323s 0%: 0.029+2.0+0.004 ms clock, 0.59+0/2.9/0.020+0.098 ms cpu, 233->233->126 MB, 236 MB goal, 0 MB stacks, 0 MB globals, 20 P
gc 5696 @193.357s 0%: 0.026+2.9+0.007 ms clock, 0.53+0/3.7/0.12+0.14 ms cpu, 245->245->116 MB, 252 MB goal, 0 MB stacks, 0 MB globals, 20 P
gc 5697 @193.388s 0%: 0.029+4.8+0.019 ms clock, 0.59+0/5.7/0+0.38 ms cpu, 238->238->124 MB, 238 MB goal, 0 MB stacks, 0 MB globals, 20 P
gc 5698 @193.422s 0%: 0.026+5.1+0.006 ms clock, 0.52+0/5.8/0.026+0.12 ms cpu, 252->252->113 MB, 252 MB goal, 0 MB stacks, 0 MB globals, 20 P
gc 5699 @193.443s 0%: 0.030+1.5+0.007 ms clock, 0.61+0/2.6/0.11+0.14 ms cpu, 227->227->116 MB, 227 MB goal, 0 MB stacks, 0 MB globals, 20 P
gc 5700 @193.475s 0%: 0.015+0.59+0.003 ms clock, 0.31+0.19/0.49/0+0.073 ms cpu, 229->232->104 MB, 233 MB goal, 0 MB stacks, 0 MB globals, 20 P
gc 5701 @193.492s 0%: 0.019+2.5+0.004 ms clock, 0.38+0/3.1/0+0.082 ms cpu, 209->209->106 MB, 209 MB goal, 0 MB stacks, 0 MB globals, 20 P
gc 5702 @193.511s 0%: 0.026+1.0+0.005 ms clock, 0.53+0/1.6/0+0.11 ms cpu, 213->213->111 MB, 213 MB goal, 0 MB stacks, 0 MB globals, 20 P
gc 5703 @193.531s 0%: 0.029+5.0+0.003 ms clock, 0.58+0/5.7/0+0.072 ms cpu, 226->226->117 MB, 226 MB goal, 0 MB stacks, 0 MB globals, 20 P
gc 5704 @193.565s 0%: 0.029+0.59+0.017 ms clock, 0.58+0/1.2/0.011+0.34 ms cpu, 239->239->136 MB, 239 MB goal, 0 MB stacks, 0 MB globals, 20 P
gc 5705 @193.590s 0%: 0.020+3.6+0.003 ms clock, 0.41+0/3.9/0+0.065 ms cpu, 278->278->119 MB, 278 MB goal, 0 MB stacks, 0 MB globals, 20 P
gc 5706 @193.613s 0%: 0.018+1.4+0.003 ms clock, 0.37+0/1.7/0+0.076 ms cpu, 240->240->128 MB, 240 MB goal, 0 MB stacks, 0 MB globals, 20 P
gc 5707 @193.639s 0%: 0.025+0.73+0.005 ms clock, 0.50+0/1.1/0.018+0.10 ms cpu, 255->255->117 MB, 257 MB goal, 0 MB stacks, 0 MB globals, 20 P
gc 5708 @193.670s 0%: 0.019+1.1+0.003 ms clock, 0.39+0/1.3/0+0.068 ms cpu, 240->240->123 MB, 240 MB goal, 0 MB stacks, 0 MB globals, 20 P
gc 5709 @193.699s 0%: 0.030+0.67+0.009 ms clock, 0.60+0/1.4/0+0.18 ms cpu, 244->244->114 MB, 247 MB goal, 0 MB stacks, 0 MB globals, 20 P
gc 5710 @193.716s 0%: 0.023+0.67+0.014 ms clock, 0.47+0/1.1/0.026+0.29 ms cpu, 225->225->116 MB, 228 MB goal, 0 MB stacks, 0 MB globals, 20 P
gc 5711 @193.739s 0%: 0.028+8.7+0.13 ms clock, 0.56+0/9.4/0.029+2.6 ms cpu, 230->230->119 MB, 233 MB goal, 0 MB stacks, 0 MB globals, 20 P
gc 5712 @193.781s 0%: 0.033+1.0+0.008 ms clock, 0.66+0/1.2/0+0.16 ms cpu, 236->239->110 MB, 239 MB goal, 0 MB stacks, 0 MB globals, 20 P
gc 5713 @193.806s 0%: 0.028+0.91+0.005 ms clock, 0.57+0/1.6/0.15+0.11 ms cpu, 218->218->110 MB, 220 MB goal, 0 MB stacks, 0 MB globals, 20 P
gc 5714 @193.830s 0%: 0.029+6.6+0.006 ms clock, 0.59+0/7.5/0.097+0.12 ms cpu, 221->221->114 MB, 221 MB goal, 0 MB stacks, 0 MB globals, 20 P
gc 5715 @193.861s 0%: 0.029+2.0+0.009 ms clock, 0.59+0/2.8/0.008+0.18 ms cpu, 235->235->121 MB, 235 MB goal, 0 MB stacks, 0 MB globals, 20 P
gc 5716 @193.892s 0%: 0.019+0.53+0.003 ms clock, 0.38+0.050/0.91/0+0.065 ms cpu, 241->241->111 MB, 243 MB goal, 0 MB stacks, 0 MB globals, 20 P
gc 5717 @193.912s 0%: 0.024+4.7+0.006 ms clock, 0.49+0/5.4/0.010+0.12 ms cpu, 221->221->115 MB, 223 MB goal, 0 MB stacks, 0 MB globals, 20 P
gc 5718 @193.936s 0%: 0.030+7.3+0.004 ms clock, 0.61+0/7.6/0+0.099 ms cpu, 235->235->124 MB, 235 MB goal, 0 MB stacks, 0 MB globals, 20 P
gc 5719 @193.964s 0%: 0.022+0.46+0.003 ms clock, 0.44+0/0.87/0.003+0.071 ms cpu, 246->246->111 MB, 250 MB goal, 0 MB stacks, 0 MB globals, 20 P
gc 5720 @193.984s 0%: 0.027+0.89+0.006 ms clock, 0.55+0/1.6/0+0.12 ms cpu, 220->220->114 MB, 223 MB goal, 0 MB stacks, 0 MB globals, 20 P
gc 5721 @194.009s 0%: 0.027+6.5+0.007 ms clock, 0.54+0/7.3/0.001+0.14 ms cpu, 238->238->120 MB, 238 MB goal, 0 MB stacks, 0 MB globals, 20 P
gc 5722 @194.047s 0%: 0.022+0.60+0.012 ms clock, 0.44+0/0.84/0+0.25 ms cpu, 243->243->138 MB, 243 MB goal, 0 MB stacks, 0 MB globals, 20 P
gc 5723 @194.070s 0%: 0.019+3.5+0.003 ms clock, 0.39+0/3.9/0+0.073 ms cpu, 280->280->119 MB, 281 MB goal, 0 MB stacks, 0 MB globals, 20 P
gc 5724 @194.088s 0%: 0.021+3.7+0.003 ms clock, 0.43+0/4.0/0+0.074 ms cpu, 240->240->128 MB, 240 MB goal, 0 MB stacks, 0 MB globals, 20 P
gc 5725 @194.117s 0%: 0.017+1.1+0.004 ms clock, 0.35+0/1.4/0+0.081 ms cpu, 255->255->117 MB, 257 MB goal, 0 MB stacks, 0 MB globals, 20 P
gc 5726 @194.144s 0%: 0.019+1.3+0.005 ms clock, 0.38+0/1.4/0+0.11 ms cpu, 235->235->124 MB, 235 MB goal, 0 MB stacks, 0 MB globals, 20 P
gc 5727 @194.175s 0%: 0.026+1.0+0.006 ms clock, 0.53+0/1.7/0.001+0.12 ms cpu, 251->251->116 MB, 252 MB goal, 0 MB stacks, 0 MB globals, 20 P
gc 5728 @194.198s 0%: 0.028+1.9+0.007 ms clock, 0.57+0/2.4/0+0.14 ms cpu, 230->230->119 MB, 233 MB goal, 0 MB stacks, 0 MB globals, 20 P
gc 5729 @194.223s 0%: 0.031+2.2+0.007 ms clock, 0.62+0/2.9/0.001+0.14 ms cpu, 237->237->108 MB, 239 MB goal, 0 MB stacks, 0 MB globals, 20 P
gc 5730 @194.241s 0%: 0.018+3.5+0.003 ms clock, 0.36+0/3.9/0.005+0.063 ms cpu, 219->219->112 MB, 219 MB goal, 0 MB stacks, 0 MB globals, 20 P
gc 5731 @194.261s 0%: 0.021+0.59+0.015 ms clock, 0.43+0/0.84/0+0.31 ms cpu, 230->230->127 MB, 230 MB goal, 0 MB stacks, 0 MB globals, 20 P
gc 5732 @194.285s 0%: 0.019+0.80+0.003 ms clock, 0.39+0/1.3/0+0.071 ms cpu, 251->251->110 MB, 254 MB goal, 0 MB stacks, 0 MB globals, 20 P
gc 5733 @194.307s 0%: 0.021+0.58+0.015 ms clock, 0.43+0/0.82/0+0.30 ms cpu, 225->225->127 MB, 225 MB goal, 0 MB stacks, 0 MB globals, 20 P
gc 5734 @194.331s 0%: 0.020+0.97+0.003 ms clock, 0.41+0/1.1/0.005+0.069 ms cpu, 251->251->107 MB, 255 MB goal, 0 MB stacks, 0 MB globals, 20 P
gc 5735 @194.353s 0%: 0.027+2.0+0.003 ms clock, 0.54+0/2.5/0+0.077 ms cpu, 212->212->109 MB, 215 MB goal, 0 MB stacks, 0 MB globals, 20 P
gc 5736 @194.372s 0%: 0.019+5.7+0.005 ms clock, 0.39+0/6.3/0+0.10 ms cpu, 218->218->114 MB, 220 MB goal, 0 MB stacks, 0 MB globals, 20 P
gc 5737 @194.398s 0%: 0.018+0.85+0.003 ms clock, 0.36+0/0.75/0.016+0.062 ms cpu, 226->227->105 MB, 229 MB goal, 0 MB stacks, 0 MB globals, 20 P
gc 5738 @194.414s 0%: 0.020+0.53+0.003 ms clock, 0.40+0.062/0.88/0+0.071 ms cpu, 207->207->109 MB, 210 MB goal, 0 MB stacks, 0 MB globals, 20 P
gc 5739 @194.440s 0%: 0.026+1.0+0.007 ms clock, 0.52+0/1.8/0.005+0.15 ms cpu, 217->217->115 MB, 218 MB goal, 0 MB stacks, 0 MB globals, 20 P
gc 5740 @194.466s 0%: 0.019+4.0+0.003 ms clock, 0.38+0/4.4/0.005+0.071 ms cpu, 238->238->123 MB, 238 MB goal, 0 MB stacks, 0 MB globals, 20 P
gc 5741 @194.497s 0%: 0.026+0.46+0.017 ms clock, 0.52+0/1.0/0.007+0.34 ms cpu, 245->245->143 MB, 246 MB goal, 0 MB stacks, 0 MB globals, 20 P
gc 5742 @194.549s 0%: 0.019+0.52+0.011 ms clock, 0.39+0/0.71/0+0.23 ms cpu, 293->293->136 MB, 293 MB goal, 0 MB stacks, 0 MB globals, 20 P
gc 5743 @194.575s 0%: 0.021+1.7+0.004 ms clock, 0.43+0/1.8/0.097+0.088 ms cpu, 274->274->121 MB, 274 MB goal, 0 MB stacks, 0 MB globals, 20 P
gc 5744 @194.606s 0%: 0.028+1.4+0.006 ms clock, 0.57+0/2.1/0+0.12 ms cpu, 240->240->108 MB, 242 MB goal, 0 MB stacks, 0 MB globals, 20 P
gc 5745 @194.640s 0%: 0.029+1.3+0.006 ms clock, 0.58+0/2.2/0.020+0.12 ms cpu, 216->216->112 MB, 217 MB goal, 0 MB stacks, 0 MB globals, 20 P
gc 5746 @194.670s 0%: 0.029+8.5+0.005 ms clock, 0.59+0/8.9/0+0.11 ms cpu, 232->232->117 MB, 232 MB goal, 0 MB stacks, 0 MB globals, 20 P
gc 5747 @194.700s 0%: 0.018+0.58+0.003 ms clock, 0.36+0.23/0.39/0+0.076 ms cpu, 232->234->106 MB, 235 MB goal, 0 MB stacks, 0 MB globals, 20 P
gc 5748 @194.719s 0%: 0.016+0.59+0.003 ms clock, 0.33+0/0.97/0.011+0.075 ms cpu, 214->214->109 MB, 214 MB goal, 0 MB stacks, 0 MB globals, 20 P
gc 5749 @194.735s 0%: 0.019+0.74+0.015 ms clock, 0.38+0/1.1/0.024+0.30 ms cpu, 217->217->114 MB, 220 MB goal, 0 MB stacks, 0 MB globals, 20 P
gc 5750 @194.755s 0%: 0.021+4.7+0.003 ms clock, 0.42+0/4.9/0+0.074 ms cpu, 229->229->120 MB, 229 MB goal, 0 MB stacks, 0 MB globals, 20 P
gc 5751 @194.785s 0%: 0.024+0.65+0.017 ms clock, 0.48+0/1.0/0+0.35 ms cpu, 242->242->139 MB, 242 MB goal, 0 MB stacks, 0 MB globals, 20 P
gc 5752 @194.815s 0%: 0.022+3.6+0.003 ms clock, 0.44+0/4.0/0+0.069 ms cpu, 281->281->120 MB, 282 MB goal, 0 MB stacks, 0 MB globals, 20 P
gc 5753 @194.836s 0%: 0.028+0.66+0.017 ms clock, 0.57+0/1.4/0.041+0.34 ms cpu, 237->237->135 MB, 240 MB goal, 0 MB stacks, 0 MB globals, 20 P
gc 5754 @194.867s 0%: 0.024+2.0+0.041 ms clock, 0.49+0/2.7/0.001+0.83 ms cpu, 272->272->119 MB, 273 MB goal, 0 MB stacks, 0 MB globals, 20 P
gc 5755 @194.888s 0%: 0.018+1.2+0.003 ms clock, 0.36+0/1.4/0+0.076 ms cpu, 235->235->109 MB, 238 MB goal, 0 MB stacks, 0 MB globals, 20 P
gc 5756 @194.906s 0%: 0.11+4.0+0.12 ms clock, 2.3+0/4.8/0+2.5 ms cpu, 220->220->114 MB, 220 MB goal, 0 MB stacks, 0 MB globals, 20 P
gc 5757 @194.926s 0%: 0.021+5.7+0.005 ms clock, 0.42+0/5.9/0+0.10 ms cpu, 234->234->118 MB, 234 MB goal, 0 MB stacks, 0 MB globals, 20 P
gc 5758 @194.954s 0%: 0.018+0.45+0.005 ms clock, 0.37+0.059/0.43/0.15+0.10 ms cpu, 236->236->105 MB, 238 MB goal, 0 MB stacks, 0 MB globals, 20 P
gc 5759 @194.967s 0%: 0.018+1.0+0.007 ms clock, 0.37+0/1.5/0.021+0.14 ms cpu, 207->207->108 MB, 210 MB goal, 0 MB stacks, 0 MB globals, 20 P
gc 5760 @194.988s 0%: 0.028+4.9+0.008 ms clock, 0.57+0/5.6/0.007+0.16 ms cpu, 221->221->114 MB, 221 MB goal, 0 MB stacks, 0 MB globals, 20 P
gc 5761 @195.019s 0%: 0.030+6.4+0.005 ms clock, 0.60+0/7.2/0+0.10 ms cpu, 230->230->120 MB, 230 MB goal, 0 MB stacks, 0 MB globals, 20 P
gc 5762 @195.054s 0%: 0.027+0.56+0.017 ms clock, 0.55+0/1.1/0+0.34 ms cpu, 242->242->139 MB, 242 MB goal, 0 MB stacks, 0 MB globals, 20 P
gc 5763 @195.077s 0%: 0.018+5.0+0.004 ms clock, 0.36+0/5.2/0+0.090 ms cpu, 275->275->122 MB, 278 MB goal, 0 MB stacks, 0 MB globals, 20 P
gc 5764 @195.099s 0%: 0.029+0.55+0.012 ms clock, 0.58+0/1.1/0+0.24 ms cpu, 243->243->138 MB, 245 MB goal, 0 MB stacks, 0 MB globals, 20 P
gc 5765 @195.133s 0%: 0.028+1.1+0.004 ms clock, 0.57+0/2.0/0.12+0.098 ms cpu, 281->281->118 MB, 281 MB goal, 0 MB stacks, 0 MB globals, 20 P
gc 5766 @195.159s 0%: 0.028+2.0+0.007 ms clock, 0.56+0/2.7/0.004+0.14 ms cpu, 239->239->124 MB, 239 MB goal, 0 MB stacks, 0 MB globals, 20 P
gc 5767 @195.183s 0%: 0.026+0.77+0.008 ms clock, 0.53+0/1.2/0+0.17 ms cpu, 247->247->111 MB, 249 MB goal, 0 MB stacks, 0 MB globals, 20 P
gc 5768 @195.209s 0%: 0.031+1.5+0.007 ms clock, 0.62+0/2.8/0.056+0.14 ms cpu, 220->220->115 MB, 223 MB goal, 0 MB stacks, 0 MB globals, 20 P
gc 5769 @195.235s 0%: 0.019+4.5+0.003 ms clock, 0.38+0/4.9/0+0.078 ms cpu, 238->238->124 MB, 238 MB goal, 0 MB stacks, 0 MB globals, 20 P
gc 5770 @195.258s 0%: 0.019+0.44+0.023 ms clock, 0.39+0/0.91/0.004+0.47 ms cpu, 246->246->142 MB, 249 MB goal, 0 MB stacks, 0 MB globals, 20 P
gc 5771 @195.282s 0%: 0.019+3.5+0.003 ms clock, 0.39+0/3.9/0.001+0.072 ms cpu, 285->285->123 MB, 285 MB goal, 0 MB stacks, 0 MB globals, 20 P
gc 5772 @195.303s 0%: 0.020+2.3+0.005 ms clock, 0.40+0/2.8/0.008+0.11 ms cpu, 244->244->129 MB, 247 MB goal, 0 MB stacks, 0 MB globals, 20 P
gc 5773 @195.328s 0%: 0.020+0.80+0.003 ms clock, 0.41+0/1.2/0+0.066 ms cpu, 258->258->119 MB, 258 MB goal, 0 MB stacks, 0 MB globals, 20 P
gc 5774 @195.347s 0%: 0.022+0.53+0.013 ms clock, 0.44+0/0.81/0+0.27 ms cpu, 246->246->135 MB, 246 MB goal, 0 MB stacks, 0 MB globals, 20 P
gc 5775 @195.372s 0%: 0.020+3.7+0.003 ms clock, 0.41+0/3.9/0.11+0.071 ms cpu, 271->271->118 MB, 271 MB goal, 0 MB stacks, 0 MB globals, 20 P
gc 5776 @195.398s 0%: 0.019+0.47+0.004 ms clock, 0.39+0/0.75/0+0.097 ms cpu, 239->239->134 MB, 239 MB goal, 0 MB stacks, 0 MB globals, 20 P
gc 5777 @195.423s 0%: 0.023+0.84+0.004 ms clock, 0.47+0/1.5/0.051+0.084 ms cpu, 267->267->113 MB, 269 MB goal, 0 MB stacks, 0 MB globals, 20 P
gc 5778 @195.441s 0%: 0.018+1.1+0.005 ms clock, 0.36+0/1.4/0+0.10 ms cpu, 228->228->117 MB, 228 MB goal, 0 MB stacks, 0 MB globals, 20 P
gc 5779 @195.462s 0%: 0.023+0.67+0.087 ms clock, 0.47+0/1.0/0+1.7 ms cpu, 239->239->136 MB, 239 MB goal, 0 MB stacks, 0 MB globals, 20 P
gc 5780 @195.497s 0%: 0.025+1.4+0.006 ms clock, 0.51+0/1.9/0+0.12 ms cpu, 269->269->117 MB, 272 MB goal, 0 MB stacks, 0 MB globals, 20 P
gc 5781 @195.516s 0%: 0.032+5.5+0.003 ms clock, 0.65+0/6.2/0.004+0.069 ms cpu, 233->233->125 MB, 235 MB goal, 0 MB stacks, 0 MB globals, 20 P
gc 5782 @195.556s 0%: 0.022+0.69+0.13 ms clock, 0.45+0/0.87/0+2.7 ms cpu, 247->247->143 MB, 251 MB goal, 0 MB stacks, 0 MB globals, 20 P
gc 5783 @195.599s 0%: 0.023+0.46+0.009 ms clock, 0.46+0/0.73/0+0.19 ms cpu, 293->293->136 MB, 293 MB goal, 0 MB stacks, 0 MB globals, 20 P
gc 5784 @195.626s 0%: 0.028+4.9+0.005 ms clock, 0.56+0/5.5/0+0.10 ms cpu, 274->274->121 MB, 274 MB goal, 0 MB stacks, 0 MB globals, 20 P
gc 5785 @195.660s 0%: 0.020+0.45+0.004 ms clock, 0.41+0/0.95/0+0.088 ms cpu, 240->240->108 MB, 242 MB goal, 0 MB stacks, 0 MB globals, 20 P
gc 5786 @195.677s 0%: 0.022+3.8+0.005 ms clock, 0.45+0/4.5/0+0.11 ms cpu, 215->215->110 MB, 217 MB goal, 0 MB stacks, 0 MB globals, 20 P
gc 5787 @195.701s 0%: 0.021+3.6+0.003 ms clock, 0.42+0/3.8/0+0.079 ms cpu, 230->230->116 MB, 230 MB goal, 0 MB stacks, 0 MB globals, 20 P
gc 5788 @195.724s 0%: 0.018+1.0+0.003 ms clock, 0.36+0/1.1/0+0.071 ms cpu, 230->232->104 MB, 233 MB goal, 0 MB stacks, 0 MB globals, 20 P
gc 5789 @195.739s 0%: 0.020+1.2+0.004 ms clock, 0.41+0/1.6/0+0.082 ms cpu, 207->207->106 MB, 209 MB goal, 0 MB stacks, 0 MB globals, 20 P
gc 5790 @195.763s 0%: 0.027+1.0+0.007 ms clock, 0.54+0/1.7/0+0.15 ms cpu, 210->210->110 MB, 213 MB goal, 0 MB stacks, 0 MB globals, 20 P
gc 5791 @195.783s 0%: 0.020+3.6+0.007 ms clock, 0.40+0/3.8/0+0.15 ms cpu, 221->221->115 MB, 221 MB goal, 0 MB stacks, 0 MB globals, 20 P
gc 5792 @195.803s 0%: 0.029+9.8+0.005 ms clock, 0.59+0/10/0+0.10 ms cpu, 236->236->123 MB, 236 MB goal, 0 MB stacks, 0 MB globals, 20 P
gc 5793 @195.837s 0%: 0.019+1.2+0.009 ms clock, 0.39+0.24/0.67/0.013+0.19 ms cpu, 242->246->117 MB, 246 MB goal, 0 MB stacks, 0 MB globals, 20 P
gc 5794 @195.863s 0%: 0.035+1.0+0.006 ms clock, 0.70+0/1.8/0+0.13 ms cpu, 234->234->120 MB, 236 MB goal, 0 MB stacks, 0 MB globals, 20 P
gc 5795 @195.891s 0%: 0.030+3.9+0.007 ms clock, 0.61+0/4.7/0+0.15 ms cpu, 251->251->129 MB, 251 MB goal, 0 MB stacks, 0 MB globals, 20 P
gc 5796 @195.921s 0%: 0.025+1.1+0.008 ms clock, 0.50+0/1.9/0+0.16 ms cpu, 258->258->119 MB, 258 MB goal, 0 MB stacks, 0 MB globals, 20 P
gc 5797 @195.949s 0%: 0.033+0.58+0.004 ms clock, 0.66+0.040/0.80/0+0.085 ms cpu, 236->238->111 MB, 240 MB goal, 0 MB stacks, 0 MB globals, 20 P
gc 5798 @195.967s 0%: 0.032+3.4+0.004 ms clock, 0.65+0/3.7/0+0.080 ms cpu, 220->220->112 MB, 223 MB goal, 0 MB stacks, 0 MB globals, 20 P
gc 5799 @195.985s 0%: 0.023+7.0+0.004 ms clock, 0.47+0/7.9/0+0.087 ms cpu, 224->224->117 MB, 224 MB goal, 0 MB stacks, 0 MB globals, 20 P
gc 5800 @196.014s 0%: 0.019+0.47+0.003 ms clock, 0.39+0.15/0.53/0+0.066 ms cpu, 233->233->103 MB, 236 MB goal, 0 MB stacks, 0 MB globals, 20 P
gc 5801 @196.036s 0%: 0.11+0.57+0.005 ms clock, 2.2+0/1.1/0+0.11 ms cpu, 208->208->105 MB, 208 MB goal, 0 MB stacks, 0 MB globals, 20 P
gc 5802 @196.054s 0%: 0.019+2.4+0.005 ms clock, 0.39+0.016/2.9/0+0.11 ms cpu, 213->213->110 MB, 213 MB goal, 0 MB stacks, 0 MB globals, 20 P
gc 5803 @196.075s 0%: 0.022+0.50+0.013 ms clock, 0.44+0/0.83/0+0.26 ms cpu, 219->219->126 MB, 221 MB goal, 0 MB stacks, 0 MB globals, 20 P
gc 5804 @196.098s 0%: 0.019+2.5+0.004 ms clock, 0.38+0/2.8/0+0.082 ms cpu, 250->250->109 MB, 252 MB goal, 0 MB stacks, 0 MB globals, 20 P
gc 5805 @196.122s 0%: 0.026+1.2+0.005 ms clock, 0.53+0/1.7/0+0.10 ms cpu, 220->220->114 MB, 220 MB goal, 0 MB stacks, 0 MB globals, 20 P
gc 5806 @196.140s 0%: 0.028+5.2+0.004 ms clock, 0.57+0/5.8/0.006+0.084 ms cpu, 234->234->122 MB, 234 MB goal, 0 MB stacks, 0 MB globals, 20 P
gc 5807 @196.170s 0%: 0.019+0.48+0.004 ms clock, 0.39+0.16/0.53/0+0.082 ms cpu, 242->242->110 MB, 245 MB goal, 0 MB stacks, 0 MB globals, 20 P
gc 5808 @196.184s 0%: 0.017+2.5+0.003 ms clock, 0.34+0/2.7/0.012+0.065 ms cpu, 222->222->114 MB, 222 MB goal, 0 MB stacks, 0 MB globals, 20 P
gc 5809 @196.210s 0%: 0.029+1.3+0.004 ms clock, 0.58+0/1.6/0+0.094 ms cpu, 237->237->120 MB, 238 MB goal, 0 MB stacks, 0 MB globals, 20 P
gc 5810 @196.238s 0%: 0.023+0.52+0.010 ms clock, 0.46+0/0.97/0.005+0.20 ms cpu, 243->243->137 MB, 243 MB goal, 0 MB stacks, 0 MB globals, 20 P
gc 5811 @196.275s 0%: 0.023+3.8+0.003 ms clock, 0.46+0/4.1/0+0.068 ms cpu, 280->280->122 MB, 280 MB goal, 0 MB stacks, 0 MB globals, 20 P
gc 5812 @196.297s 0%: 0.020+2.5+0.006 ms clock, 0.41+0/2.9/0.013+0.12 ms cpu, 243->243->129 MB, 245 MB goal, 0 MB stacks, 0 MB globals, 20 P
gc 5813 @196.322s 0%: 0.017+0.47+0.006 ms clock, 0.34+0/0.84/0.009+0.13 ms cpu, 256->256->117 MB, 258 MB goal, 0 MB stacks, 0 MB globals, 20 P
gc 5814 @196.337s 0%: 0.021+4.4+0.004 ms clock, 0.42+0/4.9/0.034+0.082 ms cpu, 239->239->123 MB, 240 MB goal, 0 MB stacks, 0 MB globals, 20 P
gc 5815 @196.366s 0%: 0.030+1.1+0.048 ms clock, 0.61+0/1.5/0+0.96 ms cpu, 244->244->114 MB, 247 MB goal, 0 MB stacks, 0 MB globals, 20 P
gc 5816 @196.387s 0%: 0.031+5.4+0.006 ms clock, 0.62+0/5.9/0+0.13 ms cpu, 225->225->116 MB, 228 MB goal, 0 MB stacks, 0 MB globals, 20 P
gc 5817 @196.423s 0%: 0.022+0.46+0.013 ms clock, 0.44+0/0.71/0+0.27 ms cpu, 242->242->134 MB, 242 MB goal, 0 MB stacks, 0 MB globals, 20 P
gc 5818 @196.453s 0%: 0.027+1.0+0.006 ms clock, 0.54+0/1.9/0.080+0.12 ms cpu, 267->267->112 MB, 269 MB goal, 0 MB stacks, 0 MB globals, 20 P
gc 5819 @196.479s 0%: 0.025+2.2+0.004 ms clock, 0.50+0/2.9/0.002+0.094 ms cpu, 227->227->117 MB, 228 MB goal, 0 MB stacks, 0 MB globals, 20 P
gc 5820 @196.507s 0%: 0.024+0.60+0.017 ms clock, 0.48+0/0.84/0+0.34 ms cpu, 239->239->134 MB, 239 MB goal, 0 MB stacks, 0 MB globals, 20 P
gc 5821 @196.544s 0%: 0.019+2.7+0.005 ms clock, 0.38+0/2.9/0+0.10 ms cpu, 266->266->116 MB, 268 MB goal, 0 MB stacks, 0 MB globals, 20 P
gc 5822 @196.563s 0%: 0.018+1.9+0.006 ms clock, 0.37+0/2.5/0.002+0.12 ms cpu, 231->231->122 MB, 232 MB goal, 0 MB stacks, 0 MB globals, 20 P
gc 5823 @196.581s 0%: 0.028+0.49+0.011 ms clock, 0.57+0/0.83/0.006+0.23 ms cpu, 244->244->142 MB, 244 MB goal, 0 MB stacks, 0 MB globals, 20 P
gc 5824 @196.608s 0%: 0.025+4.2+0.004 ms clock, 0.50+0/4.7/0.002+0.090 ms cpu, 285->285->123 MB, 285 MB goal, 0 MB stacks, 0 MB globals, 20 P
gc 5825 @196.630s 0%: 0.021+1.4+0.004 ms clock, 0.42+0/1.6/0+0.098 ms cpu, 244->244->128 MB, 247 MB goal, 0 MB stacks, 0 MB globals, 20 P
gc 5826 @196.651s 0%: 0.019+1.8+0.003 ms clock, 0.39+0/2.1/0+0.071 ms cpu, 258->258->119 MB, 258 MB goal, 0 MB stacks, 0 MB globals, 20 P
gc 5827 @196.681s 0%: 0.032+0.73+0.19 ms clock, 0.65+0.072/0.93/0+3.9 ms cpu, 236->240->113 MB, 240 MB goal, 0 MB stacks, 0 MB globals, 20 P
gc 5828 @196.700s 0%: 0.033+0.83+0.007 ms clock, 0.66+0/1.6/0.028+0.14 ms cpu, 226->226->113 MB, 227 MB goal, 0 MB stacks, 0 MB globals, 20 P
gc 5829 @196.729s 0%: 0.020+0.54+0.087 ms clock, 0.40+0/0.76/0+1.7 ms cpu, 230->230->128 MB, 230 MB goal, 0 MB stacks, 0 MB globals, 20 P
gc 5830 @196.758s 0%: 0.029+1.0+0.006 ms clock, 0.59+0/1.8/0.021+0.12 ms cpu, 260->260->109 MB, 260 MB goal, 0 MB stacks, 0 MB globals, 20 P
gc 5831 @196.780s 0%: 0.032+5.8+0.005 ms clock, 0.65+0/6.6/0.048+0.11 ms cpu, 225->225->114 MB, 225 MB goal, 0 MB stacks, 0 MB globals, 20 P
gc 5832 @196.804s 0%: 0.026+0.54+0.016 ms clock, 0.52+0/1.0/0.018+0.33 ms cpu, 236->236->133 MB, 236 MB goal, 0 MB stacks, 0 MB globals, 20 P
gc 5833 @196.839s 0%: 0.029+4.8+0.005 ms clock, 0.58+0/5.3/0.046+0.10 ms cpu, 265->265->114 MB, 266 MB goal, 0 MB stacks, 0 MB globals, 20 P
gc 5834 @196.858s 0%: 0.018+2.4+0.006 ms clock, 0.37+0/2.6/0+0.12 ms cpu, 230->230->120 MB, 230 MB goal, 0 MB stacks, 0 MB globals, 20 P
gc 5835 @196.882s 0%: 0.020+0.72+0.003 ms clock, 0.40+0/0.95/0+0.073 ms cpu, 240->240->115 MB, 241 MB goal, 0 MB stacks, 0 MB globals, 20 P
gc 5836 @196.912s 0%: 0.026+0.61+0.020 ms clock, 0.53+0/1.3/0+0.41 ms cpu, 232->232->131 MB, 232 MB goal, 0 MB stacks, 0 MB globals, 20 P
gc 5837 @196.941s 0%: 0.019+0.69+0.003 ms clock, 0.39+0/1.4/0.024+0.062 ms cpu, 264->264->113 MB, 264 MB goal, 0 MB stacks, 0 MB globals, 20 P
gc 5838 @196.963s 0%: 0.026+2.3+0.006 ms clock, 0.52+0/3.2/0.098+0.13 ms cpu, 228->228->117 MB, 228 MB goal, 0 MB stacks, 0 MB globals, 20 P
gc 5839 @196.998s 0%: 0.023+0.57+0.021 ms clock, 0.46+0/1.0/0.014+0.43 ms cpu, 240->240->135 MB, 240 MB goal, 0 MB stacks, 0 MB globals, 20 P
gc 5840 @197.028s 0%: 0.023+4.0+0.004 ms clock, 0.47+0/4.5/0.023+0.094 ms cpu, 268->268->115 MB, 270 MB goal, 0 MB stacks, 0 MB globals, 20 P
gc 5841 @197.055s 0%: 0.023+2.6+0.003 ms clock, 0.46+0/3.1/0+0.072 ms cpu, 230->230->121 MB, 230 MB goal, 0 MB stacks, 0 MB globals, 20 P
gc 5842 @197.078s 0%: 0.031+1.3+0.004 ms clock, 0.62+0/1.3/0.038+0.083 ms cpu, 239->242->117 MB, 242 MB goal, 0 MB stacks, 0 MB globals, 20 P
gc 5843 @197.100s 0%: 0.020+3.5+0.005 ms clock, 0.41+0/3.8/0.014+0.11 ms cpu, 239->239->122 MB, 239 MB goal, 0 MB stacks, 0 MB globals, 20 P
gc 5844 @197.122s 0%: 0.018+0.41+0.003 ms clock, 0.37+0/0.75/0+0.078 ms cpu, 242->242->110 MB, 245 MB goal, 0 MB stacks, 0 MB globals, 20 P
gc 5845 @197.140s 0%: 0.020+0.43+0.007 ms clock, 0.40+0/0.74/0+0.15 ms cpu, 238->238->153 MB, 238 MB goal, 0 MB stacks, 0 MB globals, 20 P
gc 5846 @197.174s 0%: 0.019+3.9+0.005 ms clock, 0.39+0/4.2/0+0.10 ms cpu, 308->308->126 MB, 308 MB goal, 0 MB stacks, 0 MB globals, 20 P
gc 5847 @197.200s 0%: 0.027+0.31+0.004 ms clock, 0.54+0.075/0.80/0.046+0.096 ms cpu, 249->250->114 MB, 253 MB goal, 0 MB stacks, 0 MB globals, 20 P
gc 5848 @197.217s 0%: 0.027+0.92+0.005 ms clock, 0.55+0/1.2/0+0.10 ms cpu, 226->226->119 MB, 229 MB goal, 0 MB stacks, 0 MB globals, 20 P
gc 5849 @197.233s 0%: 0.017+3.8+0.002 ms clock, 0.35+0/4.1/0+0.057 ms cpu, 242->242->127 MB, 242 MB goal, 0 MB stacks, 0 MB globals, 20 P
gc 5850 @197.266s 0%: 0.021+0.48+0.014 ms clock, 0.42+0/0.87/0.026+0.28 ms cpu, 262->262->148 MB, 262 MB goal, 0 MB stacks, 0 MB globals, 20 P
gc 5851 @197.288s 0%: 0.023+2.0+0.003 ms clock, 0.47+0/2.3/0.007+0.062 ms cpu, 303->303->125 MB, 303 MB goal, 0 MB stacks, 0 MB globals, 20 P
gc 5852 @197.314s 0%: 0.020+0.79+0.003 ms clock, 0.40+0/1.1/0+0.070 ms cpu, 252->252->118 MB, 252 MB goal, 0 MB stacks, 0 MB globals, 20 P
gc 5853 @197.333s 0%: 0.018+0.55+0.013 ms clock, 0.37+0/0.86/0+0.27 ms cpu, 244->244->136 MB, 244 MB goal, 0 MB stacks, 0 MB globals, 20 P
gc 5854 @197.359s 0%: 0.025+5.8+0.006 ms clock, 0.51+0/6.3/0+0.12 ms cpu, 277->277->115 MB, 277 MB goal, 0 MB stacks, 0 MB globals, 20 P
gc 5855 @197.387s 0%: 0.019+0.45+0.003 ms clock, 0.38+0/0.75/0.011+0.072 ms cpu, 230->230->117 MB, 231 MB goal, 0 MB stacks, 0 MB globals, 20 P
gc 5856 @197.403s 0%: 0.017+0.96+0.003 ms clock, 0.34+0/1.1/0.011+0.073 ms cpu, 238->238->122 MB, 238 MB goal, 0 MB stacks, 0 MB globals, 20 P
gc 5857 @197.424s 0%: 0.025+3.5+0.094 ms clock, 0.50+0/3.9/0.017+1.8 ms cpu, 243->257->142 MB, 245 MB goal, 0 MB stacks, 0 MB globals, 20 P
gc 5858 @197.461s 0%: 0.020+0.78+0.003 ms clock, 0.40+0/1.5/0.13+0.079 ms cpu, 275->275->123 MB, 284 MB goal, 0 MB stacks, 0 MB globals, 20 P
gc 5859 @197.482s 0%: 0.026+0.32+0.004 ms clock, 0.52+0.071/0.70/0+0.091 ms cpu, 234->234->115 MB, 248 MB goal, 0 MB stacks, 0 MB globals, 20 P
gc 5860 @197.497s 0%: 0.020+2.8+0.004 ms clock, 0.41+0/3.5/0.30+0.085 ms cpu, 220->220->119 MB, 231 MB goal, 0 MB stacks, 0 MB globals, 20 P
gc 5861 @197.521s 0%: 0.018+1.1+0.004 ms clock, 0.37+0/1.6/0.087+0.098 ms cpu, 230->230->115 MB, 240 MB goal, 0 MB stacks, 0 MB globals, 20 P
gc 5862 @197.534s 0%: 0.020+1.1+0.005 ms clock, 0.41+0/1.7/0+0.11 ms cpu, 221->221->119 MB, 232 MB goal, 0 MB stacks, 0 MB globals, 20 P
gc 5863 @197.553s 0%: 0.035+4.7+0.006 ms clock, 0.70+0/5.7/0.23+0.13 ms cpu, 227->227->122 MB, 238 MB goal, 0 MB stacks, 0 MB globals, 20 P
gc 5864 @197.587s 0%: 0.017+0.95+0.008 ms clock, 0.34+0/0.71/0+0.16 ms cpu, 232->237->114 MB, 244 MB goal, 0 MB stacks, 0 MB globals, 20 P
gc 5865 @197.615s 0%: 0.033+6.9+0.005 ms clock, 0.66+0/7.4/0+0.11 ms cpu, 226->226->117 MB, 228 MB goal, 0 MB stacks, 0 MB globals, 20 P
gc 5866 @197.644s 0%: 0.021+0.60+0.009 ms clock, 0.43+0.12/1.2/0.087+0.19 ms cpu, 221->223->108 MB, 235 MB goal, 0 MB stacks, 0 MB globals, 20 P
gc 5867 @197.660s 0%: 0.017+1.1+0.006 ms clock, 0.34+0.055/1.3/0.003+0.12 ms cpu, 203->206->109 MB, 216 MB goal, 0 MB stacks, 0 MB globals, 20 P
gc 5868 @197.673s 0%: 0.018+0.57+0.019 ms clock, 0.36+0/1.1/0.001+0.38 ms cpu, 207->207->108 MB, 219 MB goal, 0 MB stacks, 0 MB globals, 20 P
gc 5869 @197.693s 0%: 0.028+0.67+0.007 ms clock, 0.56+0/1.7/0.20+0.15 ms cpu, 205->205->109 MB, 218 MB goal, 0 MB stacks, 0 MB globals, 20 P
gc 5870 @197.708s 0%: 0.020+0.56+0.003 ms clock, 0.41+0/0.79/0+0.076 ms cpu, 207->207->110 MB, 219 MB goal, 0 MB stacks, 0 MB globals, 20 P
gc 5871 @197.721s 0%: 0.016+2.1+0.005 ms clock, 0.32+0/2.5/0.002+0.11 ms cpu, 209->209->113 MB, 221 MB goal, 0 MB stacks, 0 MB globals, 20 P
gc 5872 @197.736s 0%: 0.023+0.98+0.006 ms clock, 0.47+0/1.3/0.001+0.13 ms cpu, 214->214->116 MB, 227 MB goal, 0 MB stacks, 0 MB globals, 20 P
gc 5873 @197.755s 0%: 0.024+5.6+0.006 ms clock, 0.49+0/6.0/0+0.13 ms cpu, 232->232->122 MB, 234 MB goal, 0 MB stacks, 0 MB globals, 20 P
gc 5874 @197.782s 0%: 0.025+0.54+0.009 ms clock, 0.51+0/0.81/0+0.19 ms cpu, 245->245->142 MB, 246 MB goal, 0 MB stacks, 0 MB globals, 20 P
gc 5875 @197.811s 0%: 0.018+2.8+0.003 ms clock, 0.37+0/3.1/0+0.067 ms cpu, 275->275->121 MB, 286 MB goal, 0 MB stacks, 0 MB globals, 20 P
gc 5876 @197.830s 0%: 0.020+0.52+0.009 ms clock, 0.41+0/0.79/0.002+0.18 ms cpu, 231->231->136 MB, 243 MB goal, 0 MB stacks, 0 MB globals, 20 P
gc 5877 @197.859s 0%: 0.022+1.0+0.004 ms clock, 0.44+0/1.5/0+0.080 ms cpu, 262->262->118 MB, 274 MB goal, 0 MB stacks, 0 MB globals, 20 P
gc 5878 @197.885s 0%: 0.023+1.7+0.095 ms clock, 0.46+0/2.0/0.003+1.9 ms cpu, 238->250->135 MB, 238 MB goal, 0 MB stacks, 0 MB globals, 20 P
gc 5879 @197.913s 0%: 0.032+2.0+0.010 ms clock, 0.64+0/2.7/0.064+0.21 ms cpu, 258->258->112 MB, 271 MB goal, 0 MB stacks, 0 MB globals, 20 P
gc 5880 @197.935s 0%: 0.037+2.2+0.011 ms clock, 0.74+0/3.7/0.092+0.22 ms cpu, 217->217->115 MB, 225 MB goal, 0 MB stacks, 0 MB globals, 20 P
gc 5881 @197.966s 0%: 0.023+3.5+0.082 ms clock, 0.46+0/4.1/0.048+1.6 ms cpu, 222->236->130 MB, 230 MB goal, 0 MB stacks, 0 MB globals, 20 P
gc 5882 @198.002s 0%: 0.019+2.0+0.027 ms clock, 0.38+0/2.1/0+0.55 ms cpu, 248->255->115 MB, 261 MB goal, 0 MB stacks, 0 MB globals, 20 P
gc 5883 @198.020s 0%: 0.016+0.91+0.004 ms clock, 0.33+0/1.3/0.001+0.085 ms cpu, 226->226->116 MB, 231 MB goal, 0 MB stacks, 0 MB globals, 20 P
gc 5884 @198.038s 0%: 0.036+4.2+0.015 ms clock, 0.72+0/5.2/0.090+0.31 ms cpu, 221->221->119 MB, 232 MB goal, 0 MB stacks, 0 MB globals, 20 P
gc 5885 @198.061s 0%: 0.033+2.5+0.008 ms clock, 0.66+0/3.4/0+0.17 ms cpu, 228->228->124 MB, 240 MB goal, 0 MB stacks, 0 MB globals, 20 P
gc 5886 @198.106s 0%: 0.030+2.5+0.006 ms clock, 0.60+0.11/1.6/0.023+0.12 ms cpu, 236->239->115 MB, 249 MB goal, 0 MB stacks, 0 MB globals, 20 P
gc 5887 @198.130s 0%: 0.022+0.66+0.46 ms clock, 0.45+0/1.0/0.032+9.3 ms cpu, 219->224->121 MB, 230 MB goal, 0 MB stacks, 0 MB globals, 20 P
gc 5888 @198.146s 0%: 0.017+3.3+0.003 ms clock, 0.35+0/3.7/0+0.077 ms cpu, 239->239->123 MB, 243 MB goal, 0 MB stacks, 0 MB globals, 20 P
gc 5889 @198.166s 0%: 0.019+0.75+0.005 ms clock, 0.38+0.12/1.0/0.003+0.11 ms cpu, 236->239->115 MB, 247 MB goal, 0 MB stacks, 0 MB globals, 20 P
gc 5890 @198.180s 0%: 0.018+0.71+0.005 ms clock, 0.36+0/0.89/0+0.10 ms cpu, 222->222->115 MB, 232 MB goal, 0 MB stacks, 0 MB globals, 20 P
gc 5891 @198.192s 0%: 0.017+2.9+0.006 ms clock, 0.34+0/3.4/0+0.13 ms cpu, 219->219->118 MB, 230 MB goal, 0 MB stacks, 0 MB globals, 20 P
gc 5892 @198.210s 0%: 0.016+0.41+0.005 ms clock, 0.33+0.031/0.74/0+0.11 ms cpu, 223->225->105 MB, 236 MB goal, 0 MB stacks, 0 MB globals, 20 P
gc 5893 @198.225s 0%: 0.017+0.54+0.005 ms clock, 0.35+0.079/0.93/0+0.10 ms cpu, 205->207->108 MB, 211 MB goal, 0 MB stacks, 0 MB globals, 20 P
gc 5894 @198.239s 0%: 0.017+1.9+0.005 ms clock, 0.34+0/2.3/0.10+0.10 ms cpu, 213->213->108 MB, 216 MB goal, 0 MB stacks, 0 MB globals, 20 P
gc 5895 @198.260s 0%: 0.026+1.3+0.011 ms clock, 0.53+0/2.1/0.004+0.22 ms cpu, 215->215->112 MB, 216 MB goal, 0 MB stacks, 0 MB globals, 20 P
gc 5896 @198.278s 0%: 0.019+4.5+0.003 ms clock, 0.38+0/4.9/0+0.065 ms cpu, 228->228->119 MB, 228 MB goal, 0 MB stacks, 0 MB globals, 20 P
gc 5897 @198.303s 0%: 0.019+0.54+0.008 ms clock, 0.39+0/0.79/0.030+0.17 ms cpu, 241->241->137 MB, 241 MB goal, 0 MB stacks, 0 MB globals, 20 P
gc 5898 @198.339s 0%: 0.032+7.0+0.004 ms clock, 0.64+0/8.1/0.10+0.092 ms cpu, 275->275->123 MB, 275 MB goal, 0 MB stacks, 0 MB globals, 20 P
gc 5899 @198.381s 0%: 0.021+0.61+0.003 ms clock, 0.43+0/1.2/0.012+0.070 ms cpu, 242->242->114 MB, 246 MB goal, 0 MB stacks, 0 MB globals, 20 P
gc 5900 @198.413s 0%: 0.030+0.91+0.023 ms clock, 0.60+0/1.5/0+0.46 ms cpu, 229->229->128 MB, 229 MB goal, 0 MB stacks, 0 MB globals, 20 P
gc 5901 @198.444s 0%: 0.022+3.1+0.004 ms clock, 0.45+0/3.5/0+0.097 ms cpu, 252->252->107 MB, 256 MB goal, 0 MB stacks, 0 MB globals, 20 P
gc 5902 @198.471s 0%: 0.029+1.3+0.006 ms clock, 0.59+0/2.2/0.031+0.13 ms cpu, 218->218->111 MB, 218 MB goal, 0 MB stacks, 0 MB globals, 20 P
gc 5903 @198.500s 0%: 0.041+5.7+0.005 ms clock, 0.82+0/6.9/0.10+0.11 ms cpu, 232->232->119 MB, 232 MB goal, 0 MB stacks, 0 MB globals, 20 P
gc 5904 @198.541s 0%: 0.031+1.2+0.009 ms clock, 0.62+0/2.3/0+0.18 ms cpu, 239->239->111 MB, 239 MB goal, 0 MB stacks, 0 MB globals, 20 P
gc 5905 @198.569s 0%: 0.022+0.51+0.13 ms clock, 0.44+0/0.81/0+2.7 ms cpu, 228->228->130 MB, 228 MB goal, 0 MB stacks, 0 MB globals, 20 P
gc 5906 @198.603s 0%: 0.018+2.9+0.003 ms clock, 0.37+0/3.0/0.001+0.079 ms cpu, 262->262->114 MB, 262 MB goal, 0 MB stacks, 0 MB globals, 20 P
gc 5907 @198.622s 0%: 0.017+3.8+0.004 ms clock, 0.35+0/4.2/0+0.092 ms cpu, 229->229->118 MB, 229 MB goal, 0 MB stacks, 0 MB globals, 20 P
gc 5908 @198.642s 0%: 0.048+0.48+0.013 ms clock, 0.96+0/0.82/0+0.26 ms cpu, 241->241->135 MB, 241 MB goal, 0 MB stacks, 0 MB globals, 20 P
gc 5909 @198.664s 0%: 0.017+1.6+0.003 ms clock, 0.35+0/2.0/0+0.062 ms cpu, 268->268->114 MB, 272 MB goal, 0 MB stacks, 0 MB globals, 20 P
gc 5910 @198.686s 0%: 0.019+1.0+0.003 ms clock, 0.39+0/1.3/0+0.079 ms cpu, 229->229->120 MB, 229 MB goal, 0 MB stacks, 0 MB globals, 20 P
gc 5911 @198.707s 0%: 0.028+0.92+0.19 ms clock, 0.57+0/0.90/0+3.9 ms cpu, 243->243->139 MB, 243 MB goal, 0 MB stacks, 0 MB globals, 20 P
gc 5912 @198.737s 0%: 0.018+3.4+0.003 ms clock, 0.37+0/3.5/0+0.062 ms cpu, 281->281->123 MB, 281 MB goal, 0 MB stacks, 0 MB globals, 20 P
gc 5913 @198.759s 0%: 0.021+2.4+0.004 ms clock, 0.43+0/2.7/0.004+0.085 ms cpu, 244->244->129 MB, 247 MB goal, 0 MB stacks, 0 MB globals, 20 P
gc 5914 @198.781s 0%: 0.021+0.60+0.004 ms clock, 0.42+0/1.3/0+0.094 ms cpu, 256->256->117 MB, 258 MB goal, 0 MB stacks, 0 MB globals, 20 P
gc 5915 @198.796s 0%: 0.017+1.2+0.004 ms clock, 0.35+0/1.6/0.074+0.090 ms cpu, 235->235->124 MB, 235 MB goal, 0 MB stacks, 0 MB globals, 20 P
gc 5916 @198.824s 0%: 0.021+2.8+0.005 ms clock, 0.42+0/3.3/0.009+0.11 ms cpu, 243->243->114 MB, 249 MB goal, 0 MB stacks, 0 MB globals, 20 P
gc 5917 @198.858s 0%: 0.028+2.8+0.014 ms clock, 0.56+0/3.5/0.017+0.29 ms cpu, 236->236->119 MB, 236 MB goal, 0 MB stacks, 0 MB globals, 20 P
gc 5918 @198.890s 0%: 0.020+0.69+0.004 ms clock, 0.41+0/1.0/0+0.088 ms cpu, 236->239->109 MB, 239 MB goal, 0 MB stacks, 0 MB globals, 20 P
gc 5919 @198.903s 0%: 0.017+2.6+0.005 ms clock, 0.35+0/3.3/0.008+0.10 ms cpu, 217->217->111 MB, 219 MB goal, 0 MB stacks, 0 MB globals, 20 P
gc 5920 @198.919s 0%: 0.018+5.9+0.007 ms clock, 0.36+0/6.2/0+0.14 ms cpu, 232->232->116 MB, 232 MB goal, 0 MB stacks, 0 MB globals, 20 P
gc 5921 @198.944s 0%: 0.017+0.45+0.006 ms clock, 0.35+0.14/0.84/0.003+0.13 ms cpu, 228->229->106 MB, 233 MB goal, 0 MB stacks, 0 MB globals, 20 P
gc 5922 @198.962s 0%: 0.036+4.8+0.006 ms clock, 0.73+0/5.4/0+0.13 ms cpu, 213->213->110 MB, 213 MB goal, 0 MB stacks, 0 MB globals, 20 P
gc 5923 @198.989s 0%: 0.025+3.4+0.005 ms clock, 0.50+0/4.0/0.26+0.10 ms cpu, 225->225->116 MB, 225 MB goal, 0 MB stacks, 0 MB globals, 20 P
gc 5924 @199.011s 0%: 0.019+0.42+0.007 ms clock, 0.39+0/0.86/0+0.15 ms cpu, 238->238->134 MB, 238 MB goal, 0 MB stacks, 0 MB globals, 20 P
gc 5925 @199.034s 0%: 0.017+2.8+0.007 ms clock, 0.35+0/3.2/0.11+0.14 ms cpu, 267->267->116 MB, 270 MB goal, 0 MB stacks, 0 MB globals, 20 P
gc 5926 @199.050s 0%: 0.016+1.1+0.004 ms clock, 0.33+0/1.4/0.004+0.080 ms cpu, 231->231->120 MB, 233 MB goal, 0 MB stacks, 0 MB globals, 20 P
gc 5927 @199.076s 0%: 0.036+0.67+0.007 ms clock, 0.73+0/1.6/0.096+0.15 ms cpu, 239->239->110 MB, 242 MB goal, 0 MB stacks, 0 MB globals, 20 P
gc 5928 @199.103s 0%: 0.018+1.5+0.003 ms clock, 0.37+0/2.0/0.005+0.069 ms cpu, 223->223->119 MB, 223 MB goal, 0 MB stacks, 0 MB globals, 20 P
gc 5929 @199.127s 0%: 0.024+0.64+0.004 ms clock, 0.48+0/1.2/0+0.099 ms cpu, 237->237->108 MB, 239 MB goal, 0 MB stacks, 0 MB globals, 20 P
gc 5930 @199.149s 0%: 0.030+5.0+0.005 ms clock, 0.61+0/6.3/0.33+0.11 ms cpu, 219->219->111 MB, 219 MB goal, 0 MB stacks, 0 MB globals, 20 P
gc 5931 @199.177s 0%: 0.018+3.1+0.004 ms clock, 0.37+0/3.8/0+0.086 ms cpu, 226->226->115 MB, 226 MB goal, 0 MB stacks, 0 MB globals, 20 P
gc 5932 @199.201s 0%: 0.019+0.65+0.008 ms clock, 0.38+0.081/0.83/0+0.16 ms cpu, 229->231->107 MB, 231 MB goal, 0 MB stacks, 0 MB globals, 20 P
gc 5933 @199.223s 0%: 0.044+0.69+0.017 ms clock, 0.89+0/1.3/0.015+0.35 ms cpu, 213->213->110 MB, 214 MB goal, 0 MB stacks, 0 MB globals, 20 P
gc 5934 @199.238s 0%: 0.019+4.6+0.003 ms clock, 0.38+0/5.0/0+0.072 ms cpu, 222->222->117 MB, 222 MB goal, 0 MB stacks, 0 MB globals, 20 P
gc 5935 @199.260s 0%: 0.018+0.64+0.005 ms clock, 0.37+0/0.89/0.004+0.11 ms cpu, 234->234->109 MB, 235 MB goal, 0 MB stacks, 0 MB globals, 20 P
gc 5936 @199.280s 0%: 0.020+2.1+0.004 ms clock, 0.41+0/2.5/0.005+0.098 ms cpu, 219->219->112 MB, 219 MB goal, 0 MB stacks, 0 MB globals, 20 P
gc 5937 @199.304s 0%: 0.039+9.6+0.007 ms clock, 0.78+0/10/0.17+0.14 ms cpu, 232->232->117 MB, 233 MB goal, 0 MB stacks, 0 MB globals, 20 P
gc 5938 @199.346s 0%: 0.017+0.55+0.005 ms clock, 0.34+0.10/0.50/0.10+0.11 ms cpu, 232->234->107 MB, 235 MB goal, 0 MB stacks, 0 MB globals, 20 P
gc 5939 @199.366s 0%: 0.019+2.3+0.003 ms clock, 0.39+0/2.5/0+0.072 ms cpu, 214->214->109 MB, 215 MB goal, 0 MB stacks, 0 MB globals, 20 P
gc 5940 @199.382s 0%: 0.018+0.72+0.003 ms clock, 0.36+0/1.4/0.11+0.076 ms cpu, 216->216->114 MB, 220 MB goal, 0 MB stacks, 0 MB globals, 20 P
gc 5941 @199.402s 0%: 0.022+1.4+0.006 ms clock, 0.44+0/1.9/0.33+0.13 ms cpu, 229->229->122 MB, 229 MB goal, 0 MB stacks, 0 MB globals, 20 P
gc 5942 @199.422s 0%: 0.017+1.4+0.005 ms clock, 0.35+0/1.8/0.001+0.11 ms cpu, 243->243->115 MB, 244 MB goal, 0 MB stacks, 0 MB globals, 20 P
gc 5943 @199.436s 0%: 0.022+6.0+0.004 ms clock, 0.44+0/6.6/0.12+0.088 ms cpu, 235->235->121 MB, 235 MB goal, 0 MB stacks, 0 MB globals, 20 P
gc 5944 @199.464s 0%: 0.022+0.51+0.013 ms clock, 0.44+0/0.81/0.043+0.26 ms cpu, 243->243->138 MB, 243 MB goal, 0 MB stacks, 0 MB globals, 20 P
gc 5945 @199.485s 0%: 0.020+3.7+0.003 ms clock, 0.41+0/3.8/0+0.079 ms cpu, 280->280->118 MB, 280 MB goal, 0 MB stacks, 0 MB globals, 20 P
gc 5946 @199.502s 0%: 0.019+1.3+0.004 ms clock, 0.38+0/1.9/0.003+0.083 ms cpu, 239->239->123 MB, 239 MB goal, 0 MB stacks, 0 MB globals, 20 P
gc 5947 @199.535s 0%: 0.029+0.81+0.005 ms clock, 0.58+0/1.5/0+0.11 ms cpu, 246->246->111 MB, 248 MB goal, 0 MB stacks, 0 MB globals, 20 P
gc 5948 @199.560s 0%: 0.021+0.60+0.003 ms clock, 0.42+0/1.2/0+0.079 ms cpu, 219->219->116 MB, 222 MB goal, 0 MB stacks, 0 MB globals, 20 P
gc 5949 @199.585s 0%: 0.031+0.60+0.017 ms clock, 0.62+0/1.4/0+0.34 ms cpu, 234->234->136 MB, 234 MB goal, 0 MB stacks, 0 MB globals, 20 P
gc 5950 @199.620s 0%: 0.025+5.5+0.007 ms clock, 0.51+0/6.0/0+0.14 ms cpu, 274->274->121 MB, 274 MB goal, 0 MB stacks, 0 MB globals, 20 P
gc 5951 @199.658s 0%: 0.018+0.86+0.003 ms clock, 0.36+0/1.1/0.008+0.066 ms cpu, 241->241->108 MB, 242 MB goal, 0 MB stacks, 0 MB globals, 20 P
gc 5952 @199.678s 0%: 0.023+1.5+0.004 ms clock, 0.47+0/2.1/0+0.086 ms cpu, 216->216->112 MB, 218 MB goal, 0 MB stacks, 0 MB globals, 20 P
gc 5953 @199.694s 0%: 0.020+6.9+0.005 ms clock, 0.41+0/7.4/0+0.11 ms cpu, 233->233->118 MB, 233 MB goal, 0 MB stacks, 0 MB globals, 20 P
gc 5954 @199.721s 0%: 0.017+0.59+0.004 ms clock, 0.35+0.22/0.59/0.027+0.083 ms cpu, 233->235->107 MB, 236 MB goal, 0 MB stacks, 0 MB globals, 20 P
gc 5955 @199.736s 0%: 0.021+0.73+0.016 ms clock, 0.43+0/1.4/0+0.33 ms cpu, 215->215->110 MB, 215 MB goal, 0 MB stacks, 0 MB globals, 20 P
gc 5956 @199.754s 0%: 0.023+3.8+0.004 ms clock, 0.46+0/4.4/0.068+0.081 ms cpu, 217->217->115 MB, 221 MB goal, 0 MB stacks, 0 MB globals, 20 P
gc 5957 @199.772s 0%: 0.022+3.0+0.003 ms clock, 0.45+0/3.6/0+0.075 ms cpu, 230->230->120 MB, 231 MB goal, 0 MB stacks, 0 MB globals, 20 P
gc 5958 @199.793s 0%: 0.021+0.35+0.008 ms clock, 0.42+0/0.86/0+0.16 ms cpu, 242->242->138 MB, 242 MB goal, 0 MB stacks, 0 MB globals, 20 P
gc 5959 @199.821s 0%: 0.032+8.0+0.005 ms clock, 0.64+0/9.0/0.57+0.11 ms cpu, 276->276->123 MB, 278 MB goal, 0 MB stacks, 0 MB globals, 20 P
gc 5960 @199.865s 0%: 0.022+0.75+0.004 ms clock, 0.44+0/1.1/0+0.093 ms cpu, 245->245->110 MB, 246 MB goal, 0 MB stacks, 0 MB globals, 20 P
gc 5961 @199.884s 0%: 0.023+7.4+0.007 ms clock, 0.47+0/8.1/0.061+0.14 ms cpu, 227->227->116 MB, 227 MB goal, 0 MB stacks, 0 MB globals, 20 P
gc 5962 @199.930s 0%: 0.033+0.75+0.023 ms clock, 0.67+0.035/1.5/0+0.46 ms cpu, 232->232->103 MB, 234 MB goal, 0 MB stacks, 0 MB globals, 20 P
gc 5963 @199.959s 0%: 0.031+1.1+0.008 ms clock, 0.63+0/2.1/0+0.16 ms cpu, 207->207->104 MB, 207 MB goal, 0 MB stacks, 0 MB globals, 20 P
gc 5964 @199.980s 0%: 0.019+0.81+0.003 ms clock, 0.39+0/1.2/0+0.075 ms cpu, 211->211->108 MB, 211 MB goal, 0 MB stacks, 0 MB globals, 20 P
gc 5965 @200.010s 0%: 0.021+4.8+0.006 ms clock, 0.42+0/5.1/0+0.13 ms cpu, 224->224->115 MB, 224 MB goal, 0 MB stacks, 0 MB globals, 20 P
gc 5966 @200.035s 0%: 0.021+0.37+0.014 ms clock, 0.43+0/0.89/0.090+0.28 ms cpu, 237->237->133 MB, 237 MB goal, 0 MB stacks, 0 MB globals, 20 P
gc 5967 @200.057s 0%: 0.020+1.4+0.006 ms clock, 0.40+0/1.8/0.011+0.12 ms cpu, 266->266->116 MB, 267 MB goal, 0 MB stacks, 0 MB globals, 20 P
gc 5968 @200.076s 0%: 0.033+1.3+0.005 ms clock, 0.66+0/2.3/0.38+0.10 ms cpu, 232->232->124 MB, 234 MB goal, 0 MB stacks, 0 MB globals, 20 P
gc 5969 @200.100s 0%: 0.017+0.70+0.004 ms clock, 0.35+0/1.3/0.009+0.080 ms cpu, 251->251->118 MB, 252 MB goal, 0 MB stacks, 0 MB globals, 20 P
gc 5970 @200.118s 0%: 0.020+0.47+0.023 ms clock, 0.40+0/0.94/0.001+0.47 ms cpu, 244->244->133 MB, 244 MB goal, 0 MB stacks, 0 MB globals, 20 P
gc 5971 @200.139s 0%: 0.020+4.6+0.004 ms clock, 0.40+0/5.0/0.026+0.089 ms cpu, 270->270->116 MB, 270 MB goal, 0 MB stacks, 0 MB globals, 20 P
gc 5972 @200.164s 0%: 0.019+0.61+0.003 ms clock, 0.38+0/1.3/0.098+0.072 ms cpu, 235->235->105 MB, 235 MB goal, 0 MB stacks, 0 MB globals, 20 P
gc 5973 @200.180s 0%: 0.017+1.5+0.003 ms clock, 0.35+0/2.0/0.028+0.072 ms cpu, 210->210->108 MB, 211 MB goal, 0 MB stacks, 0 MB globals, 20 P
gc 5974 @200.194s 0%: 0.018+5.9+0.004 ms clock, 0.36+0/6.4/0+0.090 ms cpu, 216->216->112 MB, 217 MB goal, 0 MB stacks, 0 MB globals, 20 P
gc 5975 @200.217s 0%: 0.028+0.43+0.004 ms clock, 0.56+0/0.91/0.010+0.098 ms cpu, 221->222->100 MB, 225 MB goal, 0 MB stacks, 0 MB globals, 20 P
gc 5976 @200.232s 0%: 0.096+1.8+0.007 ms clock, 1.9+0/1.4/0.14+0.14 ms cpu, 199->202->107 MB, 201 MB goal, 0 MB stacks, 0 MB globals, 20 P
gc 5977 @200.248s 0%: 0.020+0.61+0.003 ms clock, 0.40+0/1.5/0.13+0.066 ms cpu, 212->212->109 MB, 214 MB goal, 0 MB stacks, 0 MB globals, 20 P
gc 5978 @200.264s 0%: 0.018+0.80+0.003 ms clock, 0.36+0/0.99/0+0.073 ms cpu, 216->216->115 MB, 218 MB goal, 0 MB stacks, 0 MB globals, 20 P
gc 5979 @200.279s 0%: 0.018+2.9+0.005 ms clock, 0.36+0/3.1/0.005+0.10 ms cpu, 230->230->121 MB, 230 MB goal, 0 MB stacks, 0 MB globals, 20 P
gc 5980 @200.304s 0%: 0.031+0.40+0.008 ms clock, 0.62+0/1.0/0+0.17 ms cpu, 243->243->141 MB, 243 MB goal, 0 MB stacks, 0 MB globals, 20 P
gc 5981 @200.331s 0%: 0.022+3.7+0.004 ms clock, 0.44+0/4.3/0.055+0.083 ms cpu, 284->284->123 MB, 284 MB goal, 0 MB stacks, 0 MB globals, 20 P
gc 5982 @200.354s 0%: 0.019+1.8+0.003 ms clock, 0.39+0/2.5/0+0.068 ms cpu, 244->244->129 MB, 247 MB goal, 0 MB stacks, 0 MB globals, 20 P
gc 5983 @200.382s 0%: 0.031+0.97+0.006 ms clock, 0.62+0/1.3/0+0.12 ms cpu, 256->256->117 MB, 258 MB goal, 0 MB stacks, 0 MB globals, 20 P
gc 5984 @200.399s 0%: 0.018+3.3+0.006 ms clock, 0.37+0/3.9/0+0.13 ms cpu, 235->235->124 MB, 235 MB goal, 0 MB stacks, 0 MB globals, 20 P
gc 5985 @200.422s 0%: 0.017+0.57+0.007 ms clock, 0.34+0/0.87/0+0.15 ms cpu, 248->248->112 MB, 249 MB goal, 0 MB stacks, 0 MB globals, 20 P
gc 5986 @200.436s 0%: 0.019+0.73+0.003 ms clock, 0.38+0/1.2/0.17+0.062 ms cpu, 223->223->115 MB, 224 MB goal, 0 MB stacks, 0 MB globals, 20 P
gc 5987 @200.451s 0%: 0.020+1.6+0.006 ms clock, 0.40+0/2.1/0.001+0.13 ms cpu, 230->230->120 MB, 231 MB goal, 0 MB stacks, 0 MB globals, 20 P
gc 5988 @200.475s 0%: 0.019+0.47+0.011 ms clock, 0.38+0/0.84/0+0.23 ms cpu, 242->242->137 MB, 242 MB goal, 0 MB stacks, 0 MB globals, 20 P
gc 5989 @200.502s 0%: 0.020+3.6+0.003 ms clock, 0.41+0/3.9/0+0.072 ms cpu, 279->279->117 MB, 279 MB goal, 0 MB stacks, 0 MB globals, 20 P
gc 5990 @200.523s 0%: 0.020+2.9+0.004 ms clock, 0.41+0/3.7/0.053+0.084 ms cpu, 238->238->124 MB, 238 MB goal, 0 MB stacks, 0 MB globals, 20 P
gc 5991 @200.545s 0%: 0.064+1.5+0.003 ms clock, 1.2+0/2.2/0.18+0.071 ms cpu, 253->253->118 MB, 253 MB goal, 0 MB stacks, 0 MB globals, 20 P
gc 5992 @200.565s 0%: 0.020+0.50+0.016 ms clock, 0.40+0.12/0.69/0+0.32 ms cpu, 234->235->110 MB, 237 MB goal, 0 MB stacks, 0 MB globals, 20 P
gc 5993 @200.583s 0%: 0.031+3.9+0.006 ms clock, 0.62+0/4.5/0+0.12 ms cpu, 218->218->114 MB, 221 MB goal, 0 MB stacks, 0 MB globals, 20 P
gc 5994 @200.600s 0%: 0.022+2.5+0.015 ms clock, 0.44+0/3.1/0.27+0.30 ms cpu, 226->226->119 MB, 229 MB goal, 0 MB stacks, 0 MB globals, 20 P
gc 5995 @200.623s 0%: 0.018+0.30+0.003 ms clock, 0.36+0/0.86/0.10+0.062 ms cpu, 235->235->104 MB, 238 MB goal, 0 MB stacks, 0 MB globals, 20 P
gc 5996 @200.637s 0%: 0.017+1.8+0.003 ms clock, 0.35+0.008/1.9/0.003+0.071 ms cpu, 207->207->106 MB, 209 MB goal, 0 MB stacks, 0 MB globals, 20 P
gc 5997 @200.662s 0%: 0.019+1.8+0.003 ms clock, 0.38+0/2.4/0.12+0.068 ms cpu, 210->210->110 MB, 214 MB goal, 0 MB stacks, 0 MB globals, 20 P
gc 5998 @200.678s 0%: 0.020+3.0+0.003 ms clock, 0.40+0/3.6/0.19+0.079 ms cpu, 221->221->116 MB, 222 MB goal, 0 MB stacks, 0 MB globals, 20 P
gc 5999 @200.694s 0%: 0.020+5.8+0.004 ms clock, 0.40+0/6.4/0.14+0.085 ms cpu, 236->236->123 MB, 237 MB goal, 0 MB stacks, 0 MB globals, 20 P
gc 6000 @200.720s 0%: 0.017+0.49+0.005 ms clock, 0.34+0/0.80/0+0.11 ms cpu, 246->246->116 MB, 247 MB goal, 0 MB stacks, 0 MB globals, 20 P
gc 6001 @200.736s 0%: 0.020+5.8+0.006 ms clock, 0.41+0/6.5/0.028+0.12 ms cpu, 237->237->124 MB, 237 MB goal, 0 MB stacks, 0 MB globals, 20 P
gc 6002 @200.769s 0%: 0.020+2.2+0.006 ms clock, 0.40+0/0.95/2.3+0.12 ms cpu, 251->251->116 MB, 251 MB goal, 0 MB stacks, 0 MB globals, 20 P
gc 6003 @200.790s 0%: 0.032+2.0+0.005 ms clock, 0.64+0/2.7/0.40+0.11 ms cpu, 230->230->119 MB, 233 MB goal, 0 MB stacks, 0 MB globals, 20 P
gc 6004 @200.810s 0%: 0.032+1.4+0.006 ms clock, 0.65+0/2.0/0.10+0.12 ms cpu, 236->236->107 MB, 239 MB goal, 0 MB stacks, 0 MB globals, 20 P
gc 6005 @200.827s 0%: 0.019+1.0+0.014 ms clock, 0.38+0/1.6/0+0.28 ms cpu, 218->218->111 MB, 218 MB goal, 0 MB stacks, 0 MB globals, 20 P
gc 6006 @200.844s 0%: 0.020+5.8+0.006 ms clock, 0.41+0/6.1/0.045+0.12 ms cpu, 231->231->115 MB, 231 MB goal, 0 MB stacks, 0 MB globals, 20 P
gc 6007 @200.870s 0%: 0.018+0.56+0.004 ms clock, 0.37+0.095/0.78/0+0.081 ms cpu, 229->230->106 MB, 231 MB goal, 0 MB stacks, 0 MB globals, 20 P
gc 6008 @200.890s 0%: 0.016+0.49+0.003 ms clock, 0.33+0.078/0.81/0.016+0.075 ms cpu, 211->211->109 MB, 212 MB goal, 0 MB stacks, 0 MB globals, 20 P
gc 6009 @200.912s 0%: 0.019+7.3+0.062 ms clock, 0.39+0/7.8/0.063+1.2 ms cpu, 226->226->119 MB, 226 MB goal, 0 MB stacks, 0 MB globals, 20 P
gc 6010 @200.943s 0%: 0.019+0.32+0.006 ms clock, 0.38+0/1.0/0.12+0.12 ms cpu, 235->235->107 MB, 238 MB goal, 0 MB stacks, 0 MB globals, 20 P
gc 6011 @200.959s 0%: 0.019+0.53+0.004 ms clock, 0.38+0/0.99/0+0.081 ms cpu, 212->212->113 MB, 215 MB goal, 0 MB stacks, 0 MB globals, 20 P
gc 6012 @200.977s 0%: 0.018+0.85+0.004 ms clock, 0.37+0/1.3/0.025+0.082 ms cpu, 230->230->118 MB, 230 MB goal, 0 MB stacks, 0 MB globals, 20 P
gc 6013 @200.999s 0%: 0.020+5.0+0.007 ms clock, 0.41+0/5.4/0.001+0.14 ms cpu, 239->239->123 MB, 239 MB goal, 0 MB stacks, 0 MB globals, 20 P
gc 6014 @201.024s 0%: 0.020+0.72+0.006 ms clock, 0.41+0/1.1/0+0.12 ms cpu, 245->245->118 MB, 248 MB goal, 0 MB stacks, 0 MB globals, 20 P
gc 6015 @201.043s 0%: 0.021+0.39+0.018 ms clock, 0.43+0/0.94/0+0.36 ms cpu, 234->234->133 MB, 236 MB goal, 0 MB stacks, 0 MB globals, 20 P
gc 6016 @201.066s 0%: 0.021+4.6+0.004 ms clock, 0.42+0/5.0/0+0.081 ms cpu, 269->269->116 MB, 270 MB goal, 0 MB stacks, 0 MB globals, 20 P
gc 6017 @201.092s 0%: 0.023+0.43+0.008 ms clock, 0.47+0/1.0/0.017+0.17 ms cpu, 238->238->133 MB, 238 MB goal, 0 MB stacks, 0 MB globals, 20 P
gc 6018 @201.112s 0%: 0.019+0.79+0.004 ms clock, 0.38+0/1.5/0+0.080 ms cpu, 264->264->110 MB, 267 MB goal, 0 MB stacks, 0 MB globals, 20 P
gc 6019 @201.132s 0%: 0.021+1.1+0.003 ms clock, 0.42+0/1.8/0.15+0.073 ms cpu, 224->224->115 MB, 224 MB goal, 0 MB stacks, 0 MB globals, 20 P
gc 6020 @201.152s 0%: 0.018+0.89+0.005 ms clock, 0.37+0.087/0.88/0.025+0.10 ms cpu, 228->231->108 MB, 231 MB goal, 0 MB stacks, 0 MB globals, 20 P
gc 6021 @201.173s 0%: 0.034+1.6+0.006 ms clock, 0.68+0/2.3/0+0.13 ms cpu, 220->220->110 MB, 220 MB goal, 0 MB stacks, 0 MB globals, 20 P
gc 6022 @201.203s 0%: 0.036+3.3+0.007 ms clock, 0.73+0/4.5/0.070+0.14 ms cpu, 221->221->114 MB, 221 MB goal, 0 MB stacks, 0 MB globals, 20 P
gc 6023 @201.226s 0%: 0.019+5.9+0.003 ms clock, 0.38+0/6.4/0+0.077 ms cpu, 235->235->119 MB, 235 MB goal, 0 MB stacks, 0 MB globals, 20 P
gc 6024 @201.251s 0%: 0.017+0.57+0.005 ms clock, 0.34+0/0.96/0+0.11 ms cpu, 236->239->113 MB, 239 MB goal, 0 MB stacks, 0 MB globals, 20 P
gc 6025 @201.269s 0%: 0.017+0.81+0.006 ms clock, 0.35+0/1.3/0.21+0.12 ms cpu, 224->224->116 MB, 226 MB goal, 0 MB stacks, 0 MB globals, 20 P
gc 6026 @201.289s 0%: 0.023+1.9+0.004 ms clock, 0.46+0/2.6/0.23+0.086 ms cpu, 239->239->125 MB, 239 MB goal, 0 MB stacks, 0 MB globals, 20 P
gc 6027 @201.313s 0%: 0.020+0.50+0.012 ms clock, 0.40+0/0.88/0.32+0.25 ms cpu, 247->247->143 MB, 251 MB goal, 0 MB stacks, 0 MB globals, 20 P
gc 6028 @201.343s 0%: 0.041+0.39+0.009 ms clock, 0.82+0/0.85/0.12+0.18 ms cpu, 293->293->136 MB, 293 MB goal, 0 MB stacks, 0 MB globals, 20 P
gc 6029 @201.372s 0%: 0.042+1.9+0.006 ms clock, 0.84+0/2.3/0.31+0.12 ms cpu, 277->277->118 MB, 277 MB goal, 0 MB stacks, 0 MB globals, 20 P
gc 6030 @201.388s 0%: 0.038+0.36+0.016 ms clock, 0.76+0/0.97/0+0.32 ms cpu, 234->234->134 MB, 238 MB goal, 0 MB stacks, 0 MB globals, 20 P
gc 6031 @201.409s 0%: 0.029+1.2+0.003 ms clock, 0.58+0/1.8/0.020+0.069 ms cpu, 266->266->112 MB, 269 MB goal, 0 MB stacks, 0 MB globals, 20 P
gc 6032 @201.439s 0%: 0.025+3.5+0.011 ms clock, 0.50+0/4.5/0.37+0.23 ms cpu, 227->227->117 MB, 227 MB goal, 0 MB stacks, 0 MB globals, 20 P
gc 6033 @201.462s 0%: 0.029+0.50+0.013 ms clock, 0.58+0/1.0/0.033+0.27 ms cpu, 239->239->133 MB, 239 MB goal, 0 MB stacks, 0 MB globals, 20 P
gc 6034 @201.485s 0%: 0.020+3.1+0.005 ms clock, 0.41+0/3.6/0.065+0.10 ms cpu, 266->266->115 MB, 268 MB goal, 0 MB stacks, 0 MB globals, 20 P
gc 6035 @201.502s 0%: 0.018+1.1+0.003 ms clock, 0.36+0/1.4/0+0.070 ms cpu, 230->230->121 MB, 231 MB goal, 0 MB stacks, 0 MB globals, 20 P
gc 6036 @201.530s 0%: 0.033+0.88+0.006 ms clock, 0.66+0/1.4/0.002+0.12 ms cpu, 239->239->113 MB, 243 MB goal, 0 MB stacks, 0 MB globals, 20 P
gc 6037 @201.552s 0%: 0.049+6.0+0.008 ms clock, 0.99+0/7.1/0.090+0.16 ms cpu, 224->224->118 MB, 227 MB goal, 0 MB stacks, 0 MB globals, 20 P
gc 6038 @201.575s 0%: 0.021+5.8+0.004 ms clock, 0.43+0/6.3/0+0.086 ms cpu, 238->238->123 MB, 238 MB goal, 0 MB stacks, 0 MB globals, 20 P
gc 6039 @201.604s 0%: 0.032+0.81+0.006 ms clock, 0.64+0/1.2/0.005+0.13 ms cpu, 246->246->111 MB, 247 MB goal, 0 MB stacks, 0 MB globals, 20 P
gc 6040 @201.622s 0%: 0.020+1.6+0.003 ms clock, 0.41+0/1.9/0+0.072 ms cpu, 219->219->114 MB, 222 MB goal, 0 MB stacks, 0 MB globals, 20 P
gc 6041 @201.640s 0%: 0.028+1.0+0.004 ms clock, 0.56+0/1.5/0.016+0.093 ms cpu, 224->224->117 MB, 228 MB goal, 0 MB stacks, 0 MB globals, 20 P
gc 6042 @201.668s 0%: 0.021+0.59+0.013 ms clock, 0.42+0/0.81/0+0.27 ms cpu, 235->235->132 MB, 236 MB goal, 0 MB stacks, 0 MB globals, 20 P
gc 6043 @201.694s 0%: 0.029+7.7+0.005 ms clock, 0.58+0/8.6/0.056+0.10 ms cpu, 269->269->120 MB, 269 MB goal, 0 MB stacks, 0 MB globals, 20 P
gc 6044 @201.724s 0%: 0.020+0.45+0.005 ms clock, 0.40+0/0.70/0+0.11 ms cpu, 242->242->137 MB, 242 MB goal, 0 MB stacks, 0 MB globals, 20 P
gc 6045 @201.751s 0%: 0.027+1.1+0.005 ms clock, 0.54+0/2.0/0+0.10 ms cpu, 280->280->118 MB, 280 MB goal, 0 MB stacks, 0 MB globals, 20 P
gc 6046 @201.774s 0%: 0.021+2.6+0.004 ms clock, 0.42+0.020/3.0/0.020+0.084 ms cpu, 238->238->123 MB, 239 MB goal, 0 MB stacks, 0 MB globals, 20 P
gc 6047 @201.797s 0%: 0.026+0.43+0.008 ms clock, 0.52+0/0.74/0+0.16 ms cpu, 246->246->111 MB, 247 MB goal, 0 MB stacks, 0 MB globals, 20 P
gc 6048 @201.812s 0%: 0.016+0.92+0.003 ms clock, 0.33+0/1.3/0.12+0.072 ms cpu, 219->219->116 MB, 222 MB goal, 0 MB stacks, 0 MB globals, 20 P
gc 6049 @201.832s 0%: 0.040+2.5+0.005 ms clock, 0.81+0/3.1/0+0.10 ms cpu, 239->239->125 MB, 239 MB goal, 0 MB stacks, 0 MB globals, 20 P
gc 6050 @201.869s 0%: 0.017+0.43+0.003 ms clock, 0.35+0/0.87/0.017+0.077 ms cpu, 246->246->115 MB, 250 MB goal, 0 MB stacks, 0 MB globals, 20 P
gc 6051 @201.892s 0%: 0.022+0.85+0.095 ms clock, 0.44+0/1.4/0.061+1.9 ms cpu, 230->230->118 MB, 230 MB goal, 0 MB stacks, 0 MB globals, 20 P
gc 6052 @201.910s 0%: 0.020+0.44+0.012 ms clock, 0.40+0/1.0/0+0.24 ms cpu, 244->244->137 MB, 244 MB goal, 0 MB stacks, 0 MB globals, 20 P
gc 6053 @201.934s 0%: 0.018+3.8+0.003 ms clock, 0.36+0/4.3/0.009+0.072 ms cpu, 280->280->117 MB, 280 MB goal, 0 MB stacks, 0 MB globals, 20 P
gc 6054 @201.961s 0%: 0.027+0.54+0.016 ms clock, 0.54+0/1.0/0.020+0.33 ms cpu, 233->233->134 MB, 235 MB goal, 0 MB stacks, 0 MB globals, 20 P
gc 6055 @201.989s 0%: 0.022+1.1+0.003 ms clock, 0.45+0/1.7/0.015+0.075 ms cpu, 270->270->115 MB, 270 MB goal, 0 MB stacks, 0 MB globals, 20 P
gc 6056 @202.014s 0%: 0.018+0.48+0.003 ms clock, 0.37+0.14/0.58/0.004+0.075 ms cpu, 228->228->105 MB, 230 MB goal, 0 MB stacks, 0 MB globals, 20 P
gc 6057 @202.032s 0%: 0.015+1.7+0.002 ms clock, 0.30+0/2.1/0+0.059 ms cpu, 207->207->107 MB, 210 MB goal, 0 MB stacks, 0 MB globals, 20 P
gc 6058 @202.050s 0%: 0.019+2.5+0.004 ms clock, 0.38+0/3.1/0+0.096 ms cpu, 211->211->109 MB, 214 MB goal, 0 MB stacks, 0 MB globals, 20 P
gc 6059 @202.065s 0%: 0.018+3.2+0.005 ms clock, 0.37+0/3.6/0.28+0.11 ms cpu, 220->220->116 MB, 220 MB goal, 0 MB stacks, 0 MB globals, 20 P
gc 6060 @202.086s 0%: 0.022+5.0+0.005 ms clock, 0.44+0/5.2/0+0.11 ms cpu, 237->237->125 MB, 237 MB goal, 0 MB stacks, 0 MB globals, 20 P
gc 6061 @202.115s 0%: 0.025+1.7+0.007 ms clock, 0.50+0.007/2.3/0.12+0.14 ms cpu, 248->248->113 MB, 250 MB goal, 0 MB stacks, 0 MB globals, 20 P
gc 6062 @202.134s 0%: 0.018+3.3+0.004 ms clock, 0.37+0/3.7/0+0.098 ms cpu, 229->229->121 MB, 229 MB goal, 0 MB stacks, 0 MB globals, 20 P
gc 6063 @202.159s 0%: 0.026+0.61+0.016 ms clock, 0.52+0/1.3/0+0.32 ms cpu, 249->249->138 MB, 249 MB goal, 0 MB stacks, 0 MB globals, 20 P
gc 6064 @202.193s 0%: 0.032+7.0+0.006 ms clock, 0.64+0/8.0/0.19+0.12 ms cpu, 276->276->122 MB, 277 MB goal, 0 MB stacks, 0 MB globals, 20 P
gc 6065 @202.226s 0%: 0.018+0.45+0.006 ms clock, 0.36+0/0.78/0.076+0.13 ms cpu, 245->245->109 MB, 245 MB goal, 0 MB stacks, 0 MB globals, 20 P
gc 6066 @202.243s 0%: 0.045+6.7+0.007 ms clock, 0.90+0/7.2/0+0.14 ms cpu, 222->222->113 MB, 222 MB goal, 0 MB stacks, 0 MB globals, 20 P
gc 6067 @202.265s 0%: 0.019+4.4+0.003 ms clock, 0.38+0/4.9/0.003+0.068 ms cpu, 229->229->118 MB, 229 MB goal, 0 MB stacks, 0 MB globals, 20 P
gc 6068 @202.293s 0%: 0.020+0.41+0.015 ms clock, 0.40+0/0.84/0.019+0.31 ms cpu, 234->234->105 MB, 237 MB goal, 0 MB stacks, 0 MB globals, 20 P
gc 6069 @202.317s 0%: 0.062+4.8+0.007 ms clock, 1.2+0/6.2/0.48+0.14 ms cpu, 207->207->110 MB, 210 MB goal, 0 MB stacks, 0 MB globals, 20 P
gc 6070 @202.349s 0%: 0.040+14+0.009 ms clock, 0.81+0/16/0.45+0.19 ms cpu, 225->225->126 MB, 225 MB goal, 0 MB stacks, 0 MB globals, 20 P
gc 6071 @202.395s 0%: 0.016+1.7+0.004 ms clock, 0.32+0/2.1/0+0.081 ms cpu, 251->251->109 MB, 253 MB goal, 0 MB stacks, 0 MB globals, 20 P
gc 6072 @202.412s 0%: 0.020+1.1+0.003 ms clock, 0.41+0/1.8/0.038+0.065 ms cpu, 225->225->114 MB, 225 MB goal, 0 MB stacks, 0 MB globals, 20 P
gc 6073 @202.448s 0%: 0.026+0.50+0.018 ms clock, 0.53+0/1.0/0+0.36 ms cpu, 235->235->132 MB, 235 MB goal, 0 MB stacks, 0 MB globals, 20 P
gc 6074 @202.478s 0%: 0.019+4.1+0.005 ms clock, 0.38+0/4.3/0+0.10 ms cpu, 264->264->110 MB, 264 MB goal, 0 MB stacks, 0 MB globals, 20 P
gc 6075 @202.498s 0%: 0.022+1.7+0.004 ms clock, 0.44+0/2.0/0+0.093 ms cpu, 225->225->116 MB, 225 MB goal, 0 MB stacks, 0 MB globals, 20 P
gc 6076 @202.516s 0%: 0.027+0.56+0.015 ms clock, 0.55+0/1.1/0.005+0.30 ms cpu, 239->239->135 MB, 239 MB goal, 0 MB stacks, 0 MB globals, 20 P
gc 6077 @202.557s 0%: 0.020+0.83+0.008 ms clock, 0.40+0/1.1/0+0.16 ms cpu, 267->267->120 MB, 271 MB goal, 0 MB stacks, 0 MB globals, 20 P
gc 6078 @202.585s 0%: 0.048+10+0.005 ms clock, 0.97+0.011/11/0+0.11 ms cpu, 250->250->128 MB, 250 MB goal, 0 MB stacks, 0 MB globals, 20 P
gc 6079 @202.627s 0%: 0.019+0.53+0.017 ms clock, 0.39+0/0.92/0+0.34 ms cpu, 255->255->117 MB, 257 MB goal, 0 MB stacks, 0 MB globals, 20 P
gc 6080 @202.651s 0%: 0.038+8.9+0.004 ms clock, 0.76+0/10/0.10+0.089 ms cpu, 235->235->124 MB, 236 MB goal, 0 MB stacks, 0 MB globals, 20 P
gc 6081 @202.683s 0%: 0.024+3.8+0.004 ms clock, 0.49+0/4.1/0+0.084 ms cpu, 250->250->115 MB, 250 MB goal, 0 MB stacks, 0 MB globals, 20 P
gc 6082 @202.701s 0%: 0.019+5.1+0.004 ms clock, 0.38+0/5.4/0+0.087 ms cpu, 230->230->119 MB, 230 MB goal, 0 MB stacks, 0 MB globals, 20 P
gc 6083 @202.725s 0%: 0.020+0.49+0.006 ms clock, 0.41+0/0.93/0.014+0.13 ms cpu, 237->237->108 MB, 239 MB goal, 0 MB stacks, 0 MB globals, 20 P
gc 6084 @202.748s 0%: 0.024+0.71+0.007 ms clock, 0.48+0/1.3/0+0.15 ms cpu, 218->218->110 MB, 218 MB goal, 0 MB stacks, 0 MB globals, 20 P
gc 6085 @202.764s 0%: 0.017+0.98+0.004 ms clock, 0.35+0/1.2/0+0.084 ms cpu, 220->220->113 MB, 221 MB goal, 0 MB stacks, 0 MB globals, 20 P
gc 6086 @202.778s 0%: 0.017+3.7+0.005 ms clock, 0.34+0/4.1/0+0.11 ms cpu, 234->234->120 MB, 234 MB goal, 0 MB stacks, 0 MB globals, 20 P
gc 6087 @202.801s 0%: 0.020+0.42+0.003 ms clock, 0.40+0.19/0.76/0.004+0.076 ms cpu, 237->237->106 MB, 241 MB goal, 0 MB stacks, 0 MB globals, 20 P
gc 6088 @202.829s 0%: 0.030+3.8+0.006 ms clock, 0.61+0/4.6/0.096+0.12 ms cpu, 214->214->111 MB, 214 MB goal, 0 MB stacks, 0 MB globals, 20 P
gc 6089 @202.859s 0%: 0.028+1.4+0.007 ms clock, 0.56+0/2.0/0+0.15 ms cpu, 228->228->117 MB, 228 MB goal, 0 MB stacks, 0 MB globals, 20 P
gc 6090 @202.882s 0%: 0.019+6.6+0.006 ms clock, 0.39+0/6.9/0+0.12 ms cpu, 238->238->125 MB, 238 MB goal, 0 MB stacks, 0 MB globals, 20 P
gc 6091 @202.905s 0%: 0.018+0.59+0.003 ms clock, 0.36+0/1.1/0.009+0.070 ms cpu, 246->246->118 MB, 250 MB goal, 0 MB stacks, 0 MB globals, 20 P
gc 6092 @202.921s 0%: 0.023+0.43+0.017 ms clock, 0.47+0/0.74/0+0.34 ms cpu, 235->235->133 MB, 237 MB goal, 0 MB stacks, 0 MB globals, 20 P
gc 6093 @202.951s 0%: 0.021+0.84+0.003 ms clock, 0.42+0/1.1/0+0.070 ms cpu, 265->265->114 MB, 267 MB goal, 0 MB stacks, 0 MB globals, 20 P
gc 6094 @202.967s 0%: 0.019+2.9+0.005 ms clock, 0.39+0/3.4/0+0.10 ms cpu, 229->229->119 MB, 229 MB goal, 0 MB stacks, 0 MB globals, 20 P
gc 6095 @202.993s 0%: 0.020+0.71+0.15 ms clock, 0.40+0/0.91/0+3.0 ms cpu, 239->239->134 MB, 239 MB goal, 0 MB stacks, 0 MB globals, 20 P
gc 6096 @203.023s 0%: 0.025+4.3+0.004 ms clock, 0.51+0/5.2/0.061+0.092 ms cpu, 266->266->112 MB, 268 MB goal, 0 MB stacks, 0 MB globals, 20 P
gc 6097 @203.053s 0%: 0.037+1.9+0.007 ms clock, 0.75+0/3.0/0.12+0.14 ms cpu, 227->227->118 MB, 227 MB goal, 0 MB stacks, 0 MB globals, 20 P
gc 6098 @203.081s 0%: 0.028+0.61+0.095 ms clock, 0.57+0/1.0/0.005+1.9 ms cpu, 240->240->137 MB, 240 MB goal, 0 MB stacks, 0 MB globals, 20 P
gc 6099 @203.115s 0%: 0.035+7.8+0.008 ms clock, 0.71+0/8.7/0.18+0.16 ms cpu, 279->279->118 MB, 279 MB goal, 0 MB stacks, 0 MB globals, 20 P
gc 6100 @203.147s 0%: 0.036+1.5+0.003 ms clock, 0.72+0/2.1/0+0.068 ms cpu, 239->239->127 MB, 239 MB goal, 0 MB stacks, 0 MB globals, 20 P
gc 6101 @203.180s 0%: 0.036+1.5+0.009 ms clock, 0.72+0/2.5/0.002+0.19 ms cpu, 257->257->120 MB, 257 MB goal, 0 MB stacks, 0 MB globals, 20 P
gc 6102 @203.206s 0%: 0.020+0.49+0.017 ms clock, 0.40+0/0.71/0.003+0.35 ms cpu, 246->246->135 MB, 246 MB goal, 0 MB stacks, 0 MB globals, 20 P
gc 6103 @203.225s 0%: 0.021+3.8+0.004 ms clock, 0.42+0/4.1/0+0.082 ms cpu, 276->276->117 MB, 276 MB goal, 0 MB stacks, 0 MB globals, 20 P
gc 6104 @203.244s 0%: 0.029+0.59+0.015 ms clock, 0.58+0/1.2/0.038+0.31 ms cpu, 233->233->133 MB, 235 MB goal, 0 MB stacks, 0 MB globals, 20 P
gc 6105 @203.275s 0%: 0.020+1.3+0.006 ms clock, 0.40+0/1.5/0+0.13 ms cpu, 265->265->111 MB, 267 MB goal, 0 MB stacks, 0 MB globals, 20 P
gc 6106 @203.298s 0%: 0.029+1.7+0.006 ms clock, 0.59+0/2.8/0.22+0.12 ms cpu, 226->226->115 MB, 226 MB goal, 0 MB stacks, 0 MB globals, 20 P
gc 6107 @203.323s 0%: 0.021+0.56+0.058 ms clock, 0.43+0/0.66/0.043+1.1 ms cpu, 237->237->134 MB, 237 MB goal, 0 MB stacks, 0 MB globals, 20 P
gc 6108 @203.348s 0%: 0.019+2.8+0.004 ms clock, 0.38+0/3.0/0.092+0.088 ms cpu, 266->266->115 MB, 268 MB goal, 0 MB stacks, 0 MB globals, 20 P
gc 6109 @203.367s 0%: 0.020+2.9+0.003 ms clock, 0.40+0/3.3/0+0.075 ms cpu, 231->231->121 MB, 231 MB goal, 0 MB stacks, 0 MB globals, 20 P
gc 6110 @203.389s 0%: 0.018+0.52+0.006 ms clock, 0.36+0.030/0.79/0.009+0.12 ms cpu, 241->241->113 MB, 243 MB goal, 0 MB stacks, 0 MB globals, 20 P
gc 6111 @203.402s 0%: 0.020+1.2+0.003 ms clock, 0.40+0/1.3/0+0.073 ms cpu, 233->233->120 MB, 233 MB goal, 0 MB stacks, 0 MB globals, 20 P
gc 6112 @203.443s 0%: 0.028+0.49+0.009 ms clock, 0.56+0/0.90/0.10+0.19 ms cpu, 241->241->136 MB, 241 MB goal, 0 MB stacks, 0 MB globals, 20 P
gc 6113 @203.477s 0%: 0.025+5.0+0.006 ms clock, 0.50+0/5.8/0+0.12 ms cpu, 278->278->116 MB, 279 MB goal, 0 MB stacks, 0 MB globals, 20 P
gc 6114 @203.496s 0%: 0.018+3.2+0.004 ms clock, 0.36+0/3.6/0.002+0.093 ms cpu, 237->237->122 MB, 237 MB goal, 0 MB stacks, 0 MB globals, 20 P
gc 6115 @203.524s 0%: 0.017+1.2+0.003 ms clock, 0.34+0/1.5/0+0.062 ms cpu, 242->242->111 MB, 245 MB goal, 0 MB stacks, 0 MB globals, 20 P
gc 6116 @203.541s 0%: 0.017+0.71+0.003 ms clock, 0.35+0/1.1/0+0.069 ms cpu, 221->221->115 MB, 222 MB goal, 0 MB stacks, 0 MB globals, 20 P
gc 6117 @203.565s 0%: 0.025+0.35+0.010 ms clock, 0.50+0/1.0/0.12+0.21 ms cpu, 231->231->133 MB, 231 MB goal, 0 MB stacks, 0 MB globals, 20 P
gc 6118 @203.598s 0%: 0.021+4.9+0.005 ms clock, 0.42+0/5.3/0+0.11 ms cpu, 270->270->117 MB, 270 MB goal, 0 MB stacks, 0 MB globals, 20 P
gc 6119 @203.639s 0%: 0.033+0.89+0.007 ms clock, 0.67+0.21/1.9/0.17+0.15 ms cpu, 232->232->103 MB, 234 MB goal, 0 MB stacks, 0 MB globals, 20 P
gc 6120 @203.663s 0%: 0.022+0.68+0.004 ms clock, 0.45+0/1.8/0.071+0.099 ms cpu, 207->207->104 MB, 207 MB goal, 0 MB stacks, 0 MB globals, 20 P
gc 6121 @203.678s 0%: 0.017+0.63+0.003 ms clock, 0.34+0/1.1/0+0.070 ms cpu, 212->212->107 MB, 212 MB goal, 0 MB stacks, 0 MB globals, 20 P
gc 6122 @203.699s 0%: 0.017+1.9+0.003 ms clock, 0.35+0/2.3/0.003+0.065 ms cpu, 222->222->113 MB, 222 MB goal, 0 MB stacks, 0 MB globals, 20 P
gc 6123 @203.718s 0%: 0.018+0.49+0.005 ms clock, 0.37+0/0.84/0.001+0.11 ms cpu, 235->235->133 MB, 235 MB goal, 0 MB stacks, 0 MB globals, 20 P
gc 6124 @203.739s 0%: 0.018+2.9+0.006 ms clock, 0.36+0/3.2/0.012+0.12 ms cpu, 266->266->116 MB, 267 MB goal, 0 MB stacks, 0 MB globals, 20 P
gc 6125 @203.756s 0%: 0.022+3.2+0.006 ms clock, 0.45+0/3.8/0+0.12 ms cpu, 232->232->124 MB, 234 MB goal, 0 MB stacks, 0 MB globals, 20 P
gc 6126 @203.787s 0%: 0.021+0.48+0.008 ms clock, 0.42+0/0.85/0+0.17 ms cpu, 245->245->141 MB, 249 MB goal, 0 MB stacks, 0 MB globals, 20 P
gc 6127 @203.810s 0%: 0.017+4.4+0.003 ms clock, 0.35+0/4.6/0+0.078 ms cpu, 279->279->123 MB, 283 MB goal, 0 MB stacks, 0 MB globals, 20 P
gc 6128 @203.834s 0%: 0.018+0.44+0.005 ms clock, 0.36+0/1.1/0.020+0.10 ms cpu, 246->246->110 MB, 247 MB goal, 0 MB stacks, 0 MB globals, 20 P
gc 6129 @203.851s 0%: 0.021+5.1+0.006 ms clock, 0.43+0/5.4/0.10+0.12 ms cpu, 223->223->114 MB, 223 MB goal, 0 MB stacks, 0 MB globals, 20 P
gc 6130 @203.887s 0%: 0.022+7.9+0.005 ms clock, 0.45+0/8.6/0+0.11 ms cpu, 230->230->119 MB, 230 MB goal, 0 MB stacks, 0 MB globals, 20 P
gc 6131 @203.925s 0%: 0.022+0.48+0.012 ms clock, 0.44+0/0.92/0+0.25 ms cpu, 241->241->136 MB, 241 MB goal, 0 MB stacks, 0 MB globals, 20 P
gc 6132 @203.957s 0%: 0.031+7.4+0.006 ms clock, 0.63+0/8.2/0+0.13 ms cpu, 279->279->117 MB, 279 MB goal, 0 MB stacks, 0 MB globals, 20 P
gc 6133 @203.985s 0%: 0.029+0.57+0.017 ms clock, 0.58+0/1.5/0.076+0.34 ms cpu, 235->235->134 MB, 235 MB goal, 0 MB stacks, 0 MB globals, 20 P
gc 6134 @204.018s 0%: 0.017+2.0+0.003 ms clock, 0.34+0/2.1/0+0.062 ms cpu, 265->265->118 MB, 269 MB goal, 0 MB stacks, 0 MB globals, 20 P
gc 6135 @204.037s 0%: 0.019+0.59+0.011 ms clock, 0.39+0/0.83/0+0.23 ms cpu, 245->245->137 MB, 245 MB goal, 0 MB stacks, 0 MB globals, 20 P
gc 6136 @204.063s 0%: 0.022+4.6+0.087 ms clock, 0.44+0/4.8/0+1.7 ms cpu, 275->286->129 MB, 275 MB goal, 0 MB stacks, 0 MB globals, 20 P
gc 6137 @204.092s 0%: 0.020+0.57+0.002 ms clock, 0.40+0/1.0/0.071+0.054 ms cpu, 253->253->108 MB, 259 MB goal, 0 MB stacks, 0 MB globals, 20 P
gc 6138 @204.112s 0%: 0.20+1.6+0.009 ms clock, 4.1+0/2.9/0.13+0.18 ms cpu, 209->209->111 MB, 217 MB goal, 0 MB stacks, 0 MB globals, 20 P
gc 6139 @204.138s 0%: 0.030+2.5+0.006 ms clock, 0.60+0/3.7/0.20+0.12 ms cpu, 214->214->115 MB, 223 MB goal, 0 MB stacks, 0 MB globals, 20 P
gc 6140 @204.157s 0%: 0.026+2.0+0.002 ms clock, 0.52+0/2.5/0+0.058 ms cpu, 220->220->120 MB, 230 MB goal, 0 MB stacks, 0 MB globals, 20 P
gc 6141 @204.176s 0%: 0.020+0.54+0.009 ms clock, 0.40+0/0.79/0.003+0.18 ms cpu, 243->243->137 MB, 243 MB goal, 0 MB stacks, 0 MB globals, 20 P
gc 6142 @204.197s 0%: 0.017+3.0+0.005 ms clock, 0.35+0/3.2/0+0.11 ms cpu, 270->270->117 MB, 276 MB goal, 0 MB stacks, 0 MB globals, 20 P
gc 6143 @204.215s 0%: 0.019+1.2+0.005 ms clock, 0.38+0/1.9/0+0.11 ms cpu, 232->232->125 MB, 235 MB goal, 0 MB stacks, 0 MB globals, 20 P
gc 6144 @204.238s 0%: 0.016+0.62+0.002 ms clock, 0.33+0.10/0.65/0+0.058 ms cpu, 242->245->116 MB, 251 MB goal, 0 MB stacks, 0 MB globals, 20 P
gc 6145 @204.255s 0%: 0.018+0.77+0.005 ms clock, 0.37+0/1.3/0.046+0.11 ms cpu, 224->224->116 MB, 233 MB goal, 0 MB stacks, 0 MB globals, 20 P
gc 6146 @204.275s 0%: 0.037+2.2+0.006 ms clock, 0.74+0/2.6/0.003+0.12 ms cpu, 226->226->119 MB, 233 MB goal, 0 MB stacks, 0 MB globals, 20 P
gc 6147 @204.295s 0%: 0.018+3.9+0.004 ms clock, 0.36+0/4.3/0.001+0.082 ms cpu, 240->240->125 MB, 240 MB goal, 0 MB stacks, 0 MB globals, 20 P
gc 6148 @204.317s 0%: 0.021+0.25+0.003 ms clock, 0.42+0/0.77/0+0.075 ms cpu, 239->239->110 MB, 250 MB goal, 0 MB stacks, 0 MB globals, 20 P
gc 6149 @204.330s 0%: 0.017+3.0+0.007 ms clock, 0.34+0/1.8/0+0.15 ms cpu, 211->215->116 MB, 222 MB goal, 0 MB stacks, 0 MB globals, 20 P
gc 6150 @204.350s 0%: 0.017+0.74+0.003 ms clock, 0.34+0/1.1/0+0.062 ms cpu, 228->228->116 MB, 233 MB goal, 0 MB stacks, 0 MB globals, 20 P
gc 6151 @204.366s 0%: 0.019+3.7+0.003 ms clock, 0.39+0/3.9/0+0.062 ms cpu, 232->232->124 MB, 234 MB goal, 0 MB stacks, 0 MB globals, 20 P
gc 6152 @204.390s 0%: 0.021+0.41+0.008 ms clock, 0.42+0/0.66/0+0.16 ms cpu, 246->246->142 MB, 249 MB goal, 0 MB stacks, 0 MB globals, 20 P
gc 6153 @204.409s 0%: 0.019+4.5+0.005 ms clock, 0.39+0/4.8/0+0.11 ms cpu, 278->278->122 MB, 284 MB goal, 0 MB stacks, 0 MB globals, 20 P
gc 6154 @204.434s 0%: 0.030+0.49+0.014 ms clock, 0.60+0/1.1/0.013+0.29 ms cpu, 244->244->139 MB, 245 MB goal, 0 MB stacks, 0 MB globals, 20 P
gc 6155 @204.473s 0%: 0.037+2.4+0.009 ms clock, 0.74+0/3.5/0+0.18 ms cpu, 275->275->118 MB, 278 MB goal, 0 MB stacks, 0 MB globals, 20 P
gc 6156 @204.506s 0%: 0.023+0.48+0.009 ms clock, 0.47+0/0.82/0+0.18 ms cpu, 240->240->135 MB, 240 MB goal, 0 MB stacks, 0 MB globals, 20 P
gc 6157 @204.537s 0%: 0.028+5.6+0.007 ms clock, 0.57+0/6.5/0.080+0.15 ms cpu, 267->267->114 MB, 270 MB goal, 0 MB stacks, 0 MB globals, 20 P
gc 6158 @204.576s 0%: 0.033+2.2+0.008 ms clock, 0.67+0/1.3/0.092+0.16 ms cpu, 229->229->129 MB, 229 MB goal, 0 MB stacks, 0 MB globals, 20 P
gc 6159 @204.601s 0%: 0.019+0.40+0.010 ms clock, 0.38+0/0.83/0+0.20 ms cpu, 251->251->136 MB, 258 MB goal, 0 MB stacks, 0 MB globals, 20 P
gc 6160 @204.630s 0%: 0.043+1.2+0.012 ms clock, 0.86+0/2.1/0.13+0.25 ms cpu, 268->268->117 MB, 272 MB goal, 0 MB stacks, 0 MB globals, 20 P
gc 6161 @204.647s 0%: 0.023+4.6+0.004 ms clock, 0.46+0/5.0/0+0.084 ms cpu, 232->232->125 MB, 235 MB goal, 0 MB stacks, 0 MB globals, 20 P
gc 6162 @204.669s 0%: 0.022+0.43+0.007 ms clock, 0.45+0/0.74/0.005+0.15 ms cpu, 247->247->143 MB, 250 MB goal, 0 MB stacks, 0 MB globals, 20 P
gc 6163 @204.690s 0%: 0.027+5.9+0.037 ms clock, 0.55+0/6.4/0+0.74 ms cpu, 280->291->134 MB, 286 MB goal, 0 MB stacks, 0 MB globals, 20 P
gc 6164 @204.717s 0%: 0.020+1.7+0.003 ms clock, 0.41+0/1.9/0+0.063 ms cpu, 271->271->117 MB, 271 MB goal, 0 MB stacks, 0 MB globals, 20 P
gc 6165 @204.737s 0%: 0.020+0.95+0.003 ms clock, 0.40+0/0.85/0+0.079 ms cpu, 225->228->104 MB, 235 MB goal, 0 MB stacks, 0 MB globals, 20 P
gc 6166 @204.752s 0%: 0.065+1.2+0.006 ms clock, 1.3+0/1.0/0+0.13 ms cpu, 198->200->105 MB, 209 MB goal, 0 MB stacks, 0 MB globals, 20 P
gc 6167 @204.765s 0%: 0.015+0.72+0.006 ms clock, 0.31+0/1.1/0.047+0.13 ms cpu, 204->208->109 MB, 211 MB goal, 0 MB stacks, 0 MB globals, 20 P
gc 6168 @204.784s 0%: 0.026+0.73+0.006 ms clock, 0.52+0/1.5/0.10+0.13 ms cpu, 213->213->108 MB, 219 MB goal, 0 MB stacks, 0 MB globals, 20 P
gc 6169 @204.808s 0%: 0.032+7.9+0.13 ms clock, 0.65+0/8.8/0.089+2.6 ms cpu, 213->213->113 MB, 217 MB goal, 0 MB stacks, 0 MB globals, 20 P
gc 6170 @204.831s 0%: 0.027+7.4+0.004 ms clock, 0.54+0/8.1/0.059+0.086 ms cpu, 221->221->119 MB, 227 MB goal, 0 MB stacks, 0 MB globals, 20 P
gc 6171 @204.861s 0%: 0.017+0.56+0.003 ms clock, 0.34+0.041/0.72/0.003+0.060 ms cpu, 229->231->112 MB, 240 MB goal, 0 MB stacks, 0 MB globals, 20 P
gc 6172 @204.881s 0%: 0.018+1.1+0.005 ms clock, 0.37+0/1.3/0.002+0.11 ms cpu, 215->219->117 MB, 224 MB goal, 0 MB stacks, 0 MB globals, 20 P
gc 6173 @204.900s 0%: 0.033+1.8+0.004 ms clock, 0.67+0/2.3/0+0.091 ms cpu, 240->240->120 MB, 240 MB goal, 0 MB stacks, 0 MB globals, 20 P
gc 6174 @204.924s 0%: 0.026+7.3+0.003 ms clock, 0.53+0/7.6/0.001+0.072 ms cpu, 241->241->128 MB, 241 MB goal, 0 MB stacks, 0 MB globals, 20 P
gc 6175 @204.963s 0%: 0.029+1.0+0.005 ms clock, 0.58+0/2.0/0.068+0.10 ms cpu, 258->258->119 MB, 258 MB goal, 0 MB stacks, 0 MB globals, 20 P
gc 6176 @204.998s 0%: 0.022+0.56+0.016 ms clock, 0.44+0/0.69/0+0.32 ms cpu, 245->245->137 MB, 245 MB goal, 0 MB stacks, 0 MB globals, 20 P
gc 6177 @205.020s 0%: 0.018+3.8+0.005 ms clock, 0.36+0/4.1/0+0.11 ms cpu, 279->279->117 MB, 279 MB goal, 0 MB stacks, 0 MB globals, 20 P
gc 6178 @205.039s 0%: 0.020+1.3+0.003 ms clock, 0.40+0/1.9/0.046+0.072 ms cpu, 238->238->123 MB, 238 MB goal, 0 MB stacks, 0 MB globals, 20 P
gc 6179 @205.062s 0%: 0.019+1.9+0.004 ms clock, 0.39+0/1.0/0.002+0.092 ms cpu, 242->245->113 MB, 246 MB goal, 0 MB stacks, 0 MB globals, 20 P
gc 6180 @205.076s 0%: 0.020+0.84+0.009 ms clock, 0.40+0/1.1/0+0.18 ms cpu, 229->229->115 MB, 229 MB goal, 0 MB stacks, 0 MB globals, 20 P
gc 6181 @205.091s 0%: 0.018+3.3+0.004 ms clock, 0.36+0/3.5/0+0.081 ms cpu, 230->230->121 MB, 230 MB goal, 0 MB stacks, 0 MB globals, 20 P
gc 6182 @205.114s 0%: 0.022+0.55+0.010 ms clock, 0.45+0/0.90/0+0.20 ms cpu, 243->243->141 MB, 243 MB goal, 0 MB stacks, 0 MB globals, 20 P
gc 6183 @205.146s 0%: 0.025+3.9+0.004 ms clock, 0.51+0/4.3/0+0.081 ms cpu, 284->284->123 MB, 284 MB goal, 0 MB stacks, 0 MB globals, 20 P
gc 6184 @205.172s 0%: 0.023+0.60+0.006 ms clock, 0.47+0/1.3/0+0.12 ms cpu, 244->244->114 MB, 247 MB goal, 0 MB stacks, 0 MB globals, 20 P
gc 6185 @205.187s 0%: 0.020+5.5+0.003 ms clock, 0.41+0/6.0/0.002+0.073 ms cpu, 231->231->121 MB, 231 MB goal, 0 MB stacks, 0 MB globals, 20 P
gc 6186 @205.213s 0%: 0.016+0.42+0.003 ms clock, 0.33+0/0.91/0+0.061 ms cpu, 240->240->108 MB, 242 MB goal, 0 MB stacks, 0 MB globals, 20 P
gc 6187 @205.228s 0%: 0.016+0.89+0.003 ms clock, 0.33+0/1.4/0+0.071 ms cpu, 216->216->112 MB, 217 MB goal, 0 MB stacks, 0 MB globals, 20 P
gc 6188 @205.244s 0%: 0.021+1.9+0.004 ms clock, 0.42+0/2.2/0+0.085 ms cpu, 233->233->118 MB, 233 MB goal, 0 MB stacks, 0 MB globals, 20 P
gc 6189 @205.267s 0%: 0.027+1.1+0.006 ms clock, 0.55+0/1.9/0.20+0.12 ms cpu, 232->232->107 MB, 236 MB goal, 0 MB stacks, 0 MB globals, 20 P
gc 6190 @205.285s 0%: 0.021+0.87+0.006 ms clock, 0.42+0/1.5/0.001+0.12 ms cpu, 213->213->110 MB, 214 MB goal, 0 MB stacks, 0 MB globals, 20 P
gc 6191 @205.303s 0%: 0.019+2.9+0.003 ms clock, 0.38+0/3.3/0+0.079 ms cpu, 225->225->116 MB, 225 MB goal, 0 MB stacks, 0 MB globals, 20 P
gc 6192 @205.324s 0%: 0.020+0.42+0.013 ms clock, 0.40+0/0.76/0+0.26 ms cpu, 238->238->136 MB, 238 MB goal, 0 MB stacks, 0 MB globals, 20 P
gc 6193 @205.363s 0%: 0.032+8.1+0.007 ms clock, 0.64+0/9.1/0.10+0.15 ms cpu, 279->279->117 MB, 279 MB goal, 0 MB stacks, 0 MB globals, 20 P
gc 6194 @205.392s 0%: 0.024+1.4+0.012 ms clock, 0.48+0/1.7/0.005+0.24 ms cpu, 238->238->122 MB, 238 MB goal, 0 MB stacks, 0 MB globals, 20 P
gc 6195 @205.419s 0%: 0.029+1.6+0.009 ms clock, 0.58+0.21/1.4/0+0.19 ms cpu, 242->245->117 MB, 246 MB goal, 0 MB stacks, 0 MB globals, 20 P
gc 6196 @205.443s 0%: 0.018+1.1+0.004 ms clock, 0.36+0/1.9/0.071+0.096 ms cpu, 233->233->120 MB, 236 MB goal, 0 MB stacks, 0 MB globals, 20 P
gc 6197 @205.462s 0%: 0.029+9.2+0.004 ms clock, 0.58+0/9.9/0.022+0.081 ms cpu, 252->252->129 MB, 252 MB goal, 0 MB stacks, 0 MB globals, 20 P
gc 6198 @205.489s 0%: 0.021+0.54+0.013 ms clock, 0.42+0/0.98/0.011+0.27 ms cpu, 268->268->147 MB, 268 MB goal, 0 MB stacks, 0 MB globals, 20 P
gc 6199 @205.516s 0%: 0.019+1.8+0.003 ms clock, 0.39+0/2.1/0+0.064 ms cpu, 303->303->130 MB, 303 MB goal, 0 MB stacks, 0 MB globals, 20 P
gc 6200 @205.545s 0%: 0.019+0.67+0.003 ms clock, 0.38+0/0.82/0+0.062 ms cpu, 258->258->118 MB, 261 MB goal, 0 MB stacks, 0 MB globals, 20 P
gc 6201 @205.566s 0%: 0.021+5.9+0.005 ms clock, 0.43+0/6.4/0.019+0.10 ms cpu, 245->245->126 MB, 245 MB goal, 0 MB stacks, 0 MB globals, 20 P
gc 6202 @205.594s 0%: 0.019+1.1+0.004 ms clock, 0.39+0/1.4/0+0.088 ms cpu, 252->252->116 MB, 252 MB goal, 0 MB stacks, 0 MB globals, 20 P
gc 6203 @205.611s 0%: 0.019+1.5+0.004 ms clock, 0.39+0/2.2/0.055+0.081 ms cpu, 239->239->122 MB, 239 MB goal, 0 MB stacks, 0 MB globals, 20 P
gc 6204 @205.637s 0%: 0.031+3.3+0.004 ms clock, 0.62+0/4.4/0+0.099 ms cpu, 243->243->128 MB, 246 MB goal, 0 MB stacks, 0 MB globals, 20 P
gc 6205 @205.668s 0%: 0.018+1.8+0.004 ms clock, 0.36+0/2.2/0.001+0.083 ms cpu, 255->255->110 MB, 257 MB goal, 0 MB stacks, 0 MB globals, 20 P
gc 6206 @205.691s 0%: 0.032+1.3+0.010 ms clock, 0.64+0/2.2/0.009+0.20 ms cpu, 222->222->117 MB, 222 MB goal, 0 MB stacks, 0 MB globals, 20 P
gc 6207 @205.720s 0%: 0.024+1.1+0.003 ms clock, 0.49+0/1.8/0.14+0.078 ms cpu, 233->233->125 MB, 235 MB goal, 0 MB stacks, 0 MB globals, 20 P
gc 6208 @205.744s 0%: 0.019+2.2+0.004 ms clock, 0.39+0/2.6/0+0.081 ms cpu, 252->252->118 MB, 252 MB goal, 0 MB stacks, 0 MB globals, 20 P
gc 6209 @205.776s 0%: 0.037+0.79+0.032 ms clock, 0.75+0/1.9/0+0.64 ms cpu, 244->244->133 MB, 244 MB goal, 0 MB stacks, 0 MB globals, 20 P
gc 6210 @205.804s 0%: 0.022+3.2+0.004 ms clock, 0.44+0/3.8/0.002+0.092 ms cpu, 265->265->113 MB, 268 MB goal, 0 MB stacks, 0 MB globals, 20 P
gc 6211 @205.829s 0%: 0.024+1.6+0.004 ms clock, 0.48+0/2.4/0.13+0.091 ms cpu, 226->226->118 MB, 228 MB goal, 0 MB stacks, 0 MB globals, 20 P
gc 6212 @205.856s 0%: 0.017+1.5+0.003 ms clock, 0.35+0/0.93/0+0.077 ms cpu, 234->236->105 MB, 237 MB goal, 0 MB stacks, 0 MB globals, 20 P
gc 6213 @205.875s 0%: 0.022+0.79+0.006 ms clock, 0.44+0/1.2/0.002+0.12 ms cpu, 210->210->107 MB, 211 MB goal, 0 MB stacks, 0 MB globals, 20 P
gc 6214 @205.894s 0%: 0.022+1.5+0.004 ms clock, 0.45+0/1.9/0.001+0.086 ms cpu, 214->214->112 MB, 215 MB goal, 0 MB stacks, 0 MB globals, 20 P
gc 6215 @205.916s 0%: 0.033+6.7+0.004 ms clock, 0.67+0/7.3/0+0.092 ms cpu, 227->227->118 MB, 227 MB goal, 0 MB stacks, 0 MB globals, 20 P
gc 6216 @205.936s 0%: 0.024+0.49+0.015 ms clock, 0.48+0/1.0/0+0.30 ms cpu, 240->240->137 MB, 240 MB goal, 0 MB stacks, 0 MB globals, 20 P
gc 6217 @205.976s 0%: 0.023+3.7+0.003 ms clock, 0.46+0/4.1/0+0.074 ms cpu, 280->280->122 MB, 280 MB goal, 0 MB stacks, 0 MB globals, 20 P
gc 6218 @205.997s 0%: 0.020+1.6+0.004 ms clock, 0.40+0/2.2/0.005+0.080 ms cpu, 243->243->128 MB, 244 MB goal, 0 MB stacks, 0 MB globals, 20 P
gc 6219 @206.019s 0%: 0.020+0.72+0.008 ms clock, 0.40+0/1.1/0.037+0.16 ms cpu, 258->258->120 MB, 258 MB goal, 0 MB stacks, 0 MB globals, 20 P
gc 6220 @206.047s 0%: 0.024+0.38+0.044 ms clock, 0.48+0/1.0/0+0.89 ms cpu, 236->238->110 MB, 240 MB goal, 0 MB stacks, 0 MB globals, 20 P
gc 6221 @206.069s 0%: 0.035+1.1+0.007 ms clock, 0.71+0/2.0/0.066+0.15 ms cpu, 218->218->111 MB, 222 MB goal, 0 MB stacks, 0 MB globals, 20 P
gc 6222 @206.098s 0%: 0.033+7.3+0.006 ms clock, 0.67+0/8.3/0.11+0.12 ms cpu, 228->228->115 MB, 228 MB goal, 0 MB stacks, 0 MB globals, 20 P
gc 6223 @206.122s 0%: 0.022+2.7+0.006 ms clock, 0.45+0/3.2/0+0.12 ms cpu, 236->236->121 MB, 236 MB goal, 0 MB stacks, 0 MB globals, 20 P
gc 6224 @206.158s 0%: 0.017+0.38+0.003 ms clock, 0.35+0/0.81/0.031+0.070 ms cpu, 241->241->107 MB, 243 MB goal, 0 MB stacks, 0 MB globals, 20 P
gc 6225 @206.176s 0%: 0.019+0.68+0.003 ms clock, 0.39+0/0.97/0.18+0.074 ms cpu, 213->213->112 MB, 216 MB goal, 0 MB stacks, 0 MB globals, 20 P
gc 6226 @206.193s 0%: 0.021+1.3+0.007 ms clock, 0.43+0/1.6/0+0.15 ms cpu, 229->229->118 MB, 229 MB goal, 0 MB stacks, 0 MB globals, 20 P
gc 6227 @206.211s 0%: 0.021+1.3+0.005 ms clock, 0.42+0/1.6/0+0.11 ms cpu, 239->239->127 MB, 239 MB goal, 0 MB stacks, 0 MB globals, 20 P
gc 6228 @206.243s 0%: 0.019+0.53+0.005 ms clock, 0.38+0.035/0.89/0.006+0.10 ms cpu, 254->254->117 MB, 255 MB goal, 0 MB stacks, 0 MB globals, 20 P
gc 6229 @206.266s 0%: 0.023+0.88+0.003 ms clock, 0.47+0/1.2/0.11+0.070 ms cpu, 239->239->123 MB, 239 MB goal, 0 MB stacks, 0 MB globals, 20 P
gc 6230 @206.282s 0%: 0.023+1.7+0.005 ms clock, 0.47+0/2.4/0.14+0.10 ms cpu, 244->244->129 MB, 247 MB goal, 0 MB stacks, 0 MB globals, 20 P
gc 6231 @206.305s 0%: 0.017+1.7+0.003 ms clock, 0.34+0/2.3/0.22+0.069 ms cpu, 258->258->119 MB, 258 MB goal, 0 MB stacks, 0 MB globals, 20 P
gc 6232 @206.323s 0%: 0.019+0.56+0.018 ms clock, 0.39+0/1.1/0.009+0.37 ms cpu, 246->246->135 MB, 246 MB goal, 0 MB stacks, 0 MB globals, 20 P
gc 6233 @206.343s 0%: 0.021+4.0+0.004 ms clock, 0.42+0/4.5/0.003+0.080 ms cpu, 271->271->118 MB, 271 MB goal, 0 MB stacks, 0 MB globals, 20 P
gc 6234 @206.375s 0%: 0.020+0.46+0.015 ms clock, 0.41+0/0.86/0.002+0.30 ms cpu, 240->240->135 MB, 240 MB goal, 0 MB stacks, 0 MB globals, 20 P
gc 6235 @206.405s 0%: 0.024+3.0+0.007 ms clock, 0.49+0/3.5/0.011+0.15 ms cpu, 267->267->113 MB, 271 MB goal, 0 MB stacks, 0 MB globals, 20 P
gc 6236 @206.424s 0%: 0.084+2.2+0.022 ms clock, 1.6+0/2.5/0.012+0.44 ms cpu, 229->240->129 MB, 229 MB goal, 0 MB stacks, 0 MB globals, 20 P
gc 6237 @206.457s 0%: 0.024+0.98+0.007 ms clock, 0.49+0/1.6/0.011+0.15 ms cpu, 253->253->111 MB, 258 MB goal, 0 MB stacks, 0 MB globals, 20 P
gc 6238 @206.474s 0%: 0.017+0.99+0.004 ms clock, 0.35+0/1.2/0+0.085 ms cpu, 221->221->115 MB, 222 MB goal, 0 MB stacks, 0 MB globals, 20 P
gc 6239 @206.490s 0%: 0.017+2.9+0.003 ms clock, 0.34+0/3.2/0+0.074 ms cpu, 236->236->124 MB, 236 MB goal, 0 MB stacks, 0 MB globals, 20 P
gc 6240 @206.512s 0%: 0.016+0.51+0.006 ms clock, 0.33+0/0.73/0+0.12 ms cpu, 239->241->112 MB, 249 MB goal, 0 MB stacks, 0 MB globals, 20 P
gc 6241 @206.525s 0%: 0.016+0.37+0.008 ms clock, 0.33+0/1.0/0.005+0.16 ms cpu, 215->215->113 MB, 225 MB goal, 0 MB stacks, 0 MB globals, 20 P
gc 6242 @206.540s 0%: 0.016+2.6+0.004 ms clock, 0.33+0/3.1/0+0.093 ms cpu, 217->217->115 MB, 226 MB goal, 0 MB stacks, 0 MB globals, 20 P
gc 6243 @206.558s 0%: 0.015+3.6+0.004 ms clock, 0.31+0/4.0/0+0.092 ms cpu, 226->226->122 MB, 230 MB goal, 0 MB stacks, 0 MB globals, 20 P
gc 6244 @206.577s 0%: 0.023+8.4+0.079 ms clock, 0.47+0/9.0/0.009+1.5 ms cpu, 242->242->128 MB, 244 MB goal, 0 MB stacks, 0 MB globals, 20 P
gc 6245 @206.615s 0%: 0.019+0.59+0.006 ms clock, 0.39+0.040/0.81/0.029+0.13 ms cpu, 248->251->119 MB, 257 MB goal, 0 MB stacks, 0 MB globals, 20 P
gc 6246 @206.630s 0%: 0.018+3.1+0.005 ms clock, 0.37+0/3.4/0+0.11 ms cpu, 235->235->121 MB, 239 MB goal, 0 MB stacks, 0 MB globals, 20 P
gc 6247 @206.645s 0%: 0.018+4.5+0.013 ms clock, 0.37+0/4.9/0.013+0.27 ms cpu, 236->236->126 MB, 242 MB goal, 0 MB stacks, 0 MB globals, 20 P
gc 6248 @206.667s 0%: 0.017+0.72+0.006 ms clock, 0.34+0/0.75/0+0.12 ms cpu, 244->249->117 MB, 252 MB goal, 0 MB stacks, 0 MB globals, 20 P
gc 6249 @206.681s 0%: 0.017+2.8+0.005 ms clock, 0.34+0/3.3/0.007+0.10 ms cpu, 228->228->116 MB, 234 MB goal, 0 MB stacks, 0 MB globals, 20 P
gc 6250 @206.697s 0%: 0.020+3.9+0.003 ms clock, 0.40+0/4.3/0.004+0.071 ms cpu, 232->232->121 MB, 234 MB goal, 0 MB stacks, 0 MB globals, 20 P
gc 6251 @206.716s 0%: 0.020+0.43+0.008 ms clock, 0.41+0/0.80/0+0.17 ms cpu, 243->243->138 MB, 243 MB goal, 0 MB stacks, 0 MB globals, 20 P
gc 6252 @206.743s 0%: 0.023+5.0+0.007 ms clock, 0.47+0/5.4/0.007+0.15 ms cpu, 271->271->117 MB, 277 MB goal, 0 MB stacks, 0 MB globals, 20 P
gc 6253 @206.771s 0%: 0.020+1.0+0.003 ms clock, 0.40+0/1.5/0.042+0.062 ms cpu, 232->232->121 MB, 234 MB goal, 0 MB stacks, 0 MB globals, 20 P
gc 6254 @206.792s 0%: 0.023+0.53+0.017 ms clock, 0.46+0/0.95/0.005+0.34 ms cpu, 243->243->141 MB, 243 MB goal, 0 MB stacks, 0 MB globals, 20 P
gc 6255 @206.812s 0%: 0.026+7.3+0.007 ms clock, 0.53+0/7.9/0.026+0.15 ms cpu, 278->278->122 MB, 283 MB goal, 0 MB stacks, 0 MB globals, 20 P
gc 6256 @206.847s 0%: 0.019+0.48+0.013 ms clock, 0.39+0/1.0/0+0.27 ms cpu, 243->243->138 MB, 246 MB goal, 0 MB stacks, 0 MB globals, 20 P
gc 6257 @206.876s 0%: 0.023+0.83+0.007 ms clock, 0.46+0/1.4/0.027+0.15 ms cpu, 271->271->116 MB, 277 MB goal, 0 MB stacks, 0 MB globals, 20 P
gc 6258 @206.893s 0%: 0.022+2.7+0.005 ms clock, 0.44+0/3.0/0+0.11 ms cpu, 232->232->121 MB, 234 MB goal, 0 MB stacks, 0 MB globals, 20 P
gc 6259 @206.927s 0%: 0.027+0.64+0.015 ms clock, 0.54+0/1.1/0+0.30 ms cpu, 243->243->138 MB, 243 MB goal, 0 MB stacks, 0 MB globals, 20 P
gc 6260 @206.954s 0%: 0.025+3.2+0.005 ms clock, 0.51+0/3.6/0+0.11 ms cpu, 271->271->116 MB, 277 MB goal, 0 MB stacks, 0 MB globals, 20 P
gc 6261 @206.974s 0%: 0.020+1.5+0.003 ms clock, 0.40+0/2.0/0.013+0.075 ms cpu, 232->232->124 MB, 234 MB goal, 0 MB stacks, 0 MB globals, 20 P
gc 6262 @206.995s 0%: 0.019+0.42+0.016 ms clock, 0.39+0/0.89/0.001+0.32 ms cpu, 246->246->142 MB, 249 MB goal, 0 MB stacks, 0 MB globals, 20 P
gc 6263 @207.016s 0%: 0.021+6.5+0.006 ms clock, 0.43+0/6.7/0.12+0.12 ms cpu, 280->280->124 MB, 284 MB goal, 0 MB stacks, 0 MB globals, 20 P
gc 6264 @207.046s 0%: 0.021+0.77+0.006 ms clock, 0.43+0/1.0/0+0.12 ms cpu, 241->241->112 MB, 248 MB goal, 0 MB stacks, 0 MB globals, 20 P
gc 6265 @207.074s 0%: 0.042+4.2+0.052 ms clock, 0.85+0/5.3/0.096+1.0 ms cpu, 223->223->115 MB, 226 MB goal, 0 MB stacks, 0 MB globals, 20 P
gc 6266 @207.113s 0%: 0.024+5.0+0.005 ms clock, 0.48+0/5.3/0.002+0.11 ms cpu, 236->236->121 MB, 236 MB goal, 0 MB stacks, 0 MB globals, 20 P
gc 6267 @207.138s 0%: 0.038+0.54+0.004 ms clock, 0.76+0/0.84/0+0.083 ms cpu, 233->234->108 MB, 243 MB goal, 0 MB stacks, 0 MB globals, 20 P
gc 6268 @207.155s 0%: 0.018+0.41+0.005 ms clock, 0.36+0/0.84/0+0.11 ms cpu, 214->214->110 MB, 216 MB goal, 0 MB stacks, 0 MB globals, 20 P
gc 6269 @207.178s 0%: 0.018+0.76+0.005 ms clock, 0.37+0/1.3/0.002+0.10 ms cpu, 222->222->115 MB, 222 MB goal, 0 MB stacks, 0 MB globals, 20 P
gc 6270 @207.203s 0%: 0.021+4.5+0.003 ms clock, 0.43+0/5.0/0+0.069 ms cpu, 231->231->122 MB, 231 MB goal, 0 MB stacks, 0 MB globals, 20 P
gc 6271 @207.232s 0%: 0.024+0.49+0.013 ms clock, 0.48+0/0.68/0.004+0.26 ms cpu, 244->244->142 MB, 244 MB goal, 0 MB stacks, 0 MB globals, 20 P
gc 6272 @207.255s 0%: 0.020+3.6+0.006 ms clock, 0.40+0/3.9/0+0.12 ms cpu, 285->285->123 MB, 285 MB goal, 0 MB stacks, 0 MB globals, 20 P
gc 6273 @207.280s 0%: 0.040+1.0+0.008 ms clock, 0.80+0/1.8/0.043+0.17 ms cpu, 243->243->114 MB, 247 MB goal, 0 MB stacks, 0 MB globals, 20 P
gc 6274 @207.307s 0%: 0.031+5.2+0.008 ms clock, 0.62+0/5.8/0+0.16 ms cpu, 230->230->119 MB, 230 MB goal, 0 MB stacks, 0 MB globals, 20 P
gc 6275 @207.346s 0%: 0.023+0.62+0.009 ms clock, 0.47+0/1.1/0+0.18 ms cpu, 241->241->136 MB, 241 MB goal, 0 MB stacks, 0 MB globals, 20 P
gc 6276 @207.376s 0%: 0.020+1.2+0.003 ms clock, 0.41+0/1.3/0+0.075 ms cpu, 279->279->116 MB, 279 MB goal, 0 MB stacks, 0 MB globals, 20 P
gc 6277 @207.394s 0%: 0.023+1.5+0.005 ms clock, 0.47+0/1.6/0+0.11 ms cpu, 237->237->122 MB, 237 MB goal, 0 MB stacks, 0 MB globals, 20 P
gc 6278 @207.418s 0%: 0.030+1.2+0.008 ms clock, 0.61+0/2.2/0+0.16 ms cpu, 243->243->112 MB, 245 MB goal, 0 MB stacks, 0 MB globals, 20 P
gc 6279 @207.445s 0%: 0.029+3.5+0.006 ms clock, 0.59+0/4.4/0+0.13 ms cpu, 233->233->120 MB, 233 MB goal, 0 MB stacks, 0 MB globals, 20 P
gc 6280 @207.490s 0%: 0.025+0.54+0.005 ms clock, 0.51+0.090/1.2/0.014+0.11 ms cpu, 239->239->110 MB, 242 MB goal, 0 MB stacks, 0 MB globals, 20 P
gc 6281 @207.514s 0%: 0.029+1.2+0.007 ms clock, 0.58+0/2.1/0+0.15 ms cpu, 221->221->114 MB, 221 MB goal, 0 MB stacks, 0 MB globals, 20 P
gc 6282 @207.540s 0%: 0.020+1.1+0.005 ms clock, 0.41+0/1.3/0+0.11 ms cpu, 224->224->117 MB, 228 MB goal, 0 MB stacks, 0 MB globals, 20 P
gc 6283 @207.557s 0%: 0.022+5.4+0.006 ms clock, 0.44+0/5.8/0.001+0.13 ms cpu, 238->238->123 MB, 238 MB goal, 0 MB stacks, 0 MB globals, 20 P
gc 6284 @207.584s 0%: 0.021+0.55+0.006 ms clock, 0.43+0/1.0/0.012+0.12 ms cpu, 245->245->112 MB, 246 MB goal, 0 MB stacks, 0 MB globals, 20 P
gc 6285 @207.611s 0%: 0.028+4.6+0.006 ms clock, 0.57+0/5.4/0.027+0.13 ms cpu, 229->229->120 MB, 229 MB goal, 0 MB stacks, 0 MB globals, 20 P
gc 6286 @207.642s 0%: 0.018+5.5+0.003 ms clock, 0.37+0/5.7/0+0.068 ms cpu, 251->251->129 MB, 251 MB goal, 0 MB stacks, 0 MB globals, 20 P
gc 6287 @207.668s 0%: 0.018+0.45+0.003 ms clock, 0.36+0/0.87/0+0.069 ms cpu, 256->256->117 MB, 258 MB goal, 0 MB stacks, 0 MB globals, 20 P
gc 6288 @207.688s 0%: 0.019+1.0+0.005 ms clock, 0.39+0/1.5/0+0.10 ms cpu, 240->240->123 MB, 240 MB goal, 0 MB stacks, 0 MB globals, 20 P
gc 6289 @207.712s 0%: 0.018+0.60+0.004 ms clock, 0.37+0/1.3/0.072+0.093 ms cpu, 243->243->114 MB, 247 MB goal, 0 MB stacks, 0 MB globals, 20 P
gc 6290 @207.736s 0%: 0.036+1.3+0.019 ms clock, 0.73+0/2.2/0.002+0.39 ms cpu, 225->225->116 MB, 228 MB goal, 0 MB stacks, 0 MB globals, 20 P
gc 6291 @207.774s 0%: 0.027+0.48+0.005 ms clock, 0.55+0.12/0.72/0+0.10 ms cpu, 229->230->105 MB, 233 MB goal, 0 MB stacks, 0 MB globals, 20 P
gc 6292 @207.795s 0%: 0.031+0.80+0.008 ms clock, 0.62+0/1.5/0.010+0.17 ms cpu, 209->209->107 MB, 211 MB goal, 0 MB stacks, 0 MB globals, 20 P
gc 6293 @207.831s 0%: 0.032+1.1+0.008 ms clock, 0.64+0/2.0/0.063+0.17 ms cpu, 215->215->110 MB, 215 MB goal, 0 MB stacks, 0 MB globals, 20 P
gc 6294 @207.855s 0%: 0.026+3.4+0.004 ms clock, 0.52+0/3.8/0.006+0.084 ms cpu, 221->221->113 MB, 221 MB goal, 0 MB stacks, 0 MB globals, 20 P
gc 6295 @207.873s 0%: 0.024+9.8+0.004 ms clock, 0.48+0/10/0.099+0.096 ms cpu, 234->234->121 MB, 234 MB goal, 0 MB stacks, 0 MB globals, 20 P
gc 6296 @207.910s 0%: 0.019+0.47+0.006 ms clock, 0.39+0/0.82/0+0.13 ms cpu, 240->240->111 MB, 242 MB goal, 0 MB stacks, 0 MB globals, 20 P
gc 6297 @207.929s 0%: 0.019+2.7+0.003 ms clock, 0.38+0/3.2/0+0.075 ms cpu, 222->222->116 MB, 222 MB goal, 0 MB stacks, 0 MB globals, 20 P
gc 6298 @207.950s 0%: 0.018+1.2+0.005 ms clock, 0.37+0/1.2/0.041+0.11 ms cpu, 239->239->125 MB, 239 MB goal, 0 MB stacks, 0 MB globals, 20 P
gc 6299 @207.975s 0%: 0.018+1.2+0.006 ms clock, 0.36+0/1.3/0+0.12 ms cpu, 251->251->116 MB, 251 MB goal, 0 MB stacks, 0 MB globals, 20 P
gc 6300 @207.995s 0%: 0.030+2.7+0.13 ms clock, 0.60+0/3.6/0+2.6 ms cpu, 233->233->122 MB, 233 MB goal, 0 MB stacks, 0 MB globals, 20 P
gc 6301 @208.018s 0%: 0.021+0.42+0.003 ms clock, 0.43+0/0.81/0+0.076 ms cpu, 242->242->110 MB, 245 MB goal, 0 MB stacks, 0 MB globals, 20 P
gc 6302 @208.034s 0%: 0.022+2.0+0.004 ms clock, 0.44+0/2.6/0+0.099 ms cpu, 217->217->114 MB, 221 MB goal, 0 MB stacks, 0 MB globals, 20 P
gc 6303 @208.063s 0%: 0.033+10+0.004 ms clock, 0.66+0.010/10/0+0.081 ms cpu, 234->234->119 MB, 235 MB goal, 0 MB stacks, 0 MB globals, 20 P
gc 6304 @208.100s 0%: 0.033+1.3+0.010 ms clock, 0.67+0/2.5/0+0.20 ms cpu, 240->240->108 MB, 240 MB goal, 0 MB stacks, 0 MB globals, 20 P
gc 6305 @208.128s 0%: 0.027+1.7+0.005 ms clock, 0.54+0/2.4/0+0.11 ms cpu, 214->214->114 MB, 216 MB goal, 0 MB stacks, 0 MB globals, 20 P
gc 6306 @208.153s 0%: 0.016+0.96+0.003 ms clock, 0.33+0/1.1/0+0.075 ms cpu, 225->227->105 MB, 229 MB goal, 0 MB stacks, 0 MB globals, 20 P
gc 6307 @208.169s 0%: 0.028+2.8+0.009 ms clock, 0.57+0/2.9/0+0.19 ms cpu, 208->208->107 MB, 211 MB goal, 0 MB stacks, 0 MB globals, 20 P
gc 6308 @208.189s 0%: 0.033+5.4+0.008 ms clock, 0.67+0/6.4/0+0.16 ms cpu, 212->212->110 MB, 215 MB goal, 0 MB stacks, 0 MB globals, 20 P
gc 6309 @208.214s 0%: 0.023+0.94+0.016 ms clock, 0.47+0/1.5/0+0.32 ms cpu, 220->220->113 MB, 220 MB goal, 0 MB stacks, 0 MB globals, 20 P
gc 6310 @208.240s 0%: 0.025+6.6+0.13 ms clock, 0.50+0/7.3/0.066+2.6 ms cpu, 234->234->121 MB, 234 MB goal, 0 MB stacks, 0 MB globals, 20 P
gc 6311 @208.271s 0%: 0.028+0.65+0.010 ms clock, 0.57+0/1.6/0.25+0.21 ms cpu, 240->240->111 MB, 242 MB goal, 0 MB stacks, 0 MB globals, 20 P
gc 6312 @208.292s 0%: 0.018+3.0+0.004 ms clock, 0.37+0/3.5/0+0.083 ms cpu, 223->223->116 MB, 223 MB goal, 0 MB stacks, 0 MB globals, 20 P
gc 6313 @208.316s 0%: 0.032+4.2+0.010 ms clock, 0.65+0/4.8/0+0.21 ms cpu, 240->240->126 MB, 240 MB goal, 0 MB stacks, 0 MB globals, 20 P
gc 6314 @208.338s 0%: 0.020+0.46+0.007 ms clock, 0.40+0/0.77/0+0.14 ms cpu, 248->248->143 MB, 252 MB goal, 0 MB stacks, 0 MB globals, 20 P
gc 6315 @208.369s 0%: 0.021+0.40+0.010 ms clock, 0.42+0/0.76/0+0.20 ms cpu, 293->293->136 MB, 293 MB goal, 0 MB stacks, 0 MB globals, 20 P
gc 6316 @208.393s 0%: 0.023+1.1+0.009 ms clock, 0.47+0/1.8/0.21+0.19 ms cpu, 277->277->119 MB, 278 MB goal, 0 MB stacks, 0 MB globals, 20 P
gc 6317 @208.423s 0%: 0.045+0.80+0.016 ms clock, 0.91+0/2.1/0.11+0.32 ms cpu, 235->235->135 MB, 238 MB goal, 0 MB stacks, 0 MB globals, 20 P
gc 6318 @208.452s 0%: 0.017+4.2+0.003 ms clock, 0.35+0/4.6/0.002+0.072 ms cpu, 271->271->115 MB, 271 MB goal, 0 MB stacks, 0 MB globals, 20 P
gc 6319 @208.471s 0%: 0.018+0.40+0.010 ms clock, 0.36+0/0.82/0+0.20 ms cpu, 236->236->131 MB, 236 MB goal, 0 MB stacks, 0 MB globals, 20 P
gc 6320 @208.497s 0%: 0.022+1.4+0.021 ms clock, 0.45+0/1.8/0+0.42 ms cpu, 269->280->125 MB, 269 MB goal, 0 MB stacks, 0 MB globals, 20 P
gc 6321 @208.525s 0%: 0.017+0.47+0.006 ms clock, 0.34+0/0.84/0.11+0.12 ms cpu, 243->243->106 MB, 250 MB goal, 0 MB stacks, 0 MB globals, 20 P
gc 6322 @208.538s 0%: 0.018+0.87+0.004 ms clock, 0.36+0/1.3/0.024+0.092 ms cpu, 205->205->109 MB, 213 MB goal, 0 MB stacks, 0 MB globals, 20 P
gc 6323 @208.552s 0%: 0.016+0.65+0.003 ms clock, 0.32+0/1.1/0.074+0.071 ms cpu, 210->210->114 MB, 219 MB goal, 0 MB stacks, 0 MB globals, 20 P
gc 6324 @208.566s 0%: 0.021+5.2+0.003 ms clock, 0.42+0/5.5/0.002+0.074 ms cpu, 229->229->119 MB, 229 MB goal, 0 MB stacks, 0 MB globals, 20 P
gc 6325 @208.593s 0%: 0.033+1.0+0.083 ms clock, 0.66+0/2.0/0.34+1.6 ms cpu, 232->232->111 MB, 239 MB goal, 0 MB stacks, 0 MB globals, 20 P
gc 6326 @208.614s 0%: 0.024+1.1+0.010 ms clock, 0.48+0/1.9/0.027+0.20 ms cpu, 217->217->116 MB, 223 MB goal, 0 MB stacks, 0 MB globals, 20 P
gc 6327 @208.638s 0%: 0.019+5.4+0.004 ms clock, 0.39+0/5.8/0+0.082 ms cpu, 229->229->122 MB, 232 MB goal, 0 MB stacks, 0 MB globals, 20 P
gc 6328 @208.663s 0%: 0.021+1.1+0.004 ms clock, 0.42+0/1.5/0+0.090 ms cpu, 238->238->124 MB, 244 MB goal, 0 MB stacks, 0 MB globals, 20 P
gc 6329 @208.682s 0%: 0.020+3.2+0.006 ms clock, 0.40+0/3.6/0.014+0.12 ms cpu, 245->245->130 MB, 249 MB goal, 0 MB stacks, 0 MB globals, 20 P
gc 6330 @208.707s 0%: 0.022+0.95+0.005 ms clock, 0.45+0/1.2/0.026+0.10 ms cpu, 252->256->121 MB, 260 MB goal, 0 MB stacks, 0 MB globals, 20 P
gc 6331 @208.723s 0%: 0.018+3.0+0.003 ms clock, 0.37+0/3.4/0+0.073 ms cpu, 234->234->124 MB, 243 MB goal, 0 MB stacks, 0 MB globals, 20 P
gc 6332 @208.751s 0%: 0.021+0.49+0.012 ms clock, 0.43+0/0.71/0+0.24 ms cpu, 250->250->145 MB, 251 MB goal, 0 MB stacks, 0 MB globals, 20 P
gc 6333 @208.793s 0%: 0.025+6.2+0.005 ms clock, 0.51+0/7.0/0.043+0.10 ms cpu, 287->287->128 MB, 290 MB goal, 0 MB stacks, 0 MB globals, 20 P
gc 6334 @208.837s 0%: 0.028+0.42+0.004 ms clock, 0.56+0.080/0.86/0+0.095 ms cpu, 246->247->109 MB, 257 MB goal, 0 MB stacks, 0 MB globals, 20 P
gc 6335 @208.850s 0%: 0.017+0.52+0.015 ms clock, 0.34+0/1.0/0+0.31 ms cpu, 209->209->112 MB, 219 MB goal, 0 MB stacks, 0 MB globals, 20 P
gc 6336 @208.877s 0%: 0.038+8.1+0.004 ms clock, 0.77+0/9.4/0.11+0.088 ms cpu, 224->224->119 MB, 224 MB goal, 0 MB stacks, 0 MB globals, 20 P
gc 6337 @208.903s 0%: 0.021+1.0+0.006 ms clock, 0.43+0/1.4/0.001+0.13 ms cpu, 230->230->105 MB, 240 MB goal, 0 MB stacks, 0 MB globals, 20 P
gc 6338 @208.918s 0%: 0.019+0.42+0.026 ms clock, 0.39+0/0.81/0.005+0.52 ms cpu, 201->205->108 MB, 210 MB goal, 0 MB stacks, 0 MB globals, 20 P
gc 6339 @208.935s 0%: 0.023+0.76+3.6 ms clock, 0.46+0/1.6/0.10+72 ms cpu, 210->217->114 MB, 217 MB goal, 0 MB stacks, 0 MB globals, 20 P
gc 6340 @208.964s 0%: 0.030+7.9+0.009 ms clock, 0.60+0/8.4/0.10+0.18 ms cpu, 225->225->113 MB, 229 MB goal, 0 MB stacks, 0 MB globals, 20 P
gc 6341 @208.995s 0%: 0.032+1.9+0.009 ms clock, 0.65+0/2.8/0.080+0.18 ms cpu, 218->218->117 MB, 226 MB goal, 0 MB stacks, 0 MB globals, 20 P
gc 6342 @209.023s 0%: 0.023+1.5+0.004 ms clock, 0.47+0/1.9/0+0.085 ms cpu, 226->226->122 MB, 235 MB goal, 0 MB stacks, 0 MB globals, 20 P
gc 6343 @209.055s 0%: 0.029+0.64+0.006 ms clock, 0.59+0/0.92/0+0.13 ms cpu, 234->237->113 MB, 244 MB goal, 0 MB stacks, 0 MB globals, 20 P
gc 6344 @209.074s 0%: 0.033+7.6+0.005 ms clock, 0.66+0/8.6/0.094+0.11 ms cpu, 230->230->121 MB, 230 MB goal, 0 MB stacks, 0 MB globals, 20 P
gc 6345 @209.107s 0%: 0.028+0.64+0.019 ms clock, 0.56+0/1.3/0.080+0.38 ms cpu, 237->237->138 MB, 242 MB goal, 0 MB stacks, 0 MB globals, 20 P
gc 6346 @209.144s 0%: 0.032+6.2+0.011 ms clock, 0.65+0/7.2/0.001+0.22 ms cpu, 270->270->116 MB, 277 MB goal, 0 MB stacks, 0 MB globals, 20 P
gc 6347 @209.180s 0%: 0.033+1.6+0.006 ms clock, 0.67+0/2.8/0.26+0.13 ms cpu, 232->232->121 MB, 233 MB goal, 0 MB stacks, 0 MB globals, 20 P
gc 6348 @209.208s 0%: 0.021+0.58+0.014 ms clock, 0.43+0/0.74/0+0.28 ms cpu, 243->243->139 MB, 244 MB goal, 0 MB stacks, 0 MB globals, 20 P
gc 6349 @209.231s 0%: 0.017+3.3+0.005 ms clock, 0.34+0/3.7/0+0.10 ms cpu, 280->280->119 MB, 280 MB goal, 0 MB stacks, 0 MB globals, 20 P
gc 6350 @209.252s 0%: 0.029+2.9+0.003 ms clock, 0.59+0/1.7/0+0.074 ms cpu, 233->238->115 MB, 239 MB goal, 0 MB stacks, 0 MB globals, 20 P
gc 6351 @209.271s 0%: 0.022+1.0+0.007 ms clock, 0.45+0/1.8/0.006+0.15 ms cpu, 226->226->114 MB, 230 MB goal, 0 MB stacks, 0 MB globals, 20 P
gc 6352 @209.297s 0%: 0.028+7.0+0.004 ms clock, 0.57+0/7.5/0+0.085 ms cpu, 230->230->119 MB, 230 MB goal, 0 MB stacks, 0 MB globals, 20 P
gc 6353 @209.325s 0%: 0.020+0.38+0.008 ms clock, 0.40+0/0.81/0+0.16 ms cpu, 241->241->136 MB, 241 MB goal, 0 MB stacks, 0 MB globals, 20 P
gc 6354 @209.348s 0%: 0.019+0.65+0.006 ms clock, 0.38+0/1.1/0+0.12 ms cpu, 269->269->114 MB, 273 MB goal, 0 MB stacks, 0 MB globals, 20 P
gc 6355 @209.365s 0%: 0.019+2.0+0.003 ms clock, 0.39+0/2.5/0.046+0.073 ms cpu, 229->229->120 MB, 229 MB goal, 0 MB stacks, 0 MB globals, 20 P
gc 6356 @209.386s 0%: 0.021+0.47+0.011 ms clock, 0.42+0/0.75/0+0.22 ms cpu, 242->242->137 MB, 242 MB goal, 0 MB stacks, 0 MB globals, 20 P
gc 6357 @209.410s 0%: 0.017+2.6+0.003 ms clock, 0.35+0/2.8/0+0.071 ms cpu, 270->270->117 MB, 275 MB goal, 0 MB stacks, 0 MB globals, 20 P
gc 6358 @209.432s 0%: 0.017+0.54+0.005 ms clock, 0.34+0.049/0.78/0.003+0.11 ms cpu, 228->230->111 MB, 234 MB goal, 0 MB stacks, 0 MB globals, 20 P
gc 6359 @209.447s 0%: 0.018+0.88+0.017 ms clock, 0.37+0/1.3/0+0.35 ms cpu, 223->223->115 MB, 223 MB goal, 0 MB stacks, 0 MB globals, 20 P
gc 6360 @209.470s 0%: 0.034+7.9+0.006 ms clock, 0.68+0/8.5/0.010+0.12 ms cpu, 229->229->119 MB, 232 MB goal, 0 MB stacks, 0 MB globals, 20 P
gc 6361 @209.506s 0%: 0.020+0.62+0.006 ms clock, 0.41+0.21/0.46/0+0.12 ms cpu, 233->236->108 MB, 238 MB goal, 0 MB stacks, 0 MB globals, 20 P
gc 6362 @209.525s 0%: 0.028+0.75+0.007 ms clock, 0.57+0/1.7/0.072+0.15 ms cpu, 212->212->107 MB, 217 MB goal, 0 MB stacks, 0 MB globals, 20 P
gc 6363 @209.548s 0%: 0.020+1.2+0.003 ms clock, 0.40+0/1.5/0+0.066 ms cpu, 218->218->113 MB, 218 MB goal, 0 MB stacks, 0 MB globals, 20 P
gc 6364 @209.568s 0%: 0.024+6.2+0.005 ms clock, 0.48+0/6.5/0+0.11 ms cpu, 222->222->118 MB, 228 MB goal, 0 MB stacks, 0 MB globals, 20 P
gc 6365 @209.595s 0%: 0.022+0.58+0.008 ms clock, 0.45+0.16/0.73/0+0.16 ms cpu, 232->233->110 MB, 237 MB goal, 0 MB stacks, 0 MB globals, 20 P
gc 6366 @209.612s 0%: 0.019+2.0+0.004 ms clock, 0.38+0/2.4/0+0.092 ms cpu, 220->220->112 MB, 221 MB goal, 0 MB stacks, 0 MB globals, 20 P
gc 6367 @209.630s 0%: 0.018+1.0+0.005 ms clock, 0.36+0/1.3/0+0.11 ms cpu, 229->229->117 MB, 229 MB goal, 0 MB stacks, 0 MB globals, 20 P
gc 6368 @209.655s 0%: 0.029+9.2+0.006 ms clock, 0.59+0/10/0.073+0.13 ms cpu, 238->238->124 MB, 238 MB goal, 0 MB stacks, 0 MB globals, 20 P
gc 6369 @209.688s 0%: 0.025+0.63+0.005 ms clock, 0.51+0.11/1.0/0+0.10 ms cpu, 247->247->116 MB, 249 MB goal, 0 MB stacks, 0 MB globals, 20 P
gc 6370 @209.712s 0%: 0.030+3.9+0.006 ms clock, 0.60+0/5.0/0.10+0.12 ms cpu, 232->232->121 MB, 233 MB goal, 0 MB stacks, 0 MB globals, 20 P
gc 6371 @209.749s 0%: 0.019+0.37+0.013 ms clock, 0.39+0/0.76/0.001+0.26 ms cpu, 247->247->137 MB, 247 MB goal, 0 MB stacks, 0 MB globals, 20 P
gc 6372 @209.774s 0%: 0.021+3.4+0.003 ms clock, 0.43+0/3.8/0.016+0.072 ms cpu, 279->279->119 MB, 279 MB goal, 0 MB stacks, 0 MB globals, 20 P
gc 6373 @209.794s 0%: 0.020+3.7+0.003 ms clock, 0.40+0/4.1/0+0.074 ms cpu, 240->240->125 MB, 240 MB goal, 0 MB stacks, 0 MB globals, 20 P
gc 6374 @209.824s 0%: 0.026+2.1+0.005 ms clock, 0.52+0/3.1/0.043+0.10 ms cpu, 248->248->113 MB, 251 MB goal, 0 MB stacks, 0 MB globals, 20 P
gc 6375 @209.848s 0%: 0.022+0.99+0.004 ms clock, 0.45+0/1.3/0+0.093 ms cpu, 229->229->117 MB, 229 MB goal, 0 MB stacks, 0 MB globals, 20 P
gc 6376 @209.881s 0%: 0.021+0.50+0.004 ms clock, 0.42+0.071/1.0/0+0.087 ms cpu, 233->234->111 MB, 235 MB goal, 0 MB stacks, 0 MB globals, 20 P
gc 6377 @209.899s 0%: 0.018+0.57+0.003 ms clock, 0.36+0/0.90/0+0.065 ms cpu, 219->219->112 MB, 223 MB goal, 0 MB stacks, 0 MB globals, 20 P
gc 6378 @209.923s 0%: 0.022+5.1+0.006 ms clock, 0.45+0/5.5/0+0.13 ms cpu, 225->225->118 MB, 226 MB goal, 0 MB stacks, 0 MB globals, 20 P
gc 6379 @209.947s 0%: 0.018+0.52+0.055 ms clock, 0.37+0/0.70/0+1.1 ms cpu, 240->240->135 MB, 240 MB goal, 0 MB stacks, 0 MB globals, 20 P
gc 6380 @209.974s 0%: 0.018+0.82+0.003 ms clock, 0.37+0/1.5/0.023+0.065 ms cpu, 267->267->113 MB, 270 MB goal, 0 MB stacks, 0 MB globals, 20 P
gc 6381 @209.999s 0%: 0.024+1.5+0.004 ms clock, 0.49+0/2.2/0.020+0.094 ms cpu, 228->228->119 MB, 228 MB goal, 0 MB stacks, 0 MB globals, 20 P
gc 6382 @210.021s 0%: 0.017+0.52+0.016 ms clock, 0.35+0/0.87/0+0.33 ms cpu, 241->241->136 MB, 241 MB goal, 0 MB stacks, 0 MB globals, 20 P
gc 6383 @210.045s 0%: 0.018+3.9+0.005 ms clock, 0.36+0/4.2/0+0.11 ms cpu, 278->278->119 MB, 278 MB goal, 0 MB stacks, 0 MB globals, 20 P
gc 6384 @210.063s 0%: 0.017+3.4+0.003 ms clock, 0.35+0/3.9/0+0.077 ms cpu, 240->240->128 MB, 240 MB goal, 0 MB stacks, 0 MB globals, 20 P
gc 6385 @210.086s 0%: 0.018+0.72+0.004 ms clock, 0.36+0/1.2/0+0.080 ms cpu, 257->257->119 MB, 257 MB goal, 0 MB stacks, 0 MB globals, 20 P
gc 6386 @210.107s 0%: 0.023+0.57+0.004 ms clock, 0.47+0.10/1.0/0.025+0.095 ms cpu, 236->238->111 MB, 239 MB goal, 0 MB stacks, 0 MB globals, 20 P
gc 6387 @210.124s 0%: 0.017+0.65+0.006 ms clock, 0.34+0/1.0/0.080+0.13 ms cpu, 220->220->112 MB, 223 MB goal, 0 MB stacks, 0 MB globals, 20 P
gc 6388 @210.148s 0%: 0.022+4.8+0.020 ms clock, 0.45+0/5.4/0+0.41 ms cpu, 224->224->117 MB, 224 MB goal, 0 MB stacks, 0 MB globals, 20 P
gc 6389 @210.171s 0%: 0.018+0.80+0.014 ms clock, 0.36+0/1.0/0+0.28 ms cpu, 234->234->105 MB, 236 MB goal, 0 MB stacks, 0 MB globals, 20 P
gc 6390 @210.198s 0%: 0.030+7.2+0.008 ms clock, 0.60+0/8.1/0+0.17 ms cpu, 215->215->108 MB, 215 MB goal, 0 MB stacks, 0 MB globals, 20 P
gc 6391 @210.226s 0%: 0.036+2.2+0.008 ms clock, 0.72+0/3.1/0.010+0.16 ms cpu, 213->213->112 MB, 217 MB goal, 0 MB stacks, 0 MB globals, 20 P
gc 6392 @210.259s 0%: 0.020+0.47+0.014 ms clock, 0.40+0/0.73/0+0.28 ms cpu, 234->234->131 MB, 235 MB goal, 0 MB stacks, 0 MB globals, 20 P
gc 6393 @210.290s 0%: 0.036+6.3+0.009 ms clock, 0.73+0/7.4/0.14+0.19 ms cpu, 264->264->112 MB, 264 MB goal, 0 MB stacks, 0 MB globals, 20 P
gc 6394 @210.315s 0%: 0.017+1.3+0.005 ms clock, 0.35+0/1.5/0.003+0.11 ms cpu, 227->227->120 MB, 228 MB goal, 0 MB stacks, 0 MB globals, 20 P
gc 6395 @210.347s 0%: 0.034+0.62+0.019 ms clock, 0.68+0/1.5/0+0.38 ms cpu, 242->242->139 MB, 242 MB goal, 0 MB stacks, 0 MB globals, 20 P
gc 6396 @210.389s 0%: 0.029+4.9+0.003 ms clock, 0.58+0/5.6/0.057+0.075 ms cpu, 282->282->123 MB, 282 MB goal, 0 MB stacks, 0 MB globals, 20 P
gc 6397 @210.422s 0%: 0.017+0.51+0.005 ms clock, 0.35+0.18/0.49/0.032+0.10 ms cpu, 244->245->112 MB, 247 MB goal, 0 MB stacks, 0 MB globals, 20 P
gc 6398 @210.440s 0%: 0.025+4.5+0.004 ms clock, 0.51+0/4.9/0+0.094 ms cpu, 222->222->116 MB, 225 MB goal, 0 MB stacks, 0 MB globals, 20 P
gc 6399 @210.474s 0%: 0.037+0.70+0.011 ms clock, 0.75+0.055/1.5/0.056+0.22 ms cpu, 230->232->105 MB, 234 MB goal, 0 MB stacks, 0 MB globals, 20 P
gc 6400 @210.497s 0%: 0.016+0.52+0.003 ms clock, 0.33+0/1.0/0+0.067 ms cpu, 209->209->105 MB, 211 MB goal, 0 MB stacks, 0 MB globals, 20 P
gc 6401 @210.524s 0%: 0.031+4.1+0.009 ms clock, 0.62+0/5.3/0.006+0.18 ms cpu, 210->210->108 MB, 212 MB goal, 0 MB stacks, 0 MB globals, 20 P
gc 6402 @210.549s 0%: 0.019+3.6+0.005 ms clock, 0.39+0/4.0/0+0.11 ms cpu, 219->219->111 MB, 219 MB goal, 0 MB stacks, 0 MB globals, 20 P
gc 6403 @210.568s 0%: 0.020+2.8+0.005 ms clock, 0.40+0/3.1/0+0.10 ms cpu, 232->232->119 MB, 232 MB goal, 0 MB stacks, 0 MB globals, 20 P
gc 6404 @210.593s 0%: 0.018+0.43+0.005 ms clock, 0.36+0.19/0.47/0.014+0.11 ms cpu, 236->236->108 MB, 238 MB goal, 0 MB stacks, 0 MB globals, 20 P
gc 6405 @210.612s 0%: 0.023+0.61+0.004 ms clock, 0.46+0/1.4/0+0.086 ms cpu, 216->216->114 MB, 217 MB goal, 0 MB stacks, 0 MB globals, 20 P
gc 6406 @210.632s 0%: 0.021+3.1+0.016 ms clock, 0.43+0/3.4/0.017+0.32 ms cpu, 231->231->122 MB, 231 MB goal, 0 MB stacks, 0 MB globals, 20 P
gc 6407 @210.673s 0%: 0.027+0.71+0.007 ms clock, 0.54+0.13/1.4/0.008+0.15 ms cpu, 241->242->113 MB, 245 MB goal, 0 MB stacks, 0 MB globals, 20 P
gc 6408 @210.697s 0%: 0.019+0.78+0.004 ms clock, 0.38+0/1.2/0+0.097 ms cpu, 225->225->118 MB, 226 MB goal, 0 MB stacks, 0 MB globals, 20 P
gc 6409 @210.720s 0%: 0.022+0.44+0.005 ms clock, 0.44+0/0.79/0+0.10 ms cpu, 244->244->133 MB, 244 MB goal, 0 MB stacks, 0 MB globals, 20 P
gc 6410 @210.741s 0%: 0.023+3.6+0.003 ms clock, 0.46+0/3.9/0+0.071 ms cpu, 269->269->116 MB, 269 MB goal, 0 MB stacks, 0 MB globals, 20 P
gc 6411 @210.770s 0%: 0.022+0.92+0.27 ms clock, 0.45+0/1.4/0.023+5.5 ms cpu, 229->229->102 MB, 233 MB goal, 0 MB stacks, 0 MB globals, 20 P
gc 6412 @210.788s 0%: 0.020+1.3+0.005 ms clock, 0.40+0/1.9/0+0.11 ms cpu, 204->204->103 MB, 204 MB goal, 0 MB stacks, 0 MB globals, 20 P
gc 6413 @210.808s 0%: 0.021+0.90+0.005 ms clock, 0.43+0/1.5/0.007+0.11 ms cpu, 208->208->107 MB, 208 MB goal, 0 MB stacks, 0 MB globals, 20 P
gc 6414 @210.830s 0%: 0.021+4.1+0.005 ms clock, 0.42+0/4.3/0.006+0.11 ms cpu, 218->218->113 MB, 218 MB goal, 0 MB stacks, 0 MB globals, 20 P
gc 6415 @210.855s 0%: 0.020+3.2+0.003 ms clock, 0.40+0/3.7/0+0.075 ms cpu, 234->234->120 MB, 234 MB goal, 0 MB stacks, 0 MB globals, 20 P
gc 6416 @210.879s 0%: 0.018+0.58+0.003 ms clock, 0.37+0.048/0.82/0+0.075 ms cpu, 237->240->114 MB, 241 MB goal, 0 MB stacks, 0 MB globals, 20 P
gc 6417 @210.905s 0%: 0.030+1.8+0.009 ms clock, 0.60+0/2.6/0+0.18 ms cpu, 232->232->119 MB, 232 MB goal, 0 MB stacks, 0 MB globals, 20 P
gc 6418 @210.925s 0%: 0.020+0.46+0.007 ms clock, 0.40+0/1.0/0+0.15 ms cpu, 245->245->138 MB, 245 MB goal, 0 MB stacks, 0 MB globals, 20 P
gc 6419 @210.952s 0%: 0.024+4.9+0.14 ms clock, 0.48+0/5.4/0+2.9 ms cpu, 280->280->117 MB, 280 MB goal, 0 MB stacks, 0 MB globals, 20 P
gc 6420 @210.976s 0%: 0.026+1.7+0.006 ms clock, 0.53+0/2.5/0+0.13 ms cpu, 238->238->123 MB, 238 MB goal, 0 MB stacks, 0 MB globals, 20 P
gc 6421 @211.004s 0%: 0.017+1.5+0.008 ms clock, 0.34+0/1.9/0.002+0.16 ms cpu, 246->246->111 MB, 247 MB goal, 0 MB stacks, 0 MB globals, 20 P
gc 6422 @211.024s 0%: 0.039+3.2+0.007 ms clock, 0.78+0.013/3.7/0.044+0.15 ms cpu, 219->219->113 MB, 222 MB goal, 0 MB stacks, 0 MB globals, 20 P
gc 6423 @211.044s 0%: 0.085+2.0+0.005 ms clock, 1.7+0/2.4/0+0.10 ms cpu, 224->224->118 MB, 227 MB goal, 0 MB stacks, 0 MB globals, 20 P
gc 6424 @211.071s 0%: 0.032+4.3+0.006 ms clock, 0.65+0/4.8/0.002+0.12 ms cpu, 239->239->127 MB, 239 MB goal, 0 MB stacks, 0 MB globals, 20 P
gc 6425 @211.107s 0%: 0.017+0.54+0.004 ms clock, 0.34+0.071/0.88/0+0.093 ms cpu, 254->254->117 MB, 255 MB goal, 0 MB stacks, 0 MB globals, 20 P
gc 6426 @211.136s 0%: 0.031+2.7+0.006 ms clock, 0.63+0/3.8/0+0.12 ms cpu, 239->239->123 MB, 239 MB goal, 0 MB stacks, 0 MB globals, 20 P
gc 6427 @211.159s 0%: 0.018+0.41+0.004 ms clock, 0.37+0.086/0.75/0.003+0.084 ms cpu, 243->245->114 MB, 246 MB goal, 0 MB stacks, 0 MB globals, 20 P
gc 6428 @211.173s 0%: 0.019+3.9+0.007 ms clock, 0.38+0/4.5/0+0.14 ms cpu, 233->233->118 MB, 233 MB goal, 0 MB stacks, 0 MB globals, 20 P
gc 6429 @211.197s 0%: 0.020+3.5+0.009 ms clock, 0.41+0/3.9/0+0.19 ms cpu, 238->238->123 MB, 238 MB goal, 0 MB stacks, 0 MB globals, 20 P
gc 6430 @211.229s 0%: 0.022+0.63+0.006 ms clock, 0.45+0/0.97/0+0.13 ms cpu, 245->245->110 MB, 247 MB goal, 0 MB stacks, 0 MB globals, 20 P
gc 6431 @211.249s 0%: 0.022+0.74+0.005 ms clock, 0.44+0/1.4/0.013+0.10 ms cpu, 218->218->113 MB, 221 MB goal, 0 MB stacks, 0 MB globals, 20 P
gc 6432 @211.276s 0%: 0.021+2.7+0.003 ms clock, 0.43+0/2.9/0.001+0.074 ms cpu, 224->224->117 MB, 227 MB goal, 0 MB stacks, 0 MB globals, 20 P
gc 6433 @211.297s 0%: 0.020+3.1+0.004 ms clock, 0.41+0/3.5/0+0.088 ms cpu, 238->238->122 MB, 238 MB goal, 0 MB stacks, 0 MB globals, 20 P
gc 6434 @211.320s 0%: 0.017+0.65+0.003 ms clock, 0.35+0.020/0.66/0+0.072 ms cpu, 242->245->117 MB, 245 MB goal, 0 MB stacks, 0 MB globals, 20 P
gc 6435 @211.337s 0%: 0.020+3.1+0.005 ms clock, 0.41+0/3.4/0+0.11 ms cpu, 239->239->123 MB, 239 MB goal, 0 MB stacks, 0 MB globals, 20 P
gc 6436 @211.358s 0%: 0.018+0.46+0.005 ms clock, 0.37+0/0.79/0+0.11 ms cpu, 246->246->112 MB, 247 MB goal, 0 MB stacks, 0 MB globals, 20 P
gc 6437 @211.374s 0%: 0.018+0.85+0.003 ms clock, 0.36+0/1.1/0+0.079 ms cpu, 224->224->116 MB, 225 MB goal, 0 MB stacks, 0 MB globals, 20 P
gc 6438 @211.391s 0%: 0.023+6.5+0.11 ms clock, 0.47+0/7.0/0.009+2.3 ms cpu, 231->242->131 MB, 233 MB goal, 0 MB stacks, 0 MB globals, 20 P
gc 6439 @211.422s 0%: 0.018+0.68+0.004 ms clock, 0.36+0/1.3/0.002+0.081 ms cpu, 255->255->111 MB, 263 MB goal, 0 MB stacks, 0 MB globals, 20 P
gc 6440 @211.436s 0%: 0.019+0.77+0.003 ms clock, 0.39+0/1.2/0+0.070 ms cpu, 211->211->115 MB, 222 MB goal, 0 MB stacks, 0 MB globals, 20 P
gc 6441 @211.465s 0%: 0.022+2.4+0.003 ms clock, 0.45+0/3.1/0+0.078 ms cpu, 231->231->120 MB, 231 MB goal, 0 MB stacks, 0 MB globals, 20 P
gc 6442 @211.493s 0%: 0.021+0.51+0.008 ms clock, 0.42+0/0.76/0+0.16 ms cpu, 242->242->137 MB, 242 MB goal, 0 MB stacks, 0 MB globals, 20 P
gc 6443 @211.518s 0%: 0.023+3.3+0.005 ms clock, 0.46+0/3.8/0.004+0.11 ms cpu, 270->270->115 MB, 275 MB goal, 0 MB stacks, 0 MB globals, 20 P
gc 6444 @211.537s 0%: 0.019+1.1+0.003 ms clock, 0.39+0/1.4/0+0.071 ms cpu, 231->231->122 MB, 231 MB goal, 0 MB stacks, 0 MB globals, 20 P
gc 6445 @211.564s 0%: 0.023+0.64+0.006 ms clock, 0.46+0/0.82/0+0.13 ms cpu, 244->244->142 MB, 244 MB goal, 0 MB stacks, 0 MB globals, 20 P
gc 6446 @211.593s 0%: 0.020+0.77+0.016 ms clock, 0.41+0/1.1/0+0.33 ms cpu, 274->274->121 MB, 285 MB goal, 0 MB stacks, 0 MB globals, 20 P
gc 6447 @211.610s 0%: 0.018+1.5+0.003 ms clock, 0.37+0/1.8/0+0.077 ms cpu, 236->236->126 MB, 243 MB goal, 0 MB stacks, 0 MB globals, 20 P
gc 6448 @211.632s 0%: 0.024+0.71+0.004 ms clock, 0.49+0/1.1/0+0.089 ms cpu, 241->244->114 MB, 252 MB goal, 0 MB stacks, 0 MB globals, 20 P
gc 6449 @211.667s 0%: 0.031+2.0+0.008 ms clock, 0.62+0/2.9/0+0.16 ms cpu, 226->226->120 MB, 229 MB goal, 0 MB stacks, 0 MB globals, 20 P
gc 6450 @211.688s 0%: 0.022+0.51+0.009 ms clock, 0.44+0/0.74/0.015+0.19 ms cpu, 236->236->133 MB, 241 MB goal, 0 MB stacks, 0 MB globals, 20 P
gc 6451 @211.731s 0%: 0.032+7.3+0.009 ms clock, 0.64+0/8.5/0.003+0.19 ms cpu, 265->265->113 MB, 267 MB goal, 0 MB stacks, 0 MB globals, 20 P
gc 6452 @211.768s 0%: 0.029+4.8+0.009 ms clock, 0.59+0/5.6/0.031+0.19 ms cpu, 225->225->118 MB, 227 MB goal, 0 MB stacks, 0 MB globals, 20 P
gc 6453 @211.800s 0%: 0.018+0.35+0.003 ms clock, 0.37+0.089/0.74/0.007+0.061 ms cpu, 226->227->103 MB, 237 MB goal, 0 MB stacks, 0 MB globals, 20 P
gc 6454 @211.817s 0%: 0.038+0.53+0.006 ms clock, 0.77+0/1.0/0+0.13 ms cpu, 196->198->105 MB, 207 MB goal, 0 MB stacks, 0 MB globals, 20 P
gc 6455 @211.833s 0%: 0.018+1.1+0.005 ms clock, 0.37+0/0.85/0+0.11 ms cpu, 200->204->109 MB, 211 MB goal, 0 MB stacks, 0 MB globals, 20 P
gc 6456 @211.848s 0%: 0.017+0.46+0.003 ms clock, 0.34+0/0.75/0+0.075 ms cpu, 212->212->111 MB, 219 MB goal, 0 MB stacks, 0 MB globals, 20 P
gc 6457 @211.864s 0%: 0.026+3.3+0.007 ms clock, 0.52+0/3.9/0.024+0.15 ms cpu, 215->215->115 MB, 222 MB goal, 0 MB stacks, 0 MB globals, 20 P
gc 6458 @211.897s 0%: 0.028+5.6+0.004 ms clock, 0.57+0/6.0/0+0.098 ms cpu, 225->225->120 MB, 231 MB goal, 0 MB stacks, 0 MB globals, 20 P
gc 6459 @211.922s 0%: 0.021+0.59+0.012 ms clock, 0.42+0/0.90/0+0.24 ms cpu, 237->237->138 MB, 240 MB goal, 0 MB stacks, 0 MB globals, 20 P
gc 6460 @211.944s 0%: 0.019+3.7+0.003 ms clock, 0.39+0/4.2/0.023+0.071 ms cpu, 276->276->122 MB, 277 MB goal, 0 MB stacks, 0 MB globals, 20 P
gc 6461 @211.969s 0%: 0.017+2.1+0.008 ms clock, 0.35+0/0.89/0+0.16 ms cpu, 236->239->111 MB, 246 MB goal, 0 MB stacks, 0 MB globals, 20 P
gc 6462 @211.994s 0%: 0.029+1.4+0.008 ms clock, 0.59+0/2.4/0.16+0.16 ms cpu, 222->222->114 MB, 223 MB goal, 0 MB stacks, 0 MB globals, 20 P
gc 6463 @212.025s 0%: 0.031+8.1+0.003 ms clock, 0.62+0/8.7/0+0.077 ms cpu, 235->235->119 MB, 235 MB goal, 0 MB stacks, 0 MB globals, 20 P
gc 6464 @212.061s 0%: 0.018+0.62+0.003 ms clock, 0.37+0.16/0.61/0.004+0.073 ms cpu, 236->239->108 MB, 239 MB goal, 0 MB stacks, 0 MB globals, 20 P
gc 6465 @212.082s 0%: 0.021+0.60+0.006 ms clock, 0.42+0/1.1/0.077+0.13 ms cpu, 213->213->110 MB, 217 MB goal, 0 MB stacks, 0 MB globals, 20 P
gc 6466 @212.115s 0%: 0.027+3.6+0.003 ms clock, 0.55+0/3.8/0+0.077 ms cpu, 227->227->117 MB, 227 MB goal, 0 MB stacks, 0 MB globals, 20 P
gc 6467 @212.148s 0%: 0.017+0.50+0.003 ms clock, 0.34+0.13/0.81/0+0.072 ms cpu, 233->233->110 MB, 234 MB goal, 0 MB stacks, 0 MB globals, 20 P
gc 6468 @212.164s 0%: 0.023+1.9+0.003 ms clock, 0.46+0/2.6/0.094+0.073 ms cpu, 219->219->118 MB, 220 MB goal, 0 MB stacks, 0 MB globals, 20 P
gc 6469 @212.183s 0%: 0.020+0.50+0.011 ms clock, 0.41+0/0.69/0+0.23 ms cpu, 234->234->131 MB, 236 MB goal, 0 MB stacks, 0 MB globals, 20 P
gc 6470 @212.201s 0%: 0.018+4.4+0.005 ms clock, 0.36+0/4.8/0+0.11 ms cpu, 268->268->114 MB, 268 MB goal, 0 MB stacks, 0 MB globals, 20 P
gc 6471 @212.225s 0%: 0.11+0.36+0.009 ms clock, 2.3+0/0.81/0+0.19 ms cpu, 235->235->130 MB, 235 MB goal, 0 MB stacks, 0 MB globals, 20 P
gc 6472 @212.247s 0%: 0.017+0.80+0.003 ms clock, 0.34+0/1.1/0+0.075 ms cpu, 262->262->110 MB, 262 MB goal, 0 MB stacks, 0 MB globals, 20 P
gc 6473 @212.265s 0%: 0.023+1.3+0.10 ms clock, 0.47+0/1.8/0+2.0 ms cpu, 225->225->116 MB, 225 MB goal, 0 MB stacks, 0 MB globals, 20 P
gc 6474 @212.285s 0%: 0.020+0.40+0.005 ms clock, 0.41+0/0.72/0+0.10 ms cpu, 238->238->135 MB, 238 MB goal, 0 MB stacks, 0 MB globals, 20 P
gc 6475 @212.307s 0%: 0.018+1.2+0.006 ms clock, 0.36+0/1.6/0+0.12 ms cpu, 268->268->116 MB, 271 MB goal, 0 MB stacks, 0 MB globals, 20 P
gc 6476 @212.323s 0%: 0.020+1.0+0.003 ms clock, 0.40+0/1.5/0+0.066 ms cpu, 232->232->124 MB, 234 MB goal, 0 MB stacks, 0 MB globals, 20 P
gc 6477 @212.349s 0%: 0.021+0.43+0.014 ms clock, 0.42+0/0.85/0+0.29 ms cpu, 247->247->142 MB, 249 MB goal, 0 MB stacks, 0 MB globals, 20 P
gc 6478 @212.397s 0%: 0.040+0.59+0.019 ms clock, 0.80+0/1.2/0+0.39 ms cpu, 292->292->136 MB, 293 MB goal, 0 MB stacks, 0 MB globals, 20 P
gc 6479 @212.426s 0%: 0.027+1.3+0.005 ms clock, 0.55+0/2.3/0+0.11 ms cpu, 278->278->118 MB, 278 MB goal, 0 MB stacks, 0 MB globals, 20 P
gc 6480 @212.451s 0%: 0.023+0.57+0.020 ms clock, 0.47+0/1.6/0.25+0.41 ms cpu, 237->237->108 MB, 238 MB goal, 0 MB stacks, 0 MB globals, 20 P
gc 6481 @212.467s 0%: 0.15+3.3+0.004 ms clock, 3.1+0/3.6/0+0.086 ms cpu, 219->219->111 MB, 219 MB goal, 0 MB stacks, 0 MB globals, 20 P
gc 6482 @212.492s 0%: 0.034+9.0+0.005 ms clock, 0.69+0/9.6/0+0.10 ms cpu, 226->226->116 MB, 226 MB goal, 0 MB stacks, 0 MB globals, 20 P
gc 6483 @212.525s 0%: 0.021+0.50+0.008 ms clock, 0.43+0/0.57/0.11+0.17 ms cpu, 238->238->132 MB, 238 MB goal, 0 MB stacks, 0 MB globals, 20 P
gc 6484 @212.551s 0%: 0.034+5.2+0.004 ms clock, 0.68+0/6.1/0.17+0.086 ms cpu, 265->265->114 MB, 266 MB goal, 0 MB stacks, 0 MB globals, 20 P
gc 6485 @212.586s 0%: 0.035+5.5+0.005 ms clock, 0.70+0/6.4/0.040+0.10 ms cpu, 229->229->120 MB, 230 MB goal, 0 MB stacks, 0 MB globals, 20 P
gc 6486 @212.613s 0%: 0.026+0.89+0.020 ms clock, 0.52+0/1.5/0.048+0.40 ms cpu, 240->240->115 MB, 241 MB goal, 0 MB stacks, 0 MB globals, 20 P
gc 6487 @212.628s 0%: 0.024+5.7+0.094 ms clock, 0.48+0/6.7/0.088+1.8 ms cpu, 237->250->136 MB, 237 MB goal, 0 MB stacks, 0 MB globals, 20 P
gc 6488 @212.659s 0%: 0.022+3.2+0.003 ms clock, 0.44+0/3.7/0.057+0.069 ms cpu, 267->267->113 MB, 274 MB goal, 0 MB stacks, 0 MB globals, 20 P
gc 6489 @212.687s 0%: 0.030+2.0+0.006 ms clock, 0.60+0/2.7/0+0.13 ms cpu, 225->225->118 MB, 227 MB goal, 0 MB stacks, 0 MB globals, 20 P
gc 6490 @212.710s 0%: 0.020+0.39+0.005 ms clock, 0.41+0.047/0.77/0+0.10 ms cpu, 224->225->102 MB, 236 MB goal, 0 MB stacks, 0 MB globals, 20 P
gc 6491 @212.724s 0%: 0.11+0.40+0.005 ms clock, 2.3+0.054/0.90/0.008+0.11 ms cpu, 192->194->104 MB, 205 MB goal, 0 MB stacks, 0 MB globals, 20 P
gc 6492 @212.739s 0%: 0.051+0.48+0.005 ms clock, 1.0+0.066/0.85/0+0.10 ms cpu, 195->198->106 MB, 208 MB goal, 0 MB stacks, 0 MB globals, 20 P
gc 6493 @212.753s 0%: 0.031+0.47+0.14 ms clock, 0.62+0/0.86/0.069+2.9 ms cpu, 201->202->108 MB, 213 MB goal, 0 MB stacks, 0 MB globals, 20 P
gc 6494 @212.770s 0%: 0.018+0.64+0.25 ms clock, 0.37+0/0.93/0.015+5.0 ms cpu, 204->210->113 MB, 217 MB goal, 0 MB stacks, 0 MB globals, 20 P
gc 6495 @212.791s 0%: 0.023+3.5+0.005 ms clock, 0.46+0/4.3/0.083+0.10 ms cpu, 221->221->115 MB, 226 MB goal, 0 MB stacks, 0 MB globals, 20 P
gc 6496 @212.823s 0%: 0.030+6.7+0.10 ms clock, 0.61+0/7.5/0+2.1 ms cpu, 226->226->122 MB, 230 MB goal, 0 MB stacks, 0 MB globals, 20 P
gc 6497 @212.847s 0%: 0.018+1.3+0.004 ms clock, 0.36+0/1.7/0+0.080 ms cpu, 242->242->128 MB, 244 MB goal, 0 MB stacks, 0 MB globals, 20 P
gc 6498 @212.880s 0%: 0.024+0.53+0.006 ms clock, 0.49+0/1.3/0.31+0.12 ms cpu, 251->251->116 MB, 257 MB goal, 0 MB stacks, 0 MB globals, 20 P
gc 6499 @212.900s 0%: 0.057+2.9+0.004 ms clock, 1.1+0/3.3/0+0.097 ms cpu, 232->232->121 MB, 233 MB goal, 0 MB stacks, 0 MB globals, 20 P
gc 6500 @212.926s 0%: 0.019+0.50+0.008 ms clock, 0.38+0/0.85/0+0.17 ms cpu, 249->249->138 MB, 249 MB goal, 0 MB stacks, 0 MB globals, 20 P
gc 6501 @212.945s 0%: 0.017+4.4+0.004 ms clock, 0.35+0/4.7/0+0.088 ms cpu, 276->276->122 MB, 277 MB goal, 0 MB stacks, 0 MB globals, 20 P
gc 6502 @212.967s 0%: 0.017+0.47+0.002 ms clock, 0.34+0.040/0.82/0+0.055 ms cpu, 242->242->110 MB, 246 MB goal, 0 MB stacks, 0 MB globals, 20 P
gc 6503 @212.980s 0%: 0.016+0.54+0.003 ms clock, 0.33+0/0.99/0+0.061 ms cpu, 217->217->112 MB, 221 MB goal, 0 MB stacks, 0 MB globals, 20 P
gc 6504 @212.994s 0%: 0.018+5.7+0.003 ms clock, 0.37+0/6.1/0+0.078 ms cpu, 232->232->118 MB, 232 MB goal, 0 MB stacks, 0 MB globals, 20 P
gc 6505 @213.017s 0%: 0.018+0.67+0.071 ms clock, 0.36+0/1.0/0.002+1.4 ms cpu, 231->231->103 MB, 236 MB goal, 0 MB stacks, 0 MB globals, 20 P
gc 6506 @213.029s 0%: 0.016+2.5+0.004 ms clock, 0.33+0/2.8/0+0.080 ms cpu, 202->202->107 MB, 208 MB goal, 0 MB stacks, 0 MB globals, 20 P
gc 6507 @213.047s 0%: 0.025+2.8+0.005 ms clock, 0.51+0/3.2/0+0.11 ms cpu, 217->217->112 MB, 217 MB goal, 0 MB stacks, 0 MB globals, 20 P
gc 6508 @213.065s 0%: 0.022+6.6+0.004 ms clock, 0.44+0/7.3/0.035+0.086 ms cpu, 233->233->119 MB, 233 MB goal, 0 MB stacks, 0 MB globals, 20 P
gc 6509 @213.095s 0%: 0.021+0.78+0.003 ms clock, 0.43+0/1.3/0.013+0.079 ms cpu, 238->238->111 MB, 239 MB goal, 0 MB stacks, 0 MB globals, 20 P
gc 6510 @213.108s 0%: 0.017+2.4+0.006 ms clock, 0.34+0/2.9/0+0.12 ms cpu, 220->220->113 MB, 222 MB goal, 0 MB stacks, 0 MB globals, 20 P
gc 6511 @213.143s 0%: 0.019+0.49+0.007 ms clock, 0.39+0/0.66/0+0.15 ms cpu, 229->229->130 MB, 229 MB goal, 0 MB stacks, 0 MB globals, 20 P
gc 6512 @213.161s 0%: 0.018+0.94+0.005 ms clock, 0.36+0/1.2/0.001+0.11 ms cpu, 254->254->109 MB, 260 MB goal, 0 MB stacks, 0 MB globals, 20 P
gc 6513 @213.187s 0%: 0.019+0.90+0.004 ms clock, 0.39+0/1.5/0.18+0.090 ms cpu, 219->219->112 MB, 219 MB goal, 0 MB stacks, 0 MB globals, 20 P
gc 6514 @213.217s 0%: 0.033+4.2+0.004 ms clock, 0.67+0/5.5/0.005+0.092 ms cpu, 233->233->119 MB, 233 MB goal, 0 MB stacks, 0 MB globals, 20 P
gc 6515 @213.244s 0%: 0.018+0.75+0.005 ms clock, 0.36+0/1.2/0.002+0.10 ms cpu, 234->234->110 MB, 239 MB goal, 0 MB stacks, 0 MB globals, 20 P
gc 6516 @213.267s 0%: 0.025+1.4+0.003 ms clock, 0.50+0/2.0/0.001+0.077 ms cpu, 216->216->115 MB, 222 MB goal, 0 MB stacks, 0 MB globals, 20 P
gc 6517 @213.281s 0%: 0.020+4.9+0.003 ms clock, 0.40+0/5.4/0.10+0.064 ms cpu, 227->227->123 MB, 231 MB goal, 0 MB stacks, 0 MB globals, 20 P
gc 6518 @213.316s 0%: 0.018+0.89+0.007 ms clock, 0.37+0.17/0.66/0+0.15 ms cpu, 241->244->111 MB, 246 MB goal, 0 MB stacks, 0 MB globals, 20 P
gc 6519 @213.332s 0%: 0.017+2.4+0.003 ms clock, 0.35+0.007/2.5/0.044+0.065 ms cpu, 220->220->112 MB, 224 MB goal, 0 MB stacks, 0 MB globals, 20 P
gc 6520 @213.349s 0%: 0.017+3.7+0.004 ms clock, 0.35+0/4.0/0+0.081 ms cpu, 223->223->116 MB, 225 MB goal, 0 MB stacks, 0 MB globals, 20 P
gc 6521 @213.369s 0%: 0.020+5.6+0.050 ms clock, 0.40+0/6.0/0+1.0 ms cpu, 237->251->135 MB, 237 MB goal, 0 MB stacks, 0 MB globals, 20 P
gc 6522 @213.407s 0%: 0.026+1.1+0.008 ms clock, 0.52+0/1.8/0+0.16 ms cpu, 260->260->115 MB, 271 MB goal, 0 MB stacks, 0 MB globals, 20 P
gc 6523 @213.438s 0%: 0.023+1.0+0.005 ms clock, 0.47+0/1.7/0.046+0.10 ms cpu, 226->226->122 MB, 230 MB goal, 0 MB stacks, 0 MB globals, 20 P
gc 6524 @213.455s 0%: 0.027+7.3+0.007 ms clock, 0.54+0/7.8/0+0.14 ms cpu, 243->243->128 MB, 244 MB goal, 0 MB stacks, 0 MB globals, 20 P
gc 6525 @213.489s 0%: 0.019+0.62+0.004 ms clock, 0.38+0/0.69/0.001+0.081 ms cpu, 243->245->117 MB, 257 MB goal, 0 MB stacks, 0 MB globals, 20 P
gc 6526 @213.515s 0%: 0.030+1.9+0.007 ms clock, 0.60+0/2.4/0+0.15 ms cpu, 222->222->120 MB, 235 MB goal, 0 MB stacks, 0 MB globals, 20 P
gc 6527 @213.535s 0%: 0.021+0.53+0.016 ms clock, 0.43+0/0.84/0.010+0.32 ms cpu, 230->230->135 MB, 240 MB goal, 0 MB stacks, 0 MB globals, 20 P
gc 6528 @213.566s 0%: 0.017+2.3+0.003 ms clock, 0.35+0/2.5/0+0.075 ms cpu, 258->258->113 MB, 270 MB goal, 0 MB stacks, 0 MB globals, 20 P
gc 6529 @213.587s 0%: 0.029+3.9+0.010 ms clock, 0.59+0/4.6/0.009+0.20 ms cpu, 219->219->118 MB, 227 MB goal, 0 MB stacks, 0 MB globals, 20 P
gc 6530 @213.609s 0%: 0.034+0.69+0.005 ms clock, 0.68+0/1.0/0.015+0.11 ms cpu, 223->224->102 MB, 236 MB goal, 0 MB stacks, 0 MB globals, 20 P
gc 6531 @213.622s 0%: 0.016+0.67+0.006 ms clock, 0.32+0.024/0.93/0.051+0.13 ms cpu, 191->193->102 MB, 205 MB goal, 0 MB stacks, 0 MB globals, 20 P
gc 6532 @213.631s 0%: 0.017+0.47+0.015 ms clock, 0.34+0/0.89/0+0.30 ms cpu, 191->191->129 MB, 204 MB goal, 0 MB stacks, 0 MB globals, 20 P
gc 6533 @213.658s 0%: 0.018+1.8+2.1 ms clock, 0.37+0/2.4/0.010+43 ms cpu, 247->254->114 MB, 259 MB goal, 0 MB stacks, 0 MB globals, 20 P
gc 6534 @213.677s 0%: 0.019+0.91+0.003 ms clock, 0.39+0/1.4/0.010+0.076 ms cpu, 225->225->115 MB, 230 MB goal, 0 MB stacks, 0 MB globals, 20 P
gc 6535 @213.693s 0%: 0.020+2.9+0.005 ms clock, 0.40+0/3.2/0+0.11 ms cpu, 220->220->119 MB, 230 MB goal, 0 MB stacks, 0 MB globals, 20 P
gc 6536 @213.710s 0%: 0.019+1.3+0.008 ms clock, 0.39+0/1.6/0+0.17 ms cpu, 227->227->123 MB, 238 MB goal, 0 MB stacks, 0 MB globals, 20 P
gc 6537 @213.736s 0%: 0.024+0.92+0.005 ms clock, 0.48+0/1.4/0.006+0.10 ms cpu, 244->244->117 MB, 248 MB goal, 0 MB stacks, 0 MB globals, 20 P
gc 6538 @213.760s 0%: 0.032+0.63+0.015 ms clock, 0.65+0/1.4/0.003+0.31 ms cpu, 234->234->133 MB, 235 MB goal, 0 MB stacks, 0 MB globals, 20 P
gc 6539 @213.798s 0%: 0.031+3.8+0.003 ms clock, 0.63+0/4.4/0.006+0.075 ms cpu, 266->266->114 MB, 267 MB goal, 0 MB stacks, 0 MB globals, 20 P
gc 6540 @213.821s 0%: 0.016+1.1+0.003 ms clock, 0.32+0/1.4/0.001+0.074 ms cpu, 230->230->119 MB, 230 MB goal, 0 MB stacks, 0 MB globals, 20 P
gc 6541 @213.839s 0%: 0.024+0.53+0.014 ms clock, 0.49+0/1.0/0.019+0.29 ms cpu, 241->241->136 MB, 241 MB goal, 0 MB stacks, 0 MB globals, 20 P
gc 6542 @213.871s 0%: 0.031+4.8+0.10 ms clock, 0.63+0/5.7/0.096+2.1 ms cpu, 268->268->114 MB, 273 MB goal, 0 MB stacks, 0 MB globals, 20 P
gc 6543 @213.890s 0%: 0.015+2.6+0.004 ms clock, 0.31+0/2.9/0+0.082 ms cpu, 230->230->121 MB, 230 MB goal, 0 MB stacks, 0 MB globals, 20 P
gc 6544 @213.913s 0%: 0.019+0.61+0.016 ms clock, 0.38+0/0.77/0.063+0.33 ms cpu, 243->243->140 MB, 243 MB goal, 0 MB stacks, 0 MB globals, 20 P
gc 6545 @213.953s 0%: 0.031+5.3+0.003 ms clock, 0.63+0/6.2/0.064+0.065 ms cpu, 282->282->123 MB, 282 MB goal, 0 MB stacks, 0 MB globals, 20 P
gc 6546 @213.985s 0%: 0.024+3.9+0.099 ms clock, 0.48+0/4.4/0.39+1.9 ms cpu, 244->244->129 MB, 247 MB goal, 0 MB stacks, 0 MB globals, 20 P
gc 6547 @214.011s 0%: 0.027+2.8+0.010 ms clock, 0.55+0/3.8/0.12+0.21 ms cpu, 258->258->119 MB, 258 MB goal, 0 MB stacks, 0 MB globals, 20 P
gc 6548 @214.046s 0%: 0.030+0.56+0.005 ms clock, 0.60+0/1.1/0+0.10 ms cpu, 233->235->109 MB, 240 MB goal, 0 MB stacks, 0 MB globals, 20 P
gc 6549 @214.065s 0%: 0.020+2.0+0.004 ms clock, 0.40+0/2.6/0.092+0.095 ms cpu, 215->215->111 MB, 219 MB goal, 0 MB stacks, 0 MB globals, 20 P
gc 6550 @214.088s 0%: 0.027+1.4+0.008 ms clock, 0.55+0/2.2/0.024+0.17 ms cpu, 223->223->115 MB, 223 MB goal, 0 MB stacks, 0 MB globals, 20 P
gc 6551 @214.122s 0%: 0.035+8.5+0.005 ms clock, 0.71+0/9.5/0.27+0.10 ms cpu, 230->230->119 MB, 230 MB goal, 0 MB stacks, 0 MB globals, 20 P
gc 6552 @214.160s 0%: 0.030+5.1+0.006 ms clock, 0.60+0/6.1/0.21+0.12 ms cpu, 239->239->109 MB, 239 MB goal, 0 MB stacks, 0 MB globals, 20 P
gc 6553 @214.184s 0%: 0.021+1.5+0.003 ms clock, 0.43+0/1.9/0+0.076 ms cpu, 214->214->114 MB, 220 MB goal, 0 MB stacks, 0 MB globals, 20 P
gc 6554 @214.204s 0%: 0.022+0.43+0.011 ms clock, 0.45+0/0.90/0+0.22 ms cpu, 236->236->132 MB, 236 MB goal, 0 MB stacks, 0 MB globals, 20 P
gc 6555 @214.229s 0%: 0.017+3.3+0.005 ms clock, 0.35+0/3.6/0+0.10 ms cpu, 264->264->113 MB, 265 MB goal, 0 MB stacks, 0 MB globals, 20 P
gc 6556 @214.252s 0%: 0.018+1.1+0.003 ms clock, 0.37+0/1.4/0+0.072 ms cpu, 228->228->117 MB, 228 MB goal, 0 MB stacks, 0 MB globals, 20 P
gc 6557 @214.269s 0%: 0.020+0.50+0.012 ms clock, 0.40+0/0.77/0.007+0.24 ms cpu, 240->240->135 MB, 240 MB goal, 0 MB stacks, 0 MB globals, 20 P
gc 6558 @214.295s 0%: 0.019+0.84+0.003 ms clock, 0.39+0/1.1/0+0.060 ms cpu, 267->267->116 MB, 270 MB goal, 0 MB stacks, 0 MB globals, 20 P
gc 6559 @214.316s 0%: 0.023+1.2+0.004 ms clock, 0.47+0/1.8/0+0.082 ms cpu, 232->232->121 MB, 234 MB goal, 0 MB stacks, 0 MB globals, 20 P
gc 6560 @214.341s 0%: 0.021+0.58+0.009 ms clock, 0.43+0/0.72/0+0.19 ms cpu, 243->243->141 MB, 243 MB goal, 0 MB stacks, 0 MB globals, 20 P
gc 6561 @214.371s 0%: 0.021+3.8+0.003 ms clock, 0.43+0/4.0/0+0.064 ms cpu, 284->284->123 MB, 284 MB goal, 0 MB stacks, 0 MB globals, 20 P
gc 6562 @214.400s 0%: 0.032+6.8+0.004 ms clock, 0.65+0/8.0/0.10+0.092 ms cpu, 244->244->129 MB, 247 MB goal, 0 MB stacks, 0 MB globals, 20 P
gc 6563 @214.443s 0%: 0.021+0.72+0.003 ms clock, 0.42+0/1.2/0.010+0.070 ms cpu, 258->258->119 MB, 258 MB goal, 0 MB stacks, 0 MB globals, 20 P
gc 6564 @214.475s 0%: 0.031+0.85+0.033 ms clock, 0.63+0.21/1.9/0+0.66 ms cpu, 234->236->109 MB, 239 MB goal, 0 MB stacks, 0 MB globals, 20 P
gc 6565 @214.493s 0%: 0.017+1.3+0.003 ms clock, 0.34+0/1.6/0+0.063 ms cpu, 214->214->111 MB, 219 MB goal, 0 MB stacks, 0 MB globals, 20 P
gc 6566 @214.520s 0%: 0.038+5.9+0.006 ms clock, 0.77+0/7.2/0.38+0.12 ms cpu, 223->223->115 MB, 223 MB goal, 0 MB stacks, 0 MB globals, 20 P
gc 6567 @214.548s 0%: 0.023+1.6+0.005 ms clock, 0.46+0/1.9/0.003+0.11 ms cpu, 230->230->119 MB, 230 MB goal, 0 MB stacks, 0 MB globals, 20 P
gc 6568 @214.575s 0%: 0.033+0.62+0.011 ms clock, 0.67+0/1.3/0+0.23 ms cpu, 241->241->136 MB, 242 MB goal, 0 MB stacks, 0 MB globals, 20 P
gc 6569 @214.611s 0%: 0.023+4.7+0.003 ms clock, 0.47+0/5.2/0.16+0.079 ms cpu, 273->273->118 MB, 273 MB goal, 0 MB stacks, 0 MB globals, 20 P
gc 6570 @214.635s 0%: 0.019+0.50+0.013 ms clock, 0.39+0/1.0/0+0.27 ms cpu, 240->240->137 MB, 240 MB goal, 0 MB stacks, 0 MB globals, 20 P
gc 6571 @214.660s 0%: 0.029+1.3+0.007 ms clock, 0.59+0/2.2/0+0.14 ms cpu, 269->269->118 MB, 274 MB goal, 0 MB stacks, 0 MB globals, 20 P
gc 6572 @214.681s 0%: 0.025+1.7+0.005 ms clock, 0.51+0/2.4/0.009+0.10 ms cpu, 233->233->123 MB, 236 MB goal, 0 MB stacks, 0 MB globals, 20 P
gc 6573 @214.709s 0%: 0.017+1.3+0.003 ms clock, 0.35+0/1.8/0+0.069 ms cpu, 243->243->114 MB, 246 MB goal, 0 MB stacks, 0 MB globals, 20 P
gc 6574 @214.725s 0%: 0.020+1.1+0.004 ms clock, 0.41+0/1.3/0+0.098 ms cpu, 234->234->120 MB, 234 MB goal, 0 MB stacks, 0 MB globals, 20 P
gc 6575 @214.746s 0%: 0.021+0.46+0.008 ms clock, 0.43+0/0.89/0.001+0.17 ms cpu, 241->241->136 MB, 241 MB goal, 0 MB stacks, 0 MB globals, 20 P
gc 6576 @214.775s 0%: 0.016+2.6+0.003 ms clock, 0.33+0/2.8/0+0.074 ms cpu, 269->269->114 MB, 273 MB goal, 0 MB stacks, 0 MB globals, 20 P
gc 6577 @214.792s 0%: 0.017+1.1+0.003 ms clock, 0.34+0/1.3/0+0.075 ms cpu, 230->230->119 MB, 230 MB goal, 0 MB stacks, 0 MB globals, 20 P
gc 6578 @214.809s 0%: 0.020+0.46+0.018 ms clock, 0.40+0/0.75/0+0.36 ms cpu, 241->241->136 MB, 242 MB goal, 0 MB stacks, 0 MB globals, 20 P
gc 6579 @214.831s 0%: 0.018+1.8+0.005 ms clock, 0.36+0/2.0/0.026+0.11 ms cpu, 274->274->120 MB, 274 MB goal, 0 MB stacks, 0 MB globals, 20 P
gc 6580 @214.855s 0%: 0.018+1.7+0.004 ms clock, 0.36+0/1.9/0+0.094 ms cpu, 236->239->114 MB, 241 MB goal, 0 MB stacks, 0 MB globals, 20 P
gc 6581 @214.872s 0%: 0.019+4.2+0.004 ms clock, 0.39+0/5.0/0.024+0.093 ms cpu, 229->229->115 MB, 229 MB goal, 0 MB stacks, 0 MB globals, 20 P
gc 6582 @214.896s 0%: 0.018+1.3+0.003 ms clock, 0.37+0/2.0/0.25+0.073 ms cpu, 230->230->120 MB, 231 MB goal, 0 MB stacks, 0 MB globals, 20 P
gc 6583 @214.918s 0%: 0.018+0.48+0.013 ms clock, 0.37+0/0.83/0+0.26 ms cpu, 242->242->137 MB, 242 MB goal, 0 MB stacks, 0 MB globals, 20 P
gc 6584 @214.941s 0%: 0.017+1.8+0.005 ms clock, 0.35+0/2.3/0+0.11 ms cpu, 279->279->117 MB, 280 MB goal, 0 MB stacks, 0 MB globals, 20 P
gc 6585 @214.965s 0%: 0.021+2.5+0.004 ms clock, 0.42+0/3.2/0.36+0.096 ms cpu, 238->238->124 MB, 238 MB goal, 0 MB stacks, 0 MB globals, 20 P
gc 6586 @214.993s 0%: 0.019+1.4+0.003 ms clock, 0.38+0/1.8/0.020+0.070 ms cpu, 247->247->116 MB, 249 MB goal, 0 MB stacks, 0 MB globals, 20 P
gc 6587 @215.017s 0%: 0.031+1.1+0.005 ms clock, 0.63+0/2.7/0.23+0.11 ms cpu, 232->232->121 MB, 232 MB goal, 0 MB stacks, 0 MB globals, 20 P
gc 6588 @215.050s 0%: 0.025+0.43+0.011 ms clock, 0.50+0/1.0/0.017+0.23 ms cpu, 249->249->138 MB, 249 MB goal, 0 MB stacks, 0 MB globals, 20 P
gc 6589 @215.075s 0%: 0.020+4.5+0.004 ms clock, 0.40+0/5.1/0.10+0.090 ms cpu, 275->275->121 MB, 277 MB goal, 0 MB stacks, 0 MB globals, 20 P
gc 6590 @215.098s 0%: 0.021+0.44+0.014 ms clock, 0.42+0/0.87/0.12+0.29 ms cpu, 243->243->137 MB, 243 MB goal, 0 MB stacks, 0 MB globals, 20 P
gc 6591 @215.119s 0%: 0.018+1.3+0.003 ms clock, 0.36+0/1.5/0.002+0.063 ms cpu, 280->280->118 MB, 280 MB goal, 0 MB stacks, 0 MB globals, 20 P
gc 6592 @215.133s 0%: 0.033+1.3+0.003 ms clock, 0.66+0/1.8/0.23+0.065 ms cpu, 239->239->123 MB, 239 MB goal, 0 MB stacks, 0 MB globals, 20 P
gc 6593 @215.160s 0%: 0.032+0.69+0.003 ms clock, 0.64+0/1.1/0.015+0.075 ms cpu, 246->246->111 MB, 248 MB goal, 0 MB stacks, 0 MB globals, 20 P
gc 6594 @215.175s 0%: 0.016+2.3+0.006 ms clock, 0.33+0/2.8/0.002+0.13 ms cpu, 231->231->119 MB, 231 MB goal, 0 MB stacks, 0 MB globals, 20 P
gc 6595 @215.207s 0%: 0.038+3.9+0.13 ms clock, 0.77+0/5.1/0.11+2.7 ms cpu, 237->237->111 MB, 238 MB goal, 0 MB stacks, 0 MB globals, 20 P
gc 6596 @215.228s 0%: 0.020+3.7+0.004 ms clock, 0.41+0/4.0/0+0.086 ms cpu, 222->222->115 MB, 223 MB goal, 0 MB stacks, 0 MB globals, 20 P
gc 6597 @215.251s 0%: 0.019+5.7+0.019 ms clock, 0.39+0/5.8/0+0.38 ms cpu, 236->236->120 MB, 236 MB goal, 0 MB stacks, 0 MB globals, 20 P
gc 6598 @215.276s 0%: 0.020+0.47+0.018 ms clock, 0.41+0.022/0.74/0+0.36 ms cpu, 240->240->110 MB, 241 MB goal, 0 MB stacks, 0 MB globals, 20 P
gc 6599 @215.296s 0%: 0.017+0.73+0.005 ms clock, 0.35+0/1.1/0+0.11 ms cpu, 222->222->116 MB, 222 MB goal, 0 MB stacks, 0 MB globals, 20 P
gc 6600 @215.325s 0%: 0.019+4.1+0.003 ms clock, 0.38+0/4.4/0+0.072 ms cpu, 239->239->125 MB, 239 MB goal, 0 MB stacks, 0 MB globals, 20 P
gc 6601 @215.356s 0%: 0.020+0.48+0.008 ms clock, 0.40+0/0.73/0+0.16 ms cpu, 247->247->143 MB, 251 MB goal, 0 MB stacks, 0 MB globals, 20 P
gc 6602 @215.381s 0%: 0.021+0.36+0.011 ms clock, 0.43+0/0.78/0+0.22 ms cpu, 293->293->136 MB, 293 MB goal, 0 MB stacks, 0 MB globals, 20 P
gc 6603 @215.400s 0%: 0.020+1.0+0.004 ms clock, 0.41+0/1.3/0+0.089 ms cpu, 278->278->119 MB, 278 MB goal, 0 MB stacks, 0 MB globals, 20 P
gc 6604 @215.430s 0%: 0.033+1.7+0.010 ms clock, 0.66+0/2.7/0.018+0.21 ms cpu, 238->238->108 MB, 238 MB goal, 0 MB stacks, 0 MB globals, 20 P
gc 6605 @215.450s 0%: 0.018+3.2+0.005 ms clock, 0.37+0/3.6/0+0.11 ms cpu, 219->219->111 MB, 219 MB goal, 0 MB stacks, 0 MB globals, 20 P
gc 6606 @215.469s 0%: 0.020+3.6+0.003 ms clock, 0.40+0/3.8/0+0.071 ms cpu, 225->225->115 MB, 225 MB goal, 0 MB stacks, 0 MB globals, 20 P
gc 6607 @215.495s 0%: 0.020+0.49+0.005 ms clock, 0.40+0/0.74/0.001+0.10 ms cpu, 237->237->132 MB, 237 MB goal, 0 MB stacks, 0 MB globals, 20 P
gc 6608 @215.523s 0%: 0.029+4.7+0.004 ms clock, 0.59+0/5.4/0.031+0.085 ms cpu, 264->264->113 MB, 264 MB goal, 0 MB stacks, 0 MB globals, 20 P
gc 6609 @215.551s 0%: 0.028+1.4+0.005 ms clock, 0.57+0/2.3/0.049+0.11 ms cpu, 229->229->119 MB, 229 MB goal, 0 MB stacks, 0 MB globals, 20 P
gc 6610 @215.580s 0%: 0.031+0.84+0.11 ms clock, 0.62+0/1.3/0+2.2 ms cpu, 241->241->138 MB, 241 MB goal, 0 MB stacks, 0 MB globals, 20 P
gc 6611 @215.617s 0%: 0.018+3.5+0.13 ms clock, 0.37+0/3.9/0+2.6 ms cpu, 281->281->122 MB, 281 MB goal, 0 MB stacks, 0 MB globals, 20 P
gc 6612 @215.644s 0%: 0.019+0.54+0.003 ms clock, 0.38+0/1.0/0.006+0.075 ms cpu, 246->246->113 MB, 246 MB goal, 0 MB stacks, 0 MB globals, 20 P
gc 6613 @215.659s 0%: 0.028+9.0+0.005 ms clock, 0.56+0/9.4/0.001+0.11 ms cpu, 224->224->118 MB, 227 MB goal, 0 MB stacks, 0 MB globals, 20 P
gc 6614 @215.695s 0%: 0.026+0.71+0.073 ms clock, 0.53+0/1.1/0+1.4 ms cpu, 240->240->135 MB, 240 MB goal, 0 MB stacks, 0 MB globals, 20 P
gc 6615 @215.722s 0%: 0.021+3.8+0.005 ms clock, 0.42+0/4.3/0+0.10 ms cpu, 267->267->113 MB, 270 MB goal, 0 MB stacks, 0 MB globals, 20 P
gc 6616 @215.744s 0%: 0.025+1.3+0.007 ms clock, 0.50+0/2.2/0.010+0.14 ms cpu, 228->228->118 MB, 228 MB goal, 0 MB stacks, 0 MB globals, 20 P
gc 6617 @215.773s 0%: 0.020+0.37+0.013 ms clock, 0.40+0/0.83/0+0.26 ms cpu, 239->239->134 MB, 239 MB goal, 0 MB stacks, 0 MB globals, 20 P
gc 6618 @215.792s 0%: 0.020+4.1+0.005 ms clock, 0.41+0/4.4/0.028+0.10 ms cpu, 270->270->119 MB, 270 MB goal, 0 MB stacks, 0 MB globals, 20 P
gc 6619 @215.821s 0%: 0.017+0.55+0.005 ms clock, 0.35+0.095/0.74/0.001+0.10 ms cpu, 235->235->106 MB, 238 MB goal, 0 MB stacks, 0 MB globals, 20 P
gc 6620 @215.838s 0%: 0.017+2.0+0.004 ms clock, 0.34+0/2.4/0+0.080 ms cpu, 211->211->111 MB, 212 MB goal, 0 MB stacks, 0 MB globals, 20 P
gc 6621 @215.860s 0%: 0.019+3.6+0.005 ms clock, 0.39+0/3.7/0+0.11 ms cpu, 224->224->118 MB, 224 MB goal, 0 MB stacks, 0 MB globals, 20 P
gc 6622 @215.893s 0%: 0.018+3.6+0.010 ms clock, 0.36+0/4.2/0.024+0.20 ms cpu, 237->237->108 MB, 238 MB goal, 0 MB stacks, 0 MB globals, 20 P
gc 6623 @215.917s 0%: 0.027+1.6+0.005 ms clock, 0.54+0/2.5/0.14+0.10 ms cpu, 218->218->111 MB, 218 MB goal, 0 MB stacks, 0 MB globals, 20 P
gc 6624 @215.946s 0%: 0.027+0.43+0.018 ms clock, 0.55+0/1.2/0.18+0.36 ms cpu, 227->227->130 MB, 227 MB goal, 0 MB stacks, 0 MB globals, 20 P
gc 6625 @215.981s 0%: 0.019+0.87+0.005 ms clock, 0.39+0/1.4/0+0.11 ms cpu, 263->263->111 MB, 263 MB goal, 0 MB stacks, 0 MB globals, 20 P
gc 6626 @216.000s 0%: 0.020+1.0+0.004 ms clock, 0.40+0/1.5/0+0.093 ms cpu, 227->227->118 MB, 227 MB goal, 0 MB stacks, 0 MB globals, 20 P
gc 6627 @216.022s 0%: 0.023+0.59+0.006 ms clock, 0.46+0/0.90/0.014+0.12 ms cpu, 240->240->136 MB, 240 MB goal, 0 MB stacks, 0 MB globals, 20 P
gc 6628 @216.047s 0%: 0.018+3.5+0.003 ms clock, 0.36+0/3.9/0.002+0.067 ms cpu, 279->279->120 MB, 279 MB goal, 0 MB stacks, 0 MB globals, 20 P
gc 6629 @216.071s 0%: 0.026+3.9+0.009 ms clock, 0.53+0/4.7/0.073+0.19 ms cpu, 241->241->129 MB, 241 MB goal, 0 MB stacks, 0 MB globals, 20 P
gc 6630 @216.100s 0%: 0.019+0.66+0.004 ms clock, 0.39+0/1.1/0.002+0.089 ms cpu, 256->256->117 MB, 258 MB goal, 0 MB stacks, 0 MB globals, 20 P
gc 6631 @216.134s 0%: 0.035+4.0+0.006 ms clock, 0.70+0/5.0/0.002+0.12 ms cpu, 235->235->124 MB, 235 MB goal, 0 MB stacks, 0 MB globals, 20 P
gc 6632 @216.171s 0%: 0.029+3.0+0.009 ms clock, 0.59+0/3.9/0+0.18 ms cpu, 248->248->112 MB, 249 MB goal, 0 MB stacks, 0 MB globals, 20 P
gc 6633 @216.190s 0%: 0.023+1.8+0.008 ms clock, 0.46+0/2.6/0.17+0.16 ms cpu, 230->230->119 MB, 230 MB goal, 0 MB stacks, 0 MB globals, 20 P
gc 6634 @216.210s 0%: 0.020+0.41+0.003 ms clock, 0.41+0/0.97/0.035+0.069 ms cpu, 237->237->105 MB, 239 MB goal, 0 MB stacks, 0 MB globals, 20 P
gc 6635 @216.227s 0%: 0.021+0.58+0.003 ms clock, 0.42+0/1.1/0+0.073 ms cpu, 213->213->108 MB, 213 MB goal, 0 MB stacks, 0 MB globals, 20 P
gc 6636 @216.241s 0%: 0.017+2.1+0.003 ms clock, 0.35+0/2.6/0.10+0.073 ms cpu, 218->218->111 MB, 218 MB goal, 0 MB stacks, 0 MB globals, 20 P
gc 6637 @216.258s 0%: 0.018+5.7+0.003 ms clock, 0.37+0/6.2/0+0.063 ms cpu, 231->231->118 MB, 232 MB goal, 0 MB stacks, 0 MB globals, 20 P
gc 6638 @216.286s 0%: 0.017+0.55+0.003 ms clock, 0.35+0.11/0.58/0+0.075 ms cpu, 233->235->109 MB, 236 MB goal, 0 MB stacks, 0 MB globals, 20 P
gc 6639 @216.304s 0%: 0.045+1.3+0.006 ms clock, 0.90+0/2.0/0+0.13 ms cpu, 217->217->112 MB, 219 MB goal, 0 MB stacks, 0 MB globals, 20 P
gc 6640 @216.325s 0%: 0.020+2.4+0.004 ms clock, 0.40+0/2.8/0+0.086 ms cpu, 229->229->118 MB, 229 MB goal, 0 MB stacks, 0 MB globals, 20 P
gc 6641 @216.343s 0%: 0.023+6.0+0.077 ms clock, 0.47+0/6.4/0+1.5 ms cpu, 239->253->141 MB, 239 MB goal, 0 MB stacks, 0 MB globals, 20 P
gc 6642 @216.373s 0%: 0.022+0.99+0.005 ms clock, 0.45+0/1.4/0+0.10 ms cpu, 274->274->121 MB, 283 MB goal, 0 MB stacks, 0 MB globals, 20 P
gc 6643 @216.394s 0%: 0.021+0.53+0.009 ms clock, 0.43+0/0.93/0+0.18 ms cpu, 231->231->136 MB, 243 MB goal, 0 MB stacks, 0 MB globals, 20 P
gc 6644 @216.431s 0%: 0.022+2.6+0.065 ms clock, 0.44+0/3.2/0.083+1.3 ms cpu, 261->261->118 MB, 274 MB goal, 0 MB stacks, 0 MB globals, 20 P
gc 6645 @216.455s 0%: 0.017+0.44+0.005 ms clock, 0.35+0.063/0.85/0.001+0.11 ms cpu, 223->225->106 MB, 237 MB goal, 0 MB stacks, 0 MB globals, 20 P
gc 6646 @216.468s 0%: 0.017+0.67+0.22 ms clock, 0.35+0.078/0.74/0.001+4.4 ms cpu, 201->207->111 MB, 213 MB goal, 0 MB stacks, 0 MB globals, 20 P
gc 6647 @216.491s 0%: 0.031+0.84+0.008 ms clock, 0.62+0/1.7/0.010+0.17 ms cpu, 212->212->107 MB, 223 MB goal, 0 MB stacks, 0 MB globals, 20 P
gc 6648 @216.509s 0%: 0.019+2.3+0.004 ms clock, 0.38+0/2.5/0+0.085 ms cpu, 205->205->109 MB, 215 MB goal, 0 MB stacks, 0 MB globals, 20 P
gc 6649 @216.524s 0%: 0.019+3.0+0.003 ms clock, 0.38+0/3.6/0.004+0.068 ms cpu, 214->214->113 MB, 218 MB goal, 0 MB stacks, 0 MB globals, 20 P
gc 6650 @216.539s 0%: 0.018+5.8+0.006 ms clock, 0.36+0/6.2/0+0.12 ms cpu, 221->221->118 MB, 226 MB goal, 0 MB stacks, 0 MB globals, 20 P
gc 6651 @216.561s 0%: 0.021+0.52+0.013 ms clock, 0.42+0/0.84/0+0.27 ms cpu, 224->224->135 MB, 236 MB goal, 0 MB stacks, 0 MB globals, 20 P
gc 6652 @216.584s 0%: 0.021+2.4+0.003 ms clock, 0.42+0/2.5/0+0.072 ms cpu, 259->259->113 MB, 270 MB goal, 0 MB stacks, 0 MB globals, 20 P
gc 6653 @216.600s 0%: 0.018+1.2+0.003 ms clock, 0.36+0/1.4/0+0.069 ms cpu, 214->214->117 MB, 227 MB goal, 0 MB stacks, 0 MB globals, 20 P
gc 6654 @216.621s 0%: 0.019+1.2+0.003 ms clock, 0.39+0/1.4/0+0.065 ms cpu, 232->232->123 MB, 234 MB goal, 0 MB stacks, 0 MB globals, 20 P
gc 6655 @216.642s 0%: 0.021+0.53+0.005 ms clock, 0.42+0/0.72/0+0.10 ms cpu, 245->245->143 MB, 246 MB goal, 0 MB stacks, 0 MB globals, 20 P
gc 6656 @216.678s 0%: 0.025+6.5+0.004 ms clock, 0.50+0/7.0/0+0.085 ms cpu, 281->281->124 MB, 287 MB goal, 0 MB stacks, 0 MB globals, 20 P
gc 6657 @216.710s 0%: 0.023+0.52+0.012 ms clock, 0.47+0/0.98/0+0.24 ms cpu, 244->244->138 MB, 249 MB goal, 0 MB stacks, 0 MB globals, 20 P
gc 6658 @216.740s 0%: 0.031+1.7+0.007 ms clock, 0.62+0/2.5/0.017+0.15 ms cpu, 275->275->118 MB, 278 MB goal, 0 MB stacks, 0 MB globals, 20 P
gc 6659 @216.758s 0%: 0.023+4.0+0.011 ms clock, 0.47+0/4.2/0+0.23 ms cpu, 226->226->120 MB, 237 MB goal, 0 MB stacks, 0 MB globals, 20 P
gc 6660 @216.780s 0%: 0.017+0.54+0.010 ms clock, 0.34+0.058/0.83/0.022+0.20 ms cpu, 228->230->107 MB, 242 MB goal, 0 MB stacks, 0 MB globals, 20 P
gc 6661 @216.805s 0%: 0.020+1.1+0.004 ms clock, 0.40+0/0.88/0.005+0.092 ms cpu, 202->203->107 MB, 215 MB goal, 0 MB stacks, 0 MB globals, 20 P
gc 6662 @216.819s 0%: 0.022+0.42+0.002 ms clock, 0.44+0/0.91/0+0.057 ms cpu, 201->201->108 MB, 215 MB goal, 0 MB stacks, 0 MB globals, 20 P
gc 6663 @216.839s 0%: 0.029+1.4+0.007 ms clock, 0.58+0/1.5/0+0.15 ms cpu, 205->209->114 MB, 217 MB goal, 0 MB stacks, 0 MB globals, 20 P
gc 6664 @216.860s 0%: 0.022+3.6+0.005 ms clock, 0.44+0/4.3/0.019+0.10 ms cpu, 222->222->115 MB, 228 MB goal, 0 MB stacks, 0 MB globals, 20 P
gc 6665 @216.883s 0%: 0.017+3.6+0.002 ms clock, 0.35+0/4.0/0+0.055 ms cpu, 226->226->122 MB, 232 MB goal, 0 MB stacks, 0 MB globals, 20 P
gc 6666 @216.901s 0%: 0.019+2.4+0.004 ms clock, 0.39+0/2.9/0+0.088 ms cpu, 243->243->128 MB, 245 MB goal, 0 MB stacks, 0 MB globals, 20 P
gc 6667 @216.927s 0%: 0.018+2.3+0.002 ms clock, 0.36+0/2.8/0.012+0.055 ms cpu, 258->258->119 MB, 258 MB goal, 0 MB stacks, 0 MB globals, 20 P
gc 6668 @216.961s 0%: 0.018+0.33+0.016 ms clock, 0.37+0/0.91/0.022+0.33 ms cpu, 234->235->110 MB, 240 MB goal, 0 MB stacks, 0 MB globals, 20 P
gc 6669 @216.981s 0%: 0.015+0.47+0.004 ms clock, 0.31+0/1.0/0.007+0.084 ms cpu, 216->216->111 MB, 221 MB goal, 0 MB stacks, 0 MB globals, 20 P
gc 6670 @217.002s 0%: 0.021+8.3+0.008 ms clock, 0.42+0/8.9/0+0.17 ms cpu, 228->228->117 MB, 228 MB goal, 0 MB stacks, 0 MB globals, 20 P
gc 6671 @217.046s 0%: 0.019+0.64+0.004 ms clock, 0.38+0.18/0.64/0+0.091 ms cpu, 230->233->105 MB, 236 MB goal, 0 MB stacks, 0 MB globals, 20 P
gc 6672 @217.059s 0%: 0.017+0.68+0.004 ms clock, 0.34+0/1.0/0+0.085 ms cpu, 210->210->105 MB, 211 MB goal, 0 MB stacks, 0 MB globals, 20 P
gc 6673 @217.074s 0%: 0.023+0.96+0.097 ms clock, 0.46+0/1.9/0.037+1.9 ms cpu, 212->212->110 MB, 213 MB goal, 0 MB stacks, 0 MB globals, 20 P
gc 6674 @217.100s 0%: 0.029+4.0+0.10 ms clock, 0.58+0/4.8/0.20+2.1 ms cpu, 225->225->116 MB, 225 MB goal, 0 MB stacks, 0 MB globals, 20 P
gc 6675 @217.130s 0%: 0.020+0.59+0.015 ms clock, 0.41+0/0.71/0+0.31 ms cpu, 238->238->135 MB, 238 MB goal, 0 MB stacks, 0 MB globals, 20 P
gc 6676 @217.161s 0%: 0.022+1.0+0.005 ms clock, 0.45+0/1.4/0+0.10 ms cpu, 268->268->117 MB, 271 MB goal, 0 MB stacks, 0 MB globals, 20 P
gc 6677 @217.187s 0%: 0.018+0.74+0.003 ms clock, 0.36+0.10/0.71/0.006+0.074 ms cpu, 230->232->112 MB, 234 MB goal, 0 MB stacks, 0 MB globals, 20 P
gc 6678 @217.205s 0%: 0.022+2.3+0.005 ms clock, 0.44+0/2.6/0+0.11 ms cpu, 223->223->114 MB, 224 MB goal, 0 MB stacks, 0 MB globals, 20 P
gc 6679 @217.228s 0%: 0.020+2.1+0.10 ms clock, 0.41+0/2.4/0+2.0 ms cpu, 224->224->118 MB, 228 MB goal, 0 MB stacks, 0 MB globals, 20 P
gc 6680 @217.245s 0%: 0.021+0.55+0.009 ms clock, 0.42+0/0.95/0+0.19 ms cpu, 240->240->135 MB, 240 MB goal, 0 MB stacks, 0 MB globals, 20 P
gc 6681 @217.280s 0%: 0.025+1.2+0.006 ms clock, 0.51+0/1.8/0.011+0.12 ms cpu, 268->268->114 MB, 271 MB goal, 0 MB stacks, 0 MB globals, 20 P
gc 6682 @217.307s 0%: 0.020+1.2+0.004 ms clock, 0.41+0/1.5/0.001+0.086 ms cpu, 229->229->118 MB, 229 MB goal, 0 MB stacks, 0 MB globals, 20 P
gc 6683 @217.324s 0%: 0.021+0.59+0.071 ms clock, 0.43+0/1.0/0.006+1.4 ms cpu, 240->240->137 MB, 240 MB goal, 0 MB stacks, 0 MB globals, 20 P
gc 6684 @217.350s 0%: 0.018+4.1+0.005 ms clock, 0.37+0/4.5/0+0.11 ms cpu, 279->279->120 MB, 279 MB goal, 0 MB stacks, 0 MB globals, 20 P
gc 6685 @217.372s 0%: 0.025+0.46+0.013 ms clock, 0.51+0/0.89/0.003+0.26 ms cpu, 237->237->138 MB, 240 MB goal, 0 MB stacks, 0 MB globals, 20 P
gc 6686 @217.394s 0%: 0.019+1.0+0.003 ms clock, 0.39+0/1.5/0+0.079 ms cpu, 276->276->122 MB, 277 MB goal, 0 MB stacks, 0 MB globals, 20 P
gc 6687 @217.416s 0%: 0.021+0.50+0.003 ms clock, 0.42+0.070/0.86/0.009+0.066 ms cpu, 242->242->110 MB, 245 MB goal, 0 MB stacks, 0 MB globals, 20 P
gc 6688 @217.430s 0%: 0.017+2.2+0.003 ms clock, 0.34+0/2.6/0+0.074 ms cpu, 217->217->112 MB, 221 MB goal, 0 MB stacks, 0 MB globals, 20 P
gc 6689 @217.457s 0%: 0.022+4.2+0.005 ms clock, 0.45+0/4.8/0+0.10 ms cpu, 232->232->118 MB, 232 MB goal, 0 MB stacks, 0 MB globals, 20 P
gc 6690 @217.488s 0%: 0.017+0.58+0.003 ms clock, 0.34+0.044/0.77/0+0.067 ms cpu, 233->236->105 MB, 236 MB goal, 0 MB stacks, 0 MB globals, 20 P
gc 6691 @217.504s 0%: 0.018+2.0+0.004 ms clock, 0.37+0/2.4/0.008+0.090 ms cpu, 210->210->107 MB, 211 MB goal, 0 MB stacks, 0 MB globals, 20 P
gc 6692 @217.522s 0%: 0.019+0.89+0.003 ms clock, 0.38+0/1.4/0+0.073 ms cpu, 214->214->112 MB, 216 MB goal, 0 MB stacks, 0 MB globals, 20 P
gc 6693 @217.544s 0%: 0.027+6.6+0.003 ms clock, 0.54+0/7.1/0+0.077 ms cpu, 227->227->118 MB, 227 MB goal, 0 MB stacks, 0 MB globals, 20 P
gc 6694 @217.572s 0%: 0.028+0.57+0.016 ms clock, 0.57+0/1.2/0+0.33 ms cpu, 241->241->137 MB, 241 MB goal, 0 MB stacks, 0 MB globals, 20 P
gc 6695 @217.599s 0%: 0.020+3.5+0.008 ms clock, 0.40+0/3.9/0+0.17 ms cpu, 279->279->122 MB, 279 MB goal, 0 MB stacks, 0 MB globals, 20 P
gc 6696 @217.617s 0%: 0.019+2.4+0.004 ms clock, 0.38+0/3.0/0.050+0.089 ms cpu, 243->243->128 MB, 244 MB goal, 0 MB stacks, 0 MB globals, 20 P
gc 6697 @217.643s 0%: 0.020+0.62+0.013 ms clock, 0.40+0/1.0/0+0.27 ms cpu, 255->255->117 MB, 257 MB goal, 0 MB stacks, 0 MB globals, 20 P
gc 6698 @217.662s 0%: 0.026+1.6+0.008 ms clock, 0.52+0/2.5/0+0.16 ms cpu, 239->239->123 MB, 239 MB goal, 0 MB stacks, 0 MB globals, 20 P
gc 6699 @217.699s 0%: 0.023+0.62+0.008 ms clock, 0.47+0/1.1/0.083+0.16 ms cpu, 243->245->114 MB, 246 MB goal, 0 MB stacks, 0 MB globals, 20 P
gc 6700 @217.722s 0%: 0.035+1.4+0.009 ms clock, 0.71+0/2.6/0.14+0.19 ms cpu, 225->225->118 MB, 228 MB goal, 0 MB stacks, 0 MB globals, 20 P
gc 6701 @217.757s 0%: 0.025+0.48+0.009 ms clock, 0.51+0/0.86/0.001+0.18 ms cpu, 244->244->133 MB, 244 MB goal, 0 MB stacks, 0 MB globals, 20 P
gc 6702 @217.783s 0%: 0.020+0.70+0.003 ms clock, 0.41+0/1.2/0.037+0.079 ms cpu, 265->265->113 MB, 267 MB goal, 0 MB stacks, 0 MB globals, 20 P
gc 6703 @217.805s 0%: 0.036+2.7+0.011 ms clock, 0.73+0/4.0/0.14+0.23 ms cpu, 225->225->118 MB, 228 MB goal, 0 MB stacks, 0 MB globals, 20 P
gc 6704 @217.831s 0%: 0.016+1.0+0.005 ms clock, 0.33+0.18/0.56/0+0.10 ms cpu, 233->235->106 MB, 237 MB goal, 0 MB stacks, 0 MB globals, 20 P
gc 6705 @217.846s 0%: 0.017+0.77+0.005 ms clock, 0.34+0/1.1/0+0.11 ms cpu, 209->209->108 MB, 212 MB goal, 0 MB stacks, 0 MB globals, 20 P
gc 6706 @217.862s 0%: 0.019+3.4+0.005 ms clock, 0.39+0/3.9/0+0.11 ms cpu, 220->220->113 MB, 220 MB goal, 0 MB stacks, 0 MB globals, 20 P
gc 6707 @217.879s 0%: 0.019+2.0+0.009 ms clock, 0.39+0/2.2/0.005+0.19 ms cpu, 229->229->119 MB, 229 MB goal, 0 MB stacks, 0 MB globals, 20 P
gc 6708 @217.899s 0%: 0.020+0.42+0.014 ms clock, 0.40+0/0.76/0+0.28 ms cpu, 242->242->138 MB, 242 MB goal, 0 MB stacks, 0 MB globals, 20 P
gc 6709 @217.929s 0%: 0.026+5.5+0.004 ms clock, 0.53+0/5.8/0.001+0.083 ms cpu, 276->276->124 MB, 277 MB goal, 0 MB stacks, 0 MB globals, 20 P
gc 6710 @217.956s 0%: 0.020+2.4+0.003 ms clock, 0.40+0/2.7/0+0.060 ms cpu, 251->251->116 MB, 251 MB goal, 0 MB stacks, 0 MB globals, 20 P
gc 6711 @217.979s 0%: 0.022+0.68+0.017 ms clock, 0.45+0/1.0/0+0.34 ms cpu, 242->242->135 MB, 242 MB goal, 0 MB stacks, 0 MB globals, 20 P
gc 6712 @218.007s 0%: 0.023+4.4+0.004 ms clock, 0.47+0/5.1/0+0.089 ms cpu, 267->267->113 MB, 270 MB goal, 0 MB stacks, 0 MB globals, 20 P
gc 6713 @218.029s 0%: 0.021+1.2+0.003 ms clock, 0.42+0/1.6/0.001+0.079 ms cpu, 228->228->117 MB, 228 MB goal, 0 MB stacks, 0 MB globals, 20 P
gc 6714 @218.048s 0%: 0.019+0.66+0.014 ms clock, 0.39+0/1.1/0+0.28 ms cpu, 239->239->133 MB, 239 MB goal, 0 MB stacks, 0 MB globals, 20 P
gc 6715 @218.071s 0%: 0.022+5.2+0.003 ms clock, 0.45+0/5.6/0+0.071 ms cpu, 270->270->116 MB, 270 MB goal, 0 MB stacks, 0 MB globals, 20 P
gc 6716 @218.099s 0%: 0.020+0.54+0.009 ms clock, 0.40+0/0.88/0+0.18 ms cpu, 237->237->135 MB, 237 MB goal, 0 MB stacks, 0 MB globals, 20 P
gc 6717 @218.127s 0%: 0.021+4.0+0.004 ms clock, 0.42+0/4.4/0+0.085 ms cpu, 267->267->113 MB, 271 MB goal, 0 MB stacks, 0 MB globals, 20 P
gc 6718 @218.148s 0%: 0.022+1.3+0.006 ms clock, 0.44+0/2.1/0.12+0.12 ms cpu, 228->228->118 MB, 229 MB goal, 0 MB stacks, 0 MB globals, 20 P
gc 6719 @218.170s 0%: 0.021+0.52+0.013 ms clock, 0.42+0/0.78/0+0.26 ms cpu, 240->240->135 MB, 241 MB goal, 0 MB stacks, 0 MB globals, 20 P
gc 6720 @218.193s 0%: 0.020+4.5+0.003 ms clock, 0.41+0/4.8/0.077+0.067 ms cpu, 272->272->119 MB, 273 MB goal, 0 MB stacks, 0 MB globals, 20 P
gc 6721 @218.219s 0%: 0.019+0.54+0.011 ms clock, 0.39+0/1.1/0.016+0.22 ms cpu, 238->238->109 MB, 239 MB goal, 0 MB stacks, 0 MB globals, 20 P
gc 6722 @218.238s 0%: 0.036+4.3+0.007 ms clock, 0.73+0/4.8/0.065+0.14 ms cpu, 218->218->113 MB, 219 MB goal, 0 MB stacks, 0 MB globals, 20 P
gc 6723 @218.267s 0%: 0.031+7.1+0.008 ms clock, 0.62+0/7.9/0+0.16 ms cpu, 224->224->117 MB, 227 MB goal, 0 MB stacks, 0 MB globals, 20 P
gc 6724 @218.295s 0%: 0.016+0.46+0.005 ms clock, 0.33+0.087/0.83/0.001+0.11 ms cpu, 232->232->105 MB, 234 MB goal, 0 MB stacks, 0 MB globals, 20 P
gc 6725 @218.311s 0%: 0.017+0.86+0.004 ms clock, 0.34+0/1.5/0+0.085 ms cpu, 213->213->110 MB, 213 MB goal, 0 MB stacks, 0 MB globals, 20 P
gc 6726 @218.326s 0%: 0.026+5.3+0.014 ms clock, 0.52+0/6.1/0.023+0.29 ms cpu, 231->245->131 MB, 231 MB goal, 0 MB stacks, 0 MB globals, 20 P
gc 6727 @218.359s 0%: 0.022+2.0+0.004 ms clock, 0.45+0/2.3/0+0.081 ms cpu, 249->249->109 MB, 262 MB goal, 0 MB stacks, 0 MB globals, 20 P
gc 6728 @218.374s 0%: 0.018+0.58+0.005 ms clock, 0.36+0/1.1/0.022+0.11 ms cpu, 208->208->112 MB, 219 MB goal, 0 MB stacks, 0 MB globals, 20 P
gc 6729 @218.387s 0%: 0.017+1.8+0.004 ms clock, 0.34+0/2.4/0+0.085 ms cpu, 213->213->117 MB, 225 MB goal, 0 MB stacks, 0 MB globals, 20 P
gc 6730 @218.416s 0%: 0.032+8.2+0.011 ms clock, 0.65+0/8.8/0.031+0.23 ms cpu, 232->232->125 MB, 235 MB goal, 0 MB stacks, 0 MB globals, 20 P
gc 6731 @218.448s 0%: 0.020+0.43+0.007 ms clock, 0.40+0/0.89/0.003+0.15 ms cpu, 247->247->143 MB, 250 MB goal, 0 MB stacks, 0 MB globals, 20 P
gc 6732 @218.471s 0%: 0.018+4.3+0.004 ms clock, 0.36+0/5.0/0.010+0.085 ms cpu, 280->280->124 MB, 286 MB goal, 0 MB stacks, 0 MB globals, 20 P
gc 6733 @218.497s 0%: 0.028+1.4+0.006 ms clock, 0.57+0/2.1/0+0.12 ms cpu, 236->236->112 MB, 249 MB goal, 0 MB stacks, 0 MB globals, 20 P
gc 6734 @218.514s 0%: 0.018+0.92+0.007 ms clock, 0.37+0/1.7/0.014+0.14 ms cpu, 218->218->114 MB, 224 MB goal, 0 MB stacks, 0 MB globals, 20 P
gc 6735 @218.530s 0%: 0.022+3.8+0.003 ms clock, 0.45+0/3.9/0+0.077 ms cpu, 216->216->116 MB, 228 MB goal, 0 MB stacks, 0 MB globals, 20 P
gc 6736 @218.552s 0%: 0.036+1.9+0.008 ms clock, 0.72+0/2.9/0.45+0.17 ms cpu, 221->221->118 MB, 232 MB goal, 0 MB stacks, 0 MB globals, 20 P
gc 6737 @218.577s 0%: 0.022+3.5+0.004 ms clock, 0.44+0/4.2/0.033+0.096 ms cpu, 227->227->122 MB, 237 MB goal, 0 MB stacks, 0 MB globals, 20 P
gc 6738 @218.598s 0%: 0.018+0.46+0.006 ms clock, 0.37+0.062/0.87/0.011+0.12 ms cpu, 230->232->109 MB, 244 MB goal, 0 MB stacks, 0 MB globals, 20 P
gc 6739 @218.615s 0%: 0.020+0.54+0.003 ms clock, 0.41+0/1.1/0.039+0.073 ms cpu, 206->206->113 MB, 219 MB goal, 0 MB stacks, 0 MB globals, 20 P
gc 6740 @218.629s 0%: 0.019+1.6+0.005 ms clock, 0.38+0/2.2/0+0.11 ms cpu, 218->218->117 MB, 226 MB goal, 0 MB stacks, 0 MB globals, 20 P
gc 6741 @218.646s 0%: 0.020+0.53+0.014 ms clock, 0.40+0/0.74/0.017+0.29 ms cpu, 226->226->132 MB, 235 MB goal, 0 MB stacks, 0 MB globals, 20 P
gc 6742 @218.666s 0%: 0.020+3.4+0.003 ms clock, 0.41+0/3.9/0+0.069 ms cpu, 256->256->112 MB, 264 MB goal, 0 MB stacks, 0 MB globals, 20 P
gc 6743 @218.682s 0%: 0.017+1.1+0.006 ms clock, 0.35+0/1.5/0+0.12 ms cpu, 217->217->114 MB, 225 MB goal, 0 MB stacks, 0 MB globals, 20 P
gc 6744 @218.696s 0%: 0.019+2.3+0.004 ms clock, 0.39+0/2.7/0+0.084 ms cpu, 221->221->116 MB, 228 MB goal, 0 MB stacks, 0 MB globals, 20 P
gc 6745 @218.711s 0%: 0.020+0.44+0.008 ms clock, 0.41+0/0.75/0.005+0.17 ms cpu, 223->223->130 MB, 234 MB goal, 0 MB stacks, 0 MB globals, 20 P
gc 6746 @218.732s 0%: 0.018+2.0+1.0 ms clock, 0.36+0/2.4/0+21 ms cpu, 248->255->115 MB, 261 MB goal, 0 MB stacks, 0 MB globals, 20 P
gc 6747 @218.748s 0%: 0.020+3.3+0.003 ms clock, 0.40+0/3.8/0.18+0.078 ms cpu, 221->221->117 MB, 231 MB goal, 0 MB stacks, 0 MB globals, 20 P
gc 6748 @218.769s 0%: 0.018+0.73+0.003 ms clock, 0.37+0/1.0/0+0.063 ms cpu, 224->224->109 MB, 236 MB goal, 0 MB stacks, 0 MB globals, 20 P
gc 6749 @218.791s 0%: 0.017+0.69+0.50 ms clock, 0.34+0/1.0/0+10 ms cpu, 207->213->117 MB, 219 MB goal, 0 MB stacks, 0 MB globals, 20 P
gc 6750 @218.808s 0%: 0.021+4.5+0.004 ms clock, 0.42+0/5.3/0.023+0.082 ms cpu, 228->228->116 MB, 235 MB goal, 0 MB stacks, 0 MB globals, 20 P
gc 6751 @218.825s 0%: 0.024+4.9+0.059 ms clock, 0.49+0/5.3/0.17+1.1 ms cpu, 222->222->119 MB, 233 MB goal, 0 MB stacks, 0 MB globals, 20 P
gc 6752 @218.843s 0%: 0.019+5.7+0.004 ms clock, 0.39+0/6.0/0.072+0.084 ms cpu, 227->227->122 MB, 239 MB goal, 0 MB stacks, 0 MB globals, 20 P
gc 6753 @218.867s 0%: 0.018+0.61+0.003 ms clock, 0.37+0.14/0.92/0+0.067 ms cpu, 231->233->110 MB, 245 MB goal, 0 MB stacks, 0 MB globals, 20 P
gc 6754 @218.885s 0%: 0.016+0.68+0.002 ms clock, 0.32+0/1.3/0.039+0.059 ms cpu, 213->213->115 MB, 222 MB goal, 0 MB stacks, 0 MB globals, 20 P
gc 6755 @218.903s 0%: 0.018+4.5+0.004 ms clock, 0.36+0/5.2/0.016+0.087 ms cpu, 221->221->123 MB, 231 MB goal, 0 MB stacks, 0 MB globals, 20 P
gc 6756 @218.929s 0%: 0.018+0.58+0.022 ms clock, 0.37+0/1.1/0+0.45 ms cpu, 233->237->112 MB, 246 MB goal, 0 MB stacks, 0 MB globals, 20 P
gc 6757 @218.950s 0%: 0.019+3.6+0.005 ms clock, 0.39+0/4.1/0.003+0.10 ms cpu, 225->225->114 MB, 226 MB goal, 0 MB stacks, 0 MB globals, 20 P
gc 6758 @218.969s 0%: 0.020+5.8+0.008 ms clock, 0.41+0/6.4/0+0.16 ms cpu, 234->234->119 MB, 234 MB goal, 0 MB stacks, 0 MB globals, 20 P
gc 6759 @218.997s 0%: 0.022+0.89+0.009 ms clock, 0.44+0.040/1.0/0+0.19 ms cpu, 233->235->106 MB, 238 MB goal, 0 MB stacks, 0 MB globals, 20 P
gc 6760 @219.018s 0%: 0.021+0.48+0.003 ms clock, 0.42+0/1.2/0.12+0.078 ms cpu, 208->208->108 MB, 212 MB goal, 0 MB stacks, 0 MB globals, 20 P
gc 6761 @219.033s 0%: 0.019+0.66+0.004 ms clock, 0.38+0/1.3/0.10+0.081 ms cpu, 212->212->112 MB, 216 MB goal, 0 MB stacks, 0 MB globals, 20 P
gc 6762 @219.050s 0%: 0.021+2.0+0.003 ms clock, 0.43+0/2.5/0.043+0.074 ms cpu, 222->222->117 MB, 224 MB goal, 0 MB stacks, 0 MB globals, 20 P
gc 6763 @219.072s 0%: 0.023+6.5+0.005 ms clock, 0.46+0/7.0/0.029+0.11 ms cpu, 238->238->124 MB, 238 MB goal, 0 MB stacks, 0 MB globals, 20 P
gc 6764 @219.107s 0%: 0.026+0.56+0.003 ms clock, 0.52+0/0.90/0.090+0.071 ms cpu, 244->247->118 MB, 249 MB goal, 0 MB stacks, 0 MB globals, 20 P
gc 6765 @219.124s 0%: 0.019+0.74+0.004 ms clock, 0.39+0/1.3/0.35+0.091 ms cpu, 235->235->121 MB, 237 MB goal, 0 MB stacks, 0 MB globals, 20 P
gc 6766 @219.144s 0%: 0.019+5.4+0.004 ms clock, 0.38+0/5.8/0+0.091 ms cpu, 252->252->129 MB, 252 MB goal, 0 MB stacks, 0 MB globals, 20 P
gc 6767 @219.172s 0%: 0.022+0.99+0.004 ms clock, 0.45+0/1.6/0+0.085 ms cpu, 256->256->117 MB, 258 MB goal, 0 MB stacks, 0 MB globals, 20 P
gc 6768 @219.191s 0%: 0.018+0.81+0.005 ms clock, 0.36+0/1.1/0+0.11 ms cpu, 230->230->121 MB, 235 MB goal, 0 MB stacks, 0 MB globals, 20 P
gc 6769 @219.211s 0%: 0.023+0.59+0.005 ms clock, 0.47+0/1.0/0.045+0.11 ms cpu, 237->238->112 MB, 243 MB goal, 0 MB stacks, 0 MB globals, 20 P
gc 6770 @219.225s 0%: 0.018+5.5+0.011 ms clock, 0.36+0/6.4/0.13+0.22 ms cpu, 231->231->118 MB, 231 MB goal, 0 MB stacks, 0 MB globals, 20 P
gc 6771 @219.251s 0%: 0.019+0.42+0.013 ms clock, 0.39+0/1.0/0.016+0.26 ms cpu, 234->234->131 MB, 237 MB goal, 0 MB stacks, 0 MB globals, 20 P
gc 6772 @219.271s 0%: 0.018+1.0+0.004 ms clock, 0.37+0/1.8/0.013+0.086 ms cpu, 268->268->114 MB, 268 MB goal, 0 MB stacks, 0 MB globals, 20 P
gc 6773 @219.307s 0%: 0.025+0.64+0.015 ms clock, 0.51+0/1.2/0.024+0.30 ms cpu, 237->237->132 MB, 237 MB goal, 0 MB stacks, 0 MB globals, 20 P
gc 6774 @219.337s 0%: 0.017+1.4+0.006 ms clock, 0.35+0/1.7/0+0.12 ms cpu, 264->264->111 MB, 264 MB goal, 0 MB stacks, 0 MB globals, 20 P
gc 6775 @219.357s 0%: 0.031+4.4+0.007 ms clock, 0.62+0/5.4/0.073+0.14 ms cpu, 227->227->117 MB, 227 MB goal, 0 MB stacks, 0 MB globals, 20 P
gc 6776 @219.393s 0%: 0.028+0.54+0.020 ms clock, 0.57+0/1.2/0.053+0.41 ms cpu, 240->240->136 MB, 240 MB goal, 0 MB stacks, 0 MB globals, 20 P
gc 6777 @219.439s 0%: 0.018+3.5+0.10 ms clock, 0.37+0/4.0/0.063+2.1 ms cpu, 279->279->120 MB, 279 MB goal, 0 MB stacks, 0 MB globals, 20 P
gc 6778 @219.466s 0%: 0.026+1.3+0.005 ms clock, 0.52+0/2.2/0.017+0.10 ms cpu, 240->240->114 MB, 240 MB goal, 0 MB stacks, 0 MB globals, 20 P
gc 6779 @219.497s 0%: 0.040+1.9+0.13 ms clock, 0.80+0/3.3/0.16+2.7 ms cpu, 224->224->116 MB, 228 MB goal, 0 MB stacks, 0 MB globals, 20 P
gc 6780 @219.521s 0%: 0.029+0.55+0.072 ms clock, 0.58+0/1.2/0.006+1.4 ms cpu, 230->232->106 MB, 233 MB goal, 0 MB stacks, 0 MB globals, 20 P
gc 6781 @219.537s 0%: 0.022+1.6+0.004 ms clock, 0.45+0/2.2/0.008+0.090 ms cpu, 212->212->107 MB, 212 MB goal, 0 MB stacks, 0 MB globals, 20 P
gc 6782 @219.552s 0%: 0.022+3.2+0.004 ms clock, 0.44+0/3.4/0+0.099 ms cpu, 220->220->111 MB, 220 MB goal, 0 MB stacks, 0 MB globals, 20 P
gc 6783 @219.571s 0%: 0.021+2.2+0.007 ms clock, 0.43+0/2.7/0.029+0.14 ms cpu, 227->227->116 MB, 227 MB goal, 0 MB stacks, 0 MB globals, 20 P
gc 6784 @219.601s 0%: 0.021+0.44+0.009 ms clock, 0.43+0/0.93/0.052+0.18 ms cpu, 239->239->135 MB, 239 MB goal, 0 MB stacks, 0 MB globals, 20 P
gc 6785 @219.628s 0%: 0.019+4.1+0.005 ms clock, 0.39+0/4.4/0+0.11 ms cpu, 273->273->119 MB, 273 MB goal, 0 MB stacks, 0 MB globals, 20 P
gc 6786 @219.662s 0%: 0.017+1.0+0.006 ms clock, 0.35+0.12/0.64/0+0.12 ms cpu, 236->239->114 MB, 240 MB goal, 0 MB stacks, 0 MB globals, 20 P
gc 6787 @219.682s 0%: 0.028+4.9+0.077 ms clock, 0.56+0/6.0/0.11+1.5 ms cpu, 229->229->115 MB, 230 MB goal, 0 MB stacks, 0 MB globals, 20 P
gc 6788 @219.704s 0%: 0.029+7.7+0.005 ms clock, 0.59+0/8.8/0.25+0.10 ms cpu, 227->227->120 MB, 231 MB goal, 0 MB stacks, 0 MB globals, 20 P
gc 6789 @219.734s 0%: 0.019+0.47+0.006 ms clock, 0.39+0/0.98/0+0.12 ms cpu, 239->239->106 MB, 240 MB goal, 0 MB stacks, 0 MB globals, 20 P
gc 6790 @219.749s 0%: 0.041+1.1+0.006 ms clock, 0.83+0/1.6/0+0.12 ms cpu, 211->211->108 MB, 213 MB goal, 0 MB stacks, 0 MB globals, 20 P
gc 6791 @219.765s 0%: 0.016+3.0+0.005 ms clock, 0.33+0/3.6/0.010+0.10 ms cpu, 215->215->113 MB, 217 MB goal, 0 MB stacks, 0 MB globals, 20 P
gc 6792 @219.782s 0%: 0.018+4.4+0.006 ms clock, 0.37+0/4.6/0+0.12 ms cpu, 228->228->119 MB, 228 MB goal, 0 MB stacks, 0 MB globals, 20 P
gc 6793 @219.802s 0%: 0.019+0.54+0.007 ms clock, 0.39+0/0.93/0+0.15 ms cpu, 241->241->137 MB, 241 MB goal, 0 MB stacks, 0 MB globals, 20 P
gc 6794 @219.836s 0%: 0.021+4.5+0.004 ms clock, 0.42+0/5.2/0.069+0.098 ms cpu, 280->280->122 MB, 280 MB goal, 0 MB stacks, 0 MB globals, 20 P
gc 6795 @219.861s 0%: 0.032+5.3+0.005 ms clock, 0.64+0/6.4/0+0.11 ms cpu, 243->243->129 MB, 245 MB goal, 0 MB stacks, 0 MB globals, 20 P
gc 6796 @219.895s 0%: 0.018+0.59+0.006 ms clock, 0.36+0/1.0/0+0.12 ms cpu, 255->255->117 MB, 258 MB goal, 0 MB stacks, 0 MB globals, 20 P
gc 6797 @219.920s 0%: 0.024+3.4+0.006 ms clock, 0.49+0/3.9/0+0.13 ms cpu, 239->239->123 MB, 240 MB goal, 0 MB stacks, 0 MB globals, 20 P
gc 6798 @219.943s 0%: 0.022+1.0+0.006 ms clock, 0.45+0/1.5/0+0.13 ms cpu, 243->243->114 MB, 247 MB goal, 0 MB stacks, 0 MB globals, 20 P
gc 6799 @219.969s 0%: 0.030+1.4+0.010 ms clock, 0.60+0/2.7/0.20+0.21 ms cpu, 225->225->116 MB, 228 MB goal, 0 MB stacks, 0 MB globals, 20 P
gc 6800 @219.993s 0%: 0.035+6.5+0.10 ms clock, 0.70+0/7.6/0.18+2.0 ms cpu, 230->230->122 MB, 233 MB goal, 0 MB stacks, 0 MB globals, 20 P
gc 6801 @220.029s 0%: 0.025+1.2+0.009 ms clock, 0.51+0/2.0/0.002+0.18 ms cpu, 249->249->110 MB, 249 MB goal, 0 MB stacks, 0 MB globals, 20 P
gc 6802 @220.053s 0%: 0.029+3.4+0.007 ms clock, 0.59+0/4.7/0.078+0.15 ms cpu, 225->225->115 MB, 225 MB goal, 0 MB stacks, 0 MB globals, 20 P
gc 6803 @220.077s 0%: 0.018+0.40+0.008 ms clock, 0.37+0/0.81/0+0.16 ms cpu, 237->237->131 MB, 237 MB goal, 0 MB stacks, 0 MB globals, 20 P
gc 6804 @220.098s 0%: 0.022+0.84+0.004 ms clock, 0.44+0/1.5/0+0.095 ms cpu, 264->264->113 MB, 264 MB goal, 0 MB stacks, 0 MB globals, 20 P
gc 6805 @220.124s 0%: 0.020+1.2+0.003 ms clock, 0.40+0/1.5/0+0.076 ms cpu, 229->229->120 MB, 229 MB goal, 0 MB stacks, 0 MB globals, 20 P
gc 6806 @220.142s 0%: 0.017+0.47+0.003 ms clock, 0.35+0/0.67/0+0.073 ms cpu, 239->239->110 MB, 240 MB goal, 0 MB stacks, 0 MB globals, 20 P
gc 6807 @220.155s 0%: 0.021+2.2+0.005 ms clock, 0.43+0/2.7/0+0.10 ms cpu, 219->219->119 MB, 222 MB goal, 0 MB stacks, 0 MB globals, 20 P
gc 6808 @220.182s 0%: 0.021+0.60+0.005 ms clock, 0.42+0/0.85/0+0.10 ms cpu, 235->235->135 MB, 238 MB goal, 0 MB stacks, 0 MB globals, 20 P
gc 6809 @220.202s 0%: 0.020+4.5+0.004 ms clock, 0.40+0/4.9/0+0.083 ms cpu, 272->272->115 MB, 272 MB goal, 0 MB stacks, 0 MB globals, 20 P
gc 6810 @220.227s 0%: 0.022+0.48+0.006 ms clock, 0.44+0/0.99/0+0.13 ms cpu, 237->237->132 MB, 237 MB goal, 0 MB stacks, 0 MB globals, 20 P
gc 6811 @220.253s 0%: 0.019+0.71+0.002 ms clock, 0.38+0/1.2/0.036+0.052 ms cpu, 264->264->113 MB, 264 MB goal, 0 MB stacks, 0 MB globals, 20 P
gc 6812 @220.275s 0%: 0.018+1.1+0.002 ms clock, 0.37+0/1.5/0+0.059 ms cpu, 229->229->121 MB, 229 MB goal, 0 MB stacks, 0 MB globals, 20 P
gc 6813 @220.296s 0%: 0.031+0.60+0.023 ms clock, 0.62+0/0.98/0.012+0.46 ms cpu, 239->242->114 MB, 243 MB goal, 0 MB stacks, 0 MB globals, 20 P
gc 6814 @220.318s 0%: 0.030+3.3+0.006 ms clock, 0.60+0/4.1/0.058+0.13 ms cpu, 236->236->122 MB, 236 MB goal, 0 MB stacks, 0 MB globals, 20 P
gc 6815 @220.344s 0%: 0.018+0.58+0.004 ms clock, 0.36+0/0.96/0.008+0.090 ms cpu, 242->242->110 MB, 245 MB goal, 0 MB stacks, 0 MB globals, 20 P
gc 6816 @220.362s 0%: 0.029+1.7+0.007 ms clock, 0.58+0/2.4/0.004+0.14 ms cpu, 217->217->114 MB, 221 MB goal, 0 MB stacks, 0 MB globals, 20 P
gc 6817 @220.398s 0%: 0.029+0.54+0.016 ms clock, 0.59+0/1.4/0+0.32 ms cpu, 231->231->128 MB, 231 MB goal, 0 MB stacks, 0 MB globals, 20 P
gc 6818 @220.435s 0%: 0.030+8.7+0.009 ms clock, 0.60+0/9.6/0.005+0.18 ms cpu, 265->265->111 MB, 265 MB goal, 0 MB stacks, 0 MB globals, 20 P
gc 6819 @220.459s 0%: 0.017+1.3+0.005 ms clock, 0.35+0/1.6/0+0.10 ms cpu, 219->219->116 MB, 223 MB goal, 0 MB stacks, 0 MB globals, 20 P
gc 6820 @220.482s 0%: 0.016+0.97+0.003 ms clock, 0.32+0.028/1.0/0+0.073 ms cpu, 230->232->107 MB, 233 MB goal, 0 MB stacks, 0 MB globals, 20 P
gc 6821 @220.496s 0%: 0.016+1.5+0.003 ms clock, 0.33+0/1.8/0+0.074 ms cpu, 215->215->110 MB, 215 MB goal, 0 MB stacks, 0 MB globals, 20 P
gc 6822 @220.510s 0%: 0.018+0.99+0.017 ms clock, 0.36+0/1.3/0.003+0.34 ms cpu, 222->222->119 MB, 222 MB goal, 0 MB stacks, 0 MB globals, 20 P
gc 6823 @220.528s 0%: 0.018+2.2+0.003 ms clock, 0.36+0/2.4/0+0.077 ms cpu, 238->238->111 MB, 239 MB goal, 0 MB stacks, 0 MB globals, 20 P
gc 6824 @220.547s 0%: 0.019+5.8+0.003 ms clock, 0.39+0/6.0/0+0.061 ms cpu, 231->231->121 MB, 231 MB goal, 0 MB stacks, 0 MB globals, 20 P
gc 6825 @220.570s 0%: 0.018+0.44+0.004 ms clock, 0.36+0/0.92/0.030+0.082 ms cpu, 239->239->106 MB, 242 MB goal, 0 MB stacks, 0 MB globals, 20 P
gc 6826 @220.587s 0%: 0.023+0.68+0.003 ms clock, 0.46+0/0.98/0.001+0.071 ms cpu, 211->211->109 MB, 213 MB goal, 0 MB stacks, 0 MB globals, 20 P
gc 6827 @220.605s 0%: 0.017+2.9+0.002 ms clock, 0.34+0/3.4/0.017+0.059 ms cpu, 216->216->111 MB, 218 MB goal, 0 MB stacks, 0 MB globals, 20 P
gc 6828 @220.625s 0%: 0.019+1.3+0.004 ms clock, 0.38+0/2.2/0.095+0.096 ms cpu, 227->227->118 MB, 227 MB goal, 0 MB stacks, 0 MB globals, 20 P
gc 6829 @220.652s 0%: 0.020+0.41+0.008 ms clock, 0.41+0/0.79/0.003+0.16 ms cpu, 240->240->136 MB, 240 MB goal, 0 MB stacks, 0 MB globals, 20 P
gc 6830 @220.688s 0%: 0.031+5.7+0.023 ms clock, 0.63+0/6.3/0.031+0.46 ms cpu, 279->279->122 MB, 279 MB goal, 0 MB stacks, 0 MB globals, 20 P
gc 6831 @220.710s 0%: 0.017+1.3+0.003 ms clock, 0.34+0/1.6/0+0.063 ms cpu, 243->243->128 MB, 244 MB goal, 0 MB stacks, 0 MB globals, 20 P
gc 6832 @220.733s 0%: 0.017+2.7+0.006 ms clock, 0.35+0/1.1/0.16+0.12 ms cpu, 255->260->122 MB, 257 MB goal, 0 MB stacks, 0 MB globals, 20 P
gc 6833 @220.761s 0%: 0.023+1.3+0.004 ms clock, 0.47+0/2.2/0.001+0.089 ms cpu, 252->252->125 MB, 252 MB goal, 0 MB stacks, 0 MB globals, 20 P
gc 6834 @220.788s 0%: 0.031+0.67+0.004 ms clock, 0.63+0/1.0/0+0.096 ms cpu, 247->247->115 MB, 252 MB goal, 0 MB stacks, 0 MB globals, 20 P
gc 6835 @220.819s 0%: 0.030+4.1+0.006 ms clock, 0.60+0/5.0/0.005+0.12 ms cpu, 236->236->122 MB, 236 MB goal, 0 MB stacks, 0 MB globals, 20 P
gc 6836 @220.847s 0%: 0.026+0.60+0.007 ms clock, 0.52+0/1.0/0.007+0.14 ms cpu, 242->242->110 MB, 245 MB goal, 0 MB stacks, 0 MB globals, 20 P
gc 6837 @220.864s 0%: 0.027+0.99+0.006 ms clock, 0.54+0/2.0/0.005+0.12 ms cpu, 217->217->111 MB, 220 MB goal, 0 MB stacks, 0 MB globals, 20 P
gc 6838 @220.892s 0%: 0.019+1.3+0.003 ms clock, 0.38+0/1.5/0+0.074 ms cpu, 232->232->118 MB, 232 MB goal, 0 MB stacks, 0 MB globals, 20 P
gc 6839 @220.913s 0%: 0.016+0.45+0.005 ms clock, 0.33+0/0.86/0+0.11 ms cpu, 232->234->105 MB, 236 MB goal, 0 MB stacks, 0 MB globals, 20 P
gc 6840 @220.929s 0%: 0.017+0.53+0.004 ms clock, 0.35+0/1.1/0.076+0.095 ms cpu, 208->208->107 MB, 210 MB goal, 0 MB stacks, 0 MB globals, 20 P
gc 6841 @220.951s 0%: 0.025+1.0+0.006 ms clock, 0.50+0/1.6/0+0.12 ms cpu, 211->211->111 MB, 215 MB goal, 0 MB stacks, 0 MB globals, 20 P
gc 6842 @220.975s 0%: 0.021+1.0+0.005 ms clock, 0.43+0/1.7/0+0.10 ms cpu, 222->222->116 MB, 223 MB goal, 0 MB stacks, 0 MB globals, 20 P
gc 6843 @220.990s 0%: 0.018+8.6+0.008 ms clock, 0.37+0/9.2/0+0.16 ms cpu, 237->237->123 MB, 237 MB goal, 0 MB stacks, 0 MB globals, 20 P
gc 6844 @221.038s 0%: 0.030+1.6+0.004 ms clock, 0.60+0.070/0.95/0.095+0.081 ms cpu, 243->246->118 MB, 248 MB goal, 0 MB stacks, 0 MB globals, 20 P
gc 6845 @221.055s 0%: 0.021+0.95+0.003 ms clock, 0.42+0/1.5/0.021+0.077 ms cpu, 234->234->121 MB, 237 MB goal, 0 MB stacks, 0 MB globals, 20 P
gc 6846 @221.080s 0%: 0.027+3.7+0.003 ms clock, 0.54+0/4.3/0.030+0.079 ms cpu, 252->252->129 MB, 252 MB goal, 0 MB stacks, 0 MB globals, 20 P
gc 6847 @221.115s 0%: 0.046+5.7+0.009 ms clock, 0.93+0/6.6/0.014+0.19 ms cpu, 256->256->117 MB, 258 MB goal, 0 MB stacks, 0 MB globals, 20 P
gc 6848 @221.147s 0%: 0.032+4.4+0.003 ms clock, 0.65+0/5.1/0.021+0.072 ms cpu, 235->235->124 MB, 235 MB goal, 0 MB stacks, 0 MB globals, 20 P
gc 6849 @221.170s 0%: 0.019+0.76+0.003 ms clock, 0.39+0/1.0/0+0.063 ms cpu, 250->250->115 MB, 250 MB goal, 0 MB stacks, 0 MB globals, 20 P
gc 6850 @221.186s 0%: 0.018+1.0+0.003 ms clock, 0.36+0/1.4/0.077+0.064 ms cpu, 230->230->119 MB, 230 MB goal, 0 MB stacks, 0 MB globals, 20 P
gc 6851 @221.209s 0%: 0.019+0.48+0.008 ms clock, 0.38+0/0.71/0+0.17 ms cpu, 241->241->136 MB, 242 MB goal, 0 MB stacks, 0 MB globals, 20 P
gc 6852 @221.237s 0%: 0.028+5.1+0.007 ms clock, 0.57+0/5.7/0+0.14 ms cpu, 269->269->115 MB, 273 MB goal, 0 MB stacks, 0 MB globals, 20 P
gc 6853 @221.266s 0%: 0.031+2.9+0.005 ms clock, 0.63+0/3.5/0+0.11 ms cpu, 230->230->119 MB, 230 MB goal, 0 MB stacks, 0 MB globals, 20 P
gc 6854 @221.304s 0%: 0.051+0.92+0.020 ms clock, 1.0+0/2.7/0.67+0.40 ms cpu, 241->241->138 MB, 241 MB goal, 0 MB stacks, 0 MB globals, 20 P
gc 6855 @221.333s 0%: 0.022+4.2+0.003 ms clock, 0.44+0/5.0/0.034+0.069 ms cpu, 280->280->123 MB, 280 MB goal, 0 MB stacks, 0 MB globals, 20 P
gc 6856 @221.362s 0%: 0.020+2.4+0.008 ms clock, 0.41+0/2.7/0+0.17 ms cpu, 244->244->128 MB, 247 MB goal, 0 MB stacks, 0 MB globals, 20 P
gc 6857 @221.389s 0%: 0.025+1.4+0.008 ms clock, 0.51+0/2.3/0.002+0.17 ms cpu, 258->258->119 MB, 258 MB goal, 0 MB stacks, 0 MB globals, 20 P
gc 6858 @221.413s 0%: 0.017+0.60+0.007 ms clock, 0.35+0.14/0.78/0+0.14 ms cpu, 234->236->110 MB, 240 MB goal, 0 MB stacks, 0 MB globals, 20 P
gc 6859 @221.431s 0%: 0.019+0.62+0.014 ms clock, 0.38+0/1.2/0.007+0.29 ms cpu, 221->221->112 MB, 222 MB goal, 0 MB stacks, 0 MB globals, 20 P
gc 6860 @221.445s 0%: 0.020+3.3+0.005 ms clock, 0.41+0/3.4/0+0.10 ms cpu, 224->224->117 MB, 224 MB goal, 0 MB stacks, 0 MB globals, 20 P
gc 6861 @221.470s 0%: 0.019+0.45+0.008 ms clock, 0.39+0.019/0.63/0+0.17 ms cpu, 233->233->103 MB, 236 MB goal, 0 MB stacks, 0 MB globals, 20 P
gc 6862 @221.491s 0%: 0.024+0.85+0.007 ms clock, 0.48+0.021/1.6/0.033+0.14 ms cpu, 202->202->104 MB, 207 MB goal, 0 MB stacks, 0 MB globals, 20 P
gc 6863 @221.518s 0%: 0.029+0.97+0.007 ms clock, 0.59+0/2.0/0.19+0.14 ms cpu, 208->208->108 MB, 208 MB goal, 0 MB stacks, 0 MB globals, 20 P
gc 6864 @221.535s 0%: 0.017+3.9+0.006 ms clock, 0.34+0/4.0/0+0.12 ms cpu, 218->218->113 MB, 219 MB goal, 0 MB stacks, 0 MB globals, 20 P
gc 6865 @221.557s 0%: 0.029+9.2+0.005 ms clock, 0.58+0/9.6/0+0.10 ms cpu, 234->234->120 MB, 234 MB goal, 0 MB stacks, 0 MB globals, 20 P
gc 6866 @221.594s 0%: 0.019+0.62+0.003 ms clock, 0.39+0.20/0.52/0+0.072 ms cpu, 238->240->112 MB, 242 MB goal, 0 MB stacks, 0 MB globals, 20 P
gc 6867 @221.611s 0%: 0.016+2.1+0.004 ms clock, 0.33+0/2.5/0.002+0.081 ms cpu, 224->224->116 MB, 226 MB goal, 0 MB stacks, 0 MB globals, 20 P
gc 6868 @221.633s 0%: 0.019+4.5+0.003 ms clock, 0.39+0/5.0/0+0.076 ms cpu, 239->239->125 MB, 239 MB goal, 0 MB stacks, 0 MB globals, 20 P
gc 6869 @221.654s 0%: 0.021+0.49+0.009 ms clock, 0.43+0/0.67/0+0.18 ms cpu, 247->247->143 MB, 251 MB goal, 0 MB stacks, 0 MB globals, 20 P
gc 6870 @221.686s 0%: 0.020+0.46+0.007 ms clock, 0.40+0/0.72/0+0.15 ms cpu, 293->293->136 MB, 293 MB goal, 0 MB stacks, 0 MB globals, 20 P
gc 6871 @221.706s 0%: 0.019+3.4+0.003 ms clock, 0.39+0/3.7/0+0.075 ms cpu, 274->274->121 MB, 274 MB goal, 0 MB stacks, 0 MB globals, 20 P
gc 6872 @221.732s 0%: 0.019+0.52+0.003 ms clock, 0.38+0/0.80/0+0.076 ms cpu, 237->237->108 MB, 242 MB goal, 0 MB stacks, 0 MB globals, 20 P
gc 6873 @221.759s 0%: 0.096+1.9+0.003 ms clock, 1.9+0/2.4/0+0.073 ms cpu, 218->218->112 MB, 218 MB goal, 0 MB stacks, 0 MB globals, 20 P
gc 6874 @221.778s 0%: 0.019+2.6+0.005 ms clock, 0.38+0/2.7/0+0.11 ms cpu, 232->232->117 MB, 232 MB goal, 0 MB stacks, 0 MB globals, 20 P
gc 6875 @221.800s 0%: 0.018+0.48+0.003 ms clock, 0.37+0.19/0.53/0+0.067 ms cpu, 230->232->106 MB, 235 MB goal, 0 MB stacks, 0 MB globals, 20 P
gc 6876 @221.818s 0%: 0.015+1.7+0.003 ms clock, 0.31+0.018/1.8/0+0.072 ms cpu, 210->210->108 MB, 212 MB goal, 0 MB stacks, 0 MB globals, 20 P
gc 6877 @221.837s 0%: 0.017+2.7+0.003 ms clock, 0.35+0/2.9/0+0.073 ms cpu, 221->221->114 MB, 221 MB goal, 0 MB stacks, 0 MB globals, 20 P
gc 6878 @221.857s 0%: 0.028+7.9+0.005 ms clock, 0.56+0/8.5/0.024+0.11 ms cpu, 229->229->120 MB, 230 MB goal, 0 MB stacks, 0 MB globals, 20 P
gc 6879 @221.885s 0%: 0.021+0.50+0.011 ms clock, 0.42+0/0.81/0.010+0.22 ms cpu, 242->242->139 MB, 242 MB goal, 0 MB stacks, 0 MB globals, 20 P
gc 6880 @221.912s 0%: 0.021+7.3+0.012 ms clock, 0.42+0/8.3/0+0.24 ms cpu, 282->282->123 MB, 282 MB goal, 0 MB stacks, 0 MB globals, 20 P
gc 6881 @221.956s 0%: 0.049+7.8+0.15 ms clock, 0.99+0/9.1/0+3.1 ms cpu, 244->244->129 MB, 247 MB goal, 0 MB stacks, 0 MB globals, 20 P
gc 6882 @221.989s 0%: 0.029+0.65+0.005 ms clock, 0.59+0/1.1/0+0.10 ms cpu, 258->258->119 MB, 258 MB goal, 0 MB stacks, 0 MB globals, 20 P
gc 6883 @222.014s 0%: 0.025+0.82+0.008 ms clock, 0.51+0.17/1.0/0.025+0.16 ms cpu, 236->238->111 MB, 239 MB goal, 0 MB stacks, 0 MB globals, 20 P
gc 6884 @222.035s 0%: 0.024+1.3+0.006 ms clock, 0.48+0/1.8/0+0.12 ms cpu, 226->226->115 MB, 226 MB goal, 0 MB stacks, 0 MB globals, 20 P
gc 6885 @222.059s 0%: 0.021+0.45+0.009 ms clock, 0.43+0/0.72/0+0.19 ms cpu, 231->231->131 MB, 231 MB goal, 0 MB stacks, 0 MB globals, 20 P
gc 6886 @222.080s 0%: 0.018+2.9+0.002 ms clock, 0.36+0/3.2/0+0.059 ms cpu, 264->264->110 MB, 264 MB goal, 0 MB stacks, 0 MB globals, 20 P
gc 6887 @222.095s 0%: 0.018+1.1+0.003 ms clock, 0.37+0/1.3/0.001+0.069 ms cpu, 224->224->113 MB, 224 MB goal, 0 MB stacks, 0 MB globals, 20 P
gc 6888 @222.113s 0%: 0.016+0.47+0.003 ms clock, 0.33+0.10/0.61/0+0.073 ms cpu, 223->225->104 MB, 227 MB goal, 0 MB stacks, 0 MB globals, 20 P
gc 6889 @222.130s 0%: 0.019+1.4+0.004 ms clock, 0.38+0/1.7/0+0.091 ms cpu, 209->209->108 MB, 209 MB goal, 0 MB stacks, 0 MB globals, 20 P
gc 6890 @222.152s 0%: 0.034+1.3+0.008 ms clock, 0.68+0/1.9/0+0.17 ms cpu, 221->221->112 MB, 221 MB goal, 0 MB stacks, 0 MB globals, 20 P
gc 6891 @222.170s 0%: 0.020+4.7+0.005 ms clock, 0.40+0/4.9/0+0.10 ms cpu, 227->227->116 MB, 227 MB goal, 0 MB stacks, 0 MB globals, 20 P
gc 6892 @222.193s 0%: 0.016+0.47+0.004 ms clock, 0.33+0.038/0.78/0+0.080 ms cpu, 230->232->111 MB, 233 MB goal, 0 MB stacks, 0 MB globals, 20 P
gc 6893 @222.206s 0%: 0.023+1.0+0.003 ms clock, 0.46+0/1.1/0.079+0.076 ms cpu, 226->226->116 MB, 226 MB goal, 0 MB stacks, 0 MB globals, 20 P
gc 6894 @222.231s 0%: 0.021+0.49+0.008 ms clock, 0.42+0/0.79/0+0.17 ms cpu, 233->233->133 MB, 234 MB goal, 0 MB stacks, 0 MB globals, 20 P
gc 6895 @222.257s 0%: 0.020+3.5+0.004 ms clock, 0.40+0/3.9/0+0.099 ms cpu, 264->264->113 MB, 267 MB goal, 0 MB stacks, 0 MB globals, 20 P
gc 6896 @222.281s 0%: 0.019+1.3+0.003 ms clock, 0.38+0/1.8/0+0.077 ms cpu, 225->225->118 MB, 227 MB goal, 0 MB stacks, 0 MB globals, 20 P
gc 6897 @222.315s 0%: 0.027+0.98+0.064 ms clock, 0.54+0.088/1.1/0+1.2 ms cpu, 232->234->105 MB, 236 MB goal, 0 MB stacks, 0 MB globals, 20 P
gc 6898 @222.346s 0%: 0.029+0.83+0.007 ms clock, 0.59+0/1.5/0+0.14 ms cpu, 207->207->106 MB, 211 MB goal, 0 MB stacks, 0 MB globals, 20 P
gc 6899 @222.365s 0%: 0.018+0.74+0.003 ms clock, 0.37+0/1.3/0.010+0.074 ms cpu, 211->211->110 MB, 214 MB goal, 0 MB stacks, 0 MB globals, 20 P
gc 6900 @222.384s 0%: 0.042+7.7+0.006 ms clock, 0.84+0/8.2/0.034+0.12 ms cpu, 221->221->115 MB, 221 MB goal, 0 MB stacks, 0 MB globals, 20 P
gc 6901 @222.411s 0%: 0.018+4.9+0.003 ms clock, 0.37+0/5.0/0+0.068 ms cpu, 235->235->120 MB, 236 MB goal, 0 MB stacks, 0 MB globals, 20 P
gc 6902 @222.437s 0%: 0.036+0.67+0.007 ms clock, 0.72+0.060/0.80/0+0.14 ms cpu, 237->240->112 MB, 241 MB goal, 0 MB stacks, 0 MB globals, 20 P
gc 6903 @222.456s 0%: 0.017+2.5+0.003 ms clock, 0.34+0/2.8/0+0.073 ms cpu, 224->224->116 MB, 226 MB goal, 0 MB stacks, 0 MB globals, 20 P
gc 6904 @222.478s 0%: 0.020+2.7+0.005 ms clock, 0.40+0/2.9/0+0.11 ms cpu, 239->239->125 MB, 239 MB goal, 0 MB stacks, 0 MB globals, 20 P
gc 6905 @222.500s 0%: 0.023+0.56+0.006 ms clock, 0.47+0/0.92/0+0.12 ms cpu, 247->247->143 MB, 251 MB goal, 0 MB stacks, 0 MB globals, 20 P
gc 6906 @222.526s 0%: 0.018+3.6+0.004 ms clock, 0.36+0/3.8/0+0.085 ms cpu, 285->285->123 MB, 286 MB goal, 0 MB stacks, 0 MB globals, 20 P
gc 6907 @222.554s 0%: 0.017+0.61+0.007 ms clock, 0.35+0.058/0.73/0+0.14 ms cpu, 243->245->114 MB, 246 MB goal, 0 MB stacks, 0 MB globals, 20 P
gc 6908 @222.572s 0%: 0.019+0.67+0.004 ms clock, 0.39+0/1.2/0.002+0.082 ms cpu, 225->225->118 MB, 229 MB goal, 0 MB stacks, 0 MB globals, 20 P
gc 6909 @222.605s 0%: 0.030+0.56+0.013 ms clock, 0.60+0/1.2/0.010+0.27 ms cpu, 244->244->136 MB, 244 MB goal, 0 MB stacks, 0 MB globals, 20 P
gc 6910 @222.638s 0%: 0.019+1.7+0.003 ms clock, 0.38+0/2.2/0+0.069 ms cpu, 274->274->117 MB, 274 MB goal, 0 MB stacks, 0 MB globals, 20 P
gc 6911 @222.665s 0%: 0.032+0.93+0.008 ms clock, 0.65+0/1.6/0.019+0.16 ms cpu, 233->233->103 MB, 236 MB goal, 0 MB stacks, 0 MB globals, 20 P
gc 6912 @222.689s 0%: 0.035+1.1+0.005 ms clock, 0.70+0/1.4/0.009+0.11 ms cpu, 208->208->105 MB, 208 MB goal, 0 MB stacks, 0 MB globals, 20 P
gc 6913 @222.712s 0%: 0.022+0.85+0.077 ms clock, 0.44+0/1.4/0+1.5 ms cpu, 212->212->110 MB, 212 MB goal, 0 MB stacks, 0 MB globals, 20 P
gc 6914 @222.730s 0%: 0.020+3.9+0.003 ms clock, 0.41+0/4.4/0+0.069 ms cpu, 222->222->116 MB, 222 MB goal, 0 MB stacks, 0 MB globals, 20 P
gc 6915 @222.761s 0%: 0.022+0.70+0.005 ms clock, 0.44+0.16/1.0/0+0.10 ms cpu, 229->231->106 MB, 233 MB goal, 0 MB stacks, 0 MB globals, 20 P
gc 6916 @222.777s 0%: 0.017+0.49+0.005 ms clock, 0.34+0/1.0/0+0.10 ms cpu, 211->211->111 MB, 214 MB goal, 0 MB stacks, 0 MB globals, 20 P
gc 6917 @222.794s 0%: 0.026+4.0+0.005 ms clock, 0.52+0/4.8/0.011+0.10 ms cpu, 223->223->114 MB, 223 MB goal, 0 MB stacks, 0 MB globals, 20 P
gc 6918 @222.818s 0%: 0.022+7.1+0.005 ms clock, 0.45+0/7.6/0+0.11 ms cpu, 230->230->119 MB, 230 MB goal, 0 MB stacks, 0 MB globals, 20 P
gc 6919 @222.857s 0%: 0.020+0.54+0.004 ms clock, 0.41+0/0.87/0+0.084 ms cpu, 237->237->111 MB, 240 MB goal, 0 MB stacks, 0 MB globals, 20 P
gc 6920 @222.879s 0%: 0.042+1.9+0.008 ms clock, 0.85+0/2.7/0+0.16 ms cpu, 221->221->118 MB, 222 MB goal, 0 MB stacks, 0 MB globals, 20 P
gc 6921 @222.908s 0%: 0.026+5.4+0.003 ms clock, 0.52+0/6.2/0.012+0.067 ms cpu, 238->238->123 MB, 238 MB goal, 0 MB stacks, 0 MB globals, 20 P
gc 6922 @222.940s 0%: 0.037+0.82+0.010 ms clock, 0.74+0/1.5/0.069+0.20 ms cpu, 246->246->110 MB, 247 MB goal, 0 MB stacks, 0 MB globals, 20 P
gc 6923 @222.961s 0%: 0.022+0.79+0.005 ms clock, 0.45+0/1.7/0.078+0.11 ms cpu, 219->219->114 MB, 222 MB goal, 0 MB stacks, 0 MB globals, 20 P
gc 6924 @222.977s 0%: 0.020+2.1+0.004 ms clock, 0.40+0/2.6/0.025+0.089 ms cpu, 224->224->117 MB, 228 MB goal, 0 MB stacks, 0 MB globals, 20 P
gc 6925 @222.993s 0%: 0.019+1.3+0.003 ms clock, 0.39+0/1.5/0+0.078 ms cpu, 238->238->123 MB, 238 MB goal, 0 MB stacks, 0 MB globals, 20 P
gc 6926 @223.016s 0%: 0.020+0.57+0.003 ms clock, 0.41+0/1.1/0.001+0.062 ms cpu, 244->244->117 MB, 247 MB goal, 0 MB stacks, 0 MB globals, 20 P
gc 6927 @223.036s 0%: 0.019+1.0+0.014 ms clock, 0.38+0/1.7/0.086+0.28 ms cpu, 239->239->122 MB, 239 MB goal, 0 MB stacks, 0 MB globals, 20 P
gc 6928 @223.054s 0%: 0.018+2.9+0.005 ms clock, 0.36+0/3.3/0+0.10 ms cpu, 248->248->113 MB, 248 MB goal, 0 MB stacks, 0 MB globals, 20 P
gc 6929 @223.076s 0%: 0.032+4.2+0.003 ms clock, 0.65+0/4.7/0+0.078 ms cpu, 228->228->117 MB, 228 MB goal, 0 MB stacks, 0 MB globals, 20 P
gc 6930 @223.102s 0%: 0.020+0.44+0.013 ms clock, 0.41+0/0.77/0.001+0.27 ms cpu, 240->240->134 MB, 240 MB goal, 0 MB stacks, 0 MB globals, 20 P
gc 6931 @223.124s 0%: 0.019+0.80+0.021 ms clock, 0.39+0/1.2/0+0.43 ms cpu, 267->267->113 MB, 270 MB goal, 0 MB stacks, 0 MB globals, 20 P
gc 6932 @223.139s 0%: 0.018+1.0+0.003 ms clock, 0.37+0/1.4/0+0.062 ms cpu, 228->228->119 MB, 228 MB goal, 0 MB stacks, 0 MB globals, 20 P
gc 6933 @223.156s 0%: 0.021+0.47+0.005 ms clock, 0.42+0/0.73/0+0.11 ms cpu, 242->242->138 MB, 242 MB goal, 0 MB stacks, 0 MB globals, 20 P
gc 6934 @223.183s 0%: 0.020+3.6+0.003 ms clock, 0.41+0/4.0/0.001+0.062 ms cpu, 280->280->123 MB, 280 MB goal, 0 MB stacks, 0 MB globals, 20 P
gc 6935 @223.203s 0%: 0.021+2.1+0.005 ms clock, 0.43+0/2.6/0+0.10 ms cpu, 244->244->128 MB, 247 MB goal, 0 MB stacks, 0 MB globals, 20 P
gc 6936 @223.238s 0%: 0.032+1.1+0.007 ms clock, 0.64+0/2.2/0.031+0.14 ms cpu, 258->258->119 MB, 258 MB goal, 0 MB stacks, 0 MB globals, 20 P
gc 6937 @223.260s 0%: 0.023+0.59+0.019 ms clock, 0.46+0/1.1/0+0.38 ms cpu, 245->245->138 MB, 246 MB goal, 0 MB stacks, 0 MB globals, 20 P
gc 6938 @223.293s 0%: 0.026+4.1+0.005 ms clock, 0.53+0/4.5/0+0.11 ms cpu, 274->274->118 MB, 277 MB goal, 0 MB stacks, 0 MB globals, 20 P
gc 6939 @223.323s 0%: 0.025+0.60+0.011 ms clock, 0.50+0/1.0/0+0.22 ms cpu, 238->238->133 MB, 238 MB goal, 0 MB stacks, 0 MB globals, 20 P
gc 6940 @223.354s 0%: 0.027+1.0+0.010 ms clock, 0.55+0/1.8/0+0.20 ms cpu, 266->266->112 MB, 267 MB goal, 0 MB stacks, 0 MB globals, 20 P
gc 6941 @223.371s 0%: 0.023+1.3+0.004 ms clock, 0.46+0/2.0/0.055+0.098 ms cpu, 227->227->116 MB, 227 MB goal, 0 MB stacks, 0 MB globals, 20 P
gc 6942 @223.400s 0%: 0.022+0.61+0.073 ms clock, 0.45+0/0.77/0.011+1.4 ms cpu, 238->238->135 MB, 239 MB goal, 0 MB stacks, 0 MB globals, 20 P
gc 6943 @223.424s 0%: 0.017+0.94+0.006 ms clock, 0.35+0/1.1/0+0.13 ms cpu, 268->268->116 MB, 270 MB goal, 0 MB stacks, 0 MB globals, 20 P
gc 6944 @223.441s 0%: 0.017+3.4+0.009 ms clock, 0.34+0/3.6/0+0.18 ms cpu, 232->232->124 MB, 234 MB goal, 0 MB stacks, 0 MB globals, 20 P
gc 6945 @223.468s 0%: 0.046+0.56+0.014 ms clock, 0.92+0/1.2/0.017+0.28 ms cpu, 246->246->142 MB, 249 MB goal, 0 MB stacks, 0 MB globals, 20 P
gc 6946 @223.500s 0%: 0.025+4.6+0.14 ms clock, 0.50+0/5.2/0.028+2.9 ms cpu, 284->284->123 MB, 285 MB goal, 0 MB stacks, 0 MB globals, 20 P
gc 6947 @223.521s 0%: 0.022+3.8+0.003 ms clock, 0.45+0/4.4/0.061+0.074 ms cpu, 244->244->129 MB, 247 MB goal, 0 MB stacks, 0 MB globals, 20 P
gc 6948 @223.544s 0%: 0.017+0.63+0.004 ms clock, 0.35+0/1.1/0+0.083 ms cpu, 258->258->120 MB, 258 MB goal, 0 MB stacks, 0 MB globals, 20 P
gc 6949 @223.572s 0%: 0.018+0.61+0.016 ms clock, 0.36+0.12/0.82/0+0.32 ms cpu, 237->239->110 MB, 240 MB goal, 0 MB stacks, 0 MB globals, 20 P
gc 6950 @223.595s 0%: 0.032+1.0+0.016 ms clock, 0.65+0/1.8/0+0.33 ms cpu, 224->224->112 MB, 224 MB goal, 0 MB stacks, 0 MB globals, 20 P
gc 6951 @223.613s 0%: 0.023+1.1+0.003 ms clock, 0.46+0/1.5/0.002+0.076 ms cpu, 223->223->116 MB, 226 MB goal, 0 MB stacks, 0 MB globals, 20 P
gc 6952 @223.634s 0%: 0.019+4.8+0.003 ms clock, 0.39+0/5.0/0.005+0.077 ms cpu, 237->237->122 MB, 237 MB goal, 0 MB stacks, 0 MB globals, 20 P
gc 6953 @223.660s 0%: 0.017+0.51+0.008 ms clock, 0.34+0.10/0.61/0.002+0.16 ms cpu, 241->241->108 MB, 244 MB goal, 0 MB stacks, 0 MB globals, 20 P
gc 6954 @223.677s 0%: 0.020+0.56+0.006 ms clock, 0.40+0/1.1/0+0.12 ms cpu, 214->214->113 MB, 218 MB goal, 0 MB stacks, 0 MB globals, 20 P
gc 6955 @223.696s 0%: 0.021+5.6+0.004 ms clock, 0.43+0/6.0/0.006+0.081 ms cpu, 230->230->119 MB, 230 MB goal, 0 MB stacks, 0 MB globals, 20 P
gc 6956 @223.718s 0%: 0.021+2.2+0.003 ms clock, 0.43+0/2.5/0.006+0.073 ms cpu, 240->240->128 MB, 240 MB goal, 0 MB stacks, 0 MB globals, 20 P
gc 6957 @223.748s 0%: 0.025+0.78+0.005 ms clock, 0.50+0/1.6/0.026+0.11 ms cpu, 255->255->117 MB, 257 MB goal, 0 MB stacks, 0 MB globals, 20 P
gc 6958 @223.773s 0%: 0.022+2.6+0.007 ms clock, 0.45+0/3.1/0+0.14 ms cpu, 239->239->123 MB, 240 MB goal, 0 MB stacks, 0 MB globals, 20 P
gc 6959 @223.803s 0%: 0.019+0.54+0.004 ms clock, 0.39+0/1.1/0+0.083 ms cpu, 244->244->114 MB, 247 MB goal, 0 MB stacks, 0 MB globals, 20 P
gc 6960 @223.824s 0%: 0.026+4.6+0.005 ms clock, 0.53+0/5.0/0+0.11 ms cpu, 231->231->121 MB, 231 MB goal, 0 MB stacks, 0 MB globals, 20 P
gc 6961 @223.846s 0%: 0.017+0.50+0.004 ms clock, 0.34+0.034/0.79/0+0.080 ms cpu, 240->240->108 MB, 242 MB goal, 0 MB stacks, 0 MB globals, 20 P
gc 6962 @223.872s 0%: 0.019+0.76+0.026 ms clock, 0.39+0/1.1/0.009+0.52 ms cpu, 215->215->110 MB, 217 MB goal, 0 MB stacks, 0 MB globals, 20 P
gc 6963 @223.898s 0%: 0.022+2.7+0.003 ms clock, 0.45+0/3.3/0+0.073 ms cpu, 230->230->116 MB, 230 MB goal, 0 MB stacks, 0 MB globals, 20 P
gc 6964 @223.931s 0%: 0.017+0.48+0.003 ms clock, 0.34+0.080/0.70/0+0.078 ms cpu, 231->233->105 MB, 233 MB goal, 0 MB stacks, 0 MB globals, 20 P
gc 6965 @223.950s 0%: 0.019+1.8+0.005 ms clock, 0.38+0/2.3/0+0.11 ms cpu, 208->208->107 MB, 211 MB goal, 0 MB stacks, 0 MB globals, 20 P
gc 6966 @223.968s 0%: 0.028+4.5+0.009 ms clock, 0.57+0/5.2/0.039+0.18 ms cpu, 211->211->111 MB, 215 MB goal, 0 MB stacks, 0 MB globals, 20 P
gc 6967 @223.994s 0%: 0.027+3.4+0.007 ms clock, 0.54+0/4.1/0.079+0.15 ms cpu, 222->222->116 MB, 223 MB goal, 0 MB stacks, 0 MB globals, 20 P
gc 6968 @224.020s 0%: 0.026+7.1+0.004 ms clock, 0.52+0/7.4/0.006+0.080 ms cpu, 237->237->124 MB, 237 MB goal, 0 MB stacks, 0 MB globals, 20 P
gc 6969 @224.047s 0%: 0.021+0.58+0.007 ms clock, 0.43+0/1.3/0.029+0.15 ms cpu, 246->246->115 MB, 248 MB goal, 0 MB stacks, 0 MB globals, 20 P
gc 6970 @224.070s 0%: 0.018+0.74+0.045 ms clock, 0.36+0/1.2/0.002+0.91 ms cpu, 232->232->121 MB, 232 MB goal, 0 MB stacks, 0 MB globals, 20 P
gc 6971 @224.091s 0%: 0.030+0.72+0.013 ms clock, 0.61+0/1.4/0.19+0.26 ms cpu, 247->247->140 MB, 247 MB goal, 0 MB stacks, 0 MB globals, 20 P
gc 6972 @224.124s 0%: 0.023+3.1+0.003 ms clock, 0.46+0/3.5/0.019+0.073 ms cpu, 281->281->119 MB, 281 MB goal, 0 MB stacks, 0 MB globals, 20 P
gc 6973 @224.143s 0%: 0.024+0.51+0.006 ms clock, 0.48+0/0.93/0+0.12 ms cpu, 234->234->135 MB, 238 MB goal, 0 MB stacks, 0 MB globals, 20 P
gc 6974 @224.164s 0%: 0.017+2.1+0.003 ms clock, 0.34+0/2.4/0+0.068 ms cpu, 266->266->112 MB, 270 MB goal, 0 MB stacks, 0 MB globals, 20 P
gc 6975 @224.191s 0%: 0.020+1.1+0.004 ms clock, 0.40+0/1.6/0+0.090 ms cpu, 227->227->117 MB, 227 MB goal, 0 MB stacks, 0 MB globals, 20 P
gc 6976 @224.217s 0%: 0.019+0.40+0.013 ms clock, 0.39+0/0.87/0+0.26 ms cpu, 239->239->134 MB, 239 MB goal, 0 MB stacks, 0 MB globals, 20 P
gc 6977 @224.236s 0%: 0.017+0.96+0.002 ms clock, 0.35+0/1.7/0.054+0.059 ms cpu, 266->266->115 MB, 268 MB goal, 0 MB stacks, 0 MB globals, 20 P
gc 6978 @224.256s 0%: 0.022+0.98+0.003 ms clock, 0.45+0/1.5/0.036+0.070 ms cpu, 230->230->121 MB, 231 MB goal, 0 MB stacks, 0 MB globals, 20 P
gc 6979 @224.274s 0%: 0.028+0.51+0.016 ms clock, 0.57+0/1.2/0.003+0.33 ms cpu, 243->243->141 MB, 243 MB goal, 0 MB stacks, 0 MB globals, 20 P
gc 6980 @224.315s 0%: 0.032+5.3+0.003 ms clock, 0.64+0/5.7/0+0.079 ms cpu, 284->284->123 MB, 284 MB goal, 0 MB stacks, 0 MB globals, 20 P
gc 6981 @224.340s 0%: 0.017+0.52+0.003 ms clock, 0.34+0/0.91/0+0.069 ms cpu, 243->243->114 MB, 247 MB goal, 0 MB stacks, 0 MB globals, 20 P
gc 6982 @224.359s 0%: 0.020+0.96+0.004 ms clock, 0.41+0/1.3/0+0.091 ms cpu, 225->225->117 MB, 229 MB goal, 0 MB stacks, 0 MB globals, 20 P
gc 6983 @224.399s 0%: 0.036+0.64+0.005 ms clock, 0.73+0.067/1.0/0.009+0.10 ms cpu, 230->232->106 MB, 234 MB goal, 0 MB stacks, 0 MB globals, 20 P
gc 6984 @224.424s 0%: 0.031+1.3+0.007 ms clock, 0.62+0/2.2/0.039+0.15 ms cpu, 213->213->108 MB, 213 MB goal, 0 MB stacks, 0 MB globals, 20 P
gc 6985 @224.448s 0%: 0.030+4.5+0.008 ms clock, 0.60+0/5.2/0.10+0.16 ms cpu, 224->224->113 MB, 224 MB goal, 0 MB stacks, 0 MB globals, 20 P
gc 6986 @224.478s 0%: 0.020+0.44+0.007 ms clock, 0.40+0/0.69/0+0.14 ms cpu, 234->234->129 MB, 234 MB goal, 0 MB stacks, 0 MB globals, 20 P
gc 6987 @224.502s 0%: 0.023+2.4+0.006 ms clock, 0.47+0/2.9/0.016+0.12 ms cpu, 265->265->112 MB, 265 MB goal, 0 MB stacks, 0 MB globals, 20 P
gc 6988 @224.529s 0%: 0.045+0.67+0.006 ms clock, 0.91+0.12/0.99/0.095+0.13 ms cpu, 220->222->104 MB, 224 MB goal, 0 MB stacks, 0 MB globals, 20 P
gc 6989 @224.550s 0%: 0.018+1.8+0.008 ms clock, 0.37+0/2.2/0+0.17 ms cpu, 207->207->107 MB, 209 MB goal, 0 MB stacks, 0 MB globals, 20 P
gc 6990 @224.576s 0%: 0.016+2.6+0.003 ms clock, 0.33+0/2.7/0+0.070 ms cpu, 214->214->112 MB, 214 MB goal, 0 MB stacks, 0 MB globals, 20 P
gc 6991 @224.602s 0%: 0.026+2.0+0.005 ms clock, 0.53+0/2.6/0+0.11 ms cpu, 223->223->116 MB, 225 MB goal, 0 MB stacks, 0 MB globals, 20 P
gc 6992 @224.623s 0%: 0.025+7.6+0.004 ms clock, 0.51+0/7.9/0+0.082 ms cpu, 237->237->121 MB, 237 MB goal, 0 MB stacks, 0 MB globals, 20 P
gc 6993 @224.653s 0%: 0.015+0.53+0.004 ms clock, 0.31+0.16/0.68/0+0.082 ms cpu, 241->241->109 MB, 244 MB goal, 0 MB stacks, 0 MB globals, 20 P
gc 6994 @224.676s 0%: 0.029+5.0+0.008 ms clock, 0.58+0/5.7/0+0.17 ms cpu, 221->221->115 MB, 221 MB goal, 0 MB stacks, 0 MB globals, 20 P
gc 6995 @224.704s 0%: 0.018+1.2+0.004 ms clock, 0.37+0/1.5/0+0.083 ms cpu, 238->238->124 MB, 238 MB goal, 0 MB stacks, 0 MB globals, 20 P
gc 6996 @224.730s 0%: 0.021+0.43+0.007 ms clock, 0.42+0/0.75/0.003+0.15 ms cpu, 246->246->142 MB, 249 MB goal, 0 MB stacks, 0 MB globals, 20 P
gc 6997 @224.753s 0%: 0.024+3.6+0.003 ms clock, 0.48+0/3.8/0+0.079 ms cpu, 284->284->123 MB, 285 MB goal, 0 MB stacks, 0 MB globals, 20 P
gc 6998 @224.774s 0%: 0.020+2.6+0.003 ms clock, 0.41+0/3.1/0+0.079 ms cpu, 244->244->128 MB, 247 MB goal, 0 MB stacks, 0 MB globals, 20 P
gc 6999 @224.798s 0%: 0.020+1.1+0.005 ms clock, 0.41+0/1.6/0+0.11 ms cpu, 258->258->119 MB, 258 MB goal, 0 MB stacks, 0 MB globals, 20 P
gc 7000 @224.818s 0%: 0.019+0.47+0.006 ms clock, 0.38+0.15/0.67/0+0.13 ms cpu, 236->238->111 MB, 240 MB goal, 0 MB stacks, 0 MB globals, 20 P
gc 7001 @224.835s 0%: 0.030+1.1+0.005 ms clock, 0.61+0/1.5/0.001+0.11 ms cpu, 220->220->112 MB, 223 MB goal, 0 MB stacks, 0 MB globals, 20 P
gc 7002 @224.848s 0%: 0.018+2.8+0.003 ms clock, 0.37+0/3.3/0+0.078 ms cpu, 224->224->117 MB, 224 MB goal, 0 MB stacks, 0 MB globals, 20 P
gc 7003 @224.881s 0%: 0.026+0.52+0.008 ms clock, 0.53+0.018/1.2/0.046+0.16 ms cpu, 233->233->104 MB, 236 MB goal, 0 MB stacks, 0 MB globals, 20 P
gc 7004 @224.908s 0%: 0.030+0.75+0.005 ms clock, 0.61+0/1.8/0+0.11 ms cpu, 208->208->105 MB, 209 MB goal, 0 MB stacks, 0 MB globals, 20 P
gc 7005 @224.932s 0%: 0.026+5.4+0.007 ms clock, 0.53+0/6.3/0.001+0.14 ms cpu, 212->212->110 MB, 212 MB goal, 0 MB stacks, 0 MB globals, 20 P
gc 7006 @224.961s 0%: 0.051+4.7+0.11 ms clock, 1.0+0/5.4/0.26+2.2 ms cpu, 225->225->116 MB, 225 MB goal, 0 MB stacks, 0 MB globals, 20 P
gc 7007 @224.992s 0%: 0.020+0.46+0.006 ms clock, 0.40+0/0.80/0+0.12 ms cpu, 238->238->135 MB, 238 MB goal, 0 MB stacks, 0 MB globals, 20 P
gc 7008 @225.032s 0%: 0.031+7.3+0.008 ms clock, 0.63+0/8.2/0.059+0.16 ms cpu, 268->268->116 MB, 271 MB goal, 0 MB stacks, 0 MB globals, 20 P
gc 7009 @225.066s 0%: 0.019+1.3+0.016 ms clock, 0.39+0/1.9/0+0.33 ms cpu, 232->232->124 MB, 234 MB goal, 0 MB stacks, 0 MB globals, 20 P
gc 7010 @225.090s 0%: 0.023+0.50+0.014 ms clock, 0.46+0/1.0/0+0.28 ms cpu, 246->246->142 MB, 249 MB goal, 0 MB stacks, 0 MB globals, 20 P
gc 7011 @225.135s 0%: 0.036+7.6+0.006 ms clock, 0.72+0/8.3/0.041+0.12 ms cpu, 285->285->123 MB, 285 MB goal, 0 MB stacks, 0 MB globals, 20 P
gc 7012 @225.160s 0%: 0.018+1.3+0.003 ms clock, 0.36+0/1.9/0.018+0.063 ms cpu, 244->244->129 MB, 247 MB goal, 0 MB stacks, 0 MB globals, 20 P
gc 7013 @225.182s 0%: 0.023+3.3+0.009 ms clock, 0.46+0/4.0/0+0.19 ms cpu, 258->258->119 MB, 258 MB goal, 0 MB stacks, 0 MB globals, 20 P
gc 7014 @225.221s 0%: 0.041+0.74+0.021 ms clock, 0.83+0/2.0/0.22+0.43 ms cpu, 246->246->135 MB, 246 MB goal, 0 MB stacks, 0 MB globals, 20 P
gc 7015 @225.253s 0%: 0.020+3.2+0.004 ms clock, 0.40+0/3.5/0+0.097 ms cpu, 276->276->117 MB, 276 MB goal, 0 MB stacks, 0 MB globals, 20 P
gc 7016 @225.275s 0%: 0.019+0.53+0.008 ms clock, 0.39+0/0.96/0+0.17 ms cpu, 232->232->133 MB, 235 MB goal, 0 MB stacks, 0 MB globals, 20 P
gc 7017 @225.300s 0%: 0.020+2.3+0.003 ms clock, 0.41+0/2.9/0.12+0.074 ms cpu, 265->265->111 MB, 266 MB goal, 0 MB stacks, 0 MB globals, 20 P
gc 7018 @225.318s 0%: 0.020+1.2+0.003 ms clock, 0.40+0/1.8/0.21+0.072 ms cpu, 226->226->115 MB, 227 MB goal, 0 MB stacks, 0 MB globals, 20 P
gc 7019 @225.341s 0%: 0.022+0.37+0.076 ms clock, 0.45+0/0.75/0+1.5 ms cpu, 238->238->134 MB, 238 MB goal, 0 MB stacks, 0 MB globals, 20 P
gc 7020 @225.363s 0%: 0.018+0.65+0.003 ms clock, 0.37+0/1.2/0.006+0.064 ms cpu, 267->267->116 MB, 269 MB goal, 0 MB stacks, 0 MB globals, 20 P
gc 7021 @225.379s 0%: 0.021+2.7+0.003 ms clock, 0.42+0/3.1/0+0.068 ms cpu, 231->231->122 MB, 232 MB goal, 0 MB stacks, 0 MB globals, 20 P
gc 7022 @225.398s 0%: 0.019+0.37+0.007 ms clock, 0.39+0/0.87/0.032+0.15 ms cpu, 244->244->142 MB, 244 MB goal, 0 MB stacks, 0 MB globals, 20 P
gc 7023 @225.420s 0%: 0.021+3.7+0.004 ms clock, 0.42+0/4.3/0.077+0.097 ms cpu, 285->285->123 MB, 285 MB goal, 0 MB stacks, 0 MB globals, 20 P
gc 7024 @225.446s 0%: 0.030+0.72+0.005 ms clock, 0.61+0/1.4/0.099+0.11 ms cpu, 243->243->114 MB, 247 MB goal, 0 MB stacks, 0 MB globals, 20 P
gc 7025 @225.461s 0%: 0.019+5.0+0.006 ms clock, 0.39+0/5.6/0.11+0.12 ms cpu, 231->231->121 MB, 231 MB goal, 0 MB stacks, 0 MB globals, 20 P
gc 7026 @225.487s 0%: 0.021+0.57+0.006 ms clock, 0.42+0.007/1.3/0.030+0.12 ms cpu, 240->240->108 MB, 242 MB goal, 0 MB stacks, 0 MB globals, 20 P
gc 7027 @225.506s 0%: 0.019+0.79+0.004 ms clock, 0.39+0/1.4/0+0.086 ms cpu, 215->215->110 MB, 217 MB goal, 0 MB stacks, 0 MB globals, 20 P
gc 7028 @225.523s 0%: 0.020+6.1+0.004 ms clock, 0.41+0/6.6/0+0.091 ms cpu, 230->230->116 MB, 230 MB goal, 0 MB stacks, 0 MB globals, 20 P
gc 7029 @225.550s 0%: 0.020+0.44+0.003 ms clock, 0.41+0.10/0.70/0+0.066 ms cpu, 230->231->105 MB, 233 MB goal, 0 MB stacks, 0 MB globals, 20 P
gc 7030 @225.566s 0%: 0.016+1.7+0.005 ms clock, 0.33+0/2.0/0+0.11 ms cpu, 210->210->108 MB, 211 MB goal, 0 MB stacks, 0 MB globals, 20 P
gc 7031 @225.581s 0%: 0.018+3.4+0.006 ms clock, 0.36+0/4.1/0+0.12 ms cpu, 224->224->115 MB, 224 MB goal, 0 MB stacks, 0 MB globals, 20 P
gc 7032 @225.602s 0%: 0.015+0.68+0.007 ms clock, 0.31+0.12/0.94/0.10+0.14 ms cpu, 228->230->109 MB, 231 MB goal, 0 MB stacks, 0 MB globals, 20 P
gc 7033 @225.612s 0%: 0.021+4.5+0.003 ms clock, 0.42+0/5.1/0+0.075 ms cpu, 221->221->130 MB, 222 MB goal, 0 MB stacks, 0 MB globals, 20 P
gc 7034 @225.645s 0%: 0.017+0.69+0.005 ms clock, 0.35+0.058/0.90/0.016+0.11 ms cpu, 257->260->119 MB, 261 MB goal, 0 MB stacks, 0 MB globals, 20 P
gc 7035 @225.663s 0%: 0.020+1.8+0.006 ms clock, 0.40+0/2.4/0.016+0.12 ms cpu, 235->235->121 MB, 239 MB goal, 0 MB stacks, 0 MB globals, 20 P
gc 7036 @225.681s 0%: 0.021+0.36+0.016 ms clock, 0.43+0/0.90/0.28+0.32 ms cpu, 248->248->142 MB, 248 MB goal, 0 MB stacks, 0 MB globals, 20 P
gc 7037 @225.705s 0%: 0.020+3.6+0.003 ms clock, 0.40+0/4.2/0.054+0.073 ms cpu, 285->285->128 MB, 286 MB goal, 0 MB stacks, 0 MB globals, 20 P
gc 7038 @225.727s 0%: 0.020+0.47+0.016 ms clock, 0.40+0/0.77/0+0.32 ms cpu, 263->263->149 MB, 263 MB goal, 0 MB stacks, 0 MB globals, 20 P
gc 7039 @225.756s 0%: 0.021+5.3+0.003 ms clock, 0.43+0/6.0/0.080+0.070 ms cpu, 304->304->132 MB, 304 MB goal, 0 MB stacks, 0 MB globals, 20 P
gc 7040 @225.788s 0%: 0.020+1.0+0.006 ms clock, 0.41+0/1.8/0.21+0.12 ms cpu, 269->269->120 MB, 269 MB goal, 0 MB stacks, 0 MB globals, 20 P
gc 7041 @225.815s 0%: 0.037+0.50+0.008 ms clock, 0.75+0.18/1.1/0.057+0.16 ms cpu, 236->237->106 MB, 240 MB goal, 0 MB stacks, 0 MB globals, 20 P
gc 7042 @225.844s 0%: 0.026+0.54+0.010 ms clock, 0.53+0/1.4/0.40+0.20 ms cpu, 212->212->108 MB, 213 MB goal, 0 MB stacks, 0 MB globals, 20 P
gc 7043 @225.866s 0%: 0.022+0.84+0.004 ms clock, 0.45+0/1.7/0.23+0.092 ms cpu, 216->216->111 MB, 216 MB goal, 0 MB stacks, 0 MB globals, 20 P
gc 7044 @225.890s 0%: 0.022+0.99+0.004 ms clock, 0.45+0/1.6/0.094+0.093 ms cpu, 221->221->114 MB, 222 MB goal, 0 MB stacks, 0 MB globals, 20 P
gc 7045 @225.916s 0%: 0.038+7.9+0.004 ms clock, 0.76+0/9.1/0.80+0.081 ms cpu, 235->235->120 MB, 235 MB goal, 0 MB stacks, 0 MB globals, 20 P
gc 7046 @225.952s 0%: 0.018+0.36+0.006 ms clock, 0.37+0/1.0/0.042+0.12 ms cpu, 237->237->110 MB, 241 MB goal, 0 MB stacks, 0 MB globals, 20 P
gc 7047 @225.971s 0%: 0.058+1.7+0.007 ms clock, 1.1+0/3.4/0.44+0.14 ms cpu, 218->218->114 MB, 220 MB goal, 0 MB stacks, 0 MB globals, 20 P
gc 7048 @226.003s 0%: 0.028+2.6+0.034 ms clock, 0.57+0/3.5/0.53+0.69 ms cpu, 231->231->122 MB, 231 MB goal, 0 MB stacks, 0 MB globals, 20 P
gc 7049 @226.026s 0%: 0.025+2.5+0.008 ms clock, 0.51+0/3.6/0.19+0.17 ms cpu, 243->243->114 MB, 245 MB goal, 0 MB stacks, 0 MB globals, 20 P
gc 7050 @226.047s 0%: 0.021+5.0+0.006 ms clock, 0.43+0/5.7/0.19+0.12 ms cpu, 230->230->119 MB, 230 MB goal, 0 MB stacks, 0 MB globals, 20 P
gc 7051 @226.069s 0%: 0.020+0.29+0.010 ms clock, 0.40+0/0.85/0.18+0.20 ms cpu, 241->241->136 MB, 241 MB goal, 0 MB stacks, 0 MB globals, 20 P
gc 7052 @226.093s 0%: 0.018+3.4+0.003 ms clock, 0.36+0/4.0/0+0.076 ms cpu, 279->279->116 MB, 279 MB goal, 0 MB stacks, 0 MB globals, 20 P
gc 7053 @226.113s 0%: 0.018+3.5+0.006 ms clock, 0.36+0/3.8/0.32+0.13 ms cpu, 237->237->122 MB, 237 MB goal, 0 MB stacks, 0 MB globals, 20 P
gc 7054 @226.137s 0%: 0.016+0.33+0.006 ms clock, 0.33+0/1.0/0.58+0.13 ms cpu, 241->241->110 MB, 245 MB goal, 0 MB stacks, 0 MB globals, 20 P
gc 7055 @226.150s 0%: 0.017+0.80+0.007 ms clock, 0.35+0/1.2/0.49+0.14 ms cpu, 222->222->116 MB, 222 MB goal, 0 MB stacks, 0 MB globals, 20 P
gc 7056 @226.172s 0%: 0.018+0.45+0.011 ms clock, 0.36+0/0.78/0+0.23 ms cpu, 235->235->136 MB, 235 MB goal, 0 MB stacks, 0 MB globals, 20 P
gc 7057 @226.196s 0%: 0.018+3.8+0.003 ms clock, 0.37+0/4.3/0.051+0.078 ms cpu, 274->274->120 MB, 274 MB goal, 0 MB stacks, 0 MB globals, 20 P
gc 7058 @226.220s 0%: 0.018+0.36+0.005 ms clock, 0.37+0/1.1/0.60+0.10 ms cpu, 240->240->108 MB, 242 MB goal, 0 MB stacks, 0 MB globals, 20 P
gc 7059 @226.234s 0%: 0.021+0.70+0.003 ms clock, 0.43+0/1.5/0.29+0.077 ms cpu, 215->215->110 MB, 217 MB goal, 0 MB stacks, 0 MB globals, 20 P
gc 7060 @226.258s 0%: 0.037+8.2+0.007 ms clock, 0.74+0/8.8/0+0.14 ms cpu, 230->230->116 MB, 230 MB goal, 0 MB stacks, 0 MB globals, 20 P
gc 7061 @226.299s 0%: 0.017+0.53+0.009 ms clock, 0.35+0/1.1/0.005+0.18 ms cpu, 231->231->103 MB, 233 MB goal, 0 MB stacks, 0 MB globals, 20 P
gc 7062 @226.320s 0%: 0.023+0.61+0.007 ms clock, 0.46+0/1.5/0+0.14 ms cpu, 205->205->106 MB, 206 MB goal, 0 MB stacks, 0 MB globals, 20 P
gc 7063 @226.338s 0%: 0.018+3.1+0.006 ms clock, 0.36+0/3.7/0.12+0.12 ms cpu, 210->210->110 MB, 213 MB goal, 0 MB stacks, 0 MB globals, 20 P
gc 7064 @226.355s 0%: 0.021+3.8+0.003 ms clock, 0.43+0/4.2/0.017+0.072 ms cpu, 221->221->115 MB, 221 MB goal, 0 MB stacks, 0 MB globals, 20 P
gc 7065 @226.373s 0%: 0.019+5.0+0.022 ms clock, 0.38+0/5.4/0.041+0.44 ms cpu, 236->249->135 MB, 236 MB goal, 0 MB stacks, 0 MB globals, 20 P
gc 7066 @226.399s 0%: 0.017+0.93+0.006 ms clock, 0.34+0/1.5/0.15+0.13 ms cpu, 261->261->119 MB, 272 MB goal, 0 MB stacks, 0 MB globals, 20 P
gc 7067 @226.417s 0%: 0.020+0.33+0.007 ms clock, 0.41+0/0.90/0+0.15 ms cpu, 233->233->131 MB, 238 MB goal, 0 MB stacks, 0 MB globals, 20 P
gc 7068 @226.433s 0%: 0.017+2.5+0.007 ms clock, 0.35+0/2.7/0.021+0.14 ms cpu, 255->255->111 MB, 263 MB goal, 0 MB stacks, 0 MB globals, 20 P
gc 7069 @226.455s 0%: 0.025+0.88+0.004 ms clock, 0.50+0/1.5/0.19+0.096 ms cpu, 211->211->112 MB, 223 MB goal, 0 MB stacks, 0 MB globals, 20 P
gc 7070 @226.474s 0%: 0.12+7.8+0.007 ms clock, 2.4+0/8.9/0.002+0.14 ms cpu, 215->215->114 MB, 225 MB goal, 0 MB stacks, 0 MB globals, 20 P
gc 7071 @226.496s 0%: 0.018+2.0+0.003 ms clock, 0.36+0/2.3/0+0.065 ms cpu, 219->219->116 MB, 229 MB goal, 0 MB stacks, 0 MB globals, 20 P
gc 7072 @226.511s 0%: 0.025+3.7+0.007 ms clock, 0.50+0/4.3/0.001+0.15 ms cpu, 225->225->121 MB, 234 MB goal, 0 MB stacks, 0 MB globals, 20 P
gc 7073 @226.534s 0%: 0.017+0.51+0.003 ms clock, 0.35+0.039/0.63/0+0.076 ms cpu, 230->233->111 MB, 243 MB goal, 0 MB stacks, 0 MB globals, 20 P
gc 7074 @226.548s 0%: 0.017+0.72+0.004 ms clock, 0.34+0.059/0.84/0+0.088 ms cpu, 211->215->117 MB, 223 MB goal, 0 MB stacks, 0 MB globals, 20 P
gc 7075 @226.564s 0%: 0.018+2.9+0.004 ms clock, 0.37+0/3.1/0+0.097 ms cpu, 226->226->119 MB, 235 MB goal, 0 MB stacks, 0 MB globals, 20 P
gc 7076 @226.581s 0%: 0.016+1.2+0.11 ms clock, 0.33+0/1.7/0.057+2.2 ms cpu, 229->229->123 MB, 238 MB goal, 0 MB stacks, 0 MB globals, 20 P
gc 7077 @226.600s 0%: 0.022+5.6+0.003 ms clock, 0.44+0/5.8/0+0.077 ms cpu, 244->244->129 MB, 247 MB goal, 0 MB stacks, 0 MB globals, 20 P
gc 7078 @226.636s 0%: 0.019+0.53+0.006 ms clock, 0.38+0/0.73/0+0.12 ms cpu, 246->248->118 MB, 258 MB goal, 0 MB stacks, 0 MB globals, 20 P
gc 7079 @226.649s 0%: 0.021+1.3+0.003 ms clock, 0.42+0/1.8/0.015+0.074 ms cpu, 230->230->122 MB, 236 MB goal, 0 MB stacks, 0 MB globals, 20 P
gc 7080 @226.666s 0%: 0.019+0.54+0.012 ms clock, 0.39+0/0.68/0+0.24 ms cpu, 238->238->138 MB, 244 MB goal, 0 MB stacks, 0 MB globals, 20 P
gc 7081 @226.699s 0%: 0.021+4.5+0.003 ms clock, 0.42+0/4.9/0+0.067 ms cpu, 276->276->119 MB, 277 MB goal, 0 MB stacks, 0 MB globals, 20 P
gc 7082 @226.724s 0%: 0.018+0.66+0.003 ms clock, 0.37+0.041/0.73/0+0.079 ms cpu, 227->229->106 MB, 239 MB goal, 0 MB stacks, 0 MB globals, 20 P
gc 7083 @226.738s 0%: 0.016+0.47+0.003 ms clock, 0.32+0.093/0.54/0+0.062 ms cpu, 200->202->107 MB, 212 MB goal, 0 MB stacks, 0 MB globals, 20 P
gc 7084 @226.752s 0%: 0.018+2.0+0.003 ms clock, 0.37+0/2.2/0+0.071 ms cpu, 215->215->110 MB, 216 MB goal, 0 MB stacks, 0 MB globals, 20 P
gc 7085 @226.772s 0%: 0.019+1.1+0.003 ms clock, 0.39+0/1.3/0+0.073 ms cpu, 228->228->117 MB, 228 MB goal, 0 MB stacks, 0 MB globals, 20 P
gc 7086 @226.790s 0%: 0.020+5.8+0.005 ms clock, 0.40+0/6.0/0+0.11 ms cpu, 238->238->125 MB, 238 MB goal, 0 MB stacks, 0 MB globals, 20 P
gc 7087 @226.816s 0%: 0.018+0.44+0.005 ms clock, 0.36+0/0.77/0+0.10 ms cpu, 248->248->112 MB, 250 MB goal, 0 MB stacks, 0 MB globals, 20 P
gc 7088 @226.834s 0%: 0.017+3.0+0.003 ms clock, 0.34+0/3.1/0+0.073 ms cpu, 228->228->118 MB, 228 MB goal, 0 MB stacks, 0 MB globals, 20 P
gc 7089 @226.855s 0%: 0.039+6.9+0.006 ms clock, 0.79+0/7.7/0.042+0.12 ms cpu, 233->233->126 MB, 237 MB goal, 0 MB stacks, 0 MB globals, 20 P
gc 7090 @226.886s 0%: 0.018+0.42+0.005 ms clock, 0.37+0.074/0.80/0+0.11 ms cpu, 248->250->113 MB, 252 MB goal, 0 MB stacks, 0 MB globals, 20 P
gc 7091 @226.907s 0%: 0.028+2.0+0.005 ms clock, 0.56+0/2.9/0.053+0.11 ms cpu, 225->225->118 MB, 227 MB goal, 0 MB stacks, 0 MB globals, 20 P
gc 7092 @226.933s 0%: 0.028+0.54+0.009 ms clock, 0.57+0/1.1/0.013+0.19 ms cpu, 244->244->136 MB, 244 MB goal, 0 MB stacks, 0 MB globals, 20 P
gc 7093 @226.968s 0%: 0.029+6.8+0.004 ms clock, 0.58+0/7.0/0+0.099 ms cpu, 273->273->116 MB, 274 MB goal, 0 MB stacks, 0 MB globals, 20 P
gc 7094 @226.998s 0%: 0.025+0.58+0.018 ms clock, 0.51+0/1.2/0+0.36 ms cpu, 238->238->133 MB, 238 MB goal, 0 MB stacks, 0 MB globals, 20 P
gc 7095 @227.030s 0%: 0.019+0.84+0.003 ms clock, 0.38+0/1.0/0+0.075 ms cpu, 266->266->112 MB, 267 MB goal, 0 MB stacks, 0 MB globals, 20 P
gc 7096 @227.048s 0%: 0.018+0.99+0.004 ms clock, 0.37+0/1.4/0.013+0.083 ms cpu, 227->227->118 MB, 227 MB goal, 0 MB stacks, 0 MB globals, 20 P
gc 7097 @227.067s 0%: 0.017+0.47+0.003 ms clock, 0.34+0.19/0.50/0+0.064 ms cpu, 233->233->109 MB, 237 MB goal, 0 MB stacks, 0 MB globals, 20 P
gc 7098 @227.081s 0%: 0.025+1.1+0.005 ms clock, 0.51+0/1.5/0+0.11 ms cpu, 222->222->115 MB, 222 MB goal, 0 MB stacks, 0 MB globals, 20 P
gc 7099 @227.106s 0%: 0.020+5.4+0.003 ms clock, 0.41+0/5.7/0+0.078 ms cpu, 235->235->123 MB, 235 MB goal, 0 MB stacks, 0 MB globals, 20 P
gc 7100 @227.136s 0%: 0.028+0.79+0.007 ms clock, 0.56+0/1.4/0.001+0.14 ms cpu, 246->246->111 MB, 247 MB goal, 0 MB stacks, 0 MB globals, 20 P
gc 7101 @227.153s 0%: 0.018+0.63+0.004 ms clock, 0.36+0/0.97/0.015+0.083 ms cpu, 219->219->114 MB, 222 MB goal, 0 MB stacks, 0 MB globals, 20 P
gc 7102 @227.171s 0%: 0.028+1.3+0.007 ms clock, 0.57+0/2.2/0.38+0.14 ms cpu, 225->225->117 MB, 228 MB goal, 0 MB stacks, 0 MB globals, 20 P
gc 7103 @227.193s 0%: 0.021+5.7+0.006 ms clock, 0.42+0/6.1/0+0.12 ms cpu, 238->238->123 MB, 238 MB goal, 0 MB stacks, 0 MB globals, 20 P
gc 7104 @227.222s 0%: 0.021+0.52+0.006 ms clock, 0.42+0.11/0.82/0+0.12 ms cpu, 246->246->116 MB, 248 MB goal, 0 MB stacks, 0 MB globals, 20 P
gc 7105 @227.242s 0%: 0.023+0.80+0.15 ms clock, 0.47+0/1.5/0.28+3.0 ms cpu, 232->232->121 MB, 232 MB goal, 0 MB stacks, 0 MB globals, 20 P
gc 7106 @227.261s 0%: 0.017+2.9+0.004 ms clock, 0.34+0/3.4/0.032+0.084 ms cpu, 252->252->129 MB, 252 MB goal, 0 MB stacks, 0 MB globals, 20 P
gc 7107 @227.281s 0%: 0.018+3.3+0.006 ms clock, 0.36+0/3.9/0.049+0.12 ms cpu, 258->258->119 MB, 258 MB goal, 0 MB stacks, 0 MB globals, 20 P
gc 7108 @227.306s 0%: 0.017+0.63+0.003 ms clock, 0.34+0.18/0.61/0.006+0.073 ms cpu, 236->240->113 MB, 240 MB goal, 0 MB stacks, 0 MB globals, 20 P
gc 7109 @227.320s 0%: 0.020+1.3+0.003 ms clock, 0.41+0/1.9/0.050+0.079 ms cpu, 226->226->113 MB, 227 MB goal, 0 MB stacks, 0 MB globals, 20 P
gc 7110 @227.341s 0%: 0.025+6.1+0.006 ms clock, 0.50+0/7.0/0.16+0.12 ms cpu, 233->233->119 MB, 233 MB goal, 0 MB stacks, 0 MB globals, 20 P
gc 7111 @227.372s 0%: 0.019+0.77+0.005 ms clock, 0.38+0.091/0.79/0.001+0.11 ms cpu, 236->239->108 MB, 239 MB goal, 0 MB stacks, 0 MB globals, 20 P
gc 7112 @227.392s 0%: 0.016+2.0+0.003 ms clock, 0.33+0/2.5/0+0.079 ms cpu, 214->214->109 MB, 218 MB goal, 0 MB stacks, 0 MB globals, 20 P
gc 7113 @227.411s 0%: 0.024+4.7+0.055 ms clock, 0.49+0/5.5/0.032+1.1 ms cpu, 216->216->114 MB, 218 MB goal, 0 MB stacks, 0 MB globals, 20 P
gc 7114 @227.445s 0%: 0.030+0.30+0.055 ms clock, 0.61+0/1.0/0.31+1.1 ms cpu, 224->225->105 MB, 228 MB goal, 0 MB stacks, 0 MB globals, 20 P
gc 7115 @227.464s 0%: 0.019+0.43+0.003 ms clock, 0.38+0/0.81/0+0.075 ms cpu, 208->208->108 MB, 211 MB goal, 0 MB stacks, 0 MB globals, 20 P
gc 7116 @227.479s 0%: 0.017+0.59+0.003 ms clock, 0.34+0/0.99/0+0.079 ms cpu, 213->213->114 MB, 217 MB goal, 0 MB stacks, 0 MB globals, 20 P
gc 7117 @227.501s 0%: 0.036+3.9+0.005 ms clock, 0.73+0/4.7/0.001+0.11 ms cpu, 231->231->119 MB, 231 MB goal, 0 MB stacks, 0 MB globals, 20 P
gc 7118 @227.534s 0%: 0.036+13+0.005 ms clock, 0.72+0/14/0.42+0.11 ms cpu, 239->239->124 MB, 239 MB goal, 0 MB stacks, 0 MB globals, 20 P
gc 7119 @227.592s 0%: 0.033+1.9+0.006 ms clock, 0.66+0/2.9/0.39+0.13 ms cpu, 247->247->111 MB, 249 MB goal, 0 MB stacks, 0 MB globals, 20 P
gc 7120 @227.619s 0%: 0.035+4.7+0.008 ms clock, 0.71+0/6.1/0.39+0.16 ms cpu, 220->220->118 MB, 223 MB goal, 0 MB stacks, 0 MB globals, 20 P
gc 7121 @227.647s 0%: 0.035+0.71+0.013 ms clock, 0.70+0/1.6/0.010+0.27 ms cpu, 234->234->138 MB, 237 MB goal, 0 MB stacks, 0 MB globals, 20 P
gc 7122 @227.696s 0%: 0.036+9.0+0.014 ms clock, 0.72+0/10/0+0.29 ms cpu, 274->274->117 MB, 277 MB goal, 0 MB stacks, 0 MB globals, 20 P
gc 7123 @227.724s 0%: 0.019+0.45+0.010 ms clock, 0.38+0/0.78/0+0.20 ms cpu, 238->238->133 MB, 238 MB goal, 0 MB stacks, 0 MB globals, 20 P
gc 7124 @227.749s 0%: 0.021+0.81+0.004 ms clock, 0.42+0/1.2/0.15+0.083 ms cpu, 266->266->111 MB, 267 MB goal, 0 MB stacks, 0 MB globals, 20 P
gc 7125 @227.782s 0%: 0.035+1.7+0.14 ms clock, 0.70+0/2.7/0.17+2.9 ms cpu, 227->227->116 MB, 227 MB goal, 0 MB stacks, 0 MB globals, 20 P
gc 7126 @227.807s 0%: 0.024+0.58+0.020 ms clock, 0.49+0/0.95/0.027+0.41 ms cpu, 239->239->135 MB, 239 MB goal, 0 MB stacks, 0 MB globals, 20 P
gc 7127 @227.831s 0%: 0.016+0.79+0.004 ms clock, 0.33+0/1.0/0+0.084 ms cpu, 267->267->116 MB, 271 MB goal, 0 MB stacks, 0 MB globals, 20 P
gc 7128 @227.851s 0%: 0.019+0.73+0.006 ms clock, 0.38+0.095/0.76/0+0.12 ms cpu, 229->230->110 MB, 233 MB goal, 0 MB stacks, 0 MB globals, 20 P
gc 7129 @227.879s 0%: 0.028+0.66+0.009 ms clock, 0.57+0/1.6/0.10+0.19 ms cpu, 218->218->112 MB, 220 MB goal, 0 MB stacks, 0 MB globals, 20 P
gc 7130 @227.906s 0%: 0.027+7.3+0.004 ms clock, 0.55+0/8.0/0.033+0.083 ms cpu, 229->229->119 MB, 230 MB goal, 0 MB stacks, 0 MB globals, 20 P
gc 7131 @227.935s 0%: 0.024+0.62+0.006 ms clock, 0.49+0.006/1.5/0+0.12 ms cpu, 237->237->105 MB, 238 MB goal, 0 MB stacks, 0 MB globals, 20 P
gc 7132 @227.952s 0%: 0.017+1.3+0.004 ms clock, 0.34+0/1.5/0+0.099 ms cpu, 213->213->109 MB, 213 MB goal, 0 MB stacks, 0 MB globals, 20 P
gc 7133 @227.973s 0%: 0.018+0.52+0.013 ms clock, 0.37+0/0.70/0+0.27 ms cpu, 225->225->122 MB, 225 MB goal, 0 MB stacks, 0 MB globals, 20 P
gc 7134 @227.991s 0%: 0.018+0.64+0.006 ms clock, 0.36+0/1.0/0+0.12 ms cpu, 246->246->105 MB, 246 MB goal, 0 MB stacks, 0 MB globals, 20 P
gc 7135 @228.006s 0%: 0.021+2.3+0.10 ms clock, 0.43+0/2.9/0.010+2.1 ms cpu, 216->216->110 MB, 216 MB goal, 0 MB stacks, 0 MB globals, 20 P
gc 7136 @228.030s 0%: 0.026+4.4+0.005 ms clock, 0.53+0/4.7/0.007+0.10 ms cpu, 231->231->117 MB, 231 MB goal, 0 MB stacks, 0 MB globals, 20 P
gc 7137 @228.071s 0%: 0.027+1.0+0.006 ms clock, 0.55+0.10/1.3/0+0.13 ms cpu, 232->234->110 MB, 235 MB goal, 0 MB stacks, 0 MB globals, 20 P
gc 7138 @228.090s 0%: 0.017+1.4+0.009 ms clock, 0.34+0/1.8/0.005+0.19 ms cpu, 218->218->114 MB, 220 MB goal, 0 MB stacks, 0 MB globals, 20 P
gc 7139 @228.111s 0%: 0.026+4.8+0.004 ms clock, 0.53+0/5.6/0.051+0.097 ms cpu, 227->227->123 MB, 230 MB goal, 0 MB stacks, 0 MB globals, 20 P
gc 7140 @228.143s 0%: 0.017+0.54+0.006 ms clock, 0.35+0/0.82/0+0.13 ms cpu, 247->247->113 MB, 247 MB goal, 0 MB stacks, 0 MB globals, 20 P
gc 7141 @228.166s 0%: 0.032+2.6+0.008 ms clock, 0.65+0/3.4/0+0.17 ms cpu, 223->223->115 MB, 226 MB goal, 0 MB stacks, 0 MB globals, 20 P
gc 7142 @228.186s 0%: 0.030+6.4+0.11 ms clock, 0.60+0/7.1/0.030+2.2 ms cpu, 227->241->133 MB, 231 MB goal, 0 MB stacks, 0 MB globals, 20 P
gc 7143 @228.227s 0%: 0.017+2.0+0.006 ms clock, 0.34+0/2.4/0+0.12 ms cpu, 258->258->110 MB, 267 MB goal, 0 MB stacks, 0 MB globals, 20 P
gc 7144 @228.241s 0%: 0.018+1.4+0.003 ms clock, 0.37+0/1.8/0+0.078 ms cpu, 210->210->111 MB, 220 MB goal, 0 MB stacks, 0 MB globals, 20 P
gc 7145 @228.262s 0%: 0.024+6.9+0.003 ms clock, 0.48+0/7.5/0.011+0.076 ms cpu, 223->223->117 MB, 223 MB goal, 0 MB stacks, 0 MB globals, 20 P
gc 7146 @228.296s 0%: 0.017+0.79+0.006 ms clock, 0.35+0/0.92/0+0.12 ms cpu, 222->226->110 MB, 235 MB goal, 0 MB stacks, 0 MB globals, 20 P
gc 7147 @228.313s 0%: 0.022+1.8+0.006 ms clock, 0.44+0/2.3/0+0.12 ms cpu, 212->212->110 MB, 220 MB goal, 0 MB stacks, 0 MB globals, 20 P
gc 7148 @228.330s 0%: 0.021+5.2+0.005 ms clock, 0.42+0/5.5/0+0.10 ms cpu, 215->215->114 MB, 221 MB goal, 0 MB stacks, 0 MB globals, 20 P
gc 7149 @228.347s 0%: 0.020+3.6+0.004 ms clock, 0.41+0/3.8/0+0.085 ms cpu, 222->222->116 MB, 229 MB goal, 0 MB stacks, 0 MB globals, 20 P
gc 7150 @228.366s 0%: 0.019+0.55+0.018 ms clock, 0.39+0/0.77/0+0.37 ms cpu, 223->223->131 MB, 234 MB goal, 0 MB stacks, 0 MB globals, 20 P
gc 7151 @228.404s 0%: 0.028+4.8+0.014 ms clock, 0.56+0/5.6/0.032+0.28 ms cpu, 255->255->110 MB, 262 MB goal, 0 MB stacks, 0 MB globals, 20 P
gc 7152 @228.425s 0%: 0.017+1.7+0.004 ms clock, 0.34+0/2.2/0.057+0.092 ms cpu, 211->211->115 MB, 221 MB goal, 0 MB stacks, 0 MB globals, 20 P
gc 7153 @228.440s 0%: 0.019+2.2+0.048 ms clock, 0.38+0/3.0/0.001+0.97 ms cpu, 218->218->118 MB, 231 MB goal, 0 MB stacks, 0 MB globals, 20 P
gc 7154 @228.470s 0%: 0.017+0.48+0.002 ms clock, 0.35+0.066/0.83/0+0.058 ms cpu, 225->227->111 MB, 238 MB goal, 0 MB stacks, 0 MB globals, 20 P
gc 7155 @228.486s 0%: 0.035+0.78+0.003 ms clock, 0.70+0/1.2/0.003+0.077 ms cpu, 210->210->112 MB, 222 MB goal, 0 MB stacks, 0 MB globals, 20 P
gc 7156 @228.506s 0%: 0.022+3.1+0.003 ms clock, 0.45+0/4.0/0.028+0.067 ms cpu, 219->219->115 MB, 224 MB goal, 0 MB stacks, 0 MB globals, 20 P
gc 7157 @228.530s 0%: 0.017+0.59+0.003 ms clock, 0.35+0.050/0.74/0+0.072 ms cpu, 219->222->103 MB, 231 MB goal, 0 MB stacks, 0 MB globals, 20 P
gc 7158 @228.546s 0%: 0.024+2.7+0.004 ms clock, 0.49+0/3.9/0.081+0.091 ms cpu, 194->194->102 MB, 208 MB goal, 0 MB stacks, 0 MB globals, 20 P
gc 7159 @228.567s 0%: 0.019+0.71+0.009 ms clock, 0.39+0/1.0/0+0.19 ms cpu, 195->195->102 MB, 206 MB goal, 0 MB stacks, 0 MB globals, 20 P
gc 7160 @228.583s 0%: 0.022+0.69+0.58 ms clock, 0.44+0/1.2/0.039+11 ms cpu, 195->201->110 MB, 205 MB goal, 0 MB stacks, 0 MB globals, 20 P
gc 7161 @228.607s 0%: 0.024+4.8+0.003 ms clock, 0.48+0/5.5/0+0.075 ms cpu, 221->221->111 MB, 222 MB goal, 0 MB stacks, 0 MB globals, 20 P
gc 7162 @228.627s 0%: 0.018+4.5+0.003 ms clock, 0.37+0/4.8/0+0.078 ms cpu, 216->216->114 MB, 222 MB goal, 0 MB stacks, 0 MB globals, 20 P
gc 7163 @228.654s 0%: 0.020+0.46+0.011 ms clock, 0.41+0/0.83/0+0.23 ms cpu, 237->237->135 MB, 237 MB goal, 0 MB stacks, 0 MB globals, 20 P
gc 7164 @228.675s 0%: 0.021+3.6+0.005 ms clock, 0.42+0/4.0/0.003+0.10 ms cpu, 267->267->118 MB, 270 MB goal, 0 MB stacks, 0 MB globals, 20 P
gc 7165 @228.697s 0%: 0.037+1.0+0.003 ms clock, 0.74+0/1.5/0.024+0.068 ms cpu, 233->233->126 MB, 237 MB goal, 0 MB stacks, 0 MB globals, 20 P
gc 7166 @228.716s 0%: 0.021+0.36+0.013 ms clock, 0.43+0/0.83/0+0.26 ms cpu, 248->248->143 MB, 252 MB goal, 0 MB stacks, 0 MB globals, 20 P
gc 7167 @228.738s 0%: 0.021+4.3+0.003 ms clock, 0.42+0/4.9/0.072+0.062 ms cpu, 281->281->124 MB, 286 MB goal, 0 MB stacks, 0 MB globals, 20 P
gc 7168 @228.760s 0%: 0.020+1.6+0.006 ms clock, 0.40+0/2.0/0+0.12 ms cpu, 243->243->114 MB, 249 MB goal, 0 MB stacks, 0 MB globals, 20 P
gc 7169 @228.775s 0%: 0.018+4.0+0.007 ms clock, 0.37+0/4.4/0.028+0.14 ms cpu, 224->224->117 MB, 230 MB goal, 0 MB stacks, 0 MB globals, 20 P
gc 7170 @228.806s 0%: 0.020+0.48+0.010 ms clock, 0.41+0/0.67/0+0.20 ms cpu, 233->233->133 MB, 234 MB goal, 0 MB stacks, 0 MB globals, 20 P
gc 7171 @228.832s 0%: 0.022+2.0+0.005 ms clock, 0.45+0/2.5/0+0.10 ms cpu, 270->270->113 MB, 270 MB goal, 0 MB stacks, 0 MB globals, 20 P
gc 7172 @228.853s 0%: 0.029+2.3+0.007 ms clock, 0.58+0/3.0/0+0.14 ms cpu, 222->222->116 MB, 227 MB goal, 0 MB stacks, 0 MB globals, 20 P
gc 7173 @228.886s 0%: 0.017+0.78+0.004 ms clock, 0.35+0/0.73/0+0.091 ms cpu, 227->228->105 MB, 233 MB goal, 0 MB stacks, 0 MB globals, 20 P
gc 7174 @228.905s 0%: 0.033+0.66+0.022 ms clock, 0.67+0/1.6/0.008+0.44 ms cpu, 206->206->108 MB, 211 MB goal, 0 MB stacks, 0 MB globals, 20 P
gc 7175 @228.931s 0%: 0.027+2.9+0.007 ms clock, 0.55+0/3.6/0+0.15 ms cpu, 213->213->112 MB, 217 MB goal, 0 MB stacks, 0 MB globals, 20 P
gc 7176 @228.956s 0%: 0.020+3.3+0.005 ms clock, 0.41+0/3.8/0.004+0.11 ms cpu, 219->219->117 MB, 224 MB goal, 0 MB stacks, 0 MB globals, 20 P
gc 7177 @228.973s 0%: 0.020+3.9+0.004 ms clock, 0.40+0/4.5/0+0.083 ms cpu, 231->231->122 MB, 234 MB goal, 0 MB stacks, 0 MB globals, 20 P
gc 7178 @228.997s 0%: 0.019+1.0+0.006 ms clock, 0.38+0.040/1.0/0.095+0.13 ms cpu, 241->244->117 MB, 245 MB goal, 0 MB stacks, 0 MB globals, 20 P
gc 7179 @229.024s 0%: 0.021+1.3+0.004 ms clock, 0.43+0/1.6/0+0.094 ms cpu, 239->239->122 MB, 239 MB goal, 0 MB stacks, 0 MB globals, 20 P
gc 7180 @229.045s 0%: 0.023+0.60+0.005 ms clock, 0.47+0/1.2/0+0.11 ms cpu, 242->242->110 MB, 245 MB goal, 0 MB stacks, 0 MB globals, 20 P
gc 7181 @229.063s 0%: 0.034+4.3+0.004 ms clock, 0.68+0/5.1/0+0.086 ms cpu, 217->217->114 MB, 221 MB goal, 0 MB stacks, 0 MB globals, 20 P
gc 7182 @229.082s 0%: 0.023+4.6+0.005 ms clock, 0.46+0/5.0/0+0.10 ms cpu, 235->235->119 MB, 235 MB goal, 0 MB stacks, 0 MB globals, 20 P
gc 7183 @229.114s 0%: 0.033+0.73+0.006 ms clock, 0.67+0/1.0/0+0.13 ms cpu, 234->236->107 MB, 239 MB goal, 0 MB stacks, 0 MB globals, 20 P
gc 7184 @229.134s 0%: 0.021+0.80+0.004 ms clock, 0.42+0/1.3/0+0.092 ms cpu, 210->210->109 MB, 215 MB goal, 0 MB stacks, 0 MB globals, 20 P
gc 7185 @229.157s 0%: 0.026+2.4+0.012 ms clock, 0.53+0/3.1/0.008+0.24 ms cpu, 213->213->113 MB, 219 MB goal, 0 MB stacks, 0 MB globals, 20 P
gc 7186 @229.183s 0%: 0.035+8.5+0.008 ms clock, 0.70+0/9.6/0.091+0.16 ms cpu, 224->224->118 MB, 227 MB goal, 0 MB stacks, 0 MB globals, 20 P
gc 7187 @229.218s 0%: 0.017+1.6+0.003 ms clock, 0.35+0.016/0.70/0+0.078 ms cpu, 231->234->115 MB, 237 MB goal, 0 MB stacks, 0 MB globals, 20 P
gc 7188 @229.234s 0%: 0.016+0.73+0.004 ms clock, 0.33+0/0.95/0+0.081 ms cpu, 230->230->116 MB, 231 MB goal, 0 MB stacks, 0 MB globals, 20 P
gc 7189 @229.252s 0%: 0.019+0.31+0.003 ms clock, 0.38+0.10/0.65/0+0.074 ms cpu, 226->227->104 MB, 233 MB goal, 0 MB stacks, 0 MB globals, 20 P
gc 7190 @229.267s 0%: 0.020+1.0+0.003 ms clock, 0.40+0/1.3/0+0.072 ms cpu, 205->207->108 MB, 208 MB goal, 0 MB stacks, 0 MB globals, 20 P
gc 7191 @229.304s 0%: 0.028+0.93+0.21 ms clock, 0.57+0/1.3/0.021+4.3 ms cpu, 213->213->108 MB, 216 MB goal, 0 MB stacks, 0 MB globals, 20 P
gc 7192 @229.324s 0%: 0.018+0.62+0.003 ms clock, 0.37+0/1.3/0.009+0.062 ms cpu, 215->215->111 MB, 217 MB goal, 0 MB stacks, 0 MB globals, 20 P
gc 7193 @229.339s 0%: 0.021+4.6+0.003 ms clock, 0.42+0/5.1/0.069+0.070 ms cpu, 226->226->117 MB, 227 MB goal, 0 MB stacks, 0 MB globals, 20 P
gc 7194 @229.371s 0%: 0.022+0.51+0.012 ms clock, 0.44+0/0.82/0+0.24 ms cpu, 240->240->137 MB, 240 MB goal, 0 MB stacks, 0 MB globals, 20 P
gc 7195 @229.398s 0%: 0.019+3.6+0.004 ms clock, 0.39+0/4.1/0.012+0.087 ms cpu, 279->279->120 MB, 279 MB goal, 0 MB stacks, 0 MB globals, 20 P
gc 7196 @229.420s 0%: 0.027+0.42+0.009 ms clock, 0.54+0/0.89/0+0.19 ms cpu, 237->237->138 MB, 240 MB goal, 0 MB stacks, 0 MB globals, 20 P
gc 7197 @229.440s 0%: 0.017+1.0+0.002 ms clock, 0.34+0/1.3/0+0.057 ms cpu, 276->276->122 MB, 277 MB goal, 0 MB stacks, 0 MB globals, 20 P
gc 7198 @229.459s 0%: 0.017+0.47+0.009 ms clock, 0.34+0.055/0.71/0+0.19 ms cpu, 242->242->110 MB, 246 MB goal, 0 MB stacks, 0 MB globals, 20 P
gc 7199 @229.476s 0%: 0.031+1.2+0.005 ms clock, 0.62+0/1.7/0.012+0.10 ms cpu, 217->217->112 MB, 221 MB goal, 0 MB stacks, 0 MB globals, 20 P
gc 7200 @229.494s 0%: 0.018+5.4+0.006 ms clock, 0.37+0/5.9/0.006+0.12 ms cpu, 232->232->118 MB, 232 MB goal, 0 MB stacks, 0 MB globals, 20 P
gc 7201 @229.519s 0%: 0.017+0.58+0.006 ms clock, 0.34+0.12/0.75/0.019+0.12 ms cpu, 233->236->105 MB, 236 MB goal, 0 MB stacks, 0 MB globals, 20 P
gc 7202 @229.532s 0%: 0.016+2.1+0.003 ms clock, 0.33+0/2.4/0+0.066 ms cpu, 210->210->107 MB, 211 MB goal, 0 MB stacks, 0 MB globals, 20 P
gc 7203 @229.551s 0%: 0.016+0.75+0.002 ms clock, 0.33+0/1.1/0.034+0.058 ms cpu, 214->214->112 MB, 216 MB goal, 0 MB stacks, 0 MB globals, 20 P
gc 7204 @229.570s 0%: 0.023+2.9+0.004 ms clock, 0.46+0/3.6/0+0.097 ms cpu, 227->227->118 MB, 227 MB goal, 0 MB stacks, 0 MB globals, 20 P
gc 7205 @229.611s 0%: 0.032+0.50+0.014 ms clock, 0.64+0/0.83/0+0.29 ms cpu, 241->241->137 MB, 241 MB goal, 0 MB stacks, 0 MB globals, 20 P
gc 7206 @229.643s 0%: 0.022+4.6+0.006 ms clock, 0.44+0/5.2/0.028+0.13 ms cpu, 280->280->122 MB, 280 MB goal, 0 MB stacks, 0 MB globals, 20 P
gc 7207 @229.662s 0%: 0.023+1.3+0.009 ms clock, 0.47+0/2.2/0.14+0.18 ms cpu, 243->243->128 MB, 244 MB goal, 0 MB stacks, 0 MB globals, 20 P
gc 7208 @229.688s 0%: 0.017+0.40+0.006 ms clock, 0.35+0/1.0/0.035+0.13 ms cpu, 254->254->117 MB, 257 MB goal, 0 MB stacks, 0 MB globals, 20 P
gc 7209 @229.704s 0%: 0.018+1.0+0.010 ms clock, 0.37+0/1.5/0.015+0.21 ms cpu, 240->240->123 MB, 240 MB goal, 0 MB stacks, 0 MB globals, 20 P
gc 7210 @229.723s 0%: 0.018+0.43+0.005 ms clock, 0.37+0/0.96/0.32+0.11 ms cpu, 244->244->114 MB, 247 MB goal, 0 MB stacks, 0 MB globals, 20 P
gc 7211 @229.737s 0%: 0.022+4.5+0.003 ms clock, 0.45+0/5.1/0.11+0.075 ms cpu, 231->231->121 MB, 231 MB goal, 0 MB stacks, 0 MB globals, 20 P
gc 7212 @229.760s 0%: 0.019+0.44+0.005 ms clock, 0.39+0/1.1/0.010+0.11 ms cpu, 239->239->107 MB, 242 MB goal, 0 MB stacks, 0 MB globals, 20 P
gc 7213 @229.774s 0%: 0.021+0.84+0.003 ms clock, 0.43+0/1.4/0.036+0.078 ms cpu, 215->215->110 MB, 215 MB goal, 0 MB stacks, 0 MB globals, 20 P
gc 7214 @229.789s 0%: 0.023+3.8+0.004 ms clock, 0.47+0/4.5/0.075+0.099 ms cpu, 221->221->114 MB, 221 MB goal, 0 MB stacks, 0 MB globals, 20 P
gc 7215 @229.809s 0%: 0.019+6.4+0.005 ms clock, 0.38+0/6.7/0+0.11 ms cpu, 235->235->119 MB, 235 MB goal, 0 MB stacks, 0 MB globals, 20 P
gc 7216 @229.836s 0%: 0.019+0.37+0.21 ms clock, 0.39+0/1.0/0+4.2 ms cpu, 236->238->111 MB, 239 MB goal, 0 MB stacks, 0 MB globals, 20 P
gc 7217 @229.851s 0%: 0.018+0.77+0.016 ms clock, 0.37+0/1.2/0+0.33 ms cpu, 223->223->115 MB, 224 MB goal, 0 MB stacks, 0 MB globals, 20 P
gc 7218 @229.882s 0%: 0.023+0.60+0.011 ms clock, 0.47+0/0.95/0+0.22 ms cpu, 233->233->133 MB, 233 MB goal, 0 MB stacks, 0 MB globals, 20 P
gc 7219 @229.922s 0%: 0.066+27+0.021 ms clock, 1.3+0/30/1.9+0.42 ms cpu, 271->271->120 MB, 271 MB goal, 0 MB stacks, 0 MB globals, 20 P
gc 7220 @229.984s 0%: 0.017+0.53+0.016 ms clock, 0.35+0.015/0.81/0+0.33 ms cpu, 240->240->108 MB, 241 MB goal, 0 MB stacks, 0 MB globals, 20 P
gc 7221 @229.999s 0%: 0.020+1.9+0.003 ms clock, 0.40+0/2.3/0+0.071 ms cpu, 216->216->111 MB, 216 MB goal, 0 MB stacks, 0 MB globals, 20 P
gc 7222 @230.013s 0%: 0.022+4.0+0.004 ms clock, 0.45+0/4.5/0.016+0.087 ms cpu, 221->221->114 MB, 222 MB goal, 0 MB stacks, 0 MB globals, 20 P
gc 7223 @230.050s 0%: 0.023+4.2+0.006 ms clock, 0.46+0/4.9/0+0.13 ms cpu, 235->235->120 MB, 235 MB goal, 0 MB stacks, 0 MB globals, 20 P
gc 7224 @230.080s 0%: 0.022+0.57+0.007 ms clock, 0.45+0.15/1.0/0.032+0.15 ms cpu, 240->240->110 MB, 241 MB goal, 0 MB stacks, 0 MB globals, 20 P
gc 7225 @230.108s 0%: 0.020+1.2+0.018 ms clock, 0.40+0/1.9/0+0.36 ms cpu, 223->223->116 MB, 223 MB goal, 0 MB stacks, 0 MB globals, 20 P
gc 7226 @230.125s 0%: 0.019+0.35+0.014 ms clock, 0.39+0/0.80/0.060+0.29 ms cpu, 235->235->136 MB, 235 MB goal, 0 MB stacks, 0 MB globals, 20 P
gc 7227 @230.147s 0%: 0.020+4.3+0.003 ms clock, 0.41+0/4.8/0.047+0.079 ms cpu, 274->274->121 MB, 274 MB goal, 0 MB stacks, 0 MB globals, 20 P
gc 7228 @230.174s 0%: 0.022+0.53+0.005 ms clock, 0.45+0/1.1/0+0.10 ms cpu, 239->239->107 MB, 242 MB goal, 0 MB stacks, 0 MB globals, 20 P
gc 7229 @230.198s 0%: 0.027+1.5+0.005 ms clock, 0.55+0/2.9/0.085+0.11 ms cpu, 215->215->110 MB, 215 MB goal, 0 MB stacks, 0 MB globals, 20 P
gc 7230 @230.218s 0%: 0.017+4.8+0.005 ms clock, 0.35+0/5.1/0+0.11 ms cpu, 221->221->114 MB, 221 MB goal, 0 MB stacks, 0 MB globals, 20 P
gc 7231 @230.242s 0%: 0.026+7.1+0.004 ms clock, 0.52+0/7.9/0.24+0.091 ms cpu, 235->235->119 MB, 235 MB goal, 0 MB stacks, 0 MB globals, 20 P
gc 7232 @230.271s 0%: 0.028+0.74+0.005 ms clock, 0.57+0/0.91/0+0.11 ms cpu, 236->239->111 MB, 239 MB goal, 0 MB stacks, 0 MB globals, 20 P
gc 7233 @230.292s 0%: 0.035+4.1+0.005 ms clock, 0.70+0/4.5/0+0.10 ms cpu, 223->223->115 MB, 224 MB goal, 0 MB stacks, 0 MB globals, 20 P
gc 7234 @230.314s 0%: 0.026+1.5+0.007 ms clock, 0.52+0/1.8/0.033+0.14 ms cpu, 238->238->123 MB, 238 MB goal, 0 MB stacks, 0 MB globals, 20 P
gc 7235 @230.347s 0%: 0.020+0.61+0.003 ms clock, 0.40+0/1.2/0.11+0.072 ms cpu, 242->242->116 MB, 246 MB goal, 0 MB stacks, 0 MB globals, 20 P
gc 7236 @230.363s 0%: 0.018+2.7+0.003 ms clock, 0.36+0/3.2/0+0.078 ms cpu, 238->238->121 MB, 238 MB goal, 0 MB stacks, 0 MB globals, 20 P
gc 7237 @230.386s 0%: 0.018+0.59+0.008 ms clock, 0.36+0.041/0.96/0+0.16 ms cpu, 240->240->109 MB, 243 MB goal, 0 MB stacks, 0 MB globals, 20 P
gc 7238 @230.399s 0%: 0.018+0.85+0.010 ms clock, 0.36+0/1.4/0.015+0.20 ms cpu, 216->216->112 MB, 218 MB goal, 0 MB stacks, 0 MB globals, 20 P
gc 7239 @230.421s 0%: 0.019+0.56+0.005 ms clock, 0.38+0.067/0.90/0.012+0.10 ms cpu, 223->223->102 MB, 225 MB goal, 0 MB stacks, 0 MB globals, 20 P
gc 7240 @230.441s 0%: 0.026+0.65+0.006 ms clock, 0.53+0/1.7/0.068+0.13 ms cpu, 202->202->104 MB, 204 MB goal, 0 MB stacks, 0 MB globals, 20 P
gc 7241 @230.463s 0%: 0.042+3.3+0.007 ms clock, 0.84+0/3.9/0.024+0.14 ms cpu, 208->208->108 MB, 210 MB goal, 0 MB stacks, 0 MB globals, 20 P
gc 7242 @230.483s 0%: 0.019+1.8+0.006 ms clock, 0.38+0/2.6/0+0.13 ms cpu, 214->214->114 MB, 217 MB goal, 0 MB stacks, 0 MB globals, 20 P
gc 7243 @230.510s 0%: 0.018+0.81+0.003 ms clock, 0.36+0/0.98/0.018+0.071 ms cpu, 226->228->105 MB, 229 MB goal, 0 MB stacks, 0 MB globals, 20 P
gc 7244 @230.529s 0%: 0.016+0.75+0.003 ms clock, 0.32+0.018/0.78/0+0.072 ms cpu, 207->207->107 MB, 211 MB goal, 0 MB stacks, 0 MB globals, 20 P
gc 7245 @230.544s 0%: 0.020+0.85+0.003 ms clock, 0.40+0/1.1/0+0.071 ms cpu, 211->211->111 MB, 215 MB goal, 0 MB stacks, 0 MB globals, 20 P
gc 7246 @230.559s 0%: 0.024+2.2+0.004 ms clock, 0.48+0/2.4/0.054+0.093 ms cpu, 222->222->118 MB, 223 MB goal, 0 MB stacks, 0 MB globals, 20 P
gc 7247 @230.584s 0%: 0.019+0.34+0.006 ms clock, 0.38+0/1.1/0.18+0.12 ms cpu, 234->234->110 MB, 237 MB goal, 0 MB stacks, 0 MB globals, 20 P
gc 7248 @230.600s 0%: 0.018+1.6+0.006 ms clock, 0.37+0/2.1/0+0.12 ms cpu, 219->219->118 MB, 221 MB goal, 0 MB stacks, 0 MB globals, 20 P
gc 7249 @230.624s 0%: 0.057+0.35+0.007 ms clock, 1.1+0.088/0.63/0+0.14 ms cpu, 233->234->105 MB, 237 MB goal, 0 MB stacks, 0 MB globals, 20 P
gc 7250 @230.642s 0%: 0.029+0.72+0.007 ms clock, 0.58+0/1.0/0+0.14 ms cpu, 208->208->106 MB, 210 MB goal, 0 MB stacks, 0 MB globals, 20 P
gc 7251 @230.658s 0%: 0.023+0.88+0.004 ms clock, 0.47+0/1.4/0.033+0.097 ms cpu, 211->211->108 MB, 212 MB goal, 0 MB stacks, 0 MB globals, 20 P
gc 7252 @230.673s 0%: 0.018+3.2+0.004 ms clock, 0.36+0/3.6/0.007+0.097 ms cpu, 215->215->111 MB, 217 MB goal, 0 MB stacks, 0 MB globals, 20 P
gc 7253 @230.695s 0%: 0.031+5.2+0.007 ms clock, 0.62+0/6.1/0.011+0.15 ms cpu, 226->226->117 MB, 226 MB goal, 0 MB stacks, 0 MB globals, 20 P
gc 7254 @230.731s 0%: 0.022+0.53+0.009 ms clock, 0.45+0/0.97/0+0.19 ms cpu, 239->239->135 MB, 239 MB goal, 0 MB stacks, 0 MB globals, 20 P
gc 7255 @230.762s 0%: 0.025+5.4+0.007 ms clock, 0.51+0/6.0/0.001+0.15 ms cpu, 269->269->117 MB, 272 MB goal, 0 MB stacks, 0 MB globals, 20 P
gc 7256 @230.797s 0%: 0.035+0.52+0.019 ms clock, 0.70+0/1.1/0+0.38 ms cpu, 243->243->139 MB, 243 MB goal, 0 MB stacks, 0 MB globals, 20 P
gc 7257 @230.826s 0%: 0.019+1.1+0.002 ms clock, 0.39+0/1.3/0+0.058 ms cpu, 276->276->121 MB, 279 MB goal, 0 MB stacks, 0 MB globals, 20 P
gc 7258 @230.851s 0%: 0.029+0.84+0.016 ms clock, 0.59+0/1.2/0.001+0.32 ms cpu, 239->239->107 MB, 242 MB goal, 0 MB stacks, 0 MB globals, 20 P
gc 7259 @230.871s 0%: 0.024+1.0+0.004 ms clock, 0.49+0/1.9/0.043+0.096 ms cpu, 215->215->111 MB, 215 MB goal, 0 MB stacks, 0 MB globals, 20 P
gc 7260 @230.904s 0%: 0.022+0.57+0.014 ms clock, 0.44+0/0.72/0.001+0.28 ms cpu, 226->226->127 MB, 226 MB goal, 0 MB stacks, 0 MB globals, 20 P
gc 7261 @230.929s 0%: 0.019+0.72+0.004 ms clock, 0.39+0/1.2/0+0.084 ms cpu, 251->251->105 MB, 254 MB goal, 0 MB stacks, 0 MB globals, 20 P
gc 7262 @230.952s 0%: 0.033+1.5+0.008 ms clock, 0.67+0/2.5/0.079+0.17 ms cpu, 215->215->109 MB, 215 MB goal, 0 MB stacks, 0 MB globals, 20 P
gc 7263 @230.988s 0%: 0.020+1.4+0.003 ms clock, 0.41+0/2.1/0+0.077 ms cpu, 230->230->118 MB, 230 MB goal, 0 MB stacks, 0 MB globals, 20 P
gc 7264 @231.022s 0%: 0.020+0.84+0.005 ms clock, 0.41+0.13/0.84/0.018+0.10 ms cpu, 232->235->110 MB, 236 MB goal, 0 MB stacks, 0 MB globals, 20 P
gc 7265 @231.051s 0%: 0.045+1.3+0.007 ms clock, 0.90+0/2.6/0.023+0.14 ms cpu, 218->218->113 MB, 221 MB goal, 0 MB stacks, 0 MB globals, 20 P
gc 7266 @231.071s 0%: 0.030+5.3+0.006 ms clock, 0.60+0/6.1/0.054+0.12 ms cpu, 231->231->119 MB, 231 MB goal, 0 MB stacks, 0 MB globals, 20 P
gc 7267 @231.097s 0%: 0.030+2.2+0.003 ms clock, 0.60+0/2.5/0.11+0.077 ms cpu, 240->240->128 MB, 240 MB goal, 0 MB stacks, 0 MB globals, 20 P
gc 7268 @231.128s 0%: 0.024+4.4+0.006 ms clock, 0.49+0/5.0/0+0.13 ms cpu, 257->257->119 MB, 257 MB goal, 0 MB stacks, 0 MB globals, 20 P
gc 7269 @231.157s 0%: 0.021+1.2+0.006 ms clock, 0.43+0.12/0.75/0+0.13 ms cpu, 236->238->111 MB, 240 MB goal, 0 MB stacks, 0 MB globals, 20 P
gc 7270 @231.171s 0%: 0.018+0.55+0.005 ms clock, 0.36+0/0.91/0+0.11 ms cpu, 220->220->112 MB, 223 MB goal, 0 MB stacks, 0 MB globals, 20 P
gc 7271 @231.191s 0%: 0.033+5.6+0.007 ms clock, 0.66+0/6.0/0.002+0.14 ms cpu, 227->227->115 MB, 228 MB goal, 0 MB stacks, 0 MB globals, 20 P
gc 7272 @231.218s 0%: 0.029+0.46+0.013 ms clock, 0.58+0/0.98/0.12+0.26 ms cpu, 231->231->132 MB, 231 MB goal, 0 MB stacks, 0 MB globals, 20 P
gc 7273 @231.245s 0%: 0.019+3.0+0.003 ms clock, 0.38+0/3.1/0+0.075 ms cpu, 265->265->110 MB, 265 MB goal, 0 MB stacks, 0 MB globals, 20 P
gc 7274 @231.262s 0%: 0.022+1.6+0.009 ms clock, 0.45+0/2.3/0.031+0.18 ms cpu, 225->225->116 MB, 225 MB goal, 0 MB stacks, 0 MB globals, 20 P
gc 7275 @231.289s 0%: 0.033+0.66+0.033 ms clock, 0.66+0/1.8/0.003+0.67 ms cpu, 239->239->135 MB, 239 MB goal, 0 MB stacks, 0 MB globals, 20 P
gc 7276 @231.324s 0%: 0.022+3.8+0.005 ms clock, 0.45+0/4.2/0+0.10 ms cpu, 274->274->120 MB, 274 MB goal, 0 MB stacks, 0 MB globals, 20 P
gc 7277 @231.350s 0%: 0.024+0.92+0.004 ms clock, 0.48+0/1.3/0.001+0.090 ms cpu, 239->239->115 MB, 241 MB goal, 0 MB stacks, 0 MB globals, 20 P
gc 7278 @231.370s 0%: 0.027+9.5+0.003 ms clock, 0.54+0/10/0.011+0.073 ms cpu, 235->235->121 MB, 235 MB goal, 0 MB stacks, 0 MB globals, 20 P
gc 7279 @231.406s 0%: 0.018+0.46+0.003 ms clock, 0.37+0.032/0.80/0.010+0.064 ms cpu, 240->240->107 MB, 243 MB goal, 0 MB stacks, 0 MB globals, 20 P
gc 7280 @231.425s 0%: 0.017+2.0+0.004 ms clock, 0.35+0/2.6/0.003+0.080 ms cpu, 219->219->113 MB, 219 MB goal, 0 MB stacks, 0 MB globals, 20 P
gc 7281 @231.446s 0%: 0.024+0.53+0.013 ms clock, 0.48+0/1.1/0+0.26 ms cpu, 228->228->128 MB, 228 MB goal, 0 MB stacks, 0 MB globals, 20 P
gc 7282 @231.468s 0%: 0.018+0.81+0.003 ms clock, 0.37+0/1.2/0+0.068 ms cpu, 261->261->110 MB, 261 MB goal, 0 MB stacks, 0 MB globals, 20 P
gc 7283 @231.484s 0%: 0.016+0.98+0.003 ms clock, 0.33+0/1.5/0.013+0.074 ms cpu, 225->225->117 MB, 225 MB goal, 0 MB stacks, 0 MB globals, 20 P
gc 7284 @231.501s 0%: 0.024+0.58+0.009 ms clock, 0.48+0/0.70/0+0.19 ms cpu, 240->240->135 MB, 240 MB goal, 0 MB stacks, 0 MB globals, 20 P
gc 7285 @231.520s 0%: 0.018+3.2+0.003 ms clock, 0.37+0/3.8/0+0.069 ms cpu, 268->268->115 MB, 271 MB goal, 0 MB stacks, 0 MB globals, 20 P
gc 7286 @231.537s 0%: 0.019+2.9+0.003 ms clock, 0.38+0/3.2/0+0.066 ms cpu, 231->231->122 MB, 232 MB goal, 0 MB stacks, 0 MB globals, 20 P
gc 7287 @231.556s 0%: 0.020+0.36+0.005 ms clock, 0.41+0/0.85/0+0.10 ms cpu, 244->244->142 MB, 244 MB goal, 0 MB stacks, 0 MB globals, 20 P
gc 7288 @231.583s 0%: 0.025+5.7+0.003 ms clock, 0.51+0/6.1/0.001+0.074 ms cpu, 284->284->123 MB, 285 MB goal, 0 MB stacks, 0 MB globals, 20 P
gc 7289 @231.616s 0%: 0.020+0.44+0.003 ms clock, 0.41+0.10/0.81/0.069+0.065 ms cpu, 243->244->113 MB, 246 MB goal, 0 MB stacks, 0 MB globals, 20 P
gc 7290 @231.633s 0%: 0.019+1.3+0.004 ms clock, 0.38+0/1.9/0.040+0.096 ms cpu, 225->225->118 MB, 228 MB goal, 0 MB stacks, 0 MB globals, 20 P
gc 7291 @231.661s 0%: 0.019+0.61+0.012 ms clock, 0.38+0/0.92/0+0.24 ms cpu, 244->244->133 MB, 244 MB goal, 0 MB stacks, 0 MB globals, 20 P
gc 7292 @231.687s 0%: 0.021+0.57+0.008 ms clock, 0.43+0/0.82/0+0.17 ms cpu, 278->278->153 MB, 278 MB goal, 0 MB stacks, 0 MB globals, 20 P
gc 7293 @231.718s 0%: 0.019+1.3+0.003 ms clock, 0.39+0/1.5/0+0.061 ms cpu, 305->305->127 MB, 307 MB goal, 0 MB stacks, 0 MB globals, 20 P
gc 7294 @231.743s 0%: 0.016+1.6+0.004 ms clock, 0.33+0/1.9/0+0.081 ms cpu, 253->253->114 MB, 255 MB goal, 0 MB stacks, 0 MB globals, 20 P
gc 7295 @231.758s 0%: 0.016+0.65+0.008 ms clock, 0.33+0/1.1/0+0.17 ms cpu, 226->226->119 MB, 228 MB goal, 0 MB stacks, 0 MB globals, 20 P
gc 7296 @231.776s 0%: 0.017+5.6+0.003 ms clock, 0.35+0/5.8/0+0.068 ms cpu, 250->250->129 MB, 250 MB goal, 0 MB stacks, 0 MB globals, 20 P
gc 7297 @231.798s 0%: 0.016+0.52+0.003 ms clock, 0.33+0/0.75/0+0.075 ms cpu, 255->255->120 MB, 258 MB goal, 0 MB stacks, 0 MB globals, 20 P
gc 7298 @231.815s 0%: 0.017+1.9+0.003 ms clock, 0.35+0/2.2/0+0.066 ms cpu, 243->243->118 MB, 243 MB goal, 0 MB stacks, 0 MB globals, 20 P
gc 7299 @231.832s 0%: 0.017+5.5+0.003 ms clock, 0.35+0/5.9/0+0.060 ms cpu, 239->239->127 MB, 239 MB goal, 0 MB stacks, 0 MB globals, 20 P
gc 7300 @231.859s 0%: 0.016+0.50+0.003 ms clock, 0.33+0/0.79/0.001+0.079 ms cpu, 254->254->117 MB, 255 MB goal, 0 MB stacks, 0 MB globals, 20 P
gc 7301 @231.874s 0%: 0.016+4.5+0.005 ms clock, 0.33+0/4.7/0.001+0.11 ms cpu, 239->239->123 MB, 239 MB goal, 0 MB stacks, 0 MB globals, 20 P
gc 7302 @231.898s 0%: 0.018+0.50+0.003 ms clock, 0.37+0.13/0.64/0+0.072 ms cpu, 243->246->115 MB, 246 MB goal, 0 MB stacks, 0 MB globals, 20 P
gc 7303 @231.918s 0%: 0.022+1.9+0.004 ms clock, 0.45+0/2.6/0+0.081 ms cpu, 235->235->120 MB, 235 MB goal, 0 MB stacks, 0 MB globals, 20 P
gc 7304 @231.937s 0%: 0.016+0.28+0.003 ms clock, 0.33+0.099/0.64/0+0.071 ms cpu, 237->237->107 MB, 241 MB goal, 0 MB stacks, 0 MB globals, 20 P
gc 7305 @231.949s 0%: 0.039+0.77+0.005 ms clock, 0.78+0/1.4/0.001+0.11 ms cpu, 213->213->111 MB, 215 MB goal, 0 MB stacks, 0 MB globals, 20 P
gc 7306 @231.977s 0%: 0.031+0.81+0.027 ms clock, 0.62+0/1.3/0+0.54 ms cpu, 227->227->125 MB, 227 MB goal, 0 MB stacks, 0 MB globals, 20 P
gc 7307 @232.018s 0%: 0.028+3.9+0.005 ms clock, 0.56+0/4.3/0+0.10 ms cpu, 249->249->105 MB, 251 MB goal, 0 MB stacks, 0 MB globals, 20 P
gc 7308 @232.039s 0%: 0.019+2.1+0.004 ms clock, 0.38+0/2.4/0.068+0.088 ms cpu, 216->216->110 MB, 216 MB goal, 0 MB stacks, 0 MB globals, 20 P
gc 7309 @232.056s 0%: 0.018+4.0+0.003 ms clock, 0.37+0/4.1/0+0.072 ms cpu, 231->231->117 MB, 231 MB goal, 0 MB stacks, 0 MB globals, 20 P
gc 7310 @232.080s 0%: 0.016+0.59+0.003 ms clock, 0.33+0/0.88/0+0.067 ms cpu, 233->233->109 MB, 235 MB goal, 0 MB stacks, 0 MB globals, 20 P
gc 7311 @232.095s 0%: 0.015+3.4+0.007 ms clock, 0.31+0/3.8/0+0.15 ms cpu, 221->221->116 MB, 221 MB goal, 0 MB stacks, 0 MB globals, 20 P
gc 7312 @232.119s 0%: 0.017+0.55+0.003 ms clock, 0.35+0.11/0.76/0+0.074 ms cpu, 232->232->109 MB, 233 MB goal, 0 MB stacks, 0 MB globals, 20 P
gc 7313 @232.139s 0%: 0.019+0.86+0.004 ms clock, 0.38+0/1.5/0.007+0.084 ms cpu, 220->220->112 MB, 220 MB goal, 0 MB stacks, 0 MB globals, 20 P
gc 7314 @232.171s 0%: 0.027+1.2+0.005 ms clock, 0.55+0/2.2/0.41+0.10 ms cpu, 223->223->116 MB, 226 MB goal, 0 MB stacks, 0 MB globals, 20 P
gc 7315 @232.202s 0%: 0.027+7.0+0.019 ms clock, 0.54+0/7.8/0.009+0.38 ms cpu, 237->237->122 MB, 237 MB goal, 0 MB stacks, 0 MB globals, 20 P
gc 7316 @232.229s 0%: 0.018+0.46+0.005 ms clock, 0.36+0.051/0.98/0+0.10 ms cpu, 242->242->110 MB, 245 MB goal, 0 MB stacks, 0 MB globals, 20 P
gc 7317 @232.247s 0%: 0.022+4.8+0.005 ms clock, 0.45+0/5.8/0.15+0.11 ms cpu, 222->222->116 MB, 222 MB goal, 0 MB stacks, 0 MB globals, 20 P
gc 7318 @232.271s 0%: 0.020+7.3+0.004 ms clock, 0.41+0/7.9/0.11+0.096 ms cpu, 239->239->125 MB, 239 MB goal, 0 MB stacks, 0 MB globals, 20 P
gc 7319 @232.298s 0%: 0.018+0.54+0.005 ms clock, 0.36+0.072/0.95/0+0.10 ms cpu, 250->250->115 MB, 250 MB goal, 0 MB stacks, 0 MB globals, 20 P
gc 7320 @232.315s 0%: 0.034+3.3+0.003 ms clock, 0.68+0/3.7/0+0.060 ms cpu, 233->233->122 MB, 233 MB goal, 0 MB stacks, 0 MB globals, 20 P
gc 7321 @232.348s 0%: 0.023+2.4+0.006 ms clock, 0.46+0/3.4/0+0.13 ms cpu, 242->242->110 MB, 245 MB goal, 0 MB stacks, 0 MB globals, 20 P
gc 7322 @232.373s 0%: 0.033+6.5+0.008 ms clock, 0.67+0/7.7/0+0.17 ms cpu, 217->217->114 MB, 220 MB goal, 0 MB stacks, 0 MB globals, 20 P
gc 7323 @232.413s 0%: 0.039+0.76+0.013 ms clock, 0.79+0/2.0/0.10+0.26 ms cpu, 229->229->129 MB, 229 MB goal, 0 MB stacks, 0 MB globals, 20 P
gc 7324 @232.443s 0%: 0.018+2.8+0.005 ms clock, 0.37+0/3.4/0.011+0.10 ms cpu, 262->262->108 MB, 262 MB goal, 0 MB stacks, 0 MB globals, 20 P
gc 7325 @232.459s 0%: 0.016+1.0+0.003 ms clock, 0.32+0/1.5/0.055+0.060 ms cpu, 223->223->114 MB, 223 MB goal, 0 MB stacks, 0 MB globals, 20 P
gc 7326 @232.479s 0%: 0.039+0.39+0.014 ms clock, 0.79+0/0.73/0+0.29 ms cpu, 236->236->133 MB, 236 MB goal, 0 MB stacks, 0 MB globals, 20 P
gc 7327 @232.501s 0%: 0.020+2.1+0.003 ms clock, 0.40+0/2.5/0+0.063 ms cpu, 265->265->114 MB, 266 MB goal, 0 MB stacks, 0 MB globals, 20 P
gc 7328 @232.518s 0%: 0.017+1.0+0.003 ms clock, 0.35+0/1.3/0+0.061 ms cpu, 229->229->122 MB, 229 MB goal, 0 MB stacks, 0 MB globals, 20 P
gc 7329 @232.541s 0%: 0.015+0.48+0.006 ms clock, 0.31+0.019/0.71/0+0.12 ms cpu, 243->243->115 MB, 244 MB goal, 0 MB stacks, 0 MB globals, 20 P
gc 7330 @232.560s 0%: 0.035+1.4+0.005 ms clock, 0.70+0/1.8/0+0.10 ms cpu, 230->230->118 MB, 230 MB goal, 0 MB stacks, 0 MB globals, 20 P
gc 7331 @232.600s 0%: 0.020+0.53+0.005 ms clock, 0.40+0/0.76/0+0.10 ms cpu, 244->244->137 MB, 244 MB goal, 0 MB stacks, 0 MB globals, 20 P
gc 7332 @232.622s 0%: 0.025+1.6+0.005 ms clock, 0.50+0/2.1/0+0.10 ms cpu, 273->273->116 MB, 274 MB goal, 0 MB stacks, 0 MB globals, 20 P
gc 7333 @232.649s 0%: 0.022+0.57+0.011 ms clock, 0.44+0/0.91/0+0.23 ms cpu, 238->238->133 MB, 238 MB goal, 0 MB stacks, 0 MB globals, 20 P
gc 7334 @232.678s 0%: 0.024+1.2+0.007 ms clock, 0.49+0/1.6/0.021+0.15 ms cpu, 265->265->111 MB, 266 MB goal, 0 MB stacks, 0 MB globals, 20 P
gc 7335 @232.696s 0%: 0.027+1.4+0.005 ms clock, 0.54+0/2.3/0.043+0.11 ms cpu, 226->226->117 MB, 226 MB goal, 0 MB stacks, 0 MB globals, 20 P
gc 7336 @232.725s 0%: 0.021+0.73+0.022 ms clock, 0.43+0/1.1/0+0.45 ms cpu, 239->239->136 MB, 239 MB goal, 0 MB stacks, 0 MB globals, 20 P
gc 7337 @232.750s 0%: 0.020+5.5+0.007 ms clock, 0.41+0/5.7/0+0.14 ms cpu, 273->273->120 MB, 273 MB goal, 0 MB stacks, 0 MB globals, 20 P
gc 7338 @232.776s 0%: 0.019+0.41+0.004 ms clock, 0.38+0/0.73/0+0.081 ms cpu, 239->239->110 MB, 240 MB goal, 0 MB stacks, 0 MB globals, 20 P
gc 7339 @232.790s 0%: 0.017+2.6+0.003 ms clock, 0.35+0/2.7/0+0.077 ms cpu, 219->219->113 MB, 221 MB goal, 0 MB stacks, 0 MB globals, 20 P
gc 7340 @232.807s 0%: 0.023+6.3+0.007 ms clock, 0.46+0/6.8/0+0.14 ms cpu, 224->224->117 MB, 228 MB goal, 0 MB stacks, 0 MB globals, 20 P
gc 7341 @232.836s 0%: 0.020+1.3+0.010 ms clock, 0.40+0/1.6/0+0.20 ms cpu, 238->238->123 MB, 238 MB goal, 0 MB stacks, 0 MB globals, 20 P
gc 7342 @232.859s 0%: 0.017+0.53+0.005 ms clock, 0.35+0.097/0.64/0.002+0.11 ms cpu, 245->245->111 MB, 246 MB goal, 0 MB stacks, 0 MB globals, 20 P
gc 7343 @232.875s 0%: 0.025+2.4+0.007 ms clock, 0.50+0/3.1/0.001+0.14 ms cpu, 219->219->115 MB, 222 MB goal, 0 MB stacks, 0 MB globals, 20 P
gc 7344 @232.907s 0%: 0.032+9.5+0.007 ms clock, 0.65+0/10/0+0.14 ms cpu, 239->239->125 MB, 239 MB goal, 0 MB stacks, 0 MB globals, 20 P
gc 7345 @232.947s 0%: 0.023+1.0+0.008 ms clock, 0.46+0/1.5/0+0.16 ms cpu, 249->249->114 MB, 251 MB goal, 0 MB stacks, 0 MB globals, 20 P
gc 7346 @232.972s 0%: 0.025+1.3+0.023 ms clock, 0.51+0/1.8/0+0.47 ms cpu, 231->242->132 MB, 231 MB goal, 0 MB stacks, 0 MB globals, 20 P
gc 7347 @233.005s 0%: 0.040+1.4+0.006 ms clock, 0.81+0/2.3/0.013+0.12 ms cpu, 256->256->112 MB, 264 MB goal, 0 MB stacks, 0 MB globals, 20 P
gc 7348 @233.025s 0%: 0.029+1.9+0.017 ms clock, 0.58+0/2.9/0+0.34 ms cpu, 214->214->115 MB, 225 MB goal, 0 MB stacks, 0 MB globals, 20 P
gc 7349 @233.052s 0%: 0.017+0.49+0.007 ms clock, 0.34+0/0.68/0+0.15 ms cpu, 220->220->128 MB, 230 MB goal, 0 MB stacks, 0 MB globals, 20 P
gc 7350 @233.078s 0%: 0.021+1.6+0.004 ms clock, 0.42+0/2.0/0.015+0.092 ms cpu, 246->246->104 MB, 257 MB goal, 0 MB stacks, 0 MB globals, 20 P
gc 7351 @233.107s 0%: 0.027+1.1+0.007 ms clock, 0.54+0/1.7/0+0.14 ms cpu, 203->203->109 MB, 210 MB goal, 0 MB stacks, 0 MB globals, 20 P
gc 7352 @233.134s 0%: 0.025+1.0+0.006 ms clock, 0.50+0/1.8/0+0.13 ms cpu, 208->208->112 MB, 218 MB goal, 0 MB stacks, 0 MB globals, 20 P
gc 7353 @233.160s 0%: 0.020+4.4+0.079 ms clock, 0.40+0/4.7/0+1.5 ms cpu, 226->238->133 MB, 226 MB goal, 0 MB stacks, 0 MB globals, 20 P
gc 7354 @233.192s 0%: 0.021+1.9+0.005 ms clock, 0.43+0/2.2/0.001+0.11 ms cpu, 256->256->113 MB, 266 MB goal, 0 MB stacks, 0 MB globals, 20 P
gc 7355 @233.210s 0%: 0.030+6.7+0.059 ms clock, 0.60+0/7.7/0+1.1 ms cpu, 216->216->116 MB, 228 MB goal, 0 MB stacks, 0 MB globals, 20 P
gc 7356 @233.245s 0%: 0.024+0.61+0.12 ms clock, 0.49+0/1.0/0.004+2.5 ms cpu, 221->221->129 MB, 233 MB goal, 0 MB stacks, 0 MB globals, 20 P
gc 7357 @233.275s 0%: 0.026+0.80+0.005 ms clock, 0.53+0/1.2/0+0.11 ms cpu, 247->247->106 MB, 258 MB goal, 0 MB stacks, 0 MB globals, 20 P
gc 7358 @233.298s 0%: 0.030+0.85+0.006 ms clock, 0.61+0/1.7/0.048+0.13 ms cpu, 205->205->109 MB, 213 MB goal, 0 MB stacks, 0 MB globals, 20 P
gc 7359 @233.320s 0%: 0.039+2.1+0.008 ms clock, 0.79+0/2.8/0.030+0.17 ms cpu, 209->209->112 MB, 218 MB goal, 0 MB stacks, 0 MB globals, 20 P
gc 7360 @233.343s 0%: 0.031+6.1+0.007 ms clock, 0.62+0/6.9/0+0.14 ms cpu, 215->215->117 MB, 225 MB goal, 0 MB stacks, 0 MB globals, 20 P
gc 7361 @233.373s 0%: 0.033+6.2+0.008 ms clock, 0.67+0/6.7/0+0.16 ms cpu, 238->238->124 MB, 238 MB goal, 0 MB stacks, 0 MB globals, 20 P
gc 7362 @233.407s 0%: 0.020+0.45+0.003 ms clock, 0.41+0.080/0.82/0+0.078 ms cpu, 237->239->114 MB, 249 MB goal, 0 MB stacks, 0 MB globals, 20 P
gc 7363 @233.428s 0%: 0.027+0.64+0.008 ms clock, 0.55+0/1.4/0.001+0.17 ms cpu, 219->219->117 MB, 229 MB goal, 0 MB stacks, 0 MB globals, 20 P
gc 7364 @233.454s 0%: 0.028+3.2+0.006 ms clock, 0.57+0/3.9/0+0.13 ms cpu, 229->229->121 MB, 235 MB goal, 0 MB stacks, 0 MB globals, 20 P
gc 7365 @233.481s 0%: 0.030+1.9+0.007 ms clock, 0.61+0/2.7/0.004+0.15 ms cpu, 236->236->125 MB, 243 MB goal, 0 MB stacks, 0 MB globals, 20 P
gc 7366 @233.510s 0%: 0.018+0.83+0.004 ms clock, 0.37+0/0.99/0+0.098 ms cpu, 241->244->116 MB, 252 MB goal, 0 MB stacks, 0 MB globals, 20 P
gc 7367 @233.527s 0%: 0.027+1.4+0.007 ms clock, 0.55+0/2.1/0.003+0.15 ms cpu, 229->229->120 MB, 233 MB goal, 0 MB stacks, 0 MB globals, 20 P
gc 7368 @233.557s 0%: 0.036+0.78+0.020 ms clock, 0.72+0/1.8/0.077+0.40 ms cpu, 236->236->133 MB, 241 MB goal, 0 MB stacks, 0 MB globals, 20 P
gc 7369 @233.587s 0%: 0.028+5.1+0.004 ms clock, 0.57+0/5.9/0.035+0.080 ms cpu, 257->257->114 MB, 267 MB goal, 0 MB stacks, 0 MB globals, 20 P
gc 7370 @233.608s 0%: 0.032+7.5+0.007 ms clock, 0.64+0/8.4/0.54+0.14 ms cpu, 218->218->115 MB, 228 MB goal, 0 MB stacks, 0 MB globals, 20 P
gc 7371 @233.641s 0%: 0.029+4.7+0.003 ms clock, 0.58+0/5.9/0.024+0.078 ms cpu, 224->224->119 MB, 232 MB goal, 0 MB stacks, 0 MB globals, 20 P
gc 7372 @233.670s 0%: 0.096+0.36+0.003 ms clock, 1.9+0.036/0.66/0.008+0.073 ms cpu, 226->227->106 MB, 239 MB goal, 0 MB stacks, 0 MB globals, 20 P
gc 7373 @233.693s 0%: 0.045+0.59+0.008 ms clock, 0.91+0/1.6/0.27+0.17 ms cpu, 200->200->107 MB, 213 MB goal, 0 MB stacks, 0 MB globals, 20 P
gc 7374 @233.722s 0%: 0.016+0.94+0.004 ms clock, 0.32+0/1.1/0+0.087 ms cpu, 203->204->110 MB, 214 MB goal, 0 MB stacks, 0 MB globals, 20 P
gc 7375 @233.739s 0%: 0.019+0.65+0.045 ms clock, 0.39+0/0.82/0+0.91 ms cpu, 220->220->114 MB, 222 MB goal, 0 MB stacks, 0 MB globals, 20 P
gc 7376 @233.759s 0%: 0.027+4.0+0.003 ms clock, 0.54+0/4.6/0+0.074 ms cpu, 231->231->122 MB, 232 MB goal, 0 MB stacks, 0 MB globals, 20 P
gc 7377 @233.776s 0%: 0.020+5.2+0.003 ms clock, 0.41+0/5.5/0.003+0.076 ms cpu, 243->243->129 MB, 245 MB goal, 0 MB stacks, 0 MB globals, 20 P
gc 7378 @233.802s 0%: 0.017+0.47+0.004 ms clock, 0.34+0/0.81/0+0.081 ms cpu, 255->255->117 MB, 258 MB goal, 0 MB stacks, 0 MB globals, 20 P
gc 7379 @233.818s 0%: 0.017+4.1+0.12 ms clock, 0.35+0/4.7/0.009+2.4 ms cpu, 240->240->123 MB, 240 MB goal, 0 MB stacks, 0 MB globals, 20 P
gc 7380 @233.840s 0%: 0.018+0.47+0.006 ms clock, 0.36+0/0.92/0+0.12 ms cpu, 244->244->114 MB, 247 MB goal, 0 MB stacks, 0 MB globals, 20 P
gc 7381 @233.862s 0%: 0.025+5.9+0.003 ms clock, 0.51+0/6.7/0.001+0.067 ms cpu, 231->231->121 MB, 231 MB goal, 0 MB stacks, 0 MB globals, 20 P
gc 7382 @233.886s 0%: 0.016+0.49+0.005 ms clock, 0.33+0.047/0.67/0+0.11 ms cpu, 240->240->108 MB, 242 MB goal, 0 MB stacks, 0 MB globals, 20 P
gc 7383 @233.901s 0%: 0.029+0.93+0.014 ms clock, 0.58+0/1.4/0+0.29 ms cpu, 215->215->110 MB, 217 MB goal, 0 MB stacks, 0 MB globals, 20 P
gc 7384 @233.923s 0%: 0.032+9.3+0.003 ms clock, 0.65+0/10/0.011+0.074 ms cpu, 230->230->116 MB, 230 MB goal, 0 MB stacks, 0 MB globals, 20 P
gc 7385 @233.957s 0%: 0.026+0.50+0.004 ms clock, 0.53+0/0.88/0+0.092 ms cpu, 230->231->105 MB, 234 MB goal, 0 MB stacks, 0 MB globals, 20 P
gc 7386 @233.971s 0%: 0.017+0.49+0.003 ms clock, 0.35+0/0.75/0+0.070 ms cpu, 210->210->108 MB, 211 MB goal, 0 MB stacks, 0 MB globals, 20 P
gc 7387 @233.996s 0%: 0.029+1.1+0.005 ms clock, 0.59+0/2.2/0.025+0.11 ms cpu, 220->220->113 MB, 220 MB goal, 0 MB stacks, 0 MB globals, 20 P
gc 7388 @234.014s 0%: 0.023+6.8+0.005 ms clock, 0.46+0/7.1/0.008+0.10 ms cpu, 229->229->119 MB, 229 MB goal, 0 MB stacks, 0 MB globals, 20 P
gc 7389 @234.053s 0%: 0.020+0.48+0.008 ms clock, 0.41+0/0.66/0.012+0.17 ms cpu, 241->241->138 MB, 242 MB goal, 0 MB stacks, 0 MB globals, 20 P
gc 7390 @234.084s 0%: 0.029+8.9+0.007 ms clock, 0.58+0/9.7/0.014+0.15 ms cpu, 276->276->124 MB, 277 MB goal, 0 MB stacks, 0 MB globals, 20 P
gc 7391 @234.124s 0%: 0.018+0.84+0.003 ms clock, 0.36+0/1.1/0+0.060 ms cpu, 250->250->114 MB, 250 MB goal, 0 MB stacks, 0 MB globals, 20 P
gc 7392 @234.142s 0%: 0.029+5.1+0.006 ms clock, 0.58+0/6.1/0.016+0.12 ms cpu, 229->229->118 MB, 229 MB goal, 0 MB stacks, 0 MB globals, 20 P
gc 7393 @234.177s 0%: 0.024+0.49+0.005 ms clock, 0.48+0/0.91/0+0.11 ms cpu, 240->240->135 MB, 240 MB goal, 0 MB stacks, 0 MB globals, 20 P
gc 7394 @234.201s 0%: 0.023+1.0+0.004 ms clock, 0.46+0/1.3/0+0.097 ms cpu, 268->268->113 MB, 271 MB goal, 0 MB stacks, 0 MB globals, 20 P
gc 7395 @234.231s 0%: 0.030+1.8+0.008 ms clock, 0.60+0/2.8/0+0.16 ms cpu, 229->229->118 MB, 229 MB goal, 0 MB stacks, 0 MB globals, 20 P
gc 7396 @234.266s 0%: 0.036+0.77+0.026 ms clock, 0.72+0/1.6/0.021+0.52 ms cpu, 241->241->137 MB, 241 MB goal, 0 MB stacks, 0 MB globals, 20 P
gc 7397 @234.308s 0%: 0.034+7.2+0.010 ms clock, 0.68+0/8.2/0.043+0.20 ms cpu, 275->275->123 MB, 275 MB goal, 0 MB stacks, 0 MB globals, 20 P
gc 7398 @234.346s 0%: 0.018+0.56+0.006 ms clock, 0.37+0/0.83/0.011+0.13 ms cpu, 247->247->112 MB, 247 MB goal, 0 MB stacks, 0 MB globals, 20 P
gc 7399 @234.364s 0%: 0.030+2.1+0.008 ms clock, 0.60+0/3.1/0+0.17 ms cpu, 228->228->118 MB, 228 MB goal, 0 MB stacks, 0 MB globals, 20 P
gc 7400 @234.403s 0%: 0.023+0.52+0.012 ms clock, 0.47+0/0.91/0.006+0.25 ms cpu, 239->239->133 MB, 239 MB goal, 0 MB stacks, 0 MB globals, 20 P
gc 7401 @234.425s 0%: 0.019+0.86+0.004 ms clock, 0.39+0/1.5/0.001+0.081 ms cpu, 266->266->112 MB, 268 MB goal, 0 MB stacks, 0 MB globals, 20 P
gc 7402 @234.441s 0%: 0.022+1.4+0.006 ms clock, 0.44+0/2.2/0.19+0.12 ms cpu, 227->227->116 MB, 227 MB goal, 0 MB stacks, 0 MB globals, 20 P
gc 7403 @234.471s 0%: 0.056+0.57+0.018 ms clock, 1.1+0/0.97/0+0.37 ms cpu, 238->238->135 MB, 239 MB goal, 0 MB stacks, 0 MB globals, 20 P
gc 7404 @234.496s 0%: 0.022+0.76+0.003 ms clock, 0.44+0/0.98/0+0.074 ms cpu, 267->267->116 MB, 271 MB goal, 0 MB stacks, 0 MB globals, 20 P
gc 7405 @234.525s 0%: 0.032+6.2+0.005 ms clock, 0.65+0/7.1/0.17+0.10 ms cpu, 232->232->124 MB, 233 MB goal, 0 MB stacks, 0 MB globals, 20 P
gc 7406 @234.554s 0%: 0.019+0.53+0.020 ms clock, 0.39+0/0.88/0.001+0.40 ms cpu, 246->246->142 MB, 249 MB goal, 0 MB stacks, 0 MB globals, 20 P
gc 7407 @234.586s 0%: 0.025+4.2+0.004 ms clock, 0.51+0/4.7/0+0.083 ms cpu, 285->285->123 MB, 285 MB goal, 0 MB stacks, 0 MB globals, 20 P
gc 7408 @234.617s 0%: 0.033+2.0+0.006 ms clock, 0.66+0/3.0/0.11+0.12 ms cpu, 244->244->129 MB, 247 MB goal, 0 MB stacks, 0 MB globals, 20 P
gc 7409 @234.652s 0%: 0.020+0.53+0.004 ms clock, 0.41+0/0.88/0.004+0.081 ms cpu, 256->256->117 MB, 258 MB goal, 0 MB stacks, 0 MB globals, 20 P
gc 7410 @234.666s 0%: 0.018+4.2+0.007 ms clock, 0.36+0/4.5/0+0.15 ms cpu, 235->235->124 MB, 235 MB goal, 0 MB stacks, 0 MB globals, 20 P
gc 7411 @234.692s 0%: 0.020+0.83+0.005 ms clock, 0.41+0/1.3/0.026+0.10 ms cpu, 251->251->116 MB, 251 MB goal, 0 MB stacks, 0 MB globals, 20 P
gc 7412 @234.723s 0%: 0.032+1.9+0.009 ms clock, 0.64+0/2.9/0+0.18 ms cpu, 230->230->119 MB, 233 MB goal, 0 MB stacks, 0 MB globals, 20 P
gc 7413 @234.757s 0%: 0.027+0.68+0.006 ms clock, 0.55+0.051/0.95/0+0.13 ms cpu, 236->239->109 MB, 239 MB goal, 0 MB stacks, 0 MB globals, 20 P
gc 7414 @234.772s 0%: 0.020+3.5+0.004 ms clock, 0.40+0/4.1/0.026+0.090 ms cpu, 217->217->111 MB, 219 MB goal, 0 MB stacks, 0 MB globals, 20 P
gc 7415 @234.809s 0%: 0.019+4.9+0.003 ms clock, 0.39+0/5.2/0+0.069 ms cpu, 232->232->116 MB, 232 MB goal, 0 MB stacks, 0 MB globals, 20 P
gc 7416 @234.841s 0%: 0.030+0.49+0.006 ms clock, 0.60+0.058/0.78/0.008+0.12 ms cpu, 229->231->107 MB, 233 MB goal, 0 MB stacks, 0 MB globals, 20 P
gc 7417 @234.857s 0%: 0.026+0.80+0.007 ms clock, 0.52+0/1.6/0+0.14 ms cpu, 211->211->109 MB, 214 MB goal, 0 MB stacks, 0 MB globals, 20 P
gc 7418 @234.874s 0%: 0.017+0.83+0.005 ms clock, 0.35+0/1.0/0+0.10 ms cpu, 221->221->114 MB, 222 MB goal, 0 MB stacks, 0 MB globals, 20 P
gc 7419 @234.890s 0%: 0.027+6.3+0.007 ms clock, 0.54+0/6.7/0+0.14 ms cpu, 230->230->121 MB, 230 MB goal, 0 MB stacks, 0 MB globals, 20 P
gc 7420 @234.919s 0%: 0.017+0.94+0.004 ms clock, 0.35+0/1.3/0+0.085 ms cpu, 241->241->113 MB, 243 MB goal, 0 MB stacks, 0 MB globals, 20 P
gc 7421 @234.942s 0%: 0.032+5.9+0.005 ms clock, 0.64+0/6.6/0.001+0.11 ms cpu, 228->228->117 MB, 228 MB goal, 0 MB stacks, 0 MB globals, 20 P
gc 7422 @234.975s 0%: 0.031+1.4+0.021 ms clock, 0.63+0/1.4/0.022+0.43 ms cpu, 242->242->135 MB, 242 MB goal, 0 MB stacks, 0 MB globals, 20 P
gc 7423 @235.005s 0%: 0.028+1.0+0.009 ms clock, 0.56+0/2.1/0.14+0.19 ms cpu, 267->267->112 MB, 270 MB goal, 0 MB stacks, 0 MB globals, 20 P
gc 7424 @235.027s 0%: 0.018+1.0+0.003 ms clock, 0.36+0/1.6/0.002+0.066 ms cpu, 228->228->117 MB, 228 MB goal, 0 MB stacks, 0 MB globals, 20 P
gc 7425 @235.048s 0%: 0.032+1.0+0.025 ms clock, 0.64+0/1.5/0.028+0.50 ms cpu, 239->239->134 MB, 240 MB goal, 0 MB stacks, 0 MB globals, 20 P
gc 7426 @235.082s 0%: 0.019+2.9+0.003 ms clock, 0.39+0/3.2/0+0.070 ms cpu, 267->267->115 MB, 269 MB goal, 0 MB stacks, 0 MB globals, 20 P
gc 7427 @235.099s 0%: 0.018+1.2+0.003 ms clock, 0.36+0/1.4/0.002+0.067 ms cpu, 230->230->121 MB, 231 MB goal, 0 MB stacks, 0 MB globals, 20 P
gc 7428 @235.128s 0%: 0.020+0.56+0.008 ms clock, 0.41+0/0.76/0+0.16 ms cpu, 243->243->141 MB, 244 MB goal, 0 MB stacks, 0 MB globals, 20 P
gc 7429 @235.150s 0%: 0.018+3.1+0.002 ms clock, 0.36+0/3.3/0.089+0.057 ms cpu, 284->284->123 MB, 284 MB goal, 0 MB stacks, 0 MB globals, 20 P
gc 7430 @235.167s 0%: 0.019+2.6+0.003 ms clock, 0.38+0/3.2/0+0.071 ms cpu, 244->244->129 MB, 247 MB goal, 0 MB stacks, 0 MB globals, 20 P
gc 7431 @235.195s 0%: 0.028+3.3+0.003 ms clock, 0.56+0/3.6/0+0.075 ms cpu, 258->258->119 MB, 258 MB goal, 0 MB stacks, 0 MB globals, 20 P
gc 7432 @235.225s 0%: 0.018+1.7+0.003 ms clock, 0.37+0/1.2/0+0.073 ms cpu, 236->239->110 MB, 240 MB goal, 0 MB stacks, 0 MB globals, 20 P
gc 7433 @235.242s 0%: 0.015+1.6+0.006 ms clock, 0.31+0/1.8/0+0.12 ms cpu, 224->224->112 MB, 224 MB goal, 0 MB stacks, 0 MB globals, 20 P
gc 7434 @235.260s 0%: 0.019+3.0+0.004 ms clock, 0.38+0/3.2/0+0.081 ms cpu, 223->223->116 MB, 225 MB goal, 0 MB stacks, 0 MB globals, 20 P
gc 7435 @235.280s 0%: 0.019+4.7+0.003 ms clock, 0.38+0/5.0/0+0.071 ms cpu, 237->237->121 MB, 237 MB goal, 0 MB stacks, 0 MB globals, 20 P
gc 7436 @235.306s 0%: 0.017+0.50+0.006 ms clock, 0.34+0.008/0.85/0.024+0.12 ms cpu, 241->241->108 MB, 244 MB goal, 0 MB stacks, 0 MB globals, 20 P
gc 7437 @235.321s 0%: 0.020+3.7+0.005 ms clock, 0.40+0/4.1/0.040+0.11 ms cpu, 220->220->114 MB, 220 MB goal, 0 MB stacks, 0 MB globals, 20 P
gc 7438 @235.342s 0%: 0.021+1.0+0.27 ms clock, 0.42+0/1.6/0+5.4 ms cpu, 225->225->119 MB, 229 MB goal, 0 MB stacks, 0 MB globals, 20 P
gc 7439 @235.359s 0%: 0.020+5.0+0.003 ms clock, 0.41+0/5.2/0+0.063 ms cpu, 240->240->128 MB, 240 MB goal, 0 MB stacks, 0 MB globals, 20 P
gc 7440 @235.383s 0%: 0.019+0.49+0.003 ms clock, 0.38+0/0.98/0.003+0.077 ms cpu, 255->255->117 MB, 257 MB goal, 0 MB stacks, 0 MB globals, 20 P
gc 7441 @235.400s 0%: 0.023+1.1+0.003 ms clock, 0.46+0/1.5/0+0.074 ms cpu, 240->240->123 MB, 240 MB goal, 0 MB stacks, 0 MB globals, 20 P
gc 7442 @235.427s 0%: 0.025+0.61+0.008 ms clock, 0.50+0/1.2/0+0.16 ms cpu, 244->244->114 MB, 247 MB goal, 0 MB stacks, 0 MB globals, 20 P
gc 7443 @235.468s 0%: 0.034+1.8+0.007 ms clock, 0.68+0/2.9/0+0.15 ms cpu, 231->231->121 MB, 231 MB goal, 0 MB stacks, 0 MB globals, 20 P
gc 7444 @235.503s 0%: 0.019+0.46+0.004 ms clock, 0.38+0.10/0.72/0+0.092 ms cpu, 240->240->108 MB, 242 MB goal, 0 MB stacks, 0 MB globals, 20 P
gc 7445 @235.523s 0%: 0.087+1.4+0.005 ms clock, 1.7+0/2.3/0+0.11 ms cpu, 216->216->112 MB, 217 MB goal, 0 MB stacks, 0 MB globals, 20 P
gc 7446 @235.544s 0%: 0.027+7.2+0.003 ms clock, 0.54+0/7.6/0.004+0.070 ms cpu, 232->232->117 MB, 232 MB goal, 0 MB stacks, 0 MB globals, 20 P
gc 7447 @235.571s 0%: 0.017+0.50+0.003 ms clock, 0.35+0.053/0.76/0+0.073 ms cpu, 231->233->106 MB, 235 MB goal, 0 MB stacks, 0 MB globals, 20 P
gc 7448 @235.590s 0%: 0.024+0.52+0.006 ms clock, 0.48+0/1.3/0.18+0.12 ms cpu, 208->208->108 MB, 212 MB goal, 0 MB stacks, 0 MB globals, 20 P
gc 7449 @235.620s 0%: 0.037+8.2+0.005 ms clock, 0.74+0/9.0/0+0.11 ms cpu, 220->220->113 MB, 220 MB goal, 0 MB stacks, 0 MB globals, 20 P
gc 7450 @235.648s 0%: 0.033+9.2+0.005 ms clock, 0.67+0/10/0.064+0.10 ms cpu, 228->228->119 MB, 229 MB goal, 0 MB stacks, 0 MB globals, 20 P
gc 7451 @235.679s 0%: 0.021+0.41+0.009 ms clock, 0.42+0/0.86/0.036+0.19 ms cpu, 242->242->138 MB, 242 MB goal, 0 MB stacks, 0 MB globals, 20 P
gc 7452 @235.713s 0%: 0.025+4.6+0.004 ms clock, 0.50+0/5.4/0.29+0.080 ms cpu, 281->281->122 MB, 281 MB goal, 0 MB stacks, 0 MB globals, 20 P
gc 7453 @235.739s 0%: 0.021+1.4+0.006 ms clock, 0.43+0/2.0/0.058+0.12 ms cpu, 243->243->129 MB, 245 MB goal, 0 MB stacks, 0 MB globals, 20 P
gc 7454 @235.762s 0%: 0.018+0.66+0.11 ms clock, 0.36+0/1.1/0.19+2.3 ms cpu, 256->256->117 MB, 258 MB goal, 0 MB stacks, 0 MB globals, 20 P
gc 7455 @235.782s 0%: 0.024+4.0+0.008 ms clock, 0.48+0/4.7/0.32+0.16 ms cpu, 235->235->124 MB, 235 MB goal, 0 MB stacks, 0 MB globals, 20 P
gc 7456 @235.811s 0%: 0.032+1.2+0.003 ms clock, 0.64+0/1.5/0.001+0.075 ms cpu, 251->251->116 MB, 251 MB goal, 0 MB stacks, 0 MB globals, 20 P
gc 7457 @235.828s 0%: 0.020+1.2+0.006 ms clock, 0.40+0/1.7/0+0.13 ms cpu, 230->230->119 MB, 233 MB goal, 0 MB stacks, 0 MB globals, 20 P
gc 7458 @235.852s 0%: 0.035+0.80+0.008 ms clock, 0.71+0/1.5/0.18+0.16 ms cpu, 238->238->105 MB, 239 MB goal, 0 MB stacks, 0 MB globals, 20 P
gc 7459 @235.871s 0%: 0.020+1.0+0.004 ms clock, 0.40+0/1.3/0+0.091 ms cpu, 213->213->109 MB, 213 MB goal, 0 MB stacks, 0 MB globals, 20 P
gc 7460 @235.892s 0%: 0.026+0.39+0.009 ms clock, 0.53+0/0.86/0+0.19 ms cpu, 225->225->126 MB, 225 MB goal, 0 MB stacks, 0 MB globals, 20 P
gc 7461 @235.916s 0%: 0.018+2.2+0.005 ms clock, 0.36+0/2.6/0+0.11 ms cpu, 250->250->105 MB, 252 MB goal, 0 MB stacks, 0 MB globals, 20 P
gc 7462 @235.943s 0%: 0.029+1.6+0.009 ms clock, 0.59+0/2.5/0+0.18 ms cpu, 216->216->110 MB, 216 MB goal, 0 MB stacks, 0 MB globals, 20 P
gc 7463 @235.975s 0%: 0.023+4.1+0.003 ms clock, 0.46+0/4.4/0+0.077 ms cpu, 231->231->118 MB, 232 MB goal, 0 MB stacks, 0 MB globals, 20 P
gc 7464 @236.001s 0%: 0.019+0.77+0.003 ms clock, 0.38+0/1.5/0.38+0.074 ms cpu, 232->232->110 MB, 236 MB goal, 0 MB stacks, 0 MB globals, 20 P
gc 7465 @236.021s 0%: 0.025+2.9+0.008 ms clock, 0.50+0/4.0/0.24+0.17 ms cpu, 219->219->115 MB, 220 MB goal, 0 MB stacks, 0 MB globals, 20 P
gc 7466 @236.043s 0%: 0.020+2.2+0.006 ms clock, 0.41+0/2.4/0+0.12 ms cpu, 227->227->124 MB, 230 MB goal, 0 MB stacks, 0 MB globals, 20 P
gc 7467 @236.074s 0%: 0.048+9.6+0.006 ms clock, 0.96+0.011/10/0.059+0.12 ms cpu, 251->251->116 MB, 251 MB goal, 0 MB stacks, 0 MB globals, 20 P
gc 7468 @236.109s 0%: 0.033+1.5+0.007 ms clock, 0.67+0/2.0/0.001+0.14 ms cpu, 230->230->119 MB, 232 MB goal, 0 MB stacks, 0 MB globals, 20 P
gc 7469 @236.134s 0%: 0.023+1.6+0.006 ms clock, 0.46+0/1.6/0+0.13 ms cpu, 237->237->108 MB, 239 MB goal, 0 MB stacks, 0 MB globals, 20 P
gc 7470 @236.156s 0%: 0.019+3.4+0.005 ms clock, 0.38+0/3.7/0+0.10 ms cpu, 228->228->114 MB, 228 MB goal, 0 MB stacks, 0 MB globals, 20 P
gc 7471 @236.184s 0%: 0.021+0.47+0.003 ms clock, 0.43+0.25/0.53/0+0.072 ms cpu, 225->227->102 MB, 229 MB goal, 0 MB stacks, 0 MB globals, 20 P
gc 7472 @236.201s 0%: 0.018+0.35+0.005 ms clock, 0.36+0/1.0/0+0.10 ms cpu, 201->201->104 MB, 205 MB goal, 0 MB stacks, 0 MB globals, 20 P
gc 7473 @236.216s 0%: 0.016+0.48+0.005 ms clock, 0.32+0/1.1/0.11+0.11 ms cpu, 209->209->108 MB, 209 MB goal, 0 MB stacks, 0 MB globals, 20 P
gc 7474 @236.231s 0%: 0.020+0.81+0.003 ms clock, 0.40+0/1.1/0+0.074 ms cpu, 215->215->112 MB, 217 MB goal, 0 MB stacks, 0 MB globals, 20 P
gc 7475 @236.250s 0%: 0.020+4.5+0.003 ms clock, 0.40+0/4.7/0+0.069 ms cpu, 228->228->119 MB, 228 MB goal, 0 MB stacks, 0 MB globals, 20 P
gc 7476 @236.277s 0%: 0.019+0.35+0.005 ms clock, 0.38+0/0.78/0.002+0.11 ms cpu, 236->236->113 MB, 238 MB goal, 0 MB stacks, 0 MB globals, 20 P
gc 7477 @236.294s 0%: 0.038+7.5+0.005 ms clock, 0.76+0/8.5/0+0.11 ms cpu, 225->225->119 MB, 227 MB goal, 0 MB stacks, 0 MB globals, 20 P
gc 7478 @236.324s 0%: 0.024+0.45+0.015 ms clock, 0.49+0/0.94/0.11+0.31 ms cpu, 235->235->133 MB, 239 MB goal, 0 MB stacks, 0 MB globals, 20 P
gc 7479 @236.348s 0%: 0.020+2.9+0.005 ms clock, 0.40+0/3.1/0.008+0.10 ms cpu, 269->269->115 MB, 269 MB goal, 0 MB stacks, 0 MB globals, 20 P
gc 7480 @236.372s 0%: 0.021+0.52+0.008 ms clock, 0.43+0/0.71/0+0.17 ms cpu, 237->237->132 MB, 237 MB goal, 0 MB stacks, 0 MB globals, 20 P
gc 7481 @236.400s 0%: 0.025+1.0+0.005 ms clock, 0.50+0/2.1/0.046+0.10 ms cpu, 265->265->110 MB, 265 MB goal, 0 MB stacks, 0 MB globals, 20 P
gc 7482 @236.424s 0%: 0.027+1.2+0.004 ms clock, 0.54+0/1.8/0.12+0.093 ms cpu, 226->226->117 MB, 226 MB goal, 0 MB stacks, 0 MB globals, 20 P
gc 7483 @236.454s 0%: 0.022+0.59+0.012 ms clock, 0.45+0/0.92/0.056+0.24 ms cpu, 239->239->136 MB, 239 MB goal, 0 MB stacks, 0 MB globals, 20 P
gc 7484 @236.478s 0%: 0.020+3.0+0.003 ms clock, 0.40+0/3.2/0+0.075 ms cpu, 268->268->117 MB, 272 MB goal, 0 MB stacks, 0 MB globals, 20 P
gc 7485 @236.498s 0%: 0.017+1.1+0.005 ms clock, 0.35+0/1.3/0+0.10 ms cpu, 232->232->125 MB, 235 MB goal, 0 MB stacks, 0 MB globals, 20 P
gc 7486 @236.517s 0%: 0.023+0.54+0.018 ms clock, 0.46+0/0.84/0+0.36 ms cpu, 247->247->143 MB, 250 MB goal, 0 MB stacks, 0 MB globals, 20 P
gc 7487 @236.548s 0%: 0.020+0.39+0.005 ms clock, 0.41+0/0.74/0+0.10 ms cpu, 293->293->136 MB, 293 MB goal, 0 MB stacks, 0 MB globals, 20 P
gc 7488 @236.569s 0%: 0.019+2.7+0.003 ms clock, 0.39+0/3.3/0.014+0.066 ms cpu, 274->274->121 MB, 274 MB goal, 0 MB stacks, 0 MB globals, 20 P
gc 7489 @236.594s 0%: 0.023+0.62+0.006 ms clock, 0.46+0.13/1.0/0.005+0.13 ms cpu, 240->240->108 MB, 242 MB goal, 0 MB stacks, 0 MB globals, 20 P
gc 7490 @236.617s 0%: 0.016+0.63+0.003 ms clock, 0.33+0/1.1/0+0.067 ms cpu, 215->215->110 MB, 217 MB goal, 0 MB stacks, 0 MB globals, 20 P
gc 7491 @236.638s 0%: 0.020+3.7+0.006 ms clock, 0.41+0/4.3/0+0.13 ms cpu, 230->230->116 MB, 230 MB goal, 0 MB stacks, 0 MB globals, 20 P
gc 7492 @236.673s 0%: 0.021+0.63+0.006 ms clock, 0.43+0.099/1.0/0.17+0.13 ms cpu, 230->232->105 MB, 233 MB goal, 0 MB stacks, 0 MB globals, 20 P
gc 7493 @236.698s 0%: 0.018+0.49+0.003 ms clock, 0.37+0/0.85/0+0.074 ms cpu, 208->208->107 MB, 211 MB goal, 0 MB stacks, 0 MB globals, 20 P
gc 7494 @236.721s 0%: 0.023+0.95+0.006 ms clock, 0.47+0/1.8/0.22+0.12 ms cpu, 211->211->111 MB, 214 MB goal, 0 MB stacks, 0 MB globals, 20 P
gc 7495 @236.761s 0%: 0.034+5.6+0.003 ms clock, 0.68+0/6.0/0+0.076 ms cpu, 222->222->116 MB, 223 MB goal, 0 MB stacks, 0 MB globals, 20 P
gc 7496 @236.793s 0%: 0.032+11+0.004 ms clock, 0.65+0/12/0.19+0.085 ms cpu, 237->237->123 MB, 237 MB goal, 0 MB stacks, 0 MB globals, 20 P
gc 7497 @236.839s 0%: 0.031+1.2+0.007 ms clock, 0.62+0/1.8/0+0.15 ms cpu, 244->244->117 MB, 248 MB goal, 0 MB stacks, 0 MB globals, 20 P
gc 7498 @236.856s 0%: 0.019+6.5+0.005 ms clock, 0.39+0/6.9/0.017+0.11 ms cpu, 238->238->122 MB, 238 MB goal, 0 MB stacks, 0 MB globals, 20 P
gc 7499 @236.892s 0%: 0.027+0.93+0.005 ms clock, 0.55+0/1.5/0+0.11 ms cpu, 248->248->113 MB, 248 MB goal, 0 MB stacks, 0 MB globals, 20 P
gc 7500 @236.916s 0%: 0.032+5.8+0.13 ms clock, 0.64+0/6.9/0.075+2.6 ms cpu, 228->228->117 MB, 228 MB goal, 0 MB stacks, 0 MB globals, 20 P
gc 7501 @236.937s 0%: 0.022+0.51+0.008 ms clock, 0.44+0/0.71/0+0.16 ms cpu, 240->240->134 MB, 240 MB goal, 0 MB stacks, 0 MB globals, 20 P
gc 7502 @236.965s 0%: 0.019+3.2+0.003 ms clock, 0.38+0/3.4/0+0.070 ms cpu, 267->267->113 MB, 270 MB goal, 0 MB stacks, 0 MB globals, 20 P
gc 7503 @236.982s 0%: 0.019+3.1+0.003 ms clock, 0.39+0/3.4/0.005+0.075 ms cpu, 228->228->119 MB, 228 MB goal, 0 MB stacks, 0 MB globals, 20 P
gc 7504 @237.006s 0%: 0.018+0.37+0.005 ms clock, 0.37+0/0.68/0+0.10 ms cpu, 242->242->138 MB, 242 MB goal, 0 MB stacks, 0 MB globals, 20 P
gc 7505 @237.032s 0%: 0.020+2.9+0.002 ms clock, 0.40+0/3.3/0+0.058 ms cpu, 280->280->123 MB, 280 MB goal, 0 MB stacks, 0 MB globals, 20 P
gc 7506 @237.054s 0%: 0.029+2.4+0.005 ms clock, 0.59+0/3.2/0.008+0.10 ms cpu, 244->244->129 MB, 247 MB goal, 0 MB stacks, 0 MB globals, 20 P
gc 7507 @237.093s 0%: 0.031+0.82+0.72 ms clock, 0.62+0/2.1/0.13+14 ms cpu, 256->261->122 MB, 258 MB goal, 0 MB stacks, 0 MB globals, 20 P
gc 7508 @237.122s 0%: 0.028+0.68+0.015 ms clock, 0.56+0/1.6/0.021+0.31 ms cpu, 247->247->136 MB, 247 MB goal, 0 MB stacks, 0 MB globals, 20 P
gc 7509 @237.153s 0%: 0.031+7.3+0.005 ms clock, 0.62+0/8.1/0.16+0.11 ms cpu, 274->274->121 MB, 274 MB goal, 0 MB stacks, 0 MB globals, 20 P
gc 7510 @237.187s 0%: 0.020+1.1+0.005 ms clock, 0.40+0.047/0.95/0.009+0.10 ms cpu, 237->240->111 MB, 242 MB goal, 0 MB stacks, 0 MB globals, 20 P
gc 7511 @237.205s 0%: 0.018+0.73+0.003 ms clock, 0.36+0/1.0/0.002+0.074 ms cpu, 218->218->110 MB, 222 MB goal, 0 MB stacks, 0 MB globals, 20 P
gc 7512 @237.225s 0%: 0.024+7.3+0.004 ms clock, 0.48+0/7.7/0+0.085 ms cpu, 230->230->116 MB, 230 MB goal, 0 MB stacks, 0 MB globals, 20 P
gc 7513 @237.252s 0%: 0.020+0.66+0.003 ms clock, 0.40+0/0.84/0+0.079 ms cpu, 230->230->104 MB, 233 MB goal, 0 MB stacks, 0 MB globals, 20 P
gc 7514 @237.266s 0%: 0.018+2.9+0.002 ms clock, 0.36+0/3.2/0+0.057 ms cpu, 211->211->108 MB, 211 MB goal, 0 MB stacks, 0 MB globals, 20 P
gc 7515 @237.286s 0%: 0.019+3.7+0.005 ms clock, 0.38+0/3.9/0+0.11 ms cpu, 224->224->115 MB, 224 MB goal, 0 MB stacks, 0 MB globals, 20 P
gc 7516 @237.308s 0%: 0.018+0.47+0.005 ms clock, 0.37+0.15/0.53/0+0.10 ms cpu, 226->228->107 MB, 231 MB goal, 0 MB stacks, 0 MB globals, 20 P
gc 7517 @237.320s 0%: 0.018+0.77+0.006 ms clock, 0.36+0/1.0/0+0.12 ms cpu, 212->212->112 MB, 215 MB goal, 0 MB stacks, 0 MB globals, 20 P
gc 7518 @237.339s 0%: 0.022+2.9+0.003 ms clock, 0.45+0/3.5/0.001+0.075 ms cpu, 226->226->119 MB, 227 MB goal, 0 MB stacks, 0 MB globals, 20 P
gc 7519 @237.369s 0%: 0.021+0.48+0.007 ms clock, 0.42+0/0.69/0+0.15 ms cpu, 240->240->135 MB, 241 MB goal, 0 MB stacks, 0 MB globals, 20 P
gc 7520 @237.393s 0%: 0.024+1.6+0.003 ms clock, 0.48+0/1.8/0+0.074 ms cpu, 268->268->114 MB, 271 MB goal, 0 MB stacks, 0 MB globals, 20 P
gc 7521 @237.409s 0%: 0.022+2.2+0.007 ms clock, 0.44+0/2.8/0.024+0.15 ms cpu, 229->229->118 MB, 229 MB goal, 0 MB stacks, 0 MB globals, 20 P
gc 7522 @237.438s 0%: 0.023+0.54+0.014 ms clock, 0.46+0/1.0/0+0.28 ms cpu, 240->240->137 MB, 240 MB goal, 0 MB stacks, 0 MB globals, 20 P
gc 7523 @237.465s 0%: 0.026+1.6+0.007 ms clock, 0.52+0/2.2/0+0.15 ms cpu, 269->269->119 MB, 274 MB goal, 0 MB stacks, 0 MB globals, 20 P
gc 7524 @237.488s 0%: 0.029+2.0+0.009 ms clock, 0.59+0/3.0/0.21+0.19 ms cpu, 235->235->125 MB, 239 MB goal, 0 MB stacks, 0 MB globals, 20 P
gc 7525 @237.525s 0%: 0.036+1.5+0.012 ms clock, 0.73+0/2.8/0+0.25 ms cpu, 252->252->118 MB, 253 MB goal, 0 MB stacks, 0 MB globals, 20 P
gc 7526 @237.546s 0%: 0.020+2.1+0.083 ms clock, 0.41+0/2.5/0+1.6 ms cpu, 232->243->132 MB, 236 MB goal, 0 MB stacks, 0 MB globals, 20 P
gc 7527 @237.568s 0%: 0.019+1.1+0.003 ms clock, 0.38+0/1.5/0+0.064 ms cpu, 256->256->112 MB, 264 MB goal, 0 MB stacks, 0 MB globals, 20 P
gc 7528 @237.587s 0%: 0.019+0.46+0.014 ms clock, 0.39+0/0.87/0.014+0.28 ms cpu, 228->228->129 MB, 228 MB goal, 0 MB stacks, 0 MB globals, 20 P
gc 7529 @237.610s 0%: 0.027+0.97+0.008 ms clock, 0.54+0/1.7/0+0.17 ms cpu, 253->253->105 MB, 258 MB goal, 0 MB stacks, 0 MB globals, 20 P
gc 7530 @237.627s 0%: 0.018+0.72+0.004 ms clock, 0.37+0/1.3/0.017+0.087 ms cpu, 206->206->108 MB, 211 MB goal, 0 MB stacks, 0 MB globals, 20 P
gc 7531 @237.645s 0%: 0.024+1.2+0.005 ms clock, 0.48+0/2.0/0.076+0.10 ms cpu, 211->211->112 MB, 218 MB goal, 0 MB stacks, 0 MB globals, 20 P
gc 7532 @237.673s 0%: 0.037+8.2+0.004 ms clock, 0.75+0/9.6/0.21+0.094 ms cpu, 218->218->116 MB, 225 MB goal, 0 MB stacks, 0 MB globals, 20 P
gc 7533 @237.702s 0%: 0.031+0.71+0.28 ms clock, 0.62+0.081/1.5/0.004+5.7 ms cpu, 222->225->109 MB, 233 MB goal, 0 MB stacks, 0 MB globals, 20 P
gc 7534 @237.733s 0%: 0.031+3.3+0.011 ms clock, 0.63+0/4.0/0+0.23 ms cpu, 210->210->113 MB, 220 MB goal, 0 MB stacks, 0 MB globals, 20 P
gc 7535 @237.777s 0%: 0.033+1.0+0.005 ms clock, 0.66+0/2.1/0.016+0.11 ms cpu, 223->223->116 MB, 227 MB goal, 0 MB stacks, 0 MB globals, 20 P
gc 7536 @237.801s 0%: 0.027+0.53+0.012 ms clock, 0.54+0/1.0/0+0.25 ms cpu, 232->232->132 MB, 232 MB goal, 0 MB stacks, 0 MB globals, 20 P
gc 7537 @237.837s 0%: 0.031+2.5+0.007 ms clock, 0.62+0/3.4/0.20+0.15 ms cpu, 258->258->111 MB, 265 MB goal, 0 MB stacks, 0 MB globals, 20 P
gc 7538 @237.859s 0%: 0.028+1.6+0.006 ms clock, 0.56+0/2.7/0+0.12 ms cpu, 216->216->115 MB, 223 MB goal, 0 MB stacks, 0 MB globals, 20 P
gc 7539 @237.882s 0%: 0.028+4.3+0.004 ms clock, 0.56+0/5.0/0+0.095 ms cpu, 223->223->119 MB, 230 MB goal, 0 MB stacks, 0 MB globals, 20 P
gc 7540 @237.922s 0%: 0.024+0.59+0.007 ms clock, 0.48+0/1.3/0.11+0.14 ms cpu, 229->230->108 MB, 239 MB goal, 0 MB stacks, 0 MB globals, 20 P
gc 7541 @237.947s 0%: 0.016+0.34+0.003 ms clock, 0.33+0/0.76/0+0.061 ms cpu, 206->206->110 MB, 216 MB goal, 0 MB stacks, 0 MB globals, 20 P
gc 7542 @237.966s 0%: 0.022+0.56+0.004 ms clock, 0.44+0/1.2/0.002+0.080 ms cpu, 212->212->113 MB, 220 MB goal, 0 MB stacks, 0 MB globals, 20 P
gc 7543 @237.984s 0%: 0.020+2.5+0.006 ms clock, 0.41+0/2.7/0+0.12 ms cpu, 217->217->119 MB, 227 MB goal, 0 MB stacks, 0 MB globals, 20 P
gc 7544 @238.000s 0%: 0.017+1.3+0.003 ms clock, 0.35+0/1.6/0+0.075 ms cpu, 229->229->123 MB, 238 MB goal, 0 MB stacks, 0 MB globals, 20 P
gc 7545 @238.025s 0%: 0.018+0.40+0.011 ms clock, 0.36+0/0.83/0+0.23 ms cpu, 241->241->138 MB, 246 MB goal, 0 MB stacks, 0 MB globals, 20 P
gc 7546 @238.046s 0%: 0.029+7.0+0.12 ms clock, 0.59+0/7.8/0.009+2.5 ms cpu, 276->276->122 MB, 277 MB goal, 0 MB stacks, 0 MB globals, 20 P
gc 7547 @238.079s 0%: 0.031+1.9+0.006 ms clock, 0.63+0/2.7/0+0.12 ms cpu, 236->236->109 MB, 246 MB goal, 0 MB stacks, 0 MB globals, 20 P
gc 7548 @238.100s 0%: 0.019+1.1+0.011 ms clock, 0.38+0/1.3/0+0.22 ms cpu, 214->214->113 MB, 218 MB goal, 0 MB stacks, 0 MB globals, 20 P
gc 7549 @238.123s 0%: 0.022+4.6+0.008 ms clock, 0.45+0/4.8/0+0.17 ms cpu, 227->227->116 MB, 227 MB goal, 0 MB stacks, 0 MB globals, 20 P
gc 7550 @238.151s 0%: 0.024+0.49+0.099 ms clock, 0.49+0.044/0.99/0.019+1.9 ms cpu, 222->225->103 MB, 233 MB goal, 0 MB stacks, 0 MB globals, 20 P
gc 7551 @238.165s 0%: 0.017+0.40+0.003 ms clock, 0.34+0.095/0.63/0.003+0.066 ms cpu, 197->198->105 MB, 206 MB goal, 0 MB stacks, 0 MB globals, 20 P
gc 7552 @238.181s 0%: 0.017+0.71+0.083 ms clock, 0.34+0/0.69/0+1.6 ms cpu, 202->206->109 MB, 211 MB goal, 0 MB stacks, 0 MB globals, 20 P
gc 7553 @238.204s 0%: 0.030+4.8+0.007 ms clock, 0.61+0/5.5/0+0.15 ms cpu, 218->218->112 MB, 220 MB goal, 0 MB stacks, 0 MB globals, 20 P
gc 7554 @238.230s 0%: 0.026+3.7+0.002 ms clock, 0.53+0/4.3/0.034+0.059 ms cpu, 222->222->116 MB, 224 MB goal, 0 MB stacks, 0 MB globals, 20 P
gc 7555 @238.254s 0%: 0.025+2.0+0.005 ms clock, 0.50+0/2.8/0+0.11 ms cpu, 233->233->110 MB, 234 MB goal, 0 MB stacks, 0 MB globals, 20 P
gc 7556 @238.274s 0%: 0.029+1.6+0.007 ms clock, 0.59+0/2.3/0.042+0.15 ms cpu, 218->218->118 MB, 220 MB goal, 0 MB stacks, 0 MB globals, 20 P
gc 7557 @238.291s 0%: 0.020+3.7+0.004 ms clock, 0.40+0/3.8/0+0.089 ms cpu, 237->237->122 MB, 237 MB goal, 0 MB stacks, 0 MB globals, 20 P
gc 7558 @238.323s 0%: 0.028+6.0+0.007 ms clock, 0.56+0/6.8/0.21+0.14 ms cpu, 249->249->110 MB, 249 MB goal, 0 MB stacks, 0 MB globals, 20 P
gc 7559 @238.348s 0%: 0.030+3.3+0.004 ms clock, 0.60+0/4.0/0.057+0.091 ms cpu, 222->222->114 MB, 222 MB goal, 0 MB stacks, 0 MB globals, 20 P
gc 7560 @238.377s 0%: 0.018+0.64+0.005 ms clock, 0.36+0.11/0.89/0+0.11 ms cpu, 226->227->102 MB, 230 MB goal, 0 MB stacks, 0 MB globals, 20 P
gc 7561 @238.399s 0%: 0.019+0.52+0.006 ms clock, 0.38+0.041/0.97/0.026+0.12 ms cpu, 204->204->105 MB, 205 MB goal, 0 MB stacks, 0 MB globals, 20 P
gc 7562 @238.415s 0%: 0.016+2.1+0.003 ms clock, 0.32+0/2.3/0+0.071 ms cpu, 207->207->108 MB, 210 MB goal, 0 MB stacks, 0 MB globals, 20 P
gc 7563 @238.433s 0%: 0.023+0.94+0.009 ms clock, 0.47+0/1.4/0+0.18 ms cpu, 215->215->113 MB, 217 MB goal, 0 MB stacks, 0 MB globals, 20 P
gc 7564 @238.450s 0%: 0.022+5.6+0.004 ms clock, 0.44+0/6.0/0+0.091 ms cpu, 228->228->120 MB, 228 MB goal, 0 MB stacks, 0 MB globals, 20 P
gc 7565 @238.484s 0%: 0.020+0.48+0.008 ms clock, 0.40+0/0.69/0+0.16 ms cpu, 243->243->139 MB, 243 MB goal, 0 MB stacks, 0 MB globals, 20 P
gc 7566 @238.509s 0%: 0.019+3.5+0.005 ms clock, 0.39+0/3.9/0.021+0.10 ms cpu, 281->281->123 MB, 281 MB goal, 0 MB stacks, 0 MB globals, 20 P
gc 7567 @238.532s 0%: 0.017+0.68+0.003 ms clock, 0.34+0.11/0.60/0.010+0.070 ms cpu, 243->244->113 MB, 246 MB goal, 0 MB stacks, 0 MB globals, 20 P
gc 7568 @238.547s 0%: 0.018+0.71+0.018 ms clock, 0.36+0/1.1/0+0.36 ms cpu, 225->225->118 MB, 227 MB goal, 0 MB stacks, 0 MB globals, 20 P
gc 7569 @238.569s 0%: 0.021+0.38+0.009 ms clock, 0.42+0/0.81/0+0.18 ms cpu, 244->244->136 MB, 244 MB goal, 0 MB stacks, 0 MB globals, 20 P
gc 7570 @238.597s 0%: 0.021+1.1+0.003 ms clock, 0.42+0/1.3/0+0.076 ms cpu, 279->279->116 MB, 279 MB goal, 0 MB stacks, 0 MB globals, 20 P
gc 7571 @238.613s 0%: 0.024+5.9+0.005 ms clock, 0.49+0/6.7/0.10+0.10 ms cpu, 237->237->122 MB, 237 MB goal, 0 MB stacks, 0 MB globals, 20 P
gc 7572 @238.647s 0%: 0.020+1.0+0.004 ms clock, 0.41+0.057/1.0/0+0.093 ms cpu, 242->245->114 MB, 246 MB goal, 0 MB stacks, 0 MB globals, 20 P
gc 7573 @238.666s 0%: 0.021+1.1+0.003 ms clock, 0.43+0/1.7/0.011+0.077 ms cpu, 236->236->121 MB, 236 MB goal, 0 MB stacks, 0 MB globals, 20 P
gc 7574 @238.686s 0%: 0.019+0.38+0.006 ms clock, 0.38+0/1.0/0.20+0.12 ms cpu, 241->241->111 MB, 242 MB goal, 0 MB stacks, 0 MB globals, 20 P
gc 7575 @238.701s 0%: 0.018+1.0+0.003 ms clock, 0.37+0/1.6/0.057+0.068 ms cpu, 220->220->116 MB, 224 MB goal, 0 MB stacks, 0 MB globals, 20 P
gc 7576 @238.727s 0%: 0.021+0.46+0.014 ms clock, 0.42+0/1.0/0.004+0.29 ms cpu, 231->231->129 MB, 234 MB goal, 0 MB stacks, 0 MB globals, 20 P
gc 7577 @238.754s 0%: 0.031+4.6+0.007 ms clock, 0.63+0/5.8/0.20+0.15 ms cpu, 261->261->109 MB, 261 MB goal, 0 MB stacks, 0 MB globals, 20 P
gc 7578 @238.773s 0%: 0.019+2.2+0.015 ms clock, 0.39+0/2.8/0.13+0.30 ms cpu, 225->225->114 MB, 225 MB goal, 0 MB stacks, 0 MB globals, 20 P
gc 7579 @238.798s 0%: 0.021+0.26+0.017 ms clock, 0.43+0/0.87/0.011+0.35 ms cpu, 236->236->133 MB, 236 MB goal, 0 MB stacks, 0 MB globals, 20 P
gc 7580 @238.828s 0%: 0.034+2.3+0.006 ms clock, 0.68+0/2.9/0.001+0.12 ms cpu, 265->265->114 MB, 266 MB goal, 0 MB stacks, 0 MB globals, 20 P
gc 7581 @238.854s 0%: 0.021+3.6+0.003 ms clock, 0.42+0/3.8/0+0.071 ms cpu, 229->229->120 MB, 229 MB goal, 0 MB stacks, 0 MB globals, 20 P
gc 7582 @238.874s 0%: 0.022+0.47+0.012 ms clock, 0.44+0/0.82/0.010+0.24 ms cpu, 243->243->139 MB, 243 MB goal, 0 MB stacks, 0 MB globals, 20 P
gc 7583 @238.900s 0%: 0.022+4.7+0.005 ms clock, 0.44+0/5.3/0.050+0.10 ms cpu, 281->281->123 MB, 282 MB goal, 0 MB stacks, 0 MB globals, 20 P
gc 7584 @238.936s 0%: 0.040+1.0+0.096 ms clock, 0.81+0.13/1.7/0.007+1.9 ms cpu, 243->244->113 MB, 246 MB goal, 0 MB stacks, 0 MB globals, 20 P
gc 7585 @238.963s 0%: 0.018+2.3+0.003 ms clock, 0.37+0/3.0/0+0.070 ms cpu, 225->225->118 MB, 227 MB goal, 0 MB stacks, 0 MB globals, 20 P
gc 7586 @238.990s 0%: 0.027+0.58+0.066 ms clock, 0.55+0/0.88/0+1.3 ms cpu, 244->244->136 MB, 244 MB goal, 0 MB stacks, 0 MB globals, 20 P
gc 7587 @239.015s 0%: 0.027+1.3+0.006 ms clock, 0.54+0/1.9/0+0.12 ms cpu, 274->274->117 MB, 274 MB goal, 0 MB stacks, 0 MB globals, 20 P
gc 7588 @239.041s 0%: 0.021+0.86+0.007 ms clock, 0.42+0/1.4/0+0.14 ms cpu, 234->234->105 MB, 236 MB goal, 0 MB stacks, 0 MB globals, 20 P
gc 7589 @239.063s 0%: 0.028+7.0+0.005 ms clock, 0.57+0/7.9/0.075+0.10 ms cpu, 215->215->108 MB, 215 MB goal, 0 MB stacks, 0 MB globals, 20 P
gc 7590 @239.094s 0%: 0.032+1.7+0.007 ms clock, 0.64+0/2.9/0.21+0.15 ms cpu, 213->213->112 MB, 217 MB goal, 0 MB stacks, 0 MB globals, 20 P
gc 7591 @239.128s 0%: 0.025+0.47+0.010 ms clock, 0.50+0/0.92/0.011+0.20 ms cpu, 234->234->131 MB, 234 MB goal, 0 MB stacks, 0 MB globals, 20 P
gc 7592 @239.163s 0%: 0.027+4.7+0.004 ms clock, 0.55+0/5.0/0.010+0.085 ms cpu, 263->263->112 MB, 264 MB goal, 0 MB stacks, 0 MB globals, 20 P
gc 7593 @239.191s 0%: 0.021+2.2+0.003 ms clock, 0.42+0/2.5/0+0.072 ms cpu, 227->227->120 MB, 227 MB goal, 0 MB stacks, 0 MB globals, 20 P
gc 7594 @239.221s 0%: 0.024+0.45+0.012 ms clock, 0.49+0/0.81/0+0.25 ms cpu, 242->242->139 MB, 242 MB goal, 0 MB stacks, 0 MB globals, 20 P
gc 7595 @239.242s 0%: 0.019+1.9+0.081 ms clock, 0.38+0/2.3/0+1.6 ms cpu, 276->287->135 MB, 279 MB goal, 0 MB stacks, 0 MB globals, 20 P
gc 7596 @239.279s 0%: 0.029+1.1+0.006 ms clock, 0.58+0/1.9/0+0.13 ms cpu, 266->266->115 MB, 270 MB goal, 0 MB stacks, 0 MB globals, 20 P
gc 7597 @239.302s 0%: 0.035+0.63+0.021 ms clock, 0.71+0/1.3/0+0.42 ms cpu, 222->222->127 MB, 230 MB goal, 0 MB stacks, 0 MB globals, 20 P
gc 7598 @239.333s 0%: 0.028+2.4+0.005 ms clock, 0.57+0/3.0/0+0.11 ms cpu, 253->253->109 MB, 255 MB goal, 0 MB stacks, 0 MB globals, 20 P
gc 7599 @239.353s 0%: 0.017+2.7+0.004 ms clock, 0.34+0/2.9/0+0.085 ms cpu, 211->211->112 MB, 219 MB goal, 0 MB stacks, 0 MB globals, 20 P
gc 7600 @239.378s 0%: 0.025+0.49+0.025 ms clock, 0.50+0/0.91/0+0.51 ms cpu, 218->218->126 MB, 225 MB goal, 0 MB stacks, 0 MB globals, 20 P
gc 7601 @239.418s 0%: 0.018+3.5+0.004 ms clock, 0.36+0/1.3/0+0.095 ms cpu, 243->250->112 MB, 252 MB goal, 0 MB stacks, 0 MB globals, 20 P
gc 7602 @239.442s 0%: 0.029+1.5+0.007 ms clock, 0.58+0/2.3/0+0.14 ms cpu, 221->221->111 MB, 225 MB goal, 0 MB stacks, 0 MB globals, 20 P
gc 7603 @239.461s 0%: 0.025+1.8+0.007 ms clock, 0.51+0/2.4/0+0.14 ms cpu, 213->213->116 MB, 222 MB goal, 0 MB stacks, 0 MB globals, 20 P
gc 7604 @239.484s 0%: 0.032+0.41+0.014 ms clock, 0.65+0.035/0.86/0.003+0.28 ms cpu, 222->223->106 MB, 233 MB goal, 0 MB stacks, 0 MB globals, 20 P
gc 7605 @239.497s 0%: 0.017+1.3+0.004 ms clock, 0.34+0.099/1.2/0.006+0.093 ms cpu, 204->207->109 MB, 214 MB goal, 0 MB stacks, 0 MB globals, 20 P
gc 7606 @239.513s 0%: 0.017+1.1+0.003 ms clock, 0.34+0/1.6/0+0.074 ms cpu, 210->210->109 MB, 219 MB goal, 0 MB stacks, 0 MB globals, 20 P
gc 7607 @239.526s 0%: 0.017+1.0+0.005 ms clock, 0.34+0/0.94/0.046+0.11 ms cpu, 211->218->118 MB, 219 MB goal, 0 MB stacks, 0 MB globals, 20 P
gc 7608 @239.542s 0%: 0.019+3.8+0.004 ms clock, 0.38+0/3.9/0.001+0.080 ms cpu, 229->229->118 MB, 236 MB goal, 0 MB stacks, 0 MB globals, 20 P
gc 7609 @239.563s 0%: 0.021+5.6+0.003 ms clock, 0.42+0/5.8/0+0.077 ms cpu, 239->239->125 MB, 239 MB goal, 0 MB stacks, 0 MB globals, 20 P
gc 7610 @239.591s 0%: 0.031+1.6+0.006 ms clock, 0.63+0/1.4/0.007+0.13 ms cpu, 240->246->123 MB, 250 MB goal, 0 MB stacks, 0 MB globals, 20 P
gc 7611 @239.620s 0%: 0.024+0.46+0.016 ms clock, 0.48+0/0.72/0+0.32 ms cpu, 241->241->135 MB, 247 MB goal, 0 MB stacks, 0 MB globals, 20 P
gc 7612 @239.648s 0%: 0.021+1.0+0.004 ms clock, 0.43+0/1.6/0+0.099 ms cpu, 266->266->115 MB, 270 MB goal, 0 MB stacks, 0 MB globals, 20 P
gc 7613 @239.677s 0%: 0.022+1.1+0.004 ms clock, 0.44+0/1.7/0.062+0.087 ms cpu, 229->229->118 MB, 230 MB goal, 0 MB stacks, 0 MB globals, 20 P
gc 7614 @239.698s 0%: 0.032+0.76+0.005 ms clock, 0.65+0/0.91/0+0.10 ms cpu, 232->234->107 MB, 236 MB goal, 0 MB stacks, 0 MB globals, 20 P
gc 7615 @239.712s 0%: 0.019+0.97+0.006 ms clock, 0.38+0/1.3/0+0.12 ms cpu, 218->218->109 MB, 218 MB goal, 0 MB stacks, 0 MB globals, 20 P
gc 7616 @239.729s 0%: 0.037+5.7+0.007 ms clock, 0.74+0/6.5/0+0.15 ms cpu, 213->213->113 MB, 219 MB goal, 0 MB stacks, 0 MB globals, 20 P
gc 7617 @239.749s 0%: 0.021+1.6+0.004 ms clock, 0.42+0/1.9/0+0.088 ms cpu, 220->220->116 MB, 226 MB goal, 0 MB stacks, 0 MB globals, 20 P
gc 7618 @239.780s 0%: 0.033+0.60+0.006 ms clock, 0.67+0.14/0.68/0+0.12 ms cpu, 227->228->106 MB, 234 MB goal, 0 MB stacks, 0 MB globals, 20 P
gc 7619 @239.797s 0%: 0.018+2.6+0.006 ms clock, 0.37+0/1.4/0+0.12 ms cpu, 206->209->111 MB, 212 MB goal, 0 MB stacks, 0 MB globals, 20 P
gc 7620 @239.816s 0%: 0.017+0.70+0.004 ms clock, 0.34+0/0.95/0.004+0.087 ms cpu, 219->219->115 MB, 223 MB goal, 0 MB stacks, 0 MB globals, 20 P
gc 7621 @239.830s 0%: 0.020+1.4+0.005 ms clock, 0.40+0/1.5/0+0.11 ms cpu, 226->226->118 MB, 230 MB goal, 0 MB stacks, 0 MB globals, 20 P
gc 7622 @239.848s 0%: 0.019+6.4+0.10 ms clock, 0.39+0/6.5/0+2.1 ms cpu, 239->253->141 MB, 240 MB goal, 0 MB stacks, 0 MB globals, 20 P
gc 7623 @239.890s 0%: 0.029+1.1+0.005 ms clock, 0.59+0/1.8/0.16+0.10 ms cpu, 274->274->121 MB, 283 MB goal, 0 MB stacks, 0 MB globals, 20 P
gc 7624 @239.910s 0%: 0.026+1.6+0.007 ms clock, 0.53+0/2.2/0.14+0.15 ms cpu, 236->236->126 MB, 243 MB goal, 0 MB stacks, 0 MB globals, 20 P
gc 7625 @239.937s 0%: 0.026+0.59+0.017 ms clock, 0.53+0/1.2/0.023+0.34 ms cpu, 248->248->143 MB, 252 MB goal, 0 MB stacks, 0 MB globals, 20 P
gc 7626 @239.974s 0%: 0.032+11+0.006 ms clock, 0.65+0/12/0.15+0.12 ms cpu, 281->281->124 MB, 286 MB goal, 0 MB stacks, 0 MB globals, 20 P
gc 7627 @240.009s 0%: 0.026+0.79+0.004 ms clock, 0.52+0/1.7/0.067+0.097 ms cpu, 237->237->113 MB, 249 MB goal, 0 MB stacks, 0 MB globals, 20 P
gc 7628 @240.033s 0%: 0.029+4.2+0.004 ms clock, 0.58+0/4.6/0+0.090 ms cpu, 219->219->115 MB, 227 MB goal, 0 MB stacks, 0 MB globals, 20 P
gc 7629 @240.055s 0%: 0.020+5.6+0.092 ms clock, 0.41+0/5.9/0+1.8 ms cpu, 228->241->133 MB, 230 MB goal, 0 MB stacks, 0 MB globals, 20 P
gc 7630 @240.085s 0%: 0.021+1.4+0.004 ms clock, 0.43+0/2.0/0+0.086 ms cpu, 257->257->111 MB, 267 MB goal, 0 MB stacks, 0 MB globals, 20 P
gc 7631 @240.108s 0%: 0.034+2.9+0.007 ms clock, 0.69+0/3.5/0+0.15 ms cpu, 213->213->113 MB, 222 MB goal, 0 MB stacks, 0 MB globals, 20 P
gc 7632 @240.136s 0%: 0.021+0.50+0.017 ms clock, 0.42+0/0.74/0.004+0.34 ms cpu, 219->219->129 MB, 227 MB goal, 0 MB stacks, 0 MB globals, 20 P
gc 7633 @240.163s 0%: 0.026+0.88+0.007 ms clock, 0.52+0/1.4/0+0.14 ms cpu, 247->247->107 MB, 258 MB goal, 0 MB stacks, 0 MB globals, 20 P
gc 7634 @240.176s 0%: 0.040+0.65+0.004 ms clock, 0.81+0/1.2/0+0.097 ms cpu, 206->206->110 MB, 215 MB goal, 0 MB stacks, 0 MB globals, 20 P
gc 7635 @240.196s 0%: 0.022+1.0+0.004 ms clock, 0.45+0/1.2/0+0.085 ms cpu, 211->211->113 MB, 221 MB goal, 0 MB stacks, 0 MB globals, 20 P
gc 7636 @240.215s 0%: 0.029+1.2+0.006 ms clock, 0.58+0/2.0/0.026+0.12 ms cpu, 216->216->117 MB, 228 MB goal, 0 MB stacks, 0 MB globals, 20 P
gc 7637 @240.235s 0%: 0.017+4.5+0.002 ms clock, 0.35+0/4.7/0+0.059 ms cpu, 222->222->123 MB, 234 MB goal, 0 MB stacks, 0 MB globals, 20 P
gc 7638 @240.255s 0%: 0.016+0.62+0.003 ms clock, 0.33+0/0.85/0.016+0.067 ms cpu, 234->234->113 MB, 246 MB goal, 0 MB stacks, 0 MB globals, 20 P
gc 7639 @240.268s 0%: 0.018+2.2+0.003 ms clock, 0.36+0/2.7/0+0.064 ms cpu, 220->220->116 MB, 227 MB goal, 0 MB stacks, 0 MB globals, 20 P
gc 7640 @240.285s 0%: 0.018+4.6+0.003 ms clock, 0.36+0/4.9/0.060+0.077 ms cpu, 231->231->121 MB, 233 MB goal, 0 MB stacks, 0 MB globals, 20 P
gc 7641 @240.303s 0%: 0.019+1.3+0.004 ms clock, 0.38+0/1.6/0+0.081 ms cpu, 229->229->124 MB, 242 MB goal, 0 MB stacks, 0 MB globals, 20 P
gc 7642 @240.321s 0%: 0.019+1.2+0.006 ms clock, 0.38+0.073/0.75/0.005+0.13 ms cpu, 235->240->114 MB, 249 MB goal, 0 MB stacks, 0 MB globals, 20 P
gc 7643 @240.338s 0%: 0.018+0.47+0.003 ms clock, 0.37+0/1.0/0+0.064 ms cpu, 217->217->112 MB, 229 MB goal, 0 MB stacks, 0 MB globals, 20 P
gc 7644 @240.351s 0%: 0.017+0.91+0.003 ms clock, 0.34+0/1.1/0+0.076 ms cpu, 217->217->118 MB, 225 MB goal, 0 MB stacks, 0 MB globals, 20 P
gc 7645 @240.372s 0%: 0.020+0.33+0.009 ms clock, 0.40+0/0.77/0.002+0.19 ms cpu, 235->235->138 MB, 237 MB goal, 0 MB stacks, 0 MB globals, 20 P
gc 7646 @240.394s 0%: 0.023+4.1+0.003 ms clock, 0.46+0/4.5/0.001+0.071 ms cpu, 263->263->117 MB, 277 MB goal, 0 MB stacks, 0 MB globals, 20 P
gc 7647 @240.411s 0%: 0.018+1.1+0.024 ms clock, 0.36+0/1.3/0+0.48 ms cpu, 221->221->118 MB, 234 MB goal, 0 MB stacks, 0 MB globals, 20 P
gc 7648 @240.428s 0%: 0.015+0.50+0.36 ms clock, 0.31+0/0.96/0+7.2 ms cpu, 223->228->109 MB, 237 MB goal, 0 MB stacks, 0 MB globals, 20 P
gc 7649 @240.441s 0%: 0.017+0.70+0.047 ms clock, 0.35+0/1.1/0.10+0.95 ms cpu, 207->207->105 MB, 218 MB goal, 0 MB stacks, 0 MB globals, 20 P
gc 7650 @240.452s 0%: 0.017+3.7+0.005 ms clock, 0.34+0/3.8/0+0.10 ms cpu, 198->198->109 MB, 211 MB goal, 0 MB stacks, 0 MB globals, 20 P
gc 7651 @240.470s 0%: 0.020+0.42+0.012 ms clock, 0.41+0/0.70/0+0.24 ms cpu, 207->207->122 MB, 218 MB goal, 0 MB stacks, 0 MB globals, 20 P
gc 7652 @240.511s 0%: 0.018+0.54+0.004 ms clock, 0.36+0/0.97/0+0.083 ms cpu, 234->234->102 MB, 244 MB goal, 0 MB stacks, 0 MB globals, 20 P
gc 7653 @240.530s 0%: 0.018+1.8+0.006 ms clock, 0.37+0.024/0.93/0.010+0.12 ms cpu, 190->194->108 MB, 204 MB goal, 0 MB stacks, 0 MB globals, 20 P
gc 7654 @240.553s 0%: 0.032+4.5+0.006 ms clock, 0.65+0/5.6/0+0.13 ms cpu, 213->213->111 MB, 217 MB goal, 0 MB stacks, 0 MB globals, 20 P
gc 7655 @240.570s 0%: 0.023+3.8+0.008 ms clock, 0.47+0/4.2/0+0.17 ms cpu, 215->215->116 MB, 222 MB goal, 0 MB stacks, 0 MB globals, 20 P
gc 7656 @240.588s 0%: 0.027+6.6+0.006 ms clock, 0.54+0/7.3/0.11+0.13 ms cpu, 224->224->119 MB, 232 MB goal, 0 MB stacks, 0 MB globals, 20 P
gc 7657 @240.614s 0%: 0.039+0.34+0.016 ms clock, 0.79+0.060/0.71/0+0.32 ms cpu, 226->228->108 MB, 239 MB goal, 0 MB stacks, 0 MB globals, 20 P
gc 7658 @240.631s 0%: 0.017+0.51+0.003 ms clock, 0.34+0/0.67/0+0.063 ms cpu, 214->214->110 MB, 218 MB goal, 0 MB stacks, 0 MB globals, 20 P
gc 7659 @240.661s 0%: 0.029+3.2+0.003 ms clock, 0.59+0/3.7/0+0.074 ms cpu, 219->219->114 MB, 222 MB goal, 0 MB stacks, 0 MB globals, 20 P
gc 7660 @240.681s 0%: 0.018+0.36+0.012 ms clock, 0.37+0/0.68/0+0.24 ms cpu, 232->232->132 MB, 232 MB goal, 0 MB stacks, 0 MB globals, 20 P
gc 7661 @240.703s 0%: 0.020+4.4+0.002 ms clock, 0.40+0/4.8/0.001+0.059 ms cpu, 270->270->120 MB, 270 MB goal, 0 MB stacks, 0 MB globals, 20 P
gc 7662 @240.730s 0%: 0.027+0.94+0.007 ms clock, 0.54+0/1.2/0.023+0.14 ms cpu, 237->240->111 MB, 242 MB goal, 0 MB stacks, 0 MB globals, 20 P
gc 7663 @240.749s 0%: 0.024+1.4+0.005 ms clock, 0.48+0/2.0/0.004+0.11 ms cpu, 218->218->112 MB, 222 MB goal, 0 MB stacks, 0 MB globals, 20 P
gc 7664 @240.775s 0%: 0.032+0.76+0.12 ms clock, 0.64+0/1.4/0.023+2.4 ms cpu, 228->228->125 MB, 228 MB goal, 0 MB stacks, 0 MB globals, 20 P
gc 7665 @240.803s 0%: 0.019+1.5+0.003 ms clock, 0.38+0/1.8/0+0.064 ms cpu, 249->249->106 MB, 252 MB goal, 0 MB stacks, 0 MB globals, 20 P
gc 7666 @240.818s 0%: 0.017+1.0+0.041 ms clock, 0.35+0/1.4/0.067+0.82 ms cpu, 212->223->123 MB, 214 MB goal, 0 MB stacks, 0 MB globals, 20 P
gc 7667 @240.842s 0%: 0.018+0.57+0.47 ms clock, 0.36+0/0.92/0+9.4 ms cpu, 240->247->111 MB, 247 MB goal, 0 MB stacks, 0 MB globals, 20 P
gc 7668 @240.857s 0%: 0.017+1.1+0.004 ms clock, 0.35+0/1.1/0+0.088 ms cpu, 221->221->112 MB, 223 MB goal, 0 MB stacks, 0 MB globals, 20 P
gc 7669 @240.874s 0%: 0.022+1.3+0.004 ms clock, 0.44+0/1.5/0+0.087 ms cpu, 217->217->116 MB, 225 MB goal, 0 MB stacks, 0 MB globals, 20 P
gc 7670 @240.889s 0%: 0.020+3.0+0.005 ms clock, 0.41+0/3.2/0+0.10 ms cpu, 224->224->122 MB, 233 MB goal, 0 MB stacks, 0 MB globals, 20 P
gc 7671 @240.911s 0%: 0.019+0.55+0.003 ms clock, 0.39+0.072/0.69/0.012+0.079 ms cpu, 234->237->110 MB, 245 MB goal, 0 MB stacks, 0 MB globals, 20 P
gc 7672 @240.925s 0%: 0.018+1.4+0.003 ms clock, 0.37+0/1.7/0+0.070 ms cpu, 210->210->112 MB, 220 MB goal, 0 MB stacks, 0 MB globals, 20 P
gc 7673 @240.943s 0%: 0.022+3.4+0.007 ms clock, 0.44+0/4.0/0+0.15 ms cpu, 214->214->117 MB, 224 MB goal, 0 MB stacks, 0 MB globals, 20 P
gc 7674 @240.970s 0%: 0.028+1.0+0.010 ms clock, 0.57+0/1.9/0.14+0.20 ms cpu, 224->224->120 MB, 234 MB goal, 0 MB stacks, 0 MB globals, 20 P
gc 7675 @240.996s 0%: 0.027+1.5+0.005 ms clock, 0.55+0/2.3/0.009+0.11 ms cpu, 236->236->126 MB, 241 MB goal, 0 MB stacks, 0 MB globals, 20 P
GC forced
gc 24 @241.385s 0%: 0.035+1.8+0.007 ms clock, 0.71+0/8.1/0+0.15 ms cpu, 5->5->5 MB, 10 MB goal, 0 MB stacks, 0 MB globals, 20 P
gc 7676 @241.037s 0%: 0.031+0.69+0.018 ms clock, 0.63+0/1.5/0.034+0.37 ms cpu, 248->248->143 MB, 252 MB goal, 0 MB stacks, 0 MB globals, 20 P
gc 7677 @241.069s 0%: 0.020+4.4+0.005 ms clock, 0.40+0/4.7/0+0.10 ms cpu, 280->280->124 MB, 286 MB goal, 0 MB stacks, 0 MB globals, 20 P
gc 7678 @241.096s 0%: 0.027+0.86+0.007 ms clock, 0.55+0/1.9/0.013+0.14 ms cpu, 243->243->114 MB, 249 MB goal, 0 MB stacks, 0 MB globals, 20 P
gc 7679 @241.117s 0%: 0.017+2.4+0.005 ms clock, 0.34+0/2.6/0+0.11 ms cpu, 224->224->117 MB, 230 MB goal, 0 MB stacks, 0 MB globals, 20 P
gc 7680 @241.136s 0%: 0.020+0.44+0.009 ms clock, 0.40+0/0.72/0+0.18 ms cpu, 233->233->133 MB, 234 MB goal, 0 MB stacks, 0 MB globals, 20 P
gc 7681 @241.162s 0%: 0.019+0.47+0.014 ms clock, 0.38+0/0.86/0.092+0.28 ms cpu, 278->278->150 MB, 278 MB goal, 0 MB stacks, 0 MB globals, 20 P
gc 7682 @241.190s 0%: 0.032+1.5+0.008 ms clock, 0.65+0/2.3/0.17+0.16 ms cpu, 292->292->121 MB, 300 MB goal, 0 MB stacks, 0 MB globals, 20 P
gc 7683 @241.214s 0%: 0.031+4.1+0.004 ms clock, 0.62+0/4.6/0+0.099 ms cpu, 241->241->127 MB, 242 MB goal, 0 MB stacks, 0 MB globals, 20 P
gc 7684 @241.245s 0%: 0.017+2.6+0.006 ms clock, 0.34+0/1.9/0+0.12 ms cpu, 246->250->121 MB, 255 MB goal, 0 MB stacks, 0 MB globals, 20 P
gc 7685 @241.265s 0%: 0.022+0.95+0.007 ms clock, 0.45+0/1.8/0+0.14 ms cpu, 237->237->124 MB, 242 MB goal, 0 MB stacks, 0 MB globals, 20 P
gc 7686 @241.280s 0%: 0.029+4.7+0.003 ms clock, 0.58+0/5.1/0+0.079 ms cpu, 239->239->130 MB, 249 MB goal, 0 MB stacks, 0 MB globals, 20 P
gc 7687 @241.303s 0%: 0.021+0.56+0.008 ms clock, 0.42+0/0.79/0+0.16 ms cpu, 253->253->149 MB, 262 MB goal, 0 MB stacks, 0 MB globals, 20 P
gc 7688 @241.340s 0%: 0.030+5.8+0.008 ms clock, 0.60+0/6.3/0+0.16 ms cpu, 292->292->122 MB, 299 MB goal, 0 MB stacks, 0 MB globals, 20 P
gc 7689 @241.363s 0%: 0.020+1.3+0.004 ms clock, 0.41+0/1.5/0+0.087 ms cpu, 243->243->129 MB, 245 MB goal, 0 MB stacks, 0 MB globals, 20 P
gc 7690 @241.388s 0%: 0.019+0.69+0.031 ms clock, 0.38+0.048/0.85/0+0.63 ms cpu, 248->251->119 MB, 258 MB goal, 0 MB stacks, 0 MB globals, 20 P
gc 7691 @241.406s 0%: 0.028+1.0+0.021 ms clock, 0.56+0/1.9/0+0.43 ms cpu, 227->227->119 MB, 238 MB goal, 0 MB stacks, 0 MB globals, 20 P
gc 7692 @241.435s 0%: 0.034+0.84+0.015 ms clock, 0.68+0/1.4/0+0.30 ms cpu, 238->238->136 MB, 240 MB goal, 0 MB stacks, 0 MB globals, 20 P
gc 7693 @241.478s 0%: 0.025+5.0+0.003 ms clock, 0.50+0/5.8/0.018+0.072 ms cpu, 274->274->121 MB, 274 MB goal, 0 MB stacks, 0 MB globals, 20 P
gc 7694 @241.503s 0%: 0.030+0.81+0.005 ms clock, 0.61+0/1.0/0+0.10 ms cpu, 231->235->109 MB, 242 MB goal, 0 MB stacks, 0 MB globals, 20 P
gc 7695 @241.524s 0%: 0.033+1.2+0.023 ms clock, 0.67+0/2.2/0.045+0.47 ms cpu, 215->215->109 MB, 218 MB goal, 0 MB stacks, 0 MB globals, 20 P
gc 7696 @241.554s 0%: 0.021+0.47+0.011 ms clock, 0.42+0/0.69/0+0.22 ms cpu, 228->228->150 MB, 228 MB goal, 0 MB stacks, 0 MB globals, 20 P
gc 7697 @241.594s 0%: 0.019+4.4+0.003 ms clock, 0.39+0/4.6/0+0.071 ms cpu, 305->305->123 MB, 305 MB goal, 0 MB stacks, 0 MB globals, 20 P
gc 7698 @241.625s 0%: 0.023+0.51+0.006 ms clock, 0.47+0/0.86/0+0.12 ms cpu, 245->245->142 MB, 247 MB goal, 0 MB stacks, 0 MB globals, 20 P
gc 7699 @241.650s 0%: 0.021+1.2+0.019 ms clock, 0.42+0/1.4/0.053+0.38 ms cpu, 284->284->125 MB, 285 MB goal, 0 MB stacks, 0 MB globals, 20 P
gc 7700 @241.671s 0%: 0.018+1.1+0.003 ms clock, 0.36+0/1.6/0+0.078 ms cpu, 251->251->120 MB, 252 MB goal, 0 MB stacks, 0 MB globals, 20 P
gc 7701 @241.688s 0%: 0.018+0.38+0.005 ms clock, 0.37+0/0.75/0+0.10 ms cpu, 243->243->138 MB, 243 MB goal, 0 MB stacks, 0 MB globals, 20 P
gc 7702 @241.718s 0%: 0.022+1.3+0.005 ms clock, 0.44+0/1.7/0.006+0.10 ms cpu, 280->280->114 MB, 280 MB goal, 0 MB stacks, 0 MB globals, 20 P
gc 7703 @241.734s 0%: 0.019+2.5+0.005 ms clock, 0.39+0/2.9/0.015+0.11 ms cpu, 235->235->119 MB, 235 MB goal, 0 MB stacks, 0 MB globals, 20 P
gc 7704 @241.758s 0%: 0.018+0.62+0.005 ms clock, 0.36+0.13/0.64/0+0.11 ms cpu, 237->239->109 MB, 240 MB goal, 0 MB stacks, 0 MB globals, 20 P
gc 7705 @241.774s 0%: 0.018+0.69+0.008 ms clock, 0.37+0/0.97/0+0.16 ms cpu, 220->220->112 MB, 220 MB goal, 0 MB stacks, 0 MB globals, 20 P
gc 7706 @241.793s 0%: 0.033+6.8+0.005 ms clock, 0.67+0/7.5/0+0.10 ms cpu, 223->223->117 MB, 225 MB goal, 0 MB stacks, 0 MB globals, 20 P
gc 7707 @241.820s 0%: 0.026+6.1+0.004 ms clock, 0.53+0/6.5/0+0.082 ms cpu, 238->238->125 MB, 238 MB goal, 0 MB stacks, 0 MB globals, 20 P
gc 7708 @241.866s 0%: 0.021+0.48+0.004 ms clock, 0.43+0/0.90/0+0.098 ms cpu, 248->248->116 MB, 251 MB goal, 0 MB stacks, 0 MB globals, 20 P
gc 7709 @241.899s 0%: 0.030+3.0+0.009 ms clock, 0.61+0/3.5/0+0.19 ms cpu, 233->233->121 MB, 233 MB goal, 0 MB stacks, 0 MB globals, 20 P
gc 7710 @241.933s 0%: 0.017+0.75+0.006 ms clock, 0.35+0.24/0.60/0.002+0.12 ms cpu, 240->242->114 MB, 244 MB goal, 0 MB stacks, 0 MB globals, 20 P
gc 7711 @241.957s 0%: 0.031+1.4+0.006 ms clock, 0.63+0/2.1/0.077+0.12 ms cpu, 229->229->118 MB, 229 MB goal, 0 MB stacks, 0 MB globals, 20 P
gc 7712 @241.984s 0%: 0.025+0.49+0.010 ms clock, 0.50+0/1.1/0.015+0.21 ms cpu, 235->235->132 MB, 237 MB goal, 0 MB stacks, 0 MB globals, 20 P
gc 7713 @242.008s 0%: 0.019+4.4+0.004 ms clock, 0.39+0/4.7/0.011+0.097 ms cpu, 268->268->115 MB, 268 MB goal, 0 MB stacks, 0 MB globals, 20 P
gc 7714 @242.034s 0%: 0.021+0.89+0.85 ms clock, 0.43+0/1.2/0+17 ms cpu, 226->229->102 MB, 230 MB goal, 0 MB stacks, 0 MB globals, 20 P
gc 7715 @242.051s 0%: 0.016+0.45+0.012 ms clock, 0.32+0/0.75/0+0.25 ms cpu, 205->205->105 MB, 205 MB goal, 0 MB stacks, 0 MB globals, 20 P
gc 7716 @242.074s 0%: 0.028+5.4+0.003 ms clock, 0.56+0/6.3/0.057+0.070 ms cpu, 210->210->111 MB, 210 MB goal, 0 MB stacks, 0 MB globals, 20 P
gc 7717 @242.097s 0%: 0.032+8.8+0.004 ms clock, 0.65+0/9.4/0.037+0.090 ms cpu, 230->230->116 MB, 230 MB goal, 0 MB stacks, 0 MB globals, 20 P
gc 7718 @242.131s 0%: 0.018+1.0+0.003 ms clock, 0.37+0.078/0.68/0+0.077 ms cpu, 229->232->108 MB, 233 MB goal, 0 MB stacks, 0 MB globals, 20 P
gc 7719 @242.148s 0%: 0.017+2.3+0.004 ms clock, 0.35+0/2.6/0.004+0.081 ms cpu, 215->215->111 MB, 216 MB goal, 0 MB stacks, 0 MB globals, 20 P
gc 7720 @242.168s 0%: 0.019+3.6+0.003 ms clock, 0.38+0/4.1/0.041+0.079 ms cpu, 228->228->115 MB, 228 MB goal, 0 MB stacks, 0 MB globals, 20 P
gc 7721 @242.186s 0%: 0.017+6.6+0.020 ms clock, 0.34+0/6.9/0+0.40 ms cpu, 236->236->123 MB, 236 MB goal, 0 MB stacks, 0 MB globals, 20 P
gc 7722 @242.212s 0%: 0.017+0.53+0.004 ms clock, 0.34+0/1.0/0+0.094 ms cpu, 242->242->114 MB, 246 MB goal, 0 MB stacks, 0 MB globals, 20 P
gc 7723 @242.227s 0%: 0.021+2.6+0.004 ms clock, 0.43+0/3.0/0+0.099 ms cpu, 226->226->119 MB, 229 MB goal, 0 MB stacks, 0 MB globals, 20 P
gc 7724 @242.264s 0%: 0.019+2.3+0.005 ms clock, 0.38+0/2.7/0+0.11 ms cpu, 242->242->125 MB, 242 MB goal, 0 MB stacks, 0 MB globals, 20 P
gc 7725 @242.294s 0%: 0.060+0.35+0.003 ms clock, 1.2+0.10/0.68/0+0.074 ms cpu, 248->249->113 MB, 252 MB goal, 0 MB stacks, 0 MB globals, 20 P
gc 7726 @242.331s 0%: 0.023+0.60+0.004 ms clock, 0.47+0/1.2/0.024+0.097 ms cpu, 226->226->117 MB, 228 MB goal, 0 MB stacks, 0 MB globals, 20 P
gc 7727 @242.356s 0%: 0.030+1.5+0.005 ms clock, 0.60+0/2.3/0+0.11 ms cpu, 235->235->124 MB, 235 MB goal, 0 MB stacks, 0 MB globals, 20 P
gc 7728 @242.394s 0%: 0.030+6.1+0.008 ms clock, 0.60+0/6.8/0+0.16 ms cpu, 251->251->116 MB, 251 MB goal, 0 MB stacks, 0 MB globals, 20 P
gc 7729 @242.420s 0%: 0.033+1.9+0.008 ms clock, 0.67+0/2.7/0.001+0.17 ms cpu, 230->230->119 MB, 233 MB goal, 0 MB stacks, 0 MB globals, 20 P
gc 7730 @242.454s 0%: 0.019+0.61+0.003 ms clock, 0.38+0/0.66/0+0.075 ms cpu, 235->239->109 MB, 239 MB goal, 0 MB stacks, 0 MB globals, 20 P
gc 7731 @242.467s 0%: 0.018+0.77+0.003 ms clock, 0.37+0/1.1/0+0.072 ms cpu, 217->217->111 MB, 219 MB goal, 0 MB stacks, 0 MB globals, 20 P
gc 7732 @242.484s 0%: 0.025+5.7+0.004 ms clock, 0.50+0/5.9/0+0.081 ms cpu, 232->232->116 MB, 232 MB goal, 0 MB stacks, 0 MB globals, 20 P
gc 7733 @242.507s 0%: 0.019+0.50+0.004 ms clock, 0.38+0.16/0.45/0.10+0.085 ms cpu, 229->231->107 MB, 233 MB goal, 0 MB stacks, 0 MB globals, 20 P
gc 7734 @242.522s 0%: 0.016+0.42+0.003 ms clock, 0.33+0/0.72/0+0.073 ms cpu, 211->211->109 MB, 214 MB goal, 0 MB stacks, 0 MB globals, 20 P
gc 7735 @242.536s 0%: 0.018+5.0+0.003 ms clock, 0.37+0/5.2/0+0.071 ms cpu, 225->225->116 MB, 225 MB goal, 0 MB stacks, 0 MB globals, 20 P
gc 7736 @242.564s 0%: 0.024+0.54+0.010 ms clock, 0.49+0/0.84/0+0.20 ms cpu, 238->238->134 MB, 238 MB goal, 0 MB stacks, 0 MB globals, 20 P
gc 7737 @242.589s 0%: 0.021+0.82+0.004 ms clock, 0.42+0/1.1/0+0.090 ms cpu, 267->267->116 MB, 270 MB goal, 0 MB stacks, 0 MB globals, 20 P
gc 7738 @242.605s 0%: 0.020+1.3+0.005 ms clock, 0.40+0/1.4/0.041+0.10 ms cpu, 231->231->120 MB, 233 MB goal, 0 MB stacks, 0 MB globals, 20 P
gc 7739 @242.622s 0%: 0.021+0.51+0.013 ms clock, 0.42+0/0.82/0+0.26 ms cpu, 243->243->138 MB, 243 MB goal, 0 MB stacks, 0 MB globals, 20 P
gc 7740 @242.648s 0%: 0.019+3.7+0.005 ms clock, 0.39+0/3.9/0.004+0.10 ms cpu, 280->280->120 MB, 280 MB goal, 0 MB stacks, 0 MB globals, 20 P
gc 7741 @242.672s 0%: 0.017+1.3+0.005 ms clock, 0.35+0/1.6/0+0.10 ms cpu, 241->241->129 MB, 241 MB goal, 0 MB stacks, 0 MB globals, 20 P
gc 7742 @242.697s 0%: 0.019+0.68+0.004 ms clock, 0.39+0/1.0/0+0.080 ms cpu, 256->256->117 MB, 258 MB goal, 0 MB stacks, 0 MB globals, 20 P
gc 7743 @242.710s 0%: 0.017+1.2+0.003 ms clock, 0.35+0/1.7/0+0.064 ms cpu, 235->235->124 MB, 235 MB goal, 0 MB stacks, 0 MB globals, 20 P
gc 7744 @242.737s 0%: 0.017+0.86+0.004 ms clock, 0.34+0/1.2/0+0.098 ms cpu, 252->252->116 MB, 252 MB goal, 0 MB stacks, 0 MB globals, 20 P
gc 7745 @242.754s 0%: 0.018+1.0+0.019 ms clock, 0.37+0/1.4/0+0.39 ms cpu, 230->241->130 MB, 233 MB goal, 0 MB stacks, 0 MB globals, 20 P
gc 7746 @242.775s 0%: 0.020+0.65+0.005 ms clock, 0.41+0/1.1/0.001+0.11 ms cpu, 254->254->109 MB, 261 MB goal, 0 MB stacks, 0 MB globals, 20 P
gc 7747 @242.794s 0%: 0.032+3.6+0.006 ms clock, 0.65+0/4.5/0.011+0.13 ms cpu, 210->210->111 MB, 219 MB goal, 0 MB stacks, 0 MB globals, 20 P
gc 7748 @242.815s 0%: 0.022+1.2+0.006 ms clock, 0.44+0/1.9/0.034+0.12 ms cpu, 214->214->113 MB, 223 MB goal, 0 MB stacks, 0 MB globals, 20 P
gc 7749 @242.841s 0%: 0.022+4.8+0.004 ms clock, 0.45+0/5.3/0+0.083 ms cpu, 218->218->117 MB, 226 MB goal, 0 MB stacks, 0 MB globals, 20 P
gc 7750 @242.858s 0%: 0.019+6.0+0.003 ms clock, 0.38+0/6.4/0+0.078 ms cpu, 225->225->122 MB, 235 MB goal, 0 MB stacks, 0 MB globals, 20 P
gc 7751 @242.884s 0%: 0.034+0.74+0.75 ms clock, 0.69+0/1.2/0.015+15 ms cpu, 233->235->111 MB, 244 MB goal, 0 MB stacks, 0 MB globals, 20 P
gc 7752 @242.901s 0%: 0.018+2.8+0.004 ms clock, 0.36+0/3.0/0+0.087 ms cpu, 220->220->118 MB, 224 MB goal, 0 MB stacks, 0 MB globals, 20 P
gc 7753 @242.923s 0%: 0.026+0.55+0.017 ms clock, 0.52+0/0.75/0+0.34 ms cpu, 229->229->134 MB, 238 MB goal, 0 MB stacks, 0 MB globals, 20 P
gc 7754 @242.952s 0%: 0.018+2.8+0.003 ms clock, 0.37+0/3.3/0.027+0.062 ms cpu, 266->266->115 MB, 270 MB goal, 0 MB stacks, 0 MB globals, 20 P
gc 7755 @242.970s 0%: 0.019+1.4+0.005 ms clock, 0.38+0/1.7/0+0.11 ms cpu, 227->227->119 MB, 230 MB goal, 0 MB stacks, 0 MB globals, 20 P
gc 7756 @242.996s 0%: 0.031+0.43+0.004 ms clock, 0.62+0/0.76/0+0.089 ms cpu, 228->229->104 MB, 239 MB goal, 0 MB stacks, 0 MB globals, 20 P
gc 7757 @243.010s 0%: 0.018+0.45+0.004 ms clock, 0.36+0.056/0.71/0+0.095 ms cpu, 199->201->104 MB, 210 MB goal, 0 MB stacks, 0 MB globals, 20 P
gc 7758 @243.024s 0%: 0.034+0.53+0.005 ms clock, 0.69+0/1.1/0.069+0.11 ms cpu, 199->199->106 MB, 209 MB goal, 0 MB stacks, 0 MB globals, 20 P
gc 7759 @243.050s 0%: 0.021+1.9+0.005 ms clock, 0.42+0/2.2/0+0.11 ms cpu, 205->205->109 MB, 214 MB goal, 0 MB stacks, 0 MB globals, 20 P
gc 7760 @243.070s 0%: 0.022+3.2+0.005 ms clock, 0.45+0/3.7/0+0.10 ms cpu, 211->211->113 MB, 219 MB goal, 0 MB stacks, 0 MB globals, 20 P
gc 7761 @243.097s 0%: 0.027+2.5+0.10 ms clock, 0.54+0/3.4/0.044+2.1 ms cpu, 220->220->117 MB, 227 MB goal, 0 MB stacks, 0 MB globals, 20 P
gc 7762 @243.117s 0%: 0.022+2.5+0.005 ms clock, 0.45+0/3.0/0+0.11 ms cpu, 232->232->125 MB, 235 MB goal, 0 MB stacks, 0 MB globals, 20 P
gc 7763 @243.148s 0%: 0.028+0.45+0.004 ms clock, 0.57+0/0.93/0+0.082 ms cpu, 240->240->114 MB, 251 MB goal, 0 MB stacks, 0 MB globals, 20 P
gc 7764 @243.172s 0%: 0.022+1.5+0.010 ms clock, 0.45+0/2.1/0.001+0.21 ms cpu, 219->219->118 MB, 228 MB goal, 0 MB stacks, 0 MB globals, 20 P
gc 7765 @243.200s 0%: 0.021+5.4+0.018 ms clock, 0.43+0/5.5/0.005+0.37 ms cpu, 232->244->137 MB, 237 MB goal, 0 MB stacks, 0 MB globals, 20 P
gc 7766 @243.226s 0%: 0.026+0.92+0.004 ms clock, 0.53+0/1.4/0+0.086 ms cpu, 262->262->115 MB, 274 MB goal, 0 MB stacks, 0 MB globals, 20 P
gc 7767 @243.240s 0%: 0.019+1.0+0.019 ms clock, 0.38+0/1.6/0+0.39 ms cpu, 219->230->127 MB, 231 MB goal, 0 MB stacks, 0 MB globals, 20 P
gc 7768 @243.262s 0%: 0.018+0.64+0.003 ms clock, 0.36+0/1.1/0.001+0.069 ms cpu, 245->245->105 MB, 255 MB goal, 0 MB stacks, 0 MB globals, 20 P
gc 7769 @243.275s 0%: 0.017+0.72+0.005 ms clock, 0.34+0/1.0/0+0.10 ms cpu, 204->204->108 MB, 210 MB goal, 0 MB stacks, 0 MB globals, 20 P
gc 7770 @243.290s 0%: 0.018+2.9+0.003 ms clock, 0.37+0/3.4/0.007+0.069 ms cpu, 208->208->111 MB, 216 MB goal, 0 MB stacks, 0 MB globals, 20 P
gc 7771 @243.310s 0%: 0.021+2.2+0.006 ms clock, 0.43+0/2.6/0+0.13 ms cpu, 213->213->115 MB, 222 MB goal, 0 MB stacks, 0 MB globals, 20 P
gc 7772 @243.328s 0%: 0.020+1.2+0.006 ms clock, 0.40+0/1.4/0.002+0.13 ms cpu, 220->220->118 MB, 230 MB goal, 0 MB stacks, 0 MB globals, 20 P
gc 7773 @243.342s 0%: 0.018+5.0+0.003 ms clock, 0.37+0/5.6/0+0.068 ms cpu, 227->227->123 MB, 238 MB goal, 0 MB stacks, 0 MB globals, 20 P
gc 7774 @243.368s 0%: 0.017+0.75+0.006 ms clock, 0.35+0.051/0.99/0.003+0.13 ms cpu, 235->238->115 MB, 248 MB goal, 0 MB stacks, 0 MB globals, 20 P
gc 7775 @243.383s 0%: 0.019+0.52+0.005 ms clock, 0.39+0/1.0/0+0.10 ms cpu, 220->220->117 MB, 231 MB goal, 0 MB stacks, 0 MB globals, 20 P
gc 7776 @243.400s 0%: 0.019+0.69+0.004 ms clock, 0.38+0/1.1/0.023+0.080 ms cpu, 229->229->121 MB, 235 MB goal, 0 MB stacks, 0 MB globals, 20 P
gc 7777 @243.415s 0%: 0.018+3.3+0.005 ms clock, 0.37+0/3.7/0+0.11 ms cpu, 236->236->126 MB, 242 MB goal, 0 MB stacks, 0 MB globals, 20 P
gc 7778 @243.443s 0%: 0.033+0.98+0.007 ms clock, 0.67+0/1.9/0.016+0.15 ms cpu, 245->245->116 MB, 252 MB goal, 0 MB stacks, 0 MB globals, 20 P
gc 7779 @243.466s 0%: 0.035+7.6+0.009 ms clock, 0.70+0/8.7/0.046+0.18 ms cpu, 222->222->121 MB, 233 MB goal, 0 MB stacks, 0 MB globals, 20 P
gc 7780 @243.502s 0%: 0.022+0.64+0.007 ms clock, 0.45+0.097/0.95/0.022+0.14 ms cpu, 230->234->110 MB, 242 MB goal, 0 MB stacks, 0 MB globals, 20 P
gc 7781 @243.519s 0%: 0.034+0.85+0.003 ms clock, 0.68+0/1.4/0.004+0.067 ms cpu, 211->211->108 MB, 221 MB goal, 0 MB stacks, 0 MB globals, 20 P
gc 7782 @243.539s 0%: 0.033+1.7+0.005 ms clock, 0.66+0/2.1/0+0.11 ms cpu, 211->211->111 MB, 216 MB goal, 0 MB stacks, 0 MB globals, 20 P
gc 7783 @243.562s 0%: 0.028+4.8+0.006 ms clock, 0.56+0/5.3/0+0.12 ms cpu, 216->216->113 MB, 222 MB goal, 0 MB stacks, 0 MB globals, 20 P
gc 7784 @243.578s 0%: 0.018+5.6+0.005 ms clock, 0.36+0/6.0/0+0.11 ms cpu, 221->221->118 MB, 226 MB goal, 0 MB stacks, 0 MB globals, 20 P
gc 7785 @243.600s 0%: 0.018+0.59+0.50 ms clock, 0.37+0/0.99/0+10 ms cpu, 228->233->113 MB, 236 MB goal, 0 MB stacks, 0 MB globals, 20 P
gc 7786 @243.614s 0%: 0.018+3.1+0.005 ms clock, 0.37+0/3.5/0+0.11 ms cpu, 226->226->116 MB, 228 MB goal, 0 MB stacks, 0 MB globals, 20 P
gc 7787 @243.632s 0%: 0.017+0.45+0.005 ms clock, 0.34+0.025/0.91/0+0.10 ms cpu, 221->223->104 MB, 233 MB goal, 0 MB stacks, 0 MB globals, 20 P
gc 7788 @243.646s 0%: 0.020+0.44+0.004 ms clock, 0.40+0.10/0.96/0+0.083 ms cpu, 199->201->105 MB, 209 MB goal, 0 MB stacks, 0 MB globals, 20 P
gc 7789 @243.672s 0%: 0.026+0.68+0.008 ms clock, 0.53+0/1.3/0+0.17 ms cpu, 205->205->105 MB, 210 MB goal, 0 MB stacks, 0 MB globals, 20 P
gc 7790 @243.692s 0%: 0.023+0.83+0.006 ms clock, 0.47+0/1.6/0+0.12 ms cpu, 206->206->108 MB, 210 MB goal, 0 MB stacks, 0 MB globals, 20 P
gc 7791 @243.717s 0%: 0.028+3.8+0.004 ms clock, 0.56+0/4.8/0.040+0.080 ms cpu, 215->215->112 MB, 217 MB goal, 0 MB stacks, 0 MB globals, 20 P
gc 7792 @243.741s 0%: 0.028+6.1+0.002 ms clock, 0.57+0/6.9/0.048+0.059 ms cpu, 227->227->120 MB, 227 MB goal, 0 MB stacks, 0 MB globals, 20 P
gc 7793 @243.774s 0%: 0.019+0.70+0.004 ms clock, 0.39+0.079/0.85/0.003+0.092 ms cpu, 235->238->115 MB, 240 MB goal, 0 MB stacks, 0 MB globals, 20 P
gc 7794 @243.796s 0%: 0.030+3.5+0.006 ms clock, 0.61+0/4.3/0+0.13 ms cpu, 234->234->118 MB, 234 MB goal, 0 MB stacks, 0 MB globals, 20 P
gc 7795 @243.824s 0%: 0.029+0.74+0.006 ms clock, 0.58+0.20/1.2/0.014+0.12 ms cpu, 233->235->108 MB, 237 MB goal, 0 MB stacks, 0 MB globals, 20 P
gc 7796 @243.848s 0%: 0.016+0.47+0.005 ms clock, 0.32+0/0.73/0.002+0.10 ms cpu, 213->213->109 MB, 217 MB goal, 0 MB stacks, 0 MB globals, 20 P
gc 7797 @243.866s 0%: 0.019+2.8+0.003 ms clock, 0.39+0/3.1/0+0.079 ms cpu, 222->222->113 MB, 222 MB goal, 0 MB stacks, 0 MB globals, 20 P
gc 7798 @243.883s 0%: 0.017+1.1+0.003 ms clock, 0.34+0/1.4/0.010+0.070 ms cpu, 228->228->118 MB, 228 MB goal, 0 MB stacks, 0 MB globals, 20 P
gc 7799 @243.901s 0%: 0.020+0.48+0.007 ms clock, 0.41+0/0.77/0+0.15 ms cpu, 240->240->137 MB, 240 MB goal, 0 MB stacks, 0 MB globals, 20 P
gc 7800 @243.923s 0%: 0.022+3.4+0.003 ms clock, 0.45+0/4.0/0+0.070 ms cpu, 269->269->116 MB, 274 MB goal, 0 MB stacks, 0 MB globals, 20 P
gc 7801 @243.943s 0%: 0.034+4.5+0.010 ms clock, 0.69+0/5.3/0+0.20 ms cpu, 231->231->123 MB, 233 MB goal, 0 MB stacks, 0 MB globals, 20 P
gc 7802 @243.974s 0%: 0.017+0.47+0.005 ms clock, 0.35+0.11/0.62/0.028+0.11 ms cpu, 244->244->115 MB, 246 MB goal, 0 MB stacks, 0 MB globals, 20 P
gc 7803 @243.996s 0%: 0.030+1.3+0.006 ms clock, 0.60+0/1.7/0.13+0.13 ms cpu, 230->230->118 MB, 230 MB goal, 0 MB stacks, 0 MB globals, 20 P
gc 7804 @244.026s 0%: 0.022+0.44+0.009 ms clock, 0.44+0/0.75/0+0.19 ms cpu, 244->244->137 MB, 244 MB goal, 0 MB stacks, 0 MB globals, 20 P
gc 7805 @244.061s 0%: 0.051+13+0.004 ms clock, 1.0+0/15/0.74+0.091 ms cpu, 274->274->118 MB, 274 MB goal, 0 MB stacks, 0 MB globals, 20 P
gc 7806 @244.115s 0%: 0.036+0.97+0.007 ms clock, 0.73+0/2.0/0.012+0.15 ms cpu, 237->237->108 MB, 237 MB goal, 0 MB stacks, 0 MB globals, 20 P
gc 7807 @244.144s 0%: 0.029+6.1+0.004 ms clock, 0.58+0/7.3/0.047+0.080 ms cpu, 218->218->111 MB, 218 MB goal, 0 MB stacks, 0 MB globals, 20 P
gc 7808 @244.174s 0%: 0.029+7.3+0.004 ms clock, 0.58+0/8.0/0+0.084 ms cpu, 232->232->118 MB, 232 MB goal, 0 MB stacks, 0 MB globals, 20 P
gc 7809 @244.204s 0%: 0.028+0.42+0.37 ms clock, 0.57+0/1.0/0.048+7.5 ms cpu, 233->235->108 MB, 237 MB goal, 0 MB stacks, 0 MB globals, 20 P
gc 7810 @244.220s 0%: 0.022+0.54+0.005 ms clock, 0.44+0/0.85/0.28+0.11 ms cpu, 215->215->111 MB, 216 MB goal, 0 MB stacks, 0 MB globals, 20 P
gc 7811 @244.235s 0%: 0.016+1.3+0.003 ms clock, 0.32+0/1.9/0+0.062 ms cpu, 228->228->117 MB, 228 MB goal, 0 MB stacks, 0 MB globals, 20 P
gc 7812 @244.262s 0%: 0.027+0.41+0.007 ms clock, 0.54+0/0.84/0+0.14 ms cpu, 235->235->134 MB, 235 MB goal, 0 MB stacks, 0 MB globals, 20 P
gc 7813 @244.292s 0%: 0.022+5.0+0.004 ms clock, 0.44+0/5.4/0+0.084 ms cpu, 275->275->120 MB, 275 MB goal, 0 MB stacks, 0 MB globals, 20 P
gc 7814 @244.330s 0%: 0.027+0.76+0.007 ms clock, 0.54+0.016/1.9/0.16+0.15 ms cpu, 239->239->109 MB, 241 MB goal, 0 MB stacks, 0 MB globals, 20 P
gc 7815 @244.357s 0%: 0.024+4.1+0.004 ms clock, 0.48+0/4.6/0.001+0.093 ms cpu, 222->222->113 MB, 222 MB goal, 0 MB stacks, 0 MB globals, 20 P
gc 7816 @244.397s 0%: 0.035+1.0+0.097 ms clock, 0.70+0.15/1.4/0.016+1.9 ms cpu, 224->226->103 MB, 228 MB goal, 0 MB stacks, 0 MB globals, 20 P
gc 7817 @244.422s 0%: 0.018+0.52+0.003 ms clock, 0.36+0.14/0.66/0.031+0.064 ms cpu, 204->204->105 MB, 207 MB goal, 0 MB stacks, 0 MB globals, 20 P
gc 7818 @244.440s 0%: 0.031+2.0+0.004 ms clock, 0.62+0/2.5/0.027+0.081 ms cpu, 210->210->109 MB, 210 MB goal, 0 MB stacks, 0 MB globals, 20 P
gc 7819 @244.461s 0%: 0.019+3.9+0.006 ms clock, 0.39+0/4.6/0.017+0.13 ms cpu, 216->216->113 MB, 218 MB goal, 0 MB stacks, 0 MB globals, 20 P
gc 7820 @244.482s 0%: 0.020+3.6+0.005 ms clock, 0.41+0/3.9/0+0.11 ms cpu, 228->228->121 MB, 229 MB goal, 0 MB stacks, 0 MB globals, 20 P
gc 7821 @244.506s 0%: 0.023+0.57+0.014 ms clock, 0.47+0/0.97/0.025+0.28 ms cpu, 243->243->138 MB, 243 MB goal, 0 MB stacks, 0 MB globals, 20 P
gc 7822 @244.531s 0%: 0.029+1.0+0.006 ms clock, 0.58+0/1.4/0.021+0.13 ms cpu, 281->281->120 MB, 281 MB goal, 0 MB stacks, 0 MB globals, 20 P
gc 7823 @244.565s 0%: 0.020+0.50+0.005 ms clock, 0.41+0/1.0/0.003+0.11 ms cpu, 240->240->113 MB, 240 MB goal, 0 MB stacks, 0 MB globals, 20 P
gc 7824 @244.585s 0%: 0.024+3.0+0.005 ms clock, 0.48+0/4.0/0.16+0.10 ms cpu, 224->224->116 MB, 228 MB goal, 0 MB stacks, 0 MB globals, 20 P
gc 7825 @244.610s 0%: 0.020+0.58+0.083 ms clock, 0.41+0/0.72/0+1.6 ms cpu, 242->242->134 MB, 242 MB goal, 0 MB stacks, 0 MB globals, 20 P
gc 7826 @244.635s 0%: 0.024+4.2+0.004 ms clock, 0.48+0/4.8/0+0.086 ms cpu, 266->266->112 MB, 269 MB goal, 0 MB stacks, 0 MB globals, 20 P
gc 7827 @244.657s 0%: 0.047+2.9+0.005 ms clock, 0.95+0/3.6/0+0.11 ms cpu, 227->227->116 MB, 227 MB goal, 0 MB stacks, 0 MB globals, 20 P
gc 7828 @244.681s 0%: 0.024+0.55+0.012 ms clock, 0.49+0/0.63/0.002+0.25 ms cpu, 238->238->133 MB, 238 MB goal, 0 MB stacks, 0 MB globals, 20 P
gc 7829 @244.706s 0%: 0.018+0.69+0.002 ms clock, 0.36+0/1.3/0+0.058 ms cpu, 265->265->115 MB, 268 MB goal, 0 MB stacks, 0 MB globals, 20 P
gc 7830 @244.724s 0%: 0.024+1.2+0.003 ms clock, 0.48+0/1.9/0+0.074 ms cpu, 230->230->121 MB, 231 MB goal, 0 MB stacks, 0 MB globals, 20 P
gc 7831 @244.748s 0%: 0.021+0.63+0.007 ms clock, 0.43+0/1.6/0.065+0.14 ms cpu, 240->240->115 MB, 243 MB goal, 0 MB stacks, 0 MB globals, 20 P
gc 7832 @244.766s 0%: 0.024+1.3+0.004 ms clock, 0.48+0/1.7/0+0.080 ms cpu, 237->237->121 MB, 237 MB goal, 0 MB stacks, 0 MB globals, 20 P
gc 7833 @244.791s 0%: 0.017+0.39+0.003 ms clock, 0.34+0.084/0.70/0.038+0.075 ms cpu, 239->239->107 MB, 242 MB goal, 0 MB stacks, 0 MB globals, 20 P
gc 7834 @244.805s 0%: 0.017+2.6+0.005 ms clock, 0.34+0/3.0/0+0.10 ms cpu, 215->215->109 MB, 215 MB goal, 0 MB stacks, 0 MB globals, 20 P
gc 7835 @244.826s 0%: 0.027+3.2+0.009 ms clock, 0.55+0/4.5/0.11+0.19 ms cpu, 219->219->112 MB, 219 MB goal, 0 MB stacks, 0 MB globals, 20 P
gc 7836 @244.844s 0%: 0.024+2.9+0.002 ms clock, 0.48+0/3.3/0+0.057 ms cpu, 233->233->118 MB, 233 MB goal, 0 MB stacks, 0 MB globals, 20 P
gc 7837 @244.867s 0%: 0.016+0.53+0.003 ms clock, 0.32+0.11/0.66/0+0.077 ms cpu, 233->235->109 MB, 236 MB goal, 0 MB stacks, 0 MB globals, 20 P
gc 7838 @244.881s 0%: 0.018+0.54+0.004 ms clock, 0.36+0/1.1/0.24+0.093 ms cpu, 217->217->112 MB, 219 MB goal, 0 MB stacks, 0 MB globals, 20 P
gc 7839 @244.896s 0%: 0.019+5.3+0.005 ms clock, 0.38+0/5.8/0.10+0.10 ms cpu, 229->229->118 MB, 229 MB goal, 0 MB stacks, 0 MB globals, 20 P
gc 7840 @244.918s 0%: 0.020+4.9+0.007 ms clock, 0.40+0/5.3/0.088+0.14 ms cpu, 239->239->127 MB, 240 MB goal, 0 MB stacks, 0 MB globals, 20 P
gc 7841 @244.944s 0%: 0.020+0.74+0.005 ms clock, 0.40+0/1.5/0.14+0.11 ms cpu, 254->254->117 MB, 255 MB goal, 0 MB stacks, 0 MB globals, 20 P
gc 7842 @244.962s 0%: 0.023+2.1+0.005 ms clock, 0.47+0/2.7/0.065+0.11 ms cpu, 239->239->123 MB, 239 MB goal, 0 MB stacks, 0 MB globals, 20 P
gc 7843 @244.977s 0%: 0.023+5.5+0.004 ms clock, 0.46+0/6.0/0.12+0.083 ms cpu, 244->244->128 MB, 247 MB goal, 0 MB stacks, 0 MB globals, 20 P
gc 7844 @245.004s 0%: 0.024+0.88+0.008 ms clock, 0.49+0/2.0/0.093+0.17 ms cpu, 258->258->119 MB, 258 MB goal, 0 MB stacks, 0 MB globals, 20 P
gc 7845 @245.030s 0%: 0.028+0.56+0.019 ms clock, 0.56+0/1.1/0.045+0.39 ms cpu, 246->246->138 MB, 246 MB goal, 0 MB stacks, 0 MB globals, 20 P
gc 7846 @245.052s 0%: 0.022+2.8+0.016 ms clock, 0.44+0/3.3/0.019+0.33 ms cpu, 276->276->119 MB, 277 MB goal, 0 MB stacks, 0 MB globals, 20 P
gc 7847 @245.079s 0%: 0.026+1.5+0.006 ms clock, 0.52+0/1.5/0+0.12 ms cpu, 235->238->108 MB, 239 MB goal, 0 MB stacks, 0 MB globals, 20 P
gc 7848 @245.108s 0%: 0.025+0.93+0.005 ms clock, 0.51+0/1.5/0.008+0.11 ms cpu, 217->217->109 MB, 218 MB goal, 0 MB stacks, 0 MB globals, 20 P
gc 7849 @245.125s 0%: 0.030+1.0+0.006 ms clock, 0.61+0/1.5/0.001+0.12 ms cpu, 220->220->113 MB, 220 MB goal, 0 MB stacks, 0 MB globals, 20 P
gc 7850 @245.150s 0%: 0.029+7.3+0.006 ms clock, 0.58+0/7.8/0+0.12 ms cpu, 233->233->120 MB, 233 MB goal, 0 MB stacks, 0 MB globals, 20 P
gc 7851 @245.177s 0%: 0.034+0.54+0.005 ms clock, 0.68+0/0.94/0+0.11 ms cpu, 237->237->109 MB, 241 MB goal, 0 MB stacks, 0 MB globals, 20 P
gc 7852 @245.193s 0%: 0.024+3.2+0.005 ms clock, 0.48+0/4.2/0.17+0.11 ms cpu, 217->217->114 MB, 220 MB goal, 0 MB stacks, 0 MB globals, 20 P
gc 7853 @245.221s 0%: 0.029+1.1+0.004 ms clock, 0.58+0/2.1/0.038+0.098 ms cpu, 231->231->122 MB, 231 MB goal, 0 MB stacks, 0 MB globals, 20 P
gc 7854 @245.246s 0%: 0.018+4.0+0.003 ms clock, 0.36+0/4.5/0.015+0.068 ms cpu, 243->243->129 MB, 245 MB goal, 0 MB stacks, 0 MB globals, 20 P
gc 7855 @245.269s 0%: 0.017+0.55+0.006 ms clock, 0.35+0/0.90/0.010+0.12 ms cpu, 255->255->117 MB, 258 MB goal, 0 MB stacks, 0 MB globals, 20 P
gc 7856 @245.292s 0%: 0.017+2.6+0.003 ms clock, 0.35+0/3.2/0.002+0.074 ms cpu, 239->239->123 MB, 239 MB goal, 0 MB stacks, 0 MB globals, 20 P
gc 7857 @245.314s 0%: 0.019+0.44+0.003 ms clock, 0.38+0.050/0.64/0+0.070 ms cpu, 243->244->113 MB, 246 MB goal, 0 MB stacks, 0 MB globals, 20 P
gc 7858 @245.327s 0%: 0.017+1.0+0.005 ms clock, 0.34+0/1.4/0.001+0.10 ms cpu, 225->225->118 MB, 226 MB goal, 0 MB stacks, 0 MB globals, 20 P
gc 7859 @245.346s 0%: 0.019+2.2+0.005 ms clock, 0.38+0.039/2.5/0+0.11 ms cpu, 247->248->124 MB, 248 MB goal, 0 MB stacks, 0 MB globals, 20 P
gc 7860 @245.365s 0%: 0.021+0.77+0.004 ms clock, 0.42+0/1.5/0.12+0.083 ms cpu, 250->250->112 MB, 250 MB goal, 0 MB stacks, 0 MB globals, 20 P
gc 7861 @245.387s 0%: 0.034+8.1+0.004 ms clock, 0.68+0/9.3/0.56+0.082 ms cpu, 226->226->116 MB, 227 MB goal, 0 MB stacks, 0 MB globals, 20 P
gc 7862 @245.414s 0%: 0.021+0.62+0.071 ms clock, 0.42+0/0.90/0+1.4 ms cpu, 237->237->132 MB, 237 MB goal, 0 MB stacks, 0 MB globals, 20 P
gc 7863 @245.441s 0%: 0.019+0.71+0.003 ms clock, 0.39+0/1.3/0.11+0.074 ms cpu, 265->265->112 MB, 265 MB goal, 0 MB stacks, 0 MB globals, 20 P
gc 7864 @245.459s 0%: 0.019+1.2+0.004 ms clock, 0.39+0/1.8/0.061+0.088 ms cpu, 227->227->118 MB, 227 MB goal, 0 MB stacks, 0 MB globals, 20 P
gc 7865 @245.481s 0%: 0.021+0.62+0.12 ms clock, 0.43+0/0.88/0+2.4 ms cpu, 241->241->137 MB, 241 MB goal, 0 MB stacks, 0 MB globals, 20 P
gc 7866 @245.518s 0%: 0.020+3.5+0.005 ms clock, 0.41+0/4.0/0+0.10 ms cpu, 280->280->122 MB, 280 MB goal, 0 MB stacks, 0 MB globals, 20 P
gc 7867 @245.543s 0%: 0.027+5.7+0.005 ms clock, 0.55+0/6.3/0.19+0.10 ms cpu, 243->243->128 MB, 244 MB goal, 0 MB stacks, 0 MB globals, 20 P
gc 7868 @245.578s 0%: 0.032+3.9+0.007 ms clock, 0.65+0/5.1/0+0.14 ms cpu, 255->255->117 MB, 257 MB goal, 0 MB stacks, 0 MB globals, 20 P
gc 7869 @245.610s 0%: 0.035+4.2+0.008 ms clock, 0.70+0/5.3/0.17+0.16 ms cpu, 240->240->123 MB, 240 MB goal, 0 MB stacks, 0 MB globals, 20 P
gc 7870 @245.656s 0%: 0.035+2.9+0.007 ms clock, 0.70+0/4.3/0.35+0.14 ms cpu, 243->243->114 MB, 247 MB goal, 0 MB stacks, 0 MB globals, 20 P
gc 7871 @245.677s 0%: 0.018+2.1+0.006 ms clock, 0.36+0/2.7/0+0.12 ms cpu, 225->225->117 MB, 229 MB goal, 0 MB stacks, 0 MB globals, 20 P
gc 7872 @245.692s 0%: 0.020+1.0+0.011 ms clock, 0.40+0/1.7/0.25+0.23 ms cpu, 230->230->120 MB, 234 MB goal, 0 MB stacks, 0 MB globals, 20 P
gc 7873 @245.716s 0%: 0.023+0.45+0.006 ms clock, 0.47+0/1.2/0.10+0.12 ms cpu, 236->236->107 MB, 240 MB goal, 0 MB stacks, 0 MB globals, 20 P
gc 7874 @245.730s 0%: 0.039+2.4+0.004 ms clock, 0.79+0/3.0/0.034+0.093 ms cpu, 212->212->109 MB, 214 MB goal, 0 MB stacks, 0 MB globals, 20 P
gc 7875 @245.749s 0%: 0.020+0.90+0.005 ms clock, 0.40+0/1.5/0.028+0.11 ms cpu, 216->216->112 MB, 220 MB goal, 0 MB stacks, 0 MB globals, 20 P
gc 7876 @245.768s 0%: 0.031+2.3+0.006 ms clock, 0.63+0/2.8/0.001+0.13 ms cpu, 227->227->118 MB, 227 MB goal, 0 MB stacks, 0 MB globals, 20 P
gc 7877 @245.789s 0%: 0.017+1.8+0.006 ms clock, 0.34+0/2.4/0.085+0.13 ms cpu, 237->237->110 MB, 237 MB goal, 0 MB stacks, 0 MB globals, 20 P
gc 7878 @245.811s 0%: 0.021+1.3+0.005 ms clock, 0.42+0/1.5/0+0.11 ms cpu, 220->220->115 MB, 221 MB goal, 0 MB stacks, 0 MB globals, 20 P
gc 7879 @245.838s 0%: 0.030+0.66+0.028 ms clock, 0.61+0/1.9/0.023+0.56 ms cpu, 232->232->136 MB, 232 MB goal, 0 MB stacks, 0 MB globals, 20 P
gc 7880 @245.893s 0%: 0.018+3.2+0.006 ms clock, 0.36+0/3.7/0.018+0.12 ms cpu, 278->278->116 MB, 278 MB goal, 0 MB stacks, 0 MB globals, 20 P
gc 7881 @245.913s 0%: 0.019+2.9+0.007 ms clock, 0.39+0/3.4/0.030+0.14 ms cpu, 237->237->124 MB, 237 MB goal, 0 MB stacks, 0 MB globals, 20 P
gc 7882 @245.935s 0%: 0.022+0.71+0.005 ms clock, 0.45+0/1.3/0.016+0.10 ms cpu, 245->245->112 MB, 248 MB goal, 0 MB stacks, 0 MB globals, 20 P
gc 7883 @245.950s 0%: 0.021+1.0+0.006 ms clock, 0.43+0/1.7/0+0.12 ms cpu, 222->222->115 MB, 225 MB goal, 0 MB stacks, 0 MB globals, 20 P
gc 7884 @245.969s 0%: 0.017+0.62+0.027 ms clock, 0.34+0/0.97/0+0.54 ms cpu, 226->230->109 MB, 230 MB goal, 0 MB stacks, 0 MB globals, 20 P
gc 7885 @245.998s 0%: 0.034+1.8+0.008 ms clock, 0.68+0/2.9/0.18+0.17 ms cpu, 217->217->111 MB, 219 MB goal, 0 MB stacks, 0 MB globals, 20 P
gc 7886 @246.023s 0%: 0.030+3.5+0.005 ms clock, 0.61+0/4.3/0+0.11 ms cpu, 232->232->118 MB, 232 MB goal, 0 MB stacks, 0 MB globals, 20 P
gc 7887 @246.051s 0%: 0.019+0.53+0.005 ms clock, 0.39+0.12/0.79/0.014+0.11 ms cpu, 233->235->106 MB, 236 MB goal, 0 MB stacks, 0 MB globals, 20 P
gc 7888 @246.064s 0%: 0.018+2.0+0.11 ms clock, 0.37+0/2.4/0.059+2.2 ms cpu, 214->214->109 MB, 214 MB goal, 0 MB stacks, 0 MB globals, 20 P
gc 7889 @246.079s 0%: 0.016+0.67+0.003 ms clock, 0.32+0/1.0/0+0.060 ms cpu, 216->216->113 MB, 218 MB goal, 0 MB stacks, 0 MB globals, 20 P
gc 7890 @246.095s 0%: 0.018+1.3+0.002 ms clock, 0.37+0/1.8/0+0.057 ms cpu, 228->228->119 MB, 228 MB goal, 0 MB stacks, 0 MB globals, 20 P
gc 7891 @246.122s 0%: 0.022+0.54+0.014 ms clock, 0.44+0/0.86/0+0.29 ms cpu, 241->241->139 MB, 242 MB goal, 0 MB stacks, 0 MB globals, 20 P
gc 7892 @246.145s 0%: 0.021+3.8+0.004 ms clock, 0.42+0/4.2/0.020+0.085 ms cpu, 282->282->123 MB, 282 MB goal, 0 MB stacks, 0 MB globals, 20 P
gc 7893 @246.173s 0%: 0.019+0.50+0.003 ms clock, 0.39+0/1.1/0.054+0.069 ms cpu, 244->244->114 MB, 247 MB goal, 0 MB stacks, 0 MB globals, 20 P
gc 7894 @246.195s 0%: 0.030+6.4+0.007 ms clock, 0.61+0/7.3/0.016+0.14 ms cpu, 225->225->116 MB, 228 MB goal, 0 MB stacks, 0 MB globals, 20 P
gc 7895 @246.233s 0%: 0.017+0.38+0.003 ms clock, 0.34+0.11/0.69/0.031+0.067 ms cpu, 229->232->107 MB, 233 MB goal, 0 MB stacks, 0 MB globals, 20 P
gc 7896 @246.254s 0%: 0.028+2.3+0.006 ms clock, 0.56+0/3.3/0+0.12 ms cpu, 212->212->107 MB, 214 MB goal, 0 MB stacks, 0 MB globals, 20 P
gc 7897 @246.275s 0%: 0.020+3.1+0.007 ms clock, 0.40+0/3.4/0+0.15 ms cpu, 218->218->110 MB, 218 MB goal, 0 MB stacks, 0 MB globals, 20 P
gc 7898 @246.295s 0%: 0.017+4.0+0.003 ms clock, 0.35+0/4.4/0+0.062 ms cpu, 225->225->114 MB, 225 MB goal, 0 MB stacks, 0 MB globals, 20 P
gc 7899 @246.319s 0%: 0.017+0.74+0.003 ms clock, 0.34+0.10/0.49/0.11+0.061 ms cpu, 227->229->107 MB, 230 MB goal, 0 MB stacks, 0 MB globals, 20 P
gc 7900 @246.334s 0%: 0.018+0.64+0.003 ms clock, 0.37+0/0.78/0+0.060 ms cpu, 214->214->109 MB, 215 MB goal, 0 MB stacks, 0 MB globals, 20 P
gc 7901 @246.355s 0%: 0.030+2.1+0.006 ms clock, 0.60+0/3.2/0.044+0.13 ms cpu, 220->220->115 MB, 220 MB goal, 0 MB stacks, 0 MB globals, 20 P
gc 7902 @246.384s 0%: 0.022+0.51+0.010 ms clock, 0.45+0/0.91/0+0.20 ms cpu, 237->237->135 MB, 237 MB goal, 0 MB stacks, 0 MB globals, 20 P
gc 7903 @246.417s 0%: 0.016+3.0+0.003 ms clock, 0.33+0/3.3/0+0.067 ms cpu, 267->267->113 MB, 271 MB goal, 0 MB stacks, 0 MB globals, 20 P
gc 7904 @246.437s 0%: 0.023+1.3+0.004 ms clock, 0.47+0/2.2/0.072+0.099 ms cpu, 228->228->120 MB, 229 MB goal, 0 MB stacks, 0 MB globals, 20 P
gc 7905 @246.463s 0%: 0.022+0.38+0.008 ms clock, 0.45+0/0.70/0+0.16 ms cpu, 242->242->138 MB, 242 MB goal, 0 MB stacks, 0 MB globals, 20 P
gc 7906 @246.490s 0%: 0.018+3.5+0.005 ms clock, 0.37+0/3.9/0.010+0.10 ms cpu, 281->281->122 MB, 281 MB goal, 0 MB stacks, 0 MB globals, 20 P
gc 7907 @246.509s 0%: 0.018+2.1+0.003 ms clock, 0.37+0/2.6/0+0.062 ms cpu, 243->243->129 MB, 245 MB goal, 0 MB stacks, 0 MB globals, 20 P
gc 7908 @246.535s 0%: 0.020+0.53+0.004 ms clock, 0.40+0/0.87/0+0.082 ms cpu, 256->256->117 MB, 258 MB goal, 0 MB stacks, 0 MB globals, 20 P
gc 7909 @246.548s 0%: 0.016+2.5+0.003 ms clock, 0.33+0/2.8/0+0.061 ms cpu, 235->235->124 MB, 235 MB goal, 0 MB stacks, 0 MB globals, 20 P
gc 7910 @246.572s 0%: 0.018+2.7+0.003 ms clock, 0.36+0/2.9/0+0.061 ms cpu, 250->250->115 MB, 250 MB goal, 0 MB stacks, 0 MB globals, 20 P
gc 7911 @246.593s 0%: 0.029+6.3+0.006 ms clock, 0.59+0/7.3/0.10+0.13 ms cpu, 229->229->119 MB, 230 MB goal, 0 MB stacks, 0 MB globals, 20 P
gc 7912 @246.626s 0%: 0.027+0.55+0.009 ms clock, 0.54+0/0.78/0+0.19 ms cpu, 240->240->135 MB, 240 MB goal, 0 MB stacks, 0 MB globals, 20 P
gc 7913 @246.647s 0%: 0.017+2.5+0.005 ms clock, 0.34+0/2.7/0+0.10 ms cpu, 267->267->113 MB, 271 MB goal, 0 MB stacks, 0 MB globals, 20 P
gc 7914 @246.665s 0%: 0.019+1.6+0.003 ms clock, 0.39+0/2.0/0+0.077 ms cpu, 229->229->118 MB, 229 MB goal, 0 MB stacks, 0 MB globals, 20 P
gc 7915 @246.684s 0%: 0.017+0.53+0.006 ms clock, 0.34+0.15/0.55/0.001+0.12 ms cpu, 234->234->108 MB, 236 MB goal, 0 MB stacks, 0 MB globals, 20 P
gc 7916 @246.701s 0%: 0.032+4.0+0.007 ms clock, 0.64+0/5.0/0.11+0.14 ms cpu, 219->219->115 MB, 219 MB goal, 0 MB stacks, 0 MB globals, 20 P
gc 7917 @246.727s 0%: 0.019+1.2+0.003 ms clock, 0.39+0/1.8/0+0.060 ms cpu, 235->235->121 MB, 236 MB goal, 0 MB stacks, 0 MB globals, 20 P
gc 7918 @246.763s 0%: 0.028+0.58+0.006 ms clock, 0.57+0/1.5/0.18+0.13 ms cpu, 240->240->108 MB, 243 MB goal, 0 MB stacks, 0 MB globals, 20 P
gc 7919 @246.787s 0%: 0.022+1.5+0.005 ms clock, 0.44+0/2.1/0.010+0.10 ms cpu, 213->213->110 MB, 217 MB goal, 0 MB stacks, 0 MB globals, 20 P
gc 7920 @246.819s 0%: 0.027+4.6+0.006 ms clock, 0.55+0/5.1/0+0.13 ms cpu, 228->228->115 MB, 228 MB goal, 0 MB stacks, 0 MB globals, 20 P
gc 7921 @246.842s 0%: 0.021+5.7+0.005 ms clock, 0.43+0/6.1/0+0.10 ms cpu, 236->236->123 MB, 236 MB goal, 0 MB stacks, 0 MB globals, 20 P
gc 7922 @246.870s 0%: 0.025+0.64+0.004 ms clock, 0.51+0/1.1/0+0.080 ms cpu, 242->242->114 MB, 246 MB goal, 0 MB stacks, 0 MB globals, 20 P
gc 7923 @246.887s 0%: 0.017+0.61+0.042 ms clock, 0.35+0/1.1/0.038+0.85 ms cpu, 226->226->119 MB, 229 MB goal, 0 MB stacks, 0 MB globals, 20 P
gc 7924 @246.911s 0%: 0.027+1.6+0.006 ms clock, 0.54+0/2.4/0.11+0.12 ms cpu, 242->242->126 MB, 242 MB goal, 0 MB stacks, 0 MB globals, 20 P
gc 7925 @246.952s 0%: 0.059+0.34+0.012 ms clock, 1.1+0.047/0.78/0+0.24 ms cpu, 248->248->113 MB, 252 MB goal, 0 MB stacks, 0 MB globals, 20 P
gc 7926 @246.972s 0%: 0.017+0.63+0.003 ms clock, 0.35+0/1.1/0+0.078 ms cpu, 228->228->119 MB, 228 MB goal, 0 MB stacks, 0 MB globals, 20 P
gc 7927 @246.997s 0%: 0.028+0.42+0.018 ms clock, 0.57+0/0.89/0.004+0.37 ms cpu, 246->246->135 MB, 246 MB goal, 0 MB stacks, 0 MB globals, 20 P
gc 7928 @247.019s 0%: 0.027+4.9+0.004 ms clock, 0.54+0/5.4/0+0.095 ms cpu, 276->276->117 MB, 276 MB goal, 0 MB stacks, 0 MB globals, 20 P
gc 7929 @247.043s 0%: 0.020+0.58+0.010 ms clock, 0.40+0/0.85/0+0.20 ms cpu, 233->233->133 MB, 235 MB goal, 0 MB stacks, 0 MB globals, 20 P
gc 7930 @247.068s 0%: 0.019+0.76+0.005 ms clock, 0.38+0/1.1/0.001+0.10 ms cpu, 266->266->112 MB, 268 MB goal, 0 MB stacks, 0 MB globals, 20 P
gc 7931 @247.082s 0%: 0.017+1.0+0.003 ms clock, 0.34+0/1.3/0+0.064 ms cpu, 227->227->116 MB, 227 MB goal, 0 MB stacks, 0 MB globals, 20 P
gc 7932 @247.101s 0%: 0.019+0.52+0.012 ms clock, 0.38+0/0.86/0+0.24 ms cpu, 239->239->135 MB, 239 MB goal, 0 MB stacks, 0 MB globals, 20 P
gc 7933 @247.121s 0%: 0.020+0.87+0.005 ms clock, 0.40+0/1.1/0+0.11 ms cpu, 268->268->116 MB, 271 MB goal, 0 MB stacks, 0 MB globals, 20 P
gc 7934 @247.136s 0%: 0.018+1.2+0.004 ms clock, 0.36+0/1.4/0+0.084 ms cpu, 232->232->123 MB, 233 MB goal, 0 MB stacks, 0 MB globals, 20 P
gc 7935 @247.161s 0%: 0.022+1.0+0.006 ms clock, 0.45+0/1.6/0+0.13 ms cpu, 250->250->118 MB, 250 MB goal, 0 MB stacks, 0 MB globals, 20 P
gc 7936 @247.177s 0%: 0.018+0.40+0.020 ms clock, 0.37+0/0.77/0+0.41 ms cpu, 244->244->133 MB, 244 MB goal, 0 MB stacks, 0 MB globals, 20 P
gc 7937 @247.195s 0%: 0.019+3.0+0.003 ms clock, 0.39+0/3.4/0.016+0.065 ms cpu, 264->264->113 MB, 267 MB goal, 0 MB stacks, 0 MB globals, 20 P
gc 7938 @247.210s 0%: 0.019+1.4+0.004 ms clock, 0.39+0/1.7/0+0.082 ms cpu, 225->225->118 MB, 227 MB goal, 0 MB stacks, 0 MB globals, 20 P
gc 7939 @247.235s 0%: 0.017+0.55+0.003 ms clock, 0.35+0.21/0.48/0.003+0.068 ms cpu, 233->235->106 MB, 236 MB goal, 0 MB stacks, 0 MB globals, 20 P
gc 7940 @247.250s 0%: 0.016+0.46+0.005 ms clock, 0.33+0/0.83/0+0.10 ms cpu, 208->208->108 MB, 212 MB goal, 0 MB stacks, 0 MB globals, 20 P
gc 7941 @247.266s 0%: 0.016+1.8+0.005 ms clock, 0.33+0/2.0/0+0.10 ms cpu, 220->220->113 MB, 220 MB goal, 0 MB stacks, 0 MB globals, 20 P
gc 7942 @247.281s 0%: 0.017+3.5+0.005 ms clock, 0.35+0/3.6/0.015+0.11 ms cpu, 229->229->119 MB, 229 MB goal, 0 MB stacks, 0 MB globals, 20 P
gc 7943 @247.307s 0%: 0.019+0.40+0.012 ms clock, 0.39+0/0.79/0.002+0.24 ms cpu, 241->241->138 MB, 242 MB goal, 0 MB stacks, 0 MB globals, 20 P
gc 7944 @247.332s 0%: 0.020+3.7+0.003 ms clock, 0.41+0/4.3/0+0.063 ms cpu, 281->281->123 MB, 281 MB goal, 0 MB stacks, 0 MB globals, 20 P
gc 7945 @247.365s 0%: 0.018+0.55+0.004 ms clock, 0.37+0/1.1/0.18+0.087 ms cpu, 244->244->114 MB, 247 MB goal, 0 MB stacks, 0 MB globals, 20 P
gc 7946 @247.385s 0%: 0.025+3.5+0.003 ms clock, 0.50+0/4.2/0+0.077 ms cpu, 231->231->121 MB, 231 MB goal, 0 MB stacks, 0 MB globals, 20 P
gc 7947 @247.414s 0%: 0.037+2.0+0.004 ms clock, 0.74+0/2.5/0+0.085 ms cpu, 240->240->108 MB, 242 MB goal, 0 MB stacks, 0 MB globals, 20 P
gc 7948 @247.431s 0%: 0.017+1.0+0.005 ms clock, 0.35+0/1.5/0+0.11 ms cpu, 216->216->112 MB, 217 MB goal, 0 MB stacks, 0 MB globals, 20 P
gc 7949 @247.444s 0%: 0.019+2.0+0.003 ms clock, 0.38+0/2.5/0.082+0.078 ms cpu, 232->232->117 MB, 232 MB goal, 0 MB stacks, 0 MB globals, 20 P
gc 7950 @247.477s 0%: 0.032+0.74+0.018 ms clock, 0.65+0/0.97/0+0.36 ms cpu, 232->234->106 MB, 235 MB goal, 0 MB stacks, 0 MB globals, 20 P
gc 7951 @247.496s 0%: 0.024+2.0+0.005 ms clock, 0.49+0/2.4/0.005+0.11 ms cpu, 214->214->109 MB, 214 MB goal, 0 MB stacks, 0 MB globals, 20 P
gc 7952 @247.511s 0%: 0.018+0.74+0.045 ms clock, 0.36+0/1.3/0.003+0.90 ms cpu, 216->216->114 MB, 219 MB goal, 0 MB stacks, 0 MB globals, 20 P
gc 7953 @247.528s 0%: 0.022+2.0+0.005 ms clock, 0.44+0/2.5/0+0.11 ms cpu, 230->230->120 MB, 230 MB goal, 0 MB stacks, 0 MB globals, 20 P
gc 7954 @247.553s 0%: 0.028+3.9+0.008 ms clock, 0.57+0/5.0/0.001+0.16 ms cpu, 238->238->114 MB, 241 MB goal, 0 MB stacks, 0 MB globals, 20 P
gc 7955 @247.580s 0%: 0.018+1.0+0.003 ms clock, 0.36+0/1.4/0.012+0.064 ms cpu, 236->236->120 MB, 236 MB goal, 0 MB stacks, 0 MB globals, 20 P
gc 7956 @247.598s 0%: 0.017+0.48+0.005 ms clock, 0.35+0.007/1.1/0.14+0.10 ms cpu, 239->239->106 MB, 240 MB goal, 0 MB stacks, 0 MB globals, 20 P
gc 7957 @247.618s 0%: 0.019+0.80+0.003 ms clock, 0.38+0/1.2/0.050+0.076 ms cpu, 215->215->110 MB, 215 MB goal, 0 MB stacks, 0 MB globals, 20 P
gc 7958 @247.643s 0%: 0.031+5.0+0.005 ms clock, 0.62+0/6.0/0.093+0.11 ms cpu, 220->220->113 MB, 220 MB goal, 0 MB stacks, 0 MB globals, 20 P
gc 7959 @247.667s 0%: 0.029+0.50+0.005 ms clock, 0.58+0/0.89/0+0.11 ms cpu, 231->231->128 MB, 231 MB goal, 0 MB stacks, 0 MB globals, 20 P
gc 7960 @247.687s 0%: 0.027+4.8+0.006 ms clock, 0.55+0/5.4/0.040+0.12 ms cpu, 264->264->116 MB, 264 MB goal, 0 MB stacks, 0 MB globals, 20 P
gc 7961 @247.712s 0%: 0.020+0.35+0.006 ms clock, 0.40+0/0.84/0.002+0.12 ms cpu, 237->237->135 MB, 237 MB goal, 0 MB stacks, 0 MB globals, 20 P
gc 7962 @247.736s 0%: 0.019+3.3+0.14 ms clock, 0.39+0/3.9/0.22+2.8 ms cpu, 267->267->114 MB, 271 MB goal, 0 MB stacks, 0 MB globals, 20 P
gc 7963 @247.757s 0%: 0.026+3.1+0.003 ms clock, 0.52+0/4.0/0.053+0.072 ms cpu, 229->229->119 MB, 229 MB goal, 0 MB stacks, 0 MB globals, 20 P
gc 7964 @247.784s 0%: 0.021+0.41+0.009 ms clock, 0.42+0/0.73/0+0.18 ms cpu, 241->241->136 MB, 241 MB goal, 0 MB stacks, 0 MB globals, 20 P
gc 7965 @247.808s 0%: 0.019+3.7+0.006 ms clock, 0.38+0/4.2/0+0.12 ms cpu, 268->268->117 MB, 272 MB goal, 0 MB stacks, 0 MB globals, 20 P
gc 7966 @247.833s 0%: 0.031+4.6+0.005 ms clock, 0.62+0/5.3/0.008+0.11 ms cpu, 232->232->125 MB, 235 MB goal, 0 MB stacks, 0 MB globals, 20 P
gc 7967 @247.855s 0%: 0.020+0.60+0.005 ms clock, 0.40+0/0.84/0.006+0.10 ms cpu, 247->247->143 MB, 250 MB goal, 0 MB stacks, 0 MB globals, 20 P
gc 7968 @247.874s 0%: 0.017+3.5+0.002 ms clock, 0.34+0/3.7/0+0.054 ms cpu, 284->284->122 MB, 286 MB goal, 0 MB stacks, 0 MB globals, 20 P
gc 7969 @247.896s 0%: 0.018+0.33+0.003 ms clock, 0.36+0.16/0.69/0+0.071 ms cpu, 241->242->110 MB, 244 MB goal, 0 MB stacks, 0 MB globals, 20 P
gc 7970 @247.911s 0%: 0.019+0.53+0.006 ms clock, 0.38+0/1.1/0.005+0.12 ms cpu, 219->219->113 MB, 221 MB goal, 0 MB stacks, 0 MB globals, 20 P
gc 7971 @247.931s 0%: 0.020+3.4+0.003 ms clock, 0.41+0/3.7/0+0.066 ms cpu, 225->225->117 MB, 226 MB goal, 0 MB stacks, 0 MB globals, 20 P
gc 7972 @247.950s 0%: 0.021+5.6+0.006 ms clock, 0.42+0/5.8/0.020+0.12 ms cpu, 232->232->121 MB, 234 MB goal, 0 MB stacks, 0 MB globals, 20 P
gc 7973 @247.982s 0%: 0.020+0.42+0.009 ms clock, 0.40+0/0.70/0+0.19 ms cpu, 244->244->139 MB, 244 MB goal, 0 MB stacks, 0 MB globals, 20 P
gc 7974 @248.019s 0%: 0.028+6.4+0.005 ms clock, 0.57+0/6.8/0+0.10 ms cpu, 281->281->120 MB, 281 MB goal, 0 MB stacks, 0 MB globals, 20 P
gc 7975 @248.045s 0%: 0.019+1.2+0.020 ms clock, 0.39+0/1.6/0.014+0.40 ms cpu, 241->254->138 MB, 241 MB goal, 0 MB stacks, 0 MB globals, 20 P
gc 7976 @248.077s 0%: 0.028+2.7+0.010 ms clock, 0.56+0/3.2/0+0.21 ms cpu, 276->276->119 MB, 278 MB goal, 0 MB stacks, 0 MB globals, 20 P
gc 7977 @248.107s 0%: 0.017+0.46+0.14 ms clock, 0.35+0.049/0.62/0+2.9 ms cpu, 228->233->111 MB, 240 MB goal, 0 MB stacks, 0 MB globals, 20 P
gc 7978 @248.126s 0%: 0.026+0.65+0.016 ms clock, 0.52+0/1.6/0.091+0.32 ms cpu, 214->214->110 MB, 223 MB goal, 0 MB stacks, 0 MB globals, 20 P
gc 7979 @248.143s 0%: 0.018+0.74+0.006 ms clock, 0.36+0/1.0/0+0.12 ms cpu, 215->215->113 MB, 221 MB goal, 0 MB stacks, 0 MB globals, 20 P
gc 7980 @248.158s 0%: 0.017+4.7+0.003 ms clock, 0.35+0/4.9/0+0.073 ms cpu, 217->217->116 MB, 226 MB goal, 0 MB stacks, 0 MB globals, 20 P
gc 7981 @248.175s 0%: 0.017+1.6+0.004 ms clock, 0.35+0/1.8/0+0.082 ms cpu, 224->224->119 MB, 233 MB goal, 0 MB stacks, 0 MB globals, 20 P
gc 7982 @248.202s 0%: 0.026+0.44+0.021 ms clock, 0.52+0.13/1.4/0+0.43 ms cpu, 226->226->106 MB, 238 MB goal, 0 MB stacks, 0 MB globals, 20 P
gc 7983 @248.224s 0%: 0.025+1.4+0.008 ms clock, 0.51+0/1.6/0.079+0.16 ms cpu, 201->206->117 MB, 214 MB goal, 0 MB stacks, 0 MB globals, 20 P
gc 7984 @248.241s 0%: 0.019+3.5+0.003 ms clock, 0.39+0/3.7/0.004+0.077 ms cpu, 223->223->115 MB, 234 MB goal, 0 MB stacks, 0 MB globals, 20 P
gc 7985 @248.259s 0%: 0.020+3.2+0.004 ms clock, 0.41+0/3.5/0+0.080 ms cpu, 229->229->121 MB, 231 MB goal, 0 MB stacks, 0 MB globals, 20 P
gc 7986 @248.284s 0%: 0.020+0.49+0.003 ms clock, 0.40+0.077/0.84/0+0.074 ms cpu, 230->232->107 MB, 243 MB goal, 0 MB stacks, 0 MB globals, 20 P
gc 7987 @248.298s 0%: 0.032+0.54+0.011 ms clock, 0.64+0/0.82/0+0.23 ms cpu, 202->203->109 MB, 214 MB goal, 0 MB stacks, 0 MB globals, 20 P
gc 7988 @248.315s 0%: 0.027+0.83+0.012 ms clock, 0.54+0/1.5/0.007+0.24 ms cpu, 214->214->110 MB, 218 MB goal, 0 MB stacks, 0 MB globals, 20 P
gc 7989 @248.337s 0%: 0.017+5.1+0.004 ms clock, 0.34+0/5.6/0.069+0.080 ms cpu, 227->227->118 MB, 227 MB goal, 0 MB stacks, 0 MB globals, 20 P
gc 7990 @248.359s 0%: 0.018+2.0+0.003 ms clock, 0.37+0/1.2/0+0.070 ms cpu, 232->235->112 MB, 237 MB goal, 0 MB stacks, 0 MB globals, 20 P
gc 7991 @248.374s 0%: 0.016+3.1+0.004 ms clock, 0.32+0/3.4/0.008+0.091 ms cpu, 222->222->114 MB, 224 MB goal, 0 MB stacks, 0 MB globals, 20 P
gc 7992 @248.399s 0%: 0.034+8.4+0.071 ms clock, 0.69+0/9.6/0.14+1.4 ms cpu, 234->234->119 MB, 234 MB goal, 0 MB stacks, 0 MB globals, 20 P
gc 7993 @248.434s 0%: 0.019+0.54+0.003 ms clock, 0.38+0.12/0.61/0+0.068 ms cpu, 234->236->106 MB, 238 MB goal, 0 MB stacks, 0 MB globals, 20 P
gc 7994 @248.455s 0%: 0.030+0.69+0.006 ms clock, 0.61+0/1.8/0.21+0.12 ms cpu, 209->209->108 MB, 214 MB goal, 0 MB stacks, 0 MB globals, 20 P
gc 7995 @248.474s 0%: 0.019+0.58+0.003 ms clock, 0.38+0/1.2/0.012+0.065 ms cpu, 213->213->112 MB, 217 MB goal, 0 MB stacks, 0 MB globals, 20 P
gc 7996 @248.490s 0%: 0.024+6.2+0.005 ms clock, 0.48+0/7.0/0.15+0.10 ms cpu, 223->223->117 MB, 226 MB goal, 0 MB stacks, 0 MB globals, 20 P
gc 7997 @248.511s 0%: 0.020+6.6+0.17 ms clock, 0.41+0/7.1/0.036+3.5 ms cpu, 238->238->125 MB, 238 MB goal, 0 MB stacks, 0 MB globals, 20 P
gc 7998 @248.545s 0%: 0.027+0.46+0.003 ms clock, 0.54+0/0.85/0.034+0.069 ms cpu, 247->247->116 MB, 250 MB goal, 0 MB stacks, 0 MB globals, 20 P
gc 7999 @248.572s 0%: 0.019+1.0+0.003 ms clock, 0.38+0/1.4/0+0.062 ms cpu, 236->236->122 MB, 236 MB goal, 0 MB stacks, 0 MB globals, 20 P
gc 8000 @248.590s 0%: 0.020+0.34+0.008 ms clock, 0.40+0/0.72/0.002+0.16 ms cpu, 244->244->139 MB, 245 MB goal, 0 MB stacks, 0 MB globals, 20 P
gc 8001 @248.620s 0%: 0.026+5.9+0.006 ms clock, 0.52+0/6.3/0+0.12 ms cpu, 281->281->119 MB, 281 MB goal, 0 MB stacks, 0 MB globals, 20 P
gc 8002 @248.642s 0%: 0.020+1.7+0.003 ms clock, 0.40+0/2.0/0.088+0.068 ms cpu, 240->240->125 MB, 240 MB goal, 0 MB stacks, 0 MB globals, 20 P
gc 8003 @248.665s 0%: 0.018+0.49+0.20 ms clock, 0.37+0/0.81/0.017+4.0 ms cpu, 247->247->112 MB, 250 MB goal, 0 MB stacks, 0 MB globals, 20 P
gc 8004 @248.680s 0%: 0.020+1.2+0.007 ms clock, 0.40+0/1.9/0.011+0.15 ms cpu, 221->221->117 MB, 225 MB goal, 0 MB stacks, 0 MB globals, 20 P
gc 8005 @248.701s 0%: 0.024+0.46+0.015 ms clock, 0.48+0/0.91/0.051+0.30 ms cpu, 233->233->134 MB, 235 MB goal, 0 MB stacks, 0 MB globals, 20 P
gc 8006 @248.723s 0%: 0.020+4.7+0.003 ms clock, 0.40+0/4.8/0.001+0.069 ms cpu, 270->270->118 MB, 270 MB goal, 0 MB stacks, 0 MB globals, 20 P
gc 8007 @248.748s 0%: 0.018+1.4+0.003 ms clock, 0.36+0/1.8/0+0.072 ms cpu, 236->236->107 MB, 236 MB goal, 0 MB stacks, 0 MB globals, 20 P
gc 8008 @248.766s 0%: 0.024+0.97+0.008 ms clock, 0.49+0/1.4/0+0.17 ms cpu, 217->217->110 MB, 218 MB goal, 0 MB stacks, 0 MB globals, 20 P
gc 8009 @248.783s 0%: 0.020+6.2+0.042 ms clock, 0.40+0/6.6/0.001+0.85 ms cpu, 231->245->130 MB, 231 MB goal, 0 MB stacks, 0 MB globals, 20 P
gc 8010 @248.810s 0%: 0.018+0.59+0.003 ms clock, 0.37+0/1.0/0.005+0.074 ms cpu, 248->248->109 MB, 261 MB goal, 0 MB stacks, 0 MB globals, 20 P
gc 8011 @248.838s 0%: 0.027+0.86+0.085 ms clock, 0.55+0/2.0/0.012+1.7 ms cpu, 207->207->111 MB, 218 MB goal, 0 MB stacks, 0 MB globals, 20 P
gc 8012 @248.852s 0%: 0.019+1.5+0.003 ms clock, 0.38+0/1.6/0+0.079 ms cpu, 212->212->116 MB, 224 MB goal, 0 MB stacks, 0 MB globals, 20 P
gc 8013 @248.868s 0%: 0.018+2.4+0.080 ms clock, 0.37+0/2.7/0+1.6 ms cpu, 230->241->132 MB, 234 MB goal, 0 MB stacks, 0 MB globals, 20 P
gc 8014 @248.895s 0%: 0.018+0.73+0.005 ms clock, 0.37+0/1.3/0.041+0.11 ms cpu, 257->257->115 MB, 265 MB goal, 0 MB stacks, 0 MB globals, 20 P
gc 8015 @248.910s 0%: 0.018+0.97+0.004 ms clock, 0.37+0/1.4/0+0.093 ms cpu, 226->226->119 MB, 231 MB goal, 0 MB stacks, 0 MB globals, 20 P
gc 8016 @248.928s 0%: 0.033+9.1+0.005 ms clock, 0.66+0/9.7/0.024+0.10 ms cpu, 240->240->124 MB, 240 MB goal, 0 MB stacks, 0 MB globals, 20 P
gc 8017 @248.969s 0%: 0.026+0.57+0.16 ms clock, 0.53+0.062/1.2/0+3.3 ms cpu, 236->239->112 MB, 249 MB goal, 0 MB stacks, 0 MB globals, 20 P
gc 8018 @248.988s 0%: 0.018+0.46+0.006 ms clock, 0.36+0/0.72/0+0.12 ms cpu, 212->212->111 MB, 224 MB goal, 0 MB stacks, 0 MB globals, 20 P
gc 8019 @249.007s 0%: 0.025+1.5+0.010 ms clock, 0.51+0/2.2/0+0.20 ms cpu, 214->214->115 MB, 224 MB goal, 0 MB stacks, 0 MB globals, 20 P
gc 8020 @249.023s 0%: 0.018+4.6+0.092 ms clock, 0.36+0/5.1/0+1.8 ms cpu, 227->238->132 MB, 231 MB goal, 0 MB stacks, 0 MB globals, 20 P
gc 8021 @249.051s 0%: 0.017+1.4+0.002 ms clock, 0.34+0/1.8/0+0.058 ms cpu, 255->255->114 MB, 264 MB goal, 0 MB stacks, 0 MB globals, 20 P
gc 8022 @249.067s 0%: 0.017+0.98+0.005 ms clock, 0.34+0/1.2/0+0.10 ms cpu, 224->224->117 MB, 229 MB goal, 0 MB stacks, 0 MB globals, 20 P
gc 8023 @249.082s 0%: 0.019+1.2+0.006 ms clock, 0.39+0/1.4/0+0.12 ms cpu, 222->222->119 MB, 234 MB goal, 0 MB stacks, 0 MB globals, 20 P
gc 8024 @249.100s 0%: 0.023+1.7+0.004 ms clock, 0.46+0/2.0/0+0.099 ms cpu, 228->228->122 MB, 239 MB goal, 0 MB stacks, 0 MB globals, 20 P
gc 8025 @249.121s 0%: 0.017+0.47+0.003 ms clock, 0.35+0/0.86/0+0.066 ms cpu, 232->233->108 MB, 246 MB goal, 0 MB stacks, 0 MB globals, 20 P
gc 8026 @249.136s 0%: 0.016+0.57+0.003 ms clock, 0.33+0.048/0.86/0+0.067 ms cpu, 203->207->112 MB, 217 MB goal, 0 MB stacks, 0 MB globals, 20 P
gc 8027 @249.150s 0%: 0.020+2.4+0.003 ms clock, 0.41+0/2.0/0.017+0.074 ms cpu, 215->220->121 MB, 225 MB goal, 0 MB stacks, 0 MB globals, 20 P
gc 8028 @249.170s 0%: 0.018+2.5+0.002 ms clock, 0.36+0/2.9/0.012+0.059 ms cpu, 238->238->122 MB, 242 MB goal, 0 MB stacks, 0 MB globals, 20 P
gc 8029 @249.186s 0%: 0.021+5.4+0.004 ms clock, 0.42+0/5.8/0.018+0.083 ms cpu, 243->243->129 MB, 245 MB goal, 0 MB stacks, 0 MB globals, 20 P
gc 8030 @249.214s 0%: 0.031+0.92+0.005 ms clock, 0.63+0/1.0/0.020+0.11 ms cpu, 248->251->119 MB, 258 MB goal, 0 MB stacks, 0 MB globals, 20 P
gc 8031 @249.234s 0%: 0.030+1.0+0.10 ms clock, 0.60+0/2.0/0+2.1 ms cpu, 227->227->119 MB, 238 MB goal, 0 MB stacks, 0 MB globals, 20 P
gc 8032 @249.262s 0%: 0.033+5.0+0.10 ms clock, 0.66+0/6.1/0.001+2.1 ms cpu, 241->254->140 MB, 241 MB goal, 0 MB stacks, 0 MB globals, 20 P
gc 8033 @249.294s 0%: 0.017+6.1+0.060 ms clock, 0.34+0/6.7/0.063+1.2 ms cpu, 278->288->132 MB, 280 MB goal, 0 MB stacks, 0 MB globals, 20 P
gc 8034 @249.324s 0%: 0.018+0.61+0.003 ms clock, 0.37+0/0.98/0+0.066 ms cpu, 256->256->112 MB, 264 MB goal, 0 MB stacks, 0 MB globals, 20 P
gc 8035 @249.338s 0%: 0.029+1.0+0.057 ms clock, 0.58+0/1.9/0.022+1.1 ms cpu, 212->222->123 MB, 224 MB goal, 0 MB stacks, 0 MB globals, 20 P
gc 8036 @249.365s 0%: 0.031+11+0.13 ms clock, 0.62+0/12/0.077+2.6 ms cpu, 244->244->121 MB, 247 MB goal, 0 MB stacks, 0 MB globals, 20 P
gc 8037 @249.396s 0%: 0.021+0.49+0.004 ms clock, 0.42+0.035/0.87/0+0.086 ms cpu, 230->234->111 MB, 243 MB goal, 0 MB stacks, 0 MB globals, 20 P
gc 8038 @249.412s 0%: 0.016+1.1+0.005 ms clock, 0.32+0/1.1/0+0.10 ms cpu, 210->213->114 MB, 222 MB goal, 0 MB stacks, 0 MB globals, 20 P
gc 8039 @249.429s 0%: 0.017+2.1+0.003 ms clock, 0.35+0/2.6/0+0.060 ms cpu, 222->222->116 MB, 229 MB goal, 0 MB stacks, 0 MB globals, 20 P
gc 8040 @249.449s 0%: 0.027+2.1+0.005 ms clock, 0.54+0/3.0/0.12+0.11 ms cpu, 227->227->123 MB, 233 MB goal, 0 MB stacks, 0 MB globals, 20 P
gc 8041 @249.485s 0%: 0.018+0.61+0.020 ms clock, 0.37+0/1.0/0.013+0.40 ms cpu, 240->240->138 MB, 247 MB goal, 0 MB stacks, 0 MB globals, 20 P
gc 8042 @249.505s 0%: 0.018+2.8+0.006 ms clock, 0.36+0/2.9/0+0.13 ms cpu, 276->276->122 MB, 276 MB goal, 0 MB stacks, 0 MB globals, 20 P
gc 8043 @249.529s 0%: 0.017+0.48+0.14 ms clock, 0.35+0/0.78/0+2.8 ms cpu, 234->236->110 MB, 245 MB goal, 0 MB stacks, 0 MB globals, 20 P
gc 8044 @249.542s 0%: 0.016+0.50+0.004 ms clock, 0.33+0/0.86/0.002+0.082 ms cpu, 212->212->110 MB, 221 MB goal, 0 MB stacks, 0 MB globals, 20 P
gc 8045 @249.557s 0%: 0.017+1.9+0.002 ms clock, 0.35+0/2.3/0+0.058 ms cpu, 214->214->113 MB, 221 MB goal, 0 MB stacks, 0 MB globals, 20 P
gc 8046 @249.573s 0%: 0.018+1.0+0.003 ms clock, 0.36+0/1.2/0+0.067 ms cpu, 223->223->116 MB, 226 MB goal, 0 MB stacks, 0 MB globals, 20 P
gc 8047 @249.592s 0%: 0.022+0.52+0.015 ms clock, 0.45+0/0.76/0.001+0.31 ms cpu, 234->234->131 MB, 234 MB goal, 0 MB stacks, 0 MB globals, 20 P
gc 8048 @249.619s 0%: 0.017+2.4+0.003 ms clock, 0.34+0/2.8/0+0.079 ms cpu, 254->254->113 MB, 263 MB goal, 0 MB stacks, 0 MB globals, 20 P
gc 8049 @249.636s 0%: 0.017+3.1+0.003 ms clock, 0.35+0/3.2/0+0.067 ms cpu, 217->217->119 MB, 227 MB goal, 0 MB stacks, 0 MB globals, 20 P
gc 8050 @249.656s 0%: 0.018+0.37+0.009 ms clock, 0.37+0/0.77/0+0.18 ms cpu, 241->241->136 MB, 241 MB goal, 0 MB stacks, 0 MB globals, 20 P
gc 8051 @249.676s 0%: 0.017+3.1+0.005 ms clock, 0.35+0/3.3/0+0.11 ms cpu, 268->268->114 MB, 272 MB goal, 0 MB stacks, 0 MB globals, 20 P
gc 8052 @249.694s 0%: 0.016+1.1+0.006 ms clock, 0.32+0/1.3/0.002+0.13 ms cpu, 229->229->119 MB, 229 MB goal, 0 MB stacks, 0 MB globals, 20 P
gc 8053 @249.720s 0%: 0.021+0.58+0.081 ms clock, 0.43+0/0.88/0.001+1.6 ms cpu, 241->241->136 MB, 241 MB goal, 0 MB stacks, 0 MB globals, 20 P
gc 8054 @249.743s 0%: 0.023+2.7+0.003 ms clock, 0.47+0/3.5/0+0.079 ms cpu, 268->268->117 MB, 272 MB goal, 0 MB stacks, 0 MB globals, 20 P
gc 8055 @249.759s 0%: 0.036+2.6+0.005 ms clock, 0.73+0/2.9/0+0.10 ms cpu, 233->233->125 MB, 235 MB goal, 0 MB stacks, 0 MB globals, 20 P
gc 8056 @249.778s 0%: 0.015+0.92+0.032 ms clock, 0.31+0/1.1/0+0.64 ms cpu, 244->248->116 MB, 251 MB goal, 0 MB stacks, 0 MB globals, 20 P
gc 8057 @249.799s 0%: 0.017+3.9+0.003 ms clock, 0.35+0/4.2/0+0.071 ms cpu, 239->239->119 MB, 239 MB goal, 0 MB stacks, 0 MB globals, 20 P
gc 8058 @249.816s 0%: 0.020+1.4+0.003 ms clock, 0.40+0/1.9/0+0.072 ms cpu, 239->239->124 MB, 239 MB goal, 0 MB stacks, 0 MB globals, 20 P
gc 8059 @249.836s 0%: 0.019+0.41+0.003 ms clock, 0.38+0/0.81/0+0.062 ms cpu, 247->247->111 MB, 249 MB goal, 0 MB stacks, 0 MB globals, 20 P
gc 8060 @249.850s 0%: 0.017+0.72+0.007 ms clock, 0.35+0/1.0/0.004+0.15 ms cpu, 220->220->114 MB, 223 MB goal, 0 MB stacks, 0 MB globals, 20 P
gc 8061 @249.875s 0%: 0.019+0.41+0.008 ms clock, 0.38+0/0.85/0+0.17 ms cpu, 232->232->132 MB, 232 MB goal, 0 MB stacks, 0 MB globals, 20 P
gc 8062 @249.892s 0%: 0.018+2.4+0.003 ms clock, 0.36+0/2.6/0+0.060 ms cpu, 269->269->119 MB, 269 MB goal, 0 MB stacks, 0 MB globals, 20 P
gc 8063 @249.915s 0%: 0.020+0.61+0.019 ms clock, 0.40+0/0.87/0.098+0.39 ms cpu, 241->241->136 MB, 241 MB goal, 0 MB stacks, 0 MB globals, 20 P
gc 8064 @249.942s 0%: 0.020+0.99+0.005 ms clock, 0.41+0/1.1/0+0.10 ms cpu, 279->279->116 MB, 279 MB goal, 0 MB stacks, 0 MB globals, 20 P
gc 8065 @249.965s 0%: 0.034+2.0+0.007 ms clock, 0.69+0/2.8/0+0.15 ms cpu, 237->237->122 MB, 237 MB goal, 0 MB stacks, 0 MB globals, 20 P
gc 8066 @249.990s 0%: 0.017+1.2+0.006 ms clock, 0.35+0.047/0.72/0+0.12 ms cpu, 242->245->114 MB, 246 MB goal, 0 MB stacks, 0 MB globals, 20 P
gc 8067 @250.005s 0%: 0.020+0.88+0.003 ms clock, 0.40+0/1.1/0+0.077 ms cpu, 231->231->118 MB, 231 MB goal, 0 MB stacks, 0 MB globals, 20 P
gc 8068 @250.029s 0%: 0.019+0.58+0.003 ms clock, 0.38+0.21/0.54/0+0.070 ms cpu, 234->235->112 MB, 237 MB goal, 0 MB stacks, 0 MB globals, 20 P
gc 8069 @250.047s 0%: 0.023+2.4+0.007 ms clock, 0.46+0/2.8/0.009+0.14 ms cpu, 231->231->118 MB, 231 MB goal, 0 MB stacks, 0 MB globals, 20 P
gc 8070 @250.064s 0%: 0.021+2.1+0.003 ms clock, 0.42+0/2.4/0.002+0.071 ms cpu, 238->238->123 MB, 238 MB goal, 0 MB stacks, 0 MB globals, 20 P
gc 8071 @250.090s 0%: 0.029+1.1+0.007 ms clock, 0.58+0/2.2/0.20+0.15 ms cpu, 249->249->110 MB, 249 MB goal, 0 MB stacks, 0 MB globals, 20 P
gc 8072 @250.111s 0%: 0.027+1.5+0.004 ms clock, 0.55+0/2.1/0+0.088 ms cpu, 226->226->115 MB, 226 MB goal, 0 MB stacks, 0 MB globals, 20 P
gc 8073 @250.135s 0%: 0.020+0.48+0.008 ms clock, 0.40+0/0.68/0+0.17 ms cpu, 237->237->132 MB, 237 MB goal, 0 MB stacks, 0 MB globals, 20 P
gc 8074 @250.161s 0%: 0.018+2.9+0.003 ms clock, 0.37+0/3.2/0.036+0.073 ms cpu, 265->265->113 MB, 265 MB goal, 0 MB stacks, 0 MB globals, 20 P
gc 8075 @250.182s 0%: 0.029+3.7+0.009 ms clock, 0.59+0/4.5/0.006+0.18 ms cpu, 229->229->120 MB, 229 MB goal, 0 MB stacks, 0 MB globals, 20 P
gc 8076 @250.202s 0%: 0.031+0.67+0.015 ms clock, 0.62+0/1.3/0+0.30 ms cpu, 243->243->139 MB, 243 MB goal, 0 MB stacks, 0 MB globals, 20 P
gc 8077 @250.228s 0%: 0.019+3.9+0.003 ms clock, 0.38+0/4.1/0+0.074 ms cpu, 276->276->124 MB, 278 MB goal, 0 MB stacks, 0 MB globals, 20 P
gc 8078 @250.250s 0%: 0.020+0.94+0.003 ms clock, 0.40+0/1.4/0+0.061 ms cpu, 250->250->115 MB, 250 MB goal, 0 MB stacks, 0 MB globals, 20 P
gc 8079 @250.264s 0%: 0.019+1.5+0.003 ms clock, 0.38+0/1.8/0+0.076 ms cpu, 227->227->119 MB, 231 MB goal, 0 MB stacks, 0 MB globals, 20 P
gc 8080 @250.292s 0%: 0.029+0.57+0.005 ms clock, 0.59+0/0.83/0.008+0.10 ms cpu, 237->237->106 MB, 240 MB goal, 0 MB stacks, 0 MB globals, 20 P
gc 8081 @250.305s 0%: 0.021+1.8+0.005 ms clock, 0.43+0/2.0/0+0.11 ms cpu, 208->208->107 MB, 212 MB goal, 0 MB stacks, 0 MB globals, 20 P
gc 8082 @250.325s 0%: 0.029+3.7+0.005 ms clock, 0.58+0/4.1/0.001+0.11 ms cpu, 220->220->113 MB, 220 MB goal, 0 MB stacks, 0 MB globals, 20 P
gc 8083 @250.354s 0%: 0.018+0.47+0.007 ms clock, 0.37+0.085/0.82/0.031+0.15 ms cpu, 223->225->105 MB, 227 MB goal, 0 MB stacks, 0 MB globals, 20 P
gc 8084 @250.376s 0%: 0.016+0.51+0.005 ms clock, 0.33+0.055/0.85/0.052+0.10 ms cpu, 210->210->106 MB, 211 MB goal, 0 MB stacks, 0 MB globals, 20 P
gc 8085 @250.393s 0%: 0.018+1.5+0.004 ms clock, 0.36+0/2.1/0.021+0.080 ms cpu, 214->214->109 MB, 214 MB goal, 0 MB stacks, 0 MB globals, 20 P
gc 8086 @250.415s 0%: 0.026+2.1+0.10 ms clock, 0.52+0/2.8/0.13+2.1 ms cpu, 220->220->116 MB, 220 MB goal, 0 MB stacks, 0 MB globals, 20 P
gc 8087 @250.445s 0%: 0.023+3.5+0.003 ms clock, 0.46+0/4.1/0.14+0.064 ms cpu, 237->237->123 MB, 237 MB goal, 0 MB stacks, 0 MB globals, 20 P
gc 8088 @250.472s 0%: 0.018+0.49+0.003 ms clock, 0.37+0/0.75/0+0.069 ms cpu, 246->246->116 MB, 247 MB goal, 0 MB stacks, 0 MB globals, 20 P
gc 8089 @250.489s 0%: 0.020+1.5+0.003 ms clock, 0.40+0/1.9/0+0.068 ms cpu, 232->232->121 MB, 232 MB goal, 0 MB stacks, 0 MB globals, 20 P
gc 8090 @250.515s 0%: 0.029+0.73+0.005 ms clock, 0.59+0/1.0/0.009+0.11 ms cpu, 240->243->113 MB, 244 MB goal, 0 MB stacks, 0 MB globals, 20 P
gc 8091 @250.535s 0%: 0.027+1.0+0.009 ms clock, 0.55+0/1.7/0.004+0.18 ms cpu, 225->225->115 MB, 227 MB goal, 0 MB stacks, 0 MB globals, 20 P
gc 8092 @250.554s 0%: 0.020+1.0+0.003 ms clock, 0.40+0/1.4/0.019+0.063 ms cpu, 237->237->120 MB, 237 MB goal, 0 MB stacks, 0 MB globals, 20 P
gc 8093 @250.583s 0%: 0.028+0.58+0.014 ms clock, 0.56+0/1.3/0.035+0.29 ms cpu, 241->241->136 MB, 241 MB goal, 0 MB stacks, 0 MB globals, 20 P
gc 8094 @250.619s 0%: 0.029+7.0+0.005 ms clock, 0.58+0/1.1/0+0.10 ms cpu, 278->278->124 MB, 278 MB goal, 0 MB stacks, 0 MB globals, 20 P
gc 8095 @250.649s 0%: 0.024+0.61+0.012 ms clock, 0.48+0/1.1/0+0.24 ms cpu, 259->259->136 MB, 260 MB goal, 0 MB stacks, 0 MB globals, 20 P
gc 8096 @250.680s 0%: 0.021+0.90+0.003 ms clock, 0.42+0/1.2/0+0.070 ms cpu, 278->278->119 MB, 278 MB goal, 0 MB stacks, 0 MB globals, 20 P
gc 8097 @250.701s 0%: 0.020+1.2+0.005 ms clock, 0.41+0/1.5/0+0.10 ms cpu, 240->240->128 MB, 240 MB goal, 0 MB stacks, 0 MB globals, 20 P
gc 8098 @250.730s 0%: 0.033+1.2+0.14 ms clock, 0.67+0/1.6/0+2.9 ms cpu, 255->255->117 MB, 257 MB goal, 0 MB stacks, 0 MB globals, 20 P
gc 8099 @250.749s 0%: 0.024+4.7+0.008 ms clock, 0.49+0/5.5/0.090+0.16 ms cpu, 235->235->124 MB, 235 MB goal, 0 MB stacks, 0 MB globals, 20 P
gc 8100 @250.781s 0%: 0.035+3.1+0.003 ms clock, 0.71+0/4.0/0.10+0.067 ms cpu, 250->250->115 MB, 250 MB goal, 0 MB stacks, 0 MB globals, 20 P
gc 8101 @250.806s 0%: 0.032+4.4+0.007 ms clock, 0.64+0/5.1/0+0.15 ms cpu, 229->229->119 MB, 230 MB goal, 0 MB stacks, 0 MB globals, 20 P
gc 8102 @250.836s 0%: 0.023+0.45+0.010 ms clock, 0.47+0/0.85/0+0.20 ms cpu, 241->241->136 MB, 241 MB goal, 0 MB stacks, 0 MB globals, 20 P
gc 8103 @250.867s 0%: 0.026+5.1+0.006 ms clock, 0.53+0/5.9/0+0.13 ms cpu, 268->268->114 MB, 272 MB goal, 0 MB stacks, 0 MB globals, 20 P
gc 8104 @250.901s 0%: 0.030+2.4+0.006 ms clock, 0.60+0/3.2/0.17+0.13 ms cpu, 229->229->118 MB, 230 MB goal, 0 MB stacks, 0 MB globals, 20 P
gc 8105 @250.933s 0%: 0.021+0.55+0.010 ms clock, 0.42+0/0.81/0+0.20 ms cpu, 241->241->137 MB, 241 MB goal, 0 MB stacks, 0 MB globals, 20 P
gc 8106 @250.958s 0%: 0.028+3.8+0.003 ms clock, 0.57+0/4.6/0+0.073 ms cpu, 280->280->122 MB, 280 MB goal, 0 MB stacks, 0 MB globals, 20 P
gc 8107 @250.988s 0%: 0.021+0.45+0.004 ms clock, 0.43+0.088/0.79/0+0.083 ms cpu, 242->243->113 MB, 246 MB goal, 0 MB stacks, 0 MB globals, 20 P
gc 8108 @251.006s 0%: 0.032+4.6+0.005 ms clock, 0.65+0/4.9/0.019+0.10 ms cpu, 223->223->116 MB, 227 MB goal, 0 MB stacks, 0 MB globals, 20 P
gc 8109 @251.037s 0%: 0.028+8.2+0.005 ms clock, 0.57+0/8.8/0+0.11 ms cpu, 232->232->121 MB, 234 MB goal, 0 MB stacks, 0 MB globals, 20 P
gc 8110 @251.075s 0%: 0.020+0.49+0.078 ms clock, 0.40+0/0.77/0+1.5 ms cpu, 243->243->138 MB, 243 MB goal, 0 MB stacks, 0 MB globals, 20 P
gc 8111 @251.102s 0%: 0.024+4.9+0.005 ms clock, 0.49+0/5.3/0+0.10 ms cpu, 281->281->118 MB, 281 MB goal, 0 MB stacks, 0 MB globals, 20 P
gc 8112 @251.120s 0%: 0.019+2.7+0.003 ms clock, 0.39+0/3.0/0+0.079 ms cpu, 239->239->124 MB, 239 MB goal, 0 MB stacks, 0 MB globals, 20 P
gc 8113 @251.154s 0%: 0.025+2.6+0.004 ms clock, 0.51+0/3.4/0.006+0.094 ms cpu, 252->252->115 MB, 252 MB goal, 0 MB stacks, 0 MB globals, 20 P
gc 8114 @251.172s 0%: 0.020+1.2+0.004 ms clock, 0.41+0/1.6/0+0.083 ms cpu, 230->230->119 MB, 230 MB goal, 0 MB stacks, 0 MB globals, 20 P
gc 8115 @251.195s 0%: 0.025+0.51+0.010 ms clock, 0.51+0/0.88/0+0.20 ms cpu, 240->240->135 MB, 240 MB goal, 0 MB stacks, 0 MB globals, 20 P
gc 8116 @251.226s 0%: 0.017+4.5+0.005 ms clock, 0.35+0/4.7/0+0.11 ms cpu, 272->272->115 MB, 272 MB goal, 0 MB stacks, 0 MB globals, 20 P
gc 8117 @251.252s 0%: 0.019+0.52+0.016 ms clock, 0.38+0/0.82/0+0.32 ms cpu, 236->236->131 MB, 236 MB goal, 0 MB stacks, 0 MB globals, 20 P
gc 8118 @251.274s 0%: 0.019+0.69+0.005 ms clock, 0.38+0/0.99/0+0.10 ms cpu, 263->263->112 MB, 263 MB goal, 0 MB stacks, 0 MB globals, 20 P
gc 8119 @251.295s 0%: 0.020+1.1+0.005 ms clock, 0.41+0/1.6/0+0.10 ms cpu, 227->227->117 MB, 227 MB goal, 0 MB stacks, 0 MB globals, 20 P
gc 8120 @251.312s 0%: 0.026+0.64+0.015 ms clock, 0.53+0/1.1/0.016+0.31 ms cpu, 239->239->134 MB, 239 MB goal, 0 MB stacks, 0 MB globals, 20 P
gc 8121 @251.343s 0%: 0.019+0.83+0.005 ms clock, 0.38+0/1.0/0+0.11 ms cpu, 266->266->116 MB, 268 MB goal, 0 MB stacks, 0 MB globals, 20 P
gc 8122 @251.365s 0%: 0.029+2.3+0.006 ms clock, 0.59+0/3.0/0.018+0.13 ms cpu, 232->232->124 MB, 234 MB goal, 0 MB stacks, 0 MB globals, 20 P
gc 8123 @251.386s 0%: 0.023+0.59+0.009 ms clock, 0.46+0/0.96/0+0.18 ms cpu, 247->247->142 MB, 249 MB goal, 0 MB stacks, 0 MB globals, 20 P
gc 8124 @251.410s 0%: 0.020+3.7+0.003 ms clock, 0.41+0/3.8/0.008+0.072 ms cpu, 284->284->122 MB, 285 MB goal, 0 MB stacks, 0 MB globals, 20 P
gc 8125 @251.433s 0%: 0.018+0.49+0.005 ms clock, 0.37+0.12/0.71/0+0.11 ms cpu, 242->243->111 MB, 245 MB goal, 0 MB stacks, 0 MB globals, 20 P
gc 8126 @251.448s 0%: 0.016+0.50+0.007 ms clock, 0.32+0/0.99/0.020+0.14 ms cpu, 223->223->113 MB, 223 MB goal, 0 MB stacks, 0 MB globals, 20 P
gc 8127 @251.463s 0%: 0.021+2.3+0.005 ms clock, 0.43+0/2.6/0+0.10 ms cpu, 230->230->118 MB, 231 MB goal, 0 MB stacks, 0 MB globals, 20 P
gc 8128 @251.479s 0%: 0.021+3.5+0.003 ms clock, 0.43+0/3.9/0+0.066 ms cpu, 239->239->124 MB, 239 MB goal, 0 MB stacks, 0 MB globals, 20 P
gc 8129 @251.510s 0%: 0.026+0.60+0.006 ms clock, 0.52+0/1.4/0.10+0.13 ms cpu, 247->247->111 MB, 249 MB goal, 0 MB stacks, 0 MB globals, 20 P
gc 8130 @251.538s 0%: 0.031+5.2+0.003 ms clock, 0.63+0/5.9/0.11+0.064 ms cpu, 231->231->119 MB, 231 MB goal, 0 MB stacks, 0 MB globals, 20 P
gc 8131 @251.569s 0%: 0.018+0.53+0.015 ms clock, 0.36+0.076/0.66/0+0.31 ms cpu, 236->236->110 MB, 238 MB goal, 0 MB stacks, 0 MB globals, 20 P
gc 8132 @251.590s 0%: 0.020+0.85+0.003 ms clock, 0.41+0/1.4/0+0.079 ms cpu, 221->221->114 MB, 221 MB goal, 0 MB stacks, 0 MB globals, 20 P
gc 8133 @251.611s 0%: 0.031+0.63+0.015 ms clock, 0.63+0/1.2/0+0.30 ms cpu, 230->230->130 MB, 230 MB goal, 0 MB stacks, 0 MB globals, 20 P
gc 8134 @251.641s 0%: 0.016+2.9+0.003 ms clock, 0.32+0/3.5/0.017+0.079 ms cpu, 262->262->111 MB, 262 MB goal, 0 MB stacks, 0 MB globals, 20 P
gc 8135 @251.656s 0%: 0.016+2.3+0.005 ms clock, 0.32+0/2.5/0+0.10 ms cpu, 226->226->116 MB, 226 MB goal, 0 MB stacks, 0 MB globals, 20 P
gc 8136 @251.677s 0%: 0.099+0.61+0.017 ms clock, 1.9+0/0.92/0+0.34 ms cpu, 238->238->133 MB, 238 MB goal, 0 MB stacks, 0 MB globals, 20 P
gc 8137 @251.696s 0%: 0.018+4.6+0.020 ms clock, 0.36+0/4.8/0+0.41 ms cpu, 269->280->127 MB, 269 MB goal, 0 MB stacks, 0 MB globals, 20 P
gc 8138 @251.732s 0%: 0.022+0.78+0.007 ms clock, 0.45+0/1.3/0.003+0.14 ms cpu, 244->244->106 MB, 254 MB goal, 0 MB stacks, 0 MB globals, 20 P
gc 8139 @251.750s 0%: 0.024+0.93+0.016 ms clock, 0.49+0/1.4/0+0.33 ms cpu, 204->204->108 MB, 213 MB goal, 0 MB stacks, 0 MB globals, 20 P
gc 8140 @251.772s 0%: 0.028+1.0+0.006 ms clock, 0.57+0/2.0/0.12+0.12 ms cpu, 209->209->110 MB, 218 MB goal, 0 MB stacks, 0 MB globals, 20 P
gc 8141 @251.793s 0%: 0.029+1.5+0.009 ms clock, 0.58+0/2.2/0.003+0.19 ms cpu, 213->213->112 MB, 221 MB goal, 0 MB stacks, 0 MB globals, 20 P
gc 8142 @251.811s 0%: 0.028+7.1+0.004 ms clock, 0.56+0/7.5/0.002+0.080 ms cpu, 217->217->115 MB, 225 MB goal, 0 MB stacks, 0 MB globals, 20 P
gc 8143 @251.831s 0%: 0.021+8.5+0.006 ms clock, 0.43+0/8.9/0+0.13 ms cpu, 223->223->121 MB, 230 MB goal, 0 MB stacks, 0 MB globals, 20 P
gc 8144 @251.868s 0%: 0.016+0.70+0.003 ms clock, 0.33+0.073/0.77/0.11+0.062 ms cpu, 232->236->116 MB, 243 MB goal, 0 MB stacks, 0 MB globals, 20 P
gc 8145 @251.884s 0%: 0.062+2.1+0.74 ms clock, 1.2+0/2.3/0+14 ms cpu, 225->232->124 MB, 232 MB goal, 0 MB stacks, 0 MB globals, 20 P
gc 8146 @251.909s 0%: 0.019+4.6+0.004 ms clock, 0.38+0/4.8/0+0.080 ms cpu, 247->247->126 MB, 248 MB goal, 0 MB stacks, 0 MB globals, 20 P
gc 8147 @251.941s 0%: 0.021+0.96+0.008 ms clock, 0.42+0/1.3/0.005+0.16 ms cpu, 244->248->116 MB, 252 MB goal, 0 MB stacks, 0 MB globals, 20 P
gc 8148 @251.955s 0%: 0.016+0.73+0.003 ms clock, 0.32+0/1.2/0.021+0.076 ms cpu, 228->228->116 MB, 233 MB goal, 0 MB stacks, 0 MB globals, 20 P
gc 8149 @251.970s 0%: 0.018+1.1+0.003 ms clock, 0.37+0/1.3/0+0.069 ms cpu, 231->231->120 MB, 233 MB goal, 0 MB stacks, 0 MB globals, 20 P
gc 8150 @251.998s 0%: 0.020+0.49+0.013 ms clock, 0.40+0/0.90/0+0.27 ms cpu, 242->242->137 MB, 242 MB goal, 0 MB stacks, 0 MB globals, 20 P
gc 8151 @252.028s 0%: 0.024+1.5+0.004 ms clock, 0.49+0/1.9/0+0.088 ms cpu, 270->270->115 MB, 275 MB goal, 0 MB stacks, 0 MB globals, 20 P
gc 8152 @252.048s 0%: 0.023+3.9+0.003 ms clock, 0.47+0/4.5/0+0.071 ms cpu, 231->231->120 MB, 232 MB goal, 0 MB stacks, 0 MB globals, 20 P
gc 8153 @252.070s 0%: 0.020+0.46+0.008 ms clock, 0.40+0/0.78/0+0.17 ms cpu, 242->242->138 MB, 242 MB goal, 0 MB stacks, 0 MB globals, 20 P
gc 8154 @252.095s 0%: 0.026+4.2+0.003 ms clock, 0.52+0/4.6/0.005+0.068 ms cpu, 271->271->120 MB, 277 MB goal, 0 MB stacks, 0 MB globals, 20 P
gc 8155 @252.123s 0%: 0.031+3.1+0.009 ms clock, 0.63+0/4.0/0+0.18 ms cpu, 236->236->126 MB, 241 MB goal, 0 MB stacks, 0 MB globals, 20 P
gc 8156 @252.159s 0%: 0.024+0.83+0.004 ms clock, 0.49+0/1.4/0.012+0.081 ms cpu, 244->244->115 MB, 253 MB goal, 0 MB stacks, 0 MB globals, 20 P
gc 8157 @252.173s 0%: 0.025+1.1+0.005 ms clock, 0.50+0/1.2/0.027+0.11 ms cpu, 225->225->118 MB, 231 MB goal, 0 MB stacks, 0 MB globals, 20 P
gc 8158 @252.190s 0%: 0.027+7.9+0.004 ms clock, 0.55+0/8.7/0+0.086 ms cpu, 239->239->124 MB, 239 MB goal, 0 MB stacks, 0 MB globals, 20 P
gc 8159 @252.216s 0%: 0.017+0.84+0.005 ms clock, 0.34+0.10/0.69/0.014+0.10 ms cpu, 238->240->112 MB, 248 MB goal, 0 MB stacks, 0 MB globals, 20 P
gc 8160 @252.230s 0%: 0.017+1.1+0.003 ms clock, 0.35+0/1.5/0+0.077 ms cpu, 214->214->112 MB, 224 MB goal, 0 MB stacks, 0 MB globals, 20 P
gc 8161 @252.255s 0%: 0.018+0.96+3.5 ms clock, 0.36+0/1.1/0+70 ms cpu, 216->224->122 MB, 225 MB goal, 0 MB stacks, 0 MB globals, 20 P
gc 8162 @252.272s 0%: 0.019+2.3+0.003 ms clock, 0.38+0/2.6/0.037+0.066 ms cpu, 237->237->122 MB, 245 MB goal, 0 MB stacks, 0 MB globals, 20 P
gc 8163 @252.303s 0%: 0.023+0.59+0.013 ms clock, 0.46+0/0.89/0+0.26 ms cpu, 244->244->142 MB, 244 MB goal, 0 MB stacks, 0 MB globals, 20 P
gc 8164 @252.329s 0%: 0.027+6.2+0.004 ms clock, 0.54+0/7.0/0.096+0.081 ms cpu, 278->278->122 MB, 285 MB goal, 0 MB stacks, 0 MB globals, 20 P
gc 8165 @252.357s 0%: 0.019+0.44+1.0 ms clock, 0.38+0/0.73/0+21 ms cpu, 239->243->113 MB, 246 MB goal, 0 MB stacks, 0 MB globals, 20 P
gc 8166 @252.375s 0%: 0.020+0.76+0.010 ms clock, 0.40+0/1.2/0.019+0.20 ms cpu, 222->222->114 MB, 227 MB goal, 0 MB stacks, 0 MB globals, 20 P
gc 8167 @252.397s 0%: 0.031+6.4+0.011 ms clock, 0.62+0/6.8/0+0.22 ms cpu, 225->225->118 MB, 228 MB goal, 0 MB stacks, 0 MB globals, 20 P
gc 8168 @252.437s 0%: 0.032+0.65+0.019 ms clock, 0.65+0/1.4/0.042+0.39 ms cpu, 235->235->133 MB, 236 MB goal, 0 MB stacks, 0 MB globals, 20 P
gc 8169 @252.469s 0%: 0.024+4.8+0.005 ms clock, 0.48+0/5.7/0.017+0.11 ms cpu, 264->264->114 MB, 266 MB goal, 0 MB stacks, 0 MB globals, 20 P
gc 8170 @252.494s 0%: 0.018+0.50+0.009 ms clock, 0.37+0/0.65/0+0.18 ms cpu, 223->223->131 MB, 230 MB goal, 0 MB stacks, 0 MB globals, 20 P
gc 8171 @252.514s 0%: 0.017+2.3+0.003 ms clock, 0.34+0/2.6/0.091+0.067 ms cpu, 256->256->112 MB, 263 MB goal, 0 MB stacks, 0 MB globals, 20 P
gc 8172 @252.543s 0%: 0.027+2.9+0.004 ms clock, 0.54+0/3.7/0.032+0.098 ms cpu, 222->222->115 MB, 224 MB goal, 0 MB stacks, 0 MB globals, 20 P
gc 8173 @252.559s 0%: 0.018+4.3+0.004 ms clock, 0.37+0/4.6/0+0.097 ms cpu, 236->236->121 MB, 236 MB goal, 0 MB stacks, 0 MB globals, 20 P
gc 8174 @252.583s 0%: 0.017+1.7+0.005 ms clock, 0.35+0/1.8/0+0.10 ms cpu, 241->241->112 MB, 243 MB goal, 0 MB stacks, 0 MB globals, 20 P
gc 8175 @252.601s 0%: 0.017+1.5+0.003 ms clock, 0.35+0/2.0/0.053+0.073 ms cpu, 223->223->117 MB, 224 MB goal, 0 MB stacks, 0 MB globals, 20 P
gc 8176 @252.620s 0%: 0.020+0.39+0.011 ms clock, 0.41+0/0.89/0.001+0.23 ms cpu, 235->235->135 MB, 235 MB goal, 0 MB stacks, 0 MB globals, 20 P
gc 8177 @252.639s 0%: 0.018+3.0+0.005 ms clock, 0.36+0/3.3/0+0.10 ms cpu, 268->268->113 MB, 271 MB goal, 0 MB stacks, 0 MB globals, 20 P
gc 8178 @252.656s 0%: 0.019+2.2+0.005 ms clock, 0.39+0/3.0/0.007+0.10 ms cpu, 229->229->121 MB, 229 MB goal, 0 MB stacks, 0 MB globals, 20 P
gc 8179 @252.679s 0%: 0.016+1.5+0.005 ms clock, 0.33+0/1.1/0+0.11 ms cpu, 237->239->113 MB, 243 MB goal, 0 MB stacks, 0 MB globals, 20 P
gc 8180 @252.694s 0%: 0.017+3.7+0.14 ms clock, 0.34+0/4.1/0+2.8 ms cpu, 225->225->120 MB, 228 MB goal, 0 MB stacks, 0 MB globals, 20 P
gc 8181 @252.720s 0%: 0.032+0.64+0.018 ms clock, 0.65+0/1.4/0.009+0.36 ms cpu, 236->236->137 MB, 241 MB goal, 0 MB stacks, 0 MB globals, 20 P
gc 8182 @252.758s 0%: 0.018+3.3+0.005 ms clock, 0.37+0/3.5/0+0.10 ms cpu, 273->273->116 MB, 274 MB goal, 0 MB stacks, 0 MB globals, 20 P
gc 8183 @252.778s 0%: 0.046+0.54+0.022 ms clock, 0.93+0/1.0/0.002+0.44 ms cpu, 239->239->133 MB, 239 MB goal, 0 MB stacks, 0 MB globals, 20 P
gc 8184 @252.803s 0%: 0.020+0.80+0.004 ms clock, 0.40+0/1.4/0.032+0.092 ms cpu, 266->266->111 MB, 268 MB goal, 0 MB stacks, 0 MB globals, 20 P
gc 8185 @252.835s 0%: 0.018+1.5+0.002 ms clock, 0.36+0/1.9/0+0.055 ms cpu, 227->227->118 MB, 227 MB goal, 0 MB stacks, 0 MB globals, 20 P
gc 8186 @252.871s 0%: 0.022+0.62+0.012 ms clock, 0.45+0/0.89/0.004+0.24 ms cpu, 239->239->136 MB, 239 MB goal, 0 MB stacks, 0 MB globals, 20 P
gc 8187 @252.899s 0%: 0.024+3.0+0.003 ms clock, 0.48+0/3.2/0+0.079 ms cpu, 269->269->118 MB, 273 MB goal, 0 MB stacks, 0 MB globals, 20 P
gc 8188 @252.917s 0%: 0.12+2.5+0.037 ms clock, 2.4+0/2.9/0.005+0.74 ms cpu, 233->244->133 MB, 236 MB goal, 0 MB stacks, 0 MB globals, 20 P
gc 8189 @252.945s 0%: 0.021+0.70+0.007 ms clock, 0.43+0/1.4/0.065+0.14 ms cpu, 258->258->113 MB, 267 MB goal, 0 MB stacks, 0 MB globals, 20 P
gc 8190 @252.963s 0%: 0.026+1.1+0.004 ms clock, 0.52+0/1.8/0.020+0.099 ms cpu, 223->223->119 MB, 226 MB goal, 0 MB stacks, 0 MB globals, 20 P
gc 8191 @252.994s 0%: 0.028+9.4+0.003 ms clock, 0.56+0/10/0.047+0.077 ms cpu, 240->240->125 MB, 240 MB goal, 0 MB stacks, 0 MB globals, 20 P
gc 8192 @253.024s 0%: 0.019+0.69+0.007 ms clock, 0.38+0.091/0.99/0.043+0.14 ms cpu, 242->244->114 MB, 251 MB goal, 0 MB stacks, 0 MB globals, 20 P
gc 8193 @253.044s 0%: 0.030+1.0+0.57 ms clock, 0.60+0/1.6/0.004+11 ms cpu, 219->225->124 MB, 228 MB goal, 0 MB stacks, 0 MB globals, 20 P
gc 8194 @253.070s 0%: 0.027+3.6+0.004 ms clock, 0.54+0/4.2/0.042+0.091 ms cpu, 244->244->126 MB, 249 MB goal, 0 MB stacks, 0 MB globals, 20 P
gc 8195 @253.114s 0%: 0.018+0.67+0.034 ms clock, 0.37+0.12/0.72/0+0.69 ms cpu, 241->244->114 MB, 252 MB goal, 0 MB stacks, 0 MB globals, 20 P
gc 8196 @253.131s 0%: 0.026+7.5+0.005 ms clock, 0.52+0/8.0/0+0.10 ms cpu, 224->224->116 MB, 228 MB goal, 0 MB stacks, 0 MB globals, 20 P
gc 8197 @253.161s 0%: 0.027+0.71+0.014 ms clock, 0.54+0/1.1/0+0.28 ms cpu, 232->232->130 MB, 233 MB goal, 0 MB stacks, 0 MB globals, 20 P
gc 8198 @253.191s 0%: 0.022+0.76+0.005 ms clock, 0.44+0/1.4/0.077+0.10 ms cpu, 254->254->110 MB, 260 MB goal, 0 MB stacks, 0 MB globals, 20 P
gc 8199 @253.211s 0%: 0.029+3.9+0.008 ms clock, 0.58+0/4.8/0.051+0.16 ms cpu, 210->210->114 MB, 220 MB goal, 0 MB stacks, 0 MB globals, 20 P
gc 8200 @253.235s 0%: 0.017+3.5+0.005 ms clock, 0.35+0/3.7/0+0.10 ms cpu, 230->230->119 MB, 230 MB goal, 0 MB stacks, 0 MB globals, 20 P
gc 8201 @253.259s 0%: 0.026+0.70+0.006 ms clock, 0.53+0/1.5/0.15+0.12 ms cpu, 231->231->107 MB, 239 MB goal, 0 MB stacks, 0 MB globals, 20 P
gc 8202 @253.278s 0%: 0.027+1.3+0.011 ms clock, 0.54+0/2.2/0.045+0.22 ms cpu, 207->207->112 MB, 215 MB goal, 0 MB stacks, 0 MB globals, 20 P
gc 8203 @253.297s 0%: 0.028+3.5+0.005 ms clock, 0.56+0/4.5/0.047+0.10 ms cpu, 217->217->115 MB, 225 MB goal, 0 MB stacks, 0 MB globals, 20 P
gc 8204 @253.324s 0%: 0.021+4.4+0.003 ms clock, 0.42+0/4.6/0+0.069 ms cpu, 224->224->122 MB, 231 MB goal, 0 MB stacks, 0 MB globals, 20 P
gc 8205 @253.346s 0%: 0.017+0.42+0.005 ms clock, 0.34+0.076/0.71/0+0.11 ms cpu, 233->235->108 MB, 244 MB goal, 0 MB stacks, 0 MB globals, 20 P
gc 8206 @253.359s 0%: 0.018+0.81+0.005 ms clock, 0.37+0/0.80/0.018+0.11 ms cpu, 207->210->112 MB, 217 MB goal, 0 MB stacks, 0 MB globals, 20 P
gc 8207 @253.380s 0%: 0.032+0.82+0.006 ms clock, 0.64+0/1.7/0.066+0.13 ms cpu, 220->220->114 MB, 224 MB goal, 0 MB stacks, 0 MB globals, 20 P
gc 8208 @253.403s 0%: 0.027+7.3+0.008 ms clock, 0.54+0/7.9/0.002+0.16 ms cpu, 224->224->119 MB, 228 MB goal, 0 MB stacks, 0 MB globals, 20 P
gc 8209 @253.438s 0%: 0.020+3.2+0.005 ms clock, 0.41+0/3.7/0.002+0.11 ms cpu, 240->240->128 MB, 240 MB goal, 0 MB stacks, 0 MB globals, 20 P
gc 8210 @253.464s 0%: 0.030+1.0+0.005 ms clock, 0.61+0/1.4/0+0.10 ms cpu, 257->257->119 MB, 257 MB goal, 0 MB stacks, 0 MB globals, 20 P
gc 8211 @253.488s 0%: 0.018+0.48+0.018 ms clock, 0.37+0/0.65/0+0.37 ms cpu, 245->245->138 MB, 246 MB goal, 0 MB stacks, 0 MB globals, 20 P
gc 8212 @253.512s 0%: 0.029+3.8+0.007 ms clock, 0.58+0/4.6/0+0.14 ms cpu, 271->271->116 MB, 277 MB goal, 0 MB stacks, 0 MB globals, 20 P
gc 8213 @253.533s 0%: 0.022+2.7+0.003 ms clock, 0.45+0/3.2/0+0.077 ms cpu, 231->231->121 MB, 233 MB goal, 0 MB stacks, 0 MB globals, 20 P
gc 8214 @253.559s 0%: 0.022+0.45+0.008 ms clock, 0.44+0/0.78/0.002+0.17 ms cpu, 243->243->138 MB, 243 MB goal, 0 MB stacks, 0 MB globals, 20 P
gc 8215 @253.584s 0%: 0.027+8.6+0.008 ms clock, 0.54+0/9.2/0.006+0.16 ms cpu, 275->275->118 MB, 277 MB goal, 0 MB stacks, 0 MB globals, 20 P
gc 8216 @253.618s 0%: 0.022+0.61+0.010 ms clock, 0.44+0/0.99/0+0.20 ms cpu, 240->240->137 MB, 240 MB goal, 0 MB stacks, 0 MB globals, 20 P
gc 8217 @253.651s 0%: 0.019+1.1+0.005 ms clock, 0.39+0/1.3/0+0.11 ms cpu, 273->273->120 MB, 274 MB goal, 0 MB stacks, 0 MB globals, 20 P
gc 8218 @253.670s 0%: 0.022+0.37+0.005 ms clock, 0.44+0/0.78/0.006+0.11 ms cpu, 241->241->136 MB, 241 MB goal, 0 MB stacks, 0 MB globals, 20 P
gc 8219 @253.695s 0%: 0.037+1.9+0.007 ms clock, 0.74+0/2.8/0.010+0.14 ms cpu, 269->269->114 MB, 273 MB goal, 0 MB stacks, 0 MB globals, 20 P
gc 8220 @253.724s 0%: 0.033+2.1+0.007 ms clock, 0.67+0/2.9/0+0.15 ms cpu, 229->229->122 MB, 229 MB goal, 0 MB stacks, 0 MB globals, 20 P
gc 8221 @253.758s 0%: 0.027+1.1+0.007 ms clock, 0.54+0/1.6/0+0.14 ms cpu, 241->241->112 MB, 244 MB goal, 0 MB stacks, 0 MB globals, 20 P
gc 8222 @253.779s 0%: 0.021+2.3+0.005 ms clock, 0.43+0/2.8/0+0.10 ms cpu, 223->223->116 MB, 225 MB goal, 0 MB stacks, 0 MB globals, 20 P
gc 8223 @253.803s 0%: 0.033+7.2+0.13 ms clock, 0.66+0/8.0/0.32+2.6 ms cpu, 237->237->121 MB, 237 MB goal, 0 MB stacks, 0 MB globals, 20 P
gc 8224 @253.831s 0%: 0.019+0.90+0.003 ms clock, 0.38+0.13/0.79/0+0.071 ms cpu, 238->241->110 MB, 243 MB goal, 0 MB stacks, 0 MB globals, 20 P
gc 8225 @253.850s 0%: 0.025+0.80+0.007 ms clock, 0.50+0/1.7/0.13+0.14 ms cpu, 215->215->113 MB, 221 MB goal, 0 MB stacks, 0 MB globals, 20 P
gc 8226 @253.871s 0%: 0.031+8.4+0.12 ms clock, 0.62+0/9.5/0.073+2.4 ms cpu, 225->236->131 MB, 226 MB goal, 0 MB stacks, 0 MB globals, 20 P
gc 8227 @253.908s 0%: 0.017+1.1+0.005 ms clock, 0.35+0/1.3/0+0.11 ms cpu, 254->254->114 MB, 262 MB goal, 0 MB stacks, 0 MB globals, 20 P
gc 8228 @253.924s 0%: 0.017+1.8+0.003 ms clock, 0.35+0/1.9/0.006+0.060 ms cpu, 225->225->117 MB, 228 MB goal, 0 MB stacks, 0 MB globals, 20 P
gc 8229 @253.944s 0%: 0.021+0.47+0.009 ms clock, 0.43+0/0.71/0.019+0.18 ms cpu, 235->235->132 MB, 236 MB goal, 0 MB stacks, 0 MB globals, 20 P
gc 8230 @253.965s 0%: 0.018+1.2+0.003 ms clock, 0.37+0/1.4/0+0.079 ms cpu, 257->257->112 MB, 265 MB goal, 0 MB stacks, 0 MB globals, 20 P
gc 8231 @253.984s 0%: 0.021+1.3+0.004 ms clock, 0.42+0/1.8/0.002+0.084 ms cpu, 223->223->116 MB, 225 MB goal, 0 MB stacks, 0 MB globals, 20 P
gc 8232 @254.000s 0%: 0.020+4.6+0.006 ms clock, 0.40+0/4.9/0.010+0.12 ms cpu, 237->237->122 MB, 238 MB goal, 0 MB stacks, 0 MB globals, 20 P
gc 8233 @254.024s 0%: 0.018+0.68+0.005 ms clock, 0.37+0.13/0.69/0+0.10 ms cpu, 235->238->113 MB, 245 MB goal, 0 MB stacks, 0 MB globals, 20 P
gc 8234 @254.039s 0%: 0.019+3.0+0.003 ms clock, 0.39+0/3.4/0+0.063 ms cpu, 218->218->115 MB, 227 MB goal, 0 MB stacks, 0 MB globals, 20 P
gc 8235 @254.058s 0%: 0.028+4.8+0.046 ms clock, 0.57+0/5.6/0.008+0.92 ms cpu, 231->242->131 MB, 232 MB goal, 0 MB stacks, 0 MB globals, 20 P
gc 8236 @254.087s 0%: 0.029+7.3+0.007 ms clock, 0.58+0/8.1/0.078+0.14 ms cpu, 255->255->112 MB, 263 MB goal, 0 MB stacks, 0 MB globals, 20 P
gc 8237 @254.120s 0%: 0.028+1.8+0.007 ms clock, 0.56+0/2.7/0.005+0.15 ms cpu, 217->217->114 MB, 225 MB goal, 0 MB stacks, 0 MB globals, 20 P
gc 8238 @254.148s 0%: 0.027+5.5+0.004 ms clock, 0.54+0/6.5/0+0.094 ms cpu, 222->222->117 MB, 229 MB goal, 0 MB stacks, 0 MB globals, 20 P
gc 8239 @254.176s 0%: 0.029+0.32+0.017 ms clock, 0.59+0.15/0.74/0.021+0.35 ms cpu, 224->225->107 MB, 235 MB goal, 0 MB stacks, 0 MB globals, 20 P
gc 8240 @254.189s 0%: 0.017+1.1+0.004 ms clock, 0.35+0.055/0.84/0+0.081 ms cpu, 204->207->109 MB, 214 MB goal, 0 MB stacks, 0 MB globals, 20 P
gc 8241 @254.205s 0%: 0.021+0.75+0.006 ms clock, 0.42+0/0.94/0.015+0.12 ms cpu, 210->214->117 MB, 219 MB goal, 0 MB stacks, 0 MB globals, 20 P
gc 8242 @254.223s 0%: 0.022+2.5+0.006 ms clock, 0.45+0/3.2/0+0.13 ms cpu, 229->229->118 MB, 234 MB goal, 0 MB stacks, 0 MB globals, 20 P
gc 8243 @254.240s 0%: 0.025+1.9+0.098 ms clock, 0.50+0/2.7/0.004+1.9 ms cpu, 232->244->137 MB, 237 MB goal, 0 MB stacks, 0 MB globals, 20 P
gc 8244 @254.282s 0%: 0.020+3.0+0.003 ms clock, 0.41+0/3.2/0+0.077 ms cpu, 269->269->114 MB, 274 MB goal, 0 MB stacks, 0 MB globals, 20 P
gc 8245 @254.301s 0%: 0.019+1.2+0.004 ms clock, 0.38+0/1.4/0+0.087 ms cpu, 229->229->118 MB, 230 MB goal, 0 MB stacks, 0 MB globals, 20 P
gc 8246 @254.327s 0%: 0.018+0.45+0.003 ms clock, 0.36+0.058/0.75/0+0.069 ms cpu, 224->227->106 MB, 237 MB goal, 0 MB stacks, 0 MB globals, 20 P
gc 8247 @254.341s 0%: 0.018+0.51+0.008 ms clock, 0.36+0/1.0/0+0.16 ms cpu, 202->202->106 MB, 213 MB goal, 0 MB stacks, 0 MB globals, 20 P
gc 8248 @254.358s 0%: 0.028+1.9+0.006 ms clock, 0.57+0/2.9/0.007+0.12 ms cpu, 205->205->109 MB, 212 MB goal, 0 MB stacks, 0 MB globals, 20 P
gc 8249 @254.383s 0%: 0.030+4.8+0.007 ms clock, 0.61+0/5.6/0+0.15 ms cpu, 209->209->112 MB, 218 MB goal, 0 MB stacks, 0 MB globals, 20 P
gc 8250 @254.403s 0%: 0.017+3.2+0.002 ms clock, 0.35+0/3.4/0+0.056 ms cpu, 214->214->117 MB, 224 MB goal, 0 MB stacks, 0 MB globals, 20 P
gc 8251 @254.425s 0%: 0.024+1.9+0.006 ms clock, 0.48+0/2.7/0+0.12 ms cpu, 222->222->120 MB, 234 MB goal, 0 MB stacks, 0 MB globals, 20 P
gc 8252 @254.444s 0%: 0.031+10+0.004 ms clock, 0.62+0/11/0.066+0.097 ms cpu, 228->228->124 MB, 241 MB goal, 0 MB stacks, 0 MB globals, 20 P
gc 8253 @254.474s 0%: 0.020+1.0+0.006 ms clock, 0.40+0/1.0/0.11+0.13 ms cpu, 237->244->121 MB, 249 MB goal, 0 MB stacks, 0 MB globals, 20 P
gc 8254 @254.493s 0%: 0.034+1.3+0.003 ms clock, 0.68+0/1.4/0+0.079 ms cpu, 231->231->119 MB, 244 MB goal, 0 MB stacks, 0 MB globals, 20 P
gc 8255 @254.507s 0%: 0.018+2.0+0.003 ms clock, 0.36+0/2.2/0+0.069 ms cpu, 240->240->125 MB, 240 MB goal, 0 MB stacks, 0 MB globals, 20 P
gc 8256 @254.529s 0%: 0.016+0.59+0.006 ms clock, 0.33+0.074/0.89/0.040+0.12 ms cpu, 238->242->113 MB, 251 MB goal, 0 MB stacks, 0 MB globals, 20 P
gc 8257 @254.543s 0%: 0.021+0.56+0.004 ms clock, 0.43+0/1.1/0+0.090 ms cpu, 216->216->113 MB, 227 MB goal, 0 MB stacks, 0 MB globals, 20 P
gc 8258 @254.562s 0%: 0.017+0.71+0.003 ms clock, 0.35+0/0.94/0.003+0.073 ms cpu, 218->218->116 MB, 227 MB goal, 0 MB stacks, 0 MB globals, 20 P
gc 8259 @254.583s 0%: 0.031+4.0+0.004 ms clock, 0.62+0/4.8/0.064+0.080 ms cpu, 220->220->119 MB, 233 MB goal, 0 MB stacks, 0 MB globals, 20 P
gc 8260 @254.605s 0%: 0.017+0.38+0.005 ms clock, 0.35+0/0.89/0.13+0.11 ms cpu, 227->229->110 MB, 239 MB goal, 0 MB stacks, 0 MB globals, 20 P
gc 8261 @254.617s 0%: 0.017+1.2+0.004 ms clock, 0.34+0/0.88/0+0.085 ms cpu, 209->212->113 MB, 220 MB goal, 0 MB stacks, 0 MB globals, 20 P
gc 8262 @254.633s 0%: 0.017+3.2+0.005 ms clock, 0.34+0/3.7/0.024+0.10 ms cpu, 222->222->116 MB, 227 MB goal, 0 MB stacks, 0 MB globals, 20 P
gc 8263 @254.651s 0%: 0.020+5.8+0.005 ms clock, 0.41+0/6.1/0.001+0.11 ms cpu, 236->236->121 MB, 237 MB goal, 0 MB stacks, 0 MB globals, 20 P
gc 8264 @254.678s 0%: 0.017+0.61+0.004 ms clock, 0.34+0.082/0.69/0+0.087 ms cpu, 238->241->110 MB, 243 MB goal, 0 MB stacks, 0 MB globals, 20 P
gc 8265 @254.692s 0%: 0.024+2.6+0.004 ms clock, 0.49+0/3.0/0+0.092 ms cpu, 215->215->113 MB, 221 MB goal, 0 MB stacks, 0 MB globals, 20 P
gc 8266 @254.723s 0%: 0.029+6.7+0.007 ms clock, 0.59+0/7.4/0.015+0.14 ms cpu, 231->231->118 MB, 231 MB goal, 0 MB stacks, 0 MB globals, 20 P
gc 8267 @254.751s 0%: 0.020+0.50+0.013 ms clock, 0.40+0/0.86/0+0.27 ms cpu, 235->235->132 MB, 237 MB goal, 0 MB stacks, 0 MB globals, 20 P
gc 8268 @254.771s 0%: 0.021+5.0+0.003 ms clock, 0.42+0/5.2/0+0.073 ms cpu, 268->268->116 MB, 268 MB goal, 0 MB stacks, 0 MB globals, 20 P
gc 8269 @254.796s 0%: 0.018+0.61+0.003 ms clock, 0.36+0/0.92/0+0.064 ms cpu, 234->234->105 MB, 234 MB goal, 0 MB stacks, 0 MB globals, 20 P
gc 8270 @254.815s 0%: 0.018+3.9+0.003 ms clock, 0.36+0/4.0/0+0.063 ms cpu, 216->216->109 MB, 216 MB goal, 0 MB stacks, 0 MB globals, 20 P
gc 8271 @254.834s 0%: 0.020+1.2+0.003 ms clock, 0.40+0/1.8/0+0.065 ms cpu, 230->230->114 MB, 230 MB goal, 0 MB stacks, 0 MB globals, 20 P
gc 8272 @254.853s 0%: 0.019+0.55+0.006 ms clock, 0.39+0.075/0.66/0+0.13 ms cpu, 226->229->106 MB, 230 MB goal, 0 MB stacks, 0 MB globals, 20 P
gc 8273 @254.868s 0%: 0.018+0.78+0.003 ms clock, 0.37+0/1.2/0+0.064 ms cpu, 213->213->111 MB, 213 MB goal, 0 MB stacks, 0 MB globals, 20 P
gc 8274 @254.895s 0%: 0.028+6.4+0.004 ms clock, 0.57+0/7.2/0.060+0.085 ms cpu, 226->226->118 MB, 226 MB goal, 0 MB stacks, 0 MB globals, 20 P
gc 8275 @254.927s 0%: 0.022+0.49+0.008 ms clock, 0.45+0/0.80/0+0.16 ms cpu, 241->241->137 MB, 241 MB goal, 0 MB stacks, 0 MB globals, 20 P
gc 8276 @254.954s 0%: 0.023+4.6+0.003 ms clock, 0.46+0/4.9/0+0.070 ms cpu, 274->274->117 MB, 275 MB goal, 0 MB stacks, 0 MB globals, 20 P
gc 8277 @254.980s 0%: 0.025+0.58+0.015 ms clock, 0.50+0/1.4/0.037+0.30 ms cpu, 239->239->134 MB, 239 MB goal, 0 MB stacks, 0 MB globals, 20 P
gc 8278 @255.001s 0%: 0.017+0.79+0.005 ms clock, 0.34+0/1.2/0+0.10 ms cpu, 267->267->115 MB, 269 MB goal, 0 MB stacks, 0 MB globals, 20 P
gc 8279 @255.018s 0%: 0.017+1.0+0.003 ms clock, 0.34+0/1.5/0+0.069 ms cpu, 230->230->119 MB, 230 MB goal, 0 MB stacks, 0 MB globals, 20 P
gc 8280 @255.037s 0%: 0.023+0.49+0.012 ms clock, 0.47+0/1.0/0+0.24 ms cpu, 242->242->136 MB, 242 MB goal, 0 MB stacks, 0 MB globals, 20 P
gc 8281 @255.069s 0%: 0.027+4.8+0.003 ms clock, 0.54+0/5.8/0.001+0.074 ms cpu, 279->279->120 MB, 279 MB goal, 0 MB stacks, 0 MB globals, 20 P
gc 8282 @255.101s 0%: 0.018+0.56+0.006 ms clock, 0.37+0/1.0/0.007+0.13 ms cpu, 239->239->112 MB, 240 MB goal, 0 MB stacks, 0 MB globals, 20 P
gc 8283 @255.122s 0%: 0.018+0.78+0.003 ms clock, 0.37+0/1.6/0.040+0.072 ms cpu, 224->224->116 MB, 225 MB goal, 0 MB stacks, 0 MB globals, 20 P
gc 8284 @255.142s 0%: 0.025+7.7+0.008 ms clock, 0.50+0/8.3/0.023+0.17 ms cpu, 231->231->121 MB, 233 MB goal, 0 MB stacks, 0 MB globals, 20 P
gc 8285 @255.174s 0%: 0.026+1.8+0.005 ms clock, 0.52+0/2.4/0+0.11 ms cpu, 239->239->107 MB, 242 MB goal, 0 MB stacks, 0 MB globals, 20 P
gc 8286 @255.199s 0%: 0.029+1.2+0.006 ms clock, 0.59+0/2.0/0.001+0.13 ms cpu, 214->214->109 MB, 215 MB goal, 0 MB stacks, 0 MB globals, 20 P
gc 8287 @255.226s 0%: 0.028+1.3+0.007 ms clock, 0.57+0/2.1/0.18+0.14 ms cpu, 219->219->114 MB, 220 MB goal, 0 MB stacks, 0 MB globals, 20 P
gc 8288 @255.247s 0%: 0.029+4.1+0.010 ms clock, 0.58+0/4.9/0.004+0.20 ms cpu, 235->235->120 MB, 235 MB goal, 0 MB stacks, 0 MB globals, 20 P
gc 8289 @255.285s 0%: 0.027+0.89+0.008 ms clock, 0.55+0.24/1.3/0.094+0.16 ms cpu, 237->239->109 MB, 240 MB goal, 0 MB stacks, 0 MB globals, 20 P
gc 8290 @255.308s 0%: 0.025+0.75+0.005 ms clock, 0.50+0/1.5/0+0.11 ms cpu, 221->221->112 MB, 221 MB goal, 0 MB stacks, 0 MB globals, 20 P
gc 8291 @255.340s 0%: 0.027+2.6+0.006 ms clock, 0.55+0/3.4/0.025+0.13 ms cpu, 234->234->123 MB, 234 MB goal, 0 MB stacks, 0 MB globals, 20 P
gc 8292 @255.362s 0%: 0.018+5.1+0.002 ms clock, 0.37+0/5.4/0+0.057 ms cpu, 252->252->130 MB, 252 MB goal, 0 MB stacks, 0 MB globals, 20 P
gc 8293 @255.390s 0%: 0.016+0.66+0.003 ms clock, 0.32+0.22/0.39/0+0.068 ms cpu, 259->263->124 MB, 262 MB goal, 0 MB stacks, 0 MB globals, 20 P
gc 8294 @255.406s 0%: 0.026+1.5+0.015 ms clock, 0.52+0/2.5/0.020+0.31 ms cpu, 250->250->128 MB, 250 MB goal, 0 MB stacks, 0 MB globals, 20 P
gc 8295 @255.439s 0%: 0.037+1.5+0.003 ms clock, 0.75+0/2.3/0+0.071 ms cpu, 257->257->118 MB, 257 MB goal, 0 MB stacks, 0 MB globals, 20 P
gc 8296 @255.465s 0%: 0.024+1.0+0.014 ms clock, 0.48+0/1.3/0+0.28 ms cpu, 235->235->122 MB, 236 MB goal, 0 MB stacks, 0 MB globals, 20 P
gc 8297 @255.486s 0%: 0.023+1.4+0.020 ms clock, 0.47+0/1.9/0.016+0.41 ms cpu, 243->256->133 MB, 245 MB goal, 0 MB stacks, 0 MB globals, 20 P
gc 8298 @255.512s 0%: 0.030+1.4+0.010 ms clock, 0.61+0/2.2/0.001+0.21 ms cpu, 257->257->111 MB, 266 MB goal, 0 MB stacks, 0 MB globals, 20 P
gc 8299 @255.543s 0%: 0.036+1.6+0.006 ms clock, 0.73+0/2.5/0.040+0.13 ms cpu, 215->215->115 MB, 222 MB goal, 0 MB stacks, 0 MB globals, 20 P
gc 8300 @255.574s 0%: 0.029+4.6+0.005 ms clock, 0.59+0/5.0/0.11+0.11 ms cpu, 224->224->122 MB, 232 MB goal, 0 MB stacks, 0 MB globals, 20 P
gc 8301 @255.607s 0%: 0.018+0.47+0.009 ms clock, 0.36+0.075/0.76/0+0.19 ms cpu, 232->235->108 MB, 244 MB goal, 0 MB stacks, 0 MB globals, 20 P
gc 8302 @255.623s 0%: 0.017+1.3+0.003 ms clock, 0.34+0/1.6/0+0.077 ms cpu, 207->207->109 MB, 218 MB goal, 0 MB stacks, 0 MB globals, 20 P
gc 8303 @255.639s 0%: 0.031+2.4+0.005 ms clock, 0.62+0/2.8/0+0.10 ms cpu, 209->209->112 MB, 218 MB goal, 0 MB stacks, 0 MB globals, 20 P
gc 8304 @255.656s 0%: 0.018+3.0+0.005 ms clock, 0.37+0/3.1/0.087+0.10 ms cpu, 216->216->115 MB, 225 MB goal, 0 MB stacks, 0 MB globals, 20 P
gc 8305 @255.680s 0%: 0.020+4.8+0.004 ms clock, 0.40+0/5.3/0.003+0.090 ms cpu, 226->226->122 MB, 232 MB goal, 0 MB stacks, 0 MB globals, 20 P
gc 8306 @255.707s 0%: 0.021+0.62+0.004 ms clock, 0.42+0.005/0.81/0+0.083 ms cpu, 235->239->116 MB, 246 MB goal, 0 MB stacks, 0 MB globals, 20 P
gc 8307 @255.722s 0%: 0.023+2.5+0.005 ms clock, 0.46+0/2.9/0+0.10 ms cpu, 225->225->118 MB, 232 MB goal, 0 MB stacks, 0 MB globals, 20 P
gc 8308 @255.759s 0%: 0.031+0.64+0.016 ms clock, 0.62+0/1.2/0.024+0.32 ms cpu, 233->233->130 MB, 237 MB goal, 0 MB stacks, 0 MB globals, 20 P
gc 8309 @255.795s 0%: 0.026+1.2+0.007 ms clock, 0.52+0/2.1/0.005+0.14 ms cpu, 254->254->110 MB, 261 MB goal, 0 MB stacks, 0 MB globals, 20 P
gc 8310 @255.825s 0%: 0.030+1.1+0.012 ms clock, 0.61+0/2.2/0.32+0.24 ms cpu, 211->211->112 MB, 221 MB goal, 0 MB stacks, 0 MB globals, 20 P
gc 8311 @255.854s 0%: 0.033+1.4+0.006 ms clock, 0.67+0/2.5/0.007+0.13 ms cpu, 214->214->113 MB, 224 MB goal, 0 MB stacks, 0 MB globals, 20 P
gc 8312 @255.880s 0%: 0.031+2.5+0.007 ms clock, 0.62+0/3.5/0.001+0.15 ms cpu, 217->217->119 MB, 227 MB goal, 0 MB stacks, 0 MB globals, 20 P
gc 8313 @255.914s 0%: 0.017+0.34+0.005 ms clock, 0.34+0.045/0.71/0+0.11 ms cpu, 226->226->107 MB, 239 MB goal, 0 MB stacks, 0 MB globals, 20 P
gc 8314 @255.930s 0%: 0.017+0.59+0.66 ms clock, 0.35+0/1.2/0.035+13 ms cpu, 202->204->109 MB, 215 MB goal, 0 MB stacks, 0 MB globals, 20 P
gc 8315 @255.947s 0%: 0.019+1.1+0.003 ms clock, 0.39+0/1.4/0+0.076 ms cpu, 208->208->109 MB, 218 MB goal, 0 MB stacks, 0 MB globals, 20 P
gc 8316 @255.962s 0%: 0.017+0.47+0.006 ms clock, 0.35+0/0.72/0.004+0.13 ms cpu, 209->209->110 MB, 218 MB goal, 0 MB stacks, 0 MB globals, 20 P
gc 8317 @255.977s 0%: 0.022+3.3+0.003 ms clock, 0.45+0/3.7/0+0.074 ms cpu, 215->215->117 MB, 222 MB goal, 0 MB stacks, 0 MB globals, 20 P
gc 8318 @256.004s 0%: 0.017+0.45+0.003 ms clock, 0.35+0.067/0.77/0+0.076 ms cpu, 222->223->103 MB, 234 MB goal, 0 MB stacks, 0 MB globals, 20 P
gc 8319 @256.022s 0%: 0.021+1.8+0.003 ms clock, 0.43+0/2.1/0+0.072 ms cpu, 209->209->106 MB, 209 MB goal, 0 MB stacks, 0 MB globals, 20 P
gc 8320 @256.040s 0%: 0.019+4.3+0.003 ms clock, 0.38+0/4.6/0.010+0.076 ms cpu, 221->221->114 MB, 222 MB goal, 0 MB stacks, 0 MB globals, 20 P
gc 8321 @256.074s 0%: 0.029+0.55+0.014 ms clock, 0.58+0/1.1/0+0.29 ms cpu, 236->236->132 MB, 236 MB goal, 0 MB stacks, 0 MB globals, 20 P
gc 8322 @256.105s 0%: 0.026+4.8+0.007 ms clock, 0.52+0/5.5/0+0.15 ms cpu, 264->264->112 MB, 265 MB goal, 0 MB stacks, 0 MB globals, 20 P
gc 8323 @256.127s 0%: 0.022+1.4+0.006 ms clock, 0.45+0/2.0/0.003+0.13 ms cpu, 227->227->117 MB, 227 MB goal, 0 MB stacks, 0 MB globals, 20 P
gc 8324 @256.148s 0%: 0.018+0.48+0.003 ms clock, 0.36+0.071/0.68/0+0.068 ms cpu, 233->233->110 MB, 235 MB goal, 0 MB stacks, 0 MB globals, 20 P
gc 8325 @256.162s 0%: 0.022+4.1+0.003 ms clock, 0.44+0/4.4/0+0.067 ms cpu, 225->225->120 MB, 225 MB goal, 0 MB stacks, 0 MB globals, 20 P
gc 8326 @256.189s 0%: 0.029+5.4+0.13 ms clock, 0.59+0/6.1/0.023+2.7 ms cpu, 239->239->124 MB, 240 MB goal, 0 MB stacks, 0 MB globals, 20 P
gc 8327 @256.224s 0%: 0.025+1.1+0.007 ms clock, 0.50+0/1.7/0+0.14 ms cpu, 250->250->112 MB, 251 MB goal, 0 MB stacks, 0 MB globals, 20 P
gc 8328 @256.252s 0%: 0.033+4.2+0.003 ms clock, 0.66+0/4.4/0+0.072 ms cpu, 226->226->116 MB, 226 MB goal, 0 MB stacks, 0 MB globals, 20 P
gc 8329 @256.278s 0%: 0.020+0.49+0.017 ms clock, 0.40+0/0.84/0+0.34 ms cpu, 238->238->133 MB, 238 MB goal, 0 MB stacks, 0 MB globals, 20 P
gc 8330 @256.306s 0%: 0.029+4.4+0.004 ms clock, 0.58+0/4.8/0+0.090 ms cpu, 265->265->113 MB, 267 MB goal, 0 MB stacks, 0 MB globals, 20 P
gc 8331 @256.327s 0%: 0.020+2.2+0.003 ms clock, 0.40+0/2.6/0.005+0.074 ms cpu, 228->228->119 MB, 228 MB goal, 0 MB stacks, 0 MB globals, 20 P
gc 8332 @256.350s 0%: 0.022+0.44+0.007 ms clock, 0.44+0/0.73/0+0.15 ms cpu, 241->241->137 MB, 241 MB goal, 0 MB stacks, 0 MB globals, 20 P
gc 8333 @256.376s 0%: 0.027+5.0+0.004 ms clock, 0.54+0/5.6/0.11+0.083 ms cpu, 280->280->122 MB, 280 MB goal, 0 MB stacks, 0 MB globals, 20 P
gc 8334 @256.401s 0%: 0.019+1.2+0.10 ms clock, 0.39+0/1.8/0+2.0 ms cpu, 243->243->129 MB, 245 MB goal, 0 MB stacks, 0 MB globals, 20 P
gc 8335 @256.426s 0%: 0.016+0.45+0.005 ms clock, 0.33+0/0.81/0+0.11 ms cpu, 256->256->117 MB, 258 MB goal, 0 MB stacks, 0 MB globals, 20 P
gc 8336 @256.440s 0%: 0.019+1.0+0.003 ms clock, 0.39+0/1.6/0+0.074 ms cpu, 235->235->124 MB, 235 MB goal, 0 MB stacks, 0 MB globals, 20 P
gc 8337 @256.461s 0%: 0.017+2.9+0.004 ms clock, 0.34+0/3.5/0.030+0.099 ms cpu, 252->252->116 MB, 252 MB goal, 0 MB stacks, 0 MB globals, 20 P
gc 8338 @256.477s 0%: 0.018+1.1+0.010 ms clock, 0.36+0/1.5/0+0.20 ms cpu, 230->230->119 MB, 233 MB goal, 0 MB stacks, 0 MB globals, 20 P
gc 8339 @256.509s 0%: 0.023+0.98+0.006 ms clock, 0.46+0/1.5/0.014+0.13 ms cpu, 237->237->108 MB, 239 MB goal, 0 MB stacks, 0 MB globals, 20 P
gc 8340 @256.534s 0%: 0.030+6.3+0.007 ms clock, 0.60+0/7.0/0+0.15 ms cpu, 219->219->112 MB, 219 MB goal, 0 MB stacks, 0 MB globals, 20 P
gc 8341 @256.567s 0%: 0.018+4.1+0.005 ms clock, 0.37+0/4.2/0+0.11 ms cpu, 233->233->117 MB, 233 MB goal, 0 MB stacks, 0 MB globals, 20 P
gc 8342 @256.601s 0%: 0.021+0.62+0.005 ms clock, 0.43+0.19/0.75/0+0.10 ms cpu, 233->235->109 MB, 236 MB goal, 0 MB stacks, 0 MB globals, 20 P
gc 8343 @256.628s 0%: 0.029+1.4+0.022 ms clock, 0.59+0/2.1/0.015+0.45 ms cpu, 224->224->115 MB, 224 MB goal, 0 MB stacks, 0 MB globals, 20 P
gc 8344 @256.662s 0%: 0.019+0.69+0.004 ms clock, 0.38+0.035/0.77/0.008+0.093 ms cpu, 228->232->111 MB, 232 MB goal, 0 MB stacks, 0 MB globals, 20 P
gc 8345 @256.683s 0%: 0.026+5.9+0.007 ms clock, 0.53+0/6.7/0.006+0.15 ms cpu, 220->220->117 MB, 223 MB goal, 0 MB stacks, 0 MB globals, 20 P
gc 8346 @256.715s 0%: 0.025+0.56+0.012 ms clock, 0.51+0/1.0/0+0.25 ms cpu, 233->233->133 MB, 234 MB goal, 0 MB stacks, 0 MB globals, 20 P
gc 8347 @256.736s 0%: 0.018+1.6+0.003 ms clock, 0.37+0/2.2/0+0.073 ms cpu, 266->266->111 MB, 267 MB goal, 0 MB stacks, 0 MB globals, 20 P
gc 8348 @256.755s 0%: 0.024+1.5+0.004 ms clock, 0.48+0/2.0/0+0.082 ms cpu, 227->227->116 MB, 227 MB goal, 0 MB stacks, 0 MB globals, 20 P
gc 8349 @256.777s 0%: 0.022+0.52+0.009 ms clock, 0.44+0/0.75/0+0.19 ms cpu, 238->238->135 MB, 238 MB goal, 0 MB stacks, 0 MB globals, 20 P
gc 8350 @256.802s 0%: 0.019+4.6+0.002 ms clock, 0.39+0/4.8/0+0.055 ms cpu, 272->272->119 MB, 272 MB goal, 0 MB stacks, 0 MB globals, 20 P
gc 8351 @256.828s 0%: 0.017+0.64+0.005 ms clock, 0.35+0.038/0.70/0+0.11 ms cpu, 236->239->114 MB, 239 MB goal, 0 MB stacks, 0 MB globals, 20 P
gc 8352 @256.844s 0%: 0.022+5.8+0.004 ms clock, 0.45+0/6.1/0+0.094 ms cpu, 234->234->118 MB, 235 MB goal, 0 MB stacks, 0 MB globals, 20 P
gc 8353 @256.876s 0%: 0.030+0.87+0.026 ms clock, 0.60+0/1.3/0+0.53 ms cpu, 240->240->135 MB, 240 MB goal, 0 MB stacks, 0 MB globals, 20 P
gc 8354 @256.906s 0%: 0.019+0.67+0.003 ms clock, 0.39+0/1.2/0.019+0.065 ms cpu, 268->268->113 MB, 271 MB goal, 0 MB stacks, 0 MB globals, 20 P
gc 8355 @256.923s 0%: 0.023+1.2+0.003 ms clock, 0.46+0/1.9/0+0.079 ms cpu, 228->228->117 MB, 228 MB goal, 0 MB stacks, 0 MB globals, 20 P
gc 8356 @256.943s 0%: 0.024+1.2+0.006 ms clock, 0.48+0/1.6/0+0.13 ms cpu, 235->235->110 MB, 236 MB goal, 0 MB stacks, 0 MB globals, 20 P
gc 8357 @256.958s 0%: 0.016+1.0+0.003 ms clock, 0.33+0/1.2/0+0.073 ms cpu, 221->221->115 MB, 221 MB goal, 0 MB stacks, 0 MB globals, 20 P
gc 8358 @256.978s 0%: 0.028+5.6+0.007 ms clock, 0.57+0/6.4/0+0.14 ms cpu, 236->236->124 MB, 236 MB goal, 0 MB stacks, 0 MB globals, 20 P
gc 8359 @257.021s 0%: 0.017+0.76+0.004 ms clock, 0.35+0/1.1/0+0.088 ms cpu, 245->245->113 MB, 248 MB goal, 0 MB stacks, 0 MB globals, 20 P
gc 8360 @257.059s 0%: 0.018+5.5+0.006 ms clock, 0.37+0/5.8/0+0.12 ms cpu, 235->235->118 MB, 235 MB goal, 0 MB stacks, 0 MB globals, 20 P
gc 8361 @257.087s 0%: 0.038+1.0+0.018 ms clock, 0.77+0/2.1/0.095+0.37 ms cpu, 233->233->108 MB, 236 MB goal, 0 MB stacks, 0 MB globals, 20 P
gc 8362 @257.105s 0%: 0.022+4.9+0.004 ms clock, 0.44+0/5.6/0.008+0.094 ms cpu, 219->219->113 MB, 219 MB goal, 0 MB stacks, 0 MB globals, 20 P
gc 8363 @257.138s 0%: 0.020+0.41+0.008 ms clock, 0.40+0/0.77/0.004+0.16 ms cpu, 229->229->130 MB, 229 MB goal, 0 MB stacks, 0 MB globals, 20 P
gc 8364 @257.163s 0%: 0.057+1.3+0.005 ms clock, 1.1+0/1.7/0.006+0.11 ms cpu, 262->262->110 MB, 262 MB goal, 0 MB stacks, 0 MB globals, 20 P
gc 8365 @257.180s 0%: 0.019+1.0+0.007 ms clock, 0.39+0/1.7/0.012+0.14 ms cpu, 225->225->115 MB, 225 MB goal, 0 MB stacks, 0 MB globals, 20 P
gc 8366 @257.201s 0%: 0.020+0.62+0.10 ms clock, 0.40+0/0.98/0+2.0 ms cpu, 237->237->132 MB, 237 MB goal, 0 MB stacks, 0 MB globals, 20 P
gc 8367 @257.222s 0%: 0.020+3.3+0.003 ms clock, 0.40+0/3.7/0+0.062 ms cpu, 264->264->115 MB, 264 MB goal, 0 MB stacks, 0 MB globals, 20 P
gc 8368 @257.240s 0%: 0.022+1.1+0.003 ms clock, 0.45+0/1.7/0+0.072 ms cpu, 230->230->121 MB, 231 MB goal, 0 MB stacks, 0 MB globals, 20 P
gc 8369 @257.262s 0%: 0.022+0.44+0.013 ms clock, 0.44+0/0.70/0+0.27 ms cpu, 243->243->141 MB, 243 MB goal, 0 MB stacks, 0 MB globals, 20 P
gc 8370 @257.291s 0%: 0.026+4.5+0.006 ms clock, 0.53+0/5.0/0.038+0.12 ms cpu, 284->284->123 MB, 284 MB goal, 0 MB stacks, 0 MB globals, 20 P
gc 8371 @257.315s 0%: 0.017+0.62+0.003 ms clock, 0.35+0.083/0.70/0+0.072 ms cpu, 242->245->114 MB, 246 MB goal, 0 MB stacks, 0 MB globals, 20 P
gc 8372 @257.330s 0%: 0.020+0.77+0.017 ms clock, 0.40+0/1.3/0.018+0.34 ms cpu, 225->225->118 MB, 228 MB goal, 0 MB stacks, 0 MB globals, 20 P
gc 8373 @257.349s 0%: 0.022+0.56+0.016 ms clock, 0.45+0.21/0.66/0+0.33 ms cpu, 233->234->109 MB, 237 MB goal, 0 MB stacks, 0 MB globals, 20 P
gc 8374 @257.370s 0%: 0.12+1.2+0.003 ms clock, 2.4+0/1.8/0+0.078 ms cpu, 216->216->111 MB, 218 MB goal, 0 MB stacks, 0 MB globals, 20 P
gc 8375 @257.386s 0%: 0.021+3.1+0.005 ms clock, 0.43+0/3.4/0+0.10 ms cpu, 226->226->115 MB, 226 MB goal, 0 MB stacks, 0 MB globals, 20 P
gc 8376 @257.408s 0%: 0.024+0.57+0.017 ms clock, 0.48+0/1.0/0+0.35 ms cpu, 237->237->132 MB, 237 MB goal, 0 MB stacks, 0 MB globals, 20 P
gc 8377 @257.447s 0%: 0.037+5.8+0.13 ms clock, 0.74+0/6.9/0.13+2.6 ms cpu, 264->264->111 MB, 264 MB goal, 0 MB stacks, 0 MB globals, 20 P
gc 8378 @257.469s 0%: 0.019+1.2+0.004 ms clock, 0.39+0/1.9/0.14+0.089 ms cpu, 226->226->117 MB, 227 MB goal, 0 MB stacks, 0 MB globals, 20 P
gc 8379 @257.492s 0%: 0.017+0.43+0.014 ms clock, 0.34+0/0.64/0+0.28 ms cpu, 240->240->136 MB, 240 MB goal, 0 MB stacks, 0 MB globals, 20 P
gc 8380 @257.529s 0%: 0.035+3.8+0.005 ms clock, 0.70+0/1.1/0+0.10 ms cpu, 279->279->130 MB, 279 MB goal, 0 MB stacks, 0 MB globals, 20 P
gc 8381 @257.549s 0%: 0.021+0.62+0.013 ms clock, 0.43+0/0.81/0+0.27 ms cpu, 265->265->142 MB, 265 MB goal, 0 MB stacks, 0 MB globals, 20 P
gc 8382 @257.582s 0%: 0.030+1.2+0.11 ms clock, 0.61+0/2.2/0.033+2.2 ms cpu, 285->285->123 MB, 285 MB goal, 0 MB stacks, 0 MB globals, 20 P
gc 8383 @257.604s 0%: 0.020+1.4+0.003 ms clock, 0.41+0/2.0/0+0.076 ms cpu, 244->244->129 MB, 247 MB goal, 0 MB stacks, 0 MB globals, 20 P
gc 8384 @257.643s 0%: 0.025+0.57+0.005 ms clock, 0.51+0/1.3/0.11+0.10 ms cpu, 256->256->117 MB, 258 MB goal, 0 MB stacks, 0 MB globals, 20 P
gc 8385 @257.663s 0%: 0.023+1.8+0.007 ms clock, 0.47+0/2.4/0.007+0.14 ms cpu, 235->235->124 MB, 235 MB goal, 0 MB stacks, 0 MB globals, 20 P
gc 8386 @257.687s 0%: 0.018+1.3+0.003 ms clock, 0.37+0/1.5/0+0.065 ms cpu, 252->252->116 MB, 252 MB goal, 0 MB stacks, 0 MB globals, 20 P
gc 8387 @257.708s 0%: 0.023+5.8+0.070 ms clock, 0.47+0/6.5/0.017+1.4 ms cpu, 230->230->119 MB, 233 MB goal, 0 MB stacks, 0 MB globals, 20 P
gc 8388 @257.731s 0%: 0.019+0.60+0.003 ms clock, 0.38+0/1.3/0+0.073 ms cpu, 237->237->108 MB, 239 MB goal, 0 MB stacks, 0 MB globals, 20 P
gc 8389 @257.749s 0%: 0.020+6.1+0.005 ms clock, 0.41+0/6.3/0+0.11 ms cpu, 228->228->114 MB, 228 MB goal, 0 MB stacks, 0 MB globals, 20 P
gc 8390 @257.776s 0%: 0.021+0.73+0.004 ms clock, 0.43+0.21/0.75/0.031+0.082 ms cpu, 227->229->103 MB, 230 MB goal, 0 MB stacks, 0 MB globals, 20 P
gc 8391 @257.799s 0%: 0.021+0.60+0.006 ms clock, 0.43+0/1.0/0+0.12 ms cpu, 203->203->105 MB, 206 MB goal, 0 MB stacks, 0 MB globals, 20 P
gc 8392 @257.819s 0%: 0.018+0.50+0.004 ms clock, 0.37+0/0.93/0.038+0.094 ms cpu, 207->207->108 MB, 210 MB goal, 0 MB stacks, 0 MB globals, 20 P
gc 8393 @257.848s 0%: 0.023+1.7+0.012 ms clock, 0.47+0/2.1/0+0.24 ms cpu, 215->215->112 MB, 216 MB goal, 0 MB stacks, 0 MB globals, 20 P
gc 8394 @257.862s 0%: 0.019+3.0+0.003 ms clock, 0.39+0/3.2/0+0.076 ms cpu, 228->228->120 MB, 228 MB goal, 0 MB stacks, 0 MB globals, 20 P
gc 8395 @257.885s 0%: 0.022+0.45+0.011 ms clock, 0.45+0/0.94/0+0.22 ms cpu, 242->242->139 MB, 242 MB goal, 0 MB stacks, 0 MB globals, 20 P
gc 8396 @257.914s 0%: 0.020+4.4+0.003 ms clock, 0.40+0/4.7/0+0.079 ms cpu, 276->276->124 MB, 278 MB goal, 0 MB stacks, 0 MB globals, 20 P
gc 8397 @257.941s 0%: 0.021+1.3+0.004 ms clock, 0.42+0/1.6/0.002+0.083 ms cpu, 251->251->116 MB, 251 MB goal, 0 MB stacks, 0 MB globals, 20 P
gc 8398 @257.956s 0%: 0.018+1.4+0.003 ms clock, 0.36+0/1.9/0.001+0.073 ms cpu, 230->230->119 MB, 232 MB goal, 0 MB stacks, 0 MB globals, 20 P
gc 8399 @257.985s 0%: 0.027+0.49+0.007 ms clock, 0.54+0/1.2/0+0.14 ms cpu, 235->235->106 MB, 239 MB goal, 0 MB stacks, 0 MB globals, 20 P
gc 8400 @258.009s 0%: 0.030+1.7+0.007 ms clock, 0.61+0/2.7/0.001+0.14 ms cpu, 217->217->110 MB, 217 MB goal, 0 MB stacks, 0 MB globals, 20 P
gc 8401 @258.031s 0%: 0.032+10+0.007 ms clock, 0.65+0/11/0.24+0.15 ms cpu, 230->230->115 MB, 230 MB goal, 0 MB stacks, 0 MB globals, 20 P
gc 8402 @258.066s 0%: 0.031+0.82+0.006 ms clock, 0.63+0.066/0.95/0.003+0.13 ms cpu, 228->230->105 MB, 232 MB goal, 0 MB stacks, 0 MB globals, 20 P
gc 8403 @258.093s 0%: 0.015+0.67+0.003 ms clock, 0.31+0/1.1/0.016+0.073 ms cpu, 210->210->108 MB, 211 MB goal, 0 MB stacks, 0 MB globals, 20 P
gc 8404 @258.113s 0%: 0.022+0.88+0.004 ms clock, 0.44+0/1.2/0+0.094 ms cpu, 220->220->113 MB, 220 MB goal, 0 MB stacks, 0 MB globals, 20 P
gc 8405 @258.129s 0%: 0.020+1.0+0.003 ms clock, 0.40+0/1.6/0.074+0.070 ms cpu, 229->229->120 MB, 229 MB goal, 0 MB stacks, 0 MB globals, 20 P
gc 8406 @258.162s 0%: 0.020+0.49+0.013 ms clock, 0.41+0/0.78/0+0.26 ms cpu, 242->242->138 MB, 242 MB goal, 0 MB stacks, 0 MB globals, 20 P
gc 8407 @258.194s 0%: 0.032+1.4+0.006 ms clock, 0.64+0/2.0/0.031+0.13 ms cpu, 281->281->122 MB, 281 MB goal, 0 MB stacks, 0 MB globals, 20 P
gc 8408 @258.221s 0%: 0.020+1.7+0.087 ms clock, 0.40+0/2.0/0+1.7 ms cpu, 243->257->142 MB, 245 MB goal, 0 MB stacks, 0 MB globals, 20 P
gc 8409 @258.250s 0%: 0.021+0.96+0.006 ms clock, 0.43+0/1.5/0+0.12 ms cpu, 276->276->121 MB, 286 MB goal, 0 MB stacks, 0 MB globals, 20 P
gc 8410 @258.271s 0%: 0.026+0.51+0.013 ms clock, 0.53+0/1.0/0.002+0.27 ms cpu, 231->231->136 MB, 243 MB goal, 0 MB stacks, 0 MB globals, 20 P
gc 8411 @258.304s 0%: 0.032+1.8+0.008 ms clock, 0.64+0/2.5/0+0.16 ms cpu, 260->260->117 MB, 273 MB goal, 0 MB stacks, 0 MB globals, 20 P
gc 8412 @258.325s 0%: 0.028+6.8+0.011 ms clock, 0.56+0/7.6/0+0.22 ms cpu, 221->221->118 MB, 234 MB goal, 0 MB stacks, 0 MB globals, 20 P
gc 8413 @258.366s 0%: 0.027+3.9+0.009 ms clock, 0.54+0/4.5/0+0.18 ms cpu, 227->227->122 MB, 238 MB goal, 0 MB stacks, 0 MB globals, 20 P
gc 8414 @258.392s 0%: 0.018+0.43+0.005 ms clock, 0.37+0.062/0.72/0+0.11 ms cpu, 230->231->107 MB, 244 MB goal, 0 MB stacks, 0 MB globals, 20 P
gc 8415 @258.405s 0%: 0.027+0.56+0.015 ms clock, 0.55+0/1.0/0.018+0.31 ms cpu, 202->203->108 MB, 215 MB goal, 0 MB stacks, 0 MB globals, 20 P
gc 8416 @258.419s 0%: 0.018+0.90+0.006 ms clock, 0.37+0.11/0.90/0.022+0.13 ms cpu, 205->207->112 MB, 217 MB goal, 0 MB stacks, 0 MB globals, 20 P
gc 8417 @258.432s 0%: 0.018+0.69+0.003 ms clock, 0.37+0/1.4/0.011+0.077 ms cpu, 214->214->116 MB, 225 MB goal, 0 MB stacks, 0 MB globals, 20 P
gc 8418 @258.453s 0%: 0.023+6.8+0.13 ms clock, 0.47+0/7.1/0.001+2.7 ms cpu, 229->242->137 MB, 232 MB goal, 0 MB stacks, 0 MB globals, 20 P
gc 8419 @258.493s 0%: 0.030+7.6+0.006 ms clock, 0.61+0/8.1/0+0.13 ms cpu, 274->274->118 MB, 275 MB goal, 0 MB stacks, 0 MB globals, 20 P
gc 8420 @258.521s 0%: 0.021+1.3+0.003 ms clock, 0.42+0/1.7/0+0.066 ms cpu, 226->226->121 MB, 236 MB goal, 0 MB stacks, 0 MB globals, 20 P
gc 8421 @258.552s 0%: 0.020+0.51+0.018 ms clock, 0.40+0.044/0.95/0+0.37 ms cpu, 230->233->108 MB, 243 MB goal, 0 MB stacks, 0 MB globals, 20 P
gc 8422 @258.574s 0%: 0.020+1.3+1.1 ms clock, 0.41+0/1.7/0+23 ms cpu, 205->208->110 MB, 216 MB goal, 0 MB stacks, 0 MB globals, 20 P
gc 8423 @258.590s 0%: 0.018+0.58+0.009 ms clock, 0.36+0/0.80/0+0.18 ms cpu, 210->210->111 MB, 220 MB goal, 0 MB stacks, 0 MB globals, 20 P
gc 8424 @258.609s 0%: 0.028+2.6+0.007 ms clock, 0.56+0/3.3/0.016+0.14 ms cpu, 216->216->117 MB, 222 MB goal, 0 MB stacks, 0 MB globals, 20 P
gc 8425 @258.632s 0%: 0.031+0.61+0.010 ms clock, 0.63+0/1.2/0+0.20 ms cpu, 232->232->130 MB, 235 MB goal, 0 MB stacks, 0 MB globals, 20 P
gc 8426 @258.667s 0%: 0.017+2.9+0.004 ms clock, 0.35+0/3.3/0.002+0.082 ms cpu, 254->254->113 MB, 262 MB goal, 0 MB stacks, 0 MB globals, 20 P
gc 8427 @258.688s 0%: 0.026+1.4+0.007 ms clock, 0.52+0/2.2/0+0.15 ms cpu, 223->223->116 MB, 226 MB goal, 0 MB stacks, 0 MB globals, 20 P
gc 8428 @258.711s 0%: 0.028+1.8+0.005 ms clock, 0.56+0/2.5/0+0.11 ms cpu, 221->221->118 MB, 232 MB goal, 0 MB stacks, 0 MB globals, 20 P
gc 8429 @258.734s 0%: 0.023+3.2+0.005 ms clock, 0.47+0/3.5/0+0.11 ms cpu, 227->227->121 MB, 237 MB goal, 0 MB stacks, 0 MB globals, 20 P
gc 8430 @258.765s 0%: 0.017+0.43+0.005 ms clock, 0.35+0.039/0.91/0+0.11 ms cpu, 231->233->109 MB, 243 MB goal, 0 MB stacks, 0 MB globals, 20 P
gc 8431 @258.779s 0%: 0.023+0.84+1.6 ms clock, 0.46+0/0.91/0+32 ms cpu, 207->213->116 MB, 219 MB goal, 0 MB stacks, 0 MB globals, 20 P
gc 8432 @258.807s 0%: 0.026+1.0+3.4 ms clock, 0.53+0/1.2/0+69 ms cpu, 225->233->126 MB, 234 MB goal, 0 MB stacks, 0 MB globals, 20 P
gc 8433 @258.836s 0%: 0.025+6.9+0.003 ms clock, 0.50+0/7.3/0.007+0.073 ms cpu, 257->257->128 MB, 257 MB goal, 0 MB stacks, 0 MB globals, 20 P
gc 8434 @258.866s 0%: 0.018+0.80+0.006 ms clock, 0.37+0.042/0.91/0+0.13 ms cpu, 251->255->120 MB, 257 MB goal, 0 MB stacks, 0 MB globals, 20 P
gc 8435 @258.882s 0%: 0.038+4.5+0.004 ms clock, 0.77+0/4.8/0.001+0.089 ms cpu, 243->243->123 MB, 243 MB goal, 0 MB stacks, 0 MB globals, 20 P
gc 8436 @258.909s 0%: 0.024+0.39+0.025 ms clock, 0.48+0/0.77/0+0.50 ms cpu, 240->244->117 MB, 247 MB goal, 0 MB stacks, 0 MB globals, 20 P
gc 8437 @258.932s 0%: 0.020+3.5+0.003 ms clock, 0.40+0/3.6/0+0.074 ms cpu, 228->228->116 MB, 235 MB goal, 0 MB stacks, 0 MB globals, 20 P
gc 8438 @258.954s 0%: 0.039+0.50+0.015 ms clock, 0.78+0.13/0.75/0+0.31 ms cpu, 226->226->104 MB, 234 MB goal, 0 MB stacks, 0 MB globals, 20 P
gc 8439 @258.975s 0%: 0.018+1.1+0.004 ms clock, 0.36+0/0.89/0+0.089 ms cpu, 201->203->106 MB, 209 MB goal, 0 MB stacks, 0 MB globals, 20 P
gc 8440 @258.994s 0%: 0.019+1.0+0.007 ms clock, 0.38+0/0.94/0.017+0.14 ms cpu, 206->210->110 MB, 212 MB goal, 0 MB stacks, 0 MB globals, 20 P
gc 8441 @259.012s 0%: 0.019+3.1+0.003 ms clock, 0.38+0/3.3/0+0.072 ms cpu, 223->223->111 MB, 223 MB goal, 0 MB stacks, 0 MB globals, 20 P
gc 8442 @259.032s 0%: 0.018+5.7+0.003 ms clock, 0.37+0/6.0/0+0.064 ms cpu, 226->226->117 MB, 226 MB goal, 0 MB stacks, 0 MB globals, 20 P
gc 8443 @259.062s 0%: 0.020+0.56+0.015 ms clock, 0.40+0/0.83/0+0.30 ms cpu, 239->239->136 MB, 239 MB goal, 0 MB stacks, 0 MB globals, 20 P
gc 8444 @259.096s 0%: 0.032+7.8+0.005 ms clock, 0.64+0/8.6/0.12+0.11 ms cpu, 274->274->120 MB, 274 MB goal, 0 MB stacks, 0 MB globals, 20 P
gc 8445 @259.134s 0%: 0.029+0.60+0.006 ms clock, 0.59+0/1.6/0.043+0.13 ms cpu, 237->237->111 MB, 241 MB goal, 0 MB stacks, 0 MB globals, 20 P
gc 8446 @259.163s 0%: 0.026+5.6+0.005 ms clock, 0.53+0/6.0/0+0.10 ms cpu, 223->223->117 MB, 223 MB goal, 0 MB stacks, 0 MB globals, 20 P
gc 8447 @259.184s 0%: 0.019+0.46+0.014 ms clock, 0.38+0/0.66/0+0.29 ms cpu, 231->231->129 MB, 234 MB goal, 0 MB stacks, 0 MB globals, 20 P
gc 8448 @259.207s 0%: 0.019+3.1+0.003 ms clock, 0.39+0/3.4/0+0.077 ms cpu, 261->261->110 MB, 261 MB goal, 0 MB stacks, 0 MB globals, 20 P
gc 8449 @259.225s 0%: 0.020+2.1+0.003 ms clock, 0.40+0/2.6/0.045+0.075 ms cpu, 226->226->115 MB, 226 MB goal, 0 MB stacks, 0 MB globals, 20 P
gc 8450 @259.254s 0%: 0.021+0.61+0.099 ms clock, 0.42+0/0.93/0+1.9 ms cpu, 237->237->134 MB, 237 MB goal, 0 MB stacks, 0 MB globals, 20 P
gc 8451 @259.276s 0%: 0.019+0.66+0.005 ms clock, 0.39+0/1.2/0+0.11 ms cpu, 266->266->115 MB, 268 MB goal, 0 MB stacks, 0 MB globals, 20 P
gc 8452 @259.292s 0%: 0.023+3.1+0.003 ms clock, 0.46+0/3.8/0.001+0.062 ms cpu, 230->230->121 MB, 230 MB goal, 0 MB stacks, 0 MB globals, 20 P
gc 8453 @259.326s 0%: 0.034+0.68+0.015 ms clock, 0.69+0/1.2/0+0.30 ms cpu, 243->243->140 MB, 244 MB goal, 0 MB stacks, 0 MB globals, 20 P
gc 8454 @259.356s 0%: 0.021+3.9+0.005 ms clock, 0.43+0/4.1/0.001+0.11 ms cpu, 282->282->123 MB, 282 MB goal, 0 MB stacks, 0 MB globals, 20 P
gc 8455 @259.386s 0%: 0.019+0.34+0.003 ms clock, 0.38+0/0.87/0+0.075 ms cpu, 242->243->112 MB, 246 MB goal, 0 MB stacks, 0 MB globals, 20 P
gc 8456 @259.405s 0%: 0.039+0.79+0.011 ms clock, 0.79+0.036/1.2/0.11+0.22 ms cpu, 222->222->114 MB, 225 MB goal, 0 MB stacks, 0 MB globals, 20 P
gc 8457 @259.428s 0%: 0.020+4.5+0.003 ms clock, 0.40+0/4.6/0+0.068 ms cpu, 232->232->121 MB, 232 MB goal, 0 MB stacks, 0 MB globals, 20 P
gc 8458 @259.457s 0%: 0.030+3.7+0.006 ms clock, 0.61+0/4.5/0.083+0.13 ms cpu, 239->239->110 MB, 243 MB goal, 0 MB stacks, 0 MB globals, 20 P
gc 8459 @259.484s 0%: 0.028+8.4+0.004 ms clock, 0.57+0/8.9/0.002+0.080 ms cpu, 230->230->116 MB, 230 MB goal, 0 MB stacks, 0 MB globals, 20 P
gc 8460 @259.517s 0%: 0.031+0.56+0.004 ms clock, 0.63+0.026/0.74/0+0.085 ms cpu, 229->231->103 MB, 233 MB goal, 0 MB stacks, 0 MB globals, 20 P
gc 8461 @259.541s 0%: 0.036+5.8+0.008 ms clock, 0.72+0/6.7/0.061+0.17 ms cpu, 210->210->108 MB, 210 MB goal, 0 MB stacks, 0 MB globals, 20 P
gc 8462 @259.565s 0%: 0.019+6.0+0.003 ms clock, 0.39+0/6.3/0+0.068 ms cpu, 220->220->114 MB, 220 MB goal, 0 MB stacks, 0 MB globals, 20 P
gc 8463 @259.603s 0%: 0.029+0.73+1.1 ms clock, 0.59+0/1.4/0.004+22 ms cpu, 225->227->106 MB, 229 MB goal, 0 MB stacks, 0 MB globals, 20 P
gc 8464 @259.634s 0%: 0.028+0.83+0.007 ms clock, 0.56+0/1.7/0.021+0.14 ms cpu, 213->213->108 MB, 213 MB goal, 0 MB stacks, 0 MB globals, 20 P
gc 8465 @259.654s 0%: 0.022+0.69+0.005 ms clock, 0.44+0/1.3/0+0.11 ms cpu, 220->220->112 MB, 220 MB goal, 0 MB stacks, 0 MB globals, 20 P
gc 8466 @259.676s 0%: 0.024+0.47+0.011 ms clock, 0.48+0/0.86/0+0.23 ms cpu, 222->222->129 MB, 224 MB goal, 0 MB stacks, 0 MB globals, 20 P
gc 8467 @259.716s 0%: 0.018+4.6+0.004 ms clock, 0.36+0/4.7/0+0.085 ms cpu, 266->266->116 MB, 266 MB goal, 0 MB stacks, 0 MB globals, 20 P
gc 8468 @259.744s 0%: 0.036+0.87+0.008 ms clock, 0.73+0/1.6/0.031+0.16 ms cpu, 232->232->106 MB, 234 MB goal, 0 MB stacks, 0 MB globals, 20 P
gc 8469 @259.766s 0%: 0.027+0.77+0.007 ms clock, 0.54+0/1.8/0.054+0.14 ms cpu, 210->210->108 MB, 212 MB goal, 0 MB stacks, 0 MB globals, 20 P
gc 8470 @259.790s 0%: 0.022+1.7+0.003 ms clock, 0.45+0/2.3/0+0.074 ms cpu, 214->214->110 MB, 216 MB goal, 0 MB stacks, 0 MB globals, 20 P
gc 8471 @259.810s 0%: 0.028+9.0+0.005 ms clock, 0.57+0/9.7/0+0.11 ms cpu, 225->225->115 MB, 225 MB goal, 0 MB stacks, 0 MB globals, 20 P
gc 8472 @259.847s 0%: 0.020+0.50+0.015 ms clock, 0.41+0/0.79/0.012+0.31 ms cpu, 237->237->133 MB, 237 MB goal, 0 MB stacks, 0 MB globals, 20 P
gc 8473 @259.884s 0%: 0.027+3.3+0.003 ms clock, 0.55+0/3.9/0.006+0.071 ms cpu, 266->266->115 MB, 268 MB goal, 0 MB stacks, 0 MB globals, 20 P
gc 8474 @259.917s 0%: 0.027+1.7+0.004 ms clock, 0.54+0/2.3/0+0.085 ms cpu, 230->230->121 MB, 231 MB goal, 0 MB stacks, 0 MB globals, 20 P
gc 8475 @259.944s 0%: 0.019+0.56+0.009 ms clock, 0.39+0/0.86/0+0.18 ms cpu, 243->243->141 MB, 244 MB goal, 0 MB stacks, 0 MB globals, 20 P
gc 8476 @259.969s 0%: 0.025+4.5+0.005 ms clock, 0.51+0/4.9/0+0.10 ms cpu, 284->284->123 MB, 284 MB goal, 0 MB stacks, 0 MB globals, 20 P
gc 8477 @260.002s 0%: 0.029+1.9+0.006 ms clock, 0.59+0/2.7/0+0.12 ms cpu, 244->244->129 MB, 247 MB goal, 0 MB stacks, 0 MB globals, 20 P
gc 8478 @260.038s 0%: 0.032+0.85+0.14 ms clock, 0.64+0/1.8/0.052+2.9 ms cpu, 256->256->117 MB, 258 MB goal, 0 MB stacks, 0 MB globals, 20 P
gc 8479 @260.064s 0%: 0.019+1.4+0.003 ms clock, 0.39+0/1.7/0+0.076 ms cpu, 235->235->124 MB, 235 MB goal, 0 MB stacks, 0 MB globals, 20 P
gc 8480 @260.085s 0%: 0.020+2.9+0.003 ms clock, 0.41+0/3.1/0+0.078 ms cpu, 251->251->116 MB, 251 MB goal, 0 MB stacks, 0 MB globals, 20 P
gc 8481 @260.101s 0%: 0.019+2.4+0.003 ms clock, 0.38+0.059/2.6/0+0.062 ms cpu, 230->230->122 MB, 233 MB goal, 0 MB stacks, 0 MB globals, 20 P
gc 8482 @260.128s 0%: 0.035+1.1+0.003 ms clock, 0.70+0/1.5/0+0.078 ms cpu, 248->248->110 MB, 248 MB goal, 0 MB stacks, 0 MB globals, 20 P
gc 8483 @260.155s 0%: 0.026+5.6+0.006 ms clock, 0.53+0/6.1/0+0.12 ms cpu, 225->225->114 MB, 225 MB goal, 0 MB stacks, 0 MB globals, 20 P
gc 8484 @260.179s 0%: 0.021+0.77+0.17 ms clock, 0.43+0/0.69/0.019+3.5 ms cpu, 237->237->131 MB, 237 MB goal, 0 MB stacks, 0 MB globals, 20 P
gc 8485 @260.212s 0%: 0.019+0.80+0.006 ms clock, 0.39+0/1.0/0+0.12 ms cpu, 264->264->113 MB, 264 MB goal, 0 MB stacks, 0 MB globals, 20 P
gc 8486 @260.227s 0%: 0.018+1.0+0.003 ms clock, 0.37+0/1.4/0+0.078 ms cpu, 228->228->119 MB, 228 MB goal, 0 MB stacks, 0 MB globals, 20 P
gc 8487 @260.254s 0%: 0.021+0.58+0.011 ms clock, 0.42+0/0.74/0+0.23 ms cpu, 241->241->138 MB, 242 MB goal, 0 MB stacks, 0 MB globals, 20 P
gc 8488 @260.284s 0%: 0.035+6.2+0.005 ms clock, 0.71+0/6.5/0.006+0.11 ms cpu, 281->281->123 MB, 281 MB goal, 0 MB stacks, 0 MB globals, 20 P
gc 8489 @260.316s 0%: 0.024+1.9+0.005 ms clock, 0.49+0/2.6/0.003+0.10 ms cpu, 244->244->114 MB, 247 MB goal, 0 MB stacks, 0 MB globals, 20 P
gc 8490 @260.345s 0%: 0.022+4.9+0.006 ms clock, 0.44+0/5.3/0.005+0.12 ms cpu, 231->231->121 MB, 231 MB goal, 0 MB stacks, 0 MB globals, 20 P
gc 8491 @260.382s 0%: 0.021+0.52+0.005 ms clock, 0.43+0/0.99/0.021+0.11 ms cpu, 240->240->107 MB, 242 MB goal, 0 MB stacks, 0 MB globals, 20 P
gc 8492 @260.403s 0%: 0.020+1.9+0.004 ms clock, 0.41+0/2.3/0+0.092 ms cpu, 215->215->110 MB, 216 MB goal, 0 MB stacks, 0 MB globals, 20 P
gc 8493 @260.425s 0%: 0.029+1.1+0.011 ms clock, 0.59+0/1.8/0+0.23 ms cpu, 221->221->114 MB, 221 MB goal, 0 MB stacks, 0 MB globals, 20 P
gc 8494 @260.456s 0%: 0.019+5.6+0.005 ms clock, 0.39+0/6.0/0+0.11 ms cpu, 234->234->119 MB, 235 MB goal, 0 MB stacks, 0 MB globals, 20 P
gc 8495 @260.480s 0%: 0.021+0.80+0.020 ms clock, 0.43+0.073/0.93/0.006+0.41 ms cpu, 236->239->111 MB, 239 MB goal, 0 MB stacks, 0 MB globals, 20 P
gc 8496 @260.497s 0%: 0.018+0.69+0.005 ms clock, 0.37+0/1.1/0+0.10 ms cpu, 223->223->115 MB, 223 MB goal, 0 MB stacks, 0 MB globals, 20 P
gc 8497 @260.516s 0%: 0.021+2.0+0.006 ms clock, 0.43+0/2.4/0+0.13 ms cpu, 238->238->124 MB, 238 MB goal, 0 MB stacks, 0 MB globals, 20 P
gc 8498 @260.535s 0%: 0.022+0.44+0.011 ms clock, 0.44+0/0.76/0.013+0.23 ms cpu, 246->246->142 MB, 249 MB goal, 0 MB stacks, 0 MB globals, 20 P
gc 8499 @260.566s 0%: 0.017+3.5+0.004 ms clock, 0.34+0/3.9/0+0.081 ms cpu, 285->285->123 MB, 285 MB goal, 0 MB stacks, 0 MB globals, 20 P
gc 8500 @260.590s 0%: 0.032+0.57+0.004 ms clock, 0.65+0.22/0.77/0.004+0.098 ms cpu, 243->244->113 MB, 246 MB goal, 0 MB stacks, 0 MB globals, 20 P
gc 8501 @260.613s 0%: 0.019+1.5+0.005 ms clock, 0.38+0/2.0/0.021+0.11 ms cpu, 225->225->118 MB, 227 MB goal, 0 MB stacks, 0 MB globals, 20 P
gc 8502 @260.637s 0%: 0.021+0.51+0.012 ms clock, 0.43+0/0.80/0+0.24 ms cpu, 244->244->136 MB, 244 MB goal, 0 MB stacks, 0 MB globals, 20 P
gc 8503 @260.658s 0%: 0.022+3.9+0.005 ms clock, 0.45+0/4.2/0+0.10 ms cpu, 274->274->118 MB, 274 MB goal, 0 MB stacks, 0 MB globals, 20 P
gc 8504 @260.689s 0%: 0.020+0.48+0.004 ms clock, 0.40+0/0.98/0+0.090 ms cpu, 233->233->104 MB, 236 MB goal, 0 MB stacks, 0 MB globals, 20 P
gc 8505 @260.712s 0%: 0.026+3.7+0.006 ms clock, 0.53+0/4.6/0.041+0.13 ms cpu, 209->209->106 MB, 209 MB goal, 0 MB stacks, 0 MB globals, 20 P
gc 8506 @260.736s 0%: 0.030+7.7+0.099 ms clock, 0.60+0/8.0/0+1.9 ms cpu, 218->229->124 MB, 218 MB goal, 0 MB stacks, 0 MB globals, 20 P
gc 8507 @260.779s 0%: 0.029+4.5+0.009 ms clock, 0.59+0/5.2/0.066+0.18 ms cpu, 240->240->108 MB, 250 MB goal, 0 MB stacks, 0 MB globals, 20 P
gc 8508 @260.800s 0%: 0.022+1.0+0.005 ms clock, 0.44+0/1.7/0+0.10 ms cpu, 209->209->110 MB, 217 MB goal, 0 MB stacks, 0 MB globals, 20 P
gc 8509 @260.825s 0%: 0.026+3.2+0.003 ms clock, 0.53+0/3.8/0.020+0.079 ms cpu, 215->215->116 MB, 221 MB goal, 0 MB stacks, 0 MB globals, 20 P
gc 8510 @260.849s 0%: 0.017+0.64+0.004 ms clock, 0.35+0.033/0.82/0+0.084 ms cpu, 221->223->102 MB, 232 MB goal, 0 MB stacks, 0 MB globals, 20 P
gc 8511 @260.868s 0%: 0.047+0.74+0.024 ms clock, 0.94+0.043/1.0/0+0.48 ms cpu, 194->196->105 MB, 205 MB goal, 0 MB stacks, 0 MB globals, 20 P
gc 8512 @260.888s 0%: 0.019+0.72+0.049 ms clock, 0.39+0/0.93/0+0.98 ms cpu, 201->207->116 MB, 211 MB goal, 0 MB stacks, 0 MB globals, 20 P
gc 8513 @260.912s 0%: 0.019+1.5+0.003 ms clock, 0.38+0/2.0/0+0.078 ms cpu, 225->225->114 MB, 232 MB goal, 0 MB stacks, 0 MB globals, 20 P
gc 8514 @260.935s 0%: 0.019+0.66+0.13 ms clock, 0.38+0/0.75/0+2.7 ms cpu, 219->219->121 MB, 229 MB goal, 0 MB stacks, 0 MB globals, 20 P
gc 8515 @260.957s 0%: 0.019+1.0+0.003 ms clock, 0.39+0/1.3/0.062+0.065 ms cpu, 234->236->107 MB, 243 MB goal, 0 MB stacks, 0 MB globals, 20 P
gc 8516 @260.974s 0%: 0.020+0.67+0.038 ms clock, 0.41+0/1.1/0+0.76 ms cpu, 207->212->113 MB, 215 MB goal, 0 MB stacks, 0 MB globals, 20 P
gc 8517 @260.998s 0%: 0.025+2.6+0.006 ms clock, 0.51+0/3.0/0+0.13 ms cpu, 226->226->117 MB, 228 MB goal, 0 MB stacks, 0 MB globals, 20 P
gc 8518 @261.022s 0%: 0.019+0.64+0.006 ms clock, 0.38+0.14/0.66/0.025+0.12 ms cpu, 228->230->106 MB, 234 MB goal, 0 MB stacks, 0 MB globals, 20 P
gc 8519 @261.037s 0%: 0.16+1.3+0.007 ms clock, 3.3+0/2.0/0.048+0.14 ms cpu, 211->211->110 MB, 213 MB goal, 0 MB stacks, 0 MB globals, 20 P
gc 8520 @261.054s 0%: 0.020+6.5+0.006 ms clock, 0.41+0/6.8/0+0.12 ms cpu, 224->224->115 MB, 224 MB goal, 0 MB stacks, 0 MB globals, 20 P
gc 8521 @261.076s 0%: 0.017+0.46+0.11 ms clock, 0.34+0.17/0.54/0.001+2.3 ms cpu, 225->228->108 MB, 231 MB goal, 0 MB stacks, 0 MB globals, 20 P
gc 8522 @261.091s 0%: 0.017+1.0+0.015 ms clock, 0.35+0/1.5/0+0.31 ms cpu, 211->211->106 MB, 216 MB goal, 0 MB stacks, 0 MB globals, 20 P
gc 8523 @261.110s 0%: 0.030+4.0+0.005 ms clock, 0.61+0/4.9/0+0.10 ms cpu, 211->211->112 MB, 213 MB goal, 0 MB stacks, 0 MB globals, 20 P
gc 8524 @261.132s 0%: 0.027+6.2+0.004 ms clock, 0.54+0/6.5/0+0.082 ms cpu, 232->232->118 MB, 232 MB goal, 0 MB stacks, 0 MB globals, 20 P
gc 8525 @261.159s 0%: 0.016+0.58+0.004 ms clock, 0.32+0/1.0/0.005+0.095 ms cpu, 233->233->109 MB, 236 MB goal, 0 MB stacks, 0 MB globals, 20 P
gc 8526 @261.171s 0%: 0.017+0.91+0.015 ms clock, 0.34+0/1.2/0.011+0.30 ms cpu, 214->214->110 MB, 218 MB goal, 0 MB stacks, 0 MB globals, 20 P
gc 8527 @261.190s 0%: 0.031+7.1+0.004 ms clock, 0.63+0/7.3/0.005+0.086 ms cpu, 225->225->116 MB, 225 MB goal, 0 MB stacks, 0 MB globals, 20 P
gc 8528 @261.216s 0%: 0.026+0.81+0.060 ms clock, 0.52+0/0.78/0+1.2 ms cpu, 226->231->111 MB, 232 MB goal, 0 MB stacks, 0 MB globals, 20 P
gc 8529 @261.233s 0%: 0.019+1.5+0.003 ms clock, 0.39+0/2.1/0+0.068 ms cpu, 224->224->112 MB, 224 MB goal, 0 MB stacks, 0 MB globals, 20 P
gc 8530 @261.249s 0%: 0.018+4.9+0.007 ms clock, 0.37+0/5.2/0+0.14 ms cpu, 233->233->121 MB, 233 MB goal, 0 MB stacks, 0 MB globals, 20 P
gc 8531 @261.273s 0%: 0.019+0.37+0.005 ms clock, 0.39+0/0.88/0.013+0.10 ms cpu, 237->237->106 MB, 242 MB goal, 0 MB stacks, 0 MB globals, 20 P
gc 8532 @261.297s 0%: 0.016+2.0+0.005 ms clock, 0.32+0/2.6/0.005+0.10 ms cpu, 210->210->109 MB, 213 MB goal, 0 MB stacks, 0 MB globals, 20 P
gc 8533 @261.314s 0%: 0.021+4.9+0.003 ms clock, 0.43+0/5.1/0+0.073 ms cpu, 221->221->115 MB, 221 MB goal, 0 MB stacks, 0 MB globals, 20 P
gc 8534 @261.341s 0%: 0.021+0.33+0.009 ms clock, 0.43+0/0.77/0+0.19 ms cpu, 236->236->131 MB, 236 MB goal, 0 MB stacks, 0 MB globals, 20 P
gc 8535 @261.366s 0%: 0.018+4.6+0.004 ms clock, 0.36+0/5.1/0.083+0.086 ms cpu, 269->269->116 MB, 269 MB goal, 0 MB stacks, 0 MB globals, 20 P
gc 8536 @261.388s 0%: 0.028+0.50+0.008 ms clock, 0.57+0/0.89/0+0.17 ms cpu, 237->237->133 MB, 237 MB goal, 0 MB stacks, 0 MB globals, 20 P
gc 8537 @261.414s 0%: 0.019+0.77+0.005 ms clock, 0.38+0/1.4/0.004+0.10 ms cpu, 266->266->114 MB, 268 MB goal, 0 MB stacks, 0 MB globals, 20 P
gc 8538 @261.435s 0%: 0.022+1.2+0.004 ms clock, 0.45+0/1.9/0+0.086 ms cpu, 230->230->120 MB, 230 MB goal, 0 MB stacks, 0 MB globals, 20 P
gc 8539 @261.458s 0%: 0.021+0.48+0.013 ms clock, 0.42+0/0.84/0+0.27 ms cpu, 243->243->139 MB, 243 MB goal, 0 MB stacks, 0 MB globals, 20 P
gc 8540 @261.496s 0%: 0.020+3.7+0.003 ms clock, 0.40+0/4.0/0+0.077 ms cpu, 282->282->121 MB, 282 MB goal, 0 MB stacks, 0 MB globals, 20 P
gc 8541 @261.521s 0%: 0.021+3.7+0.003 ms clock, 0.42+0/4.0/0+0.070 ms cpu, 242->242->128 MB, 243 MB goal, 0 MB stacks, 0 MB globals, 20 P
gc 8542 @261.554s 0%: 0.030+3.4+0.008 ms clock, 0.60+0/4.1/0+0.16 ms cpu, 257->257->119 MB, 257 MB goal, 0 MB stacks, 0 MB globals, 20 P
gc 8543 @261.583s 0%: 0.029+0.70+0.014 ms clock, 0.58+0/1.2/0.001+0.29 ms cpu, 246->246->138 MB, 246 MB goal, 0 MB stacks, 0 MB globals, 20 P
gc 8544 @261.614s 0%: 0.019+3.5+0.005 ms clock, 0.39+0/3.7/0+0.11 ms cpu, 279->279->117 MB, 279 MB goal, 0 MB stacks, 0 MB globals, 20 P
gc 8545 @261.632s 0%: 0.018+0.48+0.009 ms clock, 0.37+0/0.73/0+0.19 ms cpu, 233->233->134 MB, 235 MB goal, 0 MB stacks, 0 MB globals, 20 P
gc 8546 @261.653s 0%: 0.027+0.99+0.006 ms clock, 0.55+0/1.8/0.009+0.12 ms cpu, 266->266->112 MB, 268 MB goal, 0 MB stacks, 0 MB globals, 20 P
gc 8547 @261.671s 0%: 0.019+2.6+0.003 ms clock, 0.39+0.024/2.9/0+0.073 ms cpu, 226->226->118 MB, 226 MB goal, 0 MB stacks, 0 MB globals, 20 P
gc 8548 @261.695s 0%: 0.025+1.0+0.006 ms clock, 0.51+0/1.6/0+0.13 ms cpu, 238->238->109 MB, 238 MB goal, 0 MB stacks, 0 MB globals, 20 P
gc 8549 @261.720s 0%: 0.033+2.0+0.008 ms clock, 0.66+0/2.8/0.004+0.16 ms cpu, 215->215->115 MB, 219 MB goal, 0 MB stacks, 0 MB globals, 20 P
gc 8550 @261.746s 0%: 0.018+2.1+0.008 ms clock, 0.36+0.17/0.98/0.011+0.16 ms cpu, 227->229->106 MB, 231 MB goal, 0 MB stacks, 0 MB globals, 20 P
gc 8551 @261.770s 0%: 0.020+0.72+0.004 ms clock, 0.40+0/0.99/0+0.086 ms cpu, 213->213->108 MB, 213 MB goal, 0 MB stacks, 0 MB globals, 20 P
gc 8552 @261.790s 0%: 0.030+3.0+0.006 ms clock, 0.60+0/3.5/0.001+0.12 ms cpu, 213->213->109 MB, 216 MB goal, 0 MB stacks, 0 MB globals, 20 P
gc 8553 @261.818s 0%: 0.031+1.8+0.007 ms clock, 0.62+0/2.6/0+0.15 ms cpu, 223->223->114 MB, 223 MB goal, 0 MB stacks, 0 MB globals, 20 P
gc 8554 @261.841s 0%: 0.021+0.50+0.012 ms clock, 0.42+0/0.91/0+0.25 ms cpu, 235->235->131 MB, 235 MB goal, 0 MB stacks, 0 MB globals, 20 P
gc 8555 @261.870s 0%: 0.030+4.9+0.005 ms clock, 0.60+0/5.7/0.019+0.11 ms cpu, 262->262->111 MB, 263 MB goal, 0 MB stacks, 0 MB globals, 20 P
gc 8556 @261.891s 0%: 0.017+0.94+0.002 ms clock, 0.35+0/1.5/0+0.054 ms cpu, 225->225->116 MB, 225 MB goal, 0 MB stacks, 0 MB globals, 20 P
gc 8557 @261.914s 0%: 0.016+0.87+0.009 ms clock, 0.33+0.12/0.62/0+0.18 ms cpu, 228->230->107 MB, 232 MB goal, 0 MB stacks, 0 MB globals, 20 P
gc 8558 @261.941s 0%: 0.027+0.79+0.006 ms clock, 0.55+0/1.6/0.085+0.12 ms cpu, 214->214->109 MB, 214 MB goal, 0 MB stacks, 0 MB globals, 20 P
gc 8559 @261.965s 0%: 0.026+4.0+0.006 ms clock, 0.52+0/5.0/0.017+0.13 ms cpu, 216->216->113 MB, 218 MB goal, 0 MB stacks, 0 MB globals, 20 P
gc 8560 @261.991s 0%: 0.030+5.6+0.005 ms clock, 0.61+0/6.3/0.012+0.10 ms cpu, 228->228->118 MB, 229 MB goal, 0 MB stacks, 0 MB globals, 20 P
gc 8561 @262.017s 0%: 0.021+0.53+0.012 ms clock, 0.42+0/0.89/0+0.25 ms cpu, 240->240->136 MB, 240 MB goal, 0 MB stacks, 0 MB globals, 20 P
gc 8562 @262.049s 0%: 0.024+3.1+0.005 ms clock, 0.49+0/3.3/0+0.10 ms cpu, 269->269->117 MB, 273 MB goal, 0 MB stacks, 0 MB globals, 20 P
gc 8563 @262.069s 0%: 0.032+2.5+0.006 ms clock, 0.65+0/3.1/0.005+0.13 ms cpu, 233->233->124 MB, 235 MB goal, 0 MB stacks, 0 MB globals, 20 P
gc 8564 @262.095s 0%: 0.025+0.62+0.011 ms clock, 0.51+0/1.1/0+0.23 ms cpu, 246->246->142 MB, 248 MB goal, 0 MB stacks, 0 MB globals, 20 P
gc 8565 @262.128s 0%: 0.019+3.7+0.005 ms clock, 0.39+0/3.8/0+0.11 ms cpu, 284->284->123 MB, 285 MB goal, 0 MB stacks, 0 MB globals, 20 P
gc 8566 @262.155s 0%: 0.026+0.48+0.003 ms clock, 0.52+0.072/0.82/0+0.063 ms cpu, 242->243->112 MB, 247 MB goal, 0 MB stacks, 0 MB globals, 20 P
gc 8567 @262.169s 0%: 0.017+0.78+0.006 ms clock, 0.34+0/1.1/0+0.13 ms cpu, 226->226->118 MB, 226 MB goal, 0 MB stacks, 0 MB globals, 20 P
gc 8568 @262.198s 0%: 0.020+0.50+0.008 ms clock, 0.41+0/0.83/0+0.16 ms cpu, 244->244->136 MB, 244 MB goal, 0 MB stacks, 0 MB globals, 20 P
gc 8569 @262.228s 0%: 0.028+4.9+0.004 ms clock, 0.56+0/5.3/0+0.082 ms cpu, 274->274->118 MB, 274 MB goal, 0 MB stacks, 0 MB globals, 20 P
gc 8570 @262.261s 0%: 0.021+0.51+0.012 ms clock, 0.42+0/0.81/0.005+0.24 ms cpu, 237->237->132 MB, 237 MB goal, 0 MB stacks, 0 MB globals, 20 P
gc 8571 @262.292s 0%: 0.028+1.0+0.003 ms clock, 0.56+0/1.2/0+0.074 ms cpu, 263->263->109 MB, 265 MB goal, 0 MB stacks, 0 MB globals, 20 P
gc 8572 @262.312s 0%: 0.017+1.1+0.005 ms clock, 0.34+0/1.4/0+0.11 ms cpu, 224->224->115 MB, 224 MB goal, 0 MB stacks, 0 MB globals, 20 P
gc 8573 @262.330s 0%: 0.018+0.70+0.005 ms clock, 0.37+0/0.99/0+0.11 ms cpu, 230->230->119 MB, 230 MB goal, 0 MB stacks, 0 MB globals, 20 P
gc 8574 @262.344s 0%: 0.020+4.8+0.006 ms clock, 0.40+0/5.1/0+0.12 ms cpu, 239->239->127 MB, 239 MB goal, 0 MB stacks, 0 MB globals, 20 P
gc 8575 @262.376s 0%: 0.026+0.76+0.005 ms clock, 0.53+0/1.3/0+0.11 ms cpu, 253->253->118 MB, 255 MB goal, 0 MB stacks, 0 MB globals, 20 P
gc 8576 @262.407s 0%: 0.028+7.1+0.005 ms clock, 0.56+0/7.6/0+0.11 ms cpu, 240->240->125 MB, 240 MB goal, 0 MB stacks, 0 MB globals, 20 P
gc 8577 @262.435s 0%: 0.028+2.1+0.004 ms clock, 0.57+0/2.6/0+0.089 ms cpu, 246->246->132 MB, 251 MB goal, 0 MB stacks, 0 MB globals, 20 P
gc 8578 @262.462s 0%: 0.025+1.3+0.006 ms clock, 0.51+0/2.0/0+0.13 ms cpu, 264->264->123 MB, 265 MB goal, 0 MB stacks, 0 MB globals, 20 P
gc 8579 @262.481s 0%: 0.020+1.0+0.021 ms clock, 0.40+0/1.6/0.020+0.43 ms cpu, 253->253->122 MB, 253 MB goal, 0 MB stacks, 0 MB globals, 20 P
gc 8580 @262.503s 0%: 0.026+0.64+0.008 ms clock, 0.53+0/1.1/0+0.17 ms cpu, 244->244->142 MB, 244 MB goal, 0 MB stacks, 0 MB globals, 20 P
gc 8581 @262.537s 0%: 0.020+3.5+0.004 ms clock, 0.41+0/3.9/0+0.080 ms cpu, 285->285->123 MB, 285 MB goal, 0 MB stacks, 0 MB globals, 20 P
gc 8582 @262.558s 0%: 0.019+1.7+0.003 ms clock, 0.38+0/1.9/0.003+0.075 ms cpu, 243->243->128 MB, 246 MB goal, 0 MB stacks, 0 MB globals, 20 P
gc 8583 @262.583s 0%: 0.020+0.97+0.007 ms clock, 0.40+0/1.3/0+0.14 ms cpu, 257->257->119 MB, 257 MB goal, 0 MB stacks, 0 MB globals, 20 P
gc 8584 @262.613s 0%: 0.026+0.64+0.008 ms clock, 0.52+0.16/1.1/0.12+0.16 ms cpu, 234->237->111 MB, 239 MB goal, 0 MB stacks, 0 MB globals, 20 P
gc 8585 @262.634s 0%: 0.017+0.57+0.005 ms clock, 0.35+0/1.1/0+0.11 ms cpu, 220->220->111 MB, 224 MB goal, 0 MB stacks, 0 MB globals, 20 P
gc 8586 @262.652s 0%: 0.020+2.0+0.004 ms clock, 0.40+0/2.5/0.009+0.094 ms cpu, 228->228->116 MB, 228 MB goal, 0 MB stacks, 0 MB globals, 20 P
gc 8587 @262.671s 0%: 0.020+0.60+0.008 ms clock, 0.40+0/0.96/0.011+0.17 ms cpu, 232->232->133 MB, 233 MB goal, 0 MB stacks, 0 MB globals, 20 P
gc 8588 @262.701s 0%: 0.021+0.54+0.009 ms clock, 0.42+0/0.76/0+0.19 ms cpu, 278->278->150 MB, 278 MB goal, 0 MB stacks, 0 MB globals, 20 P
gc 8589 @262.724s 0%: 0.022+5.5+0.003 ms clock, 0.44+0/5.7/0+0.065 ms cpu, 303->303->126 MB, 303 MB goal, 0 MB stacks, 0 MB globals, 20 P
gc 8590 @262.747s 0%: 0.022+1.1+0.003 ms clock, 0.44+0/1.5/0+0.076 ms cpu, 256->256->133 MB, 256 MB goal, 0 MB stacks, 0 MB globals, 20 P
gc 8591 @262.776s 0%: 0.030+3.9+0.005 ms clock, 0.61+0/4.8/0.016+0.10 ms cpu, 269->269->129 MB, 269 MB goal, 0 MB stacks, 0 MB globals, 20 P
gc 8592 @262.799s 0%: 0.017+0.57+0.005 ms clock, 0.35+0/1.0/0+0.11 ms cpu, 256->256->135 MB, 259 MB goal, 0 MB stacks, 0 MB globals, 20 P
gc 8593 @262.831s 0%: 0.025+0.75+0.008 ms clock, 0.51+0/1.6/0+0.17 ms cpu, 269->269->122 MB, 272 MB goal, 0 MB stacks, 0 MB globals, 20 P
gc 8594 @262.874s 0%: 0.018+0.61+0.010 ms clock, 0.37+0/1.0/0.003+0.20 ms cpu, 251->251->166 MB, 251 MB goal, 0 MB stacks, 0 MB globals, 20 P
gc 8595 @262.925s 0%: 0.020+0.53+0.015 ms clock, 0.41+0/0.80/0+0.30 ms cpu, 332->332->146 MB, 332 MB goal, 0 MB stacks, 0 MB globals, 20 P
gc 8596 @262.949s 0%: 0.019+1.1+0.006 ms clock, 0.38+0/1.7/0+0.12 ms cpu, 302->302->134 MB, 302 MB goal, 0 MB stacks, 0 MB globals, 20 P
gc 8597 @262.970s 0%: 0.017+0.98+0.004 ms clock, 0.34+0/1.5/0.043+0.083 ms cpu, 267->267->118 MB, 269 MB goal, 0 MB stacks, 0 MB globals, 20 P
gc 8598 @262.988s 0%: 0.023+4.1+0.004 ms clock, 0.46+0/4.7/0+0.084 ms cpu, 240->240->126 MB, 240 MB goal, 0 MB stacks, 0 MB globals, 20 P
gc 8599 @263.016s 0%: 0.019+3.7+0.003 ms clock, 0.39+0/4.1/0+0.062 ms cpu, 257->257->125 MB, 257 MB goal, 0 MB stacks, 0 MB globals, 20 P
gc 8600 @263.045s 0%: 0.030+0.74+0.007 ms clock, 0.61+0/1.6/0.038+0.14 ms cpu, 248->248->116 MB, 251 MB goal, 0 MB stacks, 0 MB globals, 20 P
gc 8601 @263.060s 0%: 0.019+1.5+0.003 ms clock, 0.38+0/2.0/0+0.070 ms cpu, 232->232->120 MB, 232 MB goal, 0 MB stacks, 0 MB globals, 20 P
gc 8602 @263.087s 0%: 0.024+7.3+0.003 ms clock, 0.49+0/7.8/0+0.070 ms cpu, 252->252->128 MB, 252 MB goal, 0 MB stacks, 0 MB globals, 20 P
gc 8603 @263.129s 0%: 0.020+0.63+0.006 ms clock, 0.40+0/1.0/0+0.12 ms cpu, 255->255->117 MB, 257 MB goal, 0 MB stacks, 0 MB globals, 20 P
gc 8604 @263.144s 0%: 0.020+5.0+0.005 ms clock, 0.41+0/5.3/0+0.11 ms cpu, 234->234->123 MB, 234 MB goal, 0 MB stacks, 0 MB globals, 20 P
gc 8605 @263.181s 0%: 0.034+1.1+0.007 ms clock, 0.68+0/2.3/0.12+0.15 ms cpu, 251->251->115 MB, 251 MB goal, 0 MB stacks, 0 MB globals, 20 P
gc 8606 @263.202s 0%: 0.020+1.1+0.004 ms clock, 0.41+0/1.6/0+0.080 ms cpu, 229->229->119 MB, 232 MB goal, 0 MB stacks, 0 MB globals, 20 P
gc 8607 @263.233s 0%: 0.016+0.45+0.003 ms clock, 0.33+0.10/0.62/0+0.061 ms cpu, 235->235->106 MB, 238 MB goal, 0 MB stacks, 0 MB globals, 20 P
gc 8608 @263.247s 0%: 0.020+2.0+0.004 ms clock, 0.40+0/2.3/0+0.080 ms cpu, 216->216->128 MB, 216 MB goal, 0 MB stacks, 0 MB globals, 20 P
gc 8609 @263.276s 0%: 0.017+2.7+0.003 ms clock, 0.34+0/2.8/0+0.067 ms cpu, 256->256->116 MB, 256 MB goal, 0 MB stacks, 0 MB globals, 20 P
gc 8610 @263.299s 0%: 0.079+0.41+0.014 ms clock, 1.5+0.046/0.59/0+0.29 ms cpu, 230->231->121 MB, 234 MB goal, 0 MB stacks, 0 MB globals, 20 P
gc 8611 @263.315s 0%: 0.019+0.98+0.003 ms clock, 0.38+0/1.3/0+0.074 ms cpu, 243->243->129 MB, 243 MB goal, 0 MB stacks, 0 MB globals, 20 P
gc 8612 @263.348s 0%: 0.024+0.49+0.006 ms clock, 0.48+0/1.0/0+0.13 ms cpu, 264->264->150 MB, 264 MB goal, 0 MB stacks, 0 MB globals, 20 P
gc 8613 @263.389s 0%: 0.019+4.1+0.002 ms clock, 0.38+0/4.5/0+0.058 ms cpu, 305->305->126 MB, 305 MB goal, 0 MB stacks, 0 MB globals, 20 P
gc 8614 @263.421s 0%: 0.055+0.38+0.003 ms clock, 1.1+0.044/0.78/0+0.075 ms cpu, 248->249->118 MB, 252 MB goal, 0 MB stacks, 0 MB globals, 20 P
gc 8615 @263.446s 0%: 0.018+2.9+0.009 ms clock, 0.37+0/3.7/0.047+0.18 ms cpu, 235->235->114 MB, 237 MB goal, 0 MB stacks, 0 MB globals, 20 P
gc 8616 @263.472s 0%: 0.019+3.8+0.008 ms clock, 0.39+0/4.2/0+0.17 ms cpu, 232->232->123 MB, 232 MB goal, 0 MB stacks, 0 MB globals, 20 P
gc 8617 @263.491s 0%: 0.019+1.9+0.004 ms clock, 0.38+0/2.5/0.026+0.084 ms cpu, 243->243->128 MB, 246 MB goal, 0 MB stacks, 0 MB globals, 20 P
gc 8618 @263.518s 0%: 0.033+2.5+0.009 ms clock, 0.67+0/3.6/0.019+0.19 ms cpu, 257->257->119 MB, 257 MB goal, 0 MB stacks, 0 MB globals, 20 P
gc 8619 @263.556s 0%: 0.041+1.0+0.009 ms clock, 0.82+0.19/1.5/0.045+0.18 ms cpu, 235->237->110 MB, 239 MB goal, 0 MB stacks, 0 MB globals, 20 P
gc 8620 @263.579s 0%: 0.029+3.8+0.007 ms clock, 0.58+0/4.9/0.009+0.14 ms cpu, 227->227->116 MB, 228 MB goal, 0 MB stacks, 0 MB globals, 20 P
gc 8621 @263.611s 0%: 0.032+10+0.006 ms clock, 0.65+0/10/0+0.12 ms cpu, 235->235->120 MB, 235 MB goal, 0 MB stacks, 0 MB globals, 20 P
gc 8622 @263.649s 0%: 0.031+1.5+0.006 ms clock, 0.62+0/2.4/0+0.13 ms cpu, 237->237->123 MB, 241 MB goal, 0 MB stacks, 0 MB globals, 20 P
gc 8623 @263.694s 0%: 0.023+0.59+0.004 ms clock, 0.46+0/1.1/0.012+0.094 ms cpu, 243->243->126 MB, 247 MB goal, 0 MB stacks, 0 MB globals, 20 P
gc 8624 @263.728s 0%: 0.037+2.3+0.007 ms clock, 0.74+0/3.0/0.001+0.14 ms cpu, 256->256->135 MB, 256 MB goal, 0 MB stacks, 0 MB globals, 20 P
gc 8625 @263.771s 0%: 0.023+2.0+0.007 ms clock, 0.47+0.12/1.0/0+0.14 ms cpu, 268->270->130 MB, 271 MB goal, 0 MB stacks, 0 MB globals, 20 P
gc 8626 @263.800s 0%: 0.022+2.5+0.006 ms clock, 0.44+0/3.1/0+0.12 ms cpu, 260->260->137 MB, 262 MB goal, 0 MB stacks, 0 MB globals, 20 P
gc 8627 @263.821s 0%: 0.019+0.40+0.007 ms clock, 0.39+0/0.71/0+0.15 ms cpu, 272->272->159 MB, 276 MB goal, 0 MB stacks, 0 MB globals, 20 P
gc 8628 @263.862s 0%: 0.019+5.9+0.003 ms clock, 0.39+0/6.4/0+0.073 ms cpu, 329->329->128 MB, 330 MB goal, 0 MB stacks, 0 MB globals, 20 P
gc 8629 @263.889s 0%: 0.017+0.62+0.005 ms clock, 0.35+0/1.0/0.006+0.11 ms cpu, 255->255->117 MB, 257 MB goal, 0 MB stacks, 0 MB globals, 20 P
gc 8630 @263.907s 0%: 0.019+1.4+0.009 ms clock, 0.39+0/1.7/0+0.18 ms cpu, 234->234->123 MB, 234 MB goal, 0 MB stacks, 0 MB globals, 20 P
gc 8631 @263.937s 0%: 0.024+4.2+0.007 ms clock, 0.48+0/5.0/0+0.14 ms cpu, 251->251->115 MB, 251 MB goal, 0 MB stacks, 0 MB globals, 20 P
gc 8632 @263.963s 0%: 0.031+2.7+0.009 ms clock, 0.63+0/4.0/0.16+0.18 ms cpu, 229->229->119 MB, 232 MB goal, 0 MB stacks, 0 MB globals, 20 P
gc 8633 @263.984s 0%: 0.019+4.5+0.006 ms clock, 0.38+0/5.1/0.065+0.12 ms cpu, 245->245->124 MB, 245 MB goal, 0 MB stacks, 0 MB globals, 20 P
gc 8634 @264.009s 0%: 0.051+0.33+0.005 ms clock, 1.0+0.057/0.78/0.043+0.11 ms cpu, 245->246->111 MB, 249 MB goal, 0 MB stacks, 0 MB globals, 20 P
gc 8635 @264.030s 0%: 0.030+0.91+0.009 ms clock, 0.60+0/1.9/0+0.18 ms cpu, 222->222->115 MB, 223 MB goal, 0 MB stacks, 0 MB globals, 20 P
gc 8636 @264.057s 0%: 0.030+3.8+0.008 ms clock, 0.61+0/4.8/0.10+0.16 ms cpu, 227->227->121 MB, 231 MB goal, 0 MB stacks, 0 MB globals, 20 P
gc 8637 @264.089s 0%: 0.034+7.2+0.004 ms clock, 0.69+0/8.4/0.15+0.089 ms cpu, 252->252->130 MB, 252 MB goal, 0 MB stacks, 0 MB globals, 20 P
gc 8638 @264.116s 0%: 0.017+0.46+0.003 ms clock, 0.35+0/0.82/0+0.067 ms cpu, 257->257->121 MB, 261 MB goal, 0 MB stacks, 0 MB globals, 20 P
gc 8639 @264.131s 0%: 0.017+0.82+0.004 ms clock, 0.35+0/1.3/0.014+0.080 ms cpu, 244->244->119 MB, 244 MB goal, 0 MB stacks, 0 MB globals, 20 P
gc 8640 @264.151s 0%: 0.024+1.8+0.006 ms clock, 0.49+0/2.4/0+0.12 ms cpu, 239->239->127 MB, 239 MB goal, 0 MB stacks, 0 MB globals, 20 P
gc 8641 @264.179s 0%: 0.018+0.68+0.010 ms clock, 0.37+0.095/1.1/0+0.21 ms cpu, 255->255->117 MB, 255 MB goal, 0 MB stacks, 0 MB globals, 20 P
gc 8642 @264.196s 0%: 0.022+1.5+0.005 ms clock, 0.45+0/2.3/0+0.10 ms cpu, 234->234->124 MB, 235 MB goal, 0 MB stacks, 0 MB globals, 20 P
gc 8643 @264.225s 0%: 0.021+0.47+0.003 ms clock, 0.43+0/1.2/0.027+0.062 ms cpu, 247->247->112 MB, 248 MB goal, 0 MB stacks, 0 MB globals, 20 P
gc 8644 @264.239s 0%: 0.018+1.8+0.006 ms clock, 0.37+0/2.4/0+0.12 ms cpu, 223->223->115 MB, 225 MB goal, 0 MB stacks, 0 MB globals, 20 P
gc 8645 @264.267s 0%: 0.017+0.44+0.003 ms clock, 0.35+0.14/0.51/0+0.060 ms cpu, 227->228->118 MB, 230 MB goal, 0 MB stacks, 0 MB globals, 20 P
gc 8646 @264.281s 0%: 0.019+2.7+0.003 ms clock, 0.38+0/3.3/0.002+0.078 ms cpu, 234->234->122 MB, 237 MB goal, 0 MB stacks, 0 MB globals, 20 P
gc 8647 @264.298s 0%: 0.020+2.3+0.003 ms clock, 0.40+0/2.7/0.007+0.079 ms cpu, 242->242->127 MB, 245 MB goal, 0 MB stacks, 0 MB globals, 20 P
gc 8648 @264.326s 0%: 0.019+1.6+0.003 ms clock, 0.39+0/2.0/0+0.077 ms cpu, 254->254->118 MB, 254 MB goal, 0 MB stacks, 0 MB globals, 20 P
gc 8649 @264.348s 0%: 0.022+2.4+0.004 ms clock, 0.44+0/2.8/0+0.081 ms cpu, 241->241->126 MB, 241 MB goal, 0 MB stacks, 0 MB globals, 20 P
gc 8650 @264.375s 0%: 0.020+0.50+0.009 ms clock, 0.40+0/0.87/0.024+0.19 ms cpu, 261->261->147 MB, 261 MB goal, 0 MB stacks, 0 MB globals, 20 P
gc 8651 @264.402s 0%: 0.019+4.7+0.003 ms clock, 0.38+0/5.0/0.010+0.074 ms cpu, 302->302->124 MB, 302 MB goal, 0 MB stacks, 0 MB globals, 20 P
gc 8652 @264.429s 0%: 0.033+0.68+0.022 ms clock, 0.66+0/1.6/0.13+0.44 ms cpu, 247->247->142 MB, 249 MB goal, 0 MB stacks, 0 MB globals, 20 P
gc 8653 @264.461s 0%: 0.021+0.36+0.013 ms clock, 0.43+0/0.84/0.19+0.27 ms cpu, 293->293->136 MB, 293 MB goal, 0 MB stacks, 0 MB globals, 20 P
gc 8654 @264.481s 0%: 0.020+1.3+0.004 ms clock, 0.41+0/2.0/0.20+0.091 ms cpu, 274->274->120 MB, 274 MB goal, 0 MB stacks, 0 MB globals, 20 P
gc 8655 @264.502s 0%: 0.018+0.43+0.005 ms clock, 0.37+0/1.0/0.28+0.11 ms cpu, 240->240->108 MB, 241 MB goal, 0 MB stacks, 0 MB globals, 20 P
gc 8656 @264.519s 0%: 0.019+2.4+0.002 ms clock, 0.39+0/3.1/0.089+0.057 ms cpu, 214->214->110 MB, 216 MB goal, 0 MB stacks, 0 MB globals, 20 P
gc 8657 @264.547s 0%: 0.018+0.44+0.016 ms clock, 0.36+0/1.0/0+0.33 ms cpu, 223->223->151 MB, 223 MB goal, 0 MB stacks, 0 MB globals, 20 P
gc 8658 @264.575s 0%: 0.018+5.5+0.004 ms clock, 0.37+0/6.1/0.030+0.085 ms cpu, 303->303->126 MB, 303 MB goal, 0 MB stacks, 0 MB globals, 20 P
gc 8659 @264.603s 0%: 0.017+0.45+0.006 ms clock, 0.34+0/1.2/0.057+0.12 ms cpu, 249->249->117 MB, 253 MB goal, 0 MB stacks, 0 MB globals, 20 P
gc 8660 @264.621s 0%: 0.020+3.2+0.003 ms clock, 0.40+0/3.7/0+0.068 ms cpu, 233->233->123 MB, 234 MB goal, 0 MB stacks, 0 MB globals, 20 P
gc 8661 @264.644s 0%: 0.020+3.4+0.003 ms clock, 0.40+0/4.0/0.004+0.066 ms cpu, 254->254->132 MB, 254 MB goal, 0 MB stacks, 0 MB globals, 20 P
gc 8662 @264.670s 0%: 0.018+0.49+0.005 ms clock, 0.37+0/0.97/0.081+0.11 ms cpu, 265->265->114 MB, 265 MB goal, 0 MB stacks, 0 MB globals, 20 P
gc 8663 @264.687s 0%: 0.020+3.8+0.004 ms clock, 0.41+0/4.1/0+0.080 ms cpu, 232->232->122 MB, 232 MB goal, 0 MB stacks, 0 MB globals, 20 P
gc 8664 @264.706s 0%: 0.020+1.2+0.003 ms clock, 0.41+0/1.8/0.001+0.079 ms cpu, 243->243->128 MB, 246 MB goal, 0 MB stacks, 0 MB globals, 20 P
gc 8665 @264.730s 0%: 0.019+0.56+0.003 ms clock, 0.39+0/0.83/0.062+0.067 ms cpu, 255->255->117 MB, 257 MB goal, 0 MB stacks, 0 MB globals, 20 P
gc 8666 @264.747s 0%: 0.019+2.7+0.003 ms clock, 0.39+0/3.2/0+0.071 ms cpu, 234->234->123 MB, 234 MB goal, 0 MB stacks, 0 MB globals, 20 P
gc 8667 @264.771s 0%: 0.019+0.99+0.011 ms clock, 0.38+0/1.6/0.090+0.22 ms cpu, 251->251->115 MB, 251 MB goal, 0 MB stacks, 0 MB globals, 20 P
gc 8668 @264.787s 0%: 0.024+2.9+0.004 ms clock, 0.49+0/3.2/0+0.080 ms cpu, 230->230->119 MB, 232 MB goal, 0 MB stacks, 0 MB globals, 20 P
gc 8669 @264.808s 0%: 0.018+8.4+0.003 ms clock, 0.37+0/8.9/0+0.076 ms cpu, 254->254->129 MB, 254 MB goal, 0 MB stacks, 0 MB globals, 20 P
gc 8670 @264.836s 0%: 0.017+0.66+0.003 ms clock, 0.34+0/1.0/0+0.068 ms cpu, 257->257->116 MB, 259 MB goal, 0 MB stacks, 0 MB globals, 20 P
gc 8671 @264.855s 0%: 0.023+4.6+0.003 ms clock, 0.46+0/5.1/0+0.068 ms cpu, 239->239->123 MB, 239 MB goal, 0 MB stacks, 0 MB globals, 20 P
gc 8672 @264.878s 0%: 0.021+0.59+0.079 ms clock, 0.42+0/0.98/0+1.5 ms cpu, 246->246->142 MB, 247 MB goal, 0 MB stacks, 0 MB globals, 20 P
gc 8673 @264.904s 0%: 0.019+3.8+0.004 ms clock, 0.39+0/4.0/0+0.082 ms cpu, 285->285->125 MB, 285 MB goal, 0 MB stacks, 0 MB globals, 20 P
gc 8674 @264.926s 0%: 0.020+0.51+0.013 ms clock, 0.41+0/1.1/0.070+0.27 ms cpu, 260->260->147 MB, 260 MB goal, 0 MB stacks, 0 MB globals, 20 P
gc 8675 @264.955s 0%: 0.017+4.4+0.006 ms clock, 0.35+0/4.8/0+0.12 ms cpu, 302->302->124 MB, 302 MB goal, 0 MB stacks, 0 MB globals, 20 P
gc 8676 @264.980s 0%: 0.022+0.58+0.008 ms clock, 0.45+0/0.85/0+0.16 ms cpu, 246->246->142 MB, 249 MB goal, 0 MB stacks, 0 MB globals, 20 P
gc 8677 @265.006s 0%: 0.019+0.92+0.005 ms clock, 0.38+0/1.4/0+0.10 ms cpu, 285->285->123 MB, 285 MB goal, 0 MB stacks, 0 MB globals, 20 P
gc 8678 @265.023s 0%: 0.022+1.5+0.004 ms clock, 0.45+0/2.1/0.001+0.080 ms cpu, 243->243->128 MB, 246 MB goal, 0 MB stacks, 0 MB globals, 20 P
gc 8679 @265.055s 0%: 0.021+0.72+0.004 ms clock, 0.42+0/1.3/0.13+0.081 ms cpu, 258->258->119 MB, 258 MB goal, 0 MB stacks, 0 MB globals, 20 P
gc 8680 @265.075s 0%: 0.023+0.83+0.009 ms clock, 0.47+0.24/1.1/0+0.18 ms cpu, 236->237->110 MB, 238 MB goal, 0 MB stacks, 0 MB globals, 20 P
gc 8681 @265.101s 0%: 0.019+1.8+0.022 ms clock, 0.38+0/2.7/0.040+0.44 ms cpu, 220->220->113 MB, 222 MB goal, 0 MB stacks, 0 MB globals, 20 P
gc 8682 @265.118s 0%: 0.018+0.88+0.003 ms clock, 0.36+0/1.5/0.42+0.070 ms cpu, 228->228->116 MB, 228 MB goal, 0 MB stacks, 0 MB globals, 20 P
gc 8683 @265.139s 0%: 0.027+0.46+0.009 ms clock, 0.55+0/0.91/0.005+0.19 ms cpu, 232->232->133 MB, 233 MB goal, 0 MB stacks, 0 MB globals, 20 P
gc 8684 @265.173s 0%: 0.019+0.57+0.012 ms clock, 0.38+0/1.0/0.001+0.25 ms cpu, 278->278->150 MB, 278 MB goal, 0 MB stacks, 0 MB globals, 20 P
gc 8685 @265.197s 0%: 0.020+1.4+0.003 ms clock, 0.40+0/2.0/0.003+0.066 ms cpu, 303->303->126 MB, 303 MB goal, 0 MB stacks, 0 MB globals, 20 P
gc 8686 @265.219s 0%: 0.021+0.54+0.005 ms clock, 0.42+0/1.0/0+0.11 ms cpu, 252->252->116 MB, 253 MB goal, 0 MB stacks, 0 MB globals, 20 P
gc 8687 @265.239s 0%: 0.022+5.5+0.007 ms clock, 0.44+0/6.1/0+0.15 ms cpu, 238->238->124 MB, 238 MB goal, 0 MB stacks, 0 MB globals, 20 P
gc 8688 @265.266s 0%: 0.020+3.7+0.11 ms clock, 0.40+0/4.1/0.007+2.2 ms cpu, 244->244->130 MB, 248 MB goal, 0 MB stacks, 0 MB globals, 20 P
gc 8689 @265.291s 0%: 0.022+0.95+0.004 ms clock, 0.45+0/1.9/0+0.088 ms cpu, 260->260->125 MB, 262 MB goal, 0 MB stacks, 0 MB globals, 20 P
gc 8690 @265.315s 0%: 0.053+0.80+0.037 ms clock, 1.0+0/1.7/0.001+0.74 ms cpu, 251->251->134 MB, 251 MB goal, 0 MB stacks, 0 MB globals, 20 P
gc 8691 @265.363s 0%: 0.021+0.53+0.010 ms clock, 0.43+0/0.80/0.001+0.20 ms cpu, 280->280->155 MB, 280 MB goal, 0 MB stacks, 0 MB globals, 20 P
gc 8692 @265.388s 0%: 0.027+4.7+0.007 ms clock, 0.55+0/5.5/0+0.14 ms cpu, 307->307->129 MB, 311 MB goal, 0 MB stacks, 0 MB globals, 20 P
gc 8693 @265.424s 0%: 0.016+1.6+0.007 ms clock, 0.33+0/2.1/0+0.14 ms cpu, 256->256->117 MB, 259 MB goal, 0 MB stacks, 0 MB globals, 20 P
gc 8694 @265.439s 0%: 0.018+0.99+0.12 ms clock, 0.36+0/1.4/0.001+2.5 ms cpu, 240->240->125 MB, 240 MB goal, 0 MB stacks, 0 MB globals, 20 P
gc 8695 @265.468s 0%: 0.020+0.48+0.055 ms clock, 0.40+0/0.87/0.001+1.1 ms cpu, 260->260->146 MB, 260 MB goal, 0 MB stacks, 0 MB globals, 20 P
gc 8696 @265.491s 0%: 0.019+4.8+0.004 ms clock, 0.38+0/5.2/0.005+0.091 ms cpu, 302->302->122 MB, 302 MB goal, 0 MB stacks, 0 MB globals, 20 P
gc 8697 @265.517s 0%: 0.019+0.32+0.012 ms clock, 0.38+0/0.96/0.013+0.25 ms cpu, 244->244->142 MB, 245 MB goal, 0 MB stacks, 0 MB globals, 20 P
gc 8698 @265.546s 0%: 0.019+0.83+0.003 ms clock, 0.38+0/1.3/0.10+0.066 ms cpu, 284->284->122 MB, 285 MB goal, 0 MB stacks, 0 MB globals, 20 P
gc 8699 @265.570s 0%: 0.017+0.50+0.015 ms clock, 0.34+0.092/0.82/0+0.31 ms cpu, 243->243->113 MB, 245 MB goal, 0 MB stacks, 0 MB globals, 20 P
gc 8700 @265.584s 0%: 0.020+0.49+0.014 ms clock, 0.40+0/0.85/0+0.28 ms cpu, 238->238->156 MB, 238 MB goal, 0 MB stacks, 0 MB globals, 20 P
gc 8701 @265.623s 0%: 0.021+0.43+0.007 ms clock, 0.43+0/0.87/0+0.15 ms cpu, 321->321->143 MB, 322 MB goal, 0 MB stacks, 0 MB globals, 20 P
gc 8702 @265.645s 0%: 0.019+1.5+0.005 ms clock, 0.39+0/2.2/0.011+0.11 ms cpu, 286->286->123 MB, 287 MB goal, 0 MB stacks, 0 MB globals, 20 P
gc 8703 @265.663s 0%: 0.023+1.2+0.004 ms clock, 0.46+0/2.2/0.044+0.098 ms cpu, 244->244->129 MB, 248 MB goal, 0 MB stacks, 0 MB globals, 20 P
gc 8704 @265.685s 0%: 0.019+0.58+0.011 ms clock, 0.39+0/1.0/0.017+0.22 ms cpu, 256->256->121 MB, 260 MB goal, 0 MB stacks, 0 MB globals, 20 P
gc 8705 @265.707s 0%: 0.019+1.0+0.013 ms clock, 0.39+0/1.6/0+0.27 ms cpu, 243->243->119 MB, 244 MB goal, 0 MB stacks, 0 MB globals, 20 P
gc 8706 @265.724s 0%: 0.018+6.4+0.005 ms clock, 0.37+0/6.8/0.013+0.11 ms cpu, 239->239->127 MB, 240 MB goal, 0 MB stacks, 0 MB globals, 20 P
gc 8707 @265.753s 0%: 0.020+0.61+0.003 ms clock, 0.41+0/0.98/0+0.076 ms cpu, 254->254->116 MB, 256 MB goal, 0 MB stacks, 0 MB globals, 20 P
gc 8708 @265.774s 0%: 0.020+4.0+0.004 ms clock, 0.41+0/4.4/0+0.081 ms cpu, 239->239->123 MB, 239 MB goal, 0 MB stacks, 0 MB globals, 20 P
gc 8709 @265.791s 0%: 0.019+5.3+0.004 ms clock, 0.38+0/5.9/0+0.095 ms cpu, 243->243->128 MB, 246 MB goal, 0 MB stacks, 0 MB globals, 20 P
gc 8710 @265.820s 0%: 0.019+2.9+0.003 ms clock, 0.38+0/3.2/0.012+0.077 ms cpu, 257->257->119 MB, 257 MB goal, 0 MB stacks, 0 MB globals, 20 P
gc 8711 @265.847s 0%: 0.027+0.63+0.003 ms clock, 0.55+0.043/0.78/0+0.070 ms cpu, 236->237->110 MB, 238 MB goal, 0 MB stacks, 0 MB globals, 20 P
gc 8712 @265.862s 0%: 0.018+0.68+0.007 ms clock, 0.36+0/1.0/0.084+0.14 ms cpu, 219->219->111 MB, 222 MB goal, 0 MB stacks, 0 MB globals, 20 P
gc 8713 @265.879s 0%: 0.018+2.5+0.006 ms clock, 0.36+0/2.9/0+0.12 ms cpu, 223->223->117 MB, 224 MB goal, 0 MB stacks, 0 MB globals, 20 P
gc 8714 @265.900s 0%: 0.022+7.6+0.006 ms clock, 0.44+0/8.2/0+0.12 ms cpu, 243->243->123 MB, 244 MB goal, 0 MB stacks, 0 MB globals, 20 P
gc 8715 @265.933s 0%: 0.022+0.80+0.021 ms clock, 0.44+0/1.0/0+0.43 ms cpu, 244->244->135 MB, 246 MB goal, 0 MB stacks, 0 MB globals, 20 P
gc 8716 @265.961s 0%: 0.019+0.49+0.013 ms clock, 0.39+0/0.78/0+0.27 ms cpu, 280->280->157 MB, 281 MB goal, 0 MB stacks, 0 MB globals, 20 P
gc 8717 @265.993s 0%: 0.019+0.53+0.012 ms clock, 0.38+0/0.76/0.002+0.25 ms cpu, 324->324->148 MB, 324 MB goal, 0 MB stacks, 0 MB globals, 20 P
gc 8718 @266.016s 0%: 0.033+4.0+0.006 ms clock, 0.67+0/5.3/0.008+0.13 ms cpu, 302->302->136 MB, 302 MB goal, 0 MB stacks, 0 MB globals, 20 P
gc 8719 @266.047s 0%: 0.029+0.69+0.036 ms clock, 0.58+0/1.3/0.053+0.73 ms cpu, 277->277->144 MB, 277 MB goal, 0 MB stacks, 0 MB globals, 20 P
gc 8720 @266.078s 0%: 0.032+4.0+0.008 ms clock, 0.65+0/4.8/0+0.16 ms cpu, 285->285->131 MB, 288 MB goal, 0 MB stacks, 0 MB globals, 20 P
gc 8721 @266.118s 0%: 0.021+0.66+0.003 ms clock, 0.43+0/1.3/0.21+0.067 ms cpu, 258->258->127 MB, 262 MB goal, 0 MB stacks, 0 MB globals, 20 P
gc 8722 @266.142s 0%: 0.017+0.49+0.006 ms clock, 0.35+0.089/0.92/0.015+0.12 ms cpu, 253->253->134 MB, 255 MB goal, 0 MB stacks, 0 MB globals, 20 P
gc 8723 @266.168s 0%: 0.019+0.57+0.012 ms clock, 0.39+0/0.92/0+0.25 ms cpu, 267->267->179 MB, 269 MB goal, 0 MB stacks, 0 MB globals, 20 P
gc 8724 @266.502s 0%: 0.19+2.1+0.005 ms clock, 3.9+0/3.0/0.18+0.11 ms cpu, 357->357->134 MB, 359 MB goal, 0 MB stacks, 0 MB globals, 20 P
gc 8725 @266.516s 0%: 1.1+0.29+0.018 ms clock, 22+0.087/0.95/0.050+0.36 ms cpu, 274->274->172 MB, 274 MB goal, 0 MB stacks, 0 MB globals, 20 P
gc 8726 @266.534s 0%: 0.043+7.2+0.009 ms clock, 0.86+0/5.8/0+0.18 ms cpu, 354->393->201 MB, 354 MB goal, 0 MB stacks, 0 MB globals, 20 P
gc 8727 @266.555s 0%: 0.019+1.7+3.3 ms clock, 0.39+0.074/2.6/0.054+67 ms cpu, 366->398->158 MB, 404 MB goal, 0 MB stacks, 0 MB globals, 20 P
gc 8728 @266.572s 0%: 1.6+1.9+0.38 ms clock, 32+0/1.2/0+7.6 ms cpu, 282->310->143 MB, 317 MB goal, 0 MB stacks, 0 MB globals, 20 P
gc 8729 @266.585s 0%: 0.28+1.1+0.42 ms clock, 5.6+0/1.2/0+8.5 ms cpu, 248->264->122 MB, 286 MB goal, 0 MB stacks, 0 MB globals, 20 P
gc 8730 @266.592s 0%: 0.018+1.8+0.023 ms clock, 0.36+0/1.9/0+0.46 ms cpu, 224->237->153 MB, 244 MB goal, 0 MB stacks, 0 MB globals, 20 P
gc 8731 @266.604s 0%: 0.43+1.4+0.004 ms clock, 8.7+0/1.7/0+0.096 ms cpu, 276->284->129 MB, 307 MB goal, 0 MB stacks, 0 MB globals, 20 P
gc 8732 @266.615s 0%: 0.059+0.52+0.16 ms clock, 1.1+0/0.91/0.027+3.3 ms cpu, 229->229->106 MB, 258 MB goal, 0 MB stacks, 0 MB globals, 20 P
gc 8733 @266.620s 0%: 0.24+4.6+0.67 ms clock, 4.8+0/3.3/0+13 ms cpu, 185->226->163 MB, 212 MB goal, 0 MB stacks, 0 MB globals, 20 P
gc 8734 @266.651s 0%: 0.018+0.48+0.008 ms clock, 0.37+0/0.66/0+0.17 ms cpu, 295->295->130 MB, 326 MB goal, 0 MB stacks, 0 MB globals, 20 P
gc 8735 @266.662s 0%: 0.54+1.6+0.084 ms clock, 10+0/1.4/0+1.6 ms cpu, 233->245->134 MB, 261 MB goal, 0 MB stacks, 0 MB globals, 20 P
gc 8736 @266.674s 0%: 0.022+3.9+0.48 ms clock, 0.45+0.17/4.7/0+9.7 ms cpu, 234->270->144 MB, 269 MB goal, 0 MB stacks, 0 MB globals, 20 P
gc 8737 @266.688s 0%: 0.10+0.56+0.003 ms clock, 2.1+0/1.1/0+0.076 ms cpu, 249->249->109 MB, 288 MB goal, 0 MB stacks, 0 MB globals, 20 P
gc 8738 @266.695s 0%: 0.046+1.2+0.016 ms clock, 0.92+0/1.5/0+0.32 ms cpu, 195->195->136 MB, 218 MB goal, 0 MB stacks, 0 MB globals, 20 P
gc 8739 @266.706s 0%: 0.064+0.44+0.044 ms clock, 1.2+0.076/0.79/0+0.89 ms cpu, 236->237->125 MB, 273 MB goal, 0 MB stacks, 0 MB globals, 20 P
gc 8740 @266.715s 0%: 0.23+1.8+0.005 ms clock, 4.7+0/2.2/0+0.10 ms cpu, 224->237->133 MB, 252 MB goal, 0 MB stacks, 0 MB globals, 20 P
gc 8741 @266.726s 0%: 0.045+0.61+0.008 ms clock, 0.91+0/0.94/0+0.16 ms cpu, 229->229->134 MB, 268 MB goal, 0 MB stacks, 0 MB globals, 20 P
gc 8742 @266.733s 0%: 0.046+9.5+0.56 ms clock, 0.92+0/4.3/0+11 ms cpu, 234->272->173 MB, 268 MB goal, 0 MB stacks, 0 MB globals, 20 P
gc 8743 @266.756s 0%: 0.95+7.1+1.6 ms clock, 19+0/4.0/0+33 ms cpu, 311->338->142 MB, 347 MB goal, 0 MB stacks, 0 MB globals, 20 P
gc 8744 @266.778s 0%: 0.025+2.0+0.002 ms clock, 0.51+0/2.4/0+0.051 ms cpu, 253->253->113 MB, 286 MB goal, 0 MB stacks, 0 MB globals, 20 P
gc 8745 @266.789s 0%: 0.47+2.0+0.004 ms clock, 9.4+0/1.3/0+0.090 ms cpu, 198->216->133 MB, 227 MB goal, 0 MB stacks, 0 MB globals, 20 P
gc 8746 @266.802s 0%: 0.042+3.5+1.6 ms clock, 0.84+0/1.6/0.001+33 ms cpu, 231->247->124 MB, 266 MB goal, 0 MB stacks, 0 MB globals, 20 P
gc 8747 @266.812s 0%: 0.018+0.41+0.067 ms clock, 0.36+0/0.80/0.010+1.3 ms cpu, 213->213->146 MB, 248 MB goal, 0 MB stacks, 0 MB globals, 20 P
gc 8748 @266.822s 0%: 0.83+10+0.038 ms clock, 16+0/5.6/0+0.77 ms cpu, 259->282->142 MB, 292 MB goal, 0 MB stacks, 0 MB globals, 20 P
gc 8749 @266.842s 0%: 0.18+2.3+0.017 ms clock, 3.7+0/1.6/0+0.35 ms cpu, 255->276->134 MB, 284 MB goal, 0 MB stacks, 0 MB globals, 20 P
gc 8750 @266.855s 0%: 0.59+0.86+0.51 ms clock, 11+0/1.1/0+10 ms cpu, 246->263->124 MB, 269 MB goal, 0 MB stacks, 0 MB globals, 20 P
gc 8751 @266.868s 0%: 0.17+2.2+0.076 ms clock, 3.5+0/1.2/0.024+1.5 ms cpu, 230->257->127 MB, 249 MB goal, 0 MB stacks, 0 MB globals, 20 P
gc 8752 @266.879s 0%: 0.18+0.64+0.69 ms clock, 3.7+0/1.0/0.014+13 ms cpu, 232->237->102 MB, 255 MB goal, 0 MB stacks, 0 MB globals, 20 P
gc 8753 @266.885s 0%: 0.038+0.51+0.11 ms clock, 0.76+0.20/0.49/0+2.2 ms cpu, 186->197->135 MB, 204 MB goal, 0 MB stacks, 0 MB globals, 20 P
gc 8754 @266.898s 0%: 0.13+4.1+0.006 ms clock, 2.6+0/4.6/0+0.12 ms cpu, 249->249->119 MB, 271 MB goal, 0 MB stacks, 0 MB globals, 20 P
gc 8755 @266.910s 0%: 0.053+4.3+0.098 ms clock, 1.0+0/4.9/0.005+1.9 ms cpu, 216->240->148 MB, 240 MB goal, 0 MB stacks, 0 MB globals, 20 P
gc 8756 @266.930s 0%: 0.24+6.0+1.6 ms clock, 4.8+0/2.3/0+33 ms cpu, 274->299->126 MB, 296 MB goal, 0 MB stacks, 0 MB globals, 20 P
gc 8757 @266.950s 0%: 0.92+3.7+0.36 ms clock, 18+0/3.3/0+7.2 ms cpu, 229->248->117 MB, 252 MB goal, 0 MB stacks, 0 MB globals, 20 P
gc 8758 @266.968s 0%: 0.049+0.51+0.008 ms clock, 0.98+0.084/0.80/0+0.16 ms cpu, 212->212->93 MB, 234 MB goal, 0 MB stacks, 0 MB globals, 20 P
gc 8759 @266.973s 0%: 0.73+0.61+0.44 ms clock, 14+0/1.2/0+8.9 ms cpu, 163->168->110 MB, 186 MB goal, 0 MB stacks, 0 MB globals, 20 P
gc 8760 @266.984s 0%: 0.045+4.6+0.004 ms clock, 0.90+0.15/0.68/0+0.094 ms cpu, 201->221->120 MB, 220 MB goal, 0 MB stacks, 0 MB globals, 20 P
gc 8761 @267.000s 0%: 0.047+0.38+0.009 ms clock, 0.95+0.083/0.73/0+0.18 ms cpu, 215->216->112 MB, 240 MB goal, 0 MB stacks, 0 MB globals, 20 P
gc 8762 @267.009s 0%: 0.068+1.0+0.014 ms clock, 1.3+0/1.4/0+0.28 ms cpu, 205->205->115 MB, 225 MB goal, 0 MB stacks, 0 MB globals, 20 P
gc 8763 @267.017s 0%: 0.19+6.5+0.004 ms clock, 3.8+0/6.8/0+0.084 ms cpu, 221->232->124 MB, 232 MB goal, 0 MB stacks, 0 MB globals, 20 P
gc 8764 @267.033s 0%: 0.12+0.46+0.009 ms clock, 2.4+0/0.71/0+0.18 ms cpu, 233->233->131 MB, 249 MB goal, 0 MB stacks, 0 MB globals, 20 P
gc 8765 @267.044s 0%: 0.036+0.40+0.026 ms clock, 0.72+0.033/0.67/0.004+0.52 ms cpu, 253->253->123 MB, 263 MB goal, 0 MB stacks, 0 MB globals, 20 P
gc 8766 @267.053s 0%: 0.039+1.1+0.006 ms clock, 0.78+0/1.4/0+0.12 ms cpu, 245->245->132 MB, 247 MB goal, 0 MB stacks, 0 MB globals, 20 P
gc 8767 @267.071s 0%: 0.073+1.1+0.016 ms clock, 1.4+0/2.0/0.008+0.32 ms cpu, 255->255->127 MB, 266 MB goal, 0 MB stacks, 0 MB globals, 20 P
gc 8768 @267.084s 0%: 0.019+1.3+0.89 ms clock, 0.39+0.21/0.81/0+17 ms cpu, 236->258->133 MB, 256 MB goal, 0 MB stacks, 0 MB globals, 20 P
gc 8769 @267.097s 0%: 0.12+1.5+0.026 ms clock, 2.5+0/1.1/0.009+0.53 ms cpu, 246->264->126 MB, 266 MB goal, 0 MB stacks, 0 MB globals, 20 P
gc 8770 @267.108s 0%: 0.26+0.92+0.027 ms clock, 5.2+0/1.0/0+0.55 ms cpu, 230->240->102 MB, 253 MB goal, 0 MB stacks, 0 MB globals, 20 P
gc 8771 @267.114s 0%: 0.042+1.2+0.009 ms clock, 0.84+0.19/0.45/0+0.18 ms cpu, 182->193->129 MB, 204 MB goal, 0 MB stacks, 0 MB globals, 20 P
gc 8772 @267.127s 0%: 2.3+0.56+1.3 ms clock, 46+0/1.0/0+27 ms cpu, 241->259->123 MB, 260 MB goal, 0 MB stacks, 0 MB globals, 20 P
gc 8773 @267.143s 0%: 0.11+1.5+0.40 ms clock, 2.3+0/1.1/0+8.0 ms cpu, 231->247->118 MB, 247 MB goal, 0 MB stacks, 0 MB globals, 20 P
gc 8774 @267.155s 0%: 0.065+0.65+0.004 ms clock, 1.3+0/1.1/0+0.086 ms cpu, 223->225->98 MB, 236 MB goal, 0 MB stacks, 0 MB globals, 20 P
gc 8775 @267.161s 0%: 0.038+1.1+0.089 ms clock, 0.77+0/1.5/0.13+1.7 ms cpu, 192->192->124 MB, 197 MB goal, 0 MB stacks, 0 MB globals, 20 P
gc 8776 @267.171s 0%: 0.21+8.1+0.011 ms clock, 4.3+0/3.6/0.054+0.23 ms cpu, 235->248->121 MB, 249 MB goal, 0 MB stacks, 0 MB globals, 20 P
gc 8777 @267.188s 0%: 0.071+0.59+0.009 ms clock, 1.4+0/0.78/0+0.18 ms cpu, 236->239->139 MB, 242 MB goal, 0 MB stacks, 0 MB globals, 20 P
gc 8778 @267.202s 0%: 0.47+0.35+0.003 ms clock, 9.4+0/0.95/0+0.068 ms cpu, 263->263->111 MB, 279 MB goal, 0 MB stacks, 0 MB globals, 20 P
gc 8779 @267.213s 0%: 0.038+0.38+0.009 ms clock, 0.77+0/0.90/0+0.19 ms cpu, 209->209->125 MB, 224 MB goal, 0 MB stacks, 0 MB globals, 20 P
gc 8780 @267.219s 0%: 0.055+3.5+0.022 ms clock, 1.1+0/3.7/0+0.45 ms cpu, 248->259->146 MB, 250 MB goal, 0 MB stacks, 0 MB globals, 20 P
gc 8781 @267.237s 0%: 0.020+5.5+0.008 ms clock, 0.41+0.058/1.2/0+0.16 ms cpu, 276->298->132 MB, 292 MB goal, 0 MB stacks, 0 MB globals, 20 P
gc 8782 @267.253s 0%: 0.056+1.5+0.25 ms clock, 1.1+0/2.5/0+5.0 ms cpu, 251->251->132 MB, 266 MB goal, 0 MB stacks, 0 MB globals, 20 P
gc 8783 @267.265s 0%: 1.4+5.4+0.028 ms clock, 28+0/2.6/0+0.56 ms cpu, 244->262->123 MB, 265 MB goal, 0 MB stacks, 0 MB globals, 20 P
gc 8784 @267.282s 0%: 0.59+0.49+0.005 ms clock, 11+0/0.99/0.013+0.11 ms cpu, 225->225->100 MB, 246 MB goal, 0 MB stacks, 0 MB globals, 20 P
gc 8785 @267.289s 0%: 0.035+0.45+0.011 ms clock, 0.70+0/0.77/0+0.23 ms cpu, 187->187->135 MB, 201 MB goal, 0 MB stacks, 0 MB globals, 20 P
gc 8786 @267.299s 0%: 0.021+6.0+0.089 ms clock, 0.42+0.29/5.8/0.004+1.7 ms cpu, 248->271->134 MB, 270 MB goal, 0 MB stacks, 0 MB globals, 20 P
gc 8787 @267.317s 0%: 0.093+1.5+0.086 ms clock, 1.8+0/1.8/0+1.7 ms cpu, 248->269->129 MB, 269 MB goal, 0 MB stacks, 0 MB globals, 20 P
gc 8788 @267.329s 0%: 0.44+2.7+0.012 ms clock, 8.9+0.024/0.86/0+0.24 ms cpu, 236->252->120 MB, 259 MB goal, 0 MB stacks, 0 MB globals, 20 P
gc 8789 @267.340s 0%: 0.042+1.0+0.002 ms clock, 0.85+0/1.4/0+0.056 ms cpu, 219->219->121 MB, 242 MB goal, 0 MB stacks, 0 MB globals, 20 P
gc 8790 @267.350s 0%: 0.037+0.37+0.076 ms clock, 0.74+0.093/0.64/0+1.5 ms cpu, 220->221->113 MB, 243 MB goal, 0 MB stacks, 0 MB globals, 20 P
gc 8791 @267.362s 0%: 0.034+0.56+0.006 ms clock, 0.69+0/0.95/0+0.13 ms cpu, 205->205->103 MB, 227 MB goal, 0 MB stacks, 0 MB globals, 20 P
gc 8792 @267.369s 0%: 0.041+1.6+0.008 ms clock, 0.83+0/2.2/0.10+0.17 ms cpu, 206->206->121 MB, 207 MB goal, 0 MB stacks, 0 MB globals, 20 P
gc 8793 @267.381s 0%: 0.039+0.50+0.014 ms clock, 0.78+0.027/0.73/0+0.28 ms cpu, 223->226->114 MB, 244 MB goal, 0 MB stacks, 0 MB globals, 20 P
gc 8794 @267.389s 0%: 1.2+0.39+0.020 ms clock, 25+0/0.84/0.005+0.41 ms cpu, 221->221->119 MB, 228 MB goal, 0 MB stacks, 0 MB globals, 20 P
gc 8795 @267.400s 0%: 0.61+0.81+0.004 ms clock, 12+0/1.2/0.062+0.094 ms cpu, 226->226->102 MB, 240 MB goal, 0 MB stacks, 0 MB globals, 20 P
gc 8796 @267.413s 0%: 0.039+0.53+0.013 ms clock, 0.79+0/1.1/0+0.27 ms cpu, 191->194->117 MB, 205 MB goal, 0 MB stacks, 0 MB globals, 20 P
gc 8797 @267.426s 0%: 0.10+3.0+0.005 ms clock, 2.1+0/3.4/0+0.11 ms cpu, 238->238->101 MB, 238 MB goal, 0 MB stacks, 0 MB globals, 20 P
gc 8798 @267.440s 0%: 0.073+0.66+1.4 ms clock, 1.4+0/1.1/0.009+28 ms cpu, 198->201->117 MB, 202 MB goal, 0 MB stacks, 0 MB globals, 20 P
gc 8799 @267.453s 0%: 0.044+0.27+0.023 ms clock, 0.88+0.18/0.67/0+0.47 ms cpu, 238->238->124 MB, 238 MB goal, 0 MB stacks, 0 MB globals, 20 P
gc 8800 @267.474s 0%: 0.067+1.7+0.005 ms clock, 1.3+0.010/2.0/0+0.11 ms cpu, 249->252->122 MB, 249 MB goal, 0 MB stacks, 0 MB globals, 20 P
gc 8801 @267.486s 0%: 0.025+0.44+0.026 ms clock, 0.50+0/0.71/0+0.52 ms cpu, 243->247->95 MB, 246 MB goal, 0 MB stacks, 0 MB globals, 20 P
gc 8802 @267.493s 0%: 0.069+1.4+0.017 ms clock, 1.3+0/2.1/0+0.35 ms cpu, 199->199->121 MB, 199 MB goal, 0 MB stacks, 0 MB globals, 20 P
gc 8803 @267.508s 0%: 0.28+5.5+0.003 ms clock, 5.7+0/6.0/0.003+0.071 ms cpu, 248->248->108 MB, 248 MB goal, 0 MB stacks, 0 MB globals, 20 P
gc 8804 @267.524s 0%: 0.13+0.87+0.006 ms clock, 2.7+0/1.2/0+0.12 ms cpu, 219->219->101 MB, 219 MB goal, 0 MB stacks, 0 MB globals, 20 P
gc 8805 @267.535s 0%: 0.082+0.47+0.006 ms clock, 1.6+0.017/0.79/0.006+0.12 ms cpu, 200->202->93 MB, 203 MB goal, 0 MB stacks, 0 MB globals, 20 P
gc 8806 @267.540s 0%: 0.060+2.3+0.005 ms clock, 1.2+0.27/2.5/0+0.10 ms cpu, 187->187->110 MB, 187 MB goal, 0 MB stacks, 0 MB globals, 20 P
gc 8807 @267.552s 0%: 0.11+2.3+0.003 ms clock, 2.2+0/2.7/0+0.079 ms cpu, 221->221->103 MB, 222 MB goal, 0 MB stacks, 0 MB globals, 20 P
gc 8808 @267.564s 0%: 0.037+0.74+0.008 ms clock, 0.74+0/1.0/0+0.17 ms cpu, 207->207->118 MB, 207 MB goal, 0 MB stacks, 0 MB globals, 20 P
gc 8809 @267.575s 0%: 1.9+1.8+0.008 ms clock, 38+0/2.0/0+0.17 ms cpu, 235->235->103 MB, 236 MB goal, 0 MB stacks, 0 MB globals, 20 P
gc 8810 @267.588s 0%: 0.018+0.67+0.004 ms clock, 0.36+0/1.1/0+0.091 ms cpu, 208->208->97 MB, 208 MB goal, 0 MB stacks, 0 MB globals, 20 P
gc 8811 @267.599s 0%: 0.056+3.3+0.024 ms clock, 1.1+0/3.8/0+0.49 ms cpu, 200->213->137 MB, 200 MB goal, 0 MB stacks, 0 MB globals, 20 P
gc 8812 @267.615s 0%: 0.20+5.3+2.6 ms clock, 4.1+0/4.3/0+52 ms cpu, 267->291->124 MB, 274 MB goal, 0 MB stacks, 0 MB globals, 20 P
gc 8813 @267.632s 0%: 0.020+0.80+0.014 ms clock, 0.40+0/1.2/0.001+0.29 ms cpu, 229->229->96 MB, 249 MB goal, 0 MB stacks, 0 MB globals, 20 P
gc 8814 @267.637s 0%: 0.048+0.91+0.16 ms clock, 0.97+0/1.2/0+3.3 ms cpu, 169->180->129 MB, 193 MB goal, 0 MB stacks, 0 MB globals, 20 P
gc 8815 @267.648s 0%: 0.19+0.70+0.003 ms clock, 3.9+0/1.0/0+0.074 ms cpu, 235->235->104 MB, 260 MB goal, 0 MB stacks, 0 MB globals, 20 P
gc 8816 @267.659s 0%: 0.093+0.92+0.13 ms clock, 1.8+0/1.0/0+2.6 ms cpu, 188->195->98 MB, 209 MB goal, 0 MB stacks, 0 MB globals, 20 P
gc 8817 @267.665s 0%: 0.43+1.9+0.032 ms clock, 8.7+0/2.4/0+0.64 ms cpu, 176->197->129 MB, 197 MB goal, 0 MB stacks, 0 MB globals, 20 P
gc 8818 @267.682s 0%: 3.2+7.3+0.87 ms clock, 64+0/3.5/0+17 ms cpu, 243->266->129 MB, 260 MB goal, 0 MB stacks, 0 MB globals, 20 P
gc 8819 @267.702s 0%: 0.22+1.6+0.004 ms clock, 4.5+0/1.0/0+0.086 ms cpu, 236->254->120 MB, 258 MB goal, 0 MB stacks, 0 MB globals, 20 P
gc 8820 @267.716s 0%: 0.36+3.2+0.007 ms clock, 7.3+0/0.90/0.001+0.14 ms cpu, 224->242->115 MB, 242 MB goal, 0 MB stacks, 0 MB globals, 20 P
gc 8821 @267.728s 0%: 0.034+0.58+0.069 ms clock, 0.69+0/0.81/0.013+1.3 ms cpu, 210->215->96 MB, 231 MB goal, 0 MB stacks, 0 MB globals, 20 P
gc 8822 @267.732s 0%: 0.55+5.8+0.048 ms clock, 11+0/1.2/0+0.97 ms cpu, 169->215->152 MB, 192 MB goal, 0 MB stacks, 0 MB globals, 20 P
gc 8823 @267.750s 0%: 3.9+3.3+3.5 ms clock, 78+0/3.5/0.002+71 ms cpu, 266->287->129 MB, 305 MB goal, 0 MB stacks, 0 MB globals, 20 P
gc 8824 @267.771s 0%: 0.44+3.1+0.083 ms clock, 8.9+0/2.6/0+1.6 ms cpu, 229->253->126 MB, 260 MB goal, 0 MB stacks, 0 MB globals, 20 P
gc 8825 @267.782s 0%: 2.6+0.45+0.076 ms clock, 52+0.052/0.72/0+1.5 ms cpu, 216->226->107 MB, 254 MB goal, 0 MB stacks, 0 MB globals, 20 P
gc 8826 @267.791s 0%: 0.094+1.2+0.008 ms clock, 1.8+0/1.6/0+0.17 ms cpu, 193->194->102 MB, 215 MB goal, 0 MB stacks, 0 MB globals, 20 P
gc 8827 @267.797s 0%: 0.74+0.74+0.008 ms clock, 14+0/1.2/0+0.17 ms cpu, 177->177->117 MB, 204 MB goal, 0 MB stacks, 0 MB globals, 20 P
gc 8828 @267.808s 0%: 0.036+0.44+0.013 ms clock, 0.73+0.026/0.67/0+0.27 ms cpu, 200->202->138 MB, 234 MB goal, 0 MB stacks, 0 MB globals, 20 P
gc 8829 @267.820s 0%: 0.018+4.0+0.003 ms clock, 0.36+0/4.2/0+0.069 ms cpu, 257->262->115 MB, 277 MB goal, 0 MB stacks, 0 MB globals, 20 P
gc 8830 @267.832s 0%: 0.051+0.46+0.18 ms clock, 1.0+0/0.79/0+3.7 ms cpu, 210->212->125 MB, 231 MB goal, 0 MB stacks, 0 MB globals, 20 P
gc 8831 @267.844s 0%: 0.27+0.98+0.005 ms clock, 5.4+0.042/1.4/0.043+0.11 ms cpu, 242->242->110 MB, 252 MB goal, 0 MB stacks, 0 MB globals, 20 P
gc 8832 @267.854s 0%: 0.036+0.44+0.008 ms clock, 0.73+0.097/0.65/0+0.17 ms cpu, 210->212->124 MB, 220 MB goal, 0 MB stacks, 0 MB globals, 20 P
gc 8833 @267.864s 0%: 0.089+2.8+0.013 ms clock, 1.7+0/3.1/0+0.27 ms cpu, 245->245->132 MB, 249 MB goal, 0 MB stacks, 0 MB globals, 20 P
gc 8834 @267.876s 0%: 0.094+3.3+0.048 ms clock, 1.8+0/3.4/0.005+0.96 ms cpu, 270->270->120 MB, 270 MB goal, 0 MB stacks, 0 MB globals, 20 P
gc 8835 @267.891s 0%: 0.040+1.6+0.008 ms clock, 0.81+0/1.2/0+0.16 ms cpu, 235->237->115 MB, 240 MB goal, 0 MB stacks, 0 MB globals, 20 P
gc 8836 @267.900s 0%: 0.10+0.89+0.022 ms clock, 2.1+0/1.4/0+0.45 ms cpu, 229->229->121 MB, 231 MB goal, 0 MB stacks, 0 MB globals, 20 P
gc 8837 @267.911s 0%: 0.27+4.0+0.003 ms clock, 5.5+0/4.4/0+0.062 ms cpu, 245->245->108 MB, 246 MB goal, 0 MB stacks, 0 MB globals, 20 P
gc 8838 @267.925s 0%: 0.34+0.82+0.004 ms clock, 6.9+0/1.2/0+0.094 ms cpu, 213->213->99 MB, 217 MB goal, 0 MB stacks, 0 MB globals, 20 P
gc 8839 @267.936s 0%: 0.037+0.85+0.15 ms clock, 0.75+0.017/0.74/0.007+3.0 ms cpu, 194->200->117 MB, 200 MB goal, 0 MB stacks, 0 MB globals, 20 P
gc 8840 @267.949s 0%: 2.3+1.5+0.003 ms clock, 46+0.013/1.7/0.001+0.077 ms cpu, 232->232->98 MB, 236 MB goal, 0 MB stacks, 0 MB globals, 20 P
gc 8841 @267.961s 0%: 0.55+0.67+0.11 ms clock, 11+0.11/0.89/0+2.3 ms cpu, 192->205->115 MB, 197 MB goal, 0 MB stacks, 0 MB globals, 20 P
gc 8842 @267.973s 0%: 0.042+1.5+0.003 ms clock, 0.85+0/1.8/0.011+0.073 ms cpu, 219->219->119 MB, 231 MB goal, 0 MB stacks, 0 MB globals, 20 P
gc 8843 @267.982s 0%: 1.3+0.58+0.021 ms clock, 27+0/0.65/0+0.43 ms cpu, 226->240->116 MB, 239 MB goal, 0 MB stacks, 0 MB globals, 20 P
gc 8844 @267.992s 0%: 0.046+2.6+0.003 ms clock, 0.93+0/3.0/0+0.078 ms cpu, 227->240->134 MB, 233 MB goal, 0 MB stacks, 0 MB globals, 20 P
gc 8845 @268.006s 0%: 0.035+3.0+0.003 ms clock, 0.70+0/3.5/0.008+0.065 ms cpu, 258->259->119 MB, 269 MB goal, 0 MB stacks, 0 MB globals, 20 P
gc 8846 @268.016s 0%: 0.043+0.56+0.18 ms clock, 0.86+0/0.84/0+3.6 ms cpu, 237->237->113 MB, 240 MB goal, 0 MB stacks, 0 MB globals, 20 P
gc 8847 @268.026s 0%: 0.048+2.2+0.009 ms clock, 0.96+0/2.5/0+0.18 ms cpu, 217->217->119 MB, 227 MB goal, 0 MB stacks, 0 MB globals, 20 P
gc 8848 @268.037s 0%: 0.035+0.39+0.009 ms clock, 0.70+0/0.80/0+0.18 ms cpu, 231->234->114 MB, 239 MB goal, 0 MB stacks, 0 MB globals, 20 P
gc 8849 @268.047s 0%: 0.44+0.38+0.004 ms clock, 8.9+0.054/0.70/0+0.088 ms cpu, 215->216->95 MB, 228 MB goal, 0 MB stacks, 0 MB globals, 20 P
gc 8850 @268.053s 0%: 0.028+1.1+0.012 ms clock, 0.57+0/1.4/0+0.24 ms cpu, 184->184->121 MB, 191 MB goal, 0 MB stacks, 0 MB globals, 20 P
gc 8851 @268.066s 0%: 0.045+2.1+0.008 ms clock, 0.90+0/2.3/0+0.16 ms cpu, 244->244->117 MB, 244 MB goal, 0 MB stacks, 0 MB globals, 20 P
gc 8852 @268.077s 0%: 0.063+0.35+0.019 ms clock, 1.2+0.24/0.54/0+0.39 ms cpu, 227->227->124 MB, 234 MB goal, 0 MB stacks, 0 MB globals, 20 P
gc 8853 @268.086s 0%: 0.61+6.0+0.007 ms clock, 12+0/1.7/0+0.14 ms cpu, 236->248->121 MB, 249 MB goal, 0 MB stacks, 0 MB globals, 20 P
gc 8854 @268.103s 0%: 0.51+0.70+0.020 ms clock, 10+0/1.0/0+0.40 ms cpu, 231->242->114 MB, 242 MB goal, 0 MB stacks, 0 MB globals, 20 P
gc 8855 @268.113s 0%: 0.021+1.0+0.003 ms clock, 0.42+0.006/1.4/0+0.074 ms cpu, 225->227->100 MB, 229 MB goal, 0 MB stacks, 0 MB globals, 20 P
gc 8856 @268.120s 0%: 0.037+0.61+0.011 ms clock, 0.75+0.058/0.71/0+0.22 ms cpu, 199->200->113 MB, 200 MB goal, 0 MB stacks, 0 MB globals, 20 P
gc 8857 @268.129s 0%: 0.036+3.1+0.006 ms clock, 0.72+0.007/3.3/0+0.13 ms cpu, 222->226->123 MB, 227 MB goal, 0 MB stacks, 0 MB globals, 20 P
gc 8858 @268.140s 0%: 0.10+0.56+0.084 ms clock, 2.0+0/0.70/0+1.6 ms cpu, 237->239->116 MB, 248 MB goal, 0 MB stacks, 0 MB globals, 20 P
gc 8859 @268.150s 0%: 1.6+0.62+0.004 ms clock, 33+0.066/0.64/0+0.094 ms cpu, 222->225->99 MB, 233 MB goal, 0 MB stacks, 0 MB globals, 20 P
gc 8860 @268.159s 0%: 0.034+0.32+0.019 ms clock, 0.69+0.034/0.68/0+0.39 ms cpu, 198->198->122 MB, 199 MB goal, 0 MB stacks, 0 MB globals, 20 P
gc 8861 @268.169s 0%: 0.047+3.9+0.008 ms clock, 0.95+0/4.2/0+0.16 ms cpu, 246->246->121 MB, 246 MB goal, 0 MB stacks, 0 MB globals, 20 P
gc 8862 @268.181s 0%: 0.17+0.61+0.003 ms clock, 3.4+0/1.1/0+0.068 ms cpu, 240->240->107 MB, 244 MB goal, 0 MB stacks, 0 MB globals, 20 P
gc 8863 @268.191s 0%: 0.24+1.0+0.12 ms clock, 4.9+0/1.0/0+2.5 ms cpu, 212->212->98 MB, 215 MB goal, 0 MB stacks, 0 MB globals, 20 P
gc 8864 @268.200s 0%: 0.038+0.55+0.018 ms clock, 0.76+0.030/0.69/0+0.37 ms cpu, 193->193->111 MB, 198 MB goal, 0 MB stacks, 0 MB globals, 20 P
gc 8865 @268.209s 0%: 0.95+2.8+0.006 ms clock, 19+0/3.1/0.006+0.12 ms cpu, 224->224->111 MB, 224 MB goal, 0 MB stacks, 0 MB globals, 20 P
gc 8866 @268.223s 0%: 0.079+0.81+0.004 ms clock, 1.5+0.24/1.2/0+0.084 ms cpu, 225->225->104 MB, 225 MB goal, 0 MB stacks, 0 MB globals, 20 P
gc 8867 @268.237s 0%: 0.020+1.1+0.007 ms clock, 0.41+0/1.6/0+0.15 ms cpu, 205->205->95 MB, 209 MB goal, 0 MB stacks, 0 MB globals, 20 P
gc 8868 @268.243s 0%: 0.079+1.2+0.091 ms clock, 1.5+0/1.5/0+1.8 ms cpu, 197->208->135 MB, 197 MB goal, 0 MB stacks, 0 MB globals, 20 P
gc 8869 @268.262s 0%: 0.042+4.8+0.079 ms clock, 0.85+0/4.9/0+1.5 ms cpu, 271->298->151 MB, 271 MB goal, 0 MB stacks, 0 MB globals, 20 P
gc 8870 @268.280s 0%: 0.087+1.3+3.2 ms clock, 1.7+0/1.1/0+64 ms cpu, 280->298->120 MB, 302 MB goal, 0 MB stacks, 0 MB globals, 20 P
gc 8871 @268.294s 0%: 0.39+0.80+0.007 ms clock, 7.9+0/1.2/0+0.14 ms cpu, 219->224->100 MB, 241 MB goal, 0 MB stacks, 0 MB globals, 20 P
gc 8872 @268.300s 0%: 0.018+3.6+0.003 ms clock, 0.37+3.5/0.78/0+0.079 ms cpu, 180->180->113 MB, 201 MB goal, 0 MB stacks, 0 MB globals, 20 P
gc 8873 @268.311s 0%: 0.36+1.1+0.84 ms clock, 7.3+0/1.3/0+16 ms cpu, 201->217->117 MB, 227 MB goal, 0 MB stacks, 0 MB globals, 20 P
gc 8874 @268.322s 0%: 0.053+2.0+1.1 ms clock, 1.0+0/0.79/0+23 ms cpu, 212->235->117 MB, 236 MB goal, 0 MB stacks, 0 MB globals, 20 P
gc 8875 @268.331s 0%: 0.048+0.48+0.009 ms clock, 0.96+0/0.83/0+0.19 ms cpu, 212->212->135 MB, 234 MB goal, 0 MB stacks, 0 MB globals, 20 P
gc 8876 @268.341s 0%: 1.9+6.6+0.094 ms clock, 39+0/5.5/0+1.8 ms cpu, 248->271->134 MB, 270 MB goal, 0 MB stacks, 0 MB globals, 20 P
gc 8877 @268.361s 0%: 0.059+1.4+0.003 ms clock, 1.1+0/1.8/0+0.074 ms cpu, 248->258->119 MB, 269 MB goal, 0 MB stacks, 0 MB globals, 20 P
gc 8878 @268.369s 0%: 0.054+0.61+0.088 ms clock, 1.0+0/0.90/0.025+1.7 ms cpu, 227->229->137 MB, 238 MB goal, 0 MB stacks, 0 MB globals, 20 P
gc 8879 @268.381s 0%: 0.11+0.38+0.003 ms clock, 2.2+0/0.74/0+0.067 ms cpu, 252->254->110 MB, 274 MB goal, 0 MB stacks, 0 MB globals, 20 P
gc 8880 @268.387s 0%: 0.043+1.4+0.021 ms clock, 0.87+0/1.8/0+0.42 ms cpu, 198->198->135 MB, 220 MB goal, 0 MB stacks, 0 MB globals, 20 P
gc 8881 @268.397s 0%: 0.40+0.96+0.093 ms clock, 8.0+0/1.2/0+1.8 ms cpu, 249->260->130 MB, 270 MB goal, 0 MB stacks, 0 MB globals, 20 P
gc 8882 @268.411s 0%: 0.45+1.1+0.006 ms clock, 9.0+0.14/1.3/0+0.12 ms cpu, 254->254->117 MB, 261 MB goal, 0 MB stacks, 0 MB globals, 20 P
gc 8883 @268.423s 0%: 0.35+3.8+0.008 ms clock, 7.0+0/1.9/0+0.16 ms cpu, 225->256->140 MB, 235 MB goal, 0 MB stacks, 0 MB globals, 20 P
gc 8884 @268.437s 0%: 0.072+0.45+0.007 ms clock, 1.4+0/0.79/0+0.14 ms cpu, 251->254->100 MB, 281 MB goal, 0 MB stacks, 0 MB globals, 20 P
gc 8885 @268.442s 0%: 0.038+1.2+0.022 ms clock, 0.77+0/1.3/0+0.44 ms cpu, 175->175->121 MB, 201 MB goal, 0 MB stacks, 0 MB globals, 20 P
gc 8886 @268.451s 0%: 0.20+1.5+0.011 ms clock, 4.0+0/1.5/0+0.22 ms cpu, 224->244->124 MB, 244 MB goal, 0 MB stacks, 0 MB globals, 20 P
gc 8887 @268.461s 0%: 0.11+1.0+0.003 ms clock, 2.3+0.12/0.65/0+0.072 ms cpu, 223->229->112 MB, 249 MB goal, 0 MB stacks, 0 MB globals, 20 P
gc 8888 @268.468s 0%: 0.039+0.43+0.096 ms clock, 0.78+0.027/0.68/0.004+1.9 ms cpu, 203->206->114 MB, 225 MB goal, 0 MB stacks, 0 MB globals, 20 P
gc 8889 @268.475s 0%: 0.040+0.50+0.015 ms clock, 0.81+0/0.90/0+0.30 ms cpu, 205->205->115 MB, 228 MB goal, 0 MB stacks, 0 MB globals, 20 P
gc 8890 @268.483s 0%: 0.043+0.76+0.013 ms clock, 0.87+0/1.1/0+0.27 ms cpu, 201->201->118 MB, 232 MB goal, 0 MB stacks, 0 MB globals, 20 P
gc 8891 @268.492s 0%: 0.068+1.2+0.089 ms clock, 1.3+0/2.0/0+1.7 ms cpu, 210->210->121 MB, 236 MB goal, 0 MB stacks, 0 MB globals, 20 P
gc 8892 @268.502s 0%: 0.021+2.2+1.5 ms clock, 0.42+0/1.5/0.001+31 ms cpu, 224->239->121 MB, 244 MB goal, 0 MB stacks, 0 MB globals, 20 P
gc 8893 @268.515s 0%: 0.018+5.0+2.0 ms clock, 0.36+0.10/1.2/0+41 ms cpu, 228->265->133 MB, 244 MB goal, 0 MB stacks, 0 MB globals, 20 P
gc 8894 @268.530s 0%: 0.44+0.95+0.005 ms clock, 8.8+0/0.79/0+0.11 ms cpu, 232->243->107 MB, 267 MB goal, 0 MB stacks, 0 MB globals, 20 P
gc 8895 @268.536s 0%: 0.040+1.5+0.015 ms clock, 0.81+0/1.8/0+0.30 ms cpu, 191->191->124 MB, 215 MB goal, 0 MB stacks, 0 MB globals, 20 P
gc 8896 @268.546s 0%: 0.48+4.6+1.5 ms clock, 9.7+0/1.1/0+31 ms cpu, 217->248->135 MB, 249 MB goal, 0 MB stacks, 0 MB globals, 20 P
gc 8897 @268.562s 0%: 0.16+1.5+0.010 ms clock, 3.2+0/1.9/0+0.21 ms cpu, 236->246->110 MB, 271 MB goal, 0 MB stacks, 0 MB globals, 20 P
gc 8898 @268.571s 0%: 0.078+0.80+0.17 ms clock, 1.5+0/1.1/0.044+3.5 ms cpu, 190->196->119 MB, 222 MB goal, 0 MB stacks, 0 MB globals, 20 P
gc 8899 @268.582s 0%: 0.038+0.61+0.011 ms clock, 0.77+0/0.97/0+0.22 ms cpu, 205->205->118 MB, 239 MB goal, 0 MB stacks, 0 MB globals, 20 P
gc 8900 @268.589s 0%: 0.10+8.1+7.1 ms clock, 2.1+0.042/1.2/0+143 ms cpu, 203->265->174 MB, 236 MB goal, 0 MB stacks, 0 MB globals, 20 P
gc 8901 @268.618s 0%: 0.61+7.2+2.3 ms clock, 12+0/3.5/0+46 ms cpu, 299->332->149 MB, 348 MB goal, 0 MB stacks, 0 MB globals, 20 P
gc 8902 @268.639s 0%: 0.021+1.5+0.005 ms clock, 0.42+0.13/0.94/0+0.11 ms cpu, 255->274->133 MB, 298 MB goal, 0 MB stacks, 0 MB globals, 20 P
gc 8903 @268.649s 0%: 1.5+1.0+0.41 ms clock, 31+0/0.75/0+8.2 ms cpu, 227->241->122 MB, 266 MB goal, 0 MB stacks, 0 MB globals, 20 P
gc 8904 @268.658s 0%: 0.044+0.48+0.020 ms clock, 0.88+0/0.78/0+0.41 ms cpu, 218->218->147 MB, 244 MB goal, 0 MB stacks, 0 MB globals, 20 P
gc 8905 @268.668s 0%: 2.4+2.6+0.083 ms clock, 49+0/2.9/0+1.6 ms cpu, 260->271->132 MB, 295 MB goal, 0 MB stacks, 0 MB globals, 20 P
gc 8906 @268.683s 0%: 1.0+4.5+4.3 ms clock, 20+0/1.3/0+87 ms cpu, 232->282->153 MB, 265 MB goal, 0 MB stacks, 0 MB globals, 20 P
gc 8907 @268.702s 0%: 0.54+1.9+0.031 ms clock, 10+0/1.1/0+0.62 ms cpu, 265->288->129 MB, 307 MB goal, 0 MB stacks, 0 MB globals, 20 P
gc 8908 @268.713s 0%: 0.13+2.0+0.64 ms clock, 2.7+0/1.6/0+12 ms cpu, 224->243->119 MB, 258 MB goal, 0 MB stacks, 0 MB globals, 20 P
gc 8909 @268.722s 0%: 0.080+0.45+0.018 ms clock, 1.6+0/0.76/0+0.36 ms cpu, 203->203->115 MB, 238 MB goal, 0 MB stacks, 0 MB globals, 20 P
gc 8910 @268.729s 0%: 0.048+0.62+0.52 ms clock, 0.96+0/1.1/0+10 ms cpu, 198->204->123 MB, 230 MB goal, 0 MB stacks, 0 MB globals, 20 P
gc 8911 @268.738s 0%: 0.018+1.0+0.078 ms clock, 0.36+0/1.3/0+1.5 ms cpu, 215->215->98 MB, 247 MB goal, 0 MB stacks, 0 MB globals, 20 P
gc 8912 @268.744s 0%: 0.038+1.0+0.092 ms clock, 0.77+0/1.4/0+1.8 ms cpu, 172->172->121 MB, 197 MB goal, 0 MB stacks, 0 MB globals, 20 P
gc 8913 @268.754s 0%: 0.020+3.8+6.3 ms clock, 0.40+0/0.83/0+127 ms cpu, 212->240->138 MB, 244 MB goal, 0 MB stacks, 0 MB globals, 20 P
gc 8914 @268.775s 0%: 0.93+7.3+2.8 ms clock, 18+0/2.3/0.085+57 ms cpu, 251->285->134 MB, 276 MB goal, 0 MB stacks, 0 MB globals, 20 P
gc 8915 @268.795s 0%: 0.11+2.1+0.52 ms clock, 2.3+0/1.4/0+10 ms cpu, 240->269->127 MB, 269 MB goal, 0 MB stacks, 0 MB globals, 20 P
gc 8916 @268.805s 0%: 0.028+3.3+0.005 ms clock, 0.57+0.055/3.6/0+0.10 ms cpu, 242->246->116 MB, 256 MB goal, 0 MB stacks, 0 MB globals, 20 P
gc 8917 @268.816s 0%: 0.097+0.35+0.020 ms clock, 1.9+0.046/0.75/0+0.40 ms cpu, 208->208->122 MB, 233 MB goal, 0 MB stacks, 0 MB globals, 20 P
gc 8918 @268.824s 0%: 0.047+2.6+0.007 ms clock, 0.94+0/2.9/0+0.15 ms cpu, 228->228->129 MB, 245 MB goal, 0 MB stacks, 0 MB globals, 20 P
gc 8919 @268.836s 0%: 1.8+0.52+0.005 ms clock, 37+0/0.77/0+0.10 ms cpu, 224->226->111 MB, 258 MB goal, 0 MB stacks, 0 MB globals, 20 P
gc 8920 @268.843s 0%: 0.044+1.2+0.026 ms clock, 0.89+0/1.6/0+0.52 ms cpu, 192->202->146 MB, 222 MB goal, 0 MB stacks, 0 MB globals, 20 P
gc 8921 @268.862s 0%: 0.067+4.9+0.063 ms clock, 1.3+0/5.1/0+1.2 ms cpu, 282->293->146 MB, 292 MB goal, 0 MB stacks, 0 MB globals, 20 P
gc 8922 @268.881s 0%: 0.40+1.1+0.007 ms clock, 8.1+0/1.7/0+0.15 ms cpu, 291->291->102 MB, 292 MB goal, 0 MB stacks, 0 MB globals, 20 P
gc 8923 @268.888s 0%: 0.040+0.48+0.031 ms clock, 0.81+0/0.85/0.010+0.63 ms cpu, 195->199->119 MB, 205 MB goal, 0 MB stacks, 0 MB globals, 20 P
gc 8924 @268.898s 0%: 0.46+0.63+1.7 ms clock, 9.2+0/0.69/0+34 ms cpu, 227->245->116 MB, 238 MB goal, 0 MB stacks, 0 MB globals, 20 P
gc 8925 @268.911s 0%: 0.16+1.3+0.098 ms clock, 3.2+0/1.2/0+1.9 ms cpu, 216->232->109 MB, 232 MB goal, 0 MB stacks, 0 MB globals, 20 P
gc 8926 @268.918s 0%: 0.021+0.52+0.089 ms clock, 0.42+0/0.82/0.003+1.7 ms cpu, 204->215->135 MB, 219 MB goal, 0 MB stacks, 0 MB globals, 20 P
gc 8927 @268.933s 0%: 1.5+0.50+0.005 ms clock, 30+0.030/0.69/0+0.11 ms cpu, 253->255->98 MB, 270 MB goal, 0 MB stacks, 0 MB globals, 20 P
gc 8928 @268.941s 0%: 0.087+1.4+0.092 ms clock, 1.7+0/1.6/0+1.8 ms cpu, 188->199->135 MB, 197 MB goal, 0 MB stacks, 0 MB globals, 20 P
gc 8929 @268.954s 0%: 3.8+5.1+0.080 ms clock, 77+0/5.2/0+1.6 ms cpu, 261->282->135 MB, 270 MB goal, 0 MB stacks, 0 MB globals, 20 P
gc 8930 @268.976s 0%: 0.046+1.0+0.008 ms clock, 0.92+0/1.5/0+0.16 ms cpu, 272->272->124 MB, 272 MB goal, 0 MB stacks, 0 MB globals, 20 P
gc 8931 @268.987s 0%: 0.023+0.96+0.044 ms clock, 0.46+0.63/0.78/0+0.89 ms cpu, 235->235->108 MB, 249 MB goal, 0 MB stacks, 0 MB globals, 20 P
gc 8932 @268.996s 0%: 0.019+1.7+0.004 ms clock, 0.39+0.23/0.67/0+0.083 ms cpu, 196->213->113 MB, 217 MB goal, 0 MB stacks, 0 MB globals, 20 P
gc 8933 @269.008s 0%: 0.032+0.37+0.054 ms clock, 0.65+0/0.76/0+1.0 ms cpu, 205->207->113 MB, 226 MB goal, 0 MB stacks, 0 MB globals, 20 P
gc 8934 @269.014s 0%: 0.11+2.2+0.082 ms clock, 2.3+0/1.8/0+1.6 ms cpu, 212->233->129 MB, 228 MB goal, 0 MB stacks, 0 MB globals, 20 P
gc 8935 @269.027s 0%: 0.85+0.61+0.019 ms clock, 17+0/0.94/0+0.38 ms cpu, 242->259->123 MB, 260 MB goal, 0 MB stacks, 0 MB globals, 20 P
gc 8936 @269.039s 0%: 0.037+1.2+0.016 ms clock, 0.75+0/1.4/0+0.33 ms cpu, 227->228->125 MB, 247 MB goal, 0 MB stacks, 0 MB globals, 20 P
gc 8937 @269.047s 0%: 0.054+1.3+0.005 ms clock, 1.0+0/1.0/0+0.11 ms cpu, 234->240->123 MB, 250 MB goal, 0 MB stacks, 0 MB globals, 20 P
gc 8938 @269.057s 0%: 0.046+5.0+0.083 ms clock, 0.92+0/5.2/0+1.6 ms cpu, 227->245->141 MB, 247 MB goal, 0 MB stacks, 0 MB globals, 20 P
gc 8939 @269.074s 0%: 0.019+7.8+0.024 ms clock, 0.38+0.18/2.6/0+0.49 ms cpu, 269->303->134 MB, 283 MB goal, 0 MB stacks, 0 MB globals, 20 P
gc 8940 @269.090s 0%: 0.022+2.6+0.75 ms clock, 0.45+0.15/0.67/0+15 ms cpu, 235->258->120 MB, 269 MB goal, 0 MB stacks, 0 MB globals, 20 P
gc 8941 @269.103s 0%: 0.055+0.74+0.12 ms clock, 1.1+0/0.98/0+2.4 ms cpu, 207->214->96 MB, 240 MB goal, 0 MB stacks, 0 MB globals, 20 P
gc 8942 @269.114s 0%: 0.027+4.3+0.031 ms clock, 0.55+0.49/2.8/0+0.62 ms cpu, 170->203->139 MB, 193 MB goal, 0 MB stacks, 0 MB globals, 20 P
gc 8943 @269.133s 0%: 0.11+5.3+0.093 ms clock, 2.2+0/5.5/0+1.8 ms cpu, 246->269->127 MB, 280 MB goal, 0 MB stacks, 0 MB globals, 20 P
gc 8944 @269.149s 0%: 0.020+2.5+1.0 ms clock, 0.41+0.11/2.4/0.004+21 ms cpu, 220->249->122 MB, 255 MB goal, 0 MB stacks, 0 MB globals, 20 P
gc 8945 @269.161s 0%: 0.021+0.61+0.36 ms clock, 0.43+0.058/0.75/0.004+7.2 ms cpu, 211->218->103 MB, 245 MB goal, 0 MB stacks, 0 MB globals, 20 P
gc 8946 @269.167s 0%: 0.043+5.5+0.008 ms clock, 0.87+0.18/4.4/0+0.17 ms cpu, 187->210->134 MB, 206 MB goal, 0 MB stacks, 0 MB globals, 20 P
gc 8947 @269.181s 0%: 0.66+2.4+2.3 ms clock, 13+0/1.1/0+47 ms cpu, 236->258->129 MB, 269 MB goal, 0 MB stacks, 0 MB globals, 20 P
gc 8948 @269.195s 0%: 0.020+1.3+0.81 ms clock, 0.41+0.096/1.7/0+16 ms cpu, 230->252->120 MB, 258 MB goal, 0 MB stacks, 0 MB globals, 20 P
gc 8949 @269.206s 0%: 0.018+0.60+0.004 ms clock, 0.37+0/1.1/0.014+0.081 ms cpu, 215->215->97 MB, 240 MB goal, 0 MB stacks, 0 MB globals, 20 P
gc 8950 @269.213s 0%: 0.018+2.3+0.095 ms clock, 0.37+0/2.8/0.030+1.9 ms cpu, 174->208->145 MB, 194 MB goal, 0 MB stacks, 0 MB globals, 20 P
gc 8951 @269.229s 0%: 2.1+2.7+0.012 ms clock, 42+0/3.1/0+0.24 ms cpu, 258->269->121 MB, 291 MB goal, 0 MB stacks, 0 MB globals, 20 P
gc 8952 @269.243s 0%: 0.28+2.7+0.006 ms clock, 5.6+0/1.6/0.001+0.12 ms cpu, 209->225->117 MB, 244 MB goal, 0 MB stacks, 0 MB globals, 20 P
gc 8953 @269.256s 0%: 0.64+2.0+0.32 ms clock, 12+0/1.0/0.022+6.5 ms cpu, 200->211->102 MB, 234 MB goal, 0 MB stacks, 0 MB globals, 20 P
gc 8954 @269.263s 0%: 0.44+10+0.25 ms clock, 8.8+0/1.9/0+5.1 ms cpu, 176->201->133 MB, 205 MB goal, 0 MB stacks, 0 MB globals, 20 P
gc 8955 @269.284s 0%: 0.33+7.6+1.8 ms clock, 6.6+0/3.7/0+36 ms cpu, 236->268->137 MB, 267 MB goal, 0 MB stacks, 0 MB globals, 20 P
gc 8956 @269.305s 0%: 0.62+0.50+0.003 ms clock, 12+0/0.82/0+0.075 ms cpu, 243->245->104 MB, 274 MB goal, 0 MB stacks, 0 MB globals, 20 P
gc 8957 @269.313s 0%: 0.064+4.3+0.006 ms clock, 1.2+0.048/0.98/0+0.12 ms cpu, 183->204->147 MB, 209 MB goal, 0 MB stacks, 0 MB globals, 20 P
gc 8958 @269.328s 0%: 0.020+2.6+0.021 ms clock, 0.40+0.072/1.9/0.017+0.43 ms cpu, 265->292->144 MB, 295 MB goal, 0 MB stacks, 0 MB globals, 20 P
gc 8959 @269.342s 0%: 0.020+1.1+0.003 ms clock, 0.41+0/1.6/0+0.064 ms cpu, 268->275->121 MB, 288 MB goal, 0 MB stacks, 0 MB globals, 20 P
gc 8960 @269.350s 0%: 0.063+0.66+0.013 ms clock, 1.2+0/0.99/0+0.27 ms cpu, 211->211->127 MB, 244 MB goal, 0 MB stacks, 0 MB globals, 20 P
gc 8961 @269.360s 0%: 0.062+1.0+1.7 ms clock, 1.2+0/1.2/0+34 ms cpu, 226->242->125 MB, 256 MB goal, 0 MB stacks, 0 MB globals, 20 P
gc 8962 @269.372s 0%: 0.043+0.81+0.59 ms clock, 0.86+0/1.2/0+11 ms cpu, 226->232->131 MB, 250 MB goal, 0 MB stacks, 0 MB globals, 20 P
gc 8963 @269.382s 0%: 0.056+6.2+0.094 ms clock, 1.1+0/6.5/0+1.8 ms cpu, 242->274->166 MB, 264 MB goal, 0 MB stacks, 0 MB globals, 20 P
gc 8964 @269.403s 0%: 0.21+5.4+0.027 ms clock, 4.2+0/2.8/0+0.55 ms cpu, 301->333->136 MB, 332 MB goal, 0 MB stacks, 0 MB globals, 20 P
gc 8965 @269.419s 0%: 0.24+3.1+0.004 ms clock, 4.8+0/1.1/0+0.083 ms cpu, 242->270->131 MB, 273 MB goal, 0 MB stacks, 0 MB globals, 20 P
gc 8966 @269.432s 0%: 0.72+2.7+0.22 ms clock, 14+0/1.3/0+4.4 ms cpu, 232->259->127 MB, 262 MB goal, 0 MB stacks, 0 MB globals, 20 P
gc 8967 @269.444s 0%: 0.077+0.65+0.24 ms clock, 1.5+0/0.77/0+4.9 ms cpu, 226->233->103 MB, 255 MB goal, 0 MB stacks, 0 MB globals, 20 P
gc 8968 @269.448s 0%: 0.044+2.3+0.020 ms clock, 0.89+0/1.3/0+0.40 ms cpu, 177->201->145 MB, 207 MB goal, 0 MB stacks, 0 MB globals, 20 P
gc 8969 @269.462s 0%: 1.4+6.1+0.090 ms clock, 28+0/6.2/0+1.8 ms cpu, 269->293->135 MB, 291 MB goal, 0 MB stacks, 0 MB globals, 20 P
gc 8970 @269.481s 0%: 0.42+0.95+0.019 ms clock, 8.4+0/1.2/0+0.38 ms cpu, 249->260->119 MB, 271 MB goal, 0 MB stacks, 0 MB globals, 20 P
gc 8971 @269.491s 0%: 0.41+1.2+5.8 ms clock, 8.3+0/1.5/0+116 ms cpu, 220->242->123 MB, 240 MB goal, 0 MB stacks, 0 MB globals, 20 P
gc 8972 @269.509s 0%: 0.11+0.57+2.9 ms clock, 2.3+0/0.67/0+58 ms cpu, 225->235->107 MB, 247 MB goal, 0 MB stacks, 0 MB globals, 20 P
gc 8973 @269.517s 0%: 0.87+1.2+0.009 ms clock, 17+0/1.5/0+0.18 ms cpu, 195->195->116 MB, 215 MB goal, 0 MB stacks, 0 MB globals, 20 P
gc 8974 @269.527s 0%: 3.7+0.75+0.010 ms clock, 74+0/1.1/0+0.20 ms cpu, 212->212->120 MB, 233 MB goal, 0 MB stacks, 0 MB globals, 20 P
gc 8975 @269.545s 0%: 0.13+1.7+0.005 ms clock, 2.6+0/0.93/0.032+0.11 ms cpu, 222->240->126 MB, 242 MB goal, 0 MB stacks, 0 MB globals, 20 P
gc 8976 @269.558s 0%: 0.059+0.80+0.009 ms clock, 1.1+0/1.3/0+0.18 ms cpu, 230->230->126 MB, 253 MB goal, 0 MB stacks, 0 MB globals, 20 P
gc 8977 @269.569s 0%: 0.062+2.5+0.004 ms clock, 1.2+0.032/0.88/0+0.081 ms cpu, 242->249->128 MB, 253 MB goal, 0 MB stacks, 0 MB globals, 20 P
gc 8978 @269.582s 0%: 0.018+0.86+0.005 ms clock, 0.37+0.032/0.76/0.002+0.11 ms cpu, 240->246->116 MB, 256 MB goal, 0 MB stacks, 0 MB globals, 20 P
gc 8979 @269.588s 0%: 0.037+1.3+0.012 ms clock, 0.74+0/1.7/0+0.24 ms cpu, 212->212->135 MB, 233 MB goal, 0 MB stacks, 0 MB globals, 20 P
gc 8980 @269.603s 0%: 0.040+1.5+0.21 ms clock, 0.81+0/1.8/0+4.3 ms cpu, 252->252->129 MB, 270 MB goal, 0 MB stacks, 0 MB globals, 20 P
gc 8981 @269.612s 0%: 0.062+0.54+0.11 ms clock, 1.2+0.034/0.73/0+2.2 ms cpu, 244->244->122 MB, 258 MB goal, 0 MB stacks, 0 MB globals, 20 P
gc 8982 @269.624s 0%: 0.042+1.8+0.008 ms clock, 0.84+0/2.0/0+0.16 ms cpu, 228->228->118 MB, 245 MB goal, 0 MB stacks, 0 MB globals, 20 P
gc 8983 @269.634s 0%: 0.040+1.3+0.012 ms clock, 0.81+0/1.6/0+0.24 ms cpu, 222->222->124 MB, 236 MB goal, 0 MB stacks, 0 MB globals, 20 P
gc 8984 @269.648s 0%: 0.024+1.0+0.004 ms clock, 0.48+0.87/0.71/0+0.099 ms cpu, 235->235->108 MB, 249 MB goal, 0 MB stacks, 0 MB globals, 20 P
gc 8985 @269.659s 0%: 0.20+0.51+0.11 ms clock, 4.1+0/0.89/0+2.3 ms cpu, 199->201->98 MB, 217 MB goal, 0 MB stacks, 0 MB globals, 20 P
gc 8986 @269.670s 0%: 0.52+0.58+0.12 ms clock, 10+0.038/0.85/0.012+2.5 ms cpu, 190->203->114 MB, 196 MB goal, 0 MB stacks, 0 MB globals, 20 P
gc 8987 @269.683s 0%: 0.43+1.1+1.6 ms clock, 8.7+0/1.1/0+33 ms cpu, 218->229->106 MB, 228 MB goal, 0 MB stacks, 0 MB globals, 20 P
gc 8988 @269.693s 0%: 0.10+0.29+0.022 ms clock, 2.1+0.080/0.64/0+0.44 ms cpu, 208->208->122 MB, 212 MB goal, 0 MB stacks, 0 MB globals, 20 P
gc 8989 @269.701s 0%: 0.30+4.5+0.003 ms clock, 6.0+0/4.9/0+0.071 ms cpu, 235->235->110 MB, 245 MB goal, 0 MB stacks, 0 MB globals, 20 P
gc 8990 @269.717s 0%: 0.93+0.49+0.008 ms clock, 18+0/0.92/0.001+0.16 ms cpu, 212->212->101 MB, 222 MB goal, 0 MB stacks, 0 MB globals, 20 P
gc 8991 @269.725s 0%: 1.0+0.44+0.007 ms clock, 20+0/0.83/0+0.15 ms cpu, 192->192->104 MB, 203 MB goal, 0 MB stacks, 0 MB globals, 20 P
gc 8992 @269.736s 0%: 0.62+3.0+4.1 ms clock, 12+0.052/1.0/0+83 ms cpu, 197->222->118 MB, 210 MB goal, 0 MB stacks, 0 MB globals, 20 P
gc 8993 @269.755s 0%: 0.92+0.60+0.078 ms clock, 18+0/0.65/0+1.5 ms cpu, 212->226->116 MB, 237 MB goal, 0 MB stacks, 0 MB globals, 20 P
gc 8994 @269.766s 0%: 0.12+0.85+0.005 ms clock, 2.5+0.025/0.70/0.002+0.10 ms cpu, 209->216->106 MB, 233 MB goal, 0 MB stacks, 0 MB globals, 20 P
gc 8995 @269.771s 0%: 3.0+2.7+0.079 ms clock, 60+0/2.9/0+1.5 ms cpu, 193->203->124 MB, 212 MB goal, 0 MB stacks, 0 MB globals, 20 P
gc 8996 @269.787s 0%: 1.5+2.1+2.8 ms clock, 31+0/1.1/0+56 ms cpu, 225->248->129 MB, 249 MB goal, 0 MB stacks, 0 MB globals, 20 P
gc 8997 @269.802s 0%: 0.019+2.0+0.005 ms clock, 0.38+1.9/0.49/0+0.10 ms cpu, 244->244->119 MB, 258 MB goal, 0 MB stacks, 0 MB globals, 20 P
gc 8998 @269.818s 0%: 0.035+2.5+0.006 ms clock, 0.70+0/0.91/0+0.13 ms cpu, 217->231->124 MB, 239 MB goal, 0 MB stacks, 0 MB globals, 20 P
gc 8999 @269.829s 0%: 0.039+0.74+0.060 ms clock, 0.79+0.073/0.82/0+1.2 ms cpu, 226->228->124 MB, 249 MB goal, 0 MB stacks, 0 MB globals, 20 P
gc 9000 @269.837s 0%: 0.18+5.2+0.087 ms clock, 3.7+0/3.2/0+1.7 ms cpu, 232->255->145 MB, 249 MB goal, 0 MB stacks, 0 MB globals, 20 P
gc 9001 @269.856s 0%: 0.050+0.76+0.009 ms clock, 1.0+0/1.4/0+0.19 ms cpu, 270->270->130 MB, 290 MB goal, 0 MB stacks, 0 MB globals, 20 P
gc 9002 @269.865s 0%: 4.5+0.52+0.013 ms clock, 90+0/0.66/0+0.26 ms cpu, 240->243->117 MB, 261 MB goal, 0 MB stacks, 0 MB globals, 20 P
gc 9003 @269.878s 0%: 0.039+0.90+0.58 ms clock, 0.78+0/1.0/0.008+11 ms cpu, 218->226->137 MB, 235 MB goal, 0 MB stacks, 0 MB globals, 20 P
gc 9004 @269.887s 0%: 0.055+0.51+0.043 ms clock, 1.1+0/0.82/0.004+0.86 ms cpu, 251->252->114 MB, 274 MB goal, 0 MB stacks, 0 MB globals, 20 P
gc 9005 @269.896s 0%: 0.043+0.67+0.016 ms clock, 0.86+0/0.98/0+0.33 ms cpu, 212->212->118 MB, 229 MB goal, 0 MB stacks, 0 MB globals, 20 P
gc 9006 @269.904s 0%: 0.67+0.42+0.094 ms clock, 13+0/0.79/0+1.8 ms cpu, 213->215->100 MB, 236 MB goal, 0 MB stacks, 0 MB globals, 20 P
gc 9007 @269.910s 0%: 0.043+4.5+0.004 ms clock, 0.86+0/5.1/0.022+0.092 ms cpu, 181->187->129 MB, 202 MB goal, 0 MB stacks, 0 MB globals, 20 P
gc 9008 @269.929s 0%: 0.20+3.6+0.17 ms clock, 4.1+0/2.8/0+3.5 ms cpu, 251->274->120 MB, 258 MB goal, 0 MB stacks, 0 MB globals, 20 P
gc 9009 @269.941s 0%: 0.035+0.68+0.010 ms clock, 0.71+0/0.73/0+0.21 ms cpu, 217->225->99 MB, 240 MB goal, 0 MB stacks, 0 MB globals, 20 P
gc 9010 @269.946s 0%: 0.25+1.1+2.0 ms clock, 5.0+0/1.4/0+41 ms cpu, 176->188->121 MB, 198 MB goal, 0 MB stacks, 0 MB globals, 20 P
gc 9011 @269.960s 0%: 0.44+0.78+5.2 ms clock, 8.8+0/0.95/0+104 ms cpu, 222->238->118 MB, 242 MB goal, 0 MB stacks, 0 MB globals, 20 P
gc 9012 @269.974s 0%: 0.020+2.1+0.006 ms clock, 0.40+0.23/1.8/0+0.13 ms cpu, 227->232->117 MB, 237 MB goal, 0 MB stacks, 0 MB globals, 20 P
gc 9013 @269.987s 0%: 0.071+0.85+0.12 ms clock, 1.4+0/0.95/0+2.4 ms cpu, 237->237->139 MB, 237 MB goal, 0 MB stacks, 0 MB globals, 20 P
gc 9014 @270.001s 0%: 0.60+3.5+5.2 ms clock, 12+0/3.6/0+105 ms cpu, 263->291->141 MB, 280 MB goal, 0 MB stacks, 0 MB globals, 20 P
gc 9015 @270.023s 0%: 0.36+2.3+0.025 ms clock, 7.2+0/2.6/0.029+0.51 ms cpu, 259->285->140 MB, 283 MB goal, 0 MB stacks, 0 MB globals, 20 P
gc 9016 @270.036s 0%: 0.038+1.7+0.027 ms clock, 0.77+0.15/0.72/0+0.54 ms cpu, 254->283->140 MB, 280 MB goal, 0 MB stacks, 0 MB globals, 20 P
gc 9017 @270.048s 0%: 0.10+1.4+0.029 ms clock, 2.1+0.060/0.77/0+0.58 ms cpu, 256->275->129 MB, 282 MB goal, 0 MB stacks, 0 MB globals, 20 P
gc 9018 @270.058s 0%: 0.040+0.81+0.016 ms clock, 0.81+0/1.4/0+0.33 ms cpu, 235->235->119 MB, 260 MB goal, 0 MB stacks, 0 MB globals, 20 P
gc 9019 @270.068s 0%: 0.036+2.8+0.021 ms clock, 0.72+0/3.0/0+0.43 ms cpu, 223->243->123 MB, 240 MB goal, 0 MB stacks, 0 MB globals, 20 P
gc 9020 @270.078s 0%: 0.037+0.88+0.008 ms clock, 0.75+0/1.2/0+0.16 ms cpu, 221->221->119 MB, 248 MB goal, 0 MB stacks, 0 MB globals, 20 P
gc 9021 @270.086s 0%: 0.045+3.5+0.12 ms clock, 0.90+0.025/0.87/0+2.4 ms cpu, 218->240->132 MB, 240 MB goal, 0 MB stacks, 0 MB globals, 20 P
gc 9022 @270.103s 0%: 0.088+5.0+0.14 ms clock, 1.7+0/1.2/0+2.9 ms cpu, 242->264->120 MB, 265 MB goal, 0 MB stacks, 0 MB globals, 20 P
gc 9023 @270.116s 0%: 0.041+0.40+0.007 ms clock, 0.83+0/0.72/0+0.14 ms cpu, 213->213->115 MB, 240 MB goal, 0 MB stacks, 0 MB globals, 20 P
gc 9024 @270.122s 0%: 0.044+1.0+0.53 ms clock, 0.88+0/1.1/0+10 ms cpu, 204->212->126 MB, 230 MB goal, 0 MB stacks, 0 MB globals, 20 P
gc 9025 @270.136s 0%: 1.4+1.5+3.5 ms clock, 28+0/1.2/0+71 ms cpu, 232->250->120 MB, 253 MB goal, 0 MB stacks, 0 MB globals, 20 P
gc 9026 @270.154s 0%: 0.42+0.46+0.005 ms clock, 8.5+0/0.72/0.012+0.11 ms cpu, 220->223->99 MB, 242 MB goal, 0 MB stacks, 0 MB globals, 20 P
gc 9027 @270.159s 0%: 2.6+4.0+0.019 ms clock, 53+0/4.3/0+0.39 ms cpu, 179->190->124 MB, 199 MB goal, 0 MB stacks, 0 MB globals, 20 P
gc 9028 @270.181s 0%: 2.2+2.0+0.008 ms clock, 45+0/1.7/0+0.16 ms cpu, 238->248->119 MB, 249 MB goal, 0 MB stacks, 0 MB globals, 20 P
gc 9029 @270.194s 0%: 0.044+1.7+1.7 ms clock, 0.89+0/1.4/0+35 ms cpu, 225->243->120 MB, 238 MB goal, 0 MB stacks, 0 MB globals, 20 P
gc 9030 @270.206s 0%: 0.18+1.0+0.004 ms clock, 3.7+0/1.0/0+0.087 ms cpu, 224->235->109 MB, 242 MB goal, 0 MB stacks, 0 MB globals, 20 P
gc 9031 @270.215s 0%: 0.017+0.50+0.090 ms clock, 0.35+0.058/0.70/0+1.8 ms cpu, 200->206->93 MB, 218 MB goal, 0 MB stacks, 0 MB globals, 20 P
gc 9032 @270.220s 0%: 0.21+1.7+0.007 ms clock, 4.2+0/1.3/0+0.14 ms cpu, 176->186->116 MB, 186 MB goal, 0 MB stacks, 0 MB globals, 20 P
gc 9033 @270.233s 0%: 0.23+4.2+1.6 ms clock, 4.6+0/2.9/0+33 ms cpu, 221->245->124 MB, 233 MB goal, 0 MB stacks, 0 MB globals, 20 P
gc 9034 @270.247s 0%: 0.018+0.85+0.003 ms clock, 0.37+0/1.5/0+0.064 ms cpu, 225->230->100 MB, 249 MB goal, 0 MB stacks, 0 MB globals, 20 P
gc 9035 @270.252s 0%: 0.037+1.2+0.081 ms clock, 0.75+0/1.6/0+1.6 ms cpu, 183->183->121 MB, 200 MB goal, 0 MB stacks, 0 MB globals, 20 P
gc 9036 @270.262s 0%: 0.36+4.6+1.7 ms clock, 7.2+0/4.4/0+35 ms cpu, 222->249->131 MB, 243 MB goal, 0 MB stacks, 0 MB globals, 20 P
gc 9037 @270.277s 0%: 0.40+5.0+3.5 ms clock, 8.0+0/1.3/0+71 ms cpu, 242->276->137 MB, 263 MB goal, 0 MB stacks, 0 MB globals, 20 P
gc 9038 @270.296s 0%: 0.23+1.0+0.003 ms clock, 4.6+0/1.6/0+0.065 ms cpu, 242->247->105 MB, 274 MB goal, 0 MB stacks, 0 MB globals, 20 P
gc 9039 @270.302s 0%: 0.041+0.49+0.077 ms clock, 0.83+0.030/0.65/0+1.5 ms cpu, 190->191->113 MB, 212 MB goal, 0 MB stacks, 0 MB globals, 20 P
gc 9040 @270.311s 0%: 0.29+1.9+3.4 ms clock, 5.9+0/1.4/0+68 ms cpu, 202->225->130 MB, 227 MB goal, 0 MB stacks, 0 MB globals, 20 P
gc 9041 @270.324s 0%: 0.020+7.3+2.7 ms clock, 0.41+0/2.5/0+55 ms cpu, 230->267->145 MB, 260 MB goal, 0 MB stacks, 0 MB globals, 20 P
gc 9042 @270.343s 0%: 0.33+1.0+0.005 ms clock, 6.6+0/1.1/0+0.10 ms cpu, 255->262->107 MB, 290 MB goal, 0 MB stacks, 0 MB globals, 20 P
gc 9043 @270.351s 0%: 0.032+0.43+0.012 ms clock, 0.64+0.023/0.77/0+0.25 ms cpu, 184->186->114 MB, 216 MB goal, 0 MB stacks, 0 MB globals, 20 P
gc 9044 @270.357s 0%: 0.14+4.5+0.19 ms clock, 2.9+0/1.5/0+3.8 ms cpu, 201->236->141 MB, 228 MB goal, 0 MB stacks, 0 MB globals, 20 P
gc 9045 @270.373s 0%: 1.0+7.9+0.039 ms clock, 20+0/4.2/0+0.79 ms cpu, 253->287->139 MB, 283 MB goal, 0 MB stacks, 0 MB globals, 20 P
gc 9046 @270.390s 0%: 0.27+0.86+0.088 ms clock, 5.5+0/1.1/0+1.7 ms cpu, 244->266->141 MB, 280 MB goal, 0 MB stacks, 0 MB globals, 20 P
gc 9047 @270.404s 0%: 0.037+5.7+0.042 ms clock, 0.75+0/5.5/0.006+0.84 ms cpu, 251->277->139 MB, 282 MB goal, 0 MB stacks, 0 MB globals, 20 P
gc 9048 @270.422s 0%: 0.019+2.2+3.0 ms clock, 0.38+0/0.79/0.001+60 ms cpu, 245->283->147 MB, 279 MB goal, 0 MB stacks, 0 MB globals, 20 P
gc 9049 @270.438s 0%: 0.59+1.7+0.86 ms clock, 11+0/1.6/0+17 ms cpu, 262->287->135 MB, 295 MB goal, 0 MB stacks, 0 MB globals, 20 P
gc 9050 @270.452s 0%: 0.26+0.49+0.35 ms clock, 5.2+0/0.84/0+7.1 ms cpu, 234->237->109 MB, 271 MB goal, 0 MB stacks, 0 MB globals, 20 P
gc 9051 @270.458s 0%: 0.040+1.7+0.019 ms clock, 0.80+0.24/0.61/0+0.38 ms cpu, 198->208->145 MB, 218 MB goal, 0 MB stacks, 0 MB globals, 20 P
gc 9052 @270.469s 0%: 0.021+4.2+0.094 ms clock, 0.42+0.20/2.3/0.011+1.8 ms cpu, 259->280->129 MB, 291 MB goal, 0 MB stacks, 0 MB globals, 20 P
gc 9053 @270.484s 0%: 0.71+2.1+0.13 ms clock, 14+0/0.88/0.010+2.7 ms cpu, 224->242->120 MB, 260 MB goal, 0 MB stacks, 0 MB globals, 20 P
gc 9054 @270.497s 0%: 0.054+2.3+0.25 ms clock, 1.0+0/2.3/0.012+5.0 ms cpu, 223->242->116 MB, 241 MB goal, 0 MB stacks, 0 MB globals, 20 P
gc 9055 @270.508s 0%: 0.034+0.56+1.1 ms clock, 0.68+0/0.79/0+22 ms cpu, 214->221->121 MB, 234 MB goal, 0 MB stacks, 0 MB globals, 20 P
gc 9056 @270.517s 0%: 0.039+4.1+0.006 ms clock, 0.78+0/4.4/0+0.12 ms cpu, 237->240->126 MB, 244 MB goal, 0 MB stacks, 0 MB globals, 20 P
gc 9057 @270.531s 0%: 0.048+7.0+0.009 ms clock, 0.96+0/1.3/0+0.19 ms cpu, 237->271->152 MB, 253 MB goal, 0 MB stacks, 0 MB globals, 20 P
gc 9058 @270.547s 0%: 0.63+1.1+0.084 ms clock, 12+0/1.2/0+1.6 ms cpu, 276->287->121 MB, 305 MB goal, 0 MB stacks, 0 MB globals, 20 P
gc 9059 @270.561s 0%: 0.019+1.9+0.49 ms clock, 0.39+0.13/0.99/0+9.8 ms cpu, 211->240->130 MB, 244 MB goal, 0 MB stacks, 0 MB globals, 20 P
gc 9060 @270.573s 0%: 0.10+1.0+0.006 ms clock, 2.0+0/1.3/0+0.12 ms cpu, 233->239->104 MB, 261 MB goal, 0 MB stacks, 0 MB globals, 20 P
gc 9061 @270.579s 0%: 0.031+1.0+0.008 ms clock, 0.62+0/1.6/0+0.17 ms cpu, 184->184->124 MB, 209 MB goal, 0 MB stacks, 0 MB globals, 20 P
gc 9062 @270.587s 0%: 0.84+3.7+0.26 ms clock, 16+0/1.2/0+5.3 ms cpu, 218->246->132 MB, 249 MB goal, 0 MB stacks, 0 MB globals, 20 P
gc 9063 @270.601s 0%: 0.12+0.64+0.084 ms clock, 2.4+0/1.0/0+1.6 ms cpu, 240->240->158 MB, 265 MB goal, 0 MB stacks, 0 MB globals, 20 P
gc 9064 @270.618s 0%: 0.22+6.2+2.3 ms clock, 4.5+0/1.6/0+46 ms cpu, 285->326->151 MB, 316 MB goal, 0 MB stacks, 0 MB globals, 20 P
gc 9065 @270.636s 0%: 0.021+1.0+0.003 ms clock, 0.42+0/1.4/0+0.074 ms cpu, 264->270->117 MB, 303 MB goal, 0 MB stacks, 0 MB globals, 20 P
gc 9066 @270.643s 0%: 0.048+0.61+0.031 ms clock, 0.96+0.025/0.84/0+0.63 ms cpu, 200->204->127 MB, 234 MB goal, 0 MB stacks, 0 MB globals, 20 P
gc 9067 @270.654s 0%: 0.39+0.55+0.080 ms clock, 7.8+0/0.85/0+1.6 ms cpu, 226->226->129 MB, 255 MB goal, 0 MB stacks, 0 MB globals, 20 P
gc 9068 @270.663s 0%: 0.044+4.1+0.004 ms clock, 0.89+0/4.2/0+0.080 ms cpu, 221->231->142 MB, 258 MB goal, 0 MB stacks, 0 MB globals, 20 P
gc 9069 @270.675s 0%: 1.4+1.7+2.9 ms clock, 28+0/1.9/0+59 ms cpu, 250->269->126 MB, 285 MB goal, 0 MB stacks, 0 MB globals, 20 P
gc 9070 @270.693s 0%: 1.5+3.8+0.007 ms clock, 30+0/0.77/0+0.15 ms cpu, 216->254->137 MB, 252 MB goal, 0 MB stacks, 0 MB globals, 20 P
gc 9071 @270.707s 0%: 0.067+1.3+0.011 ms clock, 1.3+0/0.69/0+0.23 ms cpu, 239->253->112 MB, 276 MB goal, 0 MB stacks, 0 MB globals, 20 P
gc 9072 @270.714s 0%: 0.089+0.42+0.024 ms clock, 1.7+0.034/0.68/0+0.48 ms cpu, 196->197->112 MB, 225 MB goal, 0 MB stacks, 0 MB globals, 20 P
gc 9073 @270.720s 0%: 0.87+0.55+0.093 ms clock, 17+0/0.84/0.003+1.8 ms cpu, 194->205->115 MB, 224 MB goal, 0 MB stacks, 0 MB globals, 20 P
gc 9074 @270.729s 0%: 1.9+1.1+0.030 ms clock, 38+0/1.7/0+0.61 ms cpu, 198->209->119 MB, 232 MB goal, 0 MB stacks, 0 MB globals, 20 P
gc 9075 @270.741s 0%: 0.37+0.34+0.27 ms clock, 7.5+0/0.95/0+5.5 ms cpu, 206->210->102 MB, 239 MB goal, 0 MB stacks, 0 MB globals, 20 P
gc 9076 @270.750s 0%: 0.12+0.39+0.023 ms clock, 2.4+0/0.85/0.005+0.46 ms cpu, 193->193->135 MB, 204 MB goal, 0 MB stacks, 0 MB globals, 20 P
gc 9077 @270.766s 0%: 0.043+4.0+0.014 ms clock, 0.86+0/4.1/0.003+0.28 ms cpu, 259->259->121 MB, 270 MB goal, 0 MB stacks, 0 MB globals, 20 P
gc 9078 @270.781s 0%: 0.016+1.3+0.004 ms clock, 0.32+0.10/1.5/0.044+0.095 ms cpu, 233->239->95 MB, 244 MB goal, 0 MB stacks, 0 MB globals, 20 P
gc 9079 @270.787s 0%: 0.033+1.2+0.017 ms clock, 0.66+0/1.5/0.011+0.35 ms cpu, 187->187->110 MB, 191 MB goal, 0 MB stacks, 0 MB globals, 20 P
gc 9080 @270.797s 0%: 0.019+0.53+0.006 ms clock, 0.39+0.22/0.88/0.16+0.12 ms cpu, 217->217->102 MB, 222 MB goal, 0 MB stacks, 0 MB globals, 20 P
gc 9081 @270.806s 0%: 0.11+0.88+0.004 ms clock, 2.2+0.10/0.71/0+0.082 ms cpu, 195->202->98 MB, 205 MB goal, 0 MB stacks, 0 MB globals, 20 P
gc 9082 @270.812s 0%: 0.068+1.0+0.065 ms clock, 1.3+0/1.4/0+1.3 ms cpu, 188->188->119 MB, 197 MB goal, 0 MB stacks, 0 MB globals, 20 P
gc 9083 @270.824s 0%: 2.0+3.9+0.003 ms clock, 40+0/4.4/0+0.073 ms cpu, 235->235->104 MB, 239 MB goal, 0 MB stacks, 0 MB globals, 20 P
gc 9084 @270.840s 0%: 0.038+1.8+0.007 ms clock, 0.77+0/2.2/0+0.15 ms cpu, 202->202->118 MB, 209 MB goal, 0 MB stacks, 0 MB globals, 20 P
gc 9085 @270.850s 0%: 1.3+0.46+0.015 ms clock, 26+0.054/0.73/0+0.30 ms cpu, 226->239->113 MB, 236 MB goal, 0 MB stacks, 0 MB globals, 20 P
gc 9086 @270.862s 0%: 0.050+1.6+0.004 ms clock, 1.0+0.058/0.65/0+0.099 ms cpu, 222->235->115 MB, 227 MB goal, 0 MB stacks, 0 MB globals, 20 P
gc 9087 @270.872s 0%: 0.032+0.57+0.008 ms clock, 0.64+0/0.71/0+0.17 ms cpu, 220->222->116 MB, 231 MB goal, 0 MB stacks, 0 MB globals, 20 P
gc 9088 @270.882s 0%: 0.058+3.3+0.012 ms clock, 1.1+0.072/0.81/0+0.24 ms cpu, 230->256->132 MB, 233 MB goal, 0 MB stacks, 0 MB globals, 20 P
gc 9089 @270.897s 0%: 0.099+0.84+0.58 ms clock, 1.9+0/1.3/0.013+11 ms cpu, 241->254->109 MB, 265 MB goal, 0 MB stacks, 0 MB globals, 20 P
gc 9090 @270.903s 0%: 0.029+1.2+0.014 ms clock, 0.58+0/1.6/0+0.28 ms cpu, 192->192->124 MB, 218 MB goal, 0 MB stacks, 0 MB globals, 20 P
gc 9091 @270.912s 0%: 0.30+4.4+0.088 ms clock, 6.0+0/1.7/0+1.7 ms cpu, 223->249->131 MB, 248 MB goal, 0 MB stacks, 0 MB globals, 20 P
gc 9092 @270.926s 0%: 0.044+2.4+0.005 ms clock, 0.89+0/0.71/0+0.11 ms cpu, 238->253->128 MB, 263 MB goal, 0 MB stacks, 0 MB globals, 20 P
gc 9093 @270.938s 0%: 0.020+1.0+0.56 ms clock, 0.40+0/0.83/0.012+11 ms cpu, 239->253->117 MB, 256 MB goal, 0 MB stacks, 0 MB globals, 20 P
gc 9094 @270.948s 0%: 0.10+0.91+0.048 ms clock, 2.1+0/0.82/0.030+0.97 ms cpu, 209->212->93 MB, 234 MB goal, 0 MB stacks, 0 MB globals, 20 P
gc 9095 @270.953s 0%: 0.59+1.5+0.023 ms clock, 11+0/1.7/0+0.46 ms cpu, 163->179->121 MB, 186 MB goal, 0 MB stacks, 0 MB globals, 20 P
gc 9096 @270.968s 0%: 0.020+1.9+0.25 ms clock, 0.40+0.28/0.75/0+5.0 ms cpu, 217->239->118 MB, 242 MB goal, 0 MB stacks, 0 MB globals, 20 P
gc 9097 @270.983s 0%: 0.039+0.57+0.11 ms clock, 0.79+0/1.1/0.024+2.2 ms cpu, 218->224->99 MB, 237 MB goal, 0 MB stacks, 0 MB globals, 20 P
gc 9098 @270.989s 0%: 0.083+5.7+0.010 ms clock, 1.6+0/2.1/0+0.21 ms cpu, 183->206->144 MB, 198 MB goal, 0 MB stacks, 0 MB globals, 20 P
gc 9099 @271.010s 0%: 0.036+1.0+0.010 ms clock, 0.73+0/1.2/0.010+0.21 ms cpu, 269->269->119 MB, 289 MB goal, 0 MB stacks, 0 MB globals, 20 P
gc 9100 @271.019s 0%: 0.62+0.53+0.019 ms clock, 12+0.043/1.0/0+0.38 ms cpu, 216->218->102 MB, 240 MB goal, 0 MB stacks, 0 MB globals, 20 P
gc 9101 @271.027s 0%: 0.054+0.40+0.041 ms clock, 1.0+0.077/0.76/0+0.82 ms cpu, 185->185->122 MB, 205 MB goal, 0 MB stacks, 0 MB globals, 20 P
gc 9102 @271.037s 0%: 0.54+0.56+0.012 ms clock, 10+0/0.83/0+0.25 ms cpu, 228->228->118 MB, 245 MB goal, 0 MB stacks, 0 MB globals, 20 P
gc 9103 @271.053s 0%: 0.93+0.63+0.007 ms clock, 18+0/1.0/0+0.15 ms cpu, 213->216->101 MB, 236 MB goal, 0 MB stacks, 0 MB globals, 20 P
gc 9104 @271.060s 0%: 0.051+1.5+0.014 ms clock, 1.0+0/2.2/0.001+0.29 ms cpu, 182->182->125 MB, 203 MB goal, 0 MB stacks, 0 MB globals, 20 P
gc 9105 @271.087s 0%: 0.025+7.7+0.004 ms clock, 0.51+0/8.4/0.089+0.080 ms cpu, 235->235->109 MB, 251 MB goal, 0 MB stacks, 0 MB globals, 20 P
gc 9106 @271.107s 0%: 0.078+0.68+0.003 ms clock, 1.5+0/1.2/0+0.074 ms cpu, 195->195->108 MB, 218 MB goal, 0 MB stacks, 0 MB globals, 20 P
gc 9107 @271.142s 0%: 0.035+6.5+0.008 ms clock, 0.71+0/7.3/0.003+0.17 ms cpu, 204->204->112 MB, 217 MB goal, 0 MB stacks, 0 MB globals, 20 P
gc 9108 @271.181s 0%: 0.021+0.54+0.007 ms clock, 0.43+0.038/1.0/0.009+0.15 ms cpu, 203->204->101 MB, 226 MB goal, 0 MB stacks, 0 MB globals, 20 P
gc 9109 @271.199s 0%: 0.025+0.87+0.003 ms clock, 0.51+0/1.2/0.017+0.066 ms cpu, 200->200->106 MB, 203 MB goal, 0 MB stacks, 0 MB globals, 20 P
gc 9110 @271.225s 0%: 0.027+3.9+0.092 ms clock, 0.54+0/4.5/0.024+1.8 ms cpu, 211->222->123 MB, 214 MB goal, 0 MB stacks, 0 MB globals, 20 P
gc 9111 @271.256s 0%: 0.021+3.6+0.004 ms clock, 0.42+0/3.9/0+0.096 ms cpu, 237->237->107 MB, 248 MB goal, 0 MB stacks, 0 MB globals, 20 P
gc 9112 @271.277s 0%: 0.022+0.49+0.005 ms clock, 0.44+0/0.73/0+0.11 ms cpu, 214->214->111 MB, 214 MB goal, 0 MB stacks, 0 MB globals, 20 P
gc 9113 @271.302s 0%: 0.023+2.1+0.004 ms clock, 0.47+0/2.4/0+0.095 ms cpu, 217->217->94 MB, 223 MB goal, 0 MB stacks, 0 MB globals, 20 P
gc 9114 @271.321s 0%: 0.026+3.0+0.005 ms clock, 0.53+0/3.8/0.044+0.10 ms cpu, 186->186->98 MB, 189 MB goal, 0 MB stacks, 0 MB globals, 20 P
gc 9115 @271.344s 0%: 0.11+0.44+0.010 ms clock, 2.2+0/0.77/0+0.21 ms cpu, 195->195->111 MB, 197 MB goal, 0 MB stacks, 0 MB globals, 20 P
gc 9116 @271.360s 0%: 0.017+0.66+0.003 ms clock, 0.35+0/0.97/0.003+0.070 ms cpu, 217->217->94 MB, 223 MB goal, 0 MB stacks, 0 MB globals, 20 P
gc 9117 @271.374s 0%: 0.019+4.3+0.003 ms clock, 0.38+0/4.7/0+0.071 ms cpu, 186->186->98 MB, 189 MB goal, 0 MB stacks, 0 MB globals, 20 P
gc 9118 @271.394s 0%: 0.017+0.35+0.008 ms clock, 0.34+0/0.73/0+0.17 ms cpu, 195->195->111 MB, 197 MB goal, 0 MB stacks, 0 MB globals, 20 P
gc 9119 @271.411s 0%: 0.016+2.3+0.003 ms clock, 0.32+0/2.8/0.012+0.063 ms cpu, 217->217->94 MB, 223 MB goal, 0 MB stacks, 0 MB globals, 20 P
gc 9120 @271.424s 0%: 0.083+0.96+0.015 ms clock, 1.6+0/1.5/0+0.31 ms cpu, 186->186->98 MB, 189 MB goal, 0 MB stacks, 0 MB globals, 20 P
gc 9121 @271.434s 0%: 0.23+0.66+0.003 ms clock, 4.6+0.11/1.0/0+0.073 ms cpu, 188->188->101 MB, 197 MB goal, 0 MB stacks, 0 MB globals, 20 P
gc 9122 @271.443s 0%: 0.054+0.78+0.014 ms clock, 1.0+0/1.0/0+0.29 ms cpu, 193->196->116 MB, 203 MB goal, 0 MB stacks, 0 MB globals, 20 P
gc 9123 @271.455s 0%: 0.079+3.9+0.009 ms clock, 1.5+0/4.2/0+0.18 ms cpu, 245->245->127 MB, 245 MB goal, 0 MB stacks, 0 MB globals, 20 P
gc 9124 @271.468s 0%: 0.11+0.66+0.084 ms clock, 2.3+0/1.1/0+1.6 ms cpu, 256->256->120 MB, 257 MB goal, 0 MB stacks, 0 MB globals, 20 P
gc 9125 @271.481s 0%: 0.22+1.5+0.008 ms clock, 4.4+0.009/2.1/0+0.17 ms cpu, 238->238->105 MB, 241 MB goal, 0 MB stacks, 0 MB globals, 20 P
gc 9126 @271.491s 0%: 0.029+1.3+0.007 ms clock, 0.58+0.099/0.69/0+0.14 ms cpu, 201->216->110 MB, 212 MB goal, 0 MB stacks, 0 MB globals, 20 P
gc 9127 @271.500s 0%: 0.026+1.1+0.003 ms clock, 0.52+0.058/1.7/0+0.063 ms cpu, 208->212->107 MB, 221 MB goal, 0 MB stacks, 0 MB globals, 20 P
gc 9128 @271.508s 0%: 0.058+2.2+0.015 ms clock, 1.1+0/1.3/0+0.30 ms cpu, 200->204->120 MB, 214 MB goal, 0 MB stacks, 0 MB globals, 20 P
gc 9129 @271.519s 0%: 0.020+7.6+1.5 ms clock, 0.41+0/2.5/0+31 ms cpu, 227->266->149 MB, 240 MB goal, 0 MB stacks, 0 MB globals, 20 P
gc 9130 @271.539s 0%: 0.10+5.0+0.006 ms clock, 2.0+0/1.4/0+0.13 ms cpu, 269->291->124 MB, 299 MB goal, 0 MB stacks, 0 MB globals, 20 P
gc 9131 @271.552s 0%: 0.032+0.52+0.017 ms clock, 0.64+0/1.1/0.009+0.34 ms cpu, 215->215->119 MB, 249 MB goal, 0 MB stacks, 0 MB globals, 20 P
gc 9132 @271.560s 0%: 0.070+0.94+0.012 ms clock, 1.4+0/1.3/0+0.25 ms cpu, 208->208->98 MB, 239 MB goal, 0 MB stacks, 0 MB globals, 20 P
gc 9133 @271.570s 0%: 0.040+1.0+0.61 ms clock, 0.81+0/1.1/0+12 ms cpu, 174->185->114 MB, 198 MB goal, 0 MB stacks, 0 MB globals, 20 P
gc 9134 @271.577s 0%: 0.047+1.1+0.13 ms clock, 0.94+0/1.7/0+2.6 ms cpu, 197->208->137 MB, 228 MB goal, 0 MB stacks, 0 MB globals, 20 P
gc 9135 @271.593s 0%: 5.2+1.2+0.16 ms clock, 105+0/1.8/0.008+3.2 ms cpu, 240->251->122 MB, 276 MB goal, 0 MB stacks, 0 MB globals, 20 P
gc 9136 @271.613s 0%: 0.98+3.3+2.0 ms clock, 19+0/2.3/0+41 ms cpu, 226->258->137 MB, 245 MB goal, 0 MB stacks, 0 MB globals, 20 P
gc 9137 @271.629s 0%: 0.16+1.3+4.2 ms clock, 3.3+0/1.4/0+84 ms cpu, 248->270->123 MB, 274 MB goal, 0 MB stacks, 0 MB globals, 20 P
gc 9138 @271.642s 0%: 0.34+0.46+0.60 ms clock, 6.9+0.035/0.82/0.001+12 ms cpu, 215->225->104 MB, 247 MB goal, 0 MB stacks, 0 MB globals, 20 P
gc 9139 @271.653s 0%: 0.058+3.0+0.021 ms clock, 1.1+0/3.7/0.003+0.42 ms cpu, 185->185->121 MB, 210 MB goal, 0 MB stacks, 0 MB globals, 20 P
gc 9140 @271.671s 0%: 0.17+2.8+0.016 ms clock, 3.5+0/3.6/0.004+0.32 ms cpu, 225->225->129 MB, 244 MB goal, 0 MB stacks, 0 MB globals, 20 P
gc 9141 @271.685s 0%: 0.28+5.0+0.005 ms clock, 5.6+0/1.5/0+0.10 ms cpu, 232->267->145 MB, 259 MB goal, 0 MB stacks, 0 MB globals, 20 P
gc 9142 @271.705s 0%: 0.17+1.4+0.003 ms clock, 3.4+0/1.9/0+0.076 ms cpu, 264->272->121 MB, 290 MB goal, 0 MB stacks, 0 MB globals, 20 P
gc 9143 @271.719s 0%: 0.065+4.5+0.95 ms clock, 1.3+0/2.6/0.022+19 ms cpu, 210->246->139 MB, 243 MB goal, 0 MB stacks, 0 MB globals, 20 P
gc 9144 @271.733s 0%: 0.074+2.3+0.14 ms clock, 1.4+0/2.9/0+2.8 ms cpu, 250->264->158 MB, 279 MB goal, 0 MB stacks, 0 MB globals, 20 P
gc 9145 @271.750s 0%: 0.094+10+0.051 ms clock, 1.8+0/6.5/0+1.0 ms cpu, 287->314->157 MB, 317 MB goal, 0 MB stacks, 0 MB globals, 20 P
gc 9146 @271.771s 0%: 0.90+0.56+0.004 ms clock, 18+0/1.1/0+0.081 ms cpu, 282->282->127 MB, 315 MB goal, 0 MB stacks, 0 MB globals, 20 P
gc 9147 @271.780s 0%: 0.051+0.57+0.017 ms clock, 1.0+0.10/1.0/0.007+0.35 ms cpu, 219->220->141 MB, 255 MB goal, 0 MB stacks, 0 MB globals, 20 P
gc 9148 @271.789s 0%: 0.16+3.1+4.3 ms clock, 3.2+0/1.5/0+86 ms cpu, 251->279->162 MB, 282 MB goal, 0 MB stacks, 0 MB globals, 20 P
gc 9149 @271.810s 0%: 0.051+0.50+0.005 ms clock, 1.0+0/0.95/0+0.10 ms cpu, 293->293->129 MB, 325 MB goal, 0 MB stacks, 0 MB globals, 20 P
gc 9150 @271.819s 0%: 0.15+0.77+0.11 ms clock, 3.0+0/0.95/0.007+2.2 ms cpu, 225->229->144 MB, 259 MB goal, 0 MB stacks, 0 MB globals, 20 P
gc 9151 @271.832s 0%: 0.074+1.1+0.003 ms clock, 1.4+0.079/0.62/0+0.072 ms cpu, 266->272->133 MB, 289 MB goal, 0 MB stacks, 0 MB globals, 20 P
gc 9152 @271.843s 0%: 0.017+6.1+0.021 ms clock, 0.35+0/6.3/0+0.43 ms cpu, 253->293->166 MB, 267 MB goal, 0 MB stacks, 0 MB globals, 20 P
gc 9153 @271.861s 0%: 2.4+7.0+0.22 ms clock, 48+0/2.5/0+4.5 ms cpu, 299->335->160 MB, 333 MB goal, 0 MB stacks, 0 MB globals, 20 P
gc 9154 @271.884s 0%: 0.85+1.4+0.003 ms clock, 17+0/1.7/0+0.071 ms cpu, 284->292->130 MB, 321 MB goal, 0 MB stacks, 0 MB globals, 20 P
gc 9155 @271.895s 0%: 0.038+1.3+0.28 ms clock, 0.77+0/0.99/0+5.7 ms cpu, 227->243->129 MB, 261 MB goal, 0 MB stacks, 0 MB globals, 20 P
gc 9156 @271.902s 0%: 0.11+5.9+0.24 ms clock, 2.2+0/6.5/0+4.8 ms cpu, 234->262->164 MB, 260 MB goal, 0 MB stacks, 0 MB globals, 20 P
gc 9157 @271.927s 0%: 0.042+1.1+0.024 ms clock, 0.85+0/1.7/0+0.48 ms cpu, 288->288->142 MB, 329 MB goal, 0 MB stacks, 0 MB globals, 20 P
gc 9158 @271.940s 0%: 0.054+2.8+0.005 ms clock, 1.0+0/2.3/0+0.11 ms cpu, 248->272->140 MB, 285 MB goal, 0 MB stacks, 0 MB globals, 20 P
gc 9159 @271.951s 0%: 0.084+0.45+0.087 ms clock, 1.6+0.034/0.76/0+1.7 ms cpu, 254->254->150 MB, 280 MB goal, 0 MB stacks, 0 MB globals, 20 P
gc 9160 @271.963s 0%: 0.042+0.61+0.005 ms clock, 0.84+0/1.0/0+0.10 ms cpu, 275->275->143 MB, 301 MB goal, 0 MB stacks, 0 MB globals, 20 P
gc 9161 @271.973s 0%: 0.039+1.3+0.004 ms clock, 0.79+0/1.8/0+0.088 ms cpu, 267->269->151 MB, 287 MB goal, 0 MB stacks, 0 MB globals, 20 P
gc 9162 @271.983s 0%: 0.046+0.60+0.25 ms clock, 0.92+0/0.73/0+5.1 ms cpu, 274->278->141 MB, 303 MB goal, 0 MB stacks, 0 MB globals, 20 P
gc 9163 @271.994s 0%: 0.64+5.6+0.10 ms clock, 12+0/4.4/0+2.1 ms cpu, 262->288->161 MB, 283 MB goal, 0 MB stacks, 0 MB globals, 20 P
gc 9164 @272.015s 0%: 4.6+4.5+0.081 ms clock, 92+0/4.7/0+1.6 ms cpu, 302->315->149 MB, 323 MB goal, 0 MB stacks, 0 MB globals, 20 P
gc 9165 @272.037s 0%: 0.38+3.2+1.6 ms clock, 7.7+0/1.5/0+33 ms cpu, 281->304->149 MB, 298 MB goal, 0 MB stacks, 0 MB globals, 20 P
gc 9166 @272.054s 0%: 0.19+3.0+0.040 ms clock, 3.8+0/2.1/0+0.81 ms cpu, 279->298->140 MB, 299 MB goal, 0 MB stacks, 0 MB globals, 20 P
gc 9167 @272.068s 0%: 0.33+0.70+0.009 ms clock, 6.6+0/1.4/0.005+0.18 ms cpu, 255->257->116 MB, 281 MB goal, 0 MB stacks, 0 MB globals, 20 P
gc 9168 @272.081s 0%: 0.065+0.32+0.008 ms clock, 1.3+0.096/0.74/0+0.17 ms cpu, 207->208->104 MB, 234 MB goal, 0 MB stacks, 0 MB globals, 20 P
gc 9169 @272.087s 0%: 0.22+0.83+0.93 ms clock, 4.5+0/1.2/0.014+18 ms cpu, 192->205->133 MB, 209 MB goal, 0 MB stacks, 0 MB globals, 20 P
gc 9170 @272.101s 0%: 0.58+1.9+1.2 ms clock, 11+0/1.5/0+24 ms cpu, 246->262->127 MB, 267 MB goal, 0 MB stacks, 0 MB globals, 20 P
gc 9171 @272.110s 0%: 1.3+2.0+0.12 ms clock, 27+0/2.7/0+2.5 ms cpu, 238->266->164 MB, 255 MB goal, 0 MB stacks, 0 MB globals, 20 P
gc 9172 @272.130s 0%: 3.3+11+0.015 ms clock, 66+0/5.9/0+0.30 ms cpu, 305->335->163 MB, 328 MB goal, 0 MB stacks, 0 MB globals, 20 P
gc 9173 @272.156s 0%: 0.11+1.0+0.023 ms clock, 2.2+0/1.3/0+0.46 ms cpu, 305->320->146 MB, 326 MB goal, 0 MB stacks, 0 MB globals, 20 P
gc 9174 @272.168s 0%: 0.49+8.3+0.009 ms clock, 9.8+0.028/1.1/0+0.18 ms cpu, 265->318->178 MB, 294 MB goal, 0 MB stacks, 0 MB globals, 20 P
gc 9175 @272.188s 0%: 0.68+1.7+0.11 ms clock, 13+0/0.95/0+2.3 ms cpu, 305->329->151 MB, 357 MB goal, 0 MB stacks, 0 MB globals, 20 P
gc 9176 @272.199s 0%: 0.042+0.47+0.014 ms clock, 0.84+0/1.0/0+0.29 ms cpu, 262->262->147 MB, 304 MB goal, 0 MB stacks, 0 MB globals, 20 P
gc 9177 @272.207s 0%: 0.17+0.90+0.054 ms clock, 3.4+0/1.4/0+1.0 ms cpu, 258->258->150 MB, 294 MB goal, 0 MB stacks, 0 MB globals, 20 P
gc 9178 @272.223s 0%: 0.051+1.2+0.011 ms clock, 1.0+0/1.9/0+0.22 ms cpu, 265->265->155 MB, 301 MB goal, 0 MB stacks, 0 MB globals, 20 P
gc 9179 @272.233s 0%: 2.2+0.86+0.006 ms clock, 44+0/1.2/0.007+0.12 ms cpu, 270->270->131 MB, 310 MB goal, 0 MB stacks, 0 MB globals, 20 P
gc 9180 @272.242s 0%: 0.040+10+0.066 ms clock, 0.80+0/9.9/0+1.3 ms cpu, 242->273->193 MB, 263 MB goal, 0 MB stacks, 0 MB globals, 20 P
gc 9181 @272.270s 0%: 2.6+7.1+2.0 ms clock, 52+0/3.5/0+41 ms cpu, 340->373->164 MB, 387 MB goal, 0 MB stacks, 0 MB globals, 20 P
gc 9182 @272.292s 0%: 1.1+3.5+0.51 ms clock, 23+0/1.3/0+10 ms cpu, 282->325->171 MB, 329 MB goal, 0 MB stacks, 0 MB globals, 20 P
gc 9183 @272.307s 0%: 0.59+2.7+0.007 ms clock, 11+0/1.4/0+0.14 ms cpu, 295->320->152 MB, 343 MB goal, 0 MB stacks, 0 MB globals, 20 P
gc 9184 @272.320s 0%: 0.35+1.6+0.007 ms clock, 7.1+0/0.99/0+0.15 ms cpu, 263->281->138 MB, 304 MB goal, 0 MB stacks, 0 MB globals, 20 P
gc 9185 @272.337s 0%: 1.0+0.76+0.12 ms clock, 21+0/1.2/0+2.5 ms cpu, 237->242->134 MB, 278 MB goal, 0 MB stacks, 0 MB globals, 20 P
gc 9186 @272.353s 0%: 0.20+2.9+0.005 ms clock, 4.1+0/3.6/0.001+0.11 ms cpu, 233->241->139 MB, 270 MB goal, 0 MB stacks, 0 MB globals, 20 P
gc 9187 @272.366s 0%: 1.9+0.42+0.005 ms clock, 38+0.039/0.74/0+0.11 ms cpu, 237->239->113 MB, 278 MB goal, 0 MB stacks, 0 MB globals, 20 P
gc 9188 @272.374s 0%: 0.21+3.9+0.009 ms clock, 4.3+0/1.0/0+0.18 ms cpu, 204->225->136 MB, 227 MB goal, 0 MB stacks, 0 MB globals, 20 P
gc 9189 @272.390s 0%: 0.036+6.9+0.009 ms clock, 0.73+0/1.1/0+0.18 ms cpu, 259->274->134 MB, 274 MB goal, 0 MB stacks, 0 MB globals, 20 P
gc 9190 @272.407s 0%: 0.051+0.61+0.020 ms clock, 1.0+0/1.0/0+0.41 ms cpu, 250->250->129 MB, 270 MB goal, 0 MB stacks, 0 MB globals, 20 P
gc 9191 @272.418s 0%: 0.074+4.1+0.007 ms clock, 1.4+0/4.2/0.046+0.15 ms cpu, 246->246->140 MB, 259 MB goal, 0 MB stacks, 0 MB globals, 20 P
gc 9192 @272.436s 0%: 0.053+0.56+0.025 ms clock, 1.0+0/1.2/0+0.51 ms cpu, 273->273->134 MB, 281 MB goal, 0 MB stacks, 0 MB globals, 20 P
gc 9193 @272.449s 0%: 0.021+2.3+1.2 ms clock, 0.42+0/1.0/0+25 ms cpu, 252->274->143 MB, 268 MB goal, 0 MB stacks, 0 MB globals, 20 P
gc 9194 @272.464s 0%: 0.053+1.5+1.2 ms clock, 1.0+0/1.1/0+24 ms cpu, 268->279->122 MB, 288 MB goal, 0 MB stacks, 0 MB globals, 20 P
gc 9195 @272.479s 0%: 1.6+0.90+0.025 ms clock, 32+0.037/1.1/0+0.50 ms cpu, 222->240->131 MB, 245 MB goal, 0 MB stacks, 0 MB globals, 20 P
gc 9196 @272.495s 0%: 0.22+3.0+0.65 ms clock, 4.4+0/1.1/0+13 ms cpu, 246->276->137 MB, 263 MB goal, 0 MB stacks, 0 MB globals, 20 P
gc 9197 @272.509s 0%: 0.028+0.53+0.005 ms clock, 0.57+0.13/0.76/0+0.11 ms cpu, 244->251->108 MB, 274 MB goal, 0 MB stacks, 0 MB globals, 20 P
gc 9198 @272.513s 0%: 0.55+2.9+0.005 ms clock, 11+0/1.7/0+0.10 ms cpu, 187->213->144 MB, 216 MB goal, 0 MB stacks, 0 MB globals, 20 P
gc 9199 @272.527s 0%: 0.31+0.72+2.3 ms clock, 6.2+0/1.2/0+46 ms cpu, 262->272->124 MB, 288 MB goal, 0 MB stacks, 0 MB globals, 20 P
gc 9200 @272.539s 0%: 0.19+1.0+1.9 ms clock, 3.8+0.026/0.90/0+38 ms cpu, 218->230->117 MB, 248 MB goal, 0 MB stacks, 0 MB globals, 20 P
gc 9201 @272.548s 0%: 0.077+0.80+1.0 ms clock, 1.5+0/0.94/0+20 ms cpu, 210->222->147 MB, 234 MB goal, 0 MB stacks, 0 MB globals, 20 P
gc 9202 @272.564s 0%: 0.42+5.6+0.39 ms clock, 8.4+0/1.4/0+7.8 ms cpu, 276->301->145 MB, 294 MB goal, 0 MB stacks, 0 MB globals, 20 P
gc 9203 @272.581s 0%: 0.17+1.8+0.20 ms clock, 3.5+0/1.1/0+4.1 ms cpu, 265->285->135 MB, 291 MB goal, 0 MB stacks, 0 MB globals, 20 P
gc 9204 @272.592s 0%: 2.1+4.1+3.3 ms clock, 42+0/1.3/0+66 ms cpu, 248->297->159 MB, 271 MB goal, 0 MB stacks, 0 MB globals, 20 P
gc 9205 @272.611s 0%: 1.1+2.4+3.7 ms clock, 23+0/1.5/0+75 ms cpu, 277->308->143 MB, 319 MB goal, 0 MB stacks, 0 MB globals, 20 P
gc 9206 @272.630s 0%: 0.043+4.5+0.020 ms clock, 0.86+0/4.6/0+0.40 ms cpu, 245->283->187 MB, 286 MB goal, 0 MB stacks, 0 MB globals, 20 P
gc 9207 @272.651s 0%: 0.020+1.2+2.5 ms clock, 0.41+0.093/0.88/0+51 ms cpu, 329->346->140 MB, 376 MB goal, 0 MB stacks, 0 MB globals, 20 P
gc 9208 @272.663s 0%: 0.050+2.3+0.016 ms clock, 1.0+0/3.0/0+0.32 ms cpu, 256->256->144 MB, 281 MB goal, 0 MB stacks, 0 MB globals, 20 P
gc 9209 @272.675s 0%: 0.020+1.5+0.023 ms clock, 0.41+0.15/1.8/0+0.46 ms cpu, 246->280->143 MB, 289 MB goal, 0 MB stacks, 0 MB globals, 20 P
gc 9210 @272.686s 0%: 0.039+1.0+0.003 ms clock, 0.78+0/1.3/0+0.077 ms cpu, 252->255->122 MB, 287 MB goal, 0 MB stacks, 0 MB globals, 20 P
gc 9211 @272.695s 0%: 0.20+1.9+0.10 ms clock, 4.1+0/1.8/0+2.0 ms cpu, 221->237->138 MB, 245 MB goal, 0 MB stacks, 0 MB globals, 20 P
gc 9212 @272.708s 0%: 0.14+2.2+2.5 ms clock, 2.9+0/1.3/0+51 ms cpu, 242->262->122 MB, 277 MB goal, 0 MB stacks, 0 MB globals, 20 P
gc 9213 @272.723s 0%: 0.037+1.1+0.049 ms clock, 0.75+0/0.96/0+0.99 ms cpu, 214->219->124 MB, 244 MB goal, 0 MB stacks, 0 MB globals, 20 P
gc 9214 @272.732s 0%: 0.037+1.4+0.062 ms clock, 0.75+0/1.7/0+1.2 ms cpu, 222->222->121 MB, 248 MB goal, 0 MB stacks, 0 MB globals, 20 P
gc 9215 @272.744s 0%: 0.053+0.60+0.10 ms clock, 1.0+0/0.65/0+2.1 ms cpu, 225->229->116 MB, 244 MB goal, 0 MB stacks, 0 MB globals, 20 P
gc 9216 @272.754s 0%: 0.021+1.1+0.021 ms clock, 0.42+0.21/1.2/0+0.43 ms cpu, 219->231->123 MB, 234 MB goal, 0 MB stacks, 0 MB globals, 20 P
gc 9217 @272.765s 0%: 0.53+1.3+0.007 ms clock, 10+0/1.6/0.065+0.14 ms cpu, 230->235->111 MB, 246 MB goal, 0 MB stacks, 0 MB globals, 20 P
gc 9218 @272.776s 0%: 0.019+1.3+0.63 ms clock, 0.39+0.20/0.66/0.001+12 ms cpu, 214->227->119 MB, 223 MB goal, 0 MB stacks, 0 MB globals, 20 P
gc 9219 @272.787s 0%: 0.042+0.43+0.010 ms clock, 0.84+0/0.77/0.008+0.20 ms cpu, 229->229->144 MB, 238 MB goal, 0 MB stacks, 0 MB globals, 20 P
gc 9220 @272.799s 0%: 5.3+4.6+0.003 ms clock, 106+0/4.9/0+0.077 ms cpu, 285->285->122 MB, 288 MB goal, 0 MB stacks, 0 MB globals, 20 P
gc 9221 @272.822s 0%: 0.038+0.46+0.007 ms clock, 0.76+0/0.84/0+0.14 ms cpu, 231->234->125 MB, 245 MB goal, 0 MB stacks, 0 MB globals, 20 P
gc 9222 @272.831s 0%: 0.16+0.94+0.081 ms clock, 3.3+0/1.4/0+1.6 ms cpu, 245->245->134 MB, 251 MB goal, 0 MB stacks, 0 MB globals, 20 P
gc 9223 @272.843s 0%: 0.87+0.56+0.003 ms clock, 17+0/1.1/0+0.064 ms cpu, 256->256->117 MB, 268 MB goal, 0 MB stacks, 0 MB globals, 20 P
gc 9224 @272.856s 0%: 0.047+0.67+0.013 ms clock, 0.94+0/1.1/0+0.27 ms cpu, 227->227->132 MB, 234 MB goal, 0 MB stacks, 0 MB globals, 20 P
gc 9225 @272.866s 0%: 0.51+0.45+0.004 ms clock, 10+0/0.73/0+0.080 ms cpu, 253->253->114 MB, 265 MB goal, 0 MB stacks, 0 MB globals, 20 P
gc 9226 @272.876s 0%: 0.088+0.57+0.36 ms clock, 1.7+0.040/0.71/0+7.2 ms cpu, 215->220->104 MB, 228 MB goal, 0 MB stacks, 0 MB globals, 20 P
gc 9227 @272.883s 0%: 0.67+4.4+0.003 ms clock, 13+0/4.7/0+0.067 ms cpu, 198->198->120 MB, 209 MB goal, 0 MB stacks, 0 MB globals, 20 P
gc 9228 @272.899s 0%: 3.9+0.67+0.024 ms clock, 79+0.055/1.2/0+0.48 ms cpu, 228->230->110 MB, 241 MB goal, 0 MB stacks, 0 MB globals, 20 P
gc 9229 @272.913s 0%: 0.071+0.43+0.94 ms clock, 1.4+0/0.86/0.001+18 ms cpu, 212->215->127 MB, 220 MB goal, 0 MB stacks, 0 MB globals, 20 P
gc 9230 @272.929s 0%: 0.42+4.6+0.004 ms clock, 8.4+0/5.0/0+0.080 ms cpu, 261->261->110 MB, 261 MB goal, 0 MB stacks, 0 MB globals, 20 P
gc 9231 @272.946s 0%: 0.044+1.0+0.004 ms clock, 0.88+0.067/0.80/0+0.084 ms cpu, 218->221->108 MB, 221 MB goal, 0 MB stacks, 0 MB globals, 20 P
gc 9232 @272.957s 0%: 3.9+0.46+0.015 ms clock, 79+0.088/0.57/0+0.30 ms cpu, 211->213->110 MB, 217 MB goal, 0 MB stacks, 0 MB globals, 20 P
gc 9233 @272.970s 0%: 0.17+6.0+0.005 ms clock, 3.4+0/6.4/0.027+0.11 ms cpu, 217->217->115 MB, 220 MB goal, 0 MB stacks, 0 MB globals, 20 P
gc 9234 @272.988s 0%: 1.5+2.5+0.008 ms clock, 31+0/3.1/0+0.17 ms cpu, 229->229->105 MB, 231 MB goal, 0 MB stacks, 0 MB globals, 20 P
gc 9235 @272.999s 0%: 0.40+0.61+0.21 ms clock, 8.1+0/0.77/0+4.2 ms cpu, 211->225->149 MB, 211 MB goal, 0 MB stacks, 0 MB globals, 20 P
gc 9236 @273.019s 0%: 0.040+10+1.6 ms clock, 0.81+0/5.0/0+32 ms cpu, 285->333->181 MB, 298 MB goal, 0 MB stacks, 0 MB globals, 20 P
gc 9237 @273.044s 0%: 0.69+1.2+0.004 ms clock, 13+0/1.7/0+0.088 ms cpu, 326->333->123 MB, 362 MB goal, 0 MB stacks, 0 MB globals, 20 P
gc 9238 @273.052s 0%: 0.038+0.35+0.013 ms clock, 0.76+0/0.74/0+0.27 ms cpu, 212->212->157 MB, 247 MB goal, 0 MB stacks, 0 MB globals, 20 P
gc 9239 @273.061s 0%: 0.52+1.5+0.003 ms clock, 10+0/2.1/0+0.079 ms cpu, 276->286->134 MB, 315 MB goal, 0 MB stacks, 0 MB globals, 20 P
gc 9240 @273.073s 0%: 0.039+0.88+0.015 ms clock, 0.79+0.058/1.5/0+0.31 ms cpu, 234->239->122 MB, 269 MB goal, 0 MB stacks, 0 MB globals, 20 P
gc 9241 @273.078s 0%: 0.030+1.5+0.023 ms clock, 0.61+0/1.9/0+0.47 ms cpu, 210->223->158 MB, 245 MB goal, 0 MB stacks, 0 MB globals, 20 P
gc 9242 @273.091s 0%: 0.045+2.1+0.009 ms clock, 0.91+0/2.3/0+0.18 ms cpu, 273->273->138 MB, 317 MB goal, 0 MB stacks, 0 MB globals, 20 P
gc 9243 @273.101s 0%: 0.13+0.39+0.25 ms clock, 2.6+0/0.74/0+5.0 ms cpu, 236->240->119 MB, 277 MB goal, 0 MB stacks, 0 MB globals, 20 P
gc 9244 @273.112s 0%: 0.066+0.51+0.081 ms clock, 1.3+0/0.70/0+1.6 ms cpu, 239->239->164 MB, 239 MB goal, 0 MB stacks, 0 MB globals, 20 P
gc 9245 @273.136s 0%: 0.094+3.2+0.008 ms clock, 1.8+0/3.6/0+0.16 ms cpu, 335->335->151 MB, 335 MB goal, 0 MB stacks, 0 MB globals, 20 P
gc 9246 @273.155s 0%: 0.038+2.6+0.015 ms clock, 0.76+0/2.8/0+0.31 ms cpu, 290->290->142 MB, 302 MB goal, 0 MB stacks, 0 MB globals, 20 P
gc 9247 @273.169s 0%: 0.046+1.8+0.013 ms clock, 0.93+0/0.87/0+0.27 ms cpu, 281->281->163 MB, 284 MB goal, 0 MB stacks, 0 MB globals, 20 P
gc 9248 @273.183s 0%: 4.2+3.1+0.14 ms clock, 85+0/2.1/0+2.8 ms cpu, 319->349->165 MB, 327 MB goal, 0 MB stacks, 0 MB globals, 20 P
gc 9249 @273.204s 0%: 0.076+1.1+0.021 ms clock, 1.5+0/1.4/0+0.43 ms cpu, 308->322->149 MB, 331 MB goal, 0 MB stacks, 0 MB globals, 20 P
gc 9250 @273.218s 0%: 0.57+5.7+0.83 ms clock, 11+0/1.2/0+16 ms cpu, 274->305->160 MB, 299 MB goal, 0 MB stacks, 0 MB globals, 20 P
gc 9251 @273.237s 0%: 0.067+0.90+0.004 ms clock, 1.3+0/1.2/0+0.086 ms cpu, 305->305->132 MB, 321 MB goal, 0 MB stacks, 0 MB globals, 20 P
gc 9252 @273.244s 0%: 0.047+0.59+0.082 ms clock, 0.95+0/0.74/0+1.6 ms cpu, 245->245->172 MB, 266 MB goal, 0 MB stacks, 0 MB globals, 20 P
gc 9253 @273.258s 0%: 0.78+1.5+0.078 ms clock, 15+0/1.7/0+1.5 ms cpu, 329->344->158 MB, 345 MB goal, 0 MB stacks, 0 MB globals, 20 P
gc 9254 @273.273s 0%: 0.036+0.96+0.007 ms clock, 0.73+0/1.2/0+0.15 ms cpu, 287->287->145 MB, 318 MB goal, 0 MB stacks, 0 MB globals, 20 P
gc 9255 @273.285s 0%: 0.70+0.46+0.050 ms clock, 14+0.031/0.64/0+1.0 ms cpu, 261->263->125 MB, 292 MB goal, 0 MB stacks, 0 MB globals, 20 P
gc 9256 @273.297s 0%: 0.48+1.7+0.004 ms clock, 9.6+0/1.8/0+0.082 ms cpu, 231->240->135 MB, 251 MB goal, 0 MB stacks, 0 MB globals, 20 P
gc 9257 @273.309s 0%: 0.17+0.46+0.61 ms clock, 3.4+0/0.91/0.002+12 ms cpu, 242->246->116 MB, 271 MB goal, 0 MB stacks, 0 MB globals, 20 P
gc 9258 @273.315s 0%: 0.68+3.7+0.031 ms clock, 13+0/2.5/0.073+0.63 ms cpu, 209->237->160 MB, 233 MB goal, 0 MB stacks, 0 MB globals, 20 P
gc 9259 @273.334s 0%: 0.10+3.8+0.10 ms clock, 2.1+0/4.2/0+2.1 ms cpu, 298->298->139 MB, 321 MB goal, 0 MB stacks, 0 MB globals, 20 P
gc 9260 @273.350s 0%: 0.037+1.0+0.048 ms clock, 0.74+0/1.1/0+0.97 ms cpu, 265->268->137 MB, 279 MB goal, 0 MB stacks, 0 MB globals, 20 P
gc 9261 @273.362s 0%: 0.76+1.8+0.022 ms clock, 15+0/1.9/0+0.45 ms cpu, 255->269->144 MB, 274 MB goal, 0 MB stacks, 0 MB globals, 20 P
gc 9262 @273.376s 0%: 1.0+0.73+0.006 ms clock, 21+0/0.82/0+0.12 ms cpu, 262->266->122 MB, 289 MB goal, 0 MB stacks, 0 MB globals, 20 P
gc 9263 @273.386s 0%: 0.043+0.45+0.080 ms clock, 0.87+0.034/0.62/0+1.6 ms cpu, 228->228->148 MB, 245 MB goal, 0 MB stacks, 0 MB globals, 20 P
gc 9264 @273.398s 0%: 1.6+0.38+0.013 ms clock, 33+0/0.74/0+0.27 ms cpu, 280->280->145 MB, 296 MB goal, 0 MB stacks, 0 MB globals, 20 P
gc 9265 @273.410s 0%: 0.024+3.9+1.5 ms clock, 0.48+0/3.6/0+30 ms cpu, 273->296->148 MB, 290 MB goal, 0 MB stacks, 0 MB globals, 20 P
gc 9266 @273.427s 0%: 0.020+1.0+0.006 ms clock, 0.41+0.025/0.82/0+0.13 ms cpu, 276->282->134 MB, 298 MB goal, 0 MB stacks, 0 MB globals, 20 P
gc 9267 @273.434s 0%: 0.037+2.3+0.012 ms clock, 0.74+0/2.9/0+0.25 ms cpu, 256->256->158 MB, 268 MB goal, 0 MB stacks, 0 MB globals, 20 P
gc 9268 @273.447s 0%: 1.0+0.95+0.023 ms clock, 21+0/1.4/0+0.47 ms cpu, 300->314->151 MB, 317 MB goal, 0 MB stacks, 0 MB globals, 20 P
gc 9269 @273.461s 0%: 0.29+2.0+0.49 ms clock, 5.8+0/1.3/0+9.9 ms cpu, 282->305->151 MB, 303 MB goal, 0 MB stacks, 0 MB globals, 20 P
gc 9270 @273.474s 0%: 0.54+0.68+0.003 ms clock, 10+0/1.1/0+0.078 ms cpu, 284->284->124 MB, 302 MB goal, 0 MB stacks, 0 MB globals, 20 P
gc 9271 @273.485s 0%: 0.13+0.82+0.26 ms clock, 2.7+0/1.2/0+5.3 ms cpu, 227->235->121 MB, 249 MB goal, 0 MB stacks, 0 MB globals, 20 P
gc 9272 @273.493s 0%: 0.047+0.50+0.079 ms clock, 0.94+0/0.82/0+1.5 ms cpu, 230->230->156 MB, 243 MB goal, 0 MB stacks, 0 MB globals, 20 P
gc 9273 @273.506s 0%: 0.084+4.8+0.008 ms clock, 1.6+0/5.1/0+0.17 ms cpu, 312->312->147 MB, 313 MB goal, 0 MB stacks, 0 MB globals, 20 P
gc 9274 @273.522s 0%: 0.020+0.93+0.005 ms clock, 0.41+0.70/0.96/0+0.10 ms cpu, 278->278->126 MB, 296 MB goal, 0 MB stacks, 0 MB globals, 20 P
gc 9275 @273.533s 0%: 0.11+1.2+0.006 ms clock, 2.2+0.026/0.80/0+0.13 ms cpu, 232->242->124 MB, 253 MB goal, 0 MB stacks, 0 MB globals, 20 P
gc 9276 @273.542s 0%: 4.6+2.5+0.019 ms clock, 92+0/2.8/0.001+0.39 ms cpu, 234->248->149 MB, 248 MB goal, 0 MB stacks, 0 MB globals, 20 P
gc 9277 @273.562s 0%: 2.0+7.5+3.3 ms clock, 41+0/4.9/0+67 ms cpu, 282->308->156 MB, 299 MB goal, 0 MB stacks, 0 MB globals, 20 P
gc 9278 @273.586s 0%: 0.76+3.1+0.54 ms clock, 15+0/2.2/0+10 ms cpu, 288->316->154 MB, 313 MB goal, 0 MB stacks, 0 MB globals, 20 P
gc 9279 @273.602s 0%: 0.19+1.5+0.41 ms clock, 3.8+0/1.1/0+8.2 ms cpu, 281->296->138 MB, 308 MB goal, 0 MB stacks, 0 MB globals, 20 P
gc 9280 @273.615s 0%: 0.11+0.34+0.018 ms clock, 2.2+0.028/0.77/0+0.37 ms cpu, 249->251->115 MB, 276 MB goal, 0 MB stacks, 0 MB globals, 20 P
gc 9281 @273.620s 0%: 0.22+4.5+0.091 ms clock, 4.5+0/1.4/0+1.8 ms cpu, 208->246->169 MB, 230 MB goal, 0 MB stacks, 0 MB globals, 20 P
gc 9282 @273.642s 0%: 0.81+8.0+2.1 ms clock, 16+0/4.7/0+42 ms cpu, 307->338->166 MB, 339 MB goal, 0 MB stacks, 0 MB globals, 20 P
gc 9283 @273.665s 0%: 0.17+1.1+0.021 ms clock, 3.4+0/1.5/0+0.43 ms cpu, 305->317->143 MB, 333 MB goal, 0 MB stacks, 0 MB globals, 20 P
gc 9284 @273.676s 0%: 0.17+6.2+0.47 ms clock, 3.4+0/1.2/0+9.4 ms cpu, 251->297->168 MB, 287 MB goal, 0 MB stacks, 0 MB globals, 20 P
gc 9285 @273.694s 0%: 0.020+1.3+0.89 ms clock, 0.40+0/1.0/0.013+17 ms cpu, 303->313->140 MB, 336 MB goal, 0 MB stacks, 0 MB globals, 20 P
gc 9286 @273.704s 0%: 0.034+0.69+0.011 ms clock, 0.69+0.030/0.81/0+0.23 ms cpu, 239->242->138 MB, 281 MB goal, 0 MB stacks, 0 MB globals, 20 P
gc 9287 @273.713s 0%: 0.052+0.91+0.24 ms clock, 1.0+0/1.0/0.067+4.9 ms cpu, 236->242->143 MB, 277 MB goal, 0 MB stacks, 0 MB globals, 20 P
gc 9288 @273.726s 0%: 0.056+1.1+0.012 ms clock, 1.1+0/1.8/0+0.25 ms cpu, 244->244->141 MB, 286 MB goal, 0 MB stacks, 0 MB globals, 20 P
gc 9289 @273.735s 0%: 0.12+2.9+0.11 ms clock, 2.4+0/3.3/0+2.2 ms cpu, 259->259->146 MB, 284 MB goal, 0 MB stacks, 0 MB globals, 20 P
gc 9290 @273.749s 0%: 0.21+6.0+3.3 ms clock, 4.2+0/2.9/0+66 ms cpu, 253->279->149 MB, 294 MB goal, 0 MB stacks, 0 MB globals, 20 P
gc 9291 @273.768s 0%: 0.029+0.49+0.23 ms clock, 0.59+0/0.94/0.002+4.7 ms cpu, 254->260->119 MB, 298 MB goal, 0 MB stacks, 0 MB globals, 20 P
gc 9292 @273.773s 0%: 0.53+6.3+0.38 ms clock, 10+0/1.7/0+7.7 ms cpu, 216->244->162 MB, 240 MB goal, 0 MB stacks, 0 MB globals, 20 P
gc 9293 @273.794s 0%: 0.021+7.4+0.90 ms clock, 0.43+0.23/3.3/0+18 ms cpu, 307->332->158 MB, 326 MB goal, 0 MB stacks, 0 MB globals, 20 P
gc 9294 @273.814s 0%: 0.51+2.2+0.77 ms clock, 10+0/1.3/0+15 ms cpu, 291->326->165 MB, 317 MB goal, 0 MB stacks, 0 MB globals, 20 P
gc 9295 @273.830s 0%: 0.73+0.50+0.005 ms clock, 14+0/0.72/0+0.10 ms cpu, 295->298->128 MB, 330 MB goal, 0 MB stacks, 0 MB globals, 20 P
gc 9296 @273.837s 0%: 0.98+0.61+0.088 ms clock, 19+0/0.82/0+1.7 ms cpu, 221->224->131 MB, 256 MB goal, 0 MB stacks, 0 MB globals, 20 P
gc 9297 @273.846s 0%: 0.054+0.69+0.17 ms clock, 1.0+0/0.97/0+3.5 ms cpu, 229->231->142 MB, 263 MB goal, 0 MB stacks, 0 MB globals, 20 P
gc 9298 @273.856s 0%: 0.042+0.77+0.028 ms clock, 0.85+0/1.1/0+0.56 ms cpu, 255->255->143 MB, 284 MB goal, 0 MB stacks, 0 MB globals, 20 P
gc 9299 @273.866s 0%: 0.12+5.9+0.020 ms clock, 2.5+0/3.9/0+0.41 ms cpu, 262->293->151 MB, 287 MB goal, 0 MB stacks, 0 MB globals, 20 P
gc 9300 @273.884s 0%: 0.022+1.6+3.1 ms clock, 0.45+0.090/1.1/0+62 ms cpu, 275->295->141 MB, 304 MB goal, 0 MB stacks, 0 MB globals, 20 P
gc 9301 @273.901s 0%: 0.030+5.3+0.006 ms clock, 0.60+0.052/1.7/0+0.13 ms cpu, 255->294->156 MB, 283 MB goal, 0 MB stacks, 0 MB globals, 20 P
gc 9302 @273.917s 0%: 0.018+0.75+0.58 ms clock, 0.36+0/1.2/0.015+11 ms cpu, 275->285->121 MB, 312 MB goal, 0 MB stacks, 0 MB globals, 20 P
gc 9303 @273.924s 0%: 0.10+1.2+0.009 ms clock, 2.0+0/1.7/0+0.19 ms cpu, 230->230->146 MB, 243 MB goal, 0 MB stacks, 0 MB globals, 20 P
gc 9304 @273.937s 0%: 1.4+0.43+0.003 ms clock, 28+0/0.76/0+0.074 ms cpu, 255->255->121 MB, 292 MB goal, 0 MB stacks, 0 MB globals, 20 P
gc 9305 @273.946s 0%: 0.032+1.5+0.005 ms clock, 0.64+0/2.1/0+0.10 ms cpu, 213->214->121 MB, 242 MB goal, 0 MB stacks, 0 MB globals, 20 P
gc 9306 @273.954s 0%: 0.070+1.5+0.025 ms clock, 1.4+0/1.7/0+0.51 ms cpu, 208->233->147 MB, 243 MB goal, 0 MB stacks, 0 MB globals, 20 P
gc 9307 @273.966s 0%: 0.039+0.83+0.013 ms clock, 0.78+0/1.1/0+0.26 ms cpu, 258->258->142 MB, 294 MB goal, 0 MB stacks, 0 MB globals, 20 P
gc 9308 @273.973s 0%: 0.040+0.78+0.039 ms clock, 0.81+0/1.3/0+0.78 ms cpu, 250->250->147 MB, 286 MB goal, 0 MB stacks, 0 MB globals, 20 P
gc 9309 @273.986s 0%: 0.59+6.1+5.3 ms clock, 11+0/0.97/0+106 ms cpu, 257->304->170 MB, 295 MB goal, 0 MB stacks, 0 MB globals, 20 P
gc 9310 @274.009s 0%: 1.3+0.46+0.002 ms clock, 27+0.028/0.64/0+0.059 ms cpu, 294->297->123 MB, 341 MB goal, 0 MB stacks, 0 MB globals, 20 P
gc 9311 @274.016s 0%: 0.030+2.7+0.003 ms clock, 0.60+0/3.0/0+0.075 ms cpu, 214->217->152 MB, 248 MB goal, 0 MB stacks, 0 MB globals, 20 P
gc 9312 @274.028s 0%: 0.033+0.48+0.10 ms clock, 0.66+0.028/0.67/0+2.0 ms cpu, 271->273->141 MB, 305 MB goal, 0 MB stacks, 0 MB globals, 20 P
gc 9313 @274.037s 0%: 0.091+0.84+0.080 ms clock, 1.8+0/1.1/0+1.6 ms cpu, 246->246->141 MB, 284 MB goal, 0 MB stacks, 0 MB globals, 20 P
gc 9314 @274.046s 0%: 0.038+1.1+3.1 ms clock, 0.77+0/1.3/0+63 ms cpu, 241->251->155 MB, 282 MB goal, 0 MB stacks, 0 MB globals, 20 P
gc 9315 @274.059s 0%: 0.060+10+3.0 ms clock, 1.2+0/5.0/0+60 ms cpu, 268->325->178 MB, 312 MB goal, 0 MB stacks, 0 MB globals, 20 P
gc 9316 @274.086s 0%: 0.39+11+0.017 ms clock, 7.8+0/1.8/0.11+0.35 ms cpu, 308->355->171 MB, 357 MB goal, 0 MB stacks, 0 MB globals, 20 P
gc 9317 @274.108s 0%: 0.036+0.64+0.55 ms clock, 0.73+0/1.1/0.001+11 ms cpu, 304->310->141 MB, 343 MB goal, 0 MB stacks, 0 MB globals, 20 P
gc 9318 @274.119s 0%: 0.040+0.73+0.44 ms clock, 0.80+0/1.1/0+8.8 ms cpu, 241->248->147 MB, 283 MB goal, 0 MB stacks, 0 MB globals, 20 P
gc 9319 @274.131s 0%: 0.061+1.5+0.014 ms clock, 1.2+0/2.0/0+0.28 ms cpu, 257->257->145 MB, 295 MB goal, 0 MB stacks, 0 MB globals, 20 P
gc 9320 @274.144s 0%: 0.10+3.3+0.18 ms clock, 2.0+0/4.2/0.060+3.7 ms cpu, 255->283->152 MB, 291 MB goal, 0 MB stacks, 0 MB globals, 20 P
gc 9321 @274.164s 0%: 0.019+0.61+0.003 ms clock, 0.39+0/0.99/0+0.079 ms cpu, 261->264->118 MB, 304 MB goal, 0 MB stacks, 0 MB globals, 20 P
gc 9322 @274.169s 0%: 0.37+1.5+0.080 ms clock, 7.5+0/1.9/0+1.6 ms cpu, 217->229->147 MB, 237 MB goal, 0 MB stacks, 0 MB globals, 20 P
gc 9323 @274.184s 0%: 0.55+10+0.10 ms clock, 11+0/4.8/0+2.1 ms cpu, 280->304->155 MB, 296 MB goal, 0 MB stacks, 0 MB globals, 20 P
gc 9324 @274.207s 0%: 0.22+9.7+0.52 ms clock, 4.5+0/4.8/0+10 ms cpu, 293->321->157 MB, 310 MB goal, 0 MB stacks, 0 MB globals, 20 P
gc 9325 @274.229s 0%: 0.83+0.99+0.003 ms clock, 16+0/1.5/0+0.077 ms cpu, 297->297->129 MB, 315 MB goal, 0 MB stacks, 0 MB globals, 20 P
gc 9326 @274.241s 0%: 0.033+1.0+0.016 ms clock, 0.66+0/0.91/0.022+0.33 ms cpu, 234->241->125 MB, 259 MB goal, 0 MB stacks, 0 MB globals, 20 P
gc 9327 @274.247s 0%: 0.78+2.7+0.028 ms clock, 15+0/1.9/0.015+0.56 ms cpu, 228->258->166 MB, 251 MB goal, 0 MB stacks, 0 MB globals, 20 P
gc 9328 @274.263s 0%: 3.1+10+0.044 ms clock, 62+0/5.1/0+0.88 ms cpu, 306->351->181 MB, 333 MB goal, 0 MB stacks, 0 MB globals, 20 P
gc 9329 @274.288s 0%: 0.76+1.2+0.035 ms clock, 15+0/1.7/0+0.70 ms cpu, 320->336->152 MB, 362 MB goal, 0 MB stacks, 0 MB globals, 20 P
gc 9330 @274.301s 0%: 0.45+2.0+4.1 ms clock, 9.1+0/1.0/0.007+82 ms cpu, 262->291->155 MB, 305 MB goal, 0 MB stacks, 0 MB globals, 20 P
gc 9331 @274.320s 0%: 0.044+1.0+0.014 ms clock, 0.88+0.093/0.83/0+0.29 ms cpu, 270->278->128 MB, 312 MB goal, 0 MB stacks, 0 MB globals, 20 P
gc 9332 @274.327s 0%: 0.49+1.8+0.086 ms clock, 9.9+0/2.0/0+1.7 ms cpu, 224->250->164 MB, 257 MB goal, 0 MB stacks, 0 MB globals, 20 P
gc 9333 @274.341s 0%: 3.1+7.7+0.080 ms clock, 63+0/2.2/0+1.6 ms cpu, 289->323->165 MB, 329 MB goal, 0 MB stacks, 0 MB globals, 20 P
gc 9334 @274.363s 0%: 0.21+0.60+0.003 ms clock, 4.3+0/1.1/0+0.067 ms cpu, 303->303->128 MB, 331 MB goal, 0 MB stacks, 0 MB globals, 20 P
gc 9335 @274.373s 0%: 0.080+0.64+0.018 ms clock, 1.6+0.073/1.0/0+0.37 ms cpu, 223->227->116 MB, 257 MB goal, 0 MB stacks, 0 MB globals, 20 P
gc 9336 @274.379s 0%: 0.62+1.0+0.10 ms clock, 12+0/1.3/0+2.1 ms cpu, 205->227->153 MB, 232 MB goal, 0 MB stacks, 0 MB globals, 20 P
gc 9337 @274.395s 0%: 0.044+3.5+0.009 ms clock, 0.89+0/4.0/0+0.18 ms cpu, 274->274->154 MB, 306 MB goal, 0 MB stacks, 0 MB globals, 20 P
gc 9338 @274.407s 0%: 0.63+7.6+0.16 ms clock, 12+0/7.1/0+3.2 ms cpu, 286->309->156 MB, 308 MB goal, 0 MB stacks, 0 MB globals, 20 P
gc 9339 @274.432s 0%: 0.022+3.3+0.008 ms clock, 0.45+0.15/1.5/0+0.17 ms cpu, 282->305->148 MB, 312 MB goal, 0 MB stacks, 0 MB globals, 20 P
gc 9340 @274.445s 0%: 0.036+1.2+0.012 ms clock, 0.72+0/1.6/0.006+0.24 ms cpu, 272->272->149 MB, 298 MB goal, 0 MB stacks, 0 MB globals, 20 P
gc 9341 @274.455s 0%: 0.042+0.64+0.096 ms clock, 0.85+0/0.73/0+1.9 ms cpu, 276->281->142 MB, 299 MB goal, 0 MB stacks, 0 MB globals, 20 P
gc 9342 @274.467s 0%: 0.058+1.0+0.005 ms clock, 1.1+0/1.5/0+0.11 ms cpu, 263->270->124 MB, 285 MB goal, 0 MB stacks, 0 MB globals, 20 P
gc 9343 @274.475s 0%: 0.040+0.30+0.026 ms clock, 0.80+0.047/0.64/0+0.53 ms cpu, 227->228->135 MB, 248 MB goal, 0 MB stacks, 0 MB globals, 20 P
gc 9344 @274.484s 0%: 0.042+0.58+0.024 ms clock, 0.84+0/1.1/0.050+0.48 ms cpu, 257->257->141 MB, 271 MB goal, 0 MB stacks, 0 MB globals, 20 P
gc 9345 @274.496s 0%: 0.057+0.58+0.086 ms clock, 1.1+0/0.85/0.001+1.7 ms cpu, 263->265->133 MB, 283 MB goal, 0 MB stacks, 0 MB globals, 20 P
gc 9346 @274.508s 0%: 0.75+1.8+0.003 ms clock, 15+0/2.1/0+0.066 ms cpu, 260->260->117 MB, 266 MB goal, 0 MB stacks, 0 MB globals, 20 P
gc 9347 @274.520s 0%: 0.10+0.37+0.045 ms clock, 2.1+0.073/0.68/0+0.90 ms cpu, 227->230->137 MB, 234 MB goal, 0 MB stacks, 0 MB globals, 20 P
gc 9348 @274.530s 0%: 0.065+1.2+0.14 ms clock, 1.3+0/1.5/0.001+2.8 ms cpu, 277->277->146 MB, 278 MB goal, 0 MB stacks, 0 MB globals, 20 P
gc 9349 @274.545s 0%: 0.073+3.0+0.004 ms clock, 1.4+0/3.3/0.067+0.087 ms cpu, 288->288->125 MB, 292 MB goal, 0 MB stacks, 0 MB globals, 20 P
gc 9350 @274.560s 0%: 0.049+1.7+0.003 ms clock, 0.98+0/2.2/0+0.075 ms cpu, 250->253->117 MB, 252 MB goal, 0 MB stacks, 0 MB globals, 20 P
gc 9351 @274.569s 0%: 0.053+1.6+0.009 ms clock, 1.0+0/2.1/0+0.18 ms cpu, 245->245->152 MB, 245 MB goal, 0 MB stacks, 0 MB globals, 20 P
gc 9352 @274.586s 0%: 0.048+3.1+0.005 ms clock, 0.97+0/1.5/0+0.11 ms cpu, 308->308->148 MB, 308 MB goal, 0 MB stacks, 0 MB globals, 20 P
gc 9353 @274.603s 0%: 0.37+1.2+0.10 ms clock, 7.4+0/2.0/0.028+2.1 ms cpu, 302->302->131 MB, 302 MB goal, 0 MB stacks, 0 MB globals, 20 P
gc 9354 @274.614s 0%: 0.067+2.8+0.006 ms clock, 1.3+0.054/0.78/0+0.13 ms cpu, 268->278->143 MB, 268 MB goal, 0 MB stacks, 0 MB globals, 20 P
gc 9355 @274.630s 0%: 0.038+2.1+0.10 ms clock, 0.76+0.10/0.74/0+2.0 ms cpu, 276->285->127 MB, 286 MB goal, 0 MB stacks, 0 MB globals, 20 P
gc 9356 @274.640s 0%: 0.040+1.6+0.025 ms clock, 0.80+0/2.0/0+0.50 ms cpu, 267->267->159 MB, 267 MB goal, 0 MB stacks, 0 MB globals, 20 P
gc 9357 @274.658s 0%: 0.041+2.4+0.005 ms clock, 0.82+0/2.9/0.028+0.10 ms cpu, 316->316->153 MB, 318 MB goal, 0 MB stacks, 0 MB globals, 20 P
gc 9358 @274.670s 0%: 0.042+0.86+0.013 ms clock, 0.85+0.034/0.85/0+0.26 ms cpu, 297->303->149 MB, 307 MB goal, 0 MB stacks, 0 MB globals, 20 P
gc 9359 @274.682s 0%: 0.019+1.4+0.015 ms clock, 0.39+0/1.6/0+0.31 ms cpu, 292->308->141 MB, 299 MB goal, 0 MB stacks, 0 MB globals, 20 P
gc 9360 @274.694s 0%: 0.58+1.1+0.005 ms clock, 11+0/1.4/0.004+0.10 ms cpu, 274->274->137 MB, 282 MB goal, 0 MB stacks, 0 MB globals, 20 P
gc 9361 @274.705s 0%: 0.24+5.7+0.004 ms clock, 4.9+0/1.5/0+0.098 ms cpu, 261->292->155 MB, 276 MB goal, 0 MB stacks, 0 MB globals, 20 P
gc 9362 @274.722s 0%: 0.21+1.1+2.9 ms clock, 4.3+0/1.3/0+59 ms cpu, 280->298->138 MB, 311 MB goal, 0 MB stacks, 0 MB globals, 20 P
gc 9363 @274.735s 0%: 0.018+0.69+0.010 ms clock, 0.37+0/1.1/0+0.20 ms cpu, 247->251->114 MB, 276 MB goal, 0 MB stacks, 0 MB globals, 20 P
gc 9364 @274.740s 0%: 0.60+5.9+0.063 ms clock, 12+0/5.2/0+1.2 ms cpu, 209->236->157 MB, 230 MB goal, 0 MB stacks, 0 MB globals, 20 P
gc 9365 @274.762s 0%: 0.021+1.9+0.082 ms clock, 0.42+0.15/0.64/0+1.6 ms cpu, 295->307->152 MB, 314 MB goal, 0 MB stacks, 0 MB globals, 20 P
gc 9366 @274.775s 0%: 0.040+2.6+0.033 ms clock, 0.80+0/1.6/0+0.67 ms cpu, 277->301->154 MB, 305 MB goal, 0 MB stacks, 0 MB globals, 20 P
gc 9367 @274.790s 0%: 0.037+1.5+0.64 ms clock, 0.74+0.083/1.2/0.003+12 ms cpu, 287->303->138 MB, 310 MB goal, 0 MB stacks, 0 MB globals, 20 P
gc 9368 @274.805s 0%: 0.016+0.74+0.16 ms clock, 0.32+0/0.77/0+3.3 ms cpu, 250->253->115 MB, 276 MB goal, 0 MB stacks, 0 MB globals, 20 P
gc 9369 @274.812s 0%: 1.1+2.2+3.1 ms clock, 23+0/1.3/0+63 ms cpu, 205->231->156 MB, 230 MB goal, 0 MB stacks, 0 MB globals, 20 P
gc 9370 @274.836s 0%: 1.2+2.1+2.6 ms clock, 25+0/1.4/0+53 ms cpu, 296->321->155 MB, 313 MB goal, 0 MB stacks, 0 MB globals, 20 P
gc 9371 @274.854s 0%: 0.34+2.8+0.61 ms clock, 6.8+0/2.0/0.015+12 ms cpu, 290->317->151 MB, 311 MB goal, 0 MB stacks, 0 MB globals, 20 P
gc 9372 @274.868s 0%: 0.10+0.87+0.22 ms clock, 2.0+0/1.4/0.002+4.4 ms cpu, 282->287->126 MB, 304 MB goal, 0 MB stacks, 0 MB globals, 20 P
gc 9373 @274.876s 0%: 0.022+1.7+0.009 ms clock, 0.45+0.22/0.53/0+0.18 ms cpu, 228->243->169 MB, 252 MB goal, 0 MB stacks, 0 MB globals, 20 P
gc 9374 @274.890s 0%: 3.0+3.9+0.048 ms clock, 61+0/4.3/0+0.96 ms cpu, 312->326->151 MB, 339 MB goal, 0 MB stacks, 0 MB globals, 20 P
gc 9375 @274.911s 0%: 0.97+3.6+3.6 ms clock, 19+0/1.6/0+72 ms cpu, 284->335->182 MB, 303 MB goal, 0 MB stacks, 0 MB globals, 20 P
gc 9376 @274.932s 0%: 0.94+2.1+0.029 ms clock, 18+0/2.1/0+0.58 ms cpu, 319->348->159 MB, 365 MB goal, 0 MB stacks, 0 MB globals, 20 P
gc 9377 @274.946s 0%: 0.10+1.1+0.003 ms clock, 2.0+0/1.4/0+0.071 ms cpu, 278->284->131 MB, 318 MB goal, 0 MB stacks, 0 MB globals, 20 P
gc 9378 @274.956s 0%: 0.046+0.63+0.077 ms clock, 0.92+0/0.82/0.10+1.5 ms cpu, 226->229->113 MB, 264 MB goal, 0 MB stacks, 0 MB globals, 20 P
gc 9379 @274.962s 0%: 0.19+1.7+0.024 ms clock, 3.9+0/1.8/0+0.48 ms cpu, 204->224->149 MB, 227 MB goal, 0 MB stacks, 0 MB globals, 20 P
gc 9380 @274.973s 0%: 0.10+1.2+0.006 ms clock, 2.1+0/1.8/0+0.13 ms cpu, 255->262->127 MB, 298 MB goal, 0 MB stacks, 0 MB globals, 20 P
gc 9381 @274.982s 0%: 0.041+0.49+0.024 ms clock, 0.83+0/1.1/0+0.49 ms cpu, 227->232->139 MB, 254 MB goal, 0 MB stacks, 0 MB globals, 20 P
gc 9382 @274.993s 0%: 0.041+4.7+0.005 ms clock, 0.82+0.006/5.2/0+0.11 ms cpu, 269->274->150 MB, 279 MB goal, 0 MB stacks, 0 MB globals, 20 P
gc 9383 @275.008s 0%: 1.8+0.69+0.078 ms clock, 37+0/1.2/0+1.5 ms cpu, 286->300->140 MB, 301 MB goal, 0 MB stacks, 0 MB globals, 20 P
gc 9384 @275.023s 0%: 0.33+0.63+0.005 ms clock, 6.6+0/1.0/0.003+0.11 ms cpu, 264->264->116 MB, 280 MB goal, 0 MB stacks, 0 MB globals, 20 P
gc 9385 @275.031s 0%: 0.074+0.49+0.077 ms clock, 1.4+0/0.74/0+1.5 ms cpu, 237->237->163 MB, 237 MB goal, 0 MB stacks, 0 MB globals, 20 P
gc 9386 @275.050s 0%: 0.019+0.44+0.006 ms clock, 0.39+0.15/0.59/0.001+0.12 ms cpu, 318->318->147 MB, 327 MB goal, 0 MB stacks, 0 MB globals, 20 P
gc 9387 @275.066s 0%: 0.039+0.62+0.010 ms clock, 0.79+0/1.1/0+0.21 ms cpu, 276->276->138 MB, 295 MB goal, 0 MB stacks, 0 MB globals, 20 P
gc 9388 @275.075s 0%: 1.5+1.5+0.003 ms clock, 31+0/2.1/0.040+0.066 ms cpu, 272->272->136 MB, 276 MB goal, 0 MB stacks, 0 MB globals, 20 P
gc 9389 @275.091s 0%: 0.67+2.2+0.006 ms clock, 13+0.006/1.6/0+0.12 ms cpu, 256->275->144 MB, 273 MB goal, 0 MB stacks, 0 MB globals, 20 P
gc 9390 @275.106s 0%: 0.19+3.3+0.53 ms clock, 3.9+0/1.4/0+10 ms cpu, 271->291->139 MB, 289 MB goal, 0 MB stacks, 0 MB globals, 20 P
gc 9391 @275.118s 0%: 0.043+0.51+0.016 ms clock, 0.87+0/0.80/0.002+0.32 ms cpu, 268->268->171 MB, 279 MB goal, 0 MB stacks, 0 MB globals, 20 P
gc 9392 @275.133s 0%: 0.097+4.5+0.005 ms clock, 1.9+0/4.9/0.052+0.11 ms cpu, 326->329->158 MB, 343 MB goal, 0 MB stacks, 0 MB globals, 20 P
gc 9393 @275.147s 0%: 0.038+1.1+0.017 ms clock, 0.77+0/1.8/0+0.35 ms cpu, 298->298->147 MB, 316 MB goal, 0 MB stacks, 0 MB globals, 20 P
gc 9394 @275.160s 0%: 0.22+0.54+0.012 ms clock, 4.5+0.035/0.69/0+0.24 ms cpu, 275->278->126 MB, 295 MB goal, 0 MB stacks, 0 MB globals, 20 P
gc 9395 @275.167s 0%: 0.034+1.7+0.009 ms clock, 0.68+0/2.1/0+0.19 ms cpu, 239->239->158 MB, 253 MB goal, 0 MB stacks, 0 MB globals, 20 P
gc 9396 @275.183s 0%: 0.034+5.9+0.009 ms clock, 0.68+5.7/0.70/0.002+0.19 ms cpu, 301->301->139 MB, 318 MB goal, 0 MB stacks, 0 MB globals, 20 P
gc 9397 @275.199s 0%: 0.062+2.5+0.51 ms clock, 1.2+0/1.7/0.001+10 ms cpu, 260->288->152 MB, 278 MB goal, 0 MB stacks, 0 MB globals, 20 P
gc 9398 @275.214s 0%: 0.019+1.4+0.003 ms clock, 0.39+0.057/1.2/0+0.073 ms cpu, 283->301->134 MB, 306 MB goal, 0 MB stacks, 0 MB globals, 20 P
gc 9399 @275.226s 0%: 0.063+1.0+0.006 ms clock, 1.2+0/1.1/0.010+0.13 ms cpu, 243->248->117 MB, 269 MB goal, 0 MB stacks, 0 MB globals, 20 P
gc 9400 @275.233s 0%: 0.057+1.7+0.010 ms clock, 1.1+0/2.1/0.018+0.20 ms cpu, 208->208->141 MB, 235 MB goal, 0 MB stacks, 0 MB globals, 20 P
gc 9401 @275.247s 0%: 0.41+2.9+7.6 ms clock, 8.3+0/2.3/0+152 ms cpu, 259->287->148 MB, 282 MB goal, 0 MB stacks, 0 MB globals, 20 P
gc 9402 @275.269s 0%: 0.019+1.1+0.003 ms clock, 0.38+0/1.4/0+0.064 ms cpu, 274->279->120 MB, 298 MB goal, 0 MB stacks, 0 MB globals, 20 P
gc 9403 @275.276s 0%: 0.036+1.3+0.010 ms clock, 0.73+0/1.6/0+0.21 ms cpu, 219->219->147 MB, 240 MB goal, 0 MB stacks, 0 MB globals, 20 P
gc 9404 @275.287s 0%: 0.13+3.0+0.089 ms clock, 2.7+0/1.8/0+1.7 ms cpu, 281->301->146 MB, 294 MB goal, 0 MB stacks, 0 MB globals, 20 P
gc 9405 @275.304s 0%: 0.18+0.46+0.004 ms clock, 3.7+0/0.88/0+0.089 ms cpu, 267->270->121 MB, 293 MB goal, 0 MB stacks, 0 MB globals, 20 P
gc 9406 @275.310s 0%: 0.036+1.3+0.009 ms clock, 0.73+0/1.7/0+0.18 ms cpu, 229->229->152 MB, 244 MB goal, 0 MB stacks, 0 MB globals, 20 P
gc 9407 @275.324s 0%: 0.073+1.7+0.046 ms clock, 1.4+0/2.1/0+0.93 ms cpu, 285->299->148 MB, 305 MB goal, 0 MB stacks, 0 MB globals, 20 P
gc 9408 @275.338s 0%: 0.019+1.3+0.004 ms clock, 0.38+0/1.5/0+0.091 ms cpu, 273->276->132 MB, 296 MB goal, 0 MB stacks, 0 MB globals, 20 P
gc 9409 @275.350s 0%: 0.060+0.61+0.29 ms clock, 1.2+0/1.5/0+5.8 ms cpu, 245->247->144 MB, 265 MB goal, 0 MB stacks, 0 MB globals, 20 P
gc 9410 @275.363s 0%: 0.034+0.73+0.008 ms clock, 0.69+0/1.1/0.014+0.16 ms cpu, 270->270->150 MB, 289 MB goal, 0 MB stacks, 0 MB globals, 20 P
gc 9411 @275.374s 0%: 0.16+9.2+0.011 ms clock, 3.2+0/10/0.009+0.23 ms cpu, 280->280->157 MB, 301 MB goal, 0 MB stacks, 0 MB globals, 20 P
gc 9412 @275.394s 0%: 0.064+3.9+0.032 ms clock, 1.2+0/4.1/0+0.64 ms cpu, 312->312->150 MB, 315 MB goal, 0 MB stacks, 0 MB globals, 20 P
gc 9413 @275.409s 0%: 0.019+3.3+0.005 ms clock, 0.39+0.16/3.7/0+0.10 ms cpu, 294->294->129 MB, 301 MB goal, 0 MB stacks, 0 MB globals, 20 P
gc 9414 @275.426s 0%: 0.041+1.4+0.015 ms clock, 0.83+0/1.8/0+0.30 ms cpu, 257->257->146 MB, 259 MB goal, 0 MB stacks, 0 MB globals, 20 P
gc 9415 @275.438s 0%: 1.5+3.9+0.088 ms clock, 31+0/4.2/0+1.7 ms cpu, 288->302->145 MB, 294 MB goal, 0 MB stacks, 0 MB globals, 20 P
gc 9416 @275.456s 0%: 0.020+1.4+0.006 ms clock, 0.41+0/1.7/0+0.13 ms cpu, 283->283->135 MB, 291 MB goal, 0 MB stacks, 0 MB globals, 20 P
gc 9417 @275.469s 0%: 0.63+2.8+2.0 ms clock, 12+0/2.5/0+41 ms cpu, 262->280->137 MB, 271 MB goal, 0 MB stacks, 0 MB globals, 20 P
gc 9418 @275.485s 0%: 0.12+2.0+0.14 ms clock, 2.5+0/0.82/0+2.8 ms cpu, 258->268->121 MB, 276 MB goal, 0 MB stacks, 0 MB globals, 20 P
gc 9419 @275.493s 0%: 0.16+4.5+0.007 ms clock, 3.3+0/1.8/0.006+0.15 ms cpu, 225->241->149 MB, 242 MB goal, 0 MB stacks, 0 MB globals, 20 P
gc 9420 @275.509s 0%: 3.6+3.8+0.006 ms clock, 72+0/4.1/0+0.12 ms cpu, 289->289->128 MB, 300 MB goal, 0 MB stacks, 0 MB globals, 20 P
gc 9421 @275.530s 0%: 0.39+1.7+0.54 ms clock, 7.9+0/0.87/0+10 ms cpu, 239->253->129 MB, 256 MB goal, 0 MB stacks, 0 MB globals, 20 P
gc 9422 @275.539s 0%: 0.097+2.4+0.024 ms clock, 1.9+0/2.8/0+0.48 ms cpu, 247->247->152 MB, 258 MB goal, 0 MB stacks, 0 MB globals, 20 P
gc 9423 @275.556s 0%: 1.4+1.6+0.003 ms clock, 29+0/1.7/0+0.068 ms cpu, 292->292->132 MB, 306 MB goal, 0 MB stacks, 0 MB globals, 20 P
gc 9424 @275.569s 0%: 0.29+1.2+0.92 ms clock, 5.8+0/1.0/0+18 ms cpu, 249->264->134 MB, 265 MB goal, 0 MB stacks, 0 MB globals, 20 P
gc 9425 @275.587s 0%: 0.036+0.47+0.013 ms clock, 0.72+0.027/0.65/0+0.27 ms cpu, 252->254->142 MB, 270 MB goal, 0 MB stacks, 0 MB globals, 20 P
gc 9426 @275.594s 0%: 0.51+1.5+0.003 ms clock, 10+0/1.8/0.010+0.077 ms cpu, 277->277->138 MB, 285 MB goal, 0 MB stacks, 0 MB globals, 20 P
gc 9427 @275.607s 0%: 0.025+0.87+0.005 ms clock, 0.50+0.69/0.71/0+0.11 ms cpu, 262->262->129 MB, 277 MB goal, 0 MB stacks, 0 MB globals, 20 P
gc 9428 @275.619s 0%: 0.038+0.61+0.012 ms clock, 0.77+0/0.92/0+0.25 ms cpu, 245->247->145 MB, 259 MB goal, 0 MB stacks, 0 MB globals, 20 P
gc 9429 @275.631s 0%: 0.70+5.9+0.011 ms clock, 14+0/6.3/0+0.23 ms cpu, 289->303->158 MB, 291 MB goal, 0 MB stacks, 0 MB globals, 20 P
gc 9430 @275.649s 0%: 0.022+5.7+0.004 ms clock, 0.45+5.4/0.95/0+0.090 ms cpu, 314->314->141 MB, 317 MB goal, 0 MB stacks, 0 MB globals, 20 P
gc 9431 @275.668s 0%: 0.70+1.7+0.014 ms clock, 14+0.064/1.0/0+0.29 ms cpu, 269->286->145 MB, 284 MB goal, 0 MB stacks, 0 MB globals, 20 P
gc 9432 @275.683s 0%: 0.038+1.5+0.005 ms clock, 0.76+0/1.8/0+0.11 ms cpu, 279->279->151 MB, 291 MB goal, 0 MB stacks, 0 MB globals, 20 P
gc 9433 @275.695s 0%: 0.47+0.60+0.003 ms clock, 9.5+0/0.97/0+0.076 ms cpu, 288->288->130 MB, 303 MB goal, 0 MB stacks, 0 MB globals, 20 P
gc 9434 @275.707s 0%: 0.035+3.8+0.004 ms clock, 0.70+0/1.4/0+0.097 ms cpu, 255->284->150 MB, 262 MB goal, 0 MB stacks, 0 MB globals, 20 P
gc 9435 @275.721s 0%: 0.26+1.1+0.004 ms clock, 5.2+0/0.67/0+0.085 ms cpu, 273->285->125 MB, 301 MB goal, 0 MB stacks, 0 MB globals, 20 P
gc 9436 @275.729s 0%: 0.041+1.3+0.008 ms clock, 0.83+0/1.7/0+0.16 ms cpu, 230->230->148 MB, 250 MB goal, 0 MB stacks, 0 MB globals, 20 P
gc 9437 @275.740s 0%: 2.2+3.8+0.080 ms clock, 45+0/3.8/0+1.6 ms cpu, 273->286->139 MB, 297 MB goal, 0 MB stacks, 0 MB globals, 20 P
gc 9438 @275.757s 0%: 0.52+0.57+0.003 ms clock, 10+0/1.1/0+0.062 ms cpu, 253->253->118 MB, 279 MB goal, 0 MB stacks, 0 MB globals, 20 P
gc 9439 @275.764s 0%: 0.052+3.8+0.014 ms clock, 1.0+0/4.3/0+0.29 ms cpu, 217->217->149 MB, 237 MB goal, 0 MB stacks, 0 MB globals, 20 P
gc 9440 @275.780s 0%: 3.9+3.1+0.088 ms clock, 79+0/2.8/0+1.7 ms cpu, 274->296->151 MB, 299 MB goal, 0 MB stacks, 0 MB globals, 20 P
gc 9441 @275.798s 0%: 0.29+3.6+3.9 ms clock, 5.9+0/0.86/0+79 ms cpu, 274->314->162 MB, 303 MB goal, 0 MB stacks, 0 MB globals, 20 P
gc 9442 @275.816s 0%: 0.018+0.98+0.004 ms clock, 0.37+0/1.3/0+0.084 ms cpu, 287->287->120 MB, 325 MB goal, 0 MB stacks, 0 MB globals, 20 P
gc 9443 @275.822s 0%: 0.041+1.0+0.015 ms clock, 0.82+0/1.5/0+0.30 ms cpu, 212->212->149 MB, 240 MB goal, 0 MB stacks, 0 MB globals, 20 P
gc 9444 @275.832s 0%: 0.12+1.5+5.4 ms clock, 2.4+0/1.6/0+109 ms cpu, 271->296->154 MB, 299 MB goal, 0 MB stacks, 0 MB globals, 20 P
gc 9445 @275.849s 0%: 0.042+0.72+0.005 ms clock, 0.85+0/1.1/0+0.10 ms cpu, 275->275->151 MB, 308 MB goal, 0 MB stacks, 0 MB globals, 20 P
gc 9446 @275.857s 0%: 0.037+1.2+0.013 ms clock, 0.74+0/1.4/0+0.27 ms cpu, 266->266->155 MB, 302 MB goal, 0 MB stacks, 0 MB globals, 20 P
gc 9447 @275.868s 0%: 0.032+2.0+2.5 ms clock, 0.65+0/1.7/0+50 ms cpu, 274->290->131 MB, 312 MB goal, 0 MB stacks, 0 MB globals, 20 P
gc 9448 @275.878s 0%: 0.043+1.5+0.010 ms clock, 0.86+0.19/0.54/0.002+0.20 ms cpu, 224->238->161 MB, 262 MB goal, 0 MB stacks, 0 MB globals, 20 P
gc 9449 @275.890s 0%: 0.022+5.2+0.005 ms clock, 0.44+4.9/0.69/0+0.11 ms cpu, 285->285->128 MB, 322 MB goal, 0 MB stacks, 0 MB globals, 20 P
gc 9450 @275.904s 0%: 0.019+2.7+0.006 ms clock, 0.39+0.075/1.2/0+0.13 ms cpu, 222->247->131 MB, 257 MB goal, 0 MB stacks, 0 MB globals, 20 P
gc 9451 @275.916s 0%: 0.047+0.42+0.014 ms clock, 0.95+0/0.94/0.014+0.29 ms cpu, 239->241->132 MB, 263 MB goal, 0 MB stacks, 0 MB globals, 20 P
gc 9452 @275.924s 0%: 0.043+8.7+2.1 ms clock, 0.86+0/4.5/0+42 ms cpu, 245->290->178 MB, 264 MB goal, 0 MB stacks, 0 MB globals, 20 P
gc 9453 @275.947s 0%: 0.50+5.2+0.078 ms clock, 10+0/5.1/0+1.5 ms cpu, 323->347->137 MB, 356 MB goal, 0 MB stacks, 0 MB globals, 20 P
gc 9454 @275.964s 0%: 0.054+2.5+0.22 ms clock, 1.0+0/1.2/0.008+4.4 ms cpu, 240->257->131 MB, 275 MB goal, 0 MB stacks, 0 MB globals, 20 P
gc 9455 @275.973s 0%: 1.0+0.50+0.56 ms clock, 20+0/0.73/0+11 ms cpu, 226->229->115 MB, 263 MB goal, 0 MB stacks, 0 MB globals, 20 P
gc 9456 @275.984s 0%: 0.037+0.70+0.22 ms clock, 0.75+0/0.87/0+4.4 ms cpu, 198->207->106 MB, 231 MB goal, 0 MB stacks, 0 MB globals, 20 P
gc 9457 @275.990s 0%: 0.14+2.1+0.68 ms clock, 2.9+0/1.6/0+13 ms cpu, 188->214->141 MB, 212 MB goal, 0 MB stacks, 0 MB globals, 20 P
gc 9458 @276.005s 0%: 0.043+5.3+0.041 ms clock, 0.87+0/2.9/0+0.82 ms cpu, 267->286->134 MB, 282 MB goal, 0 MB stacks, 0 MB globals, 20 P
gc 9459 @276.021s 0%: 0.022+1.7+0.006 ms clock, 0.44+0.30/1.2/0+0.13 ms cpu, 251->266->127 MB, 269 MB goal, 0 MB stacks, 0 MB globals, 20 P
gc 9460 @276.032s 0%: 0.019+4.5+0.34 ms clock, 0.39+0/1.0/0.002+6.8 ms cpu, 231->266->141 MB, 254 MB goal, 0 MB stacks, 0 MB globals, 20 P
gc 9461 @276.047s 0%: 0.13+0.50+0.30 ms clock, 2.6+0/0.86/0+6.0 ms cpu, 248->254->107 MB, 282 MB goal, 0 MB stacks, 0 MB globals, 20 P
gc 9462 @276.051s 0%: 1.1+1.0+0.021 ms clock, 22+0/1.4/0+0.42 ms cpu, 193->204->131 MB, 215 MB goal, 0 MB stacks, 0 MB globals, 20 P
gc 9463 @276.063s 0%: 0.038+2.1+0.030 ms clock, 0.77+0/1.3/0+0.60 ms cpu, 232->262->141 MB, 262 MB goal, 0 MB stacks, 0 MB globals, 20 P
gc 9464 @276.074s 0%: 0.037+2.1+0.015 ms clock, 0.74+0/2.3/0+0.30 ms cpu, 249->250->131 MB, 283 MB goal, 0 MB stacks, 0 MB globals, 20 P
gc 9465 @276.082s 0%: 0.035+1.1+0.005 ms clock, 0.70+0/1.6/0.003+0.10 ms cpu, 235->235->134 MB, 263 MB goal, 0 MB stacks, 0 MB globals, 20 P
gc 9466 @276.091s 0%: 0.043+1.0+0.10 ms clock, 0.86+0.057/0.68/0+2.1 ms cpu, 246->254->133 MB, 269 MB goal, 0 MB stacks, 0 MB globals, 20 P
gc 9467 @276.100s 0%: 0.039+0.73+0.023 ms clock, 0.79+0/1.0/0+0.46 ms cpu, 239->239->134 MB, 266 MB goal, 0 MB stacks, 0 MB globals, 20 P
gc 9468 @276.110s 0%: 0.38+0.48+1.2 ms clock, 7.6+0/0.81/0+25 ms cpu, 243->247->116 MB, 269 MB goal, 0 MB stacks, 0 MB globals, 20 P
gc 9469 @276.119s 0%: 0.035+0.32+0.025 ms clock, 0.71+0/0.80/0+0.51 ms cpu, 204->204->125 MB, 232 MB goal, 0 MB stacks, 0 MB globals, 20 P
gc 9470 @276.126s 0%: 0.22+2.8+0.11 ms clock, 4.5+0/1.8/0+2.2 ms cpu, 225->248->140 MB, 251 MB goal, 0 MB stacks, 0 MB globals, 20 P
gc 9471 @276.143s 0%: 0.61+0.63+4.7 ms clock, 12+0/1.3/0+94 ms cpu, 256->269->125 MB, 282 MB goal, 0 MB stacks, 0 MB globals, 20 P
gc 9472 @276.159s 0%: 0.017+5.1+0.087 ms clock, 0.35+0/3.0/0.056+1.7 ms cpu, 230->270->147 MB, 251 MB goal, 0 MB stacks, 0 MB globals, 20 P
gc 9473 @276.173s 0%: 0.036+0.37+0.079 ms clock, 0.73+0.087/0.76/0.021+1.5 ms cpu, 260->260->144 MB, 294 MB goal, 0 MB stacks, 0 MB globals, 20 P
gc 9474 @276.183s 0%: 0.023+2.3+0.024 ms clock, 0.46+0.19/2.1/0+0.48 ms cpu, 255->287->158 MB, 290 MB goal, 0 MB stacks, 0 MB globals, 20 P
gc 9475 @276.196s 0%: 0.021+5.3+2.4 ms clock, 0.42+0/1.6/0+49 ms cpu, 284->319->162 MB, 317 MB goal, 0 MB stacks, 0 MB globals, 20 P
gc 9476 @276.214s 0%: 0.018+1.5+0.003 ms clock, 0.36+0.054/2.0/0+0.079 ms cpu, 296->308->134 MB, 325 MB goal, 0 MB stacks, 0 MB globals, 20 P
gc 9477 @276.223s 0%: 0.041+0.51+0.022 ms clock, 0.83+0/0.81/0.022+0.45 ms cpu, 240->240->169 MB, 269 MB goal, 0 MB stacks, 0 MB globals, 20 P
gc 9478 @276.235s 0%: 0.023+6.3+0.092 ms clock, 0.47+0.14/4.5/0+1.8 ms cpu, 310->340->169 MB, 339 MB goal, 0 MB stacks, 0 MB globals, 20 P
gc 9479 @276.255s 0%: 0.044+1.5+0.003 ms clock, 0.88+0/2.0/0+0.070 ms cpu, 325->325->151 MB, 340 MB goal, 0 MB stacks, 0 MB globals, 20 P
gc 9480 @276.267s 0%: 0.020+4.9+0.020 ms clock, 0.40+0.32/1.1/0+0.40 ms cpu, 276->338->192 MB, 304 MB goal, 0 MB stacks, 0 MB globals, 20 P
gc 9481 @276.283s 0%: 0.018+8.2+0.012 ms clock, 0.36+0.062/2.7/0+0.25 ms cpu, 329->389->192 MB, 384 MB goal, 0 MB stacks, 0 MB globals, 20 P
gc 9482 @276.304s 0%: 0.28+4.7+0.026 ms clock, 5.6+0/1.5/0+0.53 ms cpu, 334->390->191 MB, 384 MB goal, 0 MB stacks, 0 MB globals, 20 P
gc 9483 @276.321s 0%: 0.047+1.2+0.010 ms clock, 0.94+0/1.8/0.004+0.21 ms cpu, 342->342->147 MB, 382 MB goal, 0 MB stacks, 0 MB globals, 20 P
gc 9484 @276.333s 0%: 0.24+1.4+0.004 ms clock, 4.8+0/1.8/0+0.082 ms cpu, 263->273->137 MB, 296 MB goal, 0 MB stacks, 0 MB globals, 20 P
gc 9485 @276.343s 0%: 0.30+1.5+2.3 ms clock, 6.0+0/1.1/0+47 ms cpu, 239->265->144 MB, 275 MB goal, 0 MB stacks, 0 MB globals, 20 P
gc 9486 @276.357s 0%: 0.023+1.5+0.035 ms clock, 0.46+0.096/1.3/0.031+0.71 ms cpu, 246->270->130 MB, 289 MB goal, 0 MB stacks, 0 MB globals, 20 P
gc 9487 @276.365s 0%: 0.039+1.4+0.015 ms clock, 0.79+0/1.9/0+0.31 ms cpu, 236->236->149 MB, 261 MB goal, 0 MB stacks, 0 MB globals, 20 P
gc 9488 @276.378s 0%: 0.087+0.96+0.003 ms clock, 1.7+0/1.3/0+0.066 ms cpu, 264->264->124 MB, 299 MB goal, 0 MB stacks, 0 MB globals, 20 P
gc 9489 @276.389s 0%: 2.5+0.63+0.46 ms clock, 51+0/1.0/0+9.2 ms cpu, 215->221->130 MB, 250 MB goal, 0 MB stacks, 0 MB globals, 20 P
gc 9490 @276.403s 0%: 0.038+2.2+0.035 ms clock, 0.76+0/2.6/0+0.70 ms cpu, 237->238->142 MB, 262 MB goal, 0 MB stacks, 0 MB globals, 20 P
gc 9491 @276.414s 0%: 0.59+4.3+0.093 ms clock, 11+0/4.7/0+1.8 ms cpu, 272->285->152 MB, 284 MB goal, 0 MB stacks, 0 MB globals, 20 P
gc 9492 @276.433s 0%: 0.65+5.9+0.014 ms clock, 13+0/1.6/0+0.28 ms cpu, 279->304->157 MB, 305 MB goal, 0 MB stacks, 0 MB globals, 20 P
gc 9493 @276.450s 0%: 0.039+0.96+0.025 ms clock, 0.78+0/1.2/0+0.50 ms cpu, 303->303->143 MB, 316 MB goal, 0 MB stacks, 0 MB globals, 20 P
gc 9494 @276.462s 0%: 0.077+0.84+0.10 ms clock, 1.5+0/0.75/0.009+2.1 ms cpu, 262->266->126 MB, 286 MB goal, 0 MB stacks, 0 MB globals, 20 P
gc 9495 @276.474s 0%: 0.028+0.51+0.019 ms clock, 0.56+0/0.70/0+0.39 ms cpu, 228->231->110 MB, 252 MB goal, 0 MB stacks, 0 MB globals, 20 P
gc 9496 @276.480s 0%: 0.19+4.3+5.1 ms clock, 3.8+0/1.4/0+103 ms cpu, 201->226->152 MB, 221 MB goal, 0 MB stacks, 0 MB globals, 20 P
gc 9497 @276.505s 0%: 0.93+8.0+0.004 ms clock, 18+0/2.3/0+0.099 ms cpu, 283->305->145 MB, 304 MB goal, 0 MB stacks, 0 MB globals, 20 P
gc 9498 @276.524s 0%: 0.019+1.0+0.003 ms clock, 0.39+0/1.3/0+0.066 ms cpu, 268->272->118 MB, 291 MB goal, 0 MB stacks, 0 MB globals, 20 P
gc 9499 @276.531s 0%: 0.018+1.5+0.005 ms clock, 0.37+0.090/1.9/0+0.11 ms cpu, 219->222->124 MB, 238 MB goal, 0 MB stacks, 0 MB globals, 20 P
gc 9500 @276.541s 0%: 0.032+0.41+0.097 ms clock, 0.65+0.039/0.58/0+1.9 ms cpu, 227->227->149 MB, 248 MB goal, 0 MB stacks, 0 MB globals, 20 P
gc 9501 @276.551s 0%: 0.71+4.1+0.091 ms clock, 14+0/4.3/0+1.8 ms cpu, 278->292->145 MB, 299 MB goal, 0 MB stacks, 0 MB globals, 20 P
gc 9502 @276.572s 0%: 0.47+1.8+0.007 ms clock, 9.4+0/1.4/0+0.14 ms cpu, 278->288->136 MB, 290 MB goal, 0 MB stacks, 0 MB globals, 20 P
gc 9503 @276.587s 0%: 0.033+0.78+0.008 ms clock, 0.67+0/1.2/0+0.17 ms cpu, 262->262->119 MB, 274 MB goal, 0 MB stacks, 0 MB globals, 20 P
gc 9504 @276.594s 0%: 0.039+2.2+0.009 ms clock, 0.79+0/2.8/0+0.18 ms cpu, 235->235->154 MB, 240 MB goal, 0 MB stacks, 0 MB globals, 20 P
gc 9505 @276.613s 0%: 0.036+1.8+0.080 ms clock, 0.72+0/2.1/0+1.6 ms cpu, 316->316->151 MB, 316 MB goal, 0 MB stacks, 0 MB globals, 20 P
gc 9506 @276.627s 0%: 0.021+2.6+0.004 ms clock, 0.43+0.22/1.6/0.002+0.088 ms cpu, 292->306->145 MB, 303 MB goal, 0 MB stacks, 0 MB globals, 20 P
gc 9507 @276.642s 0%: 0.30+1.0+0.62 ms clock, 6.1+0/1.5/0+12 ms cpu, 279->292->135 MB, 291 MB goal, 0 MB stacks, 0 MB globals, 20 P
gc 9508 @276.654s 0%: 0.037+0.58+0.36 ms clock, 0.75+0/0.82/0+7.2 ms cpu, 257->262->148 MB, 272 MB goal, 0 MB stacks, 0 MB globals, 20 P
gc 9509 @276.667s 0%: 1.3+1.2+0.003 ms clock, 26+0/1.4/0+0.076 ms cpu, 292->292->126 MB, 297 MB goal, 0 MB stacks, 0 MB globals, 20 P
gc 9510 @276.680s 0%: 0.060+0.96+0.005 ms clock, 1.2+0/1.3/0.001+0.10 ms cpu, 239->241->114 MB, 253 MB goal, 0 MB stacks, 0 MB globals, 20 P
gc 9511 @276.686s 0%: 0.84+1.2+0.080 ms clock, 16+0/1.5/0+1.6 ms cpu, 215->227->144 MB, 228 MB goal, 0 MB stacks, 0 MB globals, 20 P
gc 9512 @276.704s 0%: 0.48+0.34+0.008 ms clock, 9.6+0/0.75/0+0.17 ms cpu, 281->281->136 MB, 289 MB goal, 0 MB stacks, 0 MB globals, 20 P
gc 9513 @276.715s 0%: 0.040+1.2+0.011 ms clock, 0.80+0/1.4/0+0.22 ms cpu, 260->260->148 MB, 274 MB goal, 0 MB stacks, 0 MB globals, 20 P
gc 9514 @276.725s 0%: 0.042+2.4+0.084 ms clock, 0.85+0/1.3/0+1.6 ms cpu, 286->290->143 MB, 297 MB goal, 0 MB stacks, 0 MB globals, 20 P
gc 9515 @276.739s 0%: 0.058+5.1+4.2 ms clock, 1.1+0.031/0.70/0+85 ms cpu, 278->319->170 MB, 287 MB goal, 0 MB stacks, 0 MB globals, 20 P
gc 9516 @276.758s 0%: 0.035+0.99+0.004 ms clock, 0.70+0/1.3/0+0.080 ms cpu, 302->302->148 MB, 342 MB goal, 0 MB stacks, 0 MB globals, 20 P
gc 9517 @276.767s 0%: 0.10+2.3+0.081 ms clock, 2.0+0/2.6/0+1.6 ms cpu, 269->283->169 MB, 297 MB goal, 0 MB stacks, 0 MB globals, 20 P
gc 9518 @276.782s 0%: 0.55+7.4+0.020 ms clock, 11+0/2.3/0+0.40 ms cpu, 311->341->170 MB, 340 MB goal, 0 MB stacks, 0 MB globals, 20 P
gc 9519 @276.801s 0%: 0.20+2.8+0.62 ms clock, 4.1+0/1.5/0+12 ms cpu, 308->340->168 MB, 340 MB goal, 0 MB stacks, 0 MB globals, 20 P
gc 9520 @276.816s 0%: 0.60+2.0+0.027 ms clock, 12+0/1.7/0+0.54 ms cpu, 307->332->157 MB, 338 MB goal, 0 MB stacks, 0 MB globals, 20 P
gc 9521 @276.830s 0%: 0.059+1.2+0.020 ms clock, 1.1+0.10/1.4/0+0.41 ms cpu, 295->307->143 MB, 315 MB goal, 0 MB stacks, 0 MB globals, 20 P
gc 9522 @276.842s 0%: 0.020+3.0+2.2 ms clock, 0.41+0.093/2.0/0.044+45 ms cpu, 257->292->152 MB, 288 MB goal, 0 MB stacks, 0 MB globals, 20 P
gc 9523 @276.858s 0%: 1.8+0.63+0.006 ms clock, 37+0/1.0/0+0.12 ms cpu, 272->272->117 MB, 305 MB goal, 0 MB stacks, 0 MB globals, 20 P
gc 9524 @276.867s 0%: 0.042+0.47+0.092 ms clock, 0.84+0.034/0.66/0+1.8 ms cpu, 211->211->143 MB, 235 MB goal, 0 MB stacks, 0 MB globals, 20 P
gc 9525 @276.877s 0%: 0.039+0.70+0.007 ms clock, 0.79+0/1.1/0+0.15 ms cpu, 257->257->133 MB, 287 MB goal, 0 MB stacks, 0 MB globals, 20 P
gc 9526 @276.884s 0%: 0.043+1.0+0.10 ms clock, 0.87+0/1.4/0+2.1 ms cpu, 236->236->140 MB, 267 MB goal, 0 MB stacks, 0 MB globals, 20 P
gc 9527 @276.893s 0%: 0.63+10+2.0 ms clock, 12+0.015/1.1/0+40 ms cpu, 246->305->176 MB, 281 MB goal, 0 MB stacks, 0 MB globals, 20 P
gc 9528 @276.918s 0%: 0.046+1.1+0.038 ms clock, 0.92+0/1.5/0+0.77 ms cpu, 307->315->139 MB, 353 MB goal, 0 MB stacks, 0 MB globals, 20 P
gc 9529 @276.927s 0%: 0.040+1.0+0.019 ms clock, 0.80+0/1.4/0.019+0.38 ms cpu, 241->241->137 MB, 278 MB goal, 0 MB stacks, 0 MB globals, 20 P
gc 9530 @276.937s 0%: 0.040+1.4+0.004 ms clock, 0.81+0/1.8/0+0.083 ms cpu, 240->249->123 MB, 275 MB goal, 0 MB stacks, 0 MB globals, 20 P
gc 9531 @276.948s 0%: 0.079+0.29+0.29 ms clock, 1.5+0/0.69/0+5.8 ms cpu, 210->213->102 MB, 246 MB goal, 0 MB stacks, 0 MB globals, 20 P
gc 9532 @276.953s 0%: 0.020+9.0+0.032 ms clock, 0.40+0.15/3.9/0+0.65 ms cpu, 180->215->151 MB, 204 MB goal, 0 MB stacks, 0 MB globals, 20 P
gc 9533 @276.972s 0%: 1.0+6.0+3.1 ms clock, 21+0/1.1/0+62 ms cpu, 264->294->146 MB, 302 MB goal, 0 MB stacks, 0 MB globals, 20 P
gc 9534 @276.993s 0%: 0.37+1.3+0.22 ms clock, 7.4+0/0.80/0.062+4.4 ms cpu, 258->280->131 MB, 292 MB goal, 0 MB stacks, 0 MB globals, 20 P
gc 9535 @277.004s 0%: 0.091+0.48+0.082 ms clock, 1.8+0.13/0.70/0+1.6 ms cpu, 227->228->128 MB, 262 MB goal, 0 MB stacks, 0 MB globals, 20 P
gc 9536 @277.015s 0%: 0.034+1.0+3.6 ms clock, 0.69+0/1.2/0+73 ms cpu, 230->251->142 MB, 258 MB goal, 0 MB stacks, 0 MB globals, 20 P
gc 9537 @277.029s 0%: 0.017+6.5+0.10 ms clock, 0.34+0/5.6/0+2.0 ms cpu, 254->284->145 MB, 285 MB goal, 0 MB stacks, 0 MB globals, 20 P
gc 9538 @277.044s 0%: 0.041+0.90+0.016 ms clock, 0.82+0/1.4/0+0.32 ms cpu, 262->262->139 MB, 291 MB goal, 0 MB stacks, 0 MB globals, 20 P
gc 9539 @277.054s 0%: 0.048+6.5+0.099 ms clock, 0.96+0/6.5/0+1.9 ms cpu, 262->295->153 MB, 280 MB goal, 0 MB stacks, 0 MB globals, 20 P
gc 9540 @277.073s 0%: 0.063+0.96+0.078 ms clock, 1.2+0/1.2/0+1.5 ms cpu, 297->297->153 MB, 306 MB goal, 0 MB stacks, 0 MB globals, 20 P
gc 9541 @277.087s 0%: 0.18+2.6+0.037 ms clock, 3.6+0/1.7/0+0.75 ms cpu, 275->299->147 MB, 308 MB goal, 0 MB stacks, 0 MB globals, 20 P
gc 9542 @277.100s 0%: 0.035+1.7+0.006 ms clock, 0.70+0/1.0/0+0.12 ms cpu, 262->275->134 MB, 294 MB goal, 0 MB stacks, 0 MB globals, 20 P
gc 9543 @277.112s 0%: 0.067+0.62+0.063 ms clock, 1.3+0/0.81/0.004+1.2 ms cpu, 236->240->113 MB, 269 MB goal, 0 MB stacks, 0 MB globals, 20 P
gc 9544 @277.117s 0%: 0.67+2.8+0.023 ms clock, 13+0/1.3/0+0.46 ms cpu, 198->234->162 MB, 226 MB goal, 0 MB stacks, 0 MB globals, 20 P
gc 9545 @277.134s 0%: 2.6+4.8+0.086 ms clock, 52+0/4.9/0+1.7 ms cpu, 300->311->141 MB, 325 MB goal, 0 MB stacks, 0 MB globals, 20 P
gc 9546 @277.151s 0%: 0.30+0.65+0.003 ms clock, 6.1+0/1.2/0+0.068 ms cpu, 247->247->111 MB, 283 MB goal, 0 MB stacks, 0 MB globals, 20 P
gc 9547 @277.160s 0%: 2.3+0.57+0.019 ms clock, 46+0/1.0/0+0.39 ms cpu, 192->192->113 MB, 223 MB goal, 0 MB stacks, 0 MB globals, 20 P
gc 9548 @277.171s 0%: 0.12+0.43+0.056 ms clock, 2.4+0.038/0.91/0+1.1 ms cpu, 195->195->133 MB, 226 MB goal, 0 MB stacks, 0 MB globals, 20 P
gc 9549 @277.179s 0%: 0.020+3.4+0.063 ms clock, 0.40+0/0.89/0+1.2 ms cpu, 232->258->155 MB, 267 MB goal, 0 MB stacks, 0 MB globals, 20 P
gc 9550 @277.195s 0%: 0.91+6.6+2.0 ms clock, 18+0/2.1/0+41 ms cpu, 275->309->147 MB, 311 MB goal, 0 MB stacks, 0 MB globals, 20 P
gc 9551 @277.215s 0%: 0.10+0.94+0.26 ms clock, 2.0+0/0.91/0+5.3 ms cpu, 262->272->123 MB, 295 MB goal, 0 MB stacks, 0 MB globals, 20 P
gc 9552 @277.222s 0%: 3.6+1.5+0.021 ms clock, 72+0/1.9/0+0.42 ms cpu, 227->254->162 MB, 246 MB goal, 0 MB stacks, 0 MB globals, 20 P
gc 9553 @277.240s 0%: 2.1+5.9+0.007 ms clock, 43+0/6.2/0+0.14 ms cpu, 303->316->146 MB, 325 MB goal, 0 MB stacks, 0 MB globals, 20 P
gc 9554 @277.258s 0%: 0.67+2.1+1.8 ms clock, 13+0/1.5/0.003+37 ms cpu, 260->285->152 MB, 292 MB goal, 0 MB stacks, 0 MB globals, 20 P
gc 9555 @277.277s 0%: 0.10+0.33+0.11 ms clock, 2.1+0.026/0.66/0+2.3 ms cpu, 271->272->133 MB, 305 MB goal, 0 MB stacks, 0 MB globals, 20 P
gc 9556 @277.286s 0%: 0.037+2.5+0.024 ms clock, 0.74+0/1.8/0+0.48 ms cpu, 249->273->153 MB, 267 MB goal, 0 MB stacks, 0 MB globals, 20 P
gc 9557 @277.299s 0%: 0.17+7.0+0.006 ms clock, 3.5+0/1.9/0+0.13 ms cpu, 284->306->147 MB, 306 MB goal, 0 MB stacks, 0 MB globals, 20 P
gc 9558 @277.316s 0%: 0.046+0.89+0.008 ms clock, 0.92+0/1.2/0+0.16 ms cpu, 271->271->147 MB, 294 MB goal, 0 MB stacks, 0 MB globals, 20 P
gc 9559 @277.327s 0%: 0.27+5.3+0.090 ms clock, 5.4+0/4.1/0+1.8 ms cpu, 276->297->149 MB, 295 MB goal, 0 MB stacks, 0 MB globals, 20 P
gc 9560 @277.346s 0%: 0.078+0.36+0.021 ms clock, 1.5+0.038/0.68/0+0.42 ms cpu, 284->284->137 MB, 298 MB goal, 0 MB stacks, 0 MB globals, 20 P
gc 9561 @277.356s 0%: 0.13+0.90+0.020 ms clock, 2.6+0/1.3/0+0.40 ms cpu, 251->251->142 MB, 274 MB goal, 0 MB stacks, 0 MB globals, 20 P
gc 9562 @277.369s 0%: 0.021+3.6+0.003 ms clock, 0.42+0.15/2.7/0.003+0.063 ms cpu, 270->293->145 MB, 284 MB goal, 0 MB stacks, 0 MB globals, 20 P
gc 9563 @277.383s 0%: 0.92+2.2+0.021 ms clock, 18+0/3.2/0+0.43 ms cpu, 267->281->147 MB, 291 MB goal, 0 MB stacks, 0 MB globals, 20 P
gc 9564 @277.399s 0%: 1.2+1.9+1.9 ms clock, 24+0/0.89/0+39 ms cpu, 273->300->153 MB, 295 MB goal, 0 MB stacks, 0 MB globals, 20 P
gc 9565 @277.418s 0%: 0.12+1.1+1.9 ms clock, 2.4+0/1.1/0+38 ms cpu, 284->299->137 MB, 307 MB goal, 0 MB stacks, 0 MB globals, 20 P
gc 9566 @277.430s 0%: 0.12+0.51+0.11 ms clock, 2.5+0.083/0.88/0.009+2.3 ms cpu, 252->254->143 MB, 276 MB goal, 0 MB stacks, 0 MB globals, 20 P
gc 9567 @277.440s 0%: 0.039+0.57+0.008 ms clock, 0.79+0/1.1/0+0.17 ms cpu, 262->262->146 MB, 287 MB goal, 0 MB stacks, 0 MB globals, 20 P
gc 9568 @277.451s 0%: 0.021+4.0+2.1 ms clock, 0.42+0/0.84/0+42 ms cpu, 269->300->161 MB, 292 MB goal, 0 MB stacks, 0 MB globals, 20 P
gc 9569 @277.469s 0%: 0.54+5.3+2.8 ms clock, 10+0/1.0/0.001+57 ms cpu, 292->329->159 MB, 323 MB goal, 0 MB stacks, 0 MB globals, 20 P
gc 9570 @277.489s 0%: 0.057+1.3+0.004 ms clock, 1.1+0.053/0.79/0.003+0.099 ms cpu, 292->302->138 MB, 319 MB goal, 0 MB stacks, 0 MB globals, 20 P
gc 9571 @277.498s 0%: 0.038+1.2+0.11 ms clock, 0.76+0/1.1/0.001+2.2 ms cpu, 241->247->141 MB, 277 MB goal, 0 MB stacks, 0 MB globals, 20 P
gc 9572 @277.511s 0%: 0.021+1.1+0.015 ms clock, 0.43+0/1.4/0+0.31 ms cpu, 252->253->114 MB, 283 MB goal, 0 MB stacks, 0 MB globals, 20 P
gc 9573 @277.517s 0%: 0.041+1.2+2.0 ms clock, 0.83+0/1.6/0+40 ms cpu, 206->219->156 MB, 229 MB goal, 0 MB stacks, 0 MB globals, 20 P
gc 9574 @277.533s 0%: 0.18+6.8+0.083 ms clock, 3.6+0/4.9/0+1.6 ms cpu, 290->319->153 MB, 314 MB goal, 0 MB stacks, 0 MB globals, 20 P
gc 9575 @277.551s 0%: 0.052+1.4+0.005 ms clock, 1.0+0/1.0/0.008+0.10 ms cpu, 281->288->138 MB, 306 MB goal, 0 MB stacks, 0 MB globals, 20 P
gc 9576 @277.561s 0%: 0.033+0.32+0.017 ms clock, 0.66+0/0.72/0+0.34 ms cpu, 250->250->137 MB, 277 MB goal, 0 MB stacks, 0 MB globals, 20 P
gc 9577 @277.570s 0%: 0.044+1.1+0.043 ms clock, 0.89+0/1.5/0+0.86 ms cpu, 269->269->146 MB, 275 MB goal, 0 MB stacks, 0 MB globals, 20 P
gc 9578 @277.582s 0%: 5.5+0.83+6.0 ms clock, 110+0/0.77/0.015+121 ms cpu, 268->288->144 MB, 294 MB goal, 0 MB stacks, 0 MB globals, 20 P
gc 9579 @277.603s 0%: 0.039+0.54+0.008 ms clock, 0.78+0/0.96/0+0.16 ms cpu, 262->262->146 MB, 288 MB goal, 0 MB stacks, 0 MB globals, 20 P
gc 9580 @277.618s 0%: 0.052+1.2+0.004 ms clock, 1.0+0.077/0.64/0.008+0.099 ms cpu, 270->271->136 MB, 293 MB goal, 0 MB stacks, 0 MB globals, 20 P
gc 9581 @277.627s 0%: 0.12+4.9+0.089 ms clock, 2.5+0/3.2/0+1.7 ms cpu, 260->290->162 MB, 274 MB goal, 0 MB stacks, 0 MB globals, 20 P
gc 9582 @277.645s 0%: 0.020+3.1+3.9 ms clock, 0.41+0/1.5/0+79 ms cpu, 301->326->153 MB, 324 MB goal, 0 MB stacks, 0 MB globals, 20 P
gc 9583 @277.662s 0%: 0.71+1.8+0.024 ms clock, 14+0/1.0/0+0.49 ms cpu, 277->305->148 MB, 307 MB goal, 0 MB stacks, 0 MB globals, 20 P
gc 9584 @277.674s 0%: 0.032+0.59+0.009 ms clock, 0.65+0/0.93/0+0.19 ms cpu, 271->271->146 MB, 297 MB goal, 0 MB stacks, 0 MB globals, 20 P
gc 9585 @277.684s 0%: 0.018+3.1+0.003 ms clock, 0.37+0.077/0.71/0+0.079 ms cpu, 263->294->152 MB, 292 MB goal, 0 MB stacks, 0 MB globals, 20 P
gc 9586 @277.698s 0%: 0.21+0.51+0.003 ms clock, 4.2+0/0.93/0+0.061 ms cpu, 278->278->118 MB, 306 MB goal, 0 MB stacks, 0 MB globals, 20 P
gc 9587 @277.704s 0%: 0.78+1.6+0.022 ms clock, 15+0/2.0/0+0.44 ms cpu, 218->232->152 MB, 238 MB goal, 0 MB stacks, 0 MB globals, 20 P
gc 9588 @277.718s 0%: 0.024+8.0+1.5 ms clock, 0.49+0.22/2.7/0+30 ms cpu, 280->308->159 MB, 306 MB goal, 0 MB stacks, 0 MB globals, 20 P
gc 9589 @277.740s 0%: 0.017+2.0+0.024 ms clock, 0.34+0.069/2.0/0+0.48 ms cpu, 294->320->151 MB, 318 MB goal, 0 MB stacks, 0 MB globals, 20 P
gc 9590 @277.752s 0%: 0.019+1.0+0.060 ms clock, 0.39+0/1.5/0+1.2 ms cpu, 281->284->128 MB, 303 MB goal, 0 MB stacks, 0 MB globals, 20 P
gc 9591 @277.760s 0%: 0.99+0.64+0.12 ms clock, 19+0.021/0.92/0+2.5 ms cpu, 226->243->145 MB, 257 MB goal, 0 MB stacks, 0 MB globals, 20 P
gc 9592 @277.770s 0%: 0.036+1.4+0.005 ms clock, 0.73+0/1.6/0+0.10 ms cpu, 263->263->147 MB, 291 MB goal, 0 MB stacks, 0 MB globals, 20 P
gc 9593 @277.781s 0%: 2.3+0.79+0.020 ms clock, 47+0.034/0.72/0+0.41 ms cpu, 267->273->128 MB, 295 MB goal, 0 MB stacks, 0 MB globals, 20 P
gc 9594 @277.792s 0%: 0.57+0.46+0.016 ms clock, 11+0/0.72/0+0.33 ms cpu, 229->231->126 MB, 257 MB goal, 0 MB stacks, 0 MB globals, 20 P
gc 9595 @277.802s 0%: 0.12+0.75+2.8 ms clock, 2.5+0/1.2/0+57 ms cpu, 228->248->147 MB, 253 MB goal, 0 MB stacks, 0 MB globals, 20 P
gc 9596 @277.817s 0%: 0.89+0.86+0.005 ms clock, 17+0/1.4/0+0.10 ms cpu, 282->282->125 MB, 294 MB goal, 0 MB stacks, 0 MB globals, 20 P
gc 9597 @277.829s 0%: 0.80+0.43+0.006 ms clock, 16+0.037/0.92/0+0.12 ms cpu, 232->234->114 MB, 251 MB goal, 0 MB stacks, 0 MB globals, 20 P
gc 9598 @277.838s 0%: 3.4+8.1+0.006 ms clock, 68+0/1.8/0+0.13 ms cpu, 208->250->155 MB, 228 MB goal, 0 MB stacks, 0 MB globals, 20 P
gc 9599 @277.863s 0%: 0.12+3.3+0.006 ms clock, 2.5+0/2.9/0+0.13 ms cpu, 270->303->145 MB, 310 MB goal, 0 MB stacks, 0 MB globals, 20 P
gc 9600 @277.872s 0%: 0.043+1.6+0.008 ms clock, 0.86+0/1.9/0+0.16 ms cpu, 250->250->150 MB, 290 MB goal, 0 MB stacks, 0 MB globals, 20 P
gc 9601 @277.883s 0%: 3.9+4.6+0.005 ms clock, 78+0/3.6/0+0.11 ms cpu, 267->293->153 MB, 302 MB goal, 0 MB stacks, 0 MB globals, 20 P
gc 9602 @277.901s 0%: 0.035+1.8+0.005 ms clock, 0.70+0/1.1/0+0.11 ms cpu, 267->273->136 MB, 307 MB goal, 0 MB stacks, 0 MB globals, 20 P
gc 9603 @277.910s 0%: 0.37+0.66+0.38 ms clock, 7.4+0/0.72/0+7.6 ms cpu, 233->250->144 MB, 272 MB goal, 0 MB stacks, 0 MB globals, 20 P
gc 9604 @277.929s 0%: 0.97+0.60+0.017 ms clock, 19+0/1.0/0+0.34 ms cpu, 257->257->146 MB, 288 MB goal, 0 MB stacks, 0 MB globals, 20 P
gc 9605 @277.941s 0%: 0.042+1.0+0.011 ms clock, 0.84+0/1.5/0+0.22 ms cpu, 255->255->147 MB, 292 MB goal, 0 MB stacks, 0 MB globals, 20 P
gc 9606 @277.952s 0%: 0.080+8.2+3.1 ms clock, 1.6+0/2.3/0+62 ms cpu, 255->298->166 MB, 296 MB goal, 0 MB stacks, 0 MB globals, 20 P
gc 9607 @277.974s 0%: 0.27+2.6+0.084 ms clock, 5.4+0/1.6/0+1.6 ms cpu, 294->316->148 MB, 332 MB goal, 0 MB stacks, 0 MB globals, 20 P
gc 9608 @277.990s 0%: 0.23+0.50+0.003 ms clock, 4.6+0/0.86/0+0.076 ms cpu, 256->256->119 MB, 296 MB goal, 0 MB stacks, 0 MB globals, 20 P
gc 9609 @278.001s 0%: 0.030+3.5+0.006 ms clock, 0.61+0.19/3.7/0+0.13 ms cpu, 215->230->138 MB, 240 MB goal, 0 MB stacks, 0 MB globals, 20 P
gc 9610 @278.015s 0%: 0.061+1.1+0.015 ms clock, 1.2+0/1.8/0.010+0.30 ms cpu, 237->237->140 MB, 277 MB goal, 0 MB stacks, 0 MB globals, 20 P
gc 9611 @278.032s 0%: 0.084+2.4+0.24 ms clock, 1.6+0/3.5/0.020+4.8 ms cpu, 250->250->143 MB, 280 MB goal, 0 MB stacks, 0 MB globals, 20 P
gc 9612 @278.047s 0%: 0.26+1.7+3.7 ms clock, 5.3+0/1.1/0+74 ms cpu, 249->275->144 MB, 286 MB goal, 0 MB stacks, 0 MB globals, 20 P
gc 9613 @278.063s 0%: 0.064+0.53+0.005 ms clock, 1.2+0.029/1.0/0+0.11 ms cpu, 246->250->110 MB, 288 MB goal, 0 MB stacks, 0 MB globals, 20 P
gc 9614 @278.068s 0%: 0.11+2.0+0.005 ms clock, 2.3+0/1.2/0+0.10 ms cpu, 189->211->146 MB, 220 MB goal, 0 MB stacks, 0 MB globals, 20 P
gc 9615 @278.082s 0%: 1.0+4.8+0.34 ms clock, 21+0/2.5/0+6.8 ms cpu, 271->290->137 MB, 293 MB goal, 0 MB stacks, 0 MB globals, 20 P
gc 9616 @278.094s 0%: 0.040+0.44+0.014 ms clock, 0.81+0/0.77/0+0.29 ms cpu, 250->250->166 MB, 274 MB goal, 0 MB stacks, 0 MB globals, 20 P
gc 9617 @278.107s 0%: 0.085+4.5+0.009 ms clock, 1.7+0/4.7/0+0.18 ms cpu, 309->309->150 MB, 333 MB goal, 0 MB stacks, 0 MB globals, 20 P
gc 9618 @278.121s 0%: 0.018+4.4+0.024 ms clock, 0.37+0.011/4.5/0+0.49 ms cpu, 275->305->160 MB, 300 MB goal, 0 MB stacks, 0 MB globals, 20 P
gc 9619 @278.140s 0%: 0.025+1.2+0.004 ms clock, 0.51+0/1.4/0+0.083 ms cpu, 303->303->130 MB, 321 MB goal, 0 MB stacks, 0 MB globals, 20 P
gc 9620 @278.149s 0%: 0.046+0.38+0.025 ms clock, 0.93+0.030/0.63/0+0.51 ms cpu, 245->245->157 MB, 261 MB goal, 0 MB stacks, 0 MB globals, 20 P
gc 9621 @278.158s 0%: 0.038+1.0+0.020 ms clock, 0.77+0/1.2/0+0.41 ms cpu, 285->299->153 MB, 314 MB goal, 0 MB stacks, 0 MB globals, 20 P
gc 9622 @278.170s 0%: 0.26+6.0+2.3 ms clock, 5.2+0/1.3/0.001+46 ms cpu, 277->324->176 MB, 307 MB goal, 0 MB stacks, 0 MB globals, 20 P
gc 9623 @278.189s 0%: 0.33+2.0+0.053 ms clock, 6.7+0/1.5/0.033+1.0 ms cpu, 308->335->155 MB, 353 MB goal, 0 MB stacks, 0 MB globals, 20 P
gc 9624 @278.203s 0%: 0.044+1.1+0.009 ms clock, 0.89+0/1.6/0.003+0.19 ms cpu, 264->264->148 MB, 310 MB goal, 0 MB stacks, 0 MB globals, 20 P
gc 9625 @278.213s 0%: 0.064+0.65+0.076 ms clock, 1.2+0/1.0/0+1.5 ms cpu, 257->260->137 MB, 297 MB goal, 0 MB stacks, 0 MB globals, 20 P
gc 9626 @278.222s 0%: 0.036+0.71+0.14 ms clock, 0.73+0/0.86/0+2.8 ms cpu, 236->240->143 MB, 275 MB goal, 0 MB stacks, 0 MB globals, 20 P
gc 9627 @278.230s 0%: 0.046+0.56+0.021 ms clock, 0.93+0/0.94/0+0.42 ms cpu, 245->245->142 MB, 287 MB goal, 0 MB stacks, 0 MB globals, 20 P
gc 9628 @278.240s 0%: 1.8+1.2+0.14 ms clock, 36+0/1.9/0.017+2.8 ms cpu, 245->259->147 MB, 285 MB goal, 0 MB stacks, 0 MB globals, 20 P
gc 9629 @278.259s 0%: 0.031+8.4+2.2 ms clock, 0.62+0.11/3.0/0+44 ms cpu, 254->290->151 MB, 295 MB goal, 0 MB stacks, 0 MB globals, 20 P
gc 9630 @278.279s 0%: 0.057+0.49+0.005 ms clock, 1.1+0/0.85/0+0.11 ms cpu, 269->269->119 MB, 302 MB goal, 0 MB stacks, 0 MB globals, 20 P
gc 9631 @278.284s 0%: 0.042+1.5+0.014 ms clock, 0.84+0/1.7/0+0.28 ms cpu, 204->204->146 MB, 239 MB goal, 0 MB stacks, 0 MB globals, 20 P
gc 9632 @278.295s 0%: 0.70+9.7+2.4 ms clock, 14+0/5.3/0+49 ms cpu, 259->300->167 MB, 293 MB goal, 0 MB stacks, 0 MB globals, 20 P
gc 9633 @278.320s 0%: 0.17+2.6+0.008 ms clock, 3.5+0/2.4/0+0.17 ms cpu, 309->341->159 MB, 336 MB goal, 0 MB stacks, 0 MB globals, 20 P
gc 9634 @278.336s 0%: 1.6+3.0+0.026 ms clock, 32+0/2.2/0+0.52 ms cpu, 282->301->142 MB, 319 MB goal, 0 MB stacks, 0 MB globals, 20 P
gc 9635 @278.351s 0%: 0.020+1.9+1.3 ms clock, 0.40+0.11/1.0/0+27 ms cpu, 244->280->150 MB, 284 MB goal, 0 MB stacks, 0 MB globals, 20 P
gc 9636 @278.364s 0%: 0.033+0.49+0.016 ms clock, 0.66+0/1.0/0+0.32 ms cpu, 261->261->137 MB, 301 MB goal, 0 MB stacks, 0 MB globals, 20 P
gc 9637 @278.369s 0%: 1.0+0.89+0.022 ms clock, 21+0/1.2/0.003+0.45 ms cpu, 236->249->142 MB, 275 MB goal, 0 MB stacks, 0 MB globals, 20 P
gc 9638 @278.382s 0%: 0.019+1.5+0.003 ms clock, 0.38+0.11/0.79/0.048+0.077 ms cpu, 246->266->135 MB, 286 MB goal, 0 MB stacks, 0 MB globals, 20 P
gc 9639 @278.388s 0%: 0.033+1.4+0.010 ms clock, 0.66+0/1.8/0+0.20 ms cpu, 236->236->150 MB, 271 MB goal, 0 MB stacks, 0 MB globals, 20 P
gc 9640 @278.402s 0%: 1.9+0.97+0.45 ms clock, 38+0/1.3/0+9.1 ms cpu, 269->289->148 MB, 302 MB goal, 0 MB stacks, 0 MB globals, 20 P
gc 9641 @278.416s 0%: 0.50+0.41+0.006 ms clock, 10+0.055/0.92/0+0.12 ms cpu, 260->261->120 MB, 297 MB goal, 0 MB stacks, 0 MB globals, 20 P
gc 9642 @278.422s 0%: 0.019+0.90+0.095 ms clock, 0.39+0/1.4/0+1.9 ms cpu, 211->211->150 MB, 242 MB goal, 0 MB stacks, 0 MB globals, 20 P
gc 9643 @278.436s 0%: 0.14+7.3+0.004 ms clock, 2.9+0/1.5/0+0.081 ms cpu, 275->303->155 MB, 300 MB goal, 0 MB stacks, 0 MB globals, 20 P
gc 9644 @278.456s 0%: 0.11+2.2+0.004 ms clock, 2.3+0/1.3/0+0.094 ms cpu, 293->313->145 MB, 311 MB goal, 0 MB stacks, 0 MB globals, 20 P
gc 9645 @278.467s 0%: 0.059+0.51+0.007 ms clock, 1.1+0/1.0/0.004+0.15 ms cpu, 268->268->147 MB, 292 MB goal, 0 MB stacks, 0 MB globals, 20 P
gc 9646 @278.476s 0%: 0.039+0.99+0.008 ms clock, 0.79+0/1.5/0+0.17 ms cpu, 269->269->153 MB, 294 MB goal, 0 MB stacks, 0 MB globals, 20 P
gc 9647 @278.488s 0%: 1.1+0.57+1.8 ms clock, 22+0/1.0/0+36 ms cpu, 282->289->136 MB, 306 MB goal, 0 MB stacks, 0 MB globals, 20 P
gc 9648 @278.500s 0%: 1.7+1.8+0.005 ms clock, 34+0/0.97/0.024+0.10 ms cpu, 245->270->143 MB, 272 MB goal, 0 MB stacks, 0 MB globals, 20 P
gc 9649 @278.516s 0%: 0.12+0.80+0.26 ms clock, 2.5+0.026/0.84/0+5.2 ms cpu, 259->268->119 MB, 286 MB goal, 0 MB stacks, 0 MB globals, 20 P
gc 9650 @278.523s 0%: 0.020+1.2+0.097 ms clock, 0.40+0.93/0.98/0+1.9 ms cpu, 223->223->133 MB, 238 MB goal, 0 MB stacks, 0 MB globals, 20 P
gc 9651 @278.535s 0%: 0.023+5.8+0.87 ms clock, 0.47+0/2.2/0+17 ms cpu, 250->273->144 MB, 268 MB goal, 0 MB stacks, 0 MB globals, 20 P
gc 9652 @278.553s 0%: 0.034+1.3+0.043 ms clock, 0.69+0/1.7/0.004+0.87 ms cpu, 270->290->134 MB, 290 MB goal, 0 MB stacks, 0 MB globals, 20 P
gc 9653 @278.563s 0%: 0.050+0.59+0.13 ms clock, 1.0+0.051/0.82/0.005+2.7 ms cpu, 247->251->137 MB, 269 MB goal, 0 MB stacks, 0 MB globals, 20 P
gc 9654 @278.579s 0%: 0.035+0.60+0.009 ms clock, 0.71+0/1.2/0+0.19 ms cpu, 256->256->141 MB, 275 MB goal, 0 MB stacks, 0 MB globals, 20 P
gc 9655 @278.588s 0%: 0.046+1.1+0.010 ms clock, 0.92+0/1.5/0+0.20 ms cpu, 264->264->149 MB, 283 MB goal, 0 MB stacks, 0 MB globals, 20 P
gc 9656 @278.600s 0%: 0.089+5.4+0.013 ms clock, 1.7+0/6.1/0+0.27 ms cpu, 294->294->143 MB, 299 MB goal, 0 MB stacks, 0 MB globals, 20 P
gc 9657 @278.617s 0%: 0.057+1.5+0.006 ms clock, 1.1+0/1.8/0+0.12 ms cpu, 265->275->133 MB, 287 MB goal, 0 MB stacks, 0 MB globals, 20 P
gc 9658 @278.627s 0%: 0.047+0.56+0.026 ms clock, 0.94+0/1.0/0+0.53 ms cpu, 247->247->142 MB, 268 MB goal, 0 MB stacks, 0 MB globals, 20 P
gc 9659 @278.637s 0%: 0.043+4.0+1.5 ms clock, 0.87+0/3.5/0+30 ms cpu, 273->305->183 MB, 286 MB goal, 0 MB stacks, 0 MB globals, 20 P
gc 9660 @278.661s 0%: 0.25+7.4+2.3 ms clock, 5.1+0/3.8/0+46 ms cpu, 335->367->156 MB, 366 MB goal, 0 MB stacks, 0 MB globals, 20 P
gc 9661 @278.682s 0%: 0.098+1.6+0.085 ms clock, 1.9+0/1.6/0+1.7 ms cpu, 289->304->137 MB, 313 MB goal, 0 MB stacks, 0 MB globals, 20 P
gc 9662 @278.694s 0%: 0.086+1.0+0.004 ms clock, 1.7+0.029/0.71/0+0.097 ms cpu, 249->254->124 MB, 274 MB goal, 0 MB stacks, 0 MB globals, 20 P
gc 9663 @278.702s 0%: 0.091+2.2+0.006 ms clock, 1.8+0.094/0.74/0.005+0.13 ms cpu, 216->251->150 MB, 249 MB goal, 0 MB stacks, 0 MB globals, 20 P
gc 9664 @278.714s 0%: 0.30+0.35+0.004 ms clock, 6.0+0/0.72/0+0.083 ms cpu, 268->268->110 MB, 300 MB goal, 0 MB stacks, 0 MB globals, 20 P
gc 9665 @278.720s 0%: 0.12+1.3+0.035 ms clock, 2.4+0/1.8/0.055+0.70 ms cpu, 215->226->154 MB, 222 MB goal, 0 MB stacks, 0 MB globals, 20 P
gc 9666 @278.734s 0%: 1.9+7.1+0.081 ms clock, 38+0/5.0/0+1.6 ms cpu, 279->306->152 MB, 308 MB goal, 0 MB stacks, 0 MB globals, 20 P
gc 9667 @278.753s 0%: 0.84+1.1+0.024 ms clock, 16+0/1.4/0+0.48 ms cpu, 279->290->134 MB, 306 MB goal, 0 MB stacks, 0 MB globals, 20 P
gc 9668 @278.769s 0%: 0.071+5.1+0.005 ms clock, 1.4+0/5.6/0.031+0.11 ms cpu, 262->262->126 MB, 269 MB goal, 0 MB stacks, 0 MB globals, 20 P
gc 9669 @278.783s 0%: 0.19+0.59+0.27 ms clock, 3.9+0/0.78/0+5.4 ms cpu, 228->232->113 MB, 252 MB goal, 0 MB stacks, 0 MB globals, 20 P
gc 9670 @278.789s 0%: 0.033+2.2+0.020 ms clock, 0.67+0/2.6/0+0.40 ms cpu, 204->217->149 MB, 226 MB goal, 0 MB stacks, 0 MB globals, 20 P
gc 9671 @278.804s 0%: 0.038+4.1+0.003 ms clock, 0.77+0/4.3/0+0.072 ms cpu, 273->282->137 MB, 299 MB goal, 0 MB stacks, 0 MB globals, 20 P
gc 9672 @278.817s 0%: 0.058+0.38+0.015 ms clock, 1.1+0/0.75/0+0.31 ms cpu, 249->250->121 MB, 275 MB goal, 0 MB stacks, 0 MB globals, 20 P
gc 9673 @278.825s 0%: 0.48+0.92+0.081 ms clock, 9.6+0.024/1.1/0+1.6 ms cpu, 234->248->133 MB, 243 MB goal, 0 MB stacks, 0 MB globals, 20 P
gc 9674 @278.837s 0%: 0.35+3.1+0.004 ms clock, 7.1+0/3.4/0+0.081 ms cpu, 257->257->117 MB, 267 MB goal, 0 MB stacks, 0 MB globals, 20 P
gc 9675 @278.850s 0%: 0.046+0.82+0.009 ms clock, 0.92+0/1.1/0.039+0.18 ms cpu, 225->225->133 MB, 234 MB goal, 0 MB stacks, 0 MB globals, 20 P
gc 9676 @278.861s 0%: 1.1+2.9+5.5 ms clock, 23+0/2.7/0+110 ms cpu, 258->279->135 MB, 267 MB goal, 0 MB stacks, 0 MB globals, 20 P
gc 9677 @278.880s 0%: 0.022+1.1+0.006 ms clock, 0.44+0/1.0/0+0.13 ms cpu, 249->263->121 MB, 270 MB goal, 0 MB stacks, 0 MB globals, 20 P
gc 9678 @278.890s 0%: 0.050+0.36+0.020 ms clock, 1.0+0.13/0.73/0+0.41 ms cpu, 222->223->101 MB, 243 MB goal, 0 MB stacks, 0 MB globals, 20 P
gc 9679 @278.897s 0%: 0.60+1.7+0.005 ms clock, 12+0/1.2/0+0.10 ms cpu, 190->203->131 MB, 203 MB goal, 0 MB stacks, 0 MB globals, 20 P
gc 9680 @278.910s 0%: 0.053+5.3+0.004 ms clock, 1.0+0/5.8/0+0.088 ms cpu, 243->250->142 MB, 263 MB goal, 0 MB stacks, 0 MB globals, 20 P
gc 9681 @278.930s 0%: 0.12+1.0+0.58 ms clock, 2.5+0/1.0/0.018+11 ms cpu, 267->280->117 MB, 285 MB goal, 0 MB stacks, 0 MB globals, 20 P
gc 9682 @278.941s 0%: 0.032+0.31+0.007 ms clock, 0.65+0.036/0.69/0+0.15 ms cpu, 222->223->120 MB, 235 MB goal, 0 MB stacks, 0 MB globals, 20 P
gc 9683 @278.949s 0%: 0.043+2.6+0.009 ms clock, 0.87+0/3.1/0+0.18 ms cpu, 241->241->129 MB, 241 MB goal, 0 MB stacks, 0 MB globals, 20 P
gc 9684 @278.963s 0%: 0.045+0.55+0.003 ms clock, 0.91+0/0.82/0+0.077 ms cpu, 248->248->122 MB, 259 MB goal, 0 MB stacks, 0 MB globals, 20 P
gc 9685 @278.970s 0%: 0.080+4.4+0.066 ms clock, 1.6+0/4.9/0+1.3 ms cpu, 239->250->142 MB, 244 MB goal, 0 MB stacks, 0 MB globals, 20 P
gc 9686 @278.986s 0%: 0.042+3.2+3.7 ms clock, 0.84+0/3.7/0.020+75 ms cpu, 275->286->142 MB, 285 MB goal, 0 MB stacks, 0 MB globals, 20 P
gc 9687 @279.001s 0%: 0.45+0.76+0.003 ms clock, 9.0+0/1.2/0.002+0.076 ms cpu, 276->276->118 MB, 284 MB goal, 0 MB stacks, 0 MB globals, 20 P
gc 9688 @279.013s 0%: 0.017+0.80+0.004 ms clock, 0.35+0/1.3/0+0.083 ms cpu, 227->227->108 MB, 237 MB goal, 0 MB stacks, 0 MB globals, 20 P
gc 9689 @279.020s 0%: 0.037+1.4+0.013 ms clock, 0.75+0/1.6/0.019+0.27 ms cpu, 208->208->138 MB, 217 MB goal, 0 MB stacks, 0 MB globals, 20 P
gc 9690 @279.031s 0%: 1.3+5.7+0.006 ms clock, 26+0/6.2/0+0.12 ms cpu, 271->271->124 MB, 276 MB goal, 0 MB stacks, 0 MB globals, 20 P
gc 9691 @279.048s 0%: 0.059+1.2+0.003 ms clock, 1.1+0.061/0.69/0+0.068 ms cpu, 240->248->128 MB, 249 MB goal, 0 MB stacks, 0 MB globals, 20 P
gc 9692 @279.060s 0%: 0.058+1.0+0.027 ms clock, 1.1+0/1.2/0.015+0.55 ms cpu, 250->253->139 MB, 257 MB goal, 0 MB stacks, 0 MB globals, 20 P
gc 9693 @279.071s 0%: 3.3+0.78+0.006 ms clock, 66+0/1.0/0+0.12 ms cpu, 269->274->124 MB, 278 MB goal, 0 MB stacks, 0 MB globals, 20 P
gc 9694 @279.086s 0%: 0.031+4.5+0.016 ms clock, 0.63+0/5.1/0.008+0.32 ms cpu, 241->241->137 MB, 248 MB goal, 0 MB stacks, 0 MB globals, 20 P
gc 9695 @279.100s 0%: 3.2+7.4+0.11 ms clock, 65+0/7.9/0+2.3 ms cpu, 268->282->152 MB, 274 MB goal, 0 MB stacks, 0 MB globals, 20 P
gc 9696 @279.123s 0%: 0.035+0.72+0.045 ms clock, 0.71+0/1.1/0+0.91 ms cpu, 291->291->144 MB, 305 MB goal, 0 MB stacks, 0 MB globals, 20 P
gc 9697 @279.138s 0%: 0.92+2.2+0.003 ms clock, 18+0/2.5/0+0.079 ms cpu, 281->281->125 MB, 290 MB goal, 0 MB stacks, 0 MB globals, 20 P
gc 9698 @279.149s 0%: 0.034+0.43+0.013 ms clock, 0.69+0/0.95/0+0.26 ms cpu, 237->237->142 MB, 251 MB goal, 0 MB stacks, 0 MB globals, 20 P
gc 9699 @279.160s 0%: 0.019+0.99+0.004 ms clock, 0.38+0/1.4/0+0.083 ms cpu, 273->279->126 MB, 285 MB goal, 0 MB stacks, 0 MB globals, 20 P
gc 9700 @279.169s 0%: 0.036+0.48+0.095 ms clock, 0.73+0/0.72/0.003+1.9 ms cpu, 245->245->168 MB, 253 MB goal, 0 MB stacks, 0 MB globals, 20 P
gc 9701 @279.186s 0%: 0.039+10+0.005 ms clock, 0.78+0/4.6/0+0.10 ms cpu, 323->355->184 MB, 336 MB goal, 0 MB stacks, 0 MB globals, 20 P
gc 9702 @279.209s 0%: 0.13+0.36+0.002 ms clock, 2.6+0/0.89/0+0.051 ms cpu, 338->338->125 MB, 369 MB goal, 0 MB stacks, 0 MB globals, 20 P
gc 9703 @279.217s 0%: 0.039+0.40+0.077 ms clock, 0.79+0.038/0.64/0+1.5 ms cpu, 229->229->154 MB, 250 MB goal, 0 MB stacks, 0 MB globals, 20 P
gc 9704 @279.227s 0%: 0.040+1.0+0.022 ms clock, 0.81+0/1.3/0+0.45 ms cpu, 296->296->150 MB, 309 MB goal, 0 MB stacks, 0 MB globals, 20 P
gc 9705 @279.239s 0%: 0.041+0.33+0.011 ms clock, 0.82+0.027/0.70/0+0.22 ms cpu, 268->270->136 MB, 300 MB goal, 0 MB stacks, 0 MB globals, 20 P
gc 9706 @279.247s 0%: 0.71+0.77+0.026 ms clock, 14+0/1.2/0.005+0.53 ms cpu, 244->258->144 MB, 273 MB goal, 0 MB stacks, 0 MB globals, 20 P
gc 9707 @279.259s 0%: 1.0+3.7+0.70 ms clock, 20+0/2.8/0+14 ms cpu, 260->288->149 MB, 289 MB goal, 0 MB stacks, 0 MB globals, 20 P
gc 9708 @279.276s 0%: 0.055+7.5+3.4 ms clock, 1.1+0.059/0.63/0+69 ms cpu, 279->335->185 MB, 299 MB goal, 0 MB stacks, 0 MB globals, 20 P
gc 9709 @279.297s 0%: 0.34+0.62+0.003 ms clock, 6.8+0/0.80/0+0.079 ms cpu, 318->322->124 MB, 370 MB goal, 0 MB stacks, 0 MB globals, 20 P
gc 9710 @279.305s 0%: 0.12+0.61+0.14 ms clock, 2.5+0/0.81/0+2.8 ms cpu, 224->238->166 MB, 249 MB goal, 0 MB stacks, 0 MB globals, 20 P
gc 9711 @279.318s 0%: 3.1+3.5+2.9 ms clock, 63+0/2.5/0+58 ms cpu, 291->323->163 MB, 333 MB goal, 0 MB stacks, 0 MB globals, 20 P
gc 9712 @279.338s 0%: 0.56+0.78+0.93 ms clock, 11+0/1.1/0+18 ms cpu, 282->294->137 MB, 327 MB goal, 0 MB stacks, 0 MB globals, 20 P
gc 9713 @279.350s 0%: 0.039+0.88+0.10 ms clock, 0.79+0/0.94/0+2.1 ms cpu, 238->246->120 MB, 276 MB goal, 0 MB stacks, 0 MB globals, 20 P
gc 9714 @279.356s 0%: 0.21+7.6+0.012 ms clock, 4.3+0/1.5/0+0.24 ms cpu, 218->264->177 MB, 240 MB goal, 0 MB stacks, 0 MB globals, 20 P
gc 9715 @279.378s 0%: 3.7+11+0.014 ms clock, 75+0/5.2/0+0.28 ms cpu, 317->363->179 MB, 355 MB goal, 0 MB stacks, 0 MB globals, 20 P
gc 9716 @279.404s 0%: 0.24+4.7+0.009 ms clock, 4.9+0/1.5/0+0.19 ms cpu, 318->364->180 MB, 358 MB goal, 0 MB stacks, 0 MB globals, 20 P
gc 9717 @279.420s 0%: 0.020+3.0+0.024 ms clock, 0.40+0/1.7/0+0.49 ms cpu, 336->366->184 MB, 362 MB goal, 0 MB stacks, 0 MB globals, 20 P
gc 9718 @279.436s 0%: 0.38+0.77+0.005 ms clock, 7.7+0/1.4/0+0.11 ms cpu, 327->327->139 MB, 368 MB goal, 0 MB stacks, 0 MB globals, 20 P
gc 9719 @279.445s 0%: 0.41+1.3+0.23 ms clock, 8.2+0/0.83/0+4.6 ms cpu, 238->256->140 MB, 278 MB goal, 0 MB stacks, 0 MB globals, 20 P
gc 9720 @279.453s 0%: 0.045+1.4+0.014 ms clock, 0.90+0/2.1/0+0.28 ms cpu, 250->250->159 MB, 280 MB goal, 0 MB stacks, 0 MB globals, 20 P
gc 9721 @279.463s 0%: 0.81+2.2+1.0 ms clock, 16+0/1.2/0.009+21 ms cpu, 276->301->159 MB, 318 MB goal, 0 MB stacks, 0 MB globals, 20 P
gc 9722 @279.477s 0%: 0.021+1.2+0.006 ms clock, 0.42+0.040/1.9/0.001+0.12 ms cpu, 284->290->130 MB, 320 MB goal, 0 MB stacks, 0 MB globals, 20 P
gc 9723 @279.484s 0%: 0.031+5.4+0.007 ms clock, 0.63+0/5.6/0+0.15 ms cpu, 224->250->181 MB, 262 MB goal, 0 MB stacks, 0 MB globals, 20 P
gc 9724 @279.506s 0%: 0.055+2.2+2.1 ms clock, 1.1+0/2.5/0+43 ms cpu, 344->350->145 MB, 363 MB goal, 0 MB stacks, 0 MB globals, 20 P
gc 9725 @279.523s 0%: 0.24+0.42+0.005 ms clock, 4.8+0/0.89/0.005+0.11 ms cpu, 265->265->119 MB, 290 MB goal, 0 MB stacks, 0 MB globals, 20 P
gc 9726 @279.531s 0%: 0.056+0.40+0.031 ms clock, 1.1+0/0.90/0.016+0.62 ms cpu, 214->215->132 MB, 239 MB goal, 0 MB stacks, 0 MB globals, 20 P
gc 9727 @279.539s 0%: 0.048+1.2+0.070 ms clock, 0.96+0/1.4/0+1.4 ms cpu, 251->251->140 MB, 265 MB goal, 0 MB stacks, 0 MB globals, 20 P
gc 9728 @279.551s 0%: 0.51+5.0+0.092 ms clock, 10+0/3.4/0.019+1.8 ms cpu, 270->298->153 MB, 281 MB goal, 0 MB stacks, 0 MB globals, 20 P
gc 9729 @279.570s 0%: 0.12+2.5+5.4 ms clock, 2.4+0/1.4/0+109 ms cpu, 279->314->156 MB, 307 MB goal, 0 MB stacks, 0 MB globals, 20 P
gc 9730 @279.591s 0%: 0.036+1.6+0.004 ms clock, 0.72+0.032/0.68/0+0.092 ms cpu, 278->291->139 MB, 314 MB goal, 0 MB stacks, 0 MB globals, 20 P
gc 9731 @279.600s 0%: 0.032+0.33+0.025 ms clock, 0.64+0.051/0.72/0+0.50 ms cpu, 248->249->135 MB, 278 MB goal, 0 MB stacks, 0 MB globals, 20 P
gc 9732 @279.608s 0%: 0.45+0.61+0.030 ms clock, 9.1+0/1.0/0+0.60 ms cpu, 239->253->140 MB, 270 MB goal, 0 MB stacks, 0 MB globals, 20 P
gc 9733 @279.618s 0%: 0.051+1.1+0.025 ms clock, 1.0+0/1.7/0+0.51 ms cpu, 247->247->144 MB, 280 MB goal, 0 MB stacks, 0 MB globals, 20 P
gc 9734 @279.630s 0%: 1.1+5.6+2.1 ms clock, 22+0/1.0/0+43 ms cpu, 255->300->162 MB, 290 MB goal, 0 MB stacks, 0 MB globals, 20 P
gc 9735 @279.652s 0%: 0.10+1.6+0.083 ms clock, 2.0+0/1.4/0+1.6 ms cpu, 283->302->137 MB, 326 MB goal, 0 MB stacks, 0 MB globals, 20 P
gc 9736 @279.659s 0%: 0.49+2.1+0.020 ms clock, 9.8+0/2.4/0+0.41 ms cpu, 236->250->155 MB, 274 MB goal, 0 MB stacks, 0 MB globals, 20 P
gc 9737 @279.673s 0%: 1.0+1.7+0.022 ms clock, 20+0/1.6/0.002+0.44 ms cpu, 274->294->153 MB, 312 MB goal, 0 MB stacks, 0 MB globals, 20 P
gc 9738 @279.687s 0%: 0.066+2.8+0.008 ms clock, 1.3+0/3.3/0.003+0.17 ms cpu, 276->276->155 MB, 306 MB goal, 0 MB stacks, 0 MB globals, 20 P
gc 9739 @279.700s 0%: 0.30+1.1+0.003 ms clock, 6.0+0/1.5/0+0.079 ms cpu, 267->276->137 MB, 312 MB goal, 0 MB stacks, 0 MB globals, 20 P
gc 9740 @279.710s 0%: 0.033+0.75+0.14 ms clock, 0.67+0.028/0.75/0+2.8 ms cpu, 234->243->151 MB, 275 MB goal, 0 MB stacks, 0 MB globals, 20 P
gc 9741 @279.722s 0%: 0.10+3.1+0.008 ms clock, 2.0+0/3.4/0+0.16 ms cpu, 311->311->159 MB, 312 MB goal, 0 MB stacks, 0 MB globals, 20 P
gc 9742 @279.736s 0%: 0.27+2.3+0.006 ms clock, 5.5+0/1.7/0+0.12 ms cpu, 301->314->151 MB, 318 MB goal, 0 MB stacks, 0 MB globals, 20 P
gc 9743 @279.751s 0%: 0.87+0.77+0.022 ms clock, 17+0.065/1.0/0+0.44 ms cpu, 289->302->144 MB, 304 MB goal, 0 MB stacks, 0 MB globals, 20 P
gc 9744 @279.763s 0%: 0.022+1.9+0.006 ms clock, 0.45+0.074/1.9/0+0.12 ms cpu, 273->283->132 MB, 288 MB goal, 0 MB stacks, 0 MB globals, 20 P
gc 9745 @279.776s 0%: 0.77+2.6+0.079 ms clock, 15+0/3.1/0+1.5 ms cpu, 257->277->153 MB, 265 MB goal, 0 MB stacks, 0 MB globals, 20 P
gc 9746 @279.792s 0%: 0.35+0.53+0.003 ms clock, 7.0+0/0.98/0+0.078 ms cpu, 289->289->126 MB, 307 MB goal, 0 MB stacks, 0 MB globals, 20 P
gc 9747 @279.800s 0%: 0.044+0.78+0.018 ms clock, 0.88+0/1.2/0+0.36 ms cpu, 236->236->142 MB, 252 MB goal, 0 MB stacks, 0 MB globals, 20 P
gc 9748 @279.813s 0%: 1.8+0.86+0.28 ms clock, 36+0/1.0/0+5.6 ms cpu, 265->286->143 MB, 285 MB goal, 0 MB stacks, 0 MB globals, 20 P
gc 9749 @279.827s 0%: 0.038+0.66+0.012 ms clock, 0.77+0/1.1/0.016+0.25 ms cpu, 271->271->143 MB, 286 MB goal, 0 MB stacks, 0 MB globals, 20 P
gc 9750 @279.837s 0%: 0.045+0.50+0.055 ms clock, 0.91+0.040/0.72/0.022+1.1 ms cpu, 271->271->147 MB, 287 MB goal, 0 MB stacks, 0 MB globals, 20 P
gc 9751 @279.852s 0%: 0.042+1.7+0.003 ms clock, 0.84+0/2.2/0+0.060 ms cpu, 286->286->143 MB, 295 MB goal, 0 MB stacks, 0 MB globals, 20 P
gc 9752 @279.864s 0%: 0.19+3.3+1.1 ms clock, 3.8+0.11/1.2/0.006+22 ms cpu, 268->301->160 MB, 286 MB goal, 0 MB stacks, 0 MB globals, 20 P
gc 9753 @279.880s 0%: 0.38+1.9+3.3 ms clock, 7.6+0/1.3/0+66 ms cpu, 288->316->153 MB, 320 MB goal, 0 MB stacks, 0 MB globals, 20 P
gc 9754 @279.899s 0%: 0.17+0.51+0.39 ms clock, 3.5+0/0.97/0+7.9 ms cpu, 274->279->124 MB, 306 MB goal, 0 MB stacks, 0 MB globals, 20 P
gc 9755 @279.906s 0%: 0.021+4.2+0.015 ms clock, 0.43+0/1.9/0+0.30 ms cpu, 223->253->170 MB, 249 MB goal, 0 MB stacks, 0 MB globals, 20 P
gc 9756 @279.924s 0%: 4.8+13+3.8 ms clock, 96+0/9.9/0+76 ms cpu, 309->341->169 MB, 340 MB goal, 0 MB stacks, 0 MB globals, 20 P
gc 9757 @279.963s 0%: 1.0+3.1+0.091 ms clock, 21+0/1.7/0+1.8 ms cpu, 311->351->176 MB, 340 MB goal, 0 MB stacks, 0 MB globals, 20 P
gc 9758 @279.982s 0%: 0.27+2.0+0.027 ms clock, 5.5+0/1.8/0.042+0.54 ms cpu, 319->345->163 MB, 354 MB goal, 0 MB stacks, 0 MB globals, 20 P
gc 9759 @279.994s 0%: 0.28+1.3+0.004 ms clock, 5.6+0/1.7/0+0.088 ms cpu, 286->294->136 MB, 326 MB goal, 0 MB stacks, 0 MB globals, 20 P
gc 9760 @280.008s 0%: 0.39+2.5+0.047 ms clock, 7.9+0/1.4/0+0.94 ms cpu, 236->264->144 MB, 273 MB goal, 0 MB stacks, 0 MB globals, 20 P
gc 9761 @280.022s 0%: 0.044+0.51+0.010 ms clock, 0.89+0/0.99/0+0.20 ms cpu, 248->248->137 MB, 289 MB goal, 0 MB stacks, 0 MB globals, 20 P
gc 9762 @280.030s 0%: 0.061+1.7+0.010 ms clock, 1.2+0/1.6/0.004+0.20 ms cpu, 239->245->145 MB, 276 MB goal, 0 MB stacks, 0 MB globals, 20 P
gc 9763 @280.040s 0%: 0.040+0.84+0.009 ms clock, 0.80+0/1.5/0+0.19 ms cpu, 256->256->144 MB, 292 MB goal, 0 MB stacks, 0 MB globals, 20 P
gc 9764 @280.050s 0%: 0.042+6.8+5.8 ms clock, 0.84+0/5.1/0+117 ms cpu, 253->285->150 MB, 288 MB goal, 0 MB stacks, 0 MB globals, 20 P
gc 9765 @280.072s 0%: 0.040+3.2+0.14 ms clock, 0.81+0/3.5/0+2.9 ms cpu, 276->281->148 MB, 301 MB goal, 0 MB stacks, 0 MB globals, 20 P
gc 9766 @280.082s 0%: 0.038+1.3+0.011 ms clock, 0.76+0/1.9/0+0.23 ms cpu, 275->275->152 MB, 297 MB goal, 0 MB stacks, 0 MB globals, 20 P
gc 9767 @280.095s 0%: 0.041+0.48+0.020 ms clock, 0.82+0/0.80/0.036+0.41 ms cpu, 278->278->142 MB, 305 MB goal, 0 MB stacks, 0 MB globals, 20 P
gc 9768 @280.104s 0%: 0.045+0.83+0.008 ms clock, 0.90+0/1.1/0+0.17 ms cpu, 255->255->148 MB, 285 MB goal, 0 MB stacks, 0 MB globals, 20 P
gc 9769 @280.115s 0%: 0.35+7.9+3.1 ms clock, 7.1+0/1.5/0+63 ms cpu, 271->312->168 MB, 296 MB goal, 0 MB stacks, 0 MB globals, 20 P
gc 9770 @280.138s 0%: 0.34+4.8+0.023 ms clock, 6.9+0/1.3/0+0.47 ms cpu, 303->336->157 MB, 336 MB goal, 0 MB stacks, 0 MB globals, 20 P
gc 9771 @280.154s 0%: 0.017+3.5+0.004 ms clock, 0.35+0.20/2.6/0+0.091 ms cpu, 277->307->147 MB, 315 MB goal, 0 MB stacks, 0 MB globals, 20 P
gc 9772 @280.167s 0%: 0.29+2.3+2.3 ms clock, 5.8+0/1.3/0.001+46 ms cpu, 261->288->147 MB, 296 MB goal, 0 MB stacks, 0 MB globals, 20 P
gc 9773 @280.182s 0%: 1.4+1.2+0.070 ms clock, 29+0/1.0/0.003+1.4 ms cpu, 255->269->126 MB, 296 MB goal, 0 MB stacks, 0 MB globals, 20 P
gc 9774 @280.192s 0%: 0.025+1.3+0.099 ms clock, 0.50+0/1.7/0+1.9 ms cpu, 225->227->118 MB, 252 MB goal, 0 MB stacks, 0 MB globals, 20 P
gc 9775 @280.199s 0%: 0.036+1.0+0.012 ms clock, 0.72+0/1.6/0+0.24 ms cpu, 208->208->146 MB, 237 MB goal, 0 MB stacks, 0 MB globals, 20 P
gc 9776 @280.209s 0%: 2.6+0.68+0.058 ms clock, 53+0/1.0/0+1.1 ms cpu, 261->278->139 MB, 292 MB goal, 0 MB stacks, 0 MB globals, 20 P
gc 9777 @280.225s 0%: 0.018+0.71+0.004 ms clock, 0.37+0.094/0.75/0.023+0.088 ms cpu, 248->257->120 MB, 278 MB goal, 0 MB stacks, 0 MB globals, 20 P
gc 9778 @280.230s 0%: 1.0+7.7+0.10 ms clock, 20+0/8.0/0+2.1 ms cpu, 225->239->148 MB, 240 MB goal, 0 MB stacks, 0 MB globals, 20 P
gc 9779 @280.255s 0%: 0.37+3.0+0.004 ms clock, 7.5+0/3.3/0+0.091 ms cpu, 280->280->127 MB, 296 MB goal, 0 MB stacks, 0 MB globals, 20 P
gc 9780 @280.269s 0%: 0.020+0.96+0.14 ms clock, 0.40+0/0.95/0.095+2.9 ms cpu, 242->250->125 MB, 255 MB goal, 0 MB stacks, 0 MB globals, 20 P
gc 9781 @280.276s 0%: 1.0+3.4+0.005 ms clock, 21+0/3.8/0.011+0.11 ms cpu, 242->242->139 MB, 252 MB goal, 0 MB stacks, 0 MB globals, 20 P
gc 9782 @280.291s 0%: 0.65+4.1+0.006 ms clock, 13+0/1.7/0+0.13 ms cpu, 262->286->153 MB, 280 MB goal, 0 MB stacks, 0 MB globals, 20 P
gc 9783 @280.308s 0%: 3.4+0.59+0.005 ms clock, 68+0.025/0.86/0+0.11 ms cpu, 282->286->130 MB, 306 MB goal, 0 MB stacks, 0 MB globals, 20 P
gc 9784 @280.322s 0%: 0.023+3.7+0.062 ms clock, 0.46+0.048/0.98/0+1.2 ms cpu, 237->267->169 MB, 260 MB goal, 0 MB stacks, 0 MB globals, 20 P
gc 9785 @280.340s 0%: 0.054+2.4+4.1 ms clock, 1.0+0/0.88/0+83 ms cpu, 310->328->150 MB, 338 MB goal, 0 MB stacks, 0 MB globals, 20 P
gc 9786 @280.358s 0%: 0.16+2.0+0.27 ms clock, 3.3+0/1.0/0+5.4 ms cpu, 275->293->135 MB, 301 MB goal, 0 MB stacks, 0 MB globals, 20 P
gc 9787 @280.372s 0%: 0.058+0.53+0.013 ms clock, 1.1+0.072/0.78/0+0.27 ms cpu, 241->244->109 MB, 271 MB goal, 0 MB stacks, 0 MB globals, 20 P
gc 9788 @280.379s 0%: 0.021+1.4+0.004 ms clock, 0.42+0.23/1.5/0+0.083 ms cpu, 194->204->134 MB, 220 MB goal, 0 MB stacks, 0 MB globals, 20 P
gc 9789 @280.390s 0%: 0.25+1.1+0.30 ms clock, 5.0+0/0.74/0+6.1 ms cpu, 241->258->130 MB, 270 MB goal, 0 MB stacks, 0 MB globals, 20 P
gc 9790 @280.399s 0%: 0.11+0.57+0.10 ms clock, 2.2+0.032/0.68/0.043+2.1 ms cpu, 243->248->137 MB, 261 MB goal, 0 MB stacks, 0 MB globals, 20 P
gc 9791 @280.412s 0%: 4.1+11+0.005 ms clock, 82+0/12/0.001+0.11 ms cpu, 270->270->132 MB, 276 MB goal, 0 MB stacks, 0 MB globals, 20 P
gc 9792 @280.437s 0%: 0.037+0.65+0.38 ms clock, 0.75+0/1.0/0+7.6 ms cpu, 249->254->162 MB, 266 MB goal, 0 MB stacks, 0 MB globals, 20 P
gc 9793 @280.453s 0%: 0.059+0.60+0.12 ms clock, 1.1+0/0.84/0+2.5 ms cpu, 307->311->145 MB, 324 MB goal, 0 MB stacks, 0 MB globals, 20 P
gc 9794 @280.467s 0%: 0.045+2.1+0.009 ms clock, 0.91+0/1.4/0+0.19 ms cpu, 283->291->143 MB, 290 MB goal, 0 MB stacks, 0 MB globals, 20 P
gc 9795 @280.481s 0%: 0.22+1.3+0.006 ms clock, 4.4+0/1.1/0.12+0.13 ms cpu, 274->280->136 MB, 287 MB goal, 0 MB stacks, 0 MB globals, 20 P
gc 9796 @280.493s 0%: 0.096+1.0+0.007 ms clock, 1.9+0/1.7/0+0.14 ms cpu, 272->272->108 MB, 272 MB goal, 0 MB stacks, 0 MB globals, 20 P
gc 9797 @280.502s 0%: 0.018+0.61+0.082 ms clock, 0.36+0.037/0.93/0+1.6 ms cpu, 210->210->110 MB, 216 MB goal, 0 MB stacks, 0 MB globals, 20 P
gc 9798 @280.513s 0%: 0.045+3.5+2.8 ms clock, 0.91+0/1.4/0.014+57 ms cpu, 214->230->139 MB, 221 MB goal, 0 MB stacks, 0 MB globals, 20 P
gc 9799 @280.532s 0%: 0.10+0.56+0.16 ms clock, 2.1+0.072/0.81/0+3.2 ms cpu, 269->269->121 MB, 278 MB goal, 0 MB stacks, 0 MB globals, 20 P
gc 9800 @280.543s 0%: 0.044+0.66+0.048 ms clock, 0.89+0/1.1/0+0.97 ms cpu, 245->245->134 MB, 246 MB goal, 0 MB stacks, 0 MB globals, 20 P
gc 9801 @280.556s 0%: 0.060+5.8+0.005 ms clock, 1.2+0.006/1.3/0+0.11 ms cpu, 258->288->146 MB, 268 MB goal, 0 MB stacks, 0 MB globals, 20 P
gc 9802 @280.571s 0%: 0.24+0.66+0.006 ms clock, 4.9+0/1.1/0+0.12 ms cpu, 264->264->114 MB, 293 MB goal, 0 MB stacks, 0 MB globals, 20 P
gc 9803 @280.577s 0%: 0.037+3.2+0.005 ms clock, 0.75+0/0.72/0.002+0.11 ms cpu, 202->202->153 MB, 228 MB goal, 0 MB stacks, 0 MB globals, 20 P
gc 9804 @280.593s 0%: 0.037+0.85+0.013 ms clock, 0.74+0/1.2/0+0.26 ms cpu, 280->280->132 MB, 306 MB goal, 0 MB stacks, 0 MB globals, 20 P
gc 9805 @280.600s 0%: 0.042+1.1+1.5 ms clock, 0.84+0/1.6/0.012+31 ms cpu, 235->247->150 MB, 265 MB goal, 0 MB stacks, 0 MB globals, 20 P
gc 9806 @280.612s 0%: 0.53+7.6+0.006 ms clock, 10+0/1.9/0+0.12 ms cpu, 273->302->148 MB, 300 MB goal, 0 MB stacks, 0 MB globals, 20 P
gc 9807 @280.631s 0%: 0.020+1.3+0.002 ms clock, 0.41+0.021/1.8/0+0.059 ms cpu, 276->286->128 MB, 297 MB goal, 0 MB stacks, 0 MB globals, 20 P
gc 9808 @280.641s 0%: 0.21+0.86+0.016 ms clock, 4.2+0/1.5/0.001+0.33 ms cpu, 229->233->114 MB, 257 MB goal, 0 MB stacks, 0 MB globals, 20 P
gc 9809 @280.646s 0%: 0.86+2.0+0.022 ms clock, 17+0/2.4/0+0.44 ms cpu, 202->226->152 MB, 228 MB goal, 0 MB stacks, 0 MB globals, 20 P
gc 9810 @280.662s 0%: 1.1+4.9+0.008 ms clock, 22+0/5.3/0+0.16 ms cpu, 277->288->134 MB, 304 MB goal, 0 MB stacks, 0 MB globals, 20 P
gc 9811 @280.677s 0%: 0.59+3.3+4.1 ms clock, 11+0/1.5/0+83 ms cpu, 247->272->142 MB, 270 MB goal, 0 MB stacks, 0 MB globals, 20 P
gc 9812 @280.695s 0%: 0.033+2.9+0.006 ms clock, 0.67+0/1.8/0+0.13 ms cpu, 276->287->130 MB, 285 MB goal, 0 MB stacks, 0 MB globals, 20 P
gc 9813 @280.708s 0%: 0.28+0.35+0.022 ms clock, 5.6+0.068/1.0/0+0.45 ms cpu, 236->237->107 MB, 261 MB goal, 0 MB stacks, 0 MB globals, 20 P
gc 9814 @280.718s 0%: 0.024+2.3+0.15 ms clock, 0.49+0.16/1.2/0+3.0 ms cpu, 193->220->136 MB, 215 MB goal, 0 MB stacks, 0 MB globals, 20 P
gc 9815 @280.734s 0%: 0.021+5.7+2.5 ms clock, 0.42+0.25/2.7/0+51 ms cpu, 247->286->146 MB, 274 MB goal, 0 MB stacks, 0 MB globals, 20 P
gc 9816 @280.752s 0%: 0.023+9.1+3.4 ms clock, 0.46+0.18/1.2/0.032+69 ms cpu, 257->317->167 MB, 292 MB goal, 0 MB stacks, 0 MB globals, 20 P
gc 9817 @280.775s 0%: 0.047+2.5+0.055 ms clock, 0.94+0/1.1/0+1.1 ms cpu, 303->322->144 MB, 335 MB goal, 0 MB stacks, 0 MB globals, 20 P
gc 9818 @280.788s 0%: 0.046+1.0+0.018 ms clock, 0.92+0/1.6/0.002+0.36 ms cpu, 246->246->134 MB, 288 MB goal, 0 MB stacks, 0 MB globals, 20 P
gc 9819 @280.797s 0%: 0.023+1.0+0.017 ms clock, 0.47+0.10/2.0/0.003+0.35 ms cpu, 234->240->112 MB, 269 MB goal, 0 MB stacks, 0 MB globals, 20 P
gc 9820 @280.809s 0%: 0.11+0.79+0.15 ms clock, 2.2+0/0.97/0.002+3.0 ms cpu, 196->196->149 MB, 225 MB goal, 0 MB stacks, 0 MB globals, 20 P
gc 9821 @280.823s 0%: 2.7+10+0.008 ms clock, 55+0/5.7/0+0.17 ms cpu, 262->286->144 MB, 299 MB goal, 0 MB stacks, 0 MB globals, 20 P
gc 9822 @280.845s 0%: 0.18+1.7+0.021 ms clock, 3.6+0/1.7/0.025+0.42 ms cpu, 247->264->132 MB, 288 MB goal, 0 MB stacks, 0 MB globals, 20 P
gc 9823 @280.855s 0%: 0.58+4.2+0.027 ms clock, 11+0/3.2/0+0.55 ms cpu, 229->268->159 MB, 265 MB goal, 0 MB stacks, 0 MB globals, 20 P
gc 9824 @280.872s 0%: 0.022+9.6+0.085 ms clock, 0.45+0/6.6/0.006+1.7 ms cpu, 291->327->156 MB, 319 MB goal, 0 MB stacks, 0 MB globals, 20 P
gc 9825 @280.892s 0%: 0.92+0.97+0.021 ms clock, 18+0/1.3/0+0.42 ms cpu, 280->292->130 MB, 312 MB goal, 0 MB stacks, 0 MB globals, 20 P
gc 9826 @280.903s 0%: 0.19+1.2+0.44 ms clock, 3.8+0/1.8/0+8.8 ms cpu, 227->245->129 MB, 261 MB goal, 0 MB stacks, 0 MB globals, 20 P
gc 9827 @280.916s 0%: 0.018+0.94+0.003 ms clock, 0.36+0.027/1.0/0+0.067 ms cpu, 226->229->110 MB, 259 MB goal, 0 MB stacks, 0 MB globals, 20 P
gc 9828 @280.921s 0%: 1.1+1.1+0.030 ms clock, 22+0/1.6/0+0.60 ms cpu, 196->211->135 MB, 221 MB goal, 0 MB stacks, 0 MB globals, 20 P
gc 9829 @280.935s 0%: 3.7+3.8+0.004 ms clock, 75+0/4.3/0.001+0.080 ms cpu, 239->249->122 MB, 271 MB goal, 0 MB stacks, 0 MB globals, 20 P
gc 9830 @280.951s 0%: 0.035+0.74+0.009 ms clock, 0.70+0.10/1.0/0.011+0.19 ms cpu, 230->230->103 MB, 245 MB goal, 0 MB stacks, 0 MB globals, 20 P
gc 9831 @280.960s 0%: 0.068+1.2+0.006 ms clock, 1.3+0.10/0.79/0+0.13 ms cpu, 195->200->119 MB, 208 MB goal, 0 MB stacks, 0 MB globals, 20 P
gc 9832 @280.971s 0%: 0.53+0.41+0.17 ms clock, 10+0.083/0.63/0+3.4 ms cpu, 225->229->117 MB, 238 MB goal, 0 MB stacks, 0 MB globals, 20 P
gc 9833 @280.980s 0%: 0.050+0.61+0.067 ms clock, 1.0+0/0.76/0+1.3 ms cpu, 220->223->132 MB, 234 MB goal, 0 MB stacks, 0 MB globals, 20 P
gc 9834 @280.992s 0%: 4.0+0.83+6.8 ms clock, 80+0/0.99/0+136 ms cpu, 256->272->129 MB, 265 MB goal, 0 MB stacks, 0 MB globals, 20 P
gc 9835 @281.014s 0%: 0.18+0.85+0.23 ms clock, 3.6+0/0.70/0+4.6 ms cpu, 246->257->118 MB, 259 MB goal, 0 MB stacks, 0 MB globals, 20 P
gc 9836 @281.021s 0%: 0.045+2.7+0.025 ms clock, 0.90+0/3.3/0+0.51 ms cpu, 229->242->152 MB, 236 MB goal, 0 MB stacks, 0 MB globals, 20 P
gc 9837 @281.043s 0%: 0.045+0.47+0.082 ms clock, 0.90+0.029/0.60/0+1.6 ms cpu, 301->301->121 MB, 305 MB goal, 0 MB stacks, 0 MB globals, 20 P
gc 9838 @281.053s 0%: 0.042+0.67+0.009 ms clock, 0.84+0/1.2/0.028+0.19 ms cpu, 228->228->129 MB, 243 MB goal, 0 MB stacks, 0 MB globals, 20 P
gc 9839 @281.063s 0%: 0.16+0.60+0.011 ms clock, 3.2+0/0.77/0+0.23 ms cpu, 243->248->116 MB, 258 MB goal, 0 MB stacks, 0 MB globals, 20 P
gc 9840 @281.069s 0%: 3.3+5.9+0.004 ms clock, 66+0/6.1/0+0.080 ms cpu, 217->217->132 MB, 233 MB goal, 0 MB stacks, 0 MB globals, 20 P
gc 9841 @281.089s 0%: 0.085+5.5+0.009 ms clock, 1.7+0/5.7/0.007+0.18 ms cpu, 272->272->159 MB, 272 MB goal, 0 MB stacks, 0 MB globals, 20 P
gc 9842 @281.110s 0%: 0.019+10+0.30 ms clock, 0.39+0/5.2/0+6.0 ms cpu, 313->358->167 MB, 320 MB goal, 0 MB stacks, 0 MB globals, 20 P
gc 9843 @281.131s 0%: 0.081+0.66+0.005 ms clock, 1.6+0/1.1/0+0.10 ms cpu, 295->295->125 MB, 335 MB goal, 0 MB stacks, 0 MB globals, 20 P
gc 9844 @281.137s 0%: 0.046+0.39+0.087 ms clock, 0.92+0/0.76/0+1.7 ms cpu, 219->219->164 MB, 252 MB goal, 0 MB stacks, 0 MB globals, 20 P
gc 9845 @281.147s 0%: 0.24+1.3+0.024 ms clock, 4.8+0/1.7/0.028+0.49 ms cpu, 290->301->148 MB, 329 MB goal, 0 MB stacks, 0 MB globals, 20 P
gc 9846 @281.158s 0%: 2.3+0.50+0.003 ms clock, 47+0/0.95/0+0.078 ms cpu, 253->253->115 MB, 296 MB goal, 0 MB stacks, 0 MB globals, 20 P
gc 9847 @281.167s 0%: 0.27+0.45+0.31 ms clock, 5.5+0/0.87/0.005+6.2 ms cpu, 197->200->116 MB, 232 MB goal, 0 MB stacks, 0 MB globals, 20 P
gc 9848 @281.174s 0%: 0.039+0.63+0.29 ms clock, 0.78+0/0.78/0.017+5.8 ms cpu, 209->216->134 MB, 233 MB goal, 0 MB stacks, 0 MB globals, 20 P
gc 9849 @281.182s 0%: 0.089+0.80+0.42 ms clock, 1.7+0/1.0/0+8.5 ms cpu, 232->238->139 MB, 269 MB goal, 0 MB stacks, 0 MB globals, 20 P
gc 9850 @281.193s 0%: 0.091+8.5+1.1 ms clock, 1.8+0/3.0/0.011+22 ms cpu, 237->262->138 MB, 278 MB goal, 0 MB stacks, 0 MB globals, 20 P
gc 9851 @281.212s 0%: 0.18+0.38+0.003 ms clock, 3.6+0/0.79/0+0.077 ms cpu, 250->250->106 MB, 276 MB goal, 0 MB stacks, 0 MB globals, 20 P
gc 9852 @281.216s 0%: 0.020+5.7+0.035 ms clock, 0.41+0.21/1.9/0+0.70 ms cpu, 189->228->162 MB, 212 MB goal, 0 MB stacks, 0 MB globals, 20 P
gc 9853 @281.236s 0%: 0.86+8.2+0.12 ms clock, 17+0/3.7/0+2.5 ms cpu, 288->313->146 MB, 324 MB goal, 0 MB stacks, 0 MB globals, 20 P
gc 9854 @281.256s 0%: 0.35+2.2+5.7 ms clock, 7.0+0/1.5/0+115 ms cpu, 258->299->158 MB, 294 MB goal, 0 MB stacks, 0 MB globals, 20 P
gc 9855 @281.276s 0%: 0.033+1.9+0.015 ms clock, 0.67+0/0.79/0+0.31 ms cpu, 291->295->130 MB, 317 MB goal, 0 MB stacks, 0 MB globals, 20 P
gc 9856 @281.287s 0%: 0.017+0.85+0.065 ms clock, 0.34+0/1.2/0+1.3 ms cpu, 225->225->106 MB, 261 MB goal, 0 MB stacks, 0 MB globals, 20 P
gc 9857 @281.292s 0%: 0.59+0.98+0.051 ms clock, 11+0/1.2/0.001+1.0 ms cpu, 185->208->146 MB, 213 MB goal, 0 MB stacks, 0 MB globals, 20 P
gc 9858 @281.304s 0%: 0.25+2.3+0.20 ms clock, 5.1+0/1.4/0+4.0 ms cpu, 253->284->147 MB, 292 MB goal, 0 MB stacks, 0 MB globals, 20 P
gc 9859 @281.316s 0%: 0.031+0.32+0.005 ms clock, 0.62+0/0.88/0.001+0.11 ms cpu, 255->257->114 MB, 295 MB goal, 0 MB stacks, 0 MB globals, 20 P
gc 9860 @281.321s 0%: 0.74+1.1+0.077 ms clock, 14+0/1.4/0+1.5 ms cpu, 205->219->145 MB, 229 MB goal, 0 MB stacks, 0 MB globals, 20 P
gc 9861 @281.334s 0%: 0.15+1.4+0.003 ms clock, 3.0+0/1.6/0+0.061 ms cpu, 266->275->133 MB, 290 MB goal, 0 MB stacks, 0 MB globals, 20 P
gc 9862 @281.344s 0%: 0.032+0.72+0.008 ms clock, 0.65+0/0.74/0+0.17 ms cpu, 237->242->145 MB, 267 MB goal, 0 MB stacks, 0 MB globals, 20 P
gc 9863 @281.353s 0%: 0.039+2.2+0.014 ms clock, 0.79+0/2.6/0+0.29 ms cpu, 264->264->148 MB, 291 MB goal, 0 MB stacks, 0 MB globals, 20 P
gc 9864 @281.365s 0%: 0.060+0.50+0.081 ms clock, 1.2+0/0.79/0+1.6 ms cpu, 275->275->166 MB, 296 MB goal, 0 MB stacks, 0 MB globals, 20 P
gc 9865 @281.381s 0%: 0.21+0.42+0.005 ms clock, 4.2+0.085/0.87/0+0.10 ms cpu, 303->304->119 MB, 333 MB goal, 0 MB stacks, 0 MB globals, 20 P
gc 9866 @281.389s 0%: 1.2+0.53+0.071 ms clock, 24+0/0.90/0.007+1.4 ms cpu, 226->226->149 MB, 238 MB goal, 0 MB stacks, 0 MB globals, 20 P
gc 9867 @281.403s 0%: 0.043+0.95+0.005 ms clock, 0.87+0/1.2/0+0.10 ms cpu, 289->289->143 MB, 299 MB goal, 0 MB stacks, 0 MB globals, 20 P
gc 9868 @281.413s 0%: 5.2+0.68+0.018 ms clock, 104+0/0.93/0+0.37 ms cpu, 274->277->127 MB, 286 MB goal, 0 MB stacks, 0 MB globals, 20 P
gc 9869 @281.427s 0%: 0.042+1.0+0.020 ms clock, 0.85+0/0.91/0+0.41 ms cpu, 241->247->148 MB, 255 MB goal, 0 MB stacks, 0 MB globals, 20 P
gc 9870 @281.441s 0%: 0.041+5.8+0.081 ms clock, 0.83+0/5.5/0+1.6 ms cpu, 293->327->188 MB, 296 MB goal, 0 MB stacks, 0 MB globals, 20 P
gc 9871 @281.462s 0%: 0.55+5.7+5.6 ms clock, 11+0/2.9/0.078+112 ms cpu, 342->379->164 MB, 377 MB goal, 0 MB stacks, 0 MB globals, 20 P
gc 9872 @281.484s 0%: 0.020+1.9+0.55 ms clock, 0.40+0/1.5/0.001+11 ms cpu, 296->315->145 MB, 329 MB goal, 0 MB stacks, 0 MB globals, 20 P
gc 9873 @281.495s 0%: 0.74+1.1+0.033 ms clock, 14+0/1.4/0+0.66 ms cpu, 255->269->145 MB, 291 MB goal, 0 MB stacks, 0 MB globals, 20 P
gc 9874 @281.508s 0%: 0.75+0.42+0.006 ms clock, 15+0/0.90/0+0.13 ms cpu, 256->256->121 MB, 292 MB goal, 0 MB stacks, 0 MB globals, 20 P
gc 9875 @281.514s 0%: 0.036+1.4+0.015 ms clock, 0.72+0/1.6/0+0.31 ms cpu, 216->216->151 MB, 243 MB goal, 0 MB stacks, 0 MB globals, 20 P
gc 9876 @281.526s 0%: 0.18+8.9+0.026 ms clock, 3.7+0/6.3/0+0.52 ms cpu, 279->305->153 MB, 304 MB goal, 0 MB stacks, 0 MB globals, 20 P
gc 9877 @281.546s 0%: 0.36+1.0+0.004 ms clock, 7.2+0/1.3/0.011+0.083 ms cpu, 272->278->128 MB, 307 MB goal, 0 MB stacks, 0 MB globals, 20 P
gc 9878 @281.556s 0%: 0.046+0.74+0.19 ms clock, 0.93+0.028/0.87/0+3.9 ms cpu, 221->229->115 MB, 257 MB goal, 0 MB stacks, 0 MB globals, 20 P
gc 9879 @281.563s 0%: 0.36+1.9+0.091 ms clock, 7.3+0/1.7/0+1.8 ms cpu, 213->238->154 MB, 232 MB goal, 0 MB stacks, 0 MB globals, 20 P
gc 9880 @281.583s 0%: 0.023+10+3.4 ms clock, 0.47+0.18/3.8/0.001+68 ms cpu, 287->325->166 MB, 309 MB goal, 0 MB stacks, 0 MB globals, 20 P
gc 9881 @281.608s 0%: 0.091+4.7+3.1 ms clock, 1.8+0/1.3/0+62 ms cpu, 300->339->165 MB, 332 MB goal, 0 MB stacks, 0 MB globals, 20 P
gc 9882 @281.626s 0%: 0.098+1.6+1.1 ms clock, 1.9+0/1.8/0+22 ms cpu, 296->324->152 MB, 330 MB goal, 0 MB stacks, 0 MB globals, 20 P
gc 9883 @281.638s 0%: 0.10+0.72+0.007 ms clock, 2.0+0/1.2/0+0.15 ms cpu, 273->273->146 MB, 306 MB goal, 0 MB stacks, 0 MB globals, 20 P
gc 9884 @281.647s 0%: 0.077+1.5+0.006 ms clock, 1.5+0/2.0/0+0.13 ms cpu, 260->271->131 MB, 293 MB goal, 0 MB stacks, 0 MB globals, 20 P
gc 9885 @281.656s 0%: 0.15+0.36+0.049 ms clock, 3.1+0.029/0.68/0.002+0.98 ms cpu, 226->226->135 MB, 263 MB goal, 0 MB stacks, 0 MB globals, 20 P
gc 9886 @281.665s 0%: 3.0+0.44+0.013 ms clock, 60+0/0.98/0.009+0.26 ms cpu, 234->234->128 MB, 271 MB goal, 0 MB stacks, 0 MB globals, 20 P
gc 9887 @281.677s 0%: 0.058+0.53+0.088 ms clock, 1.1+0/0.99/0+1.7 ms cpu, 221->223->141 MB, 257 MB goal, 0 MB stacks, 0 MB globals, 20 P
gc 9888 @281.690s 0%: 0.12+1.0+0.004 ms clock, 2.5+0.028/0.82/0+0.087 ms cpu, 246->254->124 MB, 283 MB goal, 0 MB stacks, 0 MB globals, 20 P
gc 9889 @281.697s 0%: 0.39+1.5+0.003 ms clock, 7.8+0/2.0/0+0.060 ms cpu, 237->237->137 MB, 249 MB goal, 0 MB stacks, 0 MB globals, 20 P
gc 9890 @281.711s 0%: 0.061+6.4+0.10 ms clock, 1.2+0/6.7/0.008+2.0 ms cpu, 260->300->165 MB, 275 MB goal, 0 MB stacks, 0 MB globals, 20 P
gc 9891 @281.732s 0%: 0.90+7.0+0.90 ms clock, 18+0/1.7/0+18 ms cpu, 295->327->154 MB, 330 MB goal, 0 MB stacks, 0 MB globals, 20 P
gc 9892 @281.753s 0%: 0.035+1.0+0.003 ms clock, 0.71+0/0.80/0.030+0.072 ms cpu, 274->281->127 MB, 308 MB goal, 0 MB stacks, 0 MB globals, 20 P
gc 9893 @281.760s 0%: 0.40+2.3+0.025 ms clock, 8.0+0/2.2/0+0.51 ms cpu, 231->261->169 MB, 255 MB goal, 0 MB stacks, 0 MB globals, 20 P
gc 9894 @281.778s 0%: 0.11+2.3+0.038 ms clock, 2.2+0/1.6/0+0.77 ms cpu, 312->339->165 MB, 339 MB goal, 0 MB stacks, 0 MB globals, 20 P
gc 9895 @281.793s 0%: 0.42+2.2+0.67 ms clock, 8.5+0/1.7/0+13 ms cpu, 298->324->159 MB, 331 MB goal, 0 MB stacks, 0 MB globals, 20 P
gc 9896 @281.806s 0%: 0.90+5.4+0.89 ms clock, 18+0/1.9/0+17 ms cpu, 289->339->176 MB, 320 MB goal, 0 MB stacks, 0 MB globals, 20 P
gc 9897 @281.825s 0%: 0.10+3.0+0.028 ms clock, 2.0+0/2.2/0+0.56 ms cpu, 312->342->157 MB, 352 MB goal, 0 MB stacks, 0 MB globals, 20 P
gc 9898 @281.838s 0%: 0.024+2.4+0.77 ms clock, 0.48+0.13/0.98/0+15 ms cpu, 269->308->157 MB, 316 MB goal, 0 MB stacks, 0 MB globals, 20 P
gc 9899 @281.850s 0%: 0.038+0.75+0.027 ms clock, 0.77+0/1.3/0.036+0.55 ms cpu, 273->273->140 MB, 314 MB goal, 0 MB stacks, 0 MB globals, 20 P
gc 9900 @281.858s 0%: 0.039+1.3+0.018 ms clock, 0.79+0/1.5/0+0.37 ms cpu, 243->243->145 MB, 281 MB goal, 0 MB stacks, 0 MB globals, 20 P
gc 9901 @281.874s 0%: 0.23+1.8+8.5 ms clock, 4.7+0/2.1/0.001+170 ms cpu, 249->274->147 MB, 291 MB goal, 0 MB stacks, 0 MB globals, 20 P
gc 9902 @281.899s 0%: 0.030+4.8+3.4 ms clock, 0.60+0.12/2.3/0.010+68 ms cpu, 252->283->140 MB, 295 MB goal, 0 MB stacks, 0 MB globals, 20 P
gc 9903 @281.918s 0%: 0.022+0.37+0.012 ms clock, 0.44+0.036/0.76/0+0.25 ms cpu, 243->246->110 MB, 281 MB goal, 0 MB stacks, 0 MB globals, 20 P
gc 9904 @281.923s 0%: 0.15+1.5+0.006 ms clock, 3.1+0/2.0/0+0.13 ms cpu, 195->203->132 MB, 222 MB goal, 0 MB stacks, 0 MB globals, 20 P
gc 9905 @281.937s 0%: 0.060+0.94+0.35 ms clock, 1.2+0/1.4/0+7.1 ms cpu, 235->240->146 MB, 265 MB goal, 0 MB stacks, 0 MB globals, 20 P
gc 9906 @281.946s 0%: 4.8+1.7+0.030 ms clock, 96+0/2.4/0.023+0.61 ms cpu, 262->276->150 MB, 293 MB goal, 0 MB stacks, 0 MB globals, 20 P
gc 9907 @281.964s 0%: 0.020+8.0+0.011 ms clock, 0.41+0/1.6/0+0.22 ms cpu, 275->299->153 MB, 301 MB goal, 0 MB stacks, 0 MB globals, 20 P
gc 9908 @281.984s 0%: 0.054+5.7+0.009 ms clock, 1.0+0/6.3/0+0.18 ms cpu, 298->298->155 MB, 306 MB goal, 0 MB stacks, 0 MB globals, 20 P
gc 9909 @281.999s 0%: 0.039+0.89+0.023 ms clock, 0.79+0/1.2/0+0.46 ms cpu, 302->302->151 MB, 312 MB goal, 0 MB stacks, 0 MB globals, 20 P
gc 9910 @282.010s 0%: 0.15+5.6+0.82 ms clock, 3.1+0/1.7/0+16 ms cpu, 287->332->175 MB, 303 MB goal, 0 MB stacks, 0 MB globals, 20 P
gc 9911 @282.030s 0%: 0.033+1.7+0.048 ms clock, 0.66+0.23/1.3/0+0.96 ms cpu, 307->342->163 MB, 351 MB goal, 0 MB stacks, 0 MB globals, 20 P
gc 9912 @282.044s 0%: 0.019+3.1+0.003 ms clock, 0.39+0/3.5/0+0.065 ms cpu, 293->308->142 MB, 327 MB goal, 0 MB stacks, 0 MB globals, 20 P
gc 9913 @282.056s 0%: 0.019+0.91+0.003 ms clock, 0.38+0/1.3/0+0.063 ms cpu, 248->252->121 MB, 285 MB goal, 0 MB stacks, 0 MB globals, 20 P
gc 9914 @282.063s 0%: 0.031+1.2+0.021 ms clock, 0.63+0/1.5/0+0.43 ms cpu, 227->227->149 MB, 242 MB goal, 0 MB stacks, 0 MB globals, 20 P
gc 9915 @282.073s 0%: 0.019+1.4+0.003 ms clock, 0.39+0/1.7/0+0.066 ms cpu, 255->263->132 MB, 299 MB goal, 0 MB stacks, 0 MB globals, 20 P
gc 9916 @282.081s 0%: 0.032+0.64+0.13 ms clock, 0.64+0.035/0.74/0+2.7 ms cpu, 233->234->151 MB, 264 MB goal, 0 MB stacks, 0 MB globals, 20 P
gc 9917 @282.094s 0%: 0.039+3.0+0.089 ms clock, 0.79+0/0.97/0+1.7 ms cpu, 269->278->151 MB, 302 MB goal, 0 MB stacks, 0 MB globals, 20 P
gc 9918 @282.114s 0%: 0.057+0.48+0.078 ms clock, 1.1+0/0.75/0+1.5 ms cpu, 301->301->167 MB, 302 MB goal, 0 MB stacks, 0 MB globals, 20 P
gc 9919 @282.127s 0%: 0.74+2.0+0.008 ms clock, 14+0/2.5/0+0.16 ms cpu, 324->338->153 MB, 334 MB goal, 0 MB stacks, 0 MB globals, 20 P
gc 9920 @282.143s 0%: 1.5+0.96+0.088 ms clock, 30+0/1.4/0.003+1.7 ms cpu, 296->309->148 MB, 307 MB goal, 0 MB stacks, 0 MB globals, 20 P
gc 9921 @282.157s 0%: 0.054+1.9+0.014 ms clock, 1.0+0/1.2/0+0.28 ms cpu, 293->293->142 MB, 297 MB goal, 0 MB stacks, 0 MB globals, 20 P
gc 9922 @282.170s 0%: 0.018+1.3+0.005 ms clock, 0.36+0/1.6/0+0.10 ms cpu, 277->283->131 MB, 286 MB goal, 0 MB stacks, 0 MB globals, 20 P
gc 9923 @282.181s 0%: 0.046+0.34+0.010 ms clock, 0.93+0/0.72/0+0.21 ms cpu, 251->251->141 MB, 263 MB goal, 0 MB stacks, 0 MB globals, 20 P
gc 9924 @282.190s 0%: 0.097+1.2+0.023 ms clock, 1.9+0/1.5/0+0.46 ms cpu, 286->286->152 MB, 286 MB goal, 0 MB stacks, 0 MB globals, 20 P
gc 9925 @282.209s 0%: 1.8+4.5+0.003 ms clock, 36+0/4.9/0+0.076 ms cpu, 305->305->136 MB, 305 MB goal, 0 MB stacks, 0 MB globals, 20 P
gc 9926 @282.228s 0%: 0.020+1.1+0.009 ms clock, 0.40+0.19/1.3/0+0.19 ms cpu, 262->270->132 MB, 273 MB goal, 0 MB stacks, 0 MB globals, 20 P
gc 9927 @282.241s 0%: 0.017+2.3+2.1 ms clock, 0.34+0.057/0.81/0+42 ms cpu, 253->266->129 MB, 265 MB goal, 0 MB stacks, 0 MB globals, 20 P
gc 9928 @282.254s 0%: 3.6+0.41+0.086 ms clock, 73+0.082/0.65/0+1.7 ms cpu, 246->249->125 MB, 258 MB goal, 0 MB stacks, 0 MB globals, 20 P
gc 9929 @282.268s 0%: 0.038+0.78+0.011 ms clock, 0.76+0/0.85/0+0.22 ms cpu, 240->244->144 MB, 251 MB goal, 0 MB stacks, 0 MB globals, 20 P
gc 9930 @282.282s 0%: 0.21+0.52+0.003 ms clock, 4.2+0/0.85/0.026+0.069 ms cpu, 278->278->121 MB, 288 MB goal, 0 MB stacks, 0 MB globals, 20 P
gc 9931 @282.295s 0%: 0.062+0.65+0.027 ms clock, 1.2+0/0.82/0+0.54 ms cpu, 230->233->111 MB, 243 MB goal, 0 MB stacks, 0 MB globals, 20 P
gc 9932 @282.301s 0%: 0.046+1.6+0.006 ms clock, 0.93+0/1.8/0+0.13 ms cpu, 228->228->142 MB, 228 MB goal, 0 MB stacks, 0 MB globals, 20 P
gc 9933 @282.317s 0%: 0.63+0.55+0.004 ms clock, 12+0/1.1/0.011+0.095 ms cpu, 273->273->124 MB, 285 MB goal, 0 MB stacks, 0 MB globals, 20 P
gc 9934 @282.332s 0%: 0.059+1.7+0.41 ms clock, 1.1+0/1.2/0+8.2 ms cpu, 239->258->135 MB, 249 MB goal, 0 MB stacks, 0 MB globals, 20 P
gc 9935 @282.345s 0%: 0.025+0.36+0.009 ms clock, 0.51+0/0.79/0.032+0.19 ms cpu, 251->254->137 MB, 271 MB goal, 0 MB stacks, 0 MB globals, 20 P
gc 9936 @282.354s 0%: 0.053+2.5+0.017 ms clock, 1.0+0/3.1/0+0.34 ms cpu, 274->274->145 MB, 275 MB goal, 0 MB stacks, 0 MB globals, 20 P
gc 9937 @282.370s 0%: 0.23+0.68+2.3 ms clock, 4.6+0/1.0/0.003+47 ms cpu, 276->282->129 MB, 291 MB goal, 0 MB stacks, 0 MB globals, 20 P
gc 9938 @282.387s 0%: 0.18+1.0+0.18 ms clock, 3.6+0/0.75/0.006+3.7 ms cpu, 240->250->121 MB, 259 MB goal, 0 MB stacks, 0 MB globals, 20 P
gc 9939 @282.394s 0%: 0.76+1.6+0.003 ms clock, 15+0/2.0/0+0.066 ms cpu, 231->231->135 MB, 243 MB goal, 0 MB stacks, 0 MB globals, 20 P
gc 9940 @282.409s 0%: 0.31+5.3+0.77 ms clock, 6.3+0/1.4/0+15 ms cpu, 255->297->164 MB, 270 MB goal, 0 MB stacks, 0 MB globals, 20 P
gc 9941 @282.425s 0%: 0.17+1.8+4.8 ms clock, 3.5+0/1.6/0+97 ms cpu, 297->318->142 MB, 330 MB goal, 0 MB stacks, 0 MB globals, 20 P
gc 9942 @282.442s 0%: 1.3+0.87+0.29 ms clock, 26+0/1.3/0.001+5.9 ms cpu, 243->261->147 MB, 285 MB goal, 0 MB stacks, 0 MB globals, 20 P
gc 9943 @282.453s 0%: 0.038+1.5+0.010 ms clock, 0.76+0/1.9/0.011+0.20 ms cpu, 259->259->147 MB, 294 MB goal, 0 MB stacks, 0 MB globals, 20 P
gc 9944 @282.464s 0%: 0.030+5.5+5.2 ms clock, 0.60+0/1.4/0.001+105 ms cpu, 253->304->173 MB, 296 MB goal, 0 MB stacks, 0 MB globals, 20 P
gc 9945 @282.485s 0%: 0.047+3.1+0.003 ms clock, 0.94+0/3.6/0+0.066 ms cpu, 304->317->166 MB, 346 MB goal, 0 MB stacks, 0 MB globals, 20 P
gc 9946 @282.496s 0%: 0.055+0.45+0.019 ms clock, 1.1+0/0.76/0+0.38 ms cpu, 287->287->173 MB, 332 MB goal, 0 MB stacks, 0 MB globals, 20 P
gc 9947 @282.507s 0%: 0.85+3.9+0.080 ms clock, 17+0/4.5/0+1.6 ms cpu, 298->328->168 MB, 346 MB goal, 0 MB stacks, 0 MB globals, 20 P
gc 9948 @282.524s 0%: 0.044+0.33+0.019 ms clock, 0.89+0.051/0.75/0+0.38 ms cpu, 290->290->143 MB, 336 MB goal, 0 MB stacks, 0 MB globals, 20 P
gc 9949 @282.534s 0%: 0.065+1.0+1.4 ms clock, 1.3+0/1.4/0.009+28 ms cpu, 255->260->151 MB, 286 MB goal, 0 MB stacks, 0 MB globals, 20 P
gc 9950 @282.544s 0%: 0.042+1.5+0.013 ms clock, 0.84+0/1.9/0+0.26 ms cpu, 258->258->150 MB, 303 MB goal, 0 MB stacks, 0 MB globals, 20 P
gc 9951 @282.555s 0%: 1.3+0.41+0.005 ms clock, 26+0/0.75/0.005+0.10 ms cpu, 256->257->123 MB, 301 MB goal, 0 MB stacks, 0 MB globals, 20 P
gc 9952 @282.562s 0%: 0.032+1.2+0.14 ms clock, 0.65+0/1.5/0.002+2.8 ms cpu, 223->223->153 MB, 248 MB goal, 0 MB stacks, 0 MB globals, 20 P
gc 9953 @282.576s 0%: 0.28+6.6+1.7 ms clock, 5.6+0/2.1/0+34 ms cpu, 278->307->161 MB, 307 MB goal, 0 MB stacks, 0 MB globals, 20 P
gc 9954 @282.596s 0%: 0.46+0.57+0.006 ms clock, 9.3+0/1.2/0.002+0.13 ms cpu, 298->298->127 MB, 322 MB goal, 0 MB stacks, 0 MB globals, 20 P
gc 9955 @282.606s 0%: 0.032+0.71+1.2 ms clock, 0.65+0/0.92/0.009+24 ms cpu, 229->237->121 MB, 256 MB goal, 0 MB stacks, 0 MB globals, 20 P
gc 9956 @282.613s 0%: 0.85+2.5+0.009 ms clock, 17+0/2.9/0+0.18 ms cpu, 227->240->149 MB, 243 MB goal, 0 MB stacks, 0 MB globals, 20 P
gc 9957 @282.627s 0%: 3.4+9.7+0.080 ms clock, 69+0/3.2/0+1.6 ms cpu, 273->321->174 MB, 299 MB goal, 0 MB stacks, 0 MB globals, 20 P
gc 9958 @282.652s 0%: 0.042+0.68+0.98 ms clock, 0.84+0/1.2/0+19 ms cpu, 307->319->138 MB, 348 MB goal, 0 MB stacks, 0 MB globals, 20 P
gc 9959 @282.664s 0%: 0.037+0.43+0.003 ms clock, 0.75+0/1.0/0.018+0.076 ms cpu, 238->238->112 MB, 277 MB goal, 0 MB stacks, 0 MB globals, 20 P
gc 9960 @282.670s 0%: 0.53+4.4+0.084 ms clock, 10+0/2.6/0+1.6 ms cpu, 197->236->167 MB, 225 MB goal, 0 MB stacks, 0 MB globals, 20 P
gc 9961 @282.688s 0%: 0.10+0.75+0.007 ms clock, 2.0+0/1.3/0.031+0.14 ms cpu, 293->293->126 MB, 335 MB goal, 0 MB stacks, 0 MB globals, 20 P
gc 9962 @282.697s 0%: 0.036+0.36+0.007 ms clock, 0.72+0.038/0.67/0.016+0.14 ms cpu, 229->229->154 MB, 254 MB goal, 0 MB stacks, 0 MB globals, 20 P
gc 9963 @282.707s 0%: 0.98+4.6+0.084 ms clock, 19+0/2.0/0+1.6 ms cpu, 283->309->164 MB, 308 MB goal, 0 MB stacks, 0 MB globals, 20 P
gc 9964 @282.724s 0%: 0.022+7.7+4.2 ms clock, 0.44+0.27/1.2/0+85 ms cpu, 294->351->190 MB, 328 MB goal, 0 MB stacks, 0 MB globals, 20 P
gc 9965 @282.748s 0%: 0.13+1.1+4.5 ms clock, 2.7+0/1.5/0+91 ms cpu, 331->356->161 MB, 381 MB goal, 0 MB stacks, 0 MB globals, 20 P
gc 9966 @282.766s 0%: 0.31+5.4+0.21 ms clock, 6.3+0/1.6/0+4.3 ms cpu, 279->319->169 MB, 322 MB goal, 0 MB stacks, 0 MB globals, 20 P
gc 9967 @282.782s 0%: 0.018+1.6+0.059 ms clock, 0.37+0.042/1.6/0+1.1 ms cpu, 295->316->143 MB, 339 MB goal, 0 MB stacks, 0 MB globals, 20 P
gc 9968 @282.792s 0%: 0.67+1.1+0.047 ms clock, 13+0/1.6/0+0.95 ms cpu, 245->259->146 MB, 287 MB goal, 0 MB stacks, 0 MB globals, 20 P
gc 9969 @282.805s 0%: 0.033+1.4+0.58 ms clock, 0.66+0/1.7/0.015+11 ms cpu, 253->272->139 MB, 293 MB goal, 0 MB stacks, 0 MB globals, 20 P
gc 9970 @282.818s 0%: 0.041+1.3+0.011 ms clock, 0.83+0/1.0/0+0.23 ms cpu, 240->241->139 MB, 279 MB goal, 0 MB stacks, 0 MB globals, 20 P
gc 9971 @282.826s 0%: 0.018+7.5+5.0 ms clock, 0.37+0.079/1.6/0+100 ms cpu, 245->290->175 MB, 279 MB goal, 0 MB stacks, 0 MB globals, 20 P
gc 9972 @282.852s 0%: 2.6+7.6+3.8 ms clock, 52+0/1.3/0+76 ms cpu, 316->360->177 MB, 352 MB goal, 0 MB stacks, 0 MB globals, 20 P
gc 9973 @282.877s 0%: 0.60+2.7+2.8 ms clock, 12+0/1.6/0+57 ms cpu, 317->362->178 MB, 354 MB goal, 0 MB stacks, 0 MB globals, 20 P
gc 9974 @282.898s 0%: 0.64+1.6+0.003 ms clock, 12+0/1.9/0+0.073 ms cpu, 325->335->147 MB, 357 MB goal, 0 MB stacks, 0 MB globals, 20 P
gc 9975 @282.911s 0%: 0.15+0.72+0.72 ms clock, 3.1+0/1.0/0+14 ms cpu, 252->264->135 MB, 295 MB goal, 0 MB stacks, 0 MB globals, 20 P
gc 9976 @282.921s 0%: 1.7+0.79+0.25 ms clock, 35+0.030/0.87/0+5.0 ms cpu, 230->249->146 MB, 270 MB goal, 0 MB stacks, 0 MB globals, 20 P
gc 9977 @282.932s 0%: 0.041+1.8+0.085 ms clock, 0.83+0/1.9/0+1.7 ms cpu, 270->270->148 MB, 292 MB goal, 0 MB stacks, 0 MB globals, 20 P
gc 9978 @282.944s 0%: 1.1+0.57+0.003 ms clock, 22+0/1.1/0+0.070 ms cpu, 255->255->123 MB, 297 MB goal, 0 MB stacks, 0 MB globals, 20 P
gc 9979 @282.953s 0%: 0.97+0.69+0.092 ms clock, 19+0/0.77/0+1.8 ms cpu, 211->230->141 MB, 247 MB goal, 0 MB stacks, 0 MB globals, 20 P
gc 9980 @282.964s 0%: 0.018+0.97+0.003 ms clock, 0.36+0.073/0.65/0.001+0.072 ms cpu, 243->251->124 MB, 284 MB goal, 0 MB stacks, 0 MB globals, 20 P
gc 9981 @282.974s 0%: 0.053+0.47+0.085 ms clock, 1.0+0.036/0.67/0+1.7 ms cpu, 240->240->138 MB, 249 MB goal, 0 MB stacks, 0 MB globals, 20 P
gc 9982 @282.985s 0%: 0.35+3.9+0.083 ms clock, 7.1+0/4.1/0+1.6 ms cpu, 267->280->137 MB, 277 MB goal, 0 MB stacks, 0 MB globals, 20 P
gc 9983 @283.004s 0%: 0.063+1.7+0.013 ms clock, 1.2+0/1.6/0+0.27 ms cpu, 261->268->135 MB, 275 MB goal, 0 MB stacks, 0 MB globals, 20 P
gc 9984 @283.017s 0%: 0.094+1.8+0.088 ms clock, 1.8+0/2.0/0.025+1.7 ms cpu, 266->269->125 MB, 272 MB goal, 0 MB stacks, 0 MB globals, 20 P
gc 9985 @283.030s 0%: 0.020+0.64+0.012 ms clock, 0.41+0.10/1.1/0+0.25 ms cpu, 239->239->105 MB, 251 MB goal, 0 MB stacks, 0 MB globals, 20 P
gc 9986 @283.039s 0%: 0.034+0.49+0.20 ms clock, 0.69+0.028/0.80/0+4.1 ms cpu, 200->203->121 MB, 212 MB goal, 0 MB stacks, 0 MB globals, 20 P
gc 9987 @283.049s 0%: 0.053+1.7+0.13 ms clock, 1.0+0/1.8/0.087+2.6 ms cpu, 248->248->132 MB, 248 MB goal, 0 MB stacks, 0 MB globals, 20 P
gc 9988 @283.064s 0%: 0.021+10+0.82 ms clock, 0.43+0.25/3.9/0+16 ms cpu, 254->307->166 MB, 265 MB goal, 0 MB stacks, 0 MB globals, 20 P
gc 9989 @283.085s 0%: 0.045+2.0+0.081 ms clock, 0.91+0/1.6/0.027+1.6 ms cpu, 286->305->135 MB, 333 MB goal, 0 MB stacks, 0 MB globals, 20 P
gc 9990 @283.097s 0%: 0.036+1.5+0.003 ms clock, 0.72+0/2.1/0+0.060 ms cpu, 238->241->111 MB, 271 MB goal, 0 MB stacks, 0 MB globals, 20 P
gc 9991 @283.104s 0%: 2.0+0.60+0.077 ms clock, 41+0/0.82/0+1.5 ms cpu, 191->193->111 MB, 222 MB goal, 0 MB stacks, 0 MB globals, 20 P
gc 9992 @283.112s 0%: 0.045+1.1+0.16 ms clock, 0.91+0/1.5/0.023+3.2 ms cpu, 193->193->137 MB, 223 MB goal, 0 MB stacks, 0 MB globals, 20 P
gc 9993 @283.124s 0%: 0.24+2.1+6.3 ms clock, 4.8+0/2.0/0+126 ms cpu, 237->264->139 MB, 275 MB goal, 0 MB stacks, 0 MB globals, 20 P
gc 9994 @283.144s 0%: 0.050+1.9+0.042 ms clock, 1.0+0/2.6/0.006+0.84 ms cpu, 243->256->147 MB, 280 MB goal, 0 MB stacks, 0 MB globals, 20 P
gc 9995 @283.158s 0%: 0.10+0.55+0.061 ms clock, 2.1+0/0.89/0+1.2 ms cpu, 269->271->131 MB, 296 MB goal, 0 MB stacks, 0 MB globals, 20 P
gc 9996 @283.170s 0%: 0.039+5.1+0.009 ms clock, 0.78+0/1.1/0+0.18 ms cpu, 243->285->149 MB, 263 MB goal, 0 MB stacks, 0 MB globals, 20 P
gc 9997 @283.184s 0%: 0.043+0.70+0.008 ms clock, 0.86+0/1.2/0.001+0.16 ms cpu, 257->257->134 MB, 299 MB goal, 0 MB stacks, 0 MB globals, 20 P
gc 9998 @283.193s 0%: 0.54+0.44+0.014 ms clock, 10+0/0.95/0+0.29 ms cpu, 229->229->108 MB, 268 MB goal, 0 MB stacks, 0 MB globals, 20 P
gc 9999 @283.200s 0%: 0.047+1.6+0.051 ms clock, 0.94+0/2.2/0+1.0 ms cpu, 210->210->140 MB, 217 MB goal, 0 MB stacks, 0 MB globals, 20 P
gc 10000 @283.213s 0%: 0.20+3.7+2.7 ms clock, 4.0+0/1.6/0+55 ms cpu, 241->276->151 MB, 280 MB goal, 0 MB stacks, 0 MB globals, 20 P
gc 10001 @283.231s 0%: 0.049+0.49+0.065 ms clock, 0.99+0.050/0.75/0+1.3 ms cpu, 267->269->123 MB, 302 MB goal, 0 MB stacks, 0 MB globals, 20 P
gc 10002 @283.238s 0%: 0.022+1.7+0.065 ms clock, 0.45+1.7/0.74/0.013+1.3 ms cpu, 223->223->118 MB, 247 MB goal, 0 MB stacks, 0 MB globals, 20 P
gc 10003 @283.250s 0%: 0.037+1.0+0.40 ms clock, 0.75+0/1.3/0+8.0 ms cpu, 206->213->136 MB, 237 MB goal, 0 MB stacks, 0 MB globals, 20 P
gc 10004 @283.257s 0%: 0.038+1.4+0.008 ms clock, 0.76+0/1.7/0+0.17 ms cpu, 246->246->137 MB, 272 MB goal, 0 MB stacks, 0 MB globals, 20 P
gc 10005 @283.267s 0%: 0.017+4.0+2.6 ms clock, 0.34+0/1.3/0+52 ms cpu, 237->274->154 MB, 275 MB goal, 0 MB stacks, 0 MB globals, 20 P
gc 10006 @283.289s 0%: 2.2+0.90+0.023 ms clock, 44+0/1.0/0.002+0.46 ms cpu, 267->286->128 MB, 309 MB goal, 0 MB stacks, 0 MB globals, 20 P
gc 10007 @283.302s 0%: 0.079+0.64+0.010 ms clock, 1.5+0.065/1.0/0+0.20 ms cpu, 224->226->105 MB, 257 MB goal, 0 MB stacks, 0 MB globals, 20 P
gc 10008 @283.308s 0%: 0.43+4.3+0.022 ms clock, 8.6+0/2.0/0.083+0.45 ms cpu, 190->229->160 MB, 212 MB goal, 0 MB stacks, 0 MB globals, 20 P
gc 10009 @283.329s 0%: 0.024+4.9+0.004 ms clock, 0.49+0.19/5.0/0+0.080 ms cpu, 287->299->133 MB, 320 MB goal, 0 MB stacks, 0 MB globals, 20 P
gc 10010 @283.344s 0%: 0.038+3.0+0.005 ms clock, 0.76+0/1.1/0.006+0.11 ms cpu, 230->255->133 MB, 267 MB goal, 0 MB stacks, 0 MB globals, 20 P
gc 10011 @283.356s 0%: 0.040+2.3+0.64 ms clock, 0.80+0/2.6/0+12 ms cpu, 231->246->142 MB, 266 MB goal, 0 MB stacks, 0 MB globals, 20 P
gc 10012 @283.367s 0%: 0.050+0.42+0.064 ms clock, 1.0+0/0.83/0+1.2 ms cpu, 245->247->123 MB, 285 MB goal, 0 MB stacks, 0 MB globals, 20 P
gc 10013 @283.374s 0%: 0.26+3.9+0.004 ms clock, 5.3+0.008/1.3/0+0.088 ms cpu, 215->249->148 MB, 247 MB goal, 0 MB stacks, 0 MB globals, 20 P
gc 10014 @283.389s 0%: 0.25+5.2+0.013 ms clock, 5.0+0/5.1/0+0.26 ms cpu, 268->281->127 MB, 296 MB goal, 0 MB stacks, 0 MB globals, 20 P
gc 10015 @283.402s 0%: 0.047+0.64+0.009 ms clock, 0.95+0/1.1/0+0.19 ms cpu, 224->224->132 MB, 256 MB goal, 0 MB stacks, 0 MB globals, 20 P
gc 10016 @283.410s 0%: 1.5+1.1+0.17 ms clock, 30+0/1.6/0.003+3.4 ms cpu, 235->248->138 MB, 265 MB goal, 0 MB stacks, 0 MB globals, 20 P
gc 10017 @283.427s 0%: 0.059+0.40+0.013 ms clock, 1.1+0/0.76/0+0.26 ms cpu, 244->244->151 MB, 276 MB goal, 0 MB stacks, 0 MB globals, 20 P
gc 10018 @283.435s 0%: 1.2+2.6+0.015 ms clock, 25+0/2.9/0.015+0.31 ms cpu, 269->282->151 MB, 302 MB goal, 0 MB stacks, 0 MB globals, 20 P
gc 10019 @283.449s 0%: 0.26+8.6+0.092 ms clock, 5.3+0/4.3/0.002+1.8 ms cpu, 275->312->169 MB, 303 MB goal, 0 MB stacks, 0 MB globals, 20 P
gc 10020 @283.473s 0%: 0.030+4.7+1.3 ms clock, 0.61+0.005/3.8/0+27 ms cpu, 304->343->157 MB, 340 MB goal, 0 MB stacks, 0 MB globals, 20 P
gc 10021 @283.491s 0%: 0.65+1.9+0.006 ms clock, 13+0/2.1/0+0.12 ms cpu, 278->293->131 MB, 314 MB goal, 0 MB stacks, 0 MB globals, 20 P
gc 10022 @283.503s 0%: 0.037+0.46+0.009 ms clock, 0.74+0.030/0.86/0+0.18 ms cpu, 226->227->122 MB, 263 MB goal, 0 MB stacks, 0 MB globals, 20 P
gc 10023 @283.509s 0%: 0.83+2.5+0.005 ms clock, 16+0/1.8/0+0.10 ms cpu, 217->242->139 MB, 245 MB goal, 0 MB stacks, 0 MB globals, 20 P
gc 10024 @283.522s 0%: 0.072+5.1+0.008 ms clock, 1.4+0/1.5/0.002+0.16 ms cpu, 251->283->143 MB, 280 MB goal, 0 MB stacks, 0 MB globals, 20 P
gc 10025 @283.535s 0%: 0.037+0.87+0.10 ms clock, 0.74+0/1.4/0+2.1 ms cpu, 257->257->135 MB, 287 MB goal, 0 MB stacks, 0 MB globals, 20 P
gc 10026 @283.543s 0%: 0.25+0.40+0.015 ms clock, 5.1+0/0.90/0+0.30 ms cpu, 235->235->113 MB, 272 MB goal, 0 MB stacks, 0 MB globals, 20 P
gc 10027 @283.551s 0%: 0.31+0.50+0.019 ms clock, 6.3+0.035/0.86/0.001+0.38 ms cpu, 203->203->135 MB, 226 MB goal, 0 MB stacks, 0 MB globals, 20 P
gc 10028 @283.559s 0%: 0.90+2.4+0.090 ms clock, 18+0/2.2/0+1.8 ms cpu, 239->268->146 MB, 270 MB goal, 0 MB stacks, 0 MB globals, 20 P
gc 10029 @283.573s 0%: 0.42+9.1+3.6 ms clock, 8.5+0/4.6/0.007+72 ms cpu, 270->306->154 MB, 294 MB goal, 0 MB stacks, 0 MB globals, 20 P
gc 10030 @283.599s 0%: 0.046+1.3+0.021 ms clock, 0.93+0/1.9/0.009+0.43 ms cpu, 275->275->141 MB, 308 MB goal, 0 MB stacks, 0 MB globals, 20 P
gc 10031 @283.609s 0%: 0.037+0.57+0.16 ms clock, 0.74+0.042/0.84/0+3.3 ms cpu, 249->253->131 MB, 284 MB goal, 0 MB stacks, 0 MB globals, 20 P
gc 10032 @283.617s 0%: 0.94+0.65+0.40 ms clock, 18+0/1.0/0.017+8.1 ms cpu, 229->249->145 MB, 263 MB goal, 0 MB stacks, 0 MB globals, 20 P
gc 10033 @283.629s 0%: 0.061+0.93+0.013 ms clock, 1.2+0/1.5/0+0.26 ms cpu, 256->256->144 MB, 291 MB goal, 0 MB stacks, 0 MB globals, 20 P
gc 10034 @283.638s 0%: 0.042+4.8+0.95 ms clock, 0.85+0/5.0/0+19 ms cpu, 265->292->179 MB, 288 MB goal, 0 MB stacks, 0 MB globals, 20 P
gc 10035 @283.660s 0%: 1.6+7.0+1.9 ms clock, 33+0/4.3/0+39 ms cpu, 334->361->151 MB, 359 MB goal, 0 MB stacks, 0 MB globals, 20 P
gc 10036 @283.683s 0%: 0.15+1.1+0.18 ms clock, 3.1+0/1.1/0+3.6 ms cpu, 278->290->130 MB, 304 MB goal, 0 MB stacks, 0 MB globals, 20 P
gc 10037 @283.691s 0%: 0.060+4.9+0.006 ms clock, 1.2+0/5.3/0+0.12 ms cpu, 244->246->156 MB, 261 MB goal, 0 MB stacks, 0 MB globals, 20 P
gc 10038 @283.708s 0%: 0.29+0.42+0.006 ms clock, 5.9+0.035/0.82/0+0.13 ms cpu, 286->288->114 MB, 313 MB goal, 0 MB stacks, 0 MB globals, 20 P
gc 10039 @283.715s 0%: 0.022+2.3+0.064 ms clock, 0.44+0.23/1.3/0+1.2 ms cpu, 211->239->162 MB, 229 MB goal, 0 MB stacks, 0 MB globals, 20 P
gc 10040 @283.731s 0%: 2.9+7.2+0.096 ms clock, 58+0/5.3/0+1.9 ms cpu, 304->331->159 MB, 324 MB goal, 0 MB stacks, 0 MB globals, 20 P
gc 10041 @283.753s 0%: 0.043+1.0+0.046 ms clock, 0.87+0/1.5/0+0.92 ms cpu, 310->310->144 MB, 320 MB goal, 0 MB stacks, 0 MB globals, 20 P
gc 10042 @283.765s 0%: 0.073+5.1+0.008 ms clock, 1.4+0.16/1.2/0+0.16 ms cpu, 264->299->160 MB, 288 MB goal, 0 MB stacks, 0 MB globals, 20 P
gc 10043 @283.781s 0%: 1.4+1.3+5.8 ms clock, 29+0/1.2/0.019+117 ms cpu, 286->302->138 MB, 321 MB goal, 0 MB stacks, 0 MB globals, 20 P
gc 10044 @283.799s 0%: 0.14+0.66+0.007 ms clock, 2.8+0.027/0.77/0+0.15 ms cpu, 241->243->140 MB, 277 MB goal, 0 MB stacks, 0 MB globals, 20 P
gc 10045 @283.808s 0%: 0.90+4.0+0.090 ms clock, 18+0/2.9/0+1.8 ms cpu, 248->280->164 MB, 281 MB goal, 0 MB stacks, 0 MB globals, 20 P
gc 10046 @283.825s 0%: 1.7+10+0.054 ms clock, 35+0/4.8/0.001+1.0 ms cpu, 301->360->188 MB, 329 MB goal, 0 MB stacks, 0 MB globals, 20 P
gc 10047 @283.850s 0%: 0.021+1.5+0.003 ms clock, 0.42+0/2.2/0+0.068 ms cpu, 331->331->144 MB, 378 MB goal, 0 MB stacks, 0 MB globals, 20 P
gc 10048 @283.861s 0%: 0.018+1.0+0.17 ms clock, 0.36+0/1.6/0+3.4 ms cpu, 255->262->129 MB, 290 MB goal, 0 MB stacks, 0 MB globals, 20 P
gc 10049 @283.868s 0%: 0.040+1.2+0.10 ms clock, 0.80+0/1.7/0+2.0 ms cpu, 223->223->153 MB, 258 MB goal, 0 MB stacks, 0 MB globals, 20 P
gc 10050 @283.879s 0%: 0.039+1.5+0.020 ms clock, 0.78+0/1.8/0+0.41 ms cpu, 270->288->147 MB, 306 MB goal, 0 MB stacks, 0 MB globals, 20 P
gc 10051 @283.891s 0%: 0.035+0.62+0.009 ms clock, 0.71+0/0.97/0+0.19 ms cpu, 253->253->146 MB, 296 MB goal, 0 MB stacks, 0 MB globals, 20 P
gc 10052 @283.900s 0%: 0.86+0.35+0.012 ms clock, 17+0/0.72/0+0.25 ms cpu, 263->263->153 MB, 293 MB goal, 0 MB stacks, 0 MB globals, 20 P
gc 10053 @283.913s 0%: 0.66+8.6+1.5 ms clock, 13+0/0.98/0+31 ms cpu, 267->307->167 MB, 307 MB goal, 0 MB stacks, 0 MB globals, 20 P
gc 10054 @283.935s 0%: 0.17+4.9+0.81 ms clock, 3.4+0/1.2/0+16 ms cpu, 294->322->152 MB, 336 MB goal, 0 MB stacks, 0 MB globals, 20 P
gc 10055 @283.951s 0%: 0.22+2.0+3.3 ms clock, 4.5+0/1.1/0.046+67 ms cpu, 261->284->140 MB, 306 MB goal, 0 MB stacks, 0 MB globals, 20 P
gc 10056 @283.965s 0%: 0.051+0.48+0.021 ms clock, 1.0+0/1.1/0+0.43 ms cpu, 243->243->163 MB, 280 MB goal, 0 MB stacks, 0 MB globals, 20 P
gc 10057 @283.985s 0%: 0.13+7.9+0.14 ms clock, 2.6+0/8.9/0.039+2.8 ms cpu, 288->288->142 MB, 327 MB goal, 0 MB stacks, 0 MB globals, 20 P
gc 10058 @284.011s 0%: 0.071+0.71+1.0 ms clock, 1.4+0/1.0/0+21 ms cpu, 243->259->132 MB, 284 MB goal, 0 MB stacks, 0 MB globals, 20 P
gc 10059 @284.019s 0%: 0.12+6.1+0.10 ms clock, 2.4+0/6.4/0+2.0 ms cpu, 227->254->176 MB, 264 MB goal, 0 MB stacks, 0 MB globals, 20 P
gc 10060 @284.042s 0%: 0.037+2.2+2.3 ms clock, 0.74+0/0.85/0+46 ms cpu, 316->331->139 MB, 353 MB goal, 0 MB stacks, 0 MB globals, 20 P
gc 10061 @284.057s 0%: 0.029+0.44+0.007 ms clock, 0.58+0.053/0.71/0+0.14 ms cpu, 250->252->108 MB, 278 MB goal, 0 MB stacks, 0 MB globals, 20 P
gc 10062 @284.062s 0%: 0.31+3.9+0.004 ms clock, 6.3+0.075/1.5/0+0.095 ms cpu, 195->217->147 MB, 217 MB goal, 0 MB stacks, 0 MB globals, 20 P
gc 10063 @284.078s 0%: 0.037+0.91+0.003 ms clock, 0.74+0/1.2/0+0.078 ms cpu, 270->270->146 MB, 296 MB goal, 0 MB stacks, 0 MB globals, 20 P
gc 10064 @284.088s 0%: 0.042+8.1+0.013 ms clock, 0.84+0.027/0.76/0+0.27 ms cpu, 269->332->198 MB, 293 MB goal, 0 MB stacks, 0 MB globals, 20 P
gc 10065 @284.111s 0%: 0.43+8.9+0.004 ms clock, 8.7+0/4.3/0.031+0.087 ms cpu, 341->367->155 MB, 398 MB goal, 0 MB stacks, 0 MB globals, 20 P
gc 10066 @284.133s 0%: 0.046+2.8+0.020 ms clock, 0.92+0/0.80/0+0.41 ms cpu, 270->281->141 MB, 311 MB goal, 0 MB stacks, 0 MB globals, 20 P
gc 10067 @284.147s 0%: 0.051+1.8+0.013 ms clock, 1.0+0/2.5/0+0.27 ms cpu, 246->246->157 MB, 283 MB goal, 0 MB stacks, 0 MB globals, 20 P
gc 10068 @284.159s 0%: 0.043+9.0+0.073 ms clock, 0.86+0/1.3/0.010+1.4 ms cpu, 289->326->186 MB, 314 MB goal, 0 MB stacks, 0 MB globals, 20 P
gc 10069 @284.180s 0%: 0.12+9.2+4.4 ms clock, 2.5+0/3.6/0+89 ms cpu, 319->373->188 MB, 372 MB goal, 0 MB stacks, 0 MB globals, 20 P
gc 10070 @284.206s 0%: 0.045+0.84+0.027 ms clock, 0.91+0/1.1/0+0.54 ms cpu, 321->321->143 MB, 376 MB goal, 0 MB stacks, 0 MB globals, 20 P
gc 10071 @284.215s 0%: 0.040+0.93+0.10 ms clock, 0.80+0/1.3/0+2.1 ms cpu, 253->253->150 MB, 288 MB goal, 0 MB stacks, 0 MB globals, 20 P
gc 10072 @284.224s 0%: 0.043+1.5+0.003 ms clock, 0.87+0/1.8/0+0.070 ms cpu, 263->269->136 MB, 300 MB goal, 0 MB stacks, 0 MB globals, 20 P
gc 10073 @284.235s 0%: 0.042+0.40+0.010 ms clock, 0.85+0/0.76/0+0.21 ms cpu, 233->236->140 MB, 273 MB goal, 0 MB stacks, 0 MB globals, 20 P
gc 10074 @284.244s 0%: 0.088+0.98+0.009 ms clock, 1.7+0/1.2/0+0.18 ms cpu, 245->245->140 MB, 281 MB goal, 0 MB stacks, 0 MB globals, 20 P
gc 10075 @284.252s 0%: 0.69+1.2+0.010 ms clock, 13+0/1.6/0+0.21 ms cpu, 241->255->148 MB, 280 MB goal, 0 MB stacks, 0 MB globals, 20 P
gc 10076 @284.264s 0%: 0.42+9.8+1.2 ms clock, 8.5+0/5.4/0+25 ms cpu, 263->301->163 MB, 296 MB goal, 0 MB stacks, 0 MB globals, 20 P
gc 10077 @284.286s 0%: 0.061+5.7+3.0 ms clock, 1.2+0/1.2/0+60 ms cpu, 290->326->167 MB, 328 MB goal, 0 MB stacks, 0 MB globals, 20 P
gc 10078 @284.306s 0%: 0.063+1.6+0.004 ms clock, 1.2+0/1.7/0+0.082 ms cpu, 301->313->132 MB, 335 MB goal, 0 MB stacks, 0 MB globals, 20 P
gc 10079 @284.315s 0%: 0.034+0.45+0.043 ms clock, 0.68+0.032/0.75/0+0.86 ms cpu, 238->238->136 MB, 265 MB goal, 0 MB stacks, 0 MB globals, 20 P
gc 10080 @284.324s 0%: 0.38+0.48+0.38 ms clock, 7.7+0/1.0/0+7.6 ms cpu, 236->241->132 MB, 274 MB goal, 0 MB stacks, 0 MB globals, 20 P
gc 10081 @284.336s 0%: 0.085+0.89+0.079 ms clock, 1.7+0.041/0.82/0.015+1.5 ms cpu, 226->236->121 MB, 264 MB goal, 0 MB stacks, 0 MB globals, 20 P
gc 10082 @284.342s 0%: 0.19+10+0.086 ms clock, 3.8+0/4.7/0+1.7 ms cpu, 210->268->189 MB, 243 MB goal, 0 MB stacks, 0 MB globals, 20 P
gc 10083 @284.368s 0%: 1.7+5.9+0.005 ms clock, 34+0/6.1/0+0.11 ms cpu, 332->345->148 MB, 379 MB goal, 0 MB stacks, 0 MB globals, 20 P
gc 10084 @284.388s 0%: 0.11+3.8+0.59 ms clock, 2.2+0/2.4/0+11 ms cpu, 258->293->159 MB, 297 MB goal, 0 MB stacks, 0 MB globals, 20 P
gc 10085 @284.403s 0%: 0.14+0.83+0.096 ms clock, 2.9+0/0.81/0+1.9 ms cpu, 273->281->126 MB, 319 MB goal, 0 MB stacks, 0 MB globals, 20 P
gc 10086 @284.410s 0%: 0.088+3.1+0.007 ms clock, 1.7+0.031/1.8/0+0.14 ms cpu, 231->260->170 MB, 254 MB goal, 0 MB stacks, 0 MB globals, 20 P
gc 10087 @284.423s 0%: 0.13+7.9+0.061 ms clock, 2.6+0/4.3/0+1.2 ms cpu, 297->355->192 MB, 342 MB goal, 0 MB stacks, 0 MB globals, 20 P
gc 10088 @284.443s 0%: 0.88+1.1+0.079 ms clock, 17+0/1.5/0+1.5 ms cpu, 332->344->149 MB, 385 MB goal, 0 MB stacks, 0 MB globals, 20 P
gc 10089 @284.456s 0%: 0.022+2.3+0.057 ms clock, 0.45+0/1.5/0+1.1 ms cpu, 261->292->157 MB, 299 MB goal, 0 MB stacks, 0 MB globals, 20 P
gc 10090 @284.469s 0%: 0.13+3.7+2.5 ms clock, 2.7+0/2.8/0+51 ms cpu, 273->302->150 MB, 315 MB goal, 0 MB stacks, 0 MB globals, 20 P
gc 10091 @284.486s 0%: 0.17+1.0+0.22 ms clock, 3.4+0/1.1/0+4.4 ms cpu, 257->269->125 MB, 302 MB goal, 0 MB stacks, 0 MB globals, 20 P
gc 10092 @284.492s 0%: 0.53+3.1+0.066 ms clock, 10+0/1.9/0+1.3 ms cpu, 225->255->165 MB, 251 MB goal, 0 MB stacks, 0 MB globals, 20 P
gc 10093 @284.507s 0%: 0.46+8.5+0.025 ms clock, 9.2+0/2.8/0+0.50 ms cpu, 305->351->178 MB, 332 MB goal, 0 MB stacks, 0 MB globals, 20 P
gc 10094 @284.529s 0%: 0.49+7.2+0.005 ms clock, 9.8+0/1.6/0+0.10 ms cpu, 318->362->179 MB, 357 MB goal, 0 MB stacks, 0 MB globals, 20 P
gc 10095 @284.545s 0%: 0.035+1.0+0.020 ms clock, 0.70+0/1.2/0+0.41 ms cpu, 325->325->149 MB, 359 MB goal, 0 MB stacks, 0 MB globals, 20 P
gc 10096 @284.556s 0%: 0.73+0.54+0.090 ms clock, 14+0/0.81/0+1.8 ms cpu, 255->273->142 MB, 299 MB goal, 0 MB stacks, 0 MB globals, 20 P
gc 10097 @284.566s 0%: 0.053+1.0+0.19 ms clock, 1.0+0/0.89/0+3.8 ms cpu, 243->251->148 MB, 284 MB goal, 0 MB stacks, 0 MB globals, 20 P
gc 10098 @284.575s 0%: 0.040+0.50+0.018 ms clock, 0.80+0/0.94/0+0.37 ms cpu, 253->253->144 MB, 297 MB goal, 0 MB stacks, 0 MB globals, 20 P
gc 10099 @284.586s 0%: 0.072+4.1+0.009 ms clock, 1.4+0/4.5/0+0.19 ms cpu, 261->261->150 MB, 289 MB goal, 0 MB stacks, 0 MB globals, 20 P
gc 10100 @284.599s 0%: 4.5+0.66+0.006 ms clock, 90+0.039/0.94/0+0.12 ms cpu, 257->258->124 MB, 302 MB goal, 0 MB stacks, 0 MB globals, 20 P
gc 10101 @284.612s 0%: 0.069+2.0+0.013 ms clock, 1.3+0/0.67/0+0.27 ms cpu, 230->230->168 MB, 249 MB goal, 0 MB stacks, 0 MB globals, 20 P
gc 10102 @284.625s 0%: 0.55+10+0.033 ms clock, 11+0/6.3/0+0.67 ms cpu, 301->338->171 MB, 338 MB goal, 0 MB stacks, 0 MB globals, 20 P
gc 10103 @284.647s 0%: 0.75+2.2+0.18 ms clock, 15+0/1.1/0+3.7 ms cpu, 303->329->157 MB, 342 MB goal, 0 MB stacks, 0 MB globals, 20 P
gc 10104 @284.660s 0%: 0.27+2.5+0.004 ms clock, 5.5+0/1.6/0+0.081 ms cpu, 280->296->142 MB, 316 MB goal, 0 MB stacks, 0 MB globals, 20 P
gc 10105 @284.672s 0%: 0.033+0.59+0.053 ms clock, 0.66+0.028/0.70/0+1.0 ms cpu, 249->252->144 MB, 285 MB goal, 0 MB stacks, 0 MB globals, 20 P
gc 10106 @284.681s 0%: 0.056+2.3+0.009 ms clock, 1.1+0/2.7/0+0.18 ms cpu, 257->257->146 MB, 289 MB goal, 0 MB stacks, 0 MB globals, 20 P
gc 10107 @284.693s 0%: 0.030+0.57+0.023 ms clock, 0.60+0/0.81/0.021+0.47 ms cpu, 256->270->135 MB, 292 MB goal, 0 MB stacks, 0 MB globals, 20 P
gc 10108 @284.704s 0%: 0.094+0.71+0.12 ms clock, 1.8+0/1.0/0+2.4 ms cpu, 237->245->121 MB, 270 MB goal, 0 MB stacks, 0 MB globals, 20 P
gc 10109 @284.711s 0%: 0.041+1.2+0.008 ms clock, 0.83+0/1.6/0+0.16 ms cpu, 218->218->144 MB, 242 MB goal, 0 MB stacks, 0 MB globals, 20 P
gc 10110 @284.725s 0%: 1.9+6.7+0.044 ms clock, 38+0/4.2/0+0.89 ms cpu, 275->299->153 MB, 288 MB goal, 0 MB stacks, 0 MB globals, 20 P
gc 10111 @284.748s 0%: 0.15+3.4+0.004 ms clock, 3.0+0/2.0/0.003+0.086 ms cpu, 295->306->136 MB, 306 MB goal, 0 MB stacks, 0 MB globals, 20 P
gc 10112 @284.760s 0%: 0.041+0.79+0.11 ms clock, 0.82+0/1.4/0+2.3 ms cpu, 250->251->142 MB, 273 MB goal, 0 MB stacks, 0 MB globals, 20 P
gc 10113 @284.772s 0%: 0.040+0.44+0.018 ms clock, 0.81+0.25/0.45/0+0.37 ms cpu, 273->273->150 MB, 285 MB goal, 0 MB stacks, 0 MB globals, 20 P
gc 10114 @284.784s 0%: 0.46+0.98+0.023 ms clock, 9.3+0/1.2/0+0.46 ms cpu, 283->297->143 MB, 301 MB goal, 0 MB stacks, 0 MB globals, 20 P
gc 10115 @284.796s 0%: 0.82+1.9+1.1 ms clock, 16+0/0.66/0.084+23 ms cpu, 263->295->153 MB, 287 MB goal, 0 MB stacks, 0 MB globals, 20 P
gc 10116 @284.809s 0%: 0.045+0.83+0.007 ms clock, 0.91+0/1.3/0+0.15 ms cpu, 279->279->146 MB, 307 MB goal, 0 MB stacks, 0 MB globals, 20 P
gc 10117 @284.818s 0%: 0.036+1.1+0.003 ms clock, 0.73+0/1.4/0+0.071 ms cpu, 262->262->152 MB, 293 MB goal, 0 MB stacks, 0 MB globals, 20 P
gc 10118 @284.828s 0%: 0.10+2.4+0.018 ms clock, 2.1+0/1.8/0+0.36 ms cpu, 274->295->153 MB, 305 MB goal, 0 MB stacks, 0 MB globals, 20 P
gc 10119 @284.841s 0%: 0.41+0.33+0.003 ms clock, 8.3+0/0.68/0+0.078 ms cpu, 276->276->123 MB, 306 MB goal, 0 MB stacks, 0 MB globals, 20 P
gc 10120 @284.848s 0%: 0.095+1.6+0.086 ms clock, 1.9+0/1.8/0+1.7 ms cpu, 229->258->172 MB, 247 MB goal, 0 MB stacks, 0 MB globals, 20 P
gc 10121 @284.865s 0%: 4.7+4.6+0.077 ms clock, 94+0/4.7/0+1.5 ms cpu, 314->328->155 MB, 345 MB goal, 0 MB stacks, 0 MB globals, 20 P
gc 10122 @284.887s 0%: 0.023+4.1+0.026 ms clock, 0.46+0.21/1.6/0+0.52 ms cpu, 280->327->179 MB, 312 MB goal, 0 MB stacks, 0 MB globals, 20 P
gc 10123 @284.904s 0%: 0.021+2.6+0.048 ms clock, 0.42+0.008/1.1/0+0.97 ms cpu, 316->363->178 MB, 359 MB goal, 0 MB stacks, 0 MB globals, 20 P
gc 10124 @284.919s 0%: 0.021+2.3+5.0 ms clock, 0.42+0.26/1.0/0+101 ms cpu, 320->361->171 MB, 358 MB goal, 0 MB stacks, 0 MB globals, 20 P
gc 10125 @284.937s 0%: 0.59+1.9+0.003 ms clock, 11+0/1.4/0+0.078 ms cpu, 303->325->150 MB, 343 MB goal, 0 MB stacks, 0 MB globals, 20 P
gc 10126 @284.950s 0%: 0.64+1.9+0.041 ms clock, 12+0/1.5/0+0.83 ms cpu, 259->289->152 MB, 300 MB goal, 0 MB stacks, 0 MB globals, 20 P
gc 10127 @284.963s 0%: 0.17+0.75+1.0 ms clock, 3.5+0/1.3/0.013+21 ms cpu, 266->272->125 MB, 305 MB goal, 0 MB stacks, 0 MB globals, 20 P
gc 10128 @284.973s 0%: 0.018+0.54+0.18 ms clock, 0.36+0.025/0.73/0+3.6 ms cpu, 215->222->114 MB, 251 MB goal, 0 MB stacks, 0 MB globals, 20 P
gc 10129 @284.979s 0%: 0.61+0.81+1.1 ms clock, 12+0/1.3/0+23 ms cpu, 198->214->140 MB, 228 MB goal, 0 MB stacks, 0 MB globals, 20 P
gc 10130 @284.992s 0%: 0.97+0.55+0.005 ms clock, 19+0/1.1/0+0.10 ms cpu, 252->256->114 MB, 281 MB goal, 0 MB stacks, 0 MB globals, 20 P
gc 10131 @284.998s 0%: 0.77+1.3+0.018 ms clock, 15+0/1.7/0+0.37 ms cpu, 207->220->146 MB, 228 MB goal, 0 MB stacks, 0 MB globals, 20 P
gc 10132 @285.013s 0%: 1.7+9.4+0.061 ms clock, 34+0/7.3/0+1.2 ms cpu, 280->300->146 MB, 293 MB goal, 0 MB stacks, 0 MB globals, 20 P
gc 10133 @285.037s 0%: 0.023+1.5+1.4 ms clock, 0.46+0.14/0.66/0+28 ms cpu, 273->295->142 MB, 293 MB goal, 0 MB stacks, 0 MB globals, 20 P
gc 10134 @285.051s 0%: 0.041+1.6+0.009 ms clock, 0.82+0/2.1/0+0.18 ms cpu, 264->264->143 MB, 285 MB goal, 0 MB stacks, 0 MB globals, 20 P
gc 10135 @285.061s 0%: 0.042+3.2+0.009 ms clock, 0.84+0/3.6/0+0.18 ms cpu, 273->273->152 MB, 287 MB goal, 0 MB stacks, 0 MB globals, 20 P
gc 10136 @285.074s 0%: 0.044+0.86+0.016 ms clock, 0.88+0/1.0/0.058+0.32 ms cpu, 285->291->149 MB, 305 MB goal, 0 MB stacks, 0 MB globals, 20 P
gc 10137 @285.088s 0%: 0.12+1.2+0.029 ms clock, 2.5+0/1.3/0+0.59 ms cpu, 285->303->143 MB, 298 MB goal, 0 MB stacks, 0 MB globals, 20 P
gc 10138 @285.099s 1%: 0.034+1.0+0.14 ms clock, 0.69+0/1.0/0+2.8 ms cpu, 268->273->150 MB, 286 MB goal, 0 MB stacks, 0 MB globals, 20 P
gc 10139 @285.108s 1%: 0.023+6.3+0.013 ms clock, 0.47+0.18/0.68/0.001+0.27 ms cpu, 280->301->174 MB, 301 MB goal, 0 MB stacks, 0 MB globals, 20 P
gc 10140 @285.128s 1%: 0.038+4.7+0.003 ms clock, 0.77+0.011/4.8/0+0.075 ms cpu, 337->341->156 MB, 349 MB goal, 0 MB stacks, 0 MB globals, 20 P
gc 10141 @285.144s 1%: 0.033+2.4+0.008 ms clock, 0.66+0/2.9/0+0.16 ms cpu, 296->296->145 MB, 312 MB goal, 0 MB stacks, 0 MB globals, 20 P
gc 10142 @285.156s 1%: 0.89+0.37+0.008 ms clock, 17+0/0.76/0+0.16 ms cpu, 269->269->124 MB, 290 MB goal, 0 MB stacks, 0 MB globals, 20 P
gc 10143 @285.165s 1%: 0.089+1.0+0.017 ms clock, 1.7+0/1.0/0+0.35 ms cpu, 240->245->145 MB, 249 MB goal, 0 MB stacks, 0 MB globals, 20 P
gc 10144 @285.176s 1%: 1.5+0.62+0.015 ms clock, 31+0/0.72/0+0.31 ms cpu, 270->288->136 MB, 290 MB goal, 0 MB stacks, 0 MB globals, 20 P
gc 10145 @285.189s 1%: 0.053+0.56+0.011 ms clock, 1.0+0/0.69/0+0.23 ms cpu, 252->254->141 MB, 273 MB goal, 0 MB stacks, 0 MB globals, 20 P
gc 10146 @285.198s 1%: 0.096+4.2+0.006 ms clock, 1.9+0/4.4/0+0.12 ms cpu, 275->275->148 MB, 283 MB goal, 0 MB stacks, 0 MB globals, 20 P
gc 10147 @285.214s 1%: 1.4+0.69+3.8 ms clock, 29+0/1.0/0+77 ms cpu, 279->295->144 MB, 297 MB goal, 0 MB stacks, 0 MB globals, 20 P
gc 10148 @285.231s 1%: 0.043+3.9+0.003 ms clock, 0.86+0/4.1/0+0.070 ms cpu, 275->279->155 MB, 289 MB goal, 0 MB stacks, 0 MB globals, 20 P
gc 10149 @285.246s 1%: 1.5+0.38+0.005 ms clock, 30+0.031/0.63/0+0.11 ms cpu, 294->296->118 MB, 312 MB goal, 0 MB stacks, 0 MB globals, 20 P
gc 10150 @285.254s 1%: 0.16+1.3+0.009 ms clock, 3.2+0/1.5/0+0.18 ms cpu, 231->231->139 MB, 236 MB goal, 0 MB stacks, 0 MB globals, 20 P
gc 10151 @285.266s 1%: 0.027+3.9+0.004 ms clock, 0.55+0/2.2/0+0.084 ms cpu, 265->276->137 MB, 279 MB goal, 0 MB stacks, 0 MB globals, 20 P
gc 10152 @285.282s 1%: 0.020+1.1+0.69 ms clock, 0.40+0.28/1.0/0+13 ms cpu, 267->281->133 MB, 275 MB goal, 0 MB stacks, 0 MB globals, 20 P
gc 10153 @285.293s 1%: 0.034+0.54+0.009 ms clock, 0.68+0/0.73/0+0.18 ms cpu, 253->256->141 MB, 267 MB goal, 0 MB stacks, 0 MB globals, 20 P
gc 10154 @285.301s 1%: 0.038+4.0+0.005 ms clock, 0.77+0/4.3/0+0.11 ms cpu, 276->276->148 MB, 283 MB goal, 0 MB stacks, 0 MB globals, 20 P
gc 10155 @285.317s 1%: 0.038+0.39+0.011 ms clock, 0.76+0/0.77/0+0.22 ms cpu, 282->282->139 MB, 297 MB goal, 0 MB stacks, 0 MB globals, 20 P
gc 10156 @285.327s 1%: 0.68+0.32+0.010 ms clock, 13+0/0.67/0+0.20 ms cpu, 266->266->148 MB, 279 MB goal, 0 MB stacks, 0 MB globals, 20 P
gc 10157 @285.340s 1%: 1.0+0.70+0.012 ms clock, 20+0/0.76/0+0.24 ms cpu, 282->299->145 MB, 296 MB goal, 0 MB stacks, 0 MB globals, 20 P
gc 10158 @285.353s 1%: 0.24+0.48+0.006 ms clock, 4.9+0.029/0.70/0+0.12 ms cpu, 274->277->124 MB, 291 MB goal, 0 MB stacks, 0 MB globals, 20 P
gc 10159 @285.361s 1%: 0.048+1.5+0.008 ms clock, 0.97+0/1.8/0+0.16 ms cpu, 239->239->157 MB, 249 MB goal, 0 MB stacks, 0 MB globals, 20 P
gc 10160 @285.373s 1%: 0.65+1.3+0.083 ms clock, 13+0/1.8/0+1.6 ms cpu, 300->314->153 MB, 314 MB goal, 0 MB stacks, 0 MB globals, 20 P
gc 10161 @285.389s 1%: 0.25+1.2+0.003 ms clock, 5.0+0/1.5/0+0.079 ms cpu, 298->298->133 MB, 307 MB goal, 0 MB stacks, 0 MB globals, 20 P
gc 10162 @285.401s 1%: 0.043+1.7+0.011 ms clock, 0.86+0/2.2/0+0.23 ms cpu, 254->254->149 MB, 267 MB goal, 0 MB stacks, 0 MB globals, 20 P
gc 10163 @285.414s 1%: 2.4+1.6+0.020 ms clock, 49+0/1.9/0+0.41 ms cpu, 283->298->145 MB, 300 MB goal, 0 MB stacks, 0 MB globals, 20 P
gc 10164 @285.430s 1%: 0.038+1.1+0.002 ms clock, 0.76+0/1.6/0+0.055 ms cpu, 282->289->129 MB, 290 MB goal, 0 MB stacks, 0 MB globals, 20 P
gc 10165 @285.441s 1%: 0.092+0.66+0.003 ms clock, 1.8+0.11/0.67/0+0.076 ms cpu, 245->247->117 MB, 259 MB goal, 0 MB stacks, 0 MB globals, 20 P
gc 10166 @285.451s 1%: 0.048+3.2+0.006 ms clock, 0.96+0.016/3.7/0+0.12 ms cpu, 231->235->123 MB, 235 MB goal, 0 MB stacks, 0 MB globals, 20 P
gc 10167 @285.463s 1%: 0.039+0.66+0.033 ms clock, 0.78+0/1.0/0+0.67 ms cpu, 233->240->143 MB, 248 MB goal, 0 MB stacks, 0 MB globals, 20 P
gc 10168 @285.476s 1%: 0.082+2.3+0.13 ms clock, 1.6+0/2.4/0.014+2.7 ms cpu, 287->287->134 MB, 287 MB goal, 0 MB stacks, 0 MB globals, 20 P
gc 10169 @285.493s 1%: 0.22+0.72+0.003 ms clock, 4.4+0/1.2/0+0.074 ms cpu, 267->267->118 MB, 270 MB goal, 0 MB stacks, 0 MB globals, 20 P
gc 10170 @285.504s 1%: 0.041+0.32+0.085 ms clock, 0.83+0.032/0.75/0+1.7 ms cpu, 238->238->136 MB, 238 MB goal, 0 MB stacks, 0 MB globals, 20 P
gc 10171 @285.518s 1%: 0.038+0.98+0.013 ms clock, 0.77+0/1.3/0+0.26 ms cpu, 269->269->146 MB, 273 MB goal, 0 MB stacks, 0 MB globals, 20 P
gc 10172 @285.534s 1%: 0.023+4.0+0.004 ms clock, 0.47+0.18/4.1/0+0.083 ms cpu, 289->289->130 MB, 292 MB goal, 0 MB stacks, 0 MB globals, 20 P
gc 10173 @285.550s 1%: 0.61+0.41+0.003 ms clock, 12+0/0.76/0+0.075 ms cpu, 254->254->119 MB, 260 MB goal, 0 MB stacks, 0 MB globals, 20 P
gc 10174 @285.557s 1%: 3.2+3.6+0.003 ms clock, 65+0/3.8/0+0.073 ms cpu, 246->246->144 MB, 246 MB goal, 0 MB stacks, 0 MB globals, 20 P
gc 10175 @285.575s 1%: 2.7+1.2+0.003 ms clock, 54+0/1.5/0+0.068 ms cpu, 285->285->136 MB, 289 MB goal, 0 MB stacks, 0 MB globals, 20 P
gc 10176 @285.590s 1%: 0.69+0.76+0.009 ms clock, 13+0/1.1/0+0.19 ms cpu, 272->272->126 MB, 272 MB goal, 0 MB stacks, 0 MB globals, 20 P
gc 10177 @285.604s 1%: 0.10+0.43+0.009 ms clock, 2.0+0.037/0.72/0+0.18 ms cpu, 246->248->143 MB, 252 MB goal, 0 MB stacks, 0 MB globals, 20 P
gc 10178 @285.614s 1%: 0.28+0.37+0.017 ms clock, 5.6+0/0.86/0+0.34 ms cpu, 283->283->151 MB, 287 MB goal, 0 MB stacks, 0 MB globals, 20 P
gc 10179 @285.626s 1%: 0.021+4.4+0.003 ms clock, 0.43+0/4.6/0+0.079 ms cpu, 304->304->143 MB, 304 MB goal, 0 MB stacks, 0 MB globals, 20 P
gc 10180 @285.641s 1%: 0.058+1.2+0.003 ms clock, 1.1+0/1.5/0+0.075 ms cpu, 282->282->125 MB, 287 MB goal, 0 MB stacks, 0 MB globals, 20 P
gc 10181 @285.653s 1%: 0.28+0.39+0.034 ms clock, 5.6+0.076/0.70/0.002+0.69 ms cpu, 245->255->124 MB, 252 MB goal, 0 MB stacks, 0 MB globals, 20 P
gc 10182 @285.665s 1%: 0.017+0.32+0.47 ms clock, 0.34+0/0.77/0.006+9.4 ms cpu, 239->242->110 MB, 249 MB goal, 0 MB stacks, 0 MB globals, 20 P
gc 10183 @285.674s 1%: 0.14+1.5+0.004 ms clock, 2.8+0/2.0/0+0.086 ms cpu, 226->226->131 MB, 226 MB goal, 0 MB stacks, 0 MB globals, 20 P
gc 10184 @285.686s 1%: 2.4+0.50+0.61 ms clock, 48+0/0.86/0+12 ms cpu, 257->262->125 MB, 263 MB goal, 0 MB stacks, 0 MB globals, 20 P
gc 10185 @285.701s 1%: 0.090+0.72+0.096 ms clock, 1.8+0/1.0/0+1.9 ms cpu, 251->251->140 MB, 251 MB goal, 0 MB stacks, 0 MB globals, 20 P
gc 10186 @285.715s 1%: 0.11+3.4+0.004 ms clock, 2.2+0/1.9/0+0.085 ms cpu, 272->292->137 MB, 280 MB goal, 0 MB stacks, 0 MB globals, 20 P
gc 10187 @285.728s 1%: 0.034+0.69+0.011 ms clock, 0.69+0/0.95/0+0.23 ms cpu, 257->260->139 MB, 275 MB goal, 0 MB stacks, 0 MB globals, 20 P
gc 10188 @285.738s 1%: 0.067+2.7+0.008 ms clock, 1.3+0/3.0/0+0.17 ms cpu, 264->264->146 MB, 278 MB goal, 0 MB stacks, 0 MB globals, 20 P
gc 10189 @285.751s 1%: 0.051+0.48+0.021 ms clock, 1.0+0/0.85/0+0.42 ms cpu, 276->276->140 MB, 292 MB goal, 0 MB stacks, 0 MB globals, 20 P
gc 10190 @285.761s 1%: 0.019+2.7+1.4 ms clock, 0.38+0.13/0.74/0+28 ms cpu, 261->290->147 MB, 280 MB goal, 0 MB stacks, 0 MB globals, 20 P
gc 10191 @285.777s 1%: 0.034+0.42+0.005 ms clock, 0.69+0/0.77/0+0.11 ms cpu, 268->268->112 MB, 294 MB goal, 0 MB stacks, 0 MB globals, 20 P
gc 10192 @285.782s 1%: 0.27+1.6+0.003 ms clock, 5.5+0/1.9/0.002+0.071 ms cpu, 196->206->139 MB, 225 MB goal, 0 MB stacks, 0 MB globals, 20 P
gc 10193 @285.796s 1%: 0.22+0.38+0.005 ms clock, 4.4+0/0.81/0+0.10 ms cpu, 250->251->119 MB, 279 MB goal, 0 MB stacks, 0 MB globals, 20 P
gc 10194 @285.803s 1%: 0.048+0.95+0.15 ms clock, 0.97+0/1.3/0+3.0 ms cpu, 222->222->151 MB, 240 MB goal, 0 MB stacks, 0 MB globals, 20 P
gc 10195 @285.821s 1%: 0.021+3.8+0.015 ms clock, 0.43+3.4/0.71/0.008+0.30 ms cpu, 284->297->142 MB, 303 MB goal, 0 MB stacks, 0 MB globals, 20 P
gc 10196 @285.837s 1%: 0.033+0.83+0.005 ms clock, 0.66+0/1.2/0+0.10 ms cpu, 264->264->150 MB, 285 MB goal, 0 MB stacks, 0 MB globals, 20 P
gc 10197 @285.848s 1%: 0.051+3.4+0.004 ms clock, 1.0+0/4.0/0+0.081 ms cpu, 282->289->134 MB, 301 MB goal, 0 MB stacks, 0 MB globals, 20 P
gc 10198 @285.859s 1%: 0.29+0.75+0.43 ms clock, 5.8+0/1.0/0+8.6 ms cpu, 244->263->151 MB, 270 MB goal, 0 MB stacks, 0 MB globals, 20 P
gc 10199 @285.872s 1%: 0.020+6.7+0.082 ms clock, 0.40+0.074/6.0/0+1.6 ms cpu, 291->321->156 MB, 303 MB goal, 0 MB stacks, 0 MB globals, 20 P
gc 10200 @285.891s 1%: 0.055+1.2+0.005 ms clock, 1.1+0.10/0.80/0+0.11 ms cpu, 282->291->136 MB, 312 MB goal, 0 MB stacks, 0 MB globals, 20 P
gc 10201 @285.899s 1%: 0.034+1.4+0.082 ms clock, 0.68+0/1.8/0+1.6 ms cpu, 249->263->169 MB, 273 MB goal, 0 MB stacks, 0 MB globals, 20 P
gc 10202 @285.916s 1%: 0.043+7.0+0.090 ms clock, 0.87+0/6.3/0.010+1.8 ms cpu, 323->353->181 MB, 340 MB goal, 0 MB stacks, 0 MB globals, 20 P
gc 10203 @285.938s 1%: 0.49+6.4+0.009 ms clock, 9.9+0/1.3/0.012+0.18 ms cpu, 340->366->153 MB, 364 MB goal, 0 MB stacks, 0 MB globals, 20 P
gc 10204 @285.955s 1%: 0.021+3.8+0.30 ms clock, 0.42+0.11/1.1/0+6.1 ms cpu, 277->326->170 MB, 307 MB goal, 0 MB stacks, 0 MB globals, 20 P
gc 10205 @285.971s 1%: 0.036+2.7+1.5 ms clock, 0.73+0/1.2/0.029+31 ms cpu, 299->324->149 MB, 341 MB goal, 0 MB stacks, 0 MB globals, 20 P
gc 10206 @285.985s 1%: 0.046+0.61+0.13 ms clock, 0.93+0/1.0/0+2.7 ms cpu, 256->261->119 MB, 299 MB goal, 0 MB stacks, 0 MB globals, 20 P
gc 10207 @285.990s 1%: 0.10+3.1+0.43 ms clock, 2.1+0/1.7/0+8.7 ms cpu, 205->250->176 MB, 239 MB goal, 0 MB stacks, 0 MB globals, 20 P
gc 10208 @286.005s 1%: 0.40+4.8+3.3 ms clock, 8.1+0/1.6/0+67 ms cpu, 306->344->169 MB, 354 MB goal, 0 MB stacks, 0 MB globals, 20 P
gc 10209 @286.025s 1%: 0.042+0.89+0.008 ms clock, 0.84+0/1.3/0+0.16 ms cpu, 309->309->140 MB, 339 MB goal, 0 MB stacks, 0 MB globals, 20 P
gc 10210 @286.036s 1%: 0.77+1.6+3.4 ms clock, 15+0/1.2/0.005+69 ms cpu, 239->265->144 MB, 280 MB goal, 0 MB stacks, 0 MB globals, 20 P
gc 10211 @286.050s 1%: 0.034+0.71+0.45 ms clock, 0.69+0/0.93/0+9.0 ms cpu, 248->254->145 MB, 289 MB goal, 0 MB stacks, 0 MB globals, 20 P
gc 10212 @286.058s 1%: 0.019+1.9+0.013 ms clock, 0.38+0/2.3/0+0.27 ms cpu, 269->269->146 MB, 291 MB goal, 0 MB stacks, 0 MB globals, 20 P
gc 10213 @286.070s 1%: 0.044+1.3+0.009 ms clock, 0.88+0/2.0/0+0.19 ms cpu, 255->255->149 MB, 294 MB goal, 0 MB stacks, 0 MB globals, 20 P
gc 10214 @286.081s 1%: 0.050+0.77+0.061 ms clock, 1.0+0/0.93/0+1.2 ms cpu, 261->264->137 MB, 299 MB goal, 0 MB stacks, 0 MB globals, 20 P
gc 10215 @286.094s 1%: 0.31+1.0+7.7 ms clock, 6.2+0/1.3/0+154 ms cpu, 242->258->144 MB, 275 MB goal, 0 MB stacks, 0 MB globals, 20 P
gc 10216 @286.113s 1%: 0.035+0.84+0.005 ms clock, 0.70+0/1.2/0+0.10 ms cpu, 250->250->147 MB, 288 MB goal, 0 MB stacks, 0 MB globals, 20 P
gc 10217 @286.122s 1%: 0.039+6.6+0.075 ms clock, 0.79+0/6.4/0+1.5 ms cpu, 267->292->178 MB, 294 MB goal, 0 MB stacks, 0 MB globals, 20 P
gc 10218 @286.149s 1%: 0.033+6.5+0.004 ms clock, 0.67+0.031/0.83/0+0.097 ms cpu, 341->370->169 MB, 356 MB goal, 0 MB stacks, 0 MB globals, 20 P
gc 10219 @286.168s 1%: 0.020+1.7+0.003 ms clock, 0.40+0.18/0.55/0+0.068 ms cpu, 311->338->152 MB, 340 MB goal, 0 MB stacks, 0 MB globals, 20 P
gc 10220 @286.179s 1%: 0.034+0.84+0.070 ms clock, 0.69+0/1.3/0+1.4 ms cpu, 283->283->149 MB, 306 MB goal, 0 MB stacks, 0 MB globals, 20 P
gc 10221 @286.189s 1%: 0.037+1.6+0.006 ms clock, 0.75+0/2.1/0+0.12 ms cpu, 276->284->138 MB, 300 MB goal, 0 MB stacks, 0 MB globals, 20 P
gc 10222 @286.202s 1%: 0.018+1.5+0.51 ms clock, 0.36+0.060/1.2/0+10 ms cpu, 248->266->132 MB, 276 MB goal, 0 MB stacks, 0 MB globals, 20 P
gc 10223 @286.210s 1%: 0.051+0.62+0.039 ms clock, 1.0+0/0.86/0.011+0.78 ms cpu, 238->238->161 MB, 265 MB goal, 0 MB stacks, 0 MB globals, 20 P
gc 10224 @286.233s 1%: 0.85+3.4+0.080 ms clock, 17+0/3.8/0.005+1.6 ms cpu, 302->315->145 MB, 323 MB goal, 0 MB stacks, 0 MB globals, 20 P
gc 10225 @286.251s 1%: 1.1+0.69+0.003 ms clock, 23+0/1.1/0+0.070 ms cpu, 263->263->124 MB, 291 MB goal, 0 MB stacks, 0 MB globals, 20 P
gc 10226 @286.262s 1%: 0.017+0.63+0.041 ms clock, 0.35+0/0.91/0+0.82 ms cpu, 219->225->112 MB, 248 MB goal, 0 MB stacks, 0 MB globals, 20 P
gc 10227 @286.267s 1%: 0.90+5.9+0.12 ms clock, 18+0/1.4/0.007+2.5 ms cpu, 206->234->154 MB, 224 MB goal, 0 MB stacks, 0 MB globals, 20 P
gc 10228 @286.287s 1%: 1.8+7.9+2.9 ms clock, 36+0/5.0/0+58 ms cpu, 293->317->148 MB, 310 MB goal, 0 MB stacks, 0 MB globals, 20 P
gc 10229 @286.311s 1%: 0.025+2.7+0.003 ms clock, 0.51+0.006/1.2/0+0.078 ms cpu, 271->296->144 MB, 296 MB goal, 0 MB stacks, 0 MB globals, 20 P
gc 10230 @286.324s 1%: 0.035+0.38+0.007 ms clock, 0.71+0/0.79/0+0.15 ms cpu, 263->263->141 MB, 288 MB goal, 0 MB stacks, 0 MB globals, 20 P
gc 10231 @286.332s 1%: 0.044+1.4+0.10 ms clock, 0.88+0/2.0/0.024+2.1 ms cpu, 280->280->152 MB, 283 MB goal, 0 MB stacks, 0 MB globals, 20 P
gc 10232 @286.344s 1%: 1.1+0.61+0.023 ms clock, 22+0/1.2/0+0.46 ms cpu, 277->291->146 MB, 305 MB goal, 0 MB stacks, 0 MB globals, 20 P
gc 10233 @286.358s 1%: 0.020+0.96+0.003 ms clock, 0.41+0/1.4/0+0.067 ms cpu, 273->275->125 MB, 293 MB goal, 0 MB stacks, 0 MB globals, 20 P
gc 10234 @286.368s 1%: 0.028+3.2+0.38 ms clock, 0.57+0.038/0.67/0+7.6 ms cpu, 229->253->160 MB, 250 MB goal, 0 MB stacks, 0 MB globals, 20 P
gc 10235 @286.385s 1%: 0.019+7.3+0.89 ms clock, 0.39+0.044/3.5/0+17 ms cpu, 297->327->151 MB, 320 MB goal, 0 MB stacks, 0 MB globals, 20 P
gc 10236 @286.403s 1%: 0.042+0.52+0.014 ms clock, 0.84+0/0.73/0+0.28 ms cpu, 274->276->146 MB, 303 MB goal, 0 MB stacks, 0 MB globals, 20 P
gc 10237 @286.411s 1%: 0.10+1.1+0.011 ms clock, 2.0+0/1.6/0+0.23 ms cpu, 279->279->153 MB, 294 MB goal, 0 MB stacks, 0 MB globals, 20 P
gc 10238 @286.422s 1%: 0.065+1.7+3.7 ms clock, 1.3+0/1.6/0+75 ms cpu, 278->305->156 MB, 306 MB goal, 0 MB stacks, 0 MB globals, 20 P
gc 10239 @286.439s 1%: 0.24+2.4+0.023 ms clock, 4.9+0/2.3/0.001+0.47 ms cpu, 292->317->151 MB, 313 MB goal, 0 MB stacks, 0 MB globals, 20 P
gc 10240 @286.454s 1%: 0.027+1.5+0.14 ms clock, 0.55+0/1.3/0+2.8 ms cpu, 271->289->134 MB, 302 MB goal, 0 MB stacks, 0 MB globals, 20 P
gc 10241 @286.462s 1%: 0.072+0.66+0.25 ms clock, 1.4+0.035/0.82/0+5.1 ms cpu, 241->241->149 MB, 268 MB goal, 0 MB stacks, 0 MB globals, 20 P
gc 10242 @286.475s 1%: 0.044+0.83+0.017 ms clock, 0.89+0/1.1/0+0.34 ms cpu, 273->273->141 MB, 299 MB goal, 0 MB stacks, 0 MB globals, 20 P
gc 10243 @286.484s 1%: 0.017+5.5+0.003 ms clock, 0.35+0.006/5.8/0+0.075 ms cpu, 263->269->126 MB, 283 MB goal, 0 MB stacks, 0 MB globals, 20 P
gc 10244 @286.497s 1%: 0.055+0.40+0.017 ms clock, 1.1+0.027/0.80/0+0.35 ms cpu, 227->228->136 MB, 252 MB goal, 0 MB stacks, 0 MB globals, 20 P
gc 10245 @286.506s 1%: 0.076+0.67+2.4 ms clock, 1.5+0/0.85/0+48 ms cpu, 251->258->147 MB, 273 MB goal, 0 MB stacks, 0 MB globals, 20 P
gc 10246 @286.522s 1%: 0.85+4.2+3.5 ms clock, 17+0/2.0/0+70 ms cpu, 279->301->147 MB, 296 MB goal, 0 MB stacks, 0 MB globals, 20 P
gc 10247 @286.542s 1%: 0.10+1.3+0.003 ms clock, 2.0+0/1.6/0+0.074 ms cpu, 280->288->130 MB, 295 MB goal, 0 MB stacks, 0 MB globals, 20 P
gc 10248 @286.555s 1%: 0.066+0.59+0.010 ms clock, 1.3+0.062/0.75/0+0.21 ms cpu, 239->245->114 MB, 262 MB goal, 0 MB stacks, 0 MB globals, 20 P
gc 10249 @286.560s 1%: 1.2+7.6+0.013 ms clock, 24+0/3.0/0+0.26 ms cpu, 215->256->171 MB, 230 MB goal, 0 MB stacks, 0 MB globals, 20 P
gc 10250 @286.584s 1%: 0.035+8.5+0.022 ms clock, 0.70+0/1.1/0+0.45 ms cpu, 319->354->177 MB, 344 MB goal, 0 MB stacks, 0 MB globals, 20 P
gc 10251 @286.603s 1%: 0.56+1.2+0.025 ms clock, 11+0/1.6/0+0.50 ms cpu, 315->327->141 MB, 355 MB goal, 0 MB stacks, 0 MB globals, 20 P
gc 10252 @286.614s 1%: 0.43+5.0+2.6 ms clock, 8.7+0/1.3/0+53 ms cpu, 244->295->172 MB, 283 MB goal, 0 MB stacks, 0 MB globals, 20 P
gc 10253 @286.633s 1%: 0.022+3.9+0.60 ms clock, 0.45+0.20/2.8/0+12 ms cpu, 302->341->163 MB, 346 MB goal, 0 MB stacks, 0 MB globals, 20 P
gc 10254 @286.647s 1%: 0.020+3.5+0.003 ms clock, 0.40+0/2.4/0+0.069 ms cpu, 282->309->155 MB, 326 MB goal, 0 MB stacks, 0 MB globals, 20 P
gc 10255 @286.662s 1%: 1.6+0.98+0.11 ms clock, 33+0/0.95/0+2.3 ms cpu, 265->276->123 MB, 311 MB goal, 0 MB stacks, 0 MB globals, 20 P
gc 10256 @286.670s 1%: 0.070+1.7+0.032 ms clock, 1.4+0/2.1/0+0.64 ms cpu, 216->226->155 MB, 247 MB goal, 0 MB stacks, 0 MB globals, 20 P
gc 10257 @286.682s 1%: 3.0+0.54+0.030 ms clock, 60+0/0.85/0+0.60 ms cpu, 264->279->137 MB, 311 MB goal, 0 MB stacks, 0 MB globals, 20 P
gc 10258 @286.696s 1%: 0.070+1.2+0.097 ms clock, 1.4+0/1.3/0+1.9 ms cpu, 239->243->147 MB, 275 MB goal, 0 MB stacks, 0 MB globals, 20 P
gc 10259 @286.709s 1%: 1.2+3.0+0.003 ms clock, 25+0/3.5/0+0.064 ms cpu, 268->278->131 MB, 295 MB goal, 0 MB stacks, 0 MB globals, 20 P
gc 10260 @286.724s 1%: 0.11+0.61+0.019 ms clock, 2.2+0/0.95/0.006+0.39 ms cpu, 248->250->142 MB, 262 MB goal, 0 MB stacks, 0 MB globals, 20 P
gc 10261 @286.734s 1%: 0.036+2.9+0.010 ms clock, 0.73+0/3.3/0+0.20 ms cpu, 275->275->148 MB, 285 MB goal, 0 MB stacks, 0 MB globals, 20 P
gc 10262 @286.749s 1%: 0.36+1.3+0.003 ms clock, 7.2+0/1.8/0+0.071 ms cpu, 295->295->130 MB, 298 MB goal, 0 MB stacks, 0 MB globals, 20 P
gc 10263 @286.759s 1%: 0.040+0.91+0.013 ms clock, 0.80+0/1.2/0+0.26 ms cpu, 250->250->146 MB, 261 MB goal, 0 MB stacks, 0 MB globals, 20 P
gc 10264 @286.771s 1%: 0.058+0.44+0.095 ms clock, 1.1+0.12/0.82/0+1.9 ms cpu, 290->291->139 MB, 292 MB goal, 0 MB stacks, 0 MB globals, 20 P
gc 10265 @286.782s 1%: 0.043+1.3+0.005 ms clock, 0.86+0/1.6/0.004+0.11 ms cpu, 274->275->147 MB, 278 MB goal, 0 MB stacks, 0 MB globals, 20 P
gc 10266 @286.795s 1%: 0.039+2.2+0.009 ms clock, 0.79+0/2.4/0+0.18 ms cpu, 291->291->145 MB, 295 MB goal, 0 MB stacks, 0 MB globals, 20 P
gc 10267 @286.807s 1%: 5.4+0.66+0.004 ms clock, 109+0/1.0/0.007+0.093 ms cpu, 284->284->127 MB, 291 MB goal, 0 MB stacks, 0 MB globals, 20 P
gc 10268 @286.823s 1%: 0.020+0.74+0.16 ms clock, 0.40+0.21/0.69/0+3.2 ms cpu, 247->247->115 MB, 254 MB goal, 0 MB stacks, 0 MB globals, 20 P
gc 10269 @286.830s 1%: 0.080+5.8+0.009 ms clock, 1.6+0/6.2/0+0.19 ms cpu, 230->230->150 MB, 232 MB goal, 0 MB stacks, 0 MB globals, 20 P
gc 10270 @286.848s 1%: 0.062+3.2+0.081 ms clock, 1.2+0/3.6/0.019+1.6 ms cpu, 297->297->144 MB, 300 MB goal, 0 MB stacks, 0 MB globals, 20 P
gc 10271 @286.865s 1%: 0.041+0.43+0.011 ms clock, 0.82+0/0.75/0+0.23 ms cpu, 290->290->168 MB, 290 MB goal, 0 MB stacks, 0 MB globals, 20 P
gc 10272 @286.885s 1%: 2.3+0.51+0.10 ms clock, 46+0/1.0/0.022+2.0 ms cpu, 327->328->126 MB, 336 MB goal, 0 MB stacks, 0 MB globals, 20 P
gc 10273 @286.900s 1%: 0.060+0.58+0.022 ms clock, 1.2+0.032/0.91/0+0.45 ms cpu, 249->253->148 MB, 253 MB goal, 0 MB stacks, 0 MB globals, 20 P
gc 10274 @286.911s 1%: 0.10+1.7+0.13 ms clock, 2.0+0/1.9/0+2.7 ms cpu, 309->323->173 MB, 309 MB goal, 0 MB stacks, 0 MB globals, 20 P
gc 10275 @286.935s 1%: 0.090+0.51+0.077 ms clock, 1.8+0/0.72/0+1.5 ms cpu, 358->358->172 MB, 358 MB goal, 0 MB stacks, 0 MB globals, 20 P
gc 10276 @286.950s 1%: 0.026+0.44+0.014 ms clock, 0.53+0.18/0.71/0+0.29 ms cpu, 343->343->158 MB, 345 MB goal, 0 MB stacks, 0 MB globals, 20 P
gc 10277 @286.965s 1%: 0.042+0.93+0.73 ms clock, 0.85+0/1.2/0.005+14 ms cpu, 303->313->159 MB, 316 MB goal, 0 MB stacks, 0 MB globals, 20 P
gc 10278 @286.983s 1%: 0.56+1.2+0.004 ms clock, 11+0/1.8/0+0.089 ms cpu, 313->313->133 MB, 318 MB goal, 0 MB stacks, 0 MB globals, 20 P
gc 10279 @286.997s 1%: 0.061+1.3+0.005 ms clock, 1.2+0/2.0/0+0.11 ms cpu, 266->266->128 MB, 268 MB goal, 0 MB stacks, 0 MB globals, 20 P
gc 10280 @287.012s 1%: 0.058+1.1+0.030 ms clock, 1.1+0/2.1/0.012+0.60 ms cpu, 256->256->144 MB, 257 MB goal, 0 MB stacks, 0 MB globals, 20 P
gc 10281 @287.026s 1%: 3.5+1.3+0.003 ms clock, 70+0/1.6/0+0.072 ms cpu, 282->282->126 MB, 289 MB goal, 0 MB stacks, 0 MB globals, 20 P
gc 10282 @287.042s 1%: 0.038+0.92+0.006 ms clock, 0.76+0/1.5/0.002+0.13 ms cpu, 242->242->144 MB, 254 MB goal, 0 MB stacks, 0 MB globals, 20 P
gc 10283 @287.052s 1%: 0.038+0.44+0.022 ms clock, 0.77+0/0.97/0.001+0.45 ms cpu, 278->278->136 MB, 290 MB goal, 0 MB stacks, 0 MB globals, 20 P
gc 10284 @287.064s 1%: 0.018+2.0+0.003 ms clock, 0.37+0/2.4/0+0.066 ms cpu, 262->275->128 MB, 272 MB goal, 0 MB stacks, 0 MB globals, 20 P
gc 10285 @287.076s 1%: 1.5+0.70+0.015 ms clock, 30+0.092/0.67/0+0.31 ms cpu, 242->258->138 MB, 256 MB goal, 0 MB stacks, 0 MB globals, 20 P
gc 10286 @287.094s 1%: 0.056+1.6+0.19 ms clock, 1.1+0/2.5/0.004+3.8 ms cpu, 272->272->146 MB, 276 MB goal, 0 MB stacks, 0 MB globals, 20 P
gc 10287 @287.115s 1%: 0.048+0.42+0.015 ms clock, 0.97+0/0.98/0.001+0.30 ms cpu, 282->282->166 MB, 294 MB goal, 0 MB stacks, 0 MB globals, 20 P
gc 10288 @287.127s 1%: 0.042+4.9+0.009 ms clock, 0.84+0/5.1/0+0.18 ms cpu, 322->322->150 MB, 333 MB goal, 0 MB stacks, 0 MB globals, 20 P
gc 10289 @287.143s 1%: 0.045+2.4+0.081 ms clock, 0.91+0.16/1.6/0+1.6 ms cpu, 291->313->156 MB, 302 MB goal, 0 MB stacks, 0 MB globals, 20 P
gc 10290 @287.159s 1%: 0.022+0.55+0.059 ms clock, 0.45+0.51/0.74/0+1.1 ms cpu, 290->290->130 MB, 312 MB goal, 0 MB stacks, 0 MB globals, 20 P
gc 10291 @287.168s 1%: 0.033+0.54+0.10 ms clock, 0.67+0.032/0.68/0+2.0 ms cpu, 238->241->146 MB, 260 MB goal, 0 MB stacks, 0 MB globals, 20 P
gc 10292 @287.177s 1%: 0.10+2.7+0.085 ms clock, 2.0+0/3.1/0+1.7 ms cpu, 293->293->155 MB, 293 MB goal, 0 MB stacks, 0 MB globals, 20 P
gc 10293 @287.192s 1%: 0.049+3.9+0.005 ms clock, 0.99+0/4.3/0+0.11 ms cpu, 310->310->147 MB, 312 MB goal, 0 MB stacks, 0 MB globals, 20 P
gc 10294 @287.206s 1%: 0.10+3.6+0.009 ms clock, 2.1+0/4.0/0+0.18 ms cpu, 277->304->157 MB, 295 MB goal, 0 MB stacks, 0 MB globals, 20 P
gc 10295 @287.220s 1%: 0.044+0.54+0.046 ms clock, 0.88+0/0.91/0+0.92 ms cpu, 304->304->135 MB, 315 MB goal, 0 MB stacks, 0 MB globals, 20 P
gc 10296 @287.233s 1%: 3.5+0.61+0.005 ms clock, 70+0/1.3/0+0.10 ms cpu, 247->247->116 MB, 271 MB goal, 0 MB stacks, 0 MB globals, 20 P
gc 10297 @287.244s 1%: 0.64+1.5+0.085 ms clock, 12+0/1.8/0+1.7 ms cpu, 215->229->150 MB, 233 MB goal, 0 MB stacks, 0 MB globals, 20 P
gc 10298 @287.262s 1%: 1.2+1.0+0.005 ms clock, 25+0/1.8/0+0.11 ms cpu, 277->277->127 MB, 300 MB goal, 0 MB stacks, 0 MB globals, 20 P
gc 10299 @287.275s 1%: 0.019+0.90+0.27 ms clock, 0.39+0/0.81/0+5.4 ms cpu, 232->240->123 MB, 255 MB goal, 0 MB stacks, 0 MB globals, 20 P
gc 10300 @287.283s 1%: 0.025+3.8+0.088 ms clock, 0.50+0.15/0.73/0.008+1.7 ms cpu, 224->237->158 MB, 246 MB goal, 0 MB stacks, 0 MB globals, 20 P
gc 10301 @287.298s 1%: 0.87+6.5+0.083 ms clock, 17+0/6.5/0+1.6 ms cpu, 292->320->156 MB, 316 MB goal, 0 MB stacks, 0 MB globals, 20 P
gc 10302 @287.318s 1%: 0.020+1.9+0.31 ms clock, 0.40+0/1.3/0+6.2 ms cpu, 289->309->152 MB, 313 MB goal, 0 MB stacks, 0 MB globals, 20 P
gc 10303 @287.331s 1%: 0.23+0.42+0.005 ms clock, 4.7+0/1.0/0.009+0.11 ms cpu, 278->278->120 MB, 306 MB goal, 0 MB stacks, 0 MB globals, 20 P
gc 10304 @287.337s 1%: 0.020+2.0+0.023 ms clock, 0.40+0.093/2.2/0+0.47 ms cpu, 220->250->169 MB, 240 MB goal, 0 MB stacks, 0 MB globals, 20 P
gc 10305 @287.358s 1%: 0.022+5.6+0.005 ms clock, 0.44+0.18/5.7/0+0.11 ms cpu, 325->325->141 MB, 339 MB goal, 0 MB stacks, 0 MB globals, 20 P
gc 10306 @287.377s 1%: 0.32+2.0+2.8 ms clock, 6.5+0/1.5/0.002+56 ms cpu, 256->280->151 MB, 284 MB goal, 0 MB stacks, 0 MB globals, 20 P
gc 10307 @287.393s 1%: 0.035+0.77+0.014 ms clock, 0.70+0/1.1/0+0.28 ms cpu, 274->274->149 MB, 304 MB goal, 0 MB stacks, 0 MB globals, 20 P
gc 10308 @287.406s 1%: 1.2+0.90+0.004 ms clock, 25+0/1.5/0+0.080 ms cpu, 276->280->130 MB, 299 MB goal, 0 MB stacks, 0 MB globals, 20 P
gc 10309 @287.417s 1%: 0.055+0.53+0.017 ms clock, 1.1+0.036/0.78/0.029+0.34 ms cpu, 230->233->139 MB, 260 MB goal, 0 MB stacks, 0 MB globals, 20 P
gc 10310 @287.427s 1%: 0.022+8.6+1.8 ms clock, 0.45+0.21/3.7/0+36 ms cpu, 258->290->166 MB, 280 MB goal, 0 MB stacks, 0 MB globals, 20 P
gc 10311 @287.451s 1%: 0.10+2.7+0.014 ms clock, 2.1+0/3.0/0+0.29 ms cpu, 317->317->142 MB, 333 MB goal, 0 MB stacks, 0 MB globals, 20 P
gc 10312 @287.464s 1%: 0.63+0.43+0.014 ms clock, 12+0/0.79/0+0.28 ms cpu, 254->254->119 MB, 285 MB goal, 0 MB stacks, 0 MB globals, 20 P
gc 10313 @287.471s 1%: 0.019+3.5+0.005 ms clock, 0.38+0.081/2.2/0+0.11 ms cpu, 216->243->146 MB, 238 MB goal, 0 MB stacks, 0 MB globals, 20 P
gc 10314 @287.484s 1%: 0.038+5.0+0.034 ms clock, 0.76+0/5.1/0+0.69 ms cpu, 263->287->140 MB, 292 MB goal, 0 MB stacks, 0 MB globals, 20 P
gc 10315 @287.501s 1%: 0.017+0.77+0.003 ms clock, 0.35+0.079/1.2/0+0.071 ms cpu, 257->260->116 MB, 281 MB goal, 0 MB stacks, 0 MB globals, 20 P
gc 10316 @287.506s 1%: 0.021+0.98+0.069 ms clock, 0.42+0.83/0.53/0+1.3 ms cpu, 201->201->130 MB, 232 MB goal, 0 MB stacks, 0 MB globals, 20 P
gc 10317 @287.518s 1%: 0.15+2.4+2.1 ms clock, 3.0+0/1.3/0+42 ms cpu, 233->253->135 MB, 262 MB goal, 0 MB stacks, 0 MB globals, 20 P
gc 10318 @287.533s 1%: 2.6+0.45+0.005 ms clock, 53+0/0.83/0+0.11 ms cpu, 245->246->125 MB, 271 MB goal, 0 MB stacks, 0 MB globals, 20 P
gc 10319 @287.543s 1%: 0.043+0.44+0.021 ms clock, 0.86+0/0.72/0+0.42 ms cpu, 243->243->141 MB, 252 MB goal, 0 MB stacks, 0 MB globals, 20 P
gc 10320 @287.555s 1%: 0.019+1.7+0.005 ms clock, 0.38+0.016/1.9/0+0.11 ms cpu, 267->272->123 MB, 282 MB goal, 0 MB stacks, 0 MB globals, 20 P
gc 10321 @287.565s 1%: 0.034+6.0+0.004 ms clock, 0.68+0.016/6.3/0+0.083 ms cpu, 238->242->156 MB, 247 MB goal, 0 MB stacks, 0 MB globals, 20 P
gc 10322 @287.583s 1%: 0.035+1.9+0.005 ms clock, 0.71+0.007/2.2/0+0.11 ms cpu, 300->305->124 MB, 314 MB goal, 0 MB stacks, 0 MB globals, 20 P
gc 10323 @287.590s 1%: 0.044+1.7+0.015 ms clock, 0.89+0/2.2/0+0.31 ms cpu, 234->234->153 MB, 249 MB goal, 0 MB stacks, 0 MB globals, 20 P
gc 10324 @287.604s 1%: 0.14+5.6+0.026 ms clock, 2.8+0/1.6/0+0.52 ms cpu, 291->307->150 MB, 307 MB goal, 0 MB stacks, 0 MB globals, 20 P
gc 10325 @287.624s 1%: 0.17+0.37+0.042 ms clock, 3.5+0/0.77/0+0.84 ms cpu, 287->300->141 MB, 302 MB goal, 0 MB stacks, 0 MB globals, 20 P
gc 10326 @287.635s 1%: 0.050+2.4+0.19 ms clock, 1.0+0.045/0.79/0+3.8 ms cpu, 268->287->150 MB, 282 MB goal, 0 MB stacks, 0 MB globals, 20 P
gc 10327 @287.651s 1%: 0.36+3.7+0.018 ms clock, 7.2+0/1.0/0+0.37 ms cpu, 284->327->163 MB, 300 MB goal, 0 MB stacks, 0 MB globals, 20 P
gc 10328 @287.665s 1%: 0.020+3.1+0.004 ms clock, 0.40+0.12/2.4/0+0.080 ms cpu, 287->317->147 MB, 327 MB goal, 0 MB stacks, 0 MB globals, 20 P
gc 10329 @287.679s 1%: 0.039+0.90+0.013 ms clock, 0.79+0/1.4/0+0.26 ms cpu, 254->254->112 MB, 294 MB goal, 0 MB stacks, 0 MB globals, 20 P
gc 10330 @287.686s 1%: 0.040+0.87+0.10 ms clock, 0.81+0/1.2/0+2.1 ms cpu, 205->205->142 MB, 226 MB goal, 0 MB stacks, 0 MB globals, 20 P
gc 10331 @287.696s 1%: 0.11+2.1+0.004 ms clock, 2.3+0.030/0.72/0+0.089 ms cpu, 244->253->130 MB, 285 MB goal, 0 MB stacks, 0 MB globals, 20 P
gc 10332 @287.704s 1%: 0.030+1.4+0.013 ms clock, 0.60+0/2.0/0+0.27 ms cpu, 227->227->146 MB, 261 MB goal, 0 MB stacks, 0 MB globals, 20 P
gc 10333 @287.718s 1%: 0.023+6.4+2.4 ms clock, 0.46+0.10/0.83/0+49 ms cpu, 252->295->165 MB, 294 MB goal, 0 MB stacks, 0 MB globals, 20 P
gc 10334 @287.739s 1%: 0.036+3.5+3.1 ms clock, 0.73+0.11/2.0/0+63 ms cpu, 289->326->152 MB, 330 MB goal, 0 MB stacks, 0 MB globals, 20 P
gc 10335 @287.758s 1%: 0.066+0.65+0.005 ms clock, 1.3+0.026/0.76/0.003+0.11 ms cpu, 263->266->124 MB, 305 MB goal, 0 MB stacks, 0 MB globals, 20 P
gc 10336 @287.764s 1%: 0.24+2.4+0.10 ms clock, 4.9+0/1.8/0+2.1 ms cpu, 218->242->161 MB, 248 MB goal, 0 MB stacks, 0 MB globals, 20 P
gc 10337 @287.779s 1%: 0.66+7.3+2.6 ms clock, 13+0/3.5/0+53 ms cpu, 284->332->178 MB, 323 MB goal, 0 MB stacks, 0 MB globals, 20 P
gc 10338 @287.801s 1%: 0.31+2.1+0.027 ms clock, 6.3+0/0.99/0+0.54 ms cpu, 310->349->167 MB, 356 MB goal, 0 MB stacks, 0 MB globals, 20 P
gc 10339 @287.815s 1%: 0.47+1.6+0.019 ms clock, 9.4+0/1.2/0.004+0.38 ms cpu, 290->321->155 MB, 335 MB goal, 0 MB stacks, 0 MB globals, 20 P
gc 10340 @287.828s 1%: 0.18+0.45+0.020 ms clock, 3.6+0/0.77/0+0.41 ms cpu, 265->268->119 MB, 310 MB goal, 0 MB stacks, 0 MB globals, 20 P
gc 10341 @287.833s 1%: 0.70+1.4+0.012 ms clock, 14+0/1.7/0+0.25 ms cpu, 211->224->147 MB, 238 MB goal, 0 MB stacks, 0 MB globals, 20 P
gc 10342 @287.848s 1%: 0.019+1.5+0.003 ms clock, 0.39+0/0.68/0+0.071 ms cpu, 252->256->136 MB, 294 MB goal, 0 MB stacks, 0 MB globals, 20 P
gc 10343 @287.859s 1%: 0.081+0.66+0.037 ms clock, 1.6+0/0.80/0+0.75 ms cpu, 235->238->141 MB, 273 MB goal, 0 MB stacks, 0 MB globals, 20 P
gc 10344 @287.867s 1%: 0.038+2.3+0.003 ms clock, 0.77+0/2.8/0+0.068 ms cpu, 253->254->143 MB, 283 MB goal, 0 MB stacks, 0 MB globals, 20 P
gc 10345 @287.881s 1%: 0.060+0.44+0.093 ms clock, 1.2+0.035/0.70/0+1.8 ms cpu, 279->279->151 MB, 288 MB goal, 0 MB stacks, 0 MB globals, 20 P
gc 10346 @287.895s 1%: 0.018+8.6+0.004 ms clock, 0.37+0.054/4.4/0+0.096 ms cpu, 293->322->148 MB, 302 MB goal, 0 MB stacks, 0 MB globals, 20 P
gc 10347 @287.914s 1%: 0.016+0.57+0.004 ms clock, 0.32+0.10/1.1/0+0.086 ms cpu, 268->269->114 MB, 297 MB goal, 0 MB stacks, 0 MB globals, 20 P
gc 10348 @287.920s 1%: 0.41+1.0+0.74 ms clock, 8.3+0/1.1/0+14 ms cpu, 200->224->155 MB, 229 MB goal, 0 MB stacks, 0 MB globals, 20 P
gc 10349 @287.935s 1%: 0.045+2.5+0.006 ms clock, 0.90+0/1.2/0+0.12 ms cpu, 301->311->150 MB, 311 MB goal, 0 MB stacks, 0 MB globals, 20 P
gc 10350 @287.950s 1%: 0.10+0.49+0.004 ms clock, 2.0+0/0.97/0+0.094 ms cpu, 273->273->119 MB, 300 MB goal, 0 MB stacks, 0 MB globals, 20 P
gc 10351 @287.956s 1%: 0.036+1.8+0.024 ms clock, 0.72+0/2.1/0+0.48 ms cpu, 225->239->167 MB, 239 MB goal, 0 MB stacks, 0 MB globals, 20 P
gc 10352 @287.971s 1%: 0.54+10+0.009 ms clock, 10+0/5.3/0+0.18 ms cpu, 310->337->162 MB, 335 MB goal, 0 MB stacks, 0 MB globals, 20 P
gc 10353 @287.993s 1%: 0.038+1.5+0.004 ms clock, 0.77+0/1.9/0+0.081 ms cpu, 311->321->147 MB, 326 MB goal, 0 MB stacks, 0 MB globals, 20 P
gc 10354 @288.004s 1%: 0.28+1.5+0.006 ms clock, 5.6+0/1.5/0+0.13 ms cpu, 279->285->134 MB, 295 MB goal, 0 MB stacks, 0 MB globals, 20 P
gc 10355 @288.017s 1%: 0.034+0.75+0.19 ms clock, 0.69+0/0.89/0+3.9 ms cpu, 243->249->148 MB, 269 MB goal, 0 MB stacks, 0 MB globals, 20 P
gc 10356 @288.024s 1%: 0.045+2.2+0.009 ms clock, 0.90+0/2.5/0.009+0.19 ms cpu, 272->272->149 MB, 296 MB goal, 0 MB stacks, 0 MB globals, 20 P
gc 10357 @288.036s 1%: 0.91+6.6+4.4 ms clock, 18+0/1.4/0.002+88 ms cpu, 274->318->175 MB, 299 MB goal, 0 MB stacks, 0 MB globals, 20 P
gc 10358 @288.060s 1%: 0.018+5.0+0.090 ms clock, 0.37+0.18/1.3/0+1.8 ms cpu, 316->359->173 MB, 350 MB goal, 0 MB stacks, 0 MB globals, 20 P
gc 10359 @288.077s 1%: 0.021+2.6+0.58 ms clock, 0.43+0.10/1.5/0+11 ms cpu, 303->344->169 MB, 347 MB goal, 0 MB stacks, 0 MB globals, 20 P
gc 10360 @288.092s 1%: 0.48+1.3+0.97 ms clock, 9.6+0/1.3/0.034+19 ms cpu, 303->326->150 MB, 339 MB goal, 0 MB stacks, 0 MB globals, 20 P
gc 10361 @288.105s 1%: 0.51+1.0+0.18 ms clock, 10+0/0.70/0+3.7 ms cpu, 259->273->131 MB, 300 MB goal, 0 MB stacks, 0 MB globals, 20 P
gc 10362 @288.112s 1%: 0.70+1.5+0.043 ms clock, 14+0/1.8/0+0.87 ms cpu, 237->251->155 MB, 263 MB goal, 0 MB stacks, 0 MB globals, 20 P
gc 10363 @288.126s 1%: 0.66+2.4+4.5 ms clock, 13+0/1.3/0+91 ms cpu, 272->311->172 MB, 311 MB goal, 0 MB stacks, 0 MB globals, 20 P
gc 10364 @288.144s 1%: 0.10+6.0+3.2 ms clock, 2.1+0/1.2/0+65 ms cpu, 306->342->166 MB, 345 MB goal, 0 MB stacks, 0 MB globals, 20 P
gc 10365 @288.166s 1%: 0.19+1.3+0.002 ms clock, 3.8+0/1.5/0+0.058 ms cpu, 305->314->138 MB, 333 MB goal, 0 MB stacks, 0 MB globals, 20 P
gc 10366 @288.175s 1%: 0.037+0.61+0.14 ms clock, 0.74+0.030/0.69/0+2.8 ms cpu, 240->245->147 MB, 277 MB goal, 0 MB stacks, 0 MB globals, 20 P
gc 10367 @288.184s 1%: 0.037+3.8+0.012 ms clock, 0.74+0/4.2/0+0.24 ms cpu, 279->279->151 MB, 295 MB goal, 0 MB stacks, 0 MB globals, 20 P
gc 10368 @288.197s 1%: 0.075+0.33+0.020 ms clock, 1.5+0.029/0.83/0.006+0.40 ms cpu, 269->269->137 MB, 304 MB goal, 0 MB stacks, 0 MB globals, 20 P
gc 10369 @288.205s 1%: 0.038+0.97+0.046 ms clock, 0.77+0/1.3/0+0.93 ms cpu, 244->244->141 MB, 274 MB goal, 0 MB stacks, 0 MB globals, 20 P
gc 10370 @288.216s 1%: 0.042+1.5+0.012 ms clock, 0.85+0/1.9/0+0.25 ms cpu, 251->251->147 MB, 283 MB goal, 0 MB stacks, 0 MB globals, 20 P
gc 10371 @288.227s 1%: 1.1+0.63+0.006 ms clock, 22+0/0.72/0+0.12 ms cpu, 261->265->126 MB, 294 MB goal, 0 MB stacks, 0 MB globals, 20 P
gc 10372 @288.241s 1%: 0.034+0.68+0.12 ms clock, 0.68+0.081/0.61/0+2.4 ms cpu, 244->251->115 MB, 253 MB goal, 0 MB stacks, 0 MB globals, 20 P
gc 10373 @288.249s 1%: 0.034+1.5+0.003 ms clock, 0.69+0.10/1.7/0+0.077 ms cpu, 229->229->133 MB, 231 MB goal, 0 MB stacks, 0 MB globals, 20 P
gc 10374 @288.265s 1%: 2.3+0.58+0.005 ms clock, 47+0.060/0.74/0.001+0.10 ms cpu, 260->262->124 MB, 267 MB goal, 0 MB stacks, 0 MB globals, 20 P
gc 10375 @288.277s 1%: 0.036+0.37+0.019 ms clock, 0.72+0/0.79/0+0.39 ms cpu, 243->246->143 MB, 249 MB goal, 0 MB stacks, 0 MB globals, 20 P
gc 10376 @288.288s 1%: 0.041+3.4+4.8 ms clock, 0.82+0/3.3/0+96 ms cpu, 288->310->173 MB, 288 MB goal, 0 MB stacks, 0 MB globals, 20 P
gc 10377 @288.312s 1%: 0.036+10+0.006 ms clock, 0.73+0/5.0/0+0.12 ms cpu, 336->384->201 MB, 346 MB goal, 0 MB stacks, 0 MB globals, 20 P
gc 10378 @288.335s 1%: 0.88+0.52+0.004 ms clock, 17+0/0.99/0+0.080 ms cpu, 359->359->129 MB, 404 MB goal, 0 MB stacks, 0 MB globals, 20 P
gc 10379 @288.343s 1%: 0.12+0.44+0.087 ms clock, 2.4+0.050/0.77/0+1.7 ms cpu, 231->232->143 MB, 260 MB goal, 0 MB stacks, 0 MB globals, 20 P
gc 10380 @288.351s 1%: 0.047+1.3+1.4 ms clock, 0.95+0/1.6/0+29 ms cpu, 255->261->152 MB, 287 MB goal, 0 MB stacks, 0 MB globals, 20 P
gc 10381 @288.364s 1%: 0.044+1.0+0.002 ms clock, 0.89+0/1.3/0+0.059 ms cpu, 269->269->153 MB, 305 MB goal, 0 MB stacks, 0 MB globals, 20 P
gc 10382 @288.372s 1%: 0.033+6.2+0.030 ms clock, 0.66+0.005/6.3/0+0.60 ms cpu, 273->297->181 MB, 306 MB goal, 0 MB stacks, 0 MB globals, 20 P
gc 10383 @288.391s 1%: 0.035+1.2+0.003 ms clock, 0.71+0/0.67/0+0.072 ms cpu, 316->319->134 MB, 363 MB goal, 0 MB stacks, 0 MB globals, 20 P
gc 10384 @288.399s 1%: 0.037+1.5+0.020 ms clock, 0.74+0/1.9/0+0.41 ms cpu, 247->260->169 MB, 268 MB goal, 0 MB stacks, 0 MB globals, 20 P
gc 10385 @288.415s 1%: 0.045+5.9+0.003 ms clock, 0.90+0.006/6.1/0+0.071 ms cpu, 323->327->156 MB, 339 MB goal, 0 MB stacks, 0 MB globals, 20 P
gc 10386 @288.430s 1%: 0.032+0.71+0.016 ms clock, 0.65+0/1.1/0+0.33 ms cpu, 289->289->145 MB, 312 MB goal, 0 MB stacks, 0 MB globals, 20 P
gc 10387 @288.441s 1%: 0.043+7.2+2.5 ms clock, 0.86+0.042/0.82/0+51 ms cpu, 275->316->172 MB, 290 MB goal, 0 MB stacks, 0 MB globals, 20 P
gc 10388 @288.463s 1%: 0.090+1.1+0.11 ms clock, 1.8+0/1.8/0+2.2 ms cpu, 316->320->126 MB, 345 MB goal, 0 MB stacks, 0 MB globals, 20 P
gc 10389 @288.470s 1%: 0.034+1.4+0.017 ms clock, 0.69+0/1.7/0+0.34 ms cpu, 224->224->154 MB, 253 MB goal, 0 MB stacks, 0 MB globals, 20 P
gc 10390 @288.481s 1%: 0.25+7.3+0.48 ms clock, 5.1+0/1.4/0+9.6 ms cpu, 271->309->169 MB, 309 MB goal, 0 MB stacks, 0 MB globals, 20 P
gc 10391 @288.501s 1%: 1.3+1.8+2.1 ms clock, 26+0/1.4/0+42 ms cpu, 303->326->154 MB, 339 MB goal, 0 MB stacks, 0 MB globals, 20 P
gc 10392 @288.517s 1%: 0.79+2.2+0.044 ms clock, 15+0/1.2/0+0.89 ms cpu, 268->292->145 MB, 309 MB goal, 0 MB stacks, 0 MB globals, 20 P
gc 10393 @288.528s 1%: 0.039+0.62+0.085 ms clock, 0.79+0/0.73/0+1.7 ms cpu, 264->264->172 MB, 291 MB goal, 0 MB stacks, 0 MB globals, 20 P
gc 10394 @288.539s 1%: 0.050+4.4+0.010 ms clock, 1.0+0/5.0/0.001+0.20 ms cpu, 310->310->150 MB, 344 MB goal, 0 MB stacks, 0 MB globals, 20 P
gc 10395 @288.553s 1%: 0.051+2.4+4.2 ms clock, 1.0+0/1.2/0+85 ms cpu, 265->303->170 MB, 300 MB goal, 0 MB stacks, 0 MB globals, 20 P
gc 10396 @288.571s 1%: 0.36+5.8+0.004 ms clock, 7.3+0/1.4/0+0.081 ms cpu, 311->336->154 MB, 340 MB goal, 0 MB stacks, 0 MB globals, 20 P
gc 10397 @288.588s 1%: 0.042+0.50+0.084 ms clock, 0.85+0.037/0.73/0+1.6 ms cpu, 272->272->146 MB, 310 MB goal, 0 MB stacks, 0 MB globals, 20 P
gc 10398 @288.596s 1%: 0.020+4.7+0.082 ms clock, 0.40+0/4.4/0+1.6 ms cpu, 257->279->155 MB, 293 MB goal, 0 MB stacks, 0 MB globals, 20 P
gc 10399 @288.614s 1%: 0.13+3.3+1.4 ms clock, 2.7+0/1.7/0+28 ms cpu, 284->312->150 MB, 311 MB goal, 0 MB stacks, 0 MB globals, 20 P
gc 10400 @288.627s 1%: 0.039+0.73+0.005 ms clock, 0.79+0/1.0/0+0.11 ms cpu, 263->263->143 MB, 301 MB goal, 0 MB stacks, 0 MB globals, 20 P
gc 10401 @288.635s 1%: 0.040+1.4+0.012 ms clock, 0.81+0/1.7/0+0.24 ms cpu, 253->253->148 MB, 286 MB goal, 0 MB stacks, 0 MB globals, 20 P
gc 10402 @288.646s 1%: 0.067+2.4+2.4 ms clock, 1.3+0/1.7/0+48 ms cpu, 262->290->153 MB, 297 MB goal, 0 MB stacks, 0 MB globals, 20 P
gc 10403 @288.661s 1%: 0.55+0.62+0.005 ms clock, 11+0/0.93/0.024+0.10 ms cpu, 281->286->126 MB, 308 MB goal, 0 MB stacks, 0 MB globals, 20 P
gc 10404 @288.667s 1%: 0.035+1.4+0.023 ms clock, 0.70+0/2.0/0.017+0.46 ms cpu, 233->246->169 MB, 252 MB goal, 0 MB stacks, 0 MB globals, 20 P
gc 10405 @288.687s 1%: 2.3+0.45+0.004 ms clock, 46+0.025/0.71/0+0.096 ms cpu, 310->312->122 MB, 338 MB goal, 0 MB stacks, 0 MB globals, 20 P
gc 10406 @288.697s 1%: 0.018+3.6+0.012 ms clock, 0.36+0/3.6/0+0.25 ms cpu, 225->253->150 MB, 245 MB goal, 0 MB stacks, 0 MB globals, 20 P
gc 10407 @288.711s 1%: 0.089+0.88+0.083 ms clock, 1.7+0/1.3/0+1.6 ms cpu, 280->280->147 MB, 302 MB goal, 0 MB stacks, 0 MB globals, 20 P
gc 10408 @288.722s 1%: 0.74+0.41+0.014 ms clock, 14+0/0.81/0+0.28 ms cpu, 269->269->123 MB, 296 MB goal, 0 MB stacks, 0 MB globals, 20 P
gc 10409 @288.732s 1%: 0.039+0.43+0.019 ms clock, 0.78+0/0.81/0.012+0.39 ms cpu, 229->229->167 MB, 248 MB goal, 0 MB stacks, 0 MB globals, 20 P
gc 10410 @288.752s 1%: 0.29+9.0+1.8 ms clock, 5.9+0/4.2/0+37 ms cpu, 316->354->159 MB, 335 MB goal, 0 MB stacks, 0 MB globals, 20 P
gc 10411 @288.775s 1%: 0.16+1.3+0.087 ms clock, 3.3+0/0.96/0.001+1.7 ms cpu, 283->295->132 MB, 320 MB goal, 0 MB stacks, 0 MB globals, 20 P
gc 10412 @288.783s 1%: 0.25+1.6+0.028 ms clock, 5.1+0/2.3/0+0.56 ms cpu, 227->239->153 MB, 264 MB goal, 0 MB stacks, 0 MB globals, 20 P
gc 10413 @288.796s 1%: 0.24+3.4+0.065 ms clock, 4.9+0/3.0/0+1.3 ms cpu, 271->300->160 MB, 307 MB goal, 0 MB stacks, 0 MB globals, 20 P
gc 10414 @288.813s 1%: 0.47+1.8+0.13 ms clock, 9.4+0/1.1/0+2.6 ms cpu, 284->308->149 MB, 321 MB goal, 0 MB stacks, 0 MB globals, 20 P
gc 10415 @288.825s 1%: 0.017+0.54+0.005 ms clock, 0.35+0.052/1.0/0.033+0.11 ms cpu, 264->264->115 MB, 299 MB goal, 0 MB stacks, 0 MB globals, 20 P
gc 10416 @288.831s 1%: 0.084+1.6+0.004 ms clock, 1.6+0/2.1/0+0.083 ms cpu, 208->218->143 MB, 230 MB goal, 0 MB stacks, 0 MB globals, 20 P
gc 10417 @288.845s 1%: 0.031+2.7+0.005 ms clock, 0.63+0.20/2.0/0+0.11 ms cpu, 263->285->147 MB, 288 MB goal, 0 MB stacks, 0 MB globals, 20 P
gc 10418 @288.857s 1%: 0.57+0.44+0.005 ms clock, 11+0/0.83/0+0.10 ms cpu, 265->268->118 MB, 294 MB goal, 0 MB stacks, 0 MB globals, 20 P
gc 10419 @288.865s 1%: 0.022+0.58+0.080 ms clock, 0.44+0.15/0.78/0+1.6 ms cpu, 214->228->160 MB, 236 MB goal, 0 MB stacks, 0 MB globals, 20 P
gc 10420 @288.885s 1%: 0.033+2.1+0.008 ms clock, 0.67+0/2.5/0+0.16 ms cpu, 303->303->146 MB, 320 MB goal, 0 MB stacks, 0 MB globals, 20 P
gc 10421 @288.896s 1%: 0.94+0.42+0.008 ms clock, 18+0.028/0.68/0+0.16 ms cpu, 269->271->125 MB, 292 MB goal, 0 MB stacks, 0 MB globals, 20 P
gc 10422 @288.905s 1%: 0.031+0.41+0.16 ms clock, 0.62+0/1.0/0+3.3 ms cpu, 231->234->140 MB, 250 MB goal, 0 MB stacks, 0 MB globals, 20 P
gc 10423 @288.920s 1%: 0.044+0.78+0.013 ms clock, 0.89+0/1.4/0.002+0.27 ms cpu, 258->258->144 MB, 280 MB goal, 0 MB stacks, 0 MB globals, 20 P
gc 10424 @288.932s 1%: 0.020+7.6+1.8 ms clock, 0.40+0/3.7/0+36 ms cpu, 267->315->170 MB, 288 MB goal, 0 MB stacks, 0 MB globals, 20 P
gc 10425 @288.952s 1%: 0.018+1.0+0.004 ms clock, 0.36+0/1.4/0.012+0.083 ms cpu, 295->297->123 MB, 341 MB goal, 0 MB stacks, 0 MB globals, 20 P
gc 10426 @288.957s 1%: 0.035+1.0+0.018 ms clock, 0.70+0/1.4/0+0.37 ms cpu, 214->214->151 MB, 247 MB goal, 0 MB stacks, 0 MB globals, 20 P
gc 10427 @288.968s 1%: 1.4+4.4+0.007 ms clock, 29+0/1.7/0+0.14 ms cpu, 260->289->155 MB, 304 MB goal, 0 MB stacks, 0 MB globals, 20 P
gc 10428 @288.983s 1%: 0.034+1.0+0.013 ms clock, 0.68+0/0.85/0.015+0.27 ms cpu, 265->271->152 MB, 311 MB goal, 0 MB stacks, 0 MB globals, 20 P
gc 10429 @288.991s 1%: 0.039+1.1+0.012 ms clock, 0.79+0/0.72/0+0.25 ms cpu, 269->269->160 MB, 305 MB goal, 0 MB stacks, 0 MB globals, 20 P
gc 10430 @289.003s 1%: 0.96+9.1+0.88 ms clock, 19+0/4.2/0+17 ms cpu, 276->311->164 MB, 321 MB goal, 0 MB stacks, 0 MB globals, 20 P
gc 10431 @289.024s 1%: 0.37+0.58+0.061 ms clock, 7.5+0/0.97/0.005+1.2 ms cpu, 282->290->130 MB, 329 MB goal, 0 MB stacks, 0 MB globals, 20 P
gc 10432 @289.031s 1%: 0.037+0.45+0.091 ms clock, 0.74+0.17/0.57/0+1.8 ms cpu, 236->250->170 MB, 262 MB goal, 0 MB stacks, 0 MB globals, 20 P
gc 10433 @289.044s 1%: 0.023+11+0.015 ms clock, 0.46+0.080/2.1/0+0.30 ms cpu, 312->341->169 MB, 341 MB goal, 0 MB stacks, 0 MB globals, 20 P
gc 10434 @289.069s 1%: 0.086+0.78+0.029 ms clock, 1.7+0/1.2/0+0.58 ms cpu, 316->316->150 MB, 339 MB goal, 0 MB stacks, 0 MB globals, 20 P
gc 10435 @289.088s 1%: 0.51+8.5+0.58 ms clock, 10+0/2.6/0+11 ms cpu, 268->311->171 MB, 301 MB goal, 0 MB stacks, 0 MB globals, 20 P
gc 10436 @289.109s 1%: 0.021+0.99+0.003 ms clock, 0.43+0/1.2/0.003+0.073 ms cpu, 303->312->134 MB, 343 MB goal, 0 MB stacks, 0 MB globals, 20 P
gc 10437 @289.118s 1%: 0.037+0.78+0.019 ms clock, 0.74+0/0.75/0+0.38 ms cpu, 239->239->171 MB, 269 MB goal, 0 MB stacks, 0 MB globals, 20 P
gc 10438 @289.128s 1%: 1.2+3.4+0.010 ms clock, 24+0/3.8/0+0.20 ms cpu, 300->314->151 MB, 343 MB goal, 0 MB stacks, 0 MB globals, 20 P
gc 10439 @289.143s 1%: 0.29+1.1+0.006 ms clock, 5.9+0/1.4/0+0.13 ms cpu, 270->276->133 MB, 303 MB goal, 0 MB stacks, 0 MB globals, 20 P
gc 10440 @289.158s 1%: 0.056+2.0+0.026 ms clock, 1.1+0/1.0/0+0.52 ms cpu, 229->235->148 MB, 267 MB goal, 0 MB stacks, 0 MB globals, 20 P
gc 10441 @289.172s 1%: 0.10+1.1+3.9 ms clock, 2.0+0/1.0/0+78 ms cpu, 253->265->131 MB, 296 MB goal, 0 MB stacks, 0 MB globals, 20 P
gc 10442 @289.188s 1%: 0.037+0.58+0.20 ms clock, 0.75+0/0.95/0+4.0 ms cpu, 248->253->139 MB, 262 MB goal, 0 MB stacks, 0 MB globals, 20 P
gc 10443 @289.197s 1%: 0.56+6.0+0.098 ms clock, 11+0/6.8/0.019+1.9 ms cpu, 267->281->150 MB, 279 MB goal, 0 MB stacks, 0 MB globals, 20 P
gc 10444 @289.218s 1%: 0.17+0.84+0.079 ms clock, 3.5+0/1.0/0+1.5 ms cpu, 304->304->143 MB, 304 MB goal, 0 MB stacks, 0 MB globals, 20 P
gc 10445 @289.231s 1%: 0.97+2.9+0.004 ms clock, 19+0/1.4/0+0.085 ms cpu, 277->287->137 MB, 288 MB goal, 0 MB stacks, 0 MB globals, 20 P
gc 10446 @289.246s 1%: 1.5+1.4+0.30 ms clock, 31+0.079/1.4/0+6.0 ms cpu, 264->279->135 MB, 275 MB goal, 0 MB stacks, 0 MB globals, 20 P
gc 10447 @289.258s 1%: 0.039+0.38+0.022 ms clock, 0.79+0/0.72/0+0.45 ms cpu, 255->258->143 MB, 270 MB goal, 0 MB stacks, 0 MB globals, 20 P
gc 10448 @289.268s 1%: 0.040+1.5+0.008 ms clock, 0.81+0/1.9/0.018+0.16 ms cpu, 272->272->148 MB, 287 MB goal, 0 MB stacks, 0 MB globals, 20 P
gc 10449 @289.279s 1%: 0.88+0.37+0.005 ms clock, 17+0/0.78/0+0.11 ms cpu, 282->282->127 MB, 297 MB goal, 0 MB stacks, 0 MB globals, 20 P
gc 10450 @289.289s 1%: 0.045+0.60+0.31 ms clock, 0.91+0/1.0/0+6.2 ms cpu, 241->246->149 MB, 254 MB goal, 0 MB stacks, 0 MB globals, 20 P
gc 10451 @289.302s 1%: 0.018+5.9+0.034 ms clock, 0.37+0/6.2/0+0.68 ms cpu, 298->298->128 MB, 299 MB goal, 0 MB stacks, 0 MB globals, 20 P
gc 10452 @289.317s 1%: 0.038+0.63+0.016 ms clock, 0.76+0/0.84/0+0.32 ms cpu, 243->247->148 MB, 257 MB goal, 0 MB stacks, 0 MB globals, 20 P
gc 10453 @289.328s 1%: 0.045+1.4+0.058 ms clock, 0.90+0/1.8/0+1.1 ms cpu, 285->299->167 MB, 296 MB goal, 0 MB stacks, 0 MB globals, 20 P
gc 10454 @289.348s 1%: 0.054+3.1+0.004 ms clock, 1.0+0/3.7/0+0.093 ms cpu, 324->324->125 MB, 335 MB goal, 0 MB stacks, 0 MB globals, 20 P
gc 10455 @289.364s 1%: 0.020+2.6+0.007 ms clock, 0.40+0/0.86/0+0.14 ms cpu, 238->259->143 MB, 252 MB goal, 0 MB stacks, 0 MB globals, 20 P
gc 10456 @289.378s 1%: 0.030+0.52+0.008 ms clock, 0.60+0.027/0.83/0.002+0.16 ms cpu, 266->269->140 MB, 287 MB goal, 0 MB stacks, 0 MB globals, 20 P
gc 10457 @289.386s 1%: 0.69+1.0+0.022 ms clock, 13+0/1.4/0+0.45 ms cpu, 262->277->147 MB, 281 MB goal, 0 MB stacks, 0 MB globals, 20 P
gc 10458 @289.399s 1%: 0.43+1.8+0.006 ms clock, 8.7+0/1.6/0+0.13 ms cpu, 284->292->134 MB, 295 MB goal, 0 MB stacks, 0 MB globals, 20 P
gc 10459 @289.411s 1%: 0.017+0.97+0.003 ms clock, 0.35+0.040/0.74/0+0.074 ms cpu, 251->253->125 MB, 269 MB goal, 0 MB stacks, 0 MB globals, 20 P
gc 10460 @289.420s 1%: 0.019+2.0+0.14 ms clock, 0.39+0.28/0.51/0+2.8 ms cpu, 230->262->155 MB, 250 MB goal, 0 MB stacks, 0 MB globals, 20 P
gc 10461 @289.433s 1%: 0.045+7.2+0.73 ms clock, 0.91+0/3.4/0+14 ms cpu, 281->311->177 MB, 310 MB goal, 0 MB stacks, 0 MB globals, 20 P
gc 10462 @289.455s 1%: 0.038+0.65+0.17 ms clock, 0.77+0/1.2/0+3.4 ms cpu, 323->323->145 MB, 355 MB goal, 0 MB stacks, 0 MB globals, 20 P
gc 10463 @289.464s 1%: 2.0+3.0+0.10 ms clock, 40+0/3.5/0+2.0 ms cpu, 270->296->167 MB, 290 MB goal, 0 MB stacks, 0 MB globals, 20 P
gc 10464 @289.484s 1%: 0.041+4.8+0.050 ms clock, 0.83+0/5.1/0+1.0 ms cpu, 321->324->152 MB, 335 MB goal, 0 MB stacks, 0 MB globals, 20 P
gc 10465 @289.501s 1%: 0.028+0.98+0.14 ms clock, 0.56+0/0.69/0+2.8 ms cpu, 273->284->123 MB, 305 MB goal, 0 MB stacks, 0 MB globals, 20 P
gc 10466 @289.508s 1%: 1.3+2.5+0.034 ms clock, 26+0/1.7/0+0.68 ms cpu, 223->249->160 MB, 247 MB goal, 0 MB stacks, 0 MB globals, 20 P
gc 10467 @289.524s 1%: 2.7+4.2+3.3 ms clock, 55+0/3.4/0+66 ms cpu, 290->315->153 MB, 320 MB goal, 0 MB stacks, 0 MB globals, 20 P
gc 10468 @289.545s 1%: 0.063+1.5+1.7 ms clock, 1.2+0/1.3/0+35 ms cpu, 284->303->141 MB, 306 MB goal, 0 MB stacks, 0 MB globals, 20 P
gc 10469 @289.559s 1%: 0.051+3.2+0.36 ms clock, 1.0+0/3.7/0+7.3 ms cpu, 258->269->127 MB, 282 MB goal, 0 MB stacks, 0 MB globals, 20 P
gc 10470 @289.569s 1%: 0.056+1.7+0.025 ms clock, 1.1+0/2.3/0+0.50 ms cpu, 247->247->154 MB, 254 MB goal, 0 MB stacks, 0 MB globals, 20 P
gc 10471 @289.587s 1%: 0.67+1.4+0.003 ms clock, 13+0/1.6/0+0.074 ms cpu, 294->294->135 MB, 309 MB goal, 0 MB stacks, 0 MB globals, 20 P
gc 10472 @289.600s 1%: 0.21+2.2+0.56 ms clock, 4.2+0/1.5/0+11 ms cpu, 250->271->143 MB, 272 MB goal, 0 MB stacks, 0 MB globals, 20 P
gc 10473 @289.614s 1%: 0.032+0.67+0.014 ms clock, 0.64+0/1.0/0+0.29 ms cpu, 260->260->140 MB, 286 MB goal, 0 MB stacks, 0 MB globals, 20 P
gc 10474 @289.622s 1%: 0.42+4.6+0.074 ms clock, 8.4+0/2.1/0+1.4 ms cpu, 256->285->165 MB, 281 MB goal, 0 MB stacks, 0 MB globals, 20 P
gc 10475 @289.640s 1%: 6.5+2.3+0.14 ms clock, 130+0/2.9/0+2.8 ms cpu, 308->322->149 MB, 332 MB goal, 0 MB stacks, 0 MB globals, 20 P
gc 10476 @289.663s 1%: 0.14+4.2+0.059 ms clock, 2.9+0/1.7/0.002+1.1 ms cpu, 274->329->183 MB, 299 MB goal, 0 MB stacks, 0 MB globals, 20 P
gc 10477 @289.680s 1%: 0.022+8.4+0.71 ms clock, 0.44+0/1.3/0+14 ms cpu, 313->370->186 MB, 366 MB goal, 0 MB stacks, 0 MB globals, 20 P
gc 10478 @289.701s 1%: 0.070+1.4+0.003 ms clock, 1.4+0/1.7/0+0.071 ms cpu, 327->339->145 MB, 372 MB goal, 0 MB stacks, 0 MB globals, 20 P
gc 10479 @289.713s 1%: 0.032+1.0+0.030 ms clock, 0.65+0/1.3/0.004+0.61 ms cpu, 253->267->137 MB, 291 MB goal, 0 MB stacks, 0 MB globals, 20 P
gc 10480 @289.720s 1%: 0.084+0.41+0.041 ms clock, 1.6+0/0.75/0+0.83 ms cpu, 241->241->168 MB, 276 MB goal, 0 MB stacks, 0 MB globals, 20 P
gc 10481 @289.732s 1%: 0.052+2.1+0.011 ms clock, 1.0+0/2.7/0+0.22 ms cpu, 293->293->145 MB, 336 MB goal, 0 MB stacks, 0 MB globals, 20 P
gc 10482 @289.744s 1%: 0.041+1.2+0.011 ms clock, 0.83+0/1.5/0+0.22 ms cpu, 250->250->150 MB, 290 MB goal, 0 MB stacks, 0 MB globals, 20 P
gc 10483 @289.755s 1%: 1.6+6.0+0.007 ms clock, 33+0/2.9/0+0.15 ms cpu, 263->299->161 MB, 301 MB goal, 0 MB stacks, 0 MB globals, 20 P
gc 10484 @289.772s 1%: 0.037+0.86+0.008 ms clock, 0.74+0/1.4/0+0.16 ms cpu, 277->277->147 MB, 323 MB goal, 0 MB stacks, 0 MB globals, 20 P
gc 10485 @289.781s 1%: 0.14+1.9+0.021 ms clock, 2.9+0/2.2/0+0.43 ms cpu, 264->290->152 MB, 295 MB goal, 0 MB stacks, 0 MB globals, 20 P
gc 10486 @289.793s 1%: 0.041+1.0+0.92 ms clock, 0.82+0/1.2/0+18 ms cpu, 269->282->161 MB, 305 MB goal, 0 MB stacks, 0 MB globals, 20 P
gc 10487 @289.803s 1%: 0.040+1.5+0.003 ms clock, 0.80+0/1.8/0+0.066 ms cpu, 280->283->131 MB, 323 MB goal, 0 MB stacks, 0 MB globals, 20 P
gc 10488 @289.811s 1%: 0.060+0.49+0.011 ms clock, 1.2+0/0.81/0.003+0.23 ms cpu, 229->231->143 MB, 263 MB goal, 0 MB stacks, 0 MB globals, 20 P
gc 10489 @289.820s 1%: 0.074+3.2+0.033 ms clock, 1.4+0/1.0/0+0.67 ms cpu, 255->261->151 MB, 288 MB goal, 0 MB stacks, 0 MB globals, 20 P
gc 10490 @289.835s 1%: 0.016+8.5+0.004 ms clock, 0.32+0.083/2.5/0+0.099 ms cpu, 281->307->149 MB, 304 MB goal, 0 MB stacks, 0 MB globals, 20 P
gc 10491 @289.856s 1%: 0.030+0.88+0.63 ms clock, 0.60+0.10/1.3/0+12 ms cpu, 276->291->131 MB, 299 MB goal, 0 MB stacks, 0 MB globals, 20 P
gc 10492 @289.864s 1%: 0.045+0.49+0.025 ms clock, 0.90+0.19/0.55/0+0.51 ms cpu, 250->250->158 MB, 263 MB goal, 0 MB stacks, 0 MB globals, 20 P
gc 10493 @289.877s 1%: 0.049+1.0+0.048 ms clock, 0.98+0/1.6/0+0.96 ms cpu, 297->297->147 MB, 316 MB goal, 0 MB stacks, 0 MB globals, 20 P
gc 10494 @289.890s 1%: 0.59+1.8+0.16 ms clock, 11+0/1.3/0+3.2 ms cpu, 270->290->147 MB, 295 MB goal, 0 MB stacks, 0 MB globals, 20 P
gc 10495 @289.903s 1%: 0.56+0.62+0.006 ms clock, 11+0/0.85/0.014+0.13 ms cpu, 270->271->121 MB, 295 MB goal, 0 MB stacks, 0 MB globals, 20 P
gc 10496 @289.911s 1%: 0.040+1.5+0.009 ms clock, 0.80+0/1.8/0+0.19 ms cpu, 235->235->154 MB, 244 MB goal, 0 MB stacks, 0 MB globals, 20 P
gc 10497 @289.923s 1%: 1.4+3.5+0.011 ms clock, 28+0/3.9/0+0.23 ms cpu, 297->297->135 MB, 309 MB goal, 0 MB stacks, 0 MB globals, 20 P
gc 10498 @289.939s 1%: 0.34+1.3+0.003 ms clock, 6.9+0/0.93/0.003+0.071 ms cpu, 249->263->135 MB, 270 MB goal, 0 MB stacks, 0 MB globals, 20 P
gc 10499 @289.947s 1%: 0.088+0.61+0.089 ms clock, 1.7+0/0.78/0+1.7 ms cpu, 248->248->168 MB, 271 MB goal, 0 MB stacks, 0 MB globals, 20 P
gc 10500 @289.966s 1%: 0.020+7.9+0.005 ms clock, 0.40+0.14/0.71/0.008+0.10 ms cpu, 312->340->149 MB, 338 MB goal, 0 MB stacks, 0 MB globals, 20 P
gc 10501 @289.983s 1%: 0.064+0.81+0.29 ms clock, 1.2+0/1.2/0.028+5.9 ms cpu, 272->276->148 MB, 300 MB goal, 0 MB stacks, 0 MB globals, 20 P
gc 10502 @289.992s 1%: 0.037+1.8+0.015 ms clock, 0.75+0/2.3/0+0.31 ms cpu, 270->270->153 MB, 297 MB goal, 0 MB stacks, 0 MB globals, 20 P
gc 10503 @290.007s 1%: 0.24+8.8+0.61 ms clock, 4.8+0/4.4/0+12 ms cpu, 285->321->166 MB, 306 MB goal, 0 MB stacks, 0 MB globals, 20 P
gc 10504 @290.030s 1%: 0.044+4.6+0.005 ms clock, 0.88+0/0.80/0.034+0.10 ms cpu, 305->345->179 MB, 333 MB goal, 0 MB stacks, 0 MB globals, 20 P
gc 10505 @290.046s 1%: 0.020+2.8+0.88 ms clock, 0.40+0.048/1.9/0.005+17 ms cpu, 321->363->168 MB, 358 MB goal, 0 MB stacks, 0 MB globals, 20 P
gc 10506 @290.059s 1%: 0.11+1.2+0.005 ms clock, 2.3+0/1.3/0.045+0.11 ms cpu, 294->300->131 MB, 337 MB goal, 0 MB stacks, 0 MB globals, 20 P
gc 10507 @290.068s 1%: 0.15+0.36+0.099 ms clock, 3.1+0.054/0.74/0.008+1.9 ms cpu, 232->233->141 MB, 262 MB goal, 0 MB stacks, 0 MB globals, 20 P
gc 10508 @290.077s 1%: 0.59+2.1+0.004 ms clock, 11+0/1.3/0+0.081 ms cpu, 243->269->157 MB, 283 MB goal, 0 MB stacks, 0 MB globals, 20 P
gc 10509 @290.091s 1%: 0.29+6.6+0.006 ms clock, 5.8+0/1.0/0+0.13 ms cpu, 276->303->148 MB, 316 MB goal, 0 MB stacks, 0 MB globals, 20 P
gc 10510 @290.111s 1%: 0.045+0.75+1.2 ms clock, 0.90+0/0.96/0+24 ms cpu, 258->266->152 MB, 297 MB goal, 0 MB stacks, 0 MB globals, 20 P
gc 10511 @290.129s 1%: 3.2+3.2+0.070 ms clock, 64+0/4.0/0.005+1.4 ms cpu, 281->305->149 MB, 305 MB goal, 0 MB stacks, 0 MB globals, 20 P
gc 10512 @290.148s 1%: 0.039+1.4+0.005 ms clock, 0.79+0.086/0.89/0.001+0.11 ms cpu, 279->287->139 MB, 298 MB goal, 0 MB stacks, 0 MB globals, 20 P
gc 10513 @290.157s 1%: 0.086+0.54+0.046 ms clock, 1.7+0.030/0.87/0+0.92 ms cpu, 258->261->141 MB, 279 MB goal, 0 MB stacks, 0 MB globals, 20 P
gc 10514 @290.168s 1%: 0.019+0.99+0.020 ms clock, 0.39+0.14/1.2/0+0.41 ms cpu, 261->276->149 MB, 283 MB goal, 0 MB stacks, 0 MB globals, 20 P
gc 10515 @290.181s 1%: 0.56+5.2+1.0 ms clock, 11+0/1.5/0+21 ms cpu, 282->305->152 MB, 300 MB goal, 0 MB stacks, 0 MB globals, 20 P
gc 10516 @290.199s 1%: 0.27+0.68+0.69 ms clock, 5.4+0/1.4/0+13 ms cpu, 281->285->129 MB, 305 MB goal, 0 MB stacks, 0 MB globals, 20 P
gc 10517 @290.208s 1%: 0.11+0.41+0.029 ms clock, 2.2+0.26/0.44/0+0.58 ms cpu, 239->253->173 MB, 258 MB goal, 0 MB stacks, 0 MB globals, 20 P
gc 10518 @290.221s 1%: 0.040+4.7+0.008 ms clock, 0.80+0/5.1/0.056+0.16 ms cpu, 327->327->155 MB, 346 MB goal, 0 MB stacks, 0 MB globals, 20 P
gc 10519 @290.240s 1%: 0.041+0.69+0.012 ms clock, 0.82+0/1.0/0+0.25 ms cpu, 292->292->144 MB, 310 MB goal, 0 MB stacks, 0 MB globals, 20 P
gc 10520 @290.250s 1%: 0.039+1.3+0.003 ms clock, 0.79+0/1.6/0.007+0.076 ms cpu, 266->266->152 MB, 288 MB goal, 0 MB stacks, 0 MB globals, 20 P
gc 10521 @290.263s 1%: 0.62+5.3+3.9 ms clock, 12+0/1.0/0.005+79 ms cpu, 283->323->154 MB, 305 MB goal, 0 MB stacks, 0 MB globals, 20 P
gc 10522 @290.283s 1%: 0.038+0.45+0.008 ms clock, 0.76+0/0.79/0+0.17 ms cpu, 272->272->140 MB, 309 MB goal, 0 MB stacks, 0 MB globals, 20 P
gc 10523 @290.290s 1%: 0.035+0.70+0.46 ms clock, 0.71+0/0.99/0+9.3 ms cpu, 242->248->148 MB, 281 MB goal, 0 MB stacks, 0 MB globals, 20 P
gc 10524 @290.303s 1%: 0.020+4.9+3.0 ms clock, 0.41+0.005/3.5/0+60 ms cpu, 269->292->143 MB, 297 MB goal, 0 MB stacks, 0 MB globals, 20 P
gc 10525 @290.319s 1%: 0.042+0.38+0.091 ms clock, 0.85+0/0.76/0.015+1.8 ms cpu, 248->251->141 MB, 287 MB goal, 0 MB stacks, 0 MB globals, 20 P
gc 10526 @290.327s 1%: 0.045+1.2+0.083 ms clock, 0.91+0/1.2/0+1.6 ms cpu, 244->249->146 MB, 282 MB goal, 0 MB stacks, 0 MB globals, 20 P
gc 10527 @290.336s 1%: 0.10+2.1+0.084 ms clock, 2.0+0/2.5/0+1.6 ms cpu, 258->258->147 MB, 292 MB goal, 0 MB stacks, 0 MB globals, 20 P
gc 10528 @290.348s 1%: 0.51+0.55+0.017 ms clock, 10+0/1.2/0.055+0.34 ms cpu, 255->255->123 MB, 295 MB goal, 0 MB stacks, 0 MB globals, 20 P
gc 10529 @290.355s 1%: 0.019+5.0+0.034 ms clock, 0.38+0.19/0.70/0+0.69 ms cpu, 222->240->171 MB, 248 MB goal, 0 MB stacks, 0 MB globals, 20 P
gc 10530 @290.378s 1%: 0.065+7.2+0.33 ms clock, 1.3+0/3.6/0+6.6 ms cpu, 321->343->144 MB, 343 MB goal, 0 MB stacks, 0 MB globals, 20 P
gc 10531 @290.397s 1%: 0.064+0.93+0.005 ms clock, 1.2+0/1.3/0+0.11 ms cpu, 270->270->145 MB, 288 MB goal, 0 MB stacks, 0 MB globals, 20 P
gc 10532 @290.406s 1%: 0.035+1.2+0.009 ms clock, 0.71+0/1.7/0+0.19 ms cpu, 275->275->153 MB, 291 MB goal, 0 MB stacks, 0 MB globals, 20 P
gc 10533 @290.419s 1%: 0.083+8.9+0.009 ms clock, 1.6+0/6.2/0+0.18 ms cpu, 293->314->153 MB, 306 MB goal, 0 MB stacks, 0 MB globals, 20 P
gc 10534 @290.440s 1%: 0.021+1.6+1.8 ms clock, 0.42+0.22/0.95/0.017+36 ms cpu, 288->309->146 MB, 307 MB goal, 0 MB stacks, 0 MB globals, 20 P
gc 10535 @290.456s 1%: 0.020+0.97+1.2 ms clock, 0.40+0.11/0.75/0+24 ms cpu, 271->285->131 MB, 292 MB goal, 0 MB stacks, 0 MB globals, 20 P
gc 10536 @290.467s 1%: 2.1+0.51+0.076 ms clock, 43+0/0.70/0+1.5 ms cpu, 246->260->168 MB, 264 MB goal, 0 MB stacks, 0 MB globals, 20 P
gc 10537 @290.484s 1%: 0.15+1.4+0.043 ms clock, 3.1+0/1.7/0+0.86 ms cpu, 324->324->153 MB, 338 MB goal, 0 MB stacks, 0 MB globals, 20 P
gc 10538 @290.499s 1%: 2.2+1.8+0.027 ms clock, 44+0/1.9/0+0.54 ms cpu, 287->307->152 MB, 306 MB goal, 0 MB stacks, 0 MB globals, 20 P
gc 10539 @290.515s 1%: 0.086+4.0+0.034 ms clock, 1.7+0/4.2/0.004+0.68 ms cpu, 296->315->149 MB, 306 MB goal, 0 MB stacks, 0 MB globals, 20 P
gc 10540 @290.530s 1%: 0.035+1.0+0.008 ms clock, 0.70+0/1.2/0+0.17 ms cpu, 280->280->151 MB, 298 MB goal, 0 MB stacks, 0 MB globals, 20 P
gc 10541 @290.542s 1%: 0.038+0.40+0.014 ms clock, 0.77+0/0.73/0+0.29 ms cpu, 282->282->139 MB, 302 MB goal, 0 MB stacks, 0 MB globals, 20 P
gc 10542 @290.552s 1%: 0.17+1.3+0.009 ms clock, 3.5+0/1.9/0+0.19 ms cpu, 281->281->152 MB, 281 MB goal, 0 MB stacks, 0 MB globals, 20 P
gc 10543 @290.565s 1%: 0.20+0.95+0.006 ms clock, 4.1+0/1.6/0+0.13 ms cpu, 285->285->130 MB, 305 MB goal, 0 MB stacks, 0 MB globals, 20 P
gc 10544 @290.579s 1%: 0.078+1.1+0.20 ms clock, 1.5+0/1.7/0.009+4.1 ms cpu, 249->259->128 MB, 262 MB goal, 0 MB stacks, 0 MB globals, 20 P
gc 10545 @290.591s 1%: 0.14+1.0+0.11 ms clock, 2.8+0.075/1.4/0+2.3 ms cpu, 240->240->123 MB, 258 MB goal, 0 MB stacks, 0 MB globals, 20 P
gc 10546 @290.602s 1%: 0.048+0.82+0.009 ms clock, 0.96+0/0.91/0.027+0.18 ms cpu, 228->231->140 MB, 248 MB goal, 0 MB stacks, 0 MB globals, 20 P
gc 10547 @290.612s 1%: 0.42+1.0+0.022 ms clock, 8.4+0/1.4/0+0.45 ms cpu, 263->277->147 MB, 281 MB goal, 0 MB stacks, 0 MB globals, 20 P
gc 10548 @290.628s 1%: 0.82+0.50+0.006 ms clock, 16+0/1.1/0.005+0.12 ms cpu, 278->278->127 MB, 295 MB goal, 0 MB stacks, 0 MB globals, 20 P
gc 10549 @290.638s 1%: 0.088+0.53+0.55 ms clock, 1.7+0/0.81/0+11 ms cpu, 237->241->145 MB, 256 MB goal, 0 MB stacks, 0 MB globals, 20 P
gc 10550 @290.651s 1%: 0.019+4.1+0.005 ms clock, 0.39+0.010/4.4/0+0.10 ms cpu, 284->288->128 MB, 292 MB goal, 0 MB stacks, 0 MB globals, 20 P
gc 10551 @290.664s 1%: 0.061+0.28+0.024 ms clock, 1.2+0.034/0.74/0+0.49 ms cpu, 247->247->142 MB, 258 MB goal, 0 MB stacks, 0 MB globals, 20 P
gc 10552 @290.675s 1%: 0.046+1.2+0.027 ms clock, 0.93+0/1.7/0+0.55 ms cpu, 284->284->151 MB, 285 MB goal, 0 MB stacks, 0 MB globals, 20 P
gc 10553 @290.689s 1%: 1.1+3.8+0.005 ms clock, 23+0/4.3/0+0.11 ms cpu, 294->294->132 MB, 303 MB goal, 0 MB stacks, 0 MB globals, 20 P
gc 10554 @290.708s 1%: 0.029+1.5+0.008 ms clock, 0.59+0.17/1.1/0+0.16 ms cpu, 252->266->134 MB, 265 MB goal, 0 MB stacks, 0 MB globals, 20 P
gc 10555 @290.719s 1%: 0.059+0.65+0.022 ms clock, 1.1+0/1.0/0.012+0.44 ms cpu, 257->260->142 MB, 269 MB goal, 0 MB stacks, 0 MB globals, 20 P
gc 10556 @290.730s 1%: 0.081+1.1+0.081 ms clock, 1.6+0/1.6/0+1.6 ms cpu, 279->279->150 MB, 286 MB goal, 0 MB stacks, 0 MB globals, 20 P
gc 10557 @290.745s 1%: 0.047+0.57+0.14 ms clock, 0.94+0/0.88/0+2.8 ms cpu, 287->292->146 MB, 301 MB goal, 0 MB stacks, 0 MB globals, 20 P
gc 10558 @290.758s 1%: 1.4+1.4+0.005 ms clock, 29+0/2.0/0+0.11 ms cpu, 281->281->142 MB, 292 MB goal, 0 MB stacks, 0 MB globals, 20 P
gc 10559 @290.777s 1%: 0.43+2.1+0.005 ms clock, 8.6+0/2.6/0+0.10 ms cpu, 281->281->132 MB, 284 MB goal, 0 MB stacks, 0 MB globals, 20 P
gc 10560 @290.789s 1%: 0.016+0.67+0.013 ms clock, 0.33+0.047/1.2/0+0.27 ms cpu, 253->253->118 MB, 265 MB goal, 0 MB stacks, 0 MB globals, 20 P
gc 10561 @290.797s 1%: 0.028+2.4+0.008 ms clock, 0.57+0/0.72/0+0.16 ms cpu, 242->242->164 MB, 242 MB goal, 0 MB stacks, 0 MB globals, 20 P
gc 10562 @290.819s 1%: 3.9+1.3+0.003 ms clock, 79+0/1.6/0+0.065 ms cpu, 323->323->138 MB, 329 MB goal, 0 MB stacks, 0 MB globals, 20 P
gc 10563 @290.837s 1%: 0.56+2.2+0.41 ms clock, 11+0/1.8/0.054+8.2 ms cpu, 266->284->144 MB, 276 MB goal, 0 MB stacks, 0 MB globals, 20 P
gc 10564 @290.852s 1%: 0.025+4.7+0.007 ms clock, 0.51+0.24/1.4/0+0.15 ms cpu, 274->294->140 MB, 290 MB goal, 0 MB stacks, 0 MB globals, 20 P
gc 10565 @290.869s 1%: 0.087+0.53+0.021 ms clock, 1.7+0.041/1.0/0+0.42 ms cpu, 262->267->116 MB, 281 MB goal, 0 MB stacks, 0 MB globals, 20 P
gc 10566 @290.875s 1%: 0.46+4.6+1.4 ms clock, 9.2+0/1.6/0+28 ms cpu, 215->259->177 MB, 233 MB goal, 0 MB stacks, 0 MB globals, 20 P
gc 10567 @290.901s 1%: 0.078+6.1+0.037 ms clock, 1.5+0/1.6/0+0.74 ms cpu, 334->360->175 MB, 356 MB goal, 0 MB stacks, 0 MB globals, 20 P
gc 10568 @290.921s 1%: 0.71+2.3+0.013 ms clock, 14+0/1.4/0+0.26 ms cpu, 317->359->176 MB, 351 MB goal, 0 MB stacks, 0 MB globals, 20 P
gc 10569 @290.939s 1%: 0.68+2.3+0.030 ms clock, 13+0/1.6/0+0.61 ms cpu, 318->343->157 MB, 352 MB goal, 0 MB stacks, 0 MB globals, 20 P
gc 10570 @290.952s 1%: 0.24+3.5+0.86 ms clock, 4.8+0/2.5/0+17 ms cpu, 276->306->156 MB, 316 MB goal, 0 MB stacks, 0 MB globals, 20 P
gc 10571 @290.969s 1%: 0.72+0.48+1.0 ms clock, 14+0/1.1/0.073+21 ms cpu, 269->281->129 MB, 313 MB goal, 0 MB stacks, 0 MB globals, 20 P
gc 10572 @290.976s 1%: 0.76+1.8+0.13 ms clock, 15+0/2.3/0+2.7 ms cpu, 229->257->168 MB, 259 MB goal, 0 MB stacks, 0 MB globals, 20 P
gc 10573 @290.995s 1%: 0.34+9.0+0.071 ms clock, 6.8+0/7.3/0+1.4 ms cpu, 297->339->177 MB, 337 MB goal, 0 MB stacks, 0 MB globals, 20 P
gc 10574 @291.019s 1%: 1.2+1.2+0.052 ms clock, 25+0/1.8/0+1.0 ms cpu, 320->334->151 MB, 356 MB goal, 0 MB stacks, 0 MB globals, 20 P
gc 10575 @291.036s 1%: 0.028+3.5+3.1 ms clock, 0.56+0.099/1.4/0+63 ms cpu, 266->296->158 MB, 303 MB goal, 0 MB stacks, 0 MB globals, 20 P
gc 10576 @291.053s 1%: 1.3+1.1+0.005 ms clock, 27+0/0.93/0.017+0.11 ms cpu, 276->292->135 MB, 318 MB goal, 0 MB stacks, 0 MB globals, 20 P
gc 10577 @291.063s 1%: 0.034+1.4+0.007 ms clock, 0.68+0/1.8/0.013+0.14 ms cpu, 234->236->153 MB, 270 MB goal, 0 MB stacks, 0 MB globals, 20 P
gc 10578 @291.073s 1%: 1.5+0.91+0.003 ms clock, 30+0/1.5/0+0.076 ms cpu, 265->265->129 MB, 307 MB goal, 0 MB stacks, 0 MB globals, 20 P
gc 10579 @291.086s 1%: 0.056+1.0+0.27 ms clock, 1.1+0/0.79/0+5.5 ms cpu, 222->231->123 MB, 258 MB goal, 0 MB stacks, 0 MB globals, 20 P
gc 10580 @291.098s 1%: 2.5+5.2+0.008 ms clock, 50+0/1.1/0+0.17 ms cpu, 216->244->140 MB, 247 MB goal, 0 MB stacks, 0 MB globals, 20 P
gc 10581 @291.117s 1%: 0.10+0.54+0.002 ms clock, 2.1+0/1.2/0+0.057 ms cpu, 255->255->107 MB, 281 MB goal, 0 MB stacks, 0 MB globals, 20 P
gc 10582 @291.124s 1%: 0.047+0.96+0.11 ms clock, 0.95+0/1.6/0.004+2.2 ms cpu, 190->190->133 MB, 214 MB goal, 0 MB stacks, 0 MB globals, 20 P
gc 10583 @291.136s 1%: 0.43+6.9+0.006 ms clock, 8.7+0/2.3/0+0.13 ms cpu, 249->280->146 MB, 267 MB goal, 0 MB stacks, 0 MB globals, 20 P
gc 10584 @291.154s 1%: 0.76+4.7+3.3 ms clock, 15+0/1.4/0+67 ms cpu, 265->300->147 MB, 293 MB goal, 0 MB stacks, 0 MB globals, 20 P
gc 10585 @291.172s 1%: 0.14+0.85+0.004 ms clock, 2.8+0/1.5/0+0.085 ms cpu, 261->263->111 MB, 294 MB goal, 0 MB stacks, 0 MB globals, 20 P
gc 10586 @291.182s 1%: 0.056+1.3+0.004 ms clock, 1.1+0/1.7/0+0.081 ms cpu, 197->204->118 MB, 223 MB goal, 0 MB stacks, 0 MB globals, 20 P
gc 10587 @291.191s 1%: 0.019+3.1+0.045 ms clock, 0.39+0.17/0.79/0.006+0.91 ms cpu, 204->235->144 MB, 237 MB goal, 0 MB stacks, 0 MB globals, 20 P
gc 10588 @291.206s 1%: 0.021+5.8+3.3 ms clock, 0.43+0.032/0.74/0+67 ms cpu, 256->287->148 MB, 290 MB goal, 0 MB stacks, 0 MB globals, 20 P
gc 10589 @291.225s 1%: 0.37+0.61+0.004 ms clock, 7.4+0/0.94/0+0.081 ms cpu, 263->266->109 MB, 298 MB goal, 0 MB stacks, 0 MB globals, 20 P
gc 10590 @291.232s 1%: 0.016+4.2+1.7 ms clock, 0.33+0.11/0.84/0+35 ms cpu, 190->221->141 MB, 220 MB goal, 0 MB stacks, 0 MB globals, 20 P
gc 10591 @291.248s 1%: 1.5+1.3+0.006 ms clock, 30+0/1.0/0+0.12 ms cpu, 255->270->121 MB, 283 MB goal, 0 MB stacks, 0 MB globals, 20 P
gc 10592 @291.257s 1%: 0.040+0.37+0.024 ms clock, 0.80+0.14/0.50/0+0.48 ms cpu, 216->230->150 MB, 243 MB goal, 0 MB stacks, 0 MB globals, 20 P
gc 10593 @291.268s 1%: 0.020+8.8+0.13 ms clock, 0.41+0/3.0/0+2.6 ms cpu, 276->307->154 MB, 301 MB goal, 0 MB stacks, 0 MB globals, 20 P
gc 10594 @291.287s 1%: 0.68+5.8+1.8 ms clock, 13+0/1.4/0+37 ms cpu, 282->323->163 MB, 308 MB goal, 0 MB stacks, 0 MB globals, 20 P
gc 10595 @291.305s 1%: 0.49+2.2+0.20 ms clock, 9.9+0/1.4/0+4.0 ms cpu, 289->314->151 MB, 326 MB goal, 0 MB stacks, 0 MB globals, 20 P
gc 10596 @291.318s 1%: 1.6+2.2+3.3 ms clock, 33+0/1.8/0+67 ms cpu, 269->301->155 MB, 303 MB goal, 0 MB stacks, 0 MB globals, 20 P
gc 10597 @291.337s 1%: 0.090+0.30+0.006 ms clock, 1.8+0.084/0.66/0+0.12 ms cpu, 270->271->116 MB, 311 MB goal, 0 MB stacks, 0 MB globals, 20 P
gc 10598 @291.342s 1%: 0.039+1.0+0.018 ms clock, 0.78+0/1.3/0+0.37 ms cpu, 199->199->141 MB, 232 MB goal, 0 MB stacks, 0 MB globals, 20 P
gc 10599 @291.351s 1%: 0.62+4.1+0.049 ms clock, 12+0/1.1/0+0.99 ms cpu, 247->280->151 MB, 284 MB goal, 0 MB stacks, 0 MB globals, 20 P
gc 10600 @291.366s 1%: 0.019+0.67+0.061 ms clock, 0.39+0.51/0.58/0+1.2 ms cpu, 265->265->113 MB, 303 MB goal, 0 MB stacks, 0 MB globals, 20 P
gc 10601 @291.373s 1%: 0.033+0.35+0.012 ms clock, 0.67+0/0.66/0+0.24 ms cpu, 199->199->151 MB, 227 MB goal, 0 MB stacks, 0 MB globals, 20 P
gc 10602 @291.383s 1%: 0.94+0.83+0.023 ms clock, 18+0/1.3/0+0.46 ms cpu, 264->275->130 MB, 302 MB goal, 0 MB stacks, 0 MB globals, 20 P
gc 10603 @291.394s 1%: 0.062+1.7+0.36 ms clock, 1.2+0/1.9/0.001+7.3 ms cpu, 232->248->124 MB, 260 MB goal, 0 MB stacks, 0 MB globals, 20 P
gc 10604 @291.402s 1%: 0.036+0.64+0.024 ms clock, 0.72+0.028/0.77/0+0.48 ms cpu, 219->223->130 MB, 250 MB goal, 0 MB stacks, 0 MB globals, 20 P
gc 10605 @291.412s 1%: 0.22+0.36+0.018 ms clock, 4.4+0.068/0.72/0+0.37 ms cpu, 227->227->104 MB, 260 MB goal, 0 MB stacks, 0 MB globals, 20 P
gc 10606 @291.417s 1%: 0.21+7.3+0.10 ms clock, 4.2+0.015/2.0/0.001+2.0 ms cpu, 183->215->152 MB, 209 MB goal, 0 MB stacks, 0 MB globals, 20 P
gc 10607 @291.439s 1%: 3.7+5.4+0.064 ms clock, 74+0/1.8/0.11+1.2 ms cpu, 278->318->161 MB, 305 MB goal, 0 MB stacks, 0 MB globals, 20 P
gc 10608 @291.461s 1%: 0.070+1.0+0.013 ms clock, 1.4+0/1.6/0.022+0.26 ms cpu, 284->284->129 MB, 323 MB goal, 0 MB stacks, 0 MB globals, 20 P
gc 10609 @291.468s 1%: 0.072+0.75+0.032 ms clock, 1.4+0/1.3/0.047+0.65 ms cpu, 236->236->135 MB, 259 MB goal, 0 MB stacks, 0 MB globals, 20 P
gc 10610 @291.477s 1%: 0.17+5.0+0.49 ms clock, 3.4+0/1.4/0+9.8 ms cpu, 239->264->136 MB, 271 MB goal, 0 MB stacks, 0 MB globals, 20 P
gc 10611 @291.494s 1%: 0.059+1.0+0.007 ms clock, 1.1+0/1.5/0+0.14 ms cpu, 233->233->132 MB, 272 MB goal, 0 MB stacks, 0 MB globals, 20 P
gc 10612 @291.505s 1%: 0.092+5.8+0.17 ms clock, 1.8+0/6.1/0.016+3.5 ms cpu, 230->243->147 MB, 265 MB goal, 0 MB stacks, 0 MB globals, 20 P
gc 10613 @291.519s 1%: 0.083+0.48+0.080 ms clock, 1.6+0/0.75/0+1.6 ms cpu, 254->257->126 MB, 294 MB goal, 0 MB stacks, 0 MB globals, 20 P
gc 10614 @291.525s 1%: 1.0+0.49+0.34 ms clock, 20+0/0.95/0.015+6.8 ms cpu, 217->235->135 MB, 253 MB goal, 0 MB stacks, 0 MB globals, 20 P
gc 10615 @291.537s 1%: 0.037+6.2+0.007 ms clock, 0.74+0.039/0.94/0+0.15 ms cpu, 249->271->141 MB, 270 MB goal, 0 MB stacks, 0 MB globals, 20 P
gc 10616 @291.554s 1%: 0.39+6.4+3.9 ms clock, 7.8+0/1.1/0.021+78 ms cpu, 262->312->157 MB, 282 MB goal, 0 MB stacks, 0 MB globals, 20 P
gc 10617 @291.574s 1%: 0.15+1.3+0.006 ms clock, 3.0+0/1.8/0+0.13 ms cpu, 276->284->117 MB, 315 MB goal, 0 MB stacks, 0 MB globals, 20 P
gc 10618 @291.584s 1%: 0.049+0.44+0.086 ms clock, 0.99+0/0.76/0+1.7 ms cpu, 200->204->125 MB, 235 MB goal, 0 MB stacks, 0 MB globals, 20 P
gc 10619 @291.589s 1%: 0.29+1.4+0.003 ms clock, 5.8+0/1.9/0+0.074 ms cpu, 222->232->127 MB, 252 MB goal, 0 MB stacks, 0 MB globals, 20 P
gc 10620 @291.599s 1%: 0.045+1.1+0.004 ms clock, 0.90+0.21/0.92/0.013+0.085 ms cpu, 217->230->122 MB, 255 MB goal, 0 MB stacks, 0 MB globals, 20 P
gc 10621 @291.606s 1%: 0.033+3.2+0.003 ms clock, 0.67+0.015/3.4/0+0.075 ms cpu, 209->220->149 MB, 244 MB goal, 0 MB stacks, 0 MB globals, 20 P
gc 10622 @291.622s 1%: 0.033+3.1+0.006 ms clock, 0.67+0/3.4/0+0.13 ms cpu, 285->285->137 MB, 298 MB goal, 0 MB stacks, 0 MB globals, 20 P
gc 10623 @291.635s 1%: 0.037+2.7+0.13 ms clock, 0.75+0/3.0/0+2.6 ms cpu, 268->285->134 MB, 275 MB goal, 0 MB stacks, 0 MB globals, 20 P
gc 10624 @291.649s 1%: 0.037+0.66+0.008 ms clock, 0.75+0/1.2/0.027+0.16 ms cpu, 256->256->138 MB, 268 MB goal, 0 MB stacks, 0 MB globals, 20 P
gc 10625 @291.658s 1%: 0.039+3.1+0.005 ms clock, 0.78+0/3.5/0.002+0.10 ms cpu, 261->267->152 MB, 277 MB goal, 0 MB stacks, 0 MB globals, 20 P
gc 10626 @291.675s 1%: 0.038+0.88+0.030 ms clock, 0.77+0/1.0/0+0.61 ms cpu, 290->295->146 MB, 305 MB goal, 0 MB stacks, 0 MB globals, 20 P
gc 10627 @291.683s 1%: 0.54+5.7+0.054 ms clock, 10+0/6.0/0+1.0 ms cpu, 277->291->153 MB, 292 MB goal, 0 MB stacks, 0 MB globals, 20 P
gc 10628 @291.703s 1%: 0.040+0.95+0.021 ms clock, 0.80+0/1.2/0+0.42 ms cpu, 300->300->148 MB, 308 MB goal, 0 MB stacks, 0 MB globals, 20 P
gc 10629 @291.718s 1%: 1.3+0.67+0.10 ms clock, 26+0.077/0.97/0+2.1 ms cpu, 279->297->146 MB, 296 MB goal, 0 MB stacks, 0 MB globals, 20 P
gc 10630 @291.734s 1%: 0.26+1.3+0.069 ms clock, 5.3+0/0.92/0.018+1.3 ms cpu, 277->295->138 MB, 294 MB goal, 0 MB stacks, 0 MB globals, 20 P
gc 10631 @291.744s 1%: 0.034+0.43+0.025 ms clock, 0.69+0.034/0.66/0+0.50 ms cpu, 261->261->155 MB, 276 MB goal, 0 MB stacks, 0 MB globals, 20 P
gc 10632 @291.755s 1%: 0.046+3.0+0.008 ms clock, 0.92+0/3.3/0+0.16 ms cpu, 298->298->151 MB, 312 MB goal, 0 MB stacks, 0 MB globals, 20 P
gc 10633 @291.768s 1%: 2.1+2.0+0.005 ms clock, 43+0/2.3/0+0.11 ms cpu, 289->289->132 MB, 304 MB goal, 0 MB stacks, 0 MB globals, 20 P
gc 10634 @291.783s 1%: 0.57+0.55+0.76 ms clock, 11+0/0.95/0+15 ms cpu, 249->255->123 MB, 266 MB goal, 0 MB stacks, 0 MB globals, 20 P
gc 10635 @291.795s 1%: 0.13+0.49+0.071 ms clock, 2.6+0/0.73/0+1.4 ms cpu, 230->245->137 MB, 248 MB goal, 0 MB stacks, 0 MB globals, 20 P
gc 10636 @291.812s 1%: 0.061+7.0+2.3 ms clock, 1.2+0/2.5/0+47 ms cpu, 268->307->159 MB, 276 MB goal, 0 MB stacks, 0 MB globals, 20 P
gc 10637 @291.831s 1%: 0.13+1.1+0.003 ms clock, 2.6+0/1.5/0.003+0.071 ms cpu, 282->289->124 MB, 318 MB goal, 0 MB stacks, 0 MB globals, 20 P
gc 10638 @291.841s 1%: 0.031+0.48+0.031 ms clock, 0.63+0/0.65/0+0.63 ms cpu, 212->217->137 MB, 249 MB goal, 0 MB stacks, 0 MB globals, 20 P
gc 10639 @291.847s 1%: 0.020+3.7+0.014 ms clock, 0.40+0/2.9/0+0.28 ms cpu, 241->274->151 MB, 275 MB goal, 0 MB stacks, 0 MB globals, 20 P
gc 10640 @291.863s 1%: 0.23+4.7+0.60 ms clock, 4.7+0/1.1/0+12 ms cpu, 266->294->146 MB, 303 MB goal, 0 MB stacks, 0 MB globals, 20 P
gc 10641 @291.878s 1%: 0.019+0.48+0.006 ms clock, 0.38+0/0.90/0.001+0.13 ms cpu, 255->257->112 MB, 293 MB goal, 0 MB stacks, 0 MB globals, 20 P
gc 10642 @291.883s 1%: 0.036+4.1+0.030 ms clock, 0.72+0/1.6/0+0.60 ms cpu, 212->257->186 MB, 225 MB goal, 0 MB stacks, 0 MB globals, 20 P
gc 10643 @291.902s 1%: 1.3+5.8+0.003 ms clock, 27+0/6.2/0+0.075 ms cpu, 329->341->145 MB, 372 MB goal, 0 MB stacks, 0 MB globals, 20 P
gc 10644 @291.919s 1%: 0.019+3.0+0.003 ms clock, 0.38+0.080/2.0/0+0.075 ms cpu, 250->284->156 MB, 291 MB goal, 0 MB stacks, 0 MB globals, 20 P
gc 10645 @291.933s 1%: 0.052+0.27+0.005 ms clock, 1.0+0.087/0.65/0+0.11 ms cpu, 268->268->116 MB, 313 MB goal, 0 MB stacks, 0 MB globals, 20 P
gc 10646 @291.938s 1%: 0.042+1.7+0.005 ms clock, 0.84+0/1.6/0+0.11 ms cpu, 223->223->150 MB, 233 MB goal, 0 MB stacks, 0 MB globals, 20 P
gc 10647 @291.949s 1%: 0.020+1.0+0.003 ms clock, 0.41+0.040/1.8/0.018+0.064 ms cpu, 262->269->131 MB, 300 MB goal, 0 MB stacks, 0 MB globals, 20 P
gc 10648 @291.956s 1%: 0.046+1.5+0.009 ms clock, 0.93+0/1.8/0.002+0.19 ms cpu, 239->239->159 MB, 263 MB goal, 0 MB stacks, 0 MB globals, 20 P
gc 10649 @291.968s 1%: 0.045+2.8+0.080 ms clock, 0.90+0/3.2/0+1.6 ms cpu, 304->304->149 MB, 318 MB goal, 0 MB stacks, 0 MB globals, 20 P
gc 10650 @291.981s 1%: 0.018+1.6+0.017 ms clock, 0.37+0.083/0.80/0.008+0.34 ms cpu, 268->296->153 MB, 300 MB goal, 0 MB stacks, 0 MB globals, 20 P
gc 10651 @291.993s 1%: 0.36+0.41+0.003 ms clock, 7.2+0/0.93/0+0.065 ms cpu, 275->275->122 MB, 306 MB goal, 0 MB stacks, 0 MB globals, 20 P
gc 10652 @291.999s 1%: 0.11+1.6+0.021 ms clock, 2.2+0/2.1/0+0.43 ms cpu, 213->238->166 MB, 246 MB goal, 0 MB stacks, 0 MB globals, 20 P
gc 10653 @292.020s 1%: 0.058+0.44+0.080 ms clock, 1.1+0.034/0.71/0+1.6 ms cpu, 316->319->133 MB, 333 MB goal, 0 MB stacks, 0 MB globals, 20 P
gc 10654 @292.030s 1%: 0.061+0.94+0.009 ms clock, 1.2+0/1.3/0+0.19 ms cpu, 246->246->139 MB, 267 MB goal, 0 MB stacks, 0 MB globals, 20 P
gc 10655 @292.048s 1%: 0.063+0.93+0.024 ms clock, 1.2+0.10/0.94/0+0.49 ms cpu, 256->260->134 MB, 279 MB goal, 0 MB stacks, 0 MB globals, 20 P
gc 10656 @292.061s 1%: 0.13+0.77+0.009 ms clock, 2.6+0/1.3/0+0.18 ms cpu, 244->248->116 MB, 270 MB goal, 0 MB stacks, 0 MB globals, 20 P
gc 10657 @292.068s 1%: 0.27+10+0.097 ms clock, 5.4+0/4.6/0+1.9 ms cpu, 208->253->175 MB, 232 MB goal, 0 MB stacks, 0 MB globals, 20 P
gc 10658 @292.092s 1%: 4.2+6.5+0.094 ms clock, 85+0/6.3/0+1.8 ms cpu, 317->346->161 MB, 352 MB goal, 0 MB stacks, 0 MB globals, 20 P
gc 10659 @292.115s 1%: 0.36+2.1+0.086 ms clock, 7.3+0/1.8/0+1.7 ms cpu, 285->308->148 MB, 323 MB goal, 0 MB stacks, 0 MB globals, 20 P
gc 10660 @292.130s 1%: 2.3+0.50+4.6 ms clock, 47+0/0.73/0+92 ms cpu, 253->268->130 MB, 296 MB goal, 0 MB stacks, 0 MB globals, 20 P
gc 10661 @292.145s 1%: 0.049+1.5+0.014 ms clock, 0.99+0/2.2/0.004+0.28 ms cpu, 234->234->150 MB, 261 MB goal, 0 MB stacks, 0 MB globals, 20 P
gc 10662 @292.157s 1%: 0.16+3.2+0.024 ms clock, 3.3+0/3.2/0+0.48 ms cpu, 259->283->149 MB, 302 MB goal, 0 MB stacks, 0 MB globals, 20 P
gc 10663 @292.172s 1%: 0.060+10+0.006 ms clock, 1.2+0/4.3/0+0.13 ms cpu, 279->327->168 MB, 299 MB goal, 0 MB stacks, 0 MB globals, 20 P
gc 10664 @292.191s 1%: 0.042+1.1+0.009 ms clock, 0.84+0/1.5/0+0.18 ms cpu, 293->293->150 MB, 337 MB goal, 0 MB stacks, 0 MB globals, 20 P
gc 10665 @292.200s 1%: 0.017+4.9+3.4 ms clock, 0.35+0.009/4.8/0+68 ms cpu, 258->303->171 MB, 300 MB goal, 0 MB stacks, 0 MB globals, 20 P
gc 10666 @292.219s 1%: 0.017+1.1+0.003 ms clock, 0.34+0.078/1.5/0+0.075 ms cpu, 296->299->126 MB, 342 MB goal, 0 MB stacks, 0 MB globals, 20 P
gc 10667 @292.225s 1%: 0.039+1.1+0.011 ms clock, 0.79+0/1.5/0+0.23 ms cpu, 215->215->153 MB, 253 MB goal, 0 MB stacks, 0 MB globals, 20 P
gc 10668 @292.235s 1%: 0.41+8.5+0.83 ms clock, 8.3+0/1.7/0+16 ms cpu, 268->306->165 MB, 306 MB goal, 0 MB stacks, 0 MB globals, 20 P
gc 10669 @292.256s 1%: 0.16+1.7+1.8 ms clock, 3.3+0/1.9/0+37 ms cpu, 285->305->143 MB, 331 MB goal, 0 MB stacks, 0 MB globals, 20 P
gc 10670 @292.269s 1%: 0.059+0.54+0.081 ms clock, 1.1+0.026/0.91/0+1.6 ms cpu, 247->250->140 MB, 286 MB goal, 0 MB stacks, 0 MB globals, 20 P
gc 10671 @292.280s 1%: 0.090+0.78+1.4 ms clock, 1.8+0/1.2/0.009+29 ms cpu, 258->266->154 MB, 281 MB goal, 0 MB stacks, 0 MB globals, 20 P
gc 10672 @292.295s 1%: 0.13+7.9+0.016 ms clock, 2.7+0/4.0/0+0.33 ms cpu, 284->308->151 MB, 309 MB goal, 0 MB stacks, 0 MB globals, 20 P
gc 10673 @292.312s 1%: 0.015+0.94+0.025 ms clock, 0.31+0.051/1.4/0+0.50 ms cpu, 266->267->117 MB, 302 MB goal, 0 MB stacks, 0 MB globals, 20 P
gc 10674 @292.320s 1%: 0.043+2.1+0.007 ms clock, 0.87+0.064/0.78/0+0.14 ms cpu, 221->236->149 MB, 235 MB goal, 0 MB stacks, 0 MB globals, 20 P
gc 10675 @292.336s 1%: 0.018+1.1+0.002 ms clock, 0.36+0/1.5/0+0.058 ms cpu, 284->285->117 MB, 298 MB goal, 0 MB stacks, 0 MB globals, 20 P
gc 10676 @292.344s 1%: 0.017+1.3+0.063 ms clock, 0.34+1.0/0.97/0.003+1.2 ms cpu, 225->225->122 MB, 234 MB goal, 0 MB stacks, 0 MB globals, 20 P
gc 10677 @292.353s 1%: 0.16+9.0+0.014 ms clock, 3.3+0/6.3/0+0.29 ms cpu, 231->254->148 MB, 244 MB goal, 0 MB stacks, 0 MB globals, 20 P
gc 10678 @292.374s 1%: 1.6+2.0+0.073 ms clock, 33+0/1.5/0+1.4 ms cpu, 274->307->151 MB, 297 MB goal, 0 MB stacks, 0 MB globals, 20 P
gc 10679 @292.392s 1%: 0.44+1.2+0.003 ms clock, 8.8+0.032/1.1/0.001+0.064 ms cpu, 271->281->124 MB, 303 MB goal, 0 MB stacks, 0 MB globals, 20 P
gc 10680 @292.398s 1%: 0.035+1.4+0.010 ms clock, 0.71+1.1/0.61/0.001+0.20 ms cpu, 217->217->136 MB, 249 MB goal, 0 MB stacks, 0 MB globals, 20 P
gc 10681 @292.408s 1%: 0.039+1.0+0.022 ms clock, 0.79+0/1.5/0+0.44 ms cpu, 242->242->150 MB, 272 MB goal, 0 MB stacks, 0 MB globals, 20 P
gc 10682 @292.420s 1%: 0.51+8.8+0.018 ms clock, 10+0/1.4/0+0.37 ms cpu, 268->317->177 MB, 301 MB goal, 0 MB stacks, 0 MB globals, 20 P
gc 10683 @292.441s 1%: 0.092+1.8+0.005 ms clock, 1.8+0/1.9/0+0.11 ms cpu, 317->321->133 MB, 356 MB goal, 0 MB stacks, 0 MB globals, 20 P
gc 10684 @292.450s 1%: 0.039+0.45+0.022 ms clock, 0.78+0/0.71/0+0.45 ms cpu, 234->234->171 MB, 267 MB goal, 0 MB stacks, 0 MB globals, 20 P
gc 10685 @292.461s 1%: 0.045+1.2+0.008 ms clock, 0.90+0/1.5/0+0.16 ms cpu, 297->297->147 MB, 343 MB goal, 0 MB stacks, 0 MB globals, 20 P
gc 10686 @292.471s 1%: 0.020+4.0+0.040 ms clock, 0.41+0/4.0/0+0.80 ms cpu, 258->287->153 MB, 294 MB goal, 0 MB stacks, 0 MB globals, 20 P
gc 10687 @292.486s 1%: 0.042+0.68+0.031 ms clock, 0.84+0/1.0/0+0.63 ms cpu, 263->270->149 MB, 306 MB goal, 0 MB stacks, 0 MB globals, 20 P
gc 10688 @292.494s 1%: 0.041+3.8+0.008 ms clock, 0.83+0/4.3/0+0.17 ms cpu, 273->273->150 MB, 300 MB goal, 0 MB stacks, 0 MB globals, 20 P
gc 10689 @292.507s 1%: 0.51+0.56+0.25 ms clock, 10+0/0.95/0+5.1 ms cpu, 257->276->145 MB, 301 MB goal, 0 MB stacks, 0 MB globals, 20 P
gc 10690 @292.519s 1%: 0.17+0.99+0.006 ms clock, 3.4+0/0.89/0.026+0.12 ms cpu, 248->261->124 MB, 290 MB goal, 0 MB stacks, 0 MB globals, 20 P
gc 10691 @292.524s 1%: 0.52+1.3+0.025 ms clock, 10+0/1.8/0+0.51 ms cpu, 220->234->148 MB, 249 MB goal, 0 MB stacks, 0 MB globals, 20 P
gc 10692 @292.537s 1%: 0.060+1.1+3.7 ms clock, 1.2+0/1.5/0.005+74 ms cpu, 276->286->150 MB, 298 MB goal, 0 MB stacks, 0 MB globals, 20 P
gc 10693 @292.554s 1%: 0.020+2.5+0.003 ms clock, 0.40+0.10/3.0/0+0.068 ms cpu, 287->287->125 MB, 300 MB goal, 0 MB stacks, 0 MB globals, 20 P
gc 10694 @292.567s 1%: 0.26+0.37+0.20 ms clock, 5.3+0/0.86/0+4.0 ms cpu, 235->237->117 MB, 251 MB goal, 0 MB stacks, 0 MB globals, 20 P
gc 10695 @292.573s 1%: 0.73+2.0+0.003 ms clock, 14+0/2.5/0+0.073 ms cpu, 219->219->135 MB, 234 MB goal, 0 MB stacks, 0 MB globals, 20 P
gc 10696 @292.590s 1%: 0.063+3.9+0.013 ms clock, 1.2+0.007/4.3/0.001+0.27 ms cpu, 258->262->126 MB, 271 MB goal, 0 MB stacks, 0 MB globals, 20 P
gc 10697 @292.602s 1%: 0.041+2.0+0.013 ms clock, 0.83+0/2.5/0.001+0.26 ms cpu, 254->254->142 MB, 254 MB goal, 0 MB stacks, 0 MB globals, 20 P
gc 10698 @292.619s 1%: 1.2+5.4+1.8 ms clock, 25+0/4.2/0+37 ms cpu, 275->292->137 MB, 284 MB goal, 0 MB stacks, 0 MB globals, 20 P
gc 10699 @292.637s 1%: 0.033+0.59+0.009 ms clock, 0.66+0/1.0/0+0.18 ms cpu, 259->259->140 MB, 274 MB goal, 0 MB stacks, 0 MB globals, 20 P
gc 10700 @292.649s 1%: 0.037+1.6+0.006 ms clock, 0.75+0/2.0/0+0.13 ms cpu, 275->275->149 MB, 282 MB goal, 0 MB stacks, 0 MB globals, 20 P
gc 10701 @292.661s 1%: 0.047+3.6+0.009 ms clock, 0.95+0/1.0/0+0.19 ms cpu, 292->297->149 MB, 299 MB goal, 0 MB stacks, 0 MB globals, 20 P
gc 10702 @292.674s 1%: 0.049+5.1+0.005 ms clock, 0.99+0/5.5/0+0.11 ms cpu, 294->296->158 MB, 299 MB goal, 0 MB stacks, 0 MB globals, 20 P
gc 10703 @292.690s 1%: 0.043+2.7+0.006 ms clock, 0.86+0/2.9/0+0.13 ms cpu, 303->305->152 MB, 317 MB goal, 0 MB stacks, 0 MB globals, 20 P
gc 10704 @292.704s 1%: 0.069+0.45+0.080 ms clock, 1.3+0.036/0.82/0.016+1.6 ms cpu, 296->298->145 MB, 306 MB goal, 0 MB stacks, 0 MB globals, 20 P
gc 10705 @292.717s 1%: 0.067+2.3+0.003 ms clock, 1.3+0.011/2.8/0+0.062 ms cpu, 290->290->124 MB, 291 MB goal, 0 MB stacks, 0 MB globals, 20 P
gc 10706 @292.728s 1%: 0.041+0.44+0.027 ms clock, 0.82+0.13/0.63/0.007+0.54 ms cpu, 256->256->142 MB, 256 MB goal, 0 MB stacks, 0 MB globals, 20 P
gc 10707 @292.737s 1%: 0.050+3.9+0.007 ms clock, 1.0+0/4.5/0+0.15 ms cpu, 280->280->151 MB, 285 MB goal, 0 MB stacks, 0 MB globals, 20 P
gc 10708 @292.755s 1%: 0.017+2.9+0.39 ms clock, 0.34+0/1.7/0+7.8 ms cpu, 300->315->126 MB, 302 MB goal, 0 MB stacks, 0 MB globals, 20 P
gc 10709 @292.765s 1%: 0.049+0.33+0.029 ms clock, 0.98+0/0.76/0+0.58 ms cpu, 246->246->159 MB, 253 MB goal, 0 MB stacks, 0 MB globals, 20 P
gc 10710 @292.779s 1%: 4.9+6.1+0.11 ms clock, 99+0/6.2/0+2.2 ms cpu, 316->344->165 MB, 318 MB goal, 0 MB stacks, 0 MB globals, 20 P
gc 10711 @292.802s 1%: 0.041+1.0+0.014 ms clock, 0.82+0/1.3/0+0.28 ms cpu, 308->308->145 MB, 331 MB goal, 0 MB stacks, 0 MB globals, 20 P
gc 10712 @292.813s 1%: 0.25+4.8+0.004 ms clock, 5.1+0.029/1.6/0+0.082 ms cpu, 271->298->150 MB, 291 MB goal, 0 MB stacks, 0 MB globals, 20 P
gc 10713 @292.829s 1%: 0.38+0.53+0.44 ms clock, 7.7+0/0.95/0.025+8.8 ms cpu, 276->283->125 MB, 302 MB goal, 0 MB stacks, 0 MB globals, 20 P
gc 10714 @292.837s 1%: 0.038+0.52+0.020 ms clock, 0.77+0/0.80/0+0.41 ms cpu, 235->235->163 MB, 251 MB goal, 0 MB stacks, 0 MB globals, 20 P
gc 10715 @292.852s 1%: 0.057+1.1+0.018 ms clock, 1.1+0/1.5/0+0.37 ms cpu, 305->305->148 MB, 327 MB goal, 0 MB stacks, 0 MB globals, 20 P
gc 10716 @292.863s 1%: 0.039+0.48+0.024 ms clock, 0.79+0.046/0.87/0.001+0.48 ms cpu, 269->271->137 MB, 297 MB goal, 0 MB stacks, 0 MB globals, 20 P
gc 10717 @292.872s 1%: 0.11+3.6+0.10 ms clock, 2.3+0/4.0/0+2.0 ms cpu, 264->264->146 MB, 274 MB goal, 0 MB stacks, 0 MB globals, 20 P
gc 10718 @292.889s 1%: 0.081+6.3+0.014 ms clock, 1.6+0/4.6/0+0.29 ms cpu, 276->300->149 MB, 293 MB goal, 0 MB stacks, 0 MB globals, 20 P
gc 10719 @292.907s 1%: 0.034+1.5+0.003 ms clock, 0.68+0.025/0.72/0+0.077 ms cpu, 281->292->142 MB, 299 MB goal, 0 MB stacks, 0 MB globals, 20 P
gc 10720 @292.916s 1%: 0.041+0.61+0.045 ms clock, 0.82+0/0.77/0+0.90 ms cpu, 258->262->142 MB, 286 MB goal, 0 MB stacks, 0 MB globals, 20 P
gc 10721 @292.926s 1%: 0.051+3.5+0.003 ms clock, 1.0+0/3.9/0.015+0.066 ms cpu, 263->263->146 MB, 285 MB goal, 0 MB stacks, 0 MB globals, 20 P
gc 10722 @292.941s 1%: 0.021+5.5+0.11 ms clock, 0.43+0.26/3.8/0+2.2 ms cpu, 278->306->154 MB, 293 MB goal, 0 MB stacks, 0 MB globals, 20 P
gc 10723 @292.958s 1%: 0.72+4.0+0.061 ms clock, 14+0/0.89/0.017+1.2 ms cpu, 281->321->164 MB, 308 MB goal, 0 MB stacks, 0 MB globals, 20 P
gc 10724 @292.975s 1%: 0.29+1.2+0.006 ms clock, 5.8+0/1.3/0+0.13 ms cpu, 295->300->127 MB, 328 MB goal, 0 MB stacks, 0 MB globals, 20 P
gc 10725 @292.981s 1%: 0.097+1.5+0.008 ms clock, 1.9+0/2.0/0+0.17 ms cpu, 223->223->154 MB, 255 MB goal, 0 MB stacks, 0 MB globals, 20 P
gc 10726 @292.993s 1%: 0.041+0.73+0.087 ms clock, 0.82+0/1.0/0+1.7 ms cpu, 275->275->139 MB, 308 MB goal, 0 MB stacks, 0 MB globals, 20 P
gc 10727 @293.003s 1%: 0.040+1.0+0.010 ms clock, 0.80+0/1.4/0.078+0.20 ms cpu, 249->249->146 MB, 279 MB goal, 0 MB stacks, 0 MB globals, 20 P
gc 10728 @293.014s 1%: 0.57+0.57+3.5 ms clock, 11+0/0.86/0+71 ms cpu, 255->275->142 MB, 293 MB goal, 0 MB stacks, 0 MB globals, 20 P
gc 10729 @293.027s 1%: 0.034+0.88+0.003 ms clock, 0.68+0/1.1/0+0.067 ms cpu, 246->250->116 MB, 286 MB goal, 0 MB stacks, 0 MB globals, 20 P
gc 10730 @293.033s 1%: 0.090+1.0+0.024 ms clock, 1.8+0/1.4/0+0.48 ms cpu, 215->215->145 MB, 233 MB goal, 0 MB stacks, 0 MB globals, 20 P
gc 10731 @293.044s 1%: 0.053+3.4+0.026 ms clock, 1.0+0.016/1.4/0+0.52 ms cpu, 260->270->137 MB, 290 MB goal, 0 MB stacks, 0 MB globals, 20 P
gc 10732 @293.055s 1%: 0.075+0.56+0.089 ms clock, 1.5+0/0.83/0+1.7 ms cpu, 246->249->140 MB, 275 MB goal, 0 MB stacks, 0 MB globals, 20 P
gc 10733 @293.068s 1%: 0.55+3.8+0.49 ms clock, 11+0/1.3/0+9.8 ms cpu, 262->277->134 MB, 280 MB goal, 0 MB stacks, 0 MB globals, 20 P
gc 10734 @293.082s 1%: 0.031+0.45+0.016 ms clock, 0.62+0.060/0.67/0+0.32 ms cpu, 248->250->140 MB, 268 MB goal, 0 MB stacks, 0 MB globals, 20 P
gc 10735 @293.091s 1%: 0.040+4.8+0.006 ms clock, 0.81+0/5.1/0+0.13 ms cpu, 273->280->153 MB, 280 MB goal, 0 MB stacks, 0 MB globals, 20 P
gc 10736 @293.110s 1%: 0.033+1.2+0.015 ms clock, 0.67+0/1.2/0+0.31 ms cpu, 295->301->150 MB, 308 MB goal, 0 MB stacks, 0 MB globals, 20 P
gc 10737 @293.121s 1%: 0.071+1.8+0.005 ms clock, 1.4+0.066/0.64/0+0.11 ms cpu, 290->305->152 MB, 301 MB goal, 0 MB stacks, 0 MB globals, 20 P
gc 10738 @293.134s 1%: 0.045+1.1+0.004 ms clock, 0.91+0/1.3/0+0.082 ms cpu, 291->292->149 MB, 304 MB goal, 0 MB stacks, 0 MB globals, 20 P
gc 10739 @293.145s 1%: 0.051+0.30+0.035 ms clock, 1.0+0/0.79/0.038+0.71 ms cpu, 283->284->141 MB, 298 MB goal, 0 MB stacks, 0 MB globals, 20 P
gc 10740 @293.158s 1%: 0.066+1.1+0.080 ms clock, 1.3+0/1.6/0+1.6 ms cpu, 294->294->152 MB, 294 MB goal, 0 MB stacks, 0 MB globals, 20 P
gc 10741 @293.172s 1%: 0.84+1.5+0.003 ms clock, 16+0/2.0/0+0.075 ms cpu, 306->306->138 MB, 306 MB goal, 0 MB stacks, 0 MB globals, 20 P
gc 10742 @293.188s 1%: 0.035+1.2+0.008 ms clock, 0.71+0/1.0/0+0.16 ms cpu, 263->264->136 MB, 278 MB goal, 0 MB stacks, 0 MB globals, 20 P
gc 10743 @293.200s 1%: 0.056+2.3+0.005 ms clock, 1.1+0/2.8/0.019+0.10 ms cpu, 283->283->149 MB, 283 MB goal, 0 MB stacks, 0 MB globals, 20 P
gc 10744 @293.214s 1%: 1.8+3.5+0.003 ms clock, 36+0/3.7/0+0.070 ms cpu, 287->287->131 MB, 299 MB goal, 0 MB stacks, 0 MB globals, 20 P
gc 10745 @293.231s 1%: 0.12+1.3+0.11 ms clock, 2.5+0/1.8/0+2.3 ms cpu, 262->262->123 MB, 263 MB goal, 0 MB stacks, 0 MB globals, 20 P
gc 10746 @293.241s 1%: 0.12+1.0+0.031 ms clock, 2.4+0/1.0/0+0.63 ms cpu, 232->236->141 MB, 247 MB goal, 0 MB stacks, 0 MB globals, 20 P
gc 10747 @293.257s 1%: 0.80+3.9+0.45 ms clock, 16+0/3.5/0+9.1 ms cpu, 267->283->131 MB, 282 MB goal, 0 MB stacks, 0 MB globals, 20 P
gc 10748 @293.270s 1%: 0.049+0.61+0.074 ms clock, 0.98+0/0.74/0+1.4 ms cpu, 250->250->164 MB, 263 MB goal, 0 MB stacks, 0 MB globals, 20 P
gc 10749 @293.286s 1%: 0.041+6.1+0.009 ms clock, 0.82+0/6.3/0.005+0.19 ms cpu, 336->336->150 MB, 336 MB goal, 0 MB stacks, 0 MB globals, 20 P
gc 10750 @293.304s 1%: 0.039+1.0+0.010 ms clock, 0.79+0/1.4/0+0.21 ms cpu, 307->307->146 MB, 307 MB goal, 0 MB stacks, 0 MB globals, 20 P
gc 10751 @293.316s 1%: 0.060+2.0+0.006 ms clock, 1.2+0/1.1/0.010+0.12 ms cpu, 281->284->142 MB, 294 MB goal, 0 MB stacks, 0 MB globals, 20 P
gc 10752 @293.330s 1%: 0.076+2.3+0.005 ms clock, 1.5+0.11/0.74/0+0.10 ms cpu, 270->286->135 MB, 285 MB goal, 0 MB stacks, 0 MB globals, 20 P
gc 10753 @293.341s 1%: 0.10+0.41+0.080 ms clock, 2.0+0/0.79/0.016+1.6 ms cpu, 267->267->171 MB, 270 MB goal, 0 MB stacks, 0 MB globals, 20 P
gc 10754 @293.360s 1%: 0.067+5.9+0.004 ms clock, 1.3+0/6.2/0+0.099 ms cpu, 342->342->159 MB, 343 MB goal, 0 MB stacks, 0 MB globals, 20 P
gc 10755 @293.377s 1%: 0.045+2.2+0.013 ms clock, 0.90+0/2.5/0+0.26 ms cpu, 315->315->153 MB, 318 MB goal, 0 MB stacks, 0 MB globals, 20 P
gc 10756 @293.392s 1%: 3.0+0.52+0.020 ms clock, 61+0/0.82/0+0.40 ms cpu, 290->308->150 MB, 306 MB goal, 0 MB stacks, 0 MB globals, 20 P
gc 10757 @293.408s 1%: 0.019+1.9+0.003 ms clock, 0.38+0.20/2.0/0+0.066 ms cpu, 285->293->133 MB, 301 MB goal, 0 MB stacks, 0 MB globals, 20 P
gc 10758 @293.420s 1%: 0.059+0.66+0.027 ms clock, 1.1+0/0.85/0+0.55 ms cpu, 253->262->123 MB, 266 MB goal, 0 MB stacks, 0 MB globals, 20 P
gc 10759 @293.427s 1%: 0.13+1.6+0.032 ms clock, 2.6+0.21/2.1/0.024+0.64 ms cpu, 230->244->152 MB, 246 MB goal, 0 MB stacks, 0 MB globals, 20 P
gc 10760 @293.449s 1%: 7.4+2.9+0.088 ms clock, 148+0/4.3/0.60+1.7 ms cpu, 293->306->143 MB, 304 MB goal, 0 MB stacks, 0 MB globals, 20 P
gc 10761 @293.472s 1%: 1.2+0.96+0.022 ms clock, 25+0/1.5/0.013+0.44 ms cpu, 270->281->135 MB, 287 MB goal, 0 MB stacks, 0 MB globals, 20 P
gc 10762 @293.483s 1%: 0.76+0.89+2.2 ms clock, 15+0/1.1/0+44 ms cpu, 258->276->134 MB, 271 MB goal, 0 MB stacks, 0 MB globals, 20 P
gc 10763 @293.498s 1%: 0.019+1.3+0.086 ms clock, 0.39+0.009/1.4/0+1.7 ms cpu, 258->273->125 MB, 269 MB goal, 0 MB stacks, 0 MB globals, 20 P
gc 10764 @293.508s 1%: 0.045+0.61+0.38 ms clock, 0.91+0/0.98/0+7.7 ms cpu, 233->238->134 MB, 251 MB goal, 0 MB stacks, 0 MB globals, 20 P
gc 10765 @293.519s 1%: 0.16+1.4+2.1 ms clock, 3.3+0/1.6/0+42 ms cpu, 258->282->136 MB, 270 MB goal, 0 MB stacks, 0 MB globals, 20 P
gc 10766 @293.531s 1%: 0.021+1.2+0.007 ms clock, 0.42+0.036/0.69/0.028+0.14 ms cpu, 257->266->126 MB, 272 MB goal, 0 MB stacks, 0 MB globals, 20 P
gc 10767 @293.541s 1%: 0.055+0.49+0.008 ms clock, 1.1+0.12/0.80/0+0.17 ms cpu, 229->231->126 MB, 252 MB goal, 0 MB stacks, 0 MB globals, 20 P
gc 10768 @293.550s 1%: 1.7+2.2+0.006 ms clock, 34+0/1.8/0+0.12 ms cpu, 242->252->134 MB, 252 MB goal, 0 MB stacks, 0 MB globals, 20 P
gc 10769 @293.564s 1%: 0.22+1.4+0.089 ms clock, 4.5+0/1.5/0+1.7 ms cpu, 251->271->136 MB, 269 MB goal, 0 MB stacks, 0 MB globals, 20 P
gc 10770 @293.576s 1%: 0.040+1.3+0.003 ms clock, 0.81+0/1.4/0+0.076 ms cpu, 260->266->118 MB, 273 MB goal, 0 MB stacks, 0 MB globals, 20 P
gc 10771 @293.585s 1%: 0.051+0.58+0.071 ms clock, 1.0+0/0.91/0+1.4 ms cpu, 230->232->131 MB, 237 MB goal, 0 MB stacks, 0 MB globals, 20 P
gc 10772 @293.595s 1%: 0.041+1.0+0.024 ms clock, 0.82+0/1.2/0+0.48 ms cpu, 244->246->135 MB, 262 MB goal, 0 MB stacks, 0 MB globals, 20 P
gc 10773 @293.604s 1%: 0.044+0.62+0.017 ms clock, 0.88+0/1.1/0+0.34 ms cpu, 253->253->126 MB, 270 MB goal, 0 MB stacks, 0 MB globals, 20 P
gc 10774 @293.612s 1%: 0.037+2.4+0.007 ms clock, 0.74+0/2.8/0+0.14 ms cpu, 237->237->135 MB, 253 MB goal, 0 MB stacks, 0 MB globals, 20 P
gc 10775 @293.625s 1%: 2.3+9.7+3.5 ms clock, 47+0/3.2/0.001+71 ms cpu, 259->294->151 MB, 271 MB goal, 0 MB stacks, 0 MB globals, 20 P
gc 10776 @293.651s 1%: 0.022+6.0+0.031 ms clock, 0.45+0.20/1.4/0.015+0.63 ms cpu, 275->311->152 MB, 302 MB goal, 0 MB stacks, 0 MB globals, 20 P
gc 10777 @293.667s 1%: 0.050+1.8+0.026 ms clock, 1.0+0/1.6/0.024+0.52 ms cpu, 277->301->140 MB, 305 MB goal, 0 MB stacks, 0 MB globals, 20 P
gc 10778 @293.677s 1%: 0.28+0.57+0.49 ms clock, 5.7+0/1.0/0+9.8 ms cpu, 246->252->117 MB, 281 MB goal, 0 MB stacks, 0 MB globals, 20 P
gc 10779 @293.683s 1%: 0.82+4.3+0.084 ms clock, 16+0/1.9/0+1.6 ms cpu, 212->250->170 MB, 235 MB goal, 0 MB stacks, 0 MB globals, 20 P
gc 10780 @293.700s 1%: 2.7+9.8+0.009 ms clock, 55+0/4.1/0+0.18 ms cpu, 305->344->170 MB, 340 MB goal, 0 MB stacks, 0 MB globals, 20 P
gc 10781 @293.723s 1%: 0.049+1.1+0.009 ms clock, 0.99+0/1.6/0+0.19 ms cpu, 320->320->145 MB, 340 MB goal, 0 MB stacks, 0 MB globals, 20 P
gc 10782 @293.733s 1%: 0.052+1.7+0.080 ms clock, 1.0+0/1.8/0+1.6 ms cpu, 258->281->150 MB, 292 MB goal, 0 MB stacks, 0 MB globals, 20 P
gc 10783 @293.745s 1%: 1.6+0.54+0.071 ms clock, 32+0.032/0.81/0+1.4 ms cpu, 262->265->124 MB, 301 MB goal, 0 MB stacks, 0 MB globals, 20 P
gc 10784 @293.753s 1%: 0.44+0.50+0.064 ms clock, 8.8+0/0.74/0+1.2 ms cpu, 213->217->126 MB, 250 MB goal, 0 MB stacks, 0 MB globals, 20 P
gc 10785 @293.760s 1%: 0.038+0.51+0.007 ms clock, 0.77+0/0.79/0+0.14 ms cpu, 219->219->161 MB, 253 MB goal, 0 MB stacks, 0 MB globals, 20 P
gc 10786 @293.773s 1%: 0.094+4.1+0.076 ms clock, 1.8+0/4.4/0+1.5 ms cpu, 304->304->140 MB, 323 MB goal, 0 MB stacks, 0 MB globals, 20 P
gc 10787 @293.785s 1%: 1.5+3.0+0.003 ms clock, 30+0/1.1/0+0.073 ms cpu, 244->277->149 MB, 281 MB goal, 0 MB stacks, 0 MB globals, 20 P
gc 10788 @293.802s 1%: 0.56+1.8+3.0 ms clock, 11+0/1.0/0+60 ms cpu, 267->298->146 MB, 299 MB goal, 0 MB stacks, 0 MB globals, 20 P
gc 10789 @293.817s 1%: 0.021+1.4+0.012 ms clock, 0.42+0/1.1/0.016+0.25 ms cpu, 262->288->136 MB, 293 MB goal, 0 MB stacks, 0 MB globals, 20 P
gc 10790 @293.827s 1%: 0.067+2.8+0.74 ms clock, 1.3+0/1.1/0.025+14 ms cpu, 241->267->131 MB, 274 MB goal, 0 MB stacks, 0 MB globals, 20 P
gc 10791 @293.840s 1%: 0.036+1.0+0.092 ms clock, 0.72+0/0.88/0.069+1.8 ms cpu, 235->247->112 MB, 263 MB goal, 0 MB stacks, 0 MB globals, 20 P
gc 10792 @293.846s 1%: 0.032+3.7+0.008 ms clock, 0.64+0/4.0/0+0.17 ms cpu, 210->210->130 MB, 225 MB goal, 0 MB stacks, 0 MB globals, 20 P
gc 10793 @293.858s 1%: 0.040+0.50+0.019 ms clock, 0.80+0.027/0.70/0+0.38 ms cpu, 234->235->120 MB, 261 MB goal, 0 MB stacks, 0 MB globals, 20 P
gc 10794 @293.865s 1%: 0.76+9.0+0.056 ms clock, 15+0.019/1.1/0+1.1 ms cpu, 214->261->163 MB, 242 MB goal, 0 MB stacks, 0 MB globals, 20 P
gc 10795 @293.886s 1%: 3.1+9.3+0.018 ms clock, 62+0/4.4/0+0.37 ms cpu, 287->323->153 MB, 326 MB goal, 0 MB stacks, 0 MB globals, 20 P
gc 10796 @293.910s 1%: 0.023+3.1+0.66 ms clock, 0.46+0/1.5/0+13 ms cpu, 263->309->160 MB, 307 MB goal, 0 MB stacks, 0 MB globals, 20 P
gc 10797 @293.925s 1%: 0.51+2.7+0.004 ms clock, 10+0/2.1/0+0.086 ms cpu, 281->301->137 MB, 321 MB goal, 0 MB stacks, 0 MB globals, 20 P
gc 10798 @293.937s 1%: 0.037+1.4+0.019 ms clock, 0.75+0/1.2/0+0.38 ms cpu, 236->244->143 MB, 274 MB goal, 0 MB stacks, 0 MB globals, 20 P
gc 10799 @293.947s 1%: 0.044+2.1+0.008 ms clock, 0.89+0/3.0/0.005+0.17 ms cpu, 244->245->141 MB, 286 MB goal, 0 MB stacks, 0 MB globals, 20 P
gc 10800 @293.958s 1%: 0.048+1.5+0.041 ms clock, 0.96+0/1.7/0+0.83 ms cpu, 245->258->158 MB, 282 MB goal, 0 MB stacks, 0 MB globals, 20 P
gc 10801 @293.968s 1%: 0.85+4.4+0.058 ms clock, 17+0/4.7/0+1.1 ms cpu, 277->291->143 MB, 317 MB goal, 0 MB stacks, 0 MB globals, 20 P
gc 10802 @293.991s 1%: 0.64+2.8+0.11 ms clock, 12+0/2.9/0+2.3 ms cpu, 270->296->152 MB, 287 MB goal, 0 MB stacks, 0 MB globals, 20 P
gc 10803 @294.008s 1%: 0.048+1.0+0.076 ms clock, 0.97+0/1.7/0+1.5 ms cpu, 282->282->149 MB, 304 MB goal, 0 MB stacks, 0 MB globals, 20 P
gc 10804 @294.020s 1%: 0.034+0.59+0.031 ms clock, 0.69+0/1.2/0+0.62 ms cpu, 288->288->141 MB, 299 MB goal, 0 MB stacks, 0 MB globals, 20 P
gc 10805 @294.032s 1%: 0.039+0.72+0.008 ms clock, 0.79+0/1.2/0+0.16 ms cpu, 258->258->148 MB, 284 MB goal, 0 MB stacks, 0 MB globals, 20 P
gc 10806 @294.041s 1%: 0.041+1.6+0.006 ms clock, 0.83+0/2.1/0+0.13 ms cpu, 279->279->155 MB, 296 MB goal, 0 MB stacks, 0 MB globals, 20 P
gc 10807 @294.052s 1%: 0.43+4.6+0.089 ms clock, 8.7+0/1.8/0+1.7 ms cpu, 288->312->159 MB, 311 MB goal, 0 MB stacks, 0 MB globals, 20 P
gc 10808 @294.070s 1%: 0.64+2.8+4.6 ms clock, 12+0/1.7/0+92 ms cpu, 304->330->159 MB, 319 MB goal, 0 MB stacks, 0 MB globals, 20 P
gc 10809 @294.089s 1%: 0.094+2.6+0.005 ms clock, 1.8+0/1.0/0+0.11 ms cpu, 297->328->158 MB, 318 MB goal, 0 MB stacks, 0 MB globals, 20 P
gc 10810 @294.103s 1%: 0.064+1.5+0.40 ms clock, 1.2+0/1.0/0+8.1 ms cpu, 287->310->144 MB, 318 MB goal, 0 MB stacks, 0 MB globals, 20 P
gc 10811 @294.114s 1%: 0.018+0.60+0.007 ms clock, 0.36+0/1.4/0+0.15 ms cpu, 264->264->115 MB, 290 MB goal, 0 MB stacks, 0 MB globals, 20 P
gc 10812 @294.120s 1%: 0.036+1.2+0.78 ms clock, 0.72+0/1.5/0+15 ms cpu, 208->221->156 MB, 230 MB goal, 0 MB stacks, 0 MB globals, 20 P
gc 10813 @294.132s 1%: 0.043+0.63+0.046 ms clock, 0.87+0/0.97/0.005+0.92 ms cpu, 287->287->138 MB, 313 MB goal, 0 MB stacks, 0 MB globals, 20 P
gc 10814 @294.143s 1%: 0.032+2.3+0.003 ms clock, 0.65+0.033/0.71/0.002+0.076 ms cpu, 255->271->140 MB, 276 MB goal, 0 MB stacks, 0 MB globals, 20 P
gc 10815 @294.154s 1%: 0.048+0.33+0.041 ms clock, 0.96+0.099/0.70/0+0.82 ms cpu, 259->260->137 MB, 282 MB goal, 0 MB stacks, 0 MB globals, 20 P
gc 10816 @294.163s 1%: 0.11+1.7+0.081 ms clock, 2.3+0/2.0/0+1.6 ms cpu, 254->278->155 MB, 275 MB goal, 0 MB stacks, 0 MB globals, 20 P
gc 10817 @294.177s 1%: 2.2+9.2+1.0 ms clock, 45+0/4.3/0.003+20 ms cpu, 287->323->162 MB, 311 MB goal, 0 MB stacks, 0 MB globals, 20 P
gc 10818 @294.203s 1%: 0.020+3.0+0.004 ms clock, 0.41+0.15/1.1/0+0.098 ms cpu, 293->328->162 MB, 325 MB goal, 0 MB stacks, 0 MB globals, 20 P
gc 10819 @294.218s 1%: 0.11+4.2+0.008 ms clock, 2.2+0/1.5/0+0.17 ms cpu, 298->318->146 MB, 325 MB goal, 0 MB stacks, 0 MB globals, 20 P
gc 10820 @294.230s 1%: 0.039+1.1+0.10 ms clock, 0.79+0/1.6/0+2.0 ms cpu, 261->261->148 MB, 292 MB goal, 0 MB stacks, 0 MB globals, 20 P
gc 10821 @294.240s 1%: 0.046+1.7+0.006 ms clock, 0.92+0/1.9/0.001+0.12 ms cpu, 265->269->128 MB, 296 MB goal, 0 MB stacks, 0 MB globals, 20 P
gc 10822 @294.248s 1%: 0.036+0.56+0.13 ms clock, 0.73+0.035/0.72/0+2.7 ms cpu, 221->221->149 MB, 256 MB goal, 0 MB stacks, 0 MB globals, 20 P
gc 10823 @294.261s 1%: 0.16+0.55+1.5 ms clock, 3.3+0.050/0.66/0+31 ms cpu, 263->272->121 MB, 299 MB goal, 0 MB stacks, 0 MB globals, 20 P
gc 10824 @294.268s 1%: 0.29+3.2+0.053 ms clock, 5.9+0/2.4/0+1.0 ms cpu, 220->261->176 MB, 242 MB goal, 0 MB stacks, 0 MB globals, 20 P
gc 10825 @294.286s 1%: 2.8+6.7+0.095 ms clock, 57+0/5.2/0+1.9 ms cpu, 315->356->176 MB, 353 MB goal, 0 MB stacks, 0 MB globals, 20 P
gc 10826 @294.311s 1%: 0.051+1.3+0.005 ms clock, 1.0+0/1.7/0+0.10 ms cpu, 330->330->149 MB, 352 MB goal, 0 MB stacks, 0 MB globals, 20 P
gc 10827 @294.321s 1%: 0.019+4.0+3.0 ms clock, 0.39+0/1.2/0+60 ms cpu, 265->291->163 MB, 300 MB goal, 0 MB stacks, 0 MB globals, 20 P
gc 10828 @294.339s 1%: 0.061+1.7+2.7 ms clock, 1.2+0/0.98/0+54 ms cpu, 285->310->145 MB, 327 MB goal, 0 MB stacks, 0 MB globals, 20 P
gc 10829 @294.354s 1%: 0.040+0.81+0.093 ms clock, 0.81+0/1.1/0+1.8 ms cpu, 250->256->145 MB, 290 MB goal, 0 MB stacks, 0 MB globals, 20 P
gc 10830 @294.362s 1%: 0.037+1.0+0.021 ms clock, 0.74+0/1.3/0+0.43 ms cpu, 270->270->147 MB, 290 MB goal, 0 MB stacks, 0 MB globals, 20 P
gc 10831 @294.373s 1%: 0.020+1.3+0.005 ms clock, 0.41+0.21/0.90/0+0.10 ms cpu, 255->271->139 MB, 294 MB goal, 0 MB stacks, 0 MB globals, 20 P
gc 10832 @294.383s 1%: 0.098+0.68+0.10 ms clock, 1.9+0.093/0.98/0+2.1 ms cpu, 240->240->151 MB, 279 MB goal, 0 MB stacks, 0 MB globals, 20 P
gc 10833 @294.397s 1%: 1.1+0.52+0.003 ms clock, 23+0.028/0.67/0+0.073 ms cpu, 277->279->120 MB, 303 MB goal, 0 MB stacks, 0 MB globals, 20 P
gc 10834 @294.405s 1%: 0.045+1.8+0.020 ms clock, 0.91+0.085/0.66/0+0.41 ms cpu, 222->244->158 MB, 241 MB goal, 0 MB stacks, 0 MB globals, 20 P
gc 10835 @294.424s 1%: 0.19+5.1+3.9 ms clock, 3.8+0/4.2/0+78 ms cpu, 299->320->140 MB, 318 MB goal, 0 MB stacks, 0 MB globals, 20 P
gc 10836 @294.443s 1%: 0.044+0.93+0.012 ms clock, 0.89+0/1.4/0+0.25 ms cpu, 260->260->141 MB, 280 MB goal, 0 MB stacks, 0 MB globals, 20 P
gc 10837 @294.456s 1%: 0.048+13+0.005 ms clock, 0.96+0.007/15/0.44+0.10 ms cpu, 274->303->152 MB, 284 MB goal, 0 MB stacks, 0 MB globals, 20 P
gc 10838 @294.483s 1%: 0.18+2.2+3.0 ms clock, 3.6+0/1.6/0+61 ms cpu, 283->314->152 MB, 305 MB goal, 0 MB stacks, 0 MB globals, 20 P
gc 10839 @294.499s 1%: 0.094+1.7+0.006 ms clock, 1.8+0/1.3/0.001+0.13 ms cpu, 276->289->130 MB, 305 MB goal, 0 MB stacks, 0 MB globals, 20 P
gc 10840 @294.509s 1%: 1.0+0.58+0.084 ms clock, 21+0/0.77/0+1.6 ms cpu, 237->251->166 MB, 260 MB goal, 0 MB stacks, 0 MB globals, 20 P
gc 10841 @294.522s 1%: 0.54+2.9+0.009 ms clock, 10+0/3.2/0+0.19 ms cpu, 308->322->150 MB, 333 MB goal, 0 MB stacks, 0 MB globals, 20 P
gc 10842 @294.537s 1%: 0.019+1.8+0.003 ms clock, 0.39+0/1.2/0+0.066 ms cpu, 291->299->154 MB, 301 MB goal, 0 MB stacks, 0 MB globals, 20 P
gc 10843 @294.549s 1%: 0.48+1.4+0.19 ms clock, 9.6+0/0.90/0+3.8 ms cpu, 279->297->142 MB, 309 MB goal, 0 MB stacks, 0 MB globals, 20 P
gc 10844 @294.560s 1%: 0.034+0.63+0.30 ms clock, 0.68+0/0.89/0+6.0 ms cpu, 272->277->152 MB, 285 MB goal, 0 MB stacks, 0 MB globals, 20 P
gc 10845 @294.575s 1%: 0.022+1.3+0.061 ms clock, 0.44+1.3/0.63/0.11+1.2 ms cpu, 299->299->130 MB, 304 MB goal, 0 MB stacks, 0 MB globals, 20 P
gc 10846 @294.587s 1%: 0.046+1.0+0.40 ms clock, 0.92+0/1.2/0.032+8.1 ms cpu, 253->262->133 MB, 260 MB goal, 0 MB stacks, 0 MB globals, 20 P
gc 10847 @294.597s 1%: 0.54+0.44+0.005 ms clock, 10+0/0.83/0+0.11 ms cpu, 251->254->129 MB, 267 MB goal, 0 MB stacks, 0 MB globals, 20 P
gc 10848 @294.609s 1%: 0.063+0.47+0.083 ms clock, 1.2+0.039/0.60/0+1.6 ms cpu, 255->255->156 MB, 258 MB goal, 0 MB stacks, 0 MB globals, 20 P
gc 10849 @294.623s 1%: 0.53+6.4+0.004 ms clock, 10+0/6.0/0+0.084 ms cpu, 301->333->155 MB, 313 MB goal, 0 MB stacks, 0 MB globals, 20 P
gc 10850 @294.641s 1%: 0.12+1.4+0.029 ms clock, 2.4+0/1.5/0.003+0.59 ms cpu, 280->296->136 MB, 311 MB goal, 0 MB stacks, 0 MB globals, 20 P
gc 10851 @294.654s 1%: 0.91+0.70+0.045 ms clock, 18+0/1.5/0.002+0.91 ms cpu, 242->254->140 MB, 273 MB goal, 0 MB stacks, 0 MB globals, 20 P
gc 10852 @294.668s 1%: 0.17+4.8+2.1 ms clock, 3.5+0/1.4/0+42 ms cpu, 254->282->139 MB, 281 MB goal, 0 MB stacks, 0 MB globals, 20 P
gc 10853 @294.685s 1%: 0.35+1.0+3.7 ms clock, 7.0+0/1.4/0.008+75 ms cpu, 253->269->124 MB, 279 MB goal, 0 MB stacks, 0 MB globals, 20 P
gc 10854 @294.698s 1%: 0.37+0.52+2.0 ms clock, 7.5+0.026/0.68/0+41 ms cpu, 217->226->109 MB, 249 MB goal, 0 MB stacks, 0 MB globals, 20 P
gc 10855 @294.706s 1%: 0.042+1.2+0.080 ms clock, 0.84+0/1.6/0+1.6 ms cpu, 197->210->140 MB, 218 MB goal, 0 MB stacks, 0 MB globals, 20 P
gc 10856 @294.717s 1%: 3.2+2.3+0.088 ms clock, 65+0/2.7/0+1.7 ms cpu, 255->266->126 MB, 281 MB goal, 0 MB stacks, 0 MB globals, 20 P
gc 10857 @294.732s 1%: 0.017+2.8+0.080 ms clock, 0.34+0.070/1.6/0+1.6 ms cpu, 224->249->129 MB, 252 MB goal, 0 MB stacks, 0 MB globals, 20 P
gc 10858 @294.743s 1%: 0.053+0.64+0.013 ms clock, 1.0+0/1.1/0+0.26 ms cpu, 235->237->130 MB, 259 MB goal, 0 MB stacks, 0 MB globals, 20 P
gc 10859 @294.753s 1%: 0.15+1.2+0.016 ms clock, 3.1+0/1.3/0+0.33 ms cpu, 245->264->127 MB, 261 MB goal, 0 MB stacks, 0 MB globals, 20 P
gc 10860 @294.765s 1%: 0.031+0.46+0.006 ms clock, 0.63+0/1.0/0+0.13 ms cpu, 231->231->102 MB, 255 MB goal, 0 MB stacks, 0 MB globals, 20 P
gc 10861 @294.771s 1%: 0.28+2.3+3.1 ms clock, 5.7+0/1.5/0.003+63 ms cpu, 181->216->152 MB, 205 MB goal, 0 MB stacks, 0 MB globals, 20 P
gc 10862 @294.792s 1%: 0.023+2.9+0.13 ms clock, 0.47+2.8/0.66/0+2.6 ms cpu, 273->273->117 MB, 305 MB goal, 0 MB stacks, 0 MB globals, 20 P
gc 10863 @294.801s 1%: 0.034+0.42+0.018 ms clock, 0.69+0/0.78/0+0.37 ms cpu, 203->203->154 MB, 234 MB goal, 0 MB stacks, 0 MB globals, 20 P
gc 10864 @294.811s 1%: 1.8+1.4+0.089 ms clock, 36+0/1.9/0+1.7 ms cpu, 280->290->136 MB, 309 MB goal, 0 MB stacks, 0 MB globals, 20 P
gc 10865 @294.834s 1%: 0.46+1.7+0.013 ms clock, 9.3+0/1.7/0+0.26 ms cpu, 242->266->139 MB, 274 MB goal, 0 MB stacks, 0 MB globals, 20 P
gc 10866 @294.849s 1%: 0.038+1.5+0.006 ms clock, 0.76+0/2.5/0.25+0.13 ms cpu, 269->269->140 MB, 279 MB goal, 0 MB stacks, 0 MB globals, 20 P
gc 10867 @294.861s 1%: 0.045+6.8+0.013 ms clock, 0.90+0/2.4/0.073+0.26 ms cpu, 264->279->147 MB, 280 MB goal, 0 MB stacks, 0 MB globals, 20 P
gc 10868 @294.880s 1%: 0.57+2.4+0.004 ms clock, 11+0/1.1/0.093+0.093 ms cpu, 261->285->139 MB, 295 MB goal, 0 MB stacks, 0 MB globals, 20 P
gc 10869 @294.889s 1%: 0.042+1.5+0.023 ms clock, 0.85+0/1.3/0+0.47 ms cpu, 244->249->139 MB, 278 MB goal, 0 MB stacks, 0 MB globals, 20 P
gc 10870 @294.901s 1%: 0.047+1.1+0.093 ms clock, 0.95+0/1.7/0+1.8 ms cpu, 255->268->155 MB, 280 MB goal, 0 MB stacks, 0 MB globals, 20 P
gc 10871 @294.917s 1%: 0.049+2.5+0.009 ms clock, 0.98+0/2.8/0+0.19 ms cpu, 292->292->137 MB, 310 MB goal, 0 MB stacks, 0 MB globals, 20 P
gc 10872 @294.930s 1%: 0.12+1.3+0.015 ms clock, 2.4+0/1.8/0+0.31 ms cpu, 259->259->145 MB, 274 MB goal, 0 MB stacks, 0 MB globals, 20 P
gc 10873 @294.941s 1%: 0.051+0.84+0.083 ms clock, 1.0+0/1.0/0+1.6 ms cpu, 282->282->141 MB, 291 MB goal, 0 MB stacks, 0 MB globals, 20 P
gc 10874 @294.955s 1%: 0.038+1.7+0.003 ms clock, 0.76+0/1.4/0+0.075 ms cpu, 275->275->130 MB, 283 MB goal, 0 MB stacks, 0 MB globals, 20 P
gc 10875 @294.967s 1%: 0.034+0.54+0.019 ms clock, 0.69+0/0.88/0+0.39 ms cpu, 238->241->141 MB, 260 MB goal, 0 MB stacks, 0 MB globals, 20 P
gc 10876 @294.975s 1%: 0.31+1.8+0.15 ms clock, 6.2+0/2.1/0.084+3.1 ms cpu, 266->295->163 MB, 282 MB goal, 0 MB stacks, 0 MB globals, 20 P
gc 10877 @294.998s 1%: 0.063+1.6+2.7 ms clock, 1.2+0/2.0/0.026+55 ms cpu, 302->310->150 MB, 327 MB goal, 0 MB stacks, 0 MB globals, 20 P
gc 10878 @295.011s 1%: 0.10+3.2+0.059 ms clock, 2.1+0/3.6/0.006+1.1 ms cpu, 281->283->153 MB, 301 MB goal, 0 MB stacks, 0 MB globals, 20 P
gc 10879 @295.024s 1%: 0.041+0.47+0.022 ms clock, 0.82+0/0.82/0+0.44 ms cpu, 278->278->141 MB, 307 MB goal, 0 MB stacks, 0 MB globals, 20 P
gc 10880 @295.033s 1%: 0.064+3.3+0.008 ms clock, 1.2+0/3.7/0+0.17 ms cpu, 253->253->146 MB, 282 MB goal, 0 MB stacks, 0 MB globals, 20 P
gc 10881 @295.047s 1%: 0.040+8.7+2.1 ms clock, 0.80+0/2.9/0+42 ms cpu, 265->317->177 MB, 292 MB goal, 0 MB stacks, 0 MB globals, 20 P
gc 10882 @295.071s 1%: 0.57+1.0+5.9 ms clock, 11+0/2.2/0.39+119 ms cpu, 308->316->134 MB, 355 MB goal, 0 MB stacks, 0 MB globals, 20 P
gc 10883 @295.085s 1%: 0.24+4.7+0.041 ms clock, 4.8+0/5.1/0+0.82 ms cpu, 233->234->160 MB, 269 MB goal, 0 MB stacks, 0 MB globals, 20 P
gc 10884 @295.101s 1%: 0.094+0.95+0.087 ms clock, 1.8+0/1.3/0+1.7 ms cpu, 277->280->148 MB, 320 MB goal, 0 MB stacks, 0 MB globals, 20 P
gc 10885 @295.114s 1%: 0.037+3.1+3.1 ms clock, 0.74+0/3.4/0+62 ms cpu, 256->267->160 MB, 296 MB goal, 0 MB stacks, 0 MB globals, 20 P
gc 10886 @295.127s 1%: 0.047+1.4+0.085 ms clock, 0.94+0/1.7/0+1.7 ms cpu, 286->300->170 MB, 320 MB goal, 0 MB stacks, 0 MB globals, 20 P
gc 10887 @295.147s 1%: 0.020+6.9+0.046 ms clock, 0.41+0.22/6.1/0+0.93 ms cpu, 332->351->145 MB, 342 MB goal, 0 MB stacks, 0 MB globals, 20 P
gc 10888 @295.166s 1%: 0.045+1.1+3.5 ms clock, 0.90+0/1.4/0+70 ms cpu, 279->296->138 MB, 291 MB goal, 0 MB stacks, 0 MB globals, 20 P
gc 10889 @295.179s 1%: 0.033+0.69+0.096 ms clock, 0.66+0/1.0/0+1.9 ms cpu, 271->271->142 MB, 276 MB goal, 0 MB stacks, 0 MB globals, 20 P
gc 10890 @295.191s 1%: 0.040+1.6+0.004 ms clock, 0.80+0/0.77/0+0.080 ms cpu, 276->285->143 MB, 285 MB goal, 0 MB stacks, 0 MB globals, 20 P
gc 10891 @295.202s 1%: 0.16+0.98+1.6 ms clock, 3.3+0/1.4/0.006+32 ms cpu, 271->288->135 MB, 287 MB goal, 0 MB stacks, 0 MB globals, 20 P
gc 10892 @295.215s 1%: 0.087+0.53+0.093 ms clock, 1.7+0.031/0.60/0+1.8 ms cpu, 253->253->150 MB, 271 MB goal, 0 MB stacks, 0 MB globals, 20 P
gc 10893 @295.236s 1%: 0.050+1.5+0.013 ms clock, 1.0+0/2.1/0+0.26 ms cpu, 289->289->145 MB, 302 MB goal, 0 MB stacks, 0 MB globals, 20 P
gc 10894 @295.253s 1%: 0.070+0.49+0.20 ms clock, 1.4+0/0.93/0+4.0 ms cpu, 276->279->113 MB, 291 MB goal, 0 MB stacks, 0 MB globals, 20 P
gc 10895 @295.259s 1%: 0.36+1.5+0.006 ms clock, 7.2+0/2.0/0+0.13 ms cpu, 225->225->133 MB, 226 MB goal, 0 MB stacks, 0 MB globals, 20 P
gc 10896 @295.273s 1%: 0.40+1.2+0.003 ms clock, 8.1+0/1.7/0+0.075 ms cpu, 258->266->130 MB, 267 MB goal, 0 MB stacks, 0 MB globals, 20 P
gc 10897 @295.284s 1%: 0.036+1.2+0.59 ms clock, 0.72+0/0.76/0+11 ms cpu, 252->268->136 MB, 261 MB goal, 0 MB stacks, 0 MB globals, 20 P
gc 10898 @295.294s 1%: 0.038+0.40+0.039 ms clock, 0.76+0.032/0.58/0+0.79 ms cpu, 259->260->149 MB, 273 MB goal, 0 MB stacks, 0 MB globals, 20 P
gc 10899 @295.307s 1%: 0.019+1.3+0.003 ms clock, 0.39+0.12/0.72/0.001+0.070 ms cpu, 285->287->120 MB, 299 MB goal, 0 MB stacks, 0 MB globals, 20 P
gc 10900 @295.317s 1%: 0.049+0.39+0.013 ms clock, 0.99+0.062/0.81/0+0.27 ms cpu, 225->226->133 MB, 240 MB goal, 0 MB stacks, 0 MB globals, 20 P
gc 10901 @295.327s 1%: 1.2+4.5+0.11 ms clock, 25+0/1.8/0+2.2 ms cpu, 260->287->157 MB, 266 MB goal, 0 MB stacks, 0 MB globals, 20 P
gc 10902 @295.347s 1%: 0.084+4.2+0.083 ms clock, 1.6+0/4.6/0+1.6 ms cpu, 313->313->146 MB, 315 MB goal, 0 MB stacks, 0 MB globals, 20 P
gc 10903 @295.363s 1%: 0.39+2.4+0.47 ms clock, 7.9+0/1.3/0+9.5 ms cpu, 271->302->155 MB, 294 MB goal, 0 MB stacks, 0 MB globals, 20 P
gc 10904 @295.378s 1%: 0.20+1.5+0.004 ms clock, 4.1+0/2.0/0+0.086 ms cpu, 285->293->129 MB, 312 MB goal, 0 MB stacks, 0 MB globals, 20 P
gc 10905 @295.385s 1%: 0.036+1.9+0.015 ms clock, 0.73+0/2.4/0+0.30 ms cpu, 235->235->155 MB, 260 MB goal, 0 MB stacks, 0 MB globals, 20 P
gc 10906 @295.398s 1%: 0.32+7.1+0.005 ms clock, 6.4+0/1.6/0+0.10 ms cpu, 283->311->162 MB, 312 MB goal, 0 MB stacks, 0 MB globals, 20 P
gc 10907 @295.417s 1%: 0.019+4.0+0.029 ms clock, 0.39+0.15/1.8/0.001+0.58 ms cpu, 301->339->170 MB, 326 MB goal, 0 MB stacks, 0 MB globals, 20 P
gc 10908 @295.434s 1%: 0.088+1.6+0.026 ms clock, 1.7+0/1.7/0+0.53 ms cpu, 311->331->151 MB, 341 MB goal, 0 MB stacks, 0 MB globals, 20 P
gc 10909 @295.444s 1%: 0.062+0.86+0.020 ms clock, 1.2+0/1.2/0.002+0.40 ms cpu, 267->267->151 MB, 302 MB goal, 0 MB stacks, 0 MB globals, 20 P
gc 10910 @295.455s 1%: 0.019+6.3+4.1 ms clock, 0.39+0/0.88/0.028+82 ms cpu, 272->314->178 MB, 302 MB goal, 0 MB stacks, 0 MB globals, 20 P
gc 10911 @295.479s 1%: 0.37+3.8+3.2 ms clock, 7.5+0/3.4/0+65 ms cpu, 318->342->150 MB, 357 MB goal, 0 MB stacks, 0 MB globals, 20 P
gc 10912 @295.497s 1%: 0.072+3.6+0.011 ms clock, 1.4+0/0.95/0+0.23 ms cpu, 259->280->138 MB, 301 MB goal, 0 MB stacks, 0 MB globals, 20 P
gc 10913 @295.507s 1%: 0.050+0.52+0.10 ms clock, 1.0+0/0.87/0+2.1 ms cpu, 236->236->160 MB, 277 MB goal, 0 MB stacks, 0 MB globals, 20 P
gc 10914 @295.522s 1%: 0.50+4.1+0.12 ms clock, 10+0/4.4/0+2.4 ms cpu, 289->303->147 MB, 322 MB goal, 0 MB stacks, 0 MB globals, 20 P
gc 10915 @295.538s 1%: 1.2+0.64+0.010 ms clock, 24+0/0.82/0+0.20 ms cpu, 253->256->123 MB, 294 MB goal, 0 MB stacks, 0 MB globals, 20 P
gc 10916 @295.545s 1%: 0.032+2.6+0.013 ms clock, 0.65+0/3.2/0+0.27 ms cpu, 212->212->149 MB, 247 MB goal, 0 MB stacks, 0 MB globals, 20 P
gc 10917 @295.558s 1%: 0.34+7.2+3.4 ms clock, 6.9+0/4.5/0+69 ms cpu, 262->297->158 MB, 300 MB goal, 0 MB stacks, 0 MB globals, 20 P
gc 10918 @295.580s 1%: 0.065+2.2+3.9 ms clock, 1.3+0/0.95/0.004+78 ms cpu, 292->318->158 MB, 317 MB goal, 0 MB stacks, 0 MB globals, 20 P
gc 10919 @295.596s 1%: 0.32+0.31+0.002 ms clock, 6.4+0.036/0.84/0+0.059 ms cpu, 281->282->119 MB, 316 MB goal, 0 MB stacks, 0 MB globals, 20 P
gc 10920 @295.602s 1%: 0.73+1.3+0.049 ms clock, 14+0/1.6/0+0.99 ms cpu, 208->222->150 MB, 238 MB goal, 0 MB stacks, 0 MB globals, 20 P
gc 10921 @295.615s 1%: 0.023+2.7+0.13 ms clock, 0.47+0.10/2.3/0+2.7 ms cpu, 266->295->150 MB, 300 MB goal, 0 MB stacks, 0 MB globals, 20 P
gc 10922 @295.633s 1%: 0.094+1.1+0.002 ms clock, 1.8+0/1.4/0.001+0.058 ms cpu, 276->279->126 MB, 301 MB goal, 0 MB stacks, 0 MB globals, 20 P
gc 10923 @295.642s 1%: 1.4+0.69+0.091 ms clock, 28+0.033/0.96/0+1.8 ms cpu, 224->240->140 MB, 252 MB goal, 0 MB stacks, 0 MB globals, 20 P
gc 10924 @295.657s 1%: 0.065+1.3+0.006 ms clock, 1.3+0/1.7/0.002+0.12 ms cpu, 258->260->144 MB, 282 MB goal, 0 MB stacks, 0 MB globals, 20 P
gc 10925 @295.667s 1%: 0.062+9.5+0.040 ms clock, 1.2+0.12/0.78/0+0.81 ms cpu, 264->319->191 MB, 290 MB goal, 0 MB stacks, 0 MB globals, 20 P
gc 10926 @295.691s 1%: 3.9+12+0.080 ms clock, 78+0/6.8/0.001+1.6 ms cpu, 339->397->187 MB, 382 MB goal, 0 MB stacks, 0 MB globals, 20 P
gc 10927 @295.721s 1%: 0.075+0.77+0.024 ms clock, 1.5+0/1.1/0+0.49 ms cpu, 326->326->143 MB, 376 MB goal, 0 MB stacks, 0 MB globals, 20 P
gc 10928 @295.731s 1%: 0.036+1.1+0.069 ms clock, 0.73+0/1.5/0+1.3 ms cpu, 253->266->160 MB, 286 MB goal, 0 MB stacks, 0 MB globals, 20 P
gc 10929 @295.741s 1%: 1.2+0.44+0.13 ms clock, 25+0/0.81/0+2.6 ms cpu, 274->277->130 MB, 322 MB goal, 0 MB stacks, 0 MB globals, 20 P
gc 10930 @295.750s 1%: 1.1+0.70+0.076 ms clock, 22+0/0.79/0+1.5 ms cpu, 222->241->146 MB, 260 MB goal, 0 MB stacks, 0 MB globals, 20 P
gc 10931 @295.759s 1%: 0.050+0.55+0.025 ms clock, 1.0+0/1.1/0.026+0.51 ms cpu, 251->251->146 MB, 292 MB goal, 0 MB stacks, 0 MB globals, 20 P
gc 10932 @295.769s 1%: 0.041+0.89+0.011 ms clock, 0.83+0/1.3/0+0.23 ms cpu, 252->252->149 MB, 293 MB goal, 0 MB stacks, 0 MB globals, 20 P
gc 10933 @295.780s 1%: 0.046+13+0.20 ms clock, 0.92+0/6.9/0+4.1 ms cpu, 264->320->210 MB, 299 MB goal, 0 MB stacks, 0 MB globals, 20 P
gc 10934 @295.808s 1%: 0.92+9.0+0.031 ms clock, 18+0/5.5/0+0.62 ms cpu, 368->398->160 MB, 420 MB goal, 0 MB stacks, 0 MB globals, 20 P
gc 10935 @295.828s 1%: 0.041+2.8+0.092 ms clock, 0.83+0/2.1/0+1.8 ms cpu, 273->290->140 MB, 320 MB goal, 0 MB stacks, 0 MB globals, 20 P
gc 10936 @295.843s 1%: 0.022+1.3+0.068 ms clock, 0.45+0.061/2.0/0.003+1.3 ms cpu, 242->247->118 MB, 280 MB goal, 0 MB stacks, 0 MB globals, 20 P
gc 10937 @295.853s 1%: 0.051+1.5+0.012 ms clock, 1.0+0/2.1/0+0.25 ms cpu, 210->210->142 MB, 237 MB goal, 0 MB stacks, 0 MB globals, 20 P
gc 10938 @295.863s 1%: 0.39+0.46+0.004 ms clock, 7.9+0/1.1/0.002+0.080 ms cpu, 243->243->121 MB, 285 MB goal, 0 MB stacks, 0 MB globals, 20 P
gc 10939 @295.871s 1%: 0.10+0.48+0.079 ms clock, 2.0+0.030/0.63/0+1.5 ms cpu, 218->218->148 MB, 243 MB goal, 0 MB stacks, 0 MB globals, 20 P
gc 10940 @295.879s 1%: 1.0+0.52+0.030 ms clock, 21+0/0.97/0+0.61 ms cpu, 252->266->138 MB, 296 MB goal, 0 MB stacks, 0 MB globals, 20 P
gc 10941 @295.893s 1%: 0.12+5.5+0.87 ms clock, 2.4+0/2.0/0+17 ms cpu, 251->285->147 MB, 277 MB goal, 0 MB stacks, 0 MB globals, 20 P
gc 10942 @295.910s 1%: 0.037+0.35+0.023 ms clock, 0.75+0/0.84/0+0.46 ms cpu, 262->265->139 MB, 294 MB goal, 0 MB stacks, 0 MB globals, 20 P
gc 10943 @295.917s 1%: 1.0+1.9+0.080 ms clock, 21+0/2.2/0.002+1.6 ms cpu, 255->269->145 MB, 280 MB goal, 0 MB stacks, 0 MB globals, 20 P
gc 10944 @295.930s 1%: 0.018+1.5+0.019 ms clock, 0.36+0/1.5/0+0.38 ms cpu, 257->282->147 MB, 290 MB goal, 0 MB stacks, 0 MB globals, 20 P
gc 10945 @295.941s 1%: 0.035+0.48+0.009 ms clock, 0.71+0/1.0/0.023+0.18 ms cpu, 263->263->143 MB, 295 MB goal, 0 MB stacks, 0 MB globals, 20 P
gc 10946 @295.951s 1%: 0.043+3.8+0.004 ms clock, 0.86+0/4.0/0+0.083 ms cpu, 260->269->156 MB, 287 MB goal, 0 MB stacks, 0 MB globals, 20 P
gc 10947 @295.967s 1%: 0.090+0.46+0.085 ms clock, 1.8+0/0.71/0+1.7 ms cpu, 282->282->169 MB, 312 MB goal, 0 MB stacks, 0 MB globals, 20 P
gc 10948 @295.979s 1%: 0.72+8.3+0.014 ms clock, 14+0/6.2/0+0.29 ms cpu, 311->340->169 MB, 340 MB goal, 0 MB stacks, 0 MB globals, 20 P
gc 10949 @296.001s 1%: 1.0+5.2+0.003 ms clock, 21+0/5.4/0+0.079 ms cpu, 325->325->141 MB, 340 MB goal, 0 MB stacks, 0 MB globals, 20 P
gc 10950 @296.019s 1%: 0.056+1.9+0.034 ms clock, 1.1+0.058/0.75/0+0.68 ms cpu, 264->290->167 MB, 283 MB goal, 0 MB stacks, 0 MB globals, 20 P
gc 10951 @296.036s 1%: 1.0+0.58+2.4 ms clock, 21+0/0.89/0+48 ms cpu, 308->323->140 MB, 335 MB goal, 0 MB stacks, 0 MB globals, 20 P
gc 10952 @296.047s 1%: 0.15+0.46+0.024 ms clock, 3.0+0/1.0/0.003+0.48 ms cpu, 251->251->144 MB, 280 MB goal, 0 MB stacks, 0 MB globals, 20 P
gc 10953 @296.058s 1%: 0.044+1.2+0.039 ms clock, 0.89+0/1.6/0.008+0.79 ms cpu, 265->278->161 MB, 288 MB goal, 0 MB stacks, 0 MB globals, 20 P
gc 10954 @296.074s 1%: 0.28+1.8+0.31 ms clock, 5.7+0/1.4/0+6.2 ms cpu, 294->311->129 MB, 323 MB goal, 0 MB stacks, 0 MB globals, 20 P
gc 10955 @296.081s 1%: 1.0+1.5+0.023 ms clock, 20+0/1.7/0+0.47 ms cpu, 240->265->163 MB, 259 MB goal, 0 MB stacks, 0 MB globals, 20 P
gc 10956 @296.096s 1%: 2.5+6.0+0.009 ms clock, 51+0/6.3/0+0.18 ms cpu, 305->317->146 MB, 328 MB goal, 0 MB stacks, 0 MB globals, 20 P
gc 10957 @296.115s 1%: 1.9+1.0+0.022 ms clock, 39+0/1.4/0+0.44 ms cpu, 273->286->139 MB, 293 MB goal, 0 MB stacks, 0 MB globals, 20 P
gc 10958 @296.129s 1%: 1.4+7.6+1.1 ms clock, 28+0/2.7/0+23 ms cpu, 257->294->156 MB, 279 MB goal, 0 MB stacks, 0 MB globals, 20 P
gc 10959 @296.152s 1%: 0.039+1.6+0.49 ms clock, 0.78+0/1.6/0+9.9 ms cpu, 278->294->131 MB, 312 MB goal, 0 MB stacks, 0 MB globals, 20 P
gc 10960 @296.160s 1%: 0.036+1.5+0.009 ms clock, 0.73+0/2.0/0+0.19 ms cpu, 236->236->151 MB, 263 MB goal, 0 MB stacks, 0 MB globals, 20 P
gc 10961 @296.171s 1%: 0.38+3.8+2.8 ms clock, 7.7+0/1.9/0+57 ms cpu, 268->306->165 MB, 302 MB goal, 0 MB stacks, 0 MB globals, 20 P
gc 10962 @296.191s 1%: 0.44+11+2.8 ms clock, 8.9+0/2.1/0.001+57 ms cpu, 300->351->177 MB, 332 MB goal, 0 MB stacks, 0 MB globals, 20 P
gc 10963 @296.217s 1%: 0.026+2.0+0.96 ms clock, 0.53+0.12/1.4/0+19 ms cpu, 311->349->167 MB, 355 MB goal, 0 MB stacks, 0 MB globals, 20 P
gc 10964 @296.231s 1%: 0.046+3.3+0.005 ms clock, 0.93+0/3.7/0+0.11 ms cpu, 285->290->158 MB, 335 MB goal, 0 MB stacks, 0 MB globals, 20 P
gc 10965 @296.241s 1%: 0.92+0.44+0.17 ms clock, 18+0/0.85/0+3.5 ms cpu, 271->286->143 MB, 316 MB goal, 0 MB stacks, 0 MB globals, 20 P
gc 10966 @296.255s 1%: 0.11+1.0+0.019 ms clock, 2.3+0.029/0.92/0+0.38 ms cpu, 246->254->131 MB, 287 MB goal, 0 MB stacks, 0 MB globals, 20 P
gc 10967 @296.263s 1%: 0.032+6.1+0.024 ms clock, 0.65+0/6.4/0+0.48 ms cpu, 236->259->147 MB, 262 MB goal, 0 MB stacks, 0 MB globals, 20 P
gc 10968 @296.278s 1%: 0.037+4.5+4.7 ms clock, 0.75+0.005/4.5/0+94 ms cpu, 262->291->170 MB, 294 MB goal, 0 MB stacks, 0 MB globals, 20 P
gc 10969 @296.303s 1%: 1.8+0.93+0.009 ms clock, 36+0/0.92/0+0.19 ms cpu, 315->333->135 MB, 342 MB goal, 0 MB stacks, 0 MB globals, 20 P
gc 10970 @296.317s 1%: 0.019+0.78+0.011 ms clock, 0.38+0/1.3/0+0.22 ms cpu, 244->245->113 MB, 270 MB goal, 0 MB stacks, 0 MB globals, 20 P
gc 10971 @296.322s 1%: 0.045+1.1+0.10 ms clock, 0.91+0/1.6/0+2.0 ms cpu, 204->204->140 MB, 226 MB goal, 0 MB stacks, 0 MB globals, 20 P
gc 10972 @296.333s 1%: 0.021+7.1+0.060 ms clock, 0.43+0.11/2.5/0+1.2 ms cpu, 261->301->156 MB, 280 MB goal, 0 MB stacks, 0 MB globals, 20 P
gc 10973 @296.351s 1%: 0.85+0.52+0.006 ms clock, 17+0/0.82/0+0.13 ms cpu, 273->275->119 MB, 312 MB goal, 0 MB stacks, 0 MB globals, 20 P
gc 10974 @296.356s 1%: 1.4+3.8+0.025 ms clock, 29+0/4.2/0+0.50 ms cpu, 207->222->149 MB, 240 MB goal, 0 MB stacks, 0 MB globals, 20 P
gc 10975 @296.374s 1%: 0.021+1.2+0.003 ms clock, 0.42+0.11/1.6/0+0.065 ms cpu, 261->269->134 MB, 299 MB goal, 0 MB stacks, 0 MB globals, 20 P
gc 10976 @296.384s 1%: 0.018+0.45+0.048 ms clock, 0.37+0.026/0.77/0+0.97 ms cpu, 230->232->115 MB, 269 MB goal, 0 MB stacks, 0 MB globals, 20 P
gc 10977 @296.390s 1%: 0.047+8.3+0.016 ms clock, 0.94+0/5.3/0+0.33 ms cpu, 216->255->180 MB, 231 MB goal, 0 MB stacks, 0 MB globals, 20 P
gc 10978 @296.420s 1%: 0.10+3.1+0.007 ms clock, 2.0+0/3.4/0+0.15 ms cpu, 338->338->146 MB, 361 MB goal, 0 MB stacks, 0 MB globals, 20 P
gc 10979 @296.432s 1%: 0.046+1.8+0.008 ms clock, 0.93+0/2.0/0+0.17 ms cpu, 261->261->154 MB, 293 MB goal, 0 MB stacks, 0 MB globals, 20 P
gc 10980 @296.444s 1%: 0.039+0.63+0.077 ms clock, 0.79+0/0.99/0.020+1.5 ms cpu, 279->284->146 MB, 308 MB goal, 0 MB stacks, 0 MB globals, 20 P
gc 10981 @296.454s 1%: 0.045+1.1+0.007 ms clock, 0.91+0/1.4/0+0.15 ms cpu, 262->262->149 MB, 292 MB goal, 0 MB stacks, 0 MB globals, 20 P
gc 10982 @296.466s 1%: 0.17+1.2+0.003 ms clock, 3.5+0/1.6/0.013+0.072 ms cpu, 268->271->128 MB, 299 MB goal, 0 MB stacks, 0 MB globals, 20 P
gc 10983 @296.477s 1%: 0.98+1.0+0.079 ms clock, 19+0/1.4/0+1.5 ms cpu, 221->240->145 MB, 257 MB goal, 0 MB stacks, 0 MB globals, 20 P
gc 10984 @296.491s 1%: 0.064+0.97+0.35 ms clock, 1.2+0/1.3/0+7.0 ms cpu, 252->257->148 MB, 291 MB goal, 0 MB stacks, 0 MB globals, 20 P
gc 10985 @296.501s 1%: 0.046+1.1+0.009 ms clock, 0.93+0/1.7/0.23+0.18 ms cpu, 266->266->151 MB, 298 MB goal, 0 MB stacks, 0 MB globals, 20 P
gc 10986 @296.513s 1%: 0.11+11+1.0 ms clock, 2.2+0/5.7/0+21 ms cpu, 276->334->187 MB, 303 MB goal, 0 MB stacks, 0 MB globals, 20 P
gc 10987 @296.540s 1%: 0.96+6.6+0.047 ms clock, 19+0/2.4/0.048+0.95 ms cpu, 326->368->175 MB, 374 MB goal, 0 MB stacks, 0 MB globals, 20 P
gc 10988 @296.559s 1%: 0.24+4.1+0.005 ms clock, 4.9+0/1.5/0+0.10 ms cpu, 300->324->153 MB, 351 MB goal, 0 MB stacks, 0 MB globals, 20 P
gc 10989 @296.573s 1%: 0.040+1.1+0.011 ms clock, 0.80+0/1.4/0+0.23 ms cpu, 268->268->149 MB, 307 MB goal, 0 MB stacks, 0 MB globals, 20 P
gc 10990 @296.584s 1%: 0.27+0.49+0.018 ms clock, 5.5+0.057/0.89/0+0.36 ms cpu, 254->255->126 MB, 298 MB goal, 0 MB stacks, 0 MB globals, 20 P
gc 10991 @296.592s 1%: 0.070+0.67+0.14 ms clock, 1.4+0.025/0.72/0+2.9 ms cpu, 215->233->142 MB, 252 MB goal, 0 MB stacks, 0 MB globals, 20 P
gc 10992 @296.604s 1%: 0.48+0.45+0.006 ms clock, 9.6+0/1.0/0+0.13 ms cpu, 243->243->112 MB, 285 MB goal, 0 MB stacks, 0 MB globals, 20 P
gc 10993 @296.609s 1%: 0.018+1.6+0.004 ms clock, 0.36+0.20/1.7/0+0.081 ms cpu, 193->205->141 MB, 226 MB goal, 0 MB stacks, 0 MB globals, 20 P
gc 10994 @296.621s 1%: 1.0+7.5+0.003 ms clock, 21+0/3.8/0+0.074 ms cpu, 246->266->140 MB, 283 MB goal, 0 MB stacks, 0 MB globals, 20 P
gc 10995 @296.639s 1%: 0.016+7.9+2.6 ms clock, 0.33+0/3.7/0.012+52 ms cpu, 259->311->167 MB, 282 MB goal, 0 MB stacks, 0 MB globals, 20 P
gc 10996 @296.661s 1%: 0.016+1.9+0.004 ms clock, 0.32+0.13/0.86/0+0.082 ms cpu, 285->310->136 MB, 334 MB goal, 0 MB stacks, 0 MB globals, 20 P
gc 10997 @296.672s 1%: 0.020+1.6+0.002 ms clock, 0.40+0/2.2/0+0.058 ms cpu, 246->253->128 MB, 272 MB goal, 0 MB stacks, 0 MB globals, 20 P
gc 10998 @296.680s 1%: 0.017+2.6+0.089 ms clock, 0.35+0.046/2.9/0.017+1.7 ms cpu, 219->244->147 MB, 257 MB goal, 0 MB stacks, 0 MB globals, 20 P
gc 10999 @296.691s 1%: 0.040+0.80+0.026 ms clock, 0.80+0/1.1/0+0.52 ms cpu, 255->255->143 MB, 294 MB goal, 0 MB stacks, 0 MB globals, 20 P
gc 11000 @296.700s 1%: 0.037+3.2+0.003 ms clock, 0.75+0/3.5/0+0.075 ms cpu, 254->258->150 MB, 286 MB goal, 0 MB stacks, 0 MB globals, 20 P
gc 11001 @296.710s 1%: 0.028+6.0+0.069 ms clock, 0.56+0/6.2/0+1.3 ms cpu, 267->294->180 MB, 302 MB goal, 0 MB stacks, 0 MB globals, 20 P
gc 11002 @296.736s 1%: 1.9+7.1+3.5 ms clock, 39+0/3.5/0+70 ms cpu, 340->373->160 MB, 361 MB goal, 0 MB stacks, 0 MB globals, 20 P
gc 11003 @296.761s 1%: 0.76+1.3+0.006 ms clock, 15+0/1.0/0+0.12 ms cpu, 290->305->139 MB, 321 MB goal, 0 MB stacks, 0 MB globals, 20 P
gc 11004 @296.771s 1%: 0.036+0.41+0.013 ms clock, 0.73+0/0.79/0.001+0.26 ms cpu, 252->252->172 MB, 278 MB goal, 0 MB stacks, 0 MB globals, 20 P
gc 11005 @296.786s 1%: 1.0+5.4+0.019 ms clock, 21+0/4.3/0.007+0.39 ms cpu, 314->358->169 MB, 345 MB goal, 0 MB stacks, 0 MB globals, 20 P
gc 11006 @296.804s 1%: 0.12+1.2+0.68 ms clock, 2.4+0/1.3/0+13 ms cpu, 295->312->138 MB, 338 MB goal, 0 MB stacks, 0 MB globals, 20 P
gc 11007 @296.812s 1%: 0.038+0.60+0.076 ms clock, 0.77+0.023/0.97/0+1.5 ms cpu, 237->239->140 MB, 276 MB goal, 0 MB stacks, 0 MB globals, 20 P
gc 11008 @296.824s 1%: 0.054+0.60+0.028 ms clock, 1.0+0/1.0/0+0.57 ms cpu, 249->249->142 MB, 281 MB goal, 0 MB stacks, 0 MB globals, 20 P
gc 11009 @296.832s 1%: 0.041+0.64+0.011 ms clock, 0.82+0/1.3/0+0.22 ms cpu, 246->246->144 MB, 285 MB goal, 0 MB stacks, 0 MB globals, 20 P
gc 11010 @296.842s 1%: 0.53+3.1+0.086 ms clock, 10+0/3.4/0+1.7 ms cpu, 254->268->151 MB, 289 MB goal, 0 MB stacks, 0 MB globals, 20 P
gc 11011 @296.857s 1%: 0.020+2.3+0.003 ms clock, 0.41+0.18/2.6/0.005+0.072 ms cpu, 266->276->138 MB, 302 MB goal, 0 MB stacks, 0 MB globals, 20 P
gc 11012 @296.870s 1%: 0.29+1.6+1.2 ms clock, 5.9+0/1.1/0.028+24 ms cpu, 240->258->132 MB, 278 MB goal, 0 MB stacks, 0 MB globals, 20 P
gc 11013 @296.880s 1%: 0.040+0.52+0.082 ms clock, 0.80+0/0.73/0+1.6 ms cpu, 252->252->163 MB, 265 MB goal, 0 MB stacks, 0 MB globals, 20 P
gc 11014 @296.899s 1%: 0.020+6.7+0.004 ms clock, 0.41+0.078/0.63/0+0.098 ms cpu, 320->343->157 MB, 327 MB goal, 0 MB stacks, 0 MB globals, 20 P
gc 11015 @296.917s 1%: 0.16+0.47+0.003 ms clock, 3.2+0.026/0.64/0+0.073 ms cpu, 293->295->119 MB, 315 MB goal, 0 MB stacks, 0 MB globals, 20 P
gc 11016 @296.924s 1%: 0.75+0.52+0.099 ms clock, 15+0.029/0.99/0.004+1.9 ms cpu, 217->235->140 MB, 240 MB goal, 0 MB stacks, 0 MB globals, 20 P
gc 11017 @296.934s 1%: 0.036+0.66+0.025 ms clock, 0.72+0/1.4/0+0.51 ms cpu, 260->260->142 MB, 282 MB goal, 0 MB stacks, 0 MB globals, 20 P
gc 11018 @296.944s 1%: 0.042+1.2+0.051 ms clock, 0.84+0/1.6/0.002+1.0 ms cpu, 266->266->149 MB, 286 MB goal, 0 MB stacks, 0 MB globals, 20 P
gc 11019 @296.954s 1%: 0.16+4.7+0.083 ms clock, 3.3+0/3.9/0+1.6 ms cpu, 278->303->155 MB, 299 MB goal, 0 MB stacks, 0 MB globals, 20 P
gc 11020 @296.973s 1%: 0.063+1.4+1.6 ms clock, 1.2+0/1.0/0+33 ms cpu, 288->306->142 MB, 311 MB goal, 0 MB stacks, 0 MB globals, 20 P
gc 11021 @296.987s 1%: 1.6+2.3+0.003 ms clock, 33+0/2.3/0+0.075 ms cpu, 262->278->134 MB, 285 MB goal, 0 MB stacks, 0 MB globals, 20 P
gc 11022 @296.999s 1%: 0.071+0.46+0.080 ms clock, 1.4+0.035/0.69/0+1.6 ms cpu, 243->244->151 MB, 268 MB goal, 0 MB stacks, 0 MB globals, 20 P
gc 11023 @297.010s 1%: 0.042+3.3+0.007 ms clock, 0.84+0/3.5/0+0.15 ms cpu, 285->285->146 MB, 304 MB goal, 0 MB stacks, 0 MB globals, 20 P
gc 11024 @297.022s 1%: 0.074+7.2+0.082 ms clock, 1.4+0/6.3/0+1.6 ms cpu, 277->323->169 MB, 293 MB goal, 0 MB stacks, 0 MB globals, 20 P
gc 11025 @297.043s 1%: 0.066+3.3+1.1 ms clock, 1.3+0/1.8/0+23 ms cpu, 294->320->150 MB, 340 MB goal, 0 MB stacks, 0 MB globals, 20 P
gc 11026 @297.057s 1%: 0.021+1.0+0.13 ms clock, 0.42+0/0.96/0.002+2.6 ms cpu, 258->262->132 MB, 301 MB goal, 0 MB stacks, 0 MB globals, 20 P
gc 11027 @297.064s 1%: 0.37+2.5+0.13 ms clock, 7.4+0/1.9/0+2.6 ms cpu, 232->255->157 MB, 265 MB goal, 0 MB stacks, 0 MB globals, 20 P
gc 11028 @297.080s 1%: 1.7+0.57+0.004 ms clock, 35+0/0.88/0+0.088 ms cpu, 271->273->127 MB, 315 MB goal, 0 MB stacks, 0 MB globals, 20 P
gc 11029 @297.090s 1%: 0.038+0.64+0.089 ms clock, 0.77+0/0.83/0.015+1.7 ms cpu, 227->230->142 MB, 255 MB goal, 0 MB stacks, 0 MB globals, 20 P
gc 11030 @297.101s 1%: 0.046+1.2+0.012 ms clock, 0.92+0/1.7/0+0.24 ms cpu, 265->265->145 MB, 284 MB goal, 0 MB stacks, 0 MB globals, 20 P
gc 11031 @297.118s 1%: 0.045+0.53+0.082 ms clock, 0.91+0/0.84/0+1.6 ms cpu, 273->273->162 MB, 291 MB goal, 0 MB stacks, 0 MB globals, 20 P
gc 11032 @297.133s 1%: 0.57+5.6+0.083 ms clock, 11+0/6.0/0+1.6 ms cpu, 304->348->179 MB, 325 MB goal, 0 MB stacks, 0 MB globals, 20 P
gc 11033 @297.159s 1%: 0.081+2.6+0.017 ms clock, 1.6+0/3.3/0.021+0.35 ms cpu, 322->322->148 MB, 359 MB goal, 0 MB stacks, 0 MB globals, 20 P
gc 11034 @297.173s 1%: 0.030+1.7+0.007 ms clock, 0.60+0/2.4/0.026+0.14 ms cpu, 253->261->130 MB, 297 MB goal, 0 MB stacks, 0 MB globals, 20 P
gc 11035 @297.182s 1%: 0.037+1.5+0.006 ms clock, 0.75+0/1.9/0.015+0.12 ms cpu, 230->230->155 MB, 262 MB goal, 0 MB stacks, 0 MB globals, 20 P
gc 11036 @297.193s 1%: 1.0+0.90+0.007 ms clock, 20+0/1.4/0+0.14 ms cpu, 272->272->132 MB, 312 MB goal, 0 MB stacks, 0 MB globals, 20 P
gc 11037 @297.207s 1%: 0.043+0.60+0.017 ms clock, 0.87+0/1.0/0+0.35 ms cpu, 227->230->147 MB, 265 MB goal, 0 MB stacks, 0 MB globals, 20 P
gc 11038 @297.215s 1%: 0.017+3.4+0.006 ms clock, 0.35+0.15/0.74/0+0.13 ms cpu, 254->263->156 MB, 295 MB goal, 0 MB stacks, 0 MB globals, 20 P
gc 11039 @297.225s 1%: 0.056+2.2+0.012 ms clock, 1.1+0/2.5/0.003+0.25 ms cpu, 272->272->154 MB, 314 MB goal, 0 MB stacks, 0 MB globals, 20 P
gc 11040 @297.238s 1%: 5.5+0.41+0.013 ms clock, 110+0/0.77/0+0.27 ms cpu, 265->269->130 MB, 309 MB goal, 0 MB stacks, 0 MB globals, 20 P
gc 11041 @297.255s 1%: 0.42+1.5+0.006 ms clock, 8.5+0/1.9/0+0.12 ms cpu, 256->256->135 MB, 261 MB goal, 0 MB stacks, 0 MB globals, 20 P
gc 11042 @297.269s 1%: 0.046+1.1+0.003 ms clock, 0.93+0/1.7/0+0.067 ms cpu, 274->274->126 MB, 274 MB goal, 0 MB stacks, 0 MB globals, 20 P
gc 11043 @297.278s 1%: 0.086+0.67+0.23 ms clock, 1.7+0.020/0.71/0+4.7 ms cpu, 247->253->146 MB, 254 MB goal, 0 MB stacks, 0 MB globals, 20 P
gc 11044 @297.293s 1%: 0.022+0.74+0.002 ms clock, 0.44+0.23/1.1/0.009+0.059 ms cpu, 286->286->124 MB, 294 MB goal, 0 MB stacks, 0 MB globals, 20 P
gc 11045 @297.304s 1%: 0.037+0.79+0.003 ms clock, 0.75+0/1.0/0.006+0.071 ms cpu, 242->246->115 MB, 249 MB goal, 0 MB stacks, 0 MB globals, 20 P
gc 11046 @297.311s 1%: 1.3+1.1+0.16 ms clock, 26+0/1.4/0+3.3 ms cpu, 227->227->134 MB, 231 MB goal, 0 MB stacks, 0 MB globals, 20 P
gc 11047 @297.327s 1%: 0.018+3.4+0.004 ms clock, 0.37+0/4.0/0+0.080 ms cpu, 275->275->127 MB, 275 MB goal, 0 MB stacks, 0 MB globals, 20 P
gc 11048 @297.341s 1%: 0.040+1.0+0.013 ms clock, 0.80+0/0.98/0.011+0.27 ms cpu, 248->254->149 MB, 254 MB goal, 0 MB stacks, 0 MB globals, 20 P
gc 11049 @297.355s 1%: 0.020+9.5+0.005 ms clock, 0.41+0.010/0.73/0+0.10 ms cpu, 297->335->179 MB, 298 MB goal, 0 MB stacks, 0 MB globals, 20 P
gc 11050 @297.377s 1%: 0.023+4.1+6.7 ms clock, 0.47+0.10/1.9/0.12+134 ms cpu, 325->358->161 MB, 359 MB goal, 0 MB stacks, 0 MB globals, 20 P
gc 11051 @297.401s 1%: 0.022+6.2+0.005 ms clock, 0.45+0.16/3.8/0+0.11 ms cpu, 290->323->156 MB, 323 MB goal, 0 MB stacks, 0 MB globals, 20 P
gc 11052 @297.419s 1%: 0.092+1.2+0.65 ms clock, 1.8+0/1.4/0+13 ms cpu, 276->291->137 MB, 312 MB goal, 0 MB stacks, 0 MB globals, 20 P
gc 11053 @297.427s 1%: 0.030+0.44+0.030 ms clock, 0.60+0/0.70/0+0.60 ms cpu, 244->244->166 MB, 275 MB goal, 0 MB stacks, 0 MB globals, 20 P
gc 11054 @297.438s 1%: 0.043+1.2+0.014 ms clock, 0.86+0/1.6/0+0.29 ms cpu, 304->304->146 MB, 334 MB goal, 0 MB stacks, 0 MB globals, 20 P
gc 11055 @297.450s 1%: 0.020+2.5+0.006 ms clock, 0.40+0/1.5/0.007+0.12 ms cpu, 258->284->152 MB, 292 MB goal, 0 MB stacks, 0 MB globals, 20 P
gc 11056 @297.463s 1%: 0.062+2.8+0.020 ms clock, 1.2+0/1.6/0+0.41 ms cpu, 280->319->164 MB, 304 MB goal, 0 MB stacks, 0 MB globals, 20 P
gc 11057 @297.483s 1%: 0.027+1.3+0.005 ms clock, 0.54+1.1/1.0/0.001+0.10 ms cpu, 295->295->123 MB, 329 MB goal, 0 MB stacks, 0 MB globals, 20 P
gc 11058 @297.492s 1%: 0.032+0.54+0.088 ms clock, 0.65+0/0.79/0+1.7 ms cpu, 219->219->164 MB, 246 MB goal, 0 MB stacks, 0 MB globals, 20 P
gc 11059 @297.502s 1%: 0.048+0.83+0.19 ms clock, 0.97+0/1.1/0+3.9 ms cpu, 297->297->143 MB, 330 MB goal, 0 MB stacks, 0 MB globals, 20 P
gc 11060 @297.516s 1%: 0.14+2.5+0.25 ms clock, 2.9+0/1.4/0.005+5.1 ms cpu, 256->278->141 MB, 286 MB goal, 0 MB stacks, 0 MB globals, 20 P
gc 11061 @297.528s 1%: 0.048+0.32+0.015 ms clock, 0.96+0.096/0.77/0+0.30 ms cpu, 244->245->139 MB, 284 MB goal, 0 MB stacks, 0 MB globals, 20 P
gc 11062 @297.535s 1%: 0.91+0.52+0.017 ms clock, 18+0/0.92/0+0.34 ms cpu, 242->242->131 MB, 278 MB goal, 0 MB stacks, 0 MB globals, 20 P
gc 11063 @297.544s 1%: 0.037+0.62+0.23 ms clock, 0.74+0/1.1/0+4.7 ms cpu, 225->228->147 MB, 262 MB goal, 0 MB stacks, 0 MB globals, 20 P
gc 11064 @297.558s 1%: 0.43+5.7+3.5 ms clock, 8.7+0/1.9/0.027+70 ms cpu, 257->289->154 MB, 295 MB goal, 0 MB stacks, 0 MB globals, 20 P
gc 11065 @297.576s 1%: 0.052+0.70+0.017 ms clock, 1.0+0/0.93/0+0.34 ms cpu, 271->275->147 MB, 309 MB goal, 0 MB stacks, 0 MB globals, 20 P
gc 11066 @297.588s 1%: 0.54+0.43+0.027 ms clock, 10+0/0.83/0.021+0.54 ms cpu, 263->266->121 MB, 295 MB goal, 0 MB stacks, 0 MB globals, 20 P
gc 11067 @297.594s 1%: 0.041+3.2+0.007 ms clock, 0.82+0/3.6/0+0.15 ms cpu, 230->230->153 MB, 243 MB goal, 0 MB stacks, 0 MB globals, 20 P
gc 11068 @297.608s 1%: 0.77+8.0+0.016 ms clock, 15+0/5.7/0+0.32 ms cpu, 281->307->155 MB, 306 MB goal, 0 MB stacks, 0 MB globals, 20 P
gc 11069 @297.628s 1%: 0.044+1.3+0.004 ms clock, 0.89+0/1.5/0.001+0.086 ms cpu, 285->295->133 MB, 312 MB goal, 0 MB stacks, 0 MB globals, 20 P
gc 11070 @297.636s 1%: 0.033+0.41+0.087 ms clock, 0.66+0.033/0.68/0+1.7 ms cpu, 239->239->153 MB, 268 MB goal, 0 MB stacks, 0 MB globals, 20 P
gc 11071 @297.647s 1%: 0.035+1.1+0.084 ms clock, 0.71+0/1.3/0+1.6 ms cpu, 296->296->151 MB, 307 MB goal, 0 MB stacks, 0 MB globals, 20 P
gc 11072 @297.660s 1%: 0.35+2.0+3.2 ms clock, 7.0+0/1.3/0+65 ms cpu, 283->306->152 MB, 302 MB goal, 0 MB stacks, 0 MB globals, 20 P
gc 11073 @297.676s 1%: 0.75+1.1+1.0 ms clock, 15+0/1.4/0+20 ms cpu, 283->302->144 MB, 306 MB goal, 0 MB stacks, 0 MB globals, 20 P
gc 11074 @297.690s 1%: 0.43+0.52+0.012 ms clock, 8.6+0.030/0.77/0+0.24 ms cpu, 264->273->125 MB, 289 MB goal, 0 MB stacks, 0 MB globals, 20 P
gc 11075 @297.698s 1%: 0.17+0.49+0.11 ms clock, 3.4+0/0.72/0+2.2 ms cpu, 242->242->153 MB, 251 MB goal, 0 MB stacks, 0 MB globals, 20 P
gc 11076 @297.711s 1%: 0.037+2.1+2.9 ms clock, 0.75+0/2.2/0+59 ms cpu, 290->298->150 MB, 306 MB goal, 0 MB stacks, 0 MB globals, 20 P
gc 11077 @297.726s 1%: 0.55+2.1+0.008 ms clock, 11+0/1.0/0+0.16 ms cpu, 280->297->144 MB, 301 MB goal, 0 MB stacks, 0 MB globals, 20 P
gc 11078 @297.738s 1%: 0.037+1.2+0.007 ms clock, 0.75+0/1.5/0+0.14 ms cpu, 277->277->149 MB, 289 MB goal, 0 MB stacks, 0 MB globals, 20 P
gc 11079 @297.749s 1%: 0.044+0.94+0.008 ms clock, 0.89+0/1.4/0+0.16 ms cpu, 287->287->142 MB, 300 MB goal, 0 MB stacks, 0 MB globals, 20 P
gc 11080 @297.759s 1%: 0.16+0.58+0.003 ms clock, 3.3+0/1.0/0+0.077 ms cpu, 262->262->124 MB, 284 MB goal, 0 MB stacks, 0 MB globals, 20 P
gc 11081 @297.768s 1%: 0.038+0.60+0.017 ms clock, 0.76+0/1.0/0+0.34 ms cpu, 229->229->141 MB, 248 MB goal, 0 MB stacks, 0 MB globals, 20 P
gc 11082 @297.781s 1%: 0.050+1.8+3.5 ms clock, 1.0+0.026/0.77/0+71 ms cpu, 267->291->152 MB, 283 MB goal, 0 MB stacks, 0 MB globals, 20 P
gc 11083 @297.798s 1%: 0.11+4.7+2.8 ms clock, 2.2+0.047/0.79/0+57 ms cpu, 288->319->150 MB, 305 MB goal, 0 MB stacks, 0 MB globals, 20 P
gc 11084 @297.816s 1%: 0.034+0.66+0.014 ms clock, 0.68+0/0.84/0.014+0.29 ms cpu, 270->273->138 MB, 300 MB goal, 0 MB stacks, 0 MB globals, 20 P
gc 11085 @297.823s 1%: 0.12+7.5+0.010 ms clock, 2.4+0.18/6.1/0+0.21 ms cpu, 258->285->159 MB, 276 MB goal, 0 MB stacks, 0 MB globals, 20 P
gc 11086 @297.843s 1%: 0.021+6.6+3.0 ms clock, 0.43+0.19/3.3/0+61 ms cpu, 292->330->169 MB, 319 MB goal, 0 MB stacks, 0 MB globals, 20 P
gc 11087 @297.865s 1%: 0.12+1.9+0.003 ms clock, 2.4+0/1.3/0+0.065 ms cpu, 303->326->152 MB, 339 MB goal, 0 MB stacks, 0 MB globals, 20 P
gc 11088 @297.878s 1%: 0.26+2.7+0.47 ms clock, 5.3+0/0.88/0.011+9.5 ms cpu, 270->299->151 MB, 305 MB goal, 0 MB stacks, 0 MB globals, 20 P
gc 11089 @297.890s 1%: 0.036+0.54+0.010 ms clock, 0.72+0.031/0.84/0+0.21 ms cpu, 264->267->144 MB, 303 MB goal, 0 MB stacks, 0 MB globals, 20 P
gc 11090 @297.897s 1%: 0.18+3.1+0.058 ms clock, 3.7+0/2.7/0+1.1 ms cpu, 254->289->170 MB, 288 MB goal, 0 MB stacks, 0 MB globals, 20 P
gc 11091 @297.911s 1%: 0.039+7.0+0.013 ms clock, 0.78+0/2.4/0+0.27 ms cpu, 303->338->165 MB, 341 MB goal, 0 MB stacks, 0 MB globals, 20 P
gc 11092 @297.929s 1%: 0.50+0.98+0.048 ms clock, 10+0/1.4/0+0.97 ms cpu, 305->319->145 MB, 331 MB goal, 0 MB stacks, 0 MB globals, 20 P
gc 11093 @297.943s 1%: 0.036+0.75+0.027 ms clock, 0.73+0/0.89/0+0.55 ms cpu, 259->263->133 MB, 290 MB goal, 0 MB stacks, 0 MB globals, 20 P
gc 11094 @297.952s 1%: 0.10+0.63+0.009 ms clock, 2.0+0/1.0/0+0.18 ms cpu, 238->238->136 MB, 268 MB goal, 0 MB stacks, 0 MB globals, 20 P
gc 11095 @297.962s 1%: 0.95+3.8+0.82 ms clock, 19+0/1.2/0+16 ms cpu, 237->258->131 MB, 272 MB goal, 0 MB stacks, 0 MB globals, 20 P
gc 11096 @297.977s 1%: 0.033+0.49+0.009 ms clock, 0.67+0/0.83/0.001+0.18 ms cpu, 229->231->133 MB, 264 MB goal, 0 MB stacks, 0 MB globals, 20 P
gc 11097 @297.984s 1%: 0.098+0.99+0.092 ms clock, 1.9+0/1.4/0+1.8 ms cpu, 248->248->137 MB, 266 MB goal, 0 MB stacks, 0 MB globals, 20 P
gc 11098 @297.998s 1%: 0.13+3.9+2.0 ms clock, 2.6+0/1.5/0.015+41 ms cpu, 246->283->153 MB, 276 MB goal, 0 MB stacks, 0 MB globals, 20 P
gc 11099 @298.016s 1%: 0.12+1.1+1.5 ms clock, 2.4+0/1.0/0+31 ms cpu, 272->287->130 MB, 307 MB goal, 0 MB stacks, 0 MB globals, 20 P
gc 11100 @298.023s 1%: 0.064+4.6+0.008 ms clock, 1.2+0/1.9/0+0.17 ms cpu, 236->250->166 MB, 260 MB goal, 0 MB stacks, 0 MB globals, 20 P
gc 11101 @298.036s 1%: 3.0+0.91+0.022 ms clock, 60+0/1.1/0+0.44 ms cpu, 299->313->149 MB, 333 MB goal, 0 MB stacks, 0 MB globals, 20 P
gc 11102 @298.051s 1%: 0.043+1.6+0.003 ms clock, 0.87+0/2.0/0+0.077 ms cpu, 272->277->132 MB, 299 MB goal, 0 MB stacks, 0 MB globals, 20 P
gc 11103 @298.061s 1%: 0.035+0.46+0.025 ms clock, 0.71+0.035/0.65/0+0.50 ms cpu, 240->240->155 MB, 264 MB goal, 0 MB stacks, 0 MB globals, 20 P
gc 11104 @298.071s 1%: 0.062+1.2+0.083 ms clock, 1.2+0/1.5/0.002+1.6 ms cpu, 297->297->151 MB, 310 MB goal, 0 MB stacks, 0 MB globals, 20 P
gc 11105 @298.085s 1%: 0.64+8.6+0.009 ms clock, 12+0/3.7/0+0.18 ms cpu, 289->314->157 MB, 302 MB goal, 0 MB stacks, 0 MB globals, 20 P
gc 11106 @298.105s 1%: 0.18+2.5+0.022 ms clock, 3.6+0/1.8/0+0.45 ms cpu, 298->324->158 MB, 314 MB goal, 0 MB stacks, 0 MB globals, 20 P
gc 11107 @298.119s 1%: 0.19+4.7+0.004 ms clock, 3.8+0/3.3/0+0.083 ms cpu, 299->317->147 MB, 317 MB goal, 0 MB stacks, 0 MB globals, 20 P
gc 11108 @298.134s 1%: 0.049+1.9+0.006 ms clock, 0.99+0/0.93/0.003+0.13 ms cpu, 274->287->146 MB, 296 MB goal, 0 MB stacks, 0 MB globals, 20 P
gc 11109 @298.146s 1%: 0.045+0.81+0.016 ms clock, 0.91+0/1.1/0+0.33 ms cpu, 268->268->143 MB, 292 MB goal, 0 MB stacks, 0 MB globals, 20 P
gc 11110 @298.155s 1%: 0.73+1.2+0.091 ms clock, 14+0/1.5/0+1.8 ms cpu, 264->289->162 MB, 287 MB goal, 0 MB stacks, 0 MB globals, 20 P
gc 11111 @298.172s 1%: 0.094+6.0+0.009 ms clock, 1.8+0/6.4/0+0.19 ms cpu, 315->315->148 MB, 326 MB goal, 0 MB stacks, 0 MB globals, 20 P
gc 11112 @298.188s 1%: 0.038+2.5+0.003 ms clock, 0.77+0/2.9/0+0.064 ms cpu, 276->277->140 MB, 296 MB goal, 0 MB stacks, 0 MB globals, 20 P
gc 11113 @298.200s 1%: 0.048+0.44+0.015 ms clock, 0.96+0/0.83/0+0.30 ms cpu, 263->263->156 MB, 280 MB goal, 0 MB stacks, 0 MB globals, 20 P
gc 11114 @298.215s 1%: 0.42+1.2+0.014 ms clock, 8.5+0/1.6/0+0.29 ms cpu, 294->294->137 MB, 313 MB goal, 0 MB stacks, 0 MB globals, 20 P
gc 11115 @298.225s 1%: 0.023+2.4+0.016 ms clock, 0.46+0/1.6/0.002+0.33 ms cpu, 251->274->141 MB, 275 MB goal, 0 MB stacks, 0 MB globals, 20 P
gc 11116 @298.237s 1%: 0.020+2.2+0.25 ms clock, 0.40+0.12/1.2/0+5.0 ms cpu, 265->290->142 MB, 283 MB goal, 0 MB stacks, 0 MB globals, 20 P
gc 11117 @298.253s 1%: 0.035+0.43+0.014 ms clock, 0.70+0.028/0.81/0+0.29 ms cpu, 259->261->122 MB, 284 MB goal, 0 MB stacks, 0 MB globals, 20 P
gc 11118 @298.260s 1%: 0.80+0.81+1.2 ms clock, 16+0/1.2/0+24 ms cpu, 220->236->131 MB, 244 MB goal, 0 MB stacks, 0 MB globals, 20 P
gc 11119 @298.273s 1%: 0.29+3.7+0.008 ms clock, 5.9+0/2.6/0.008+0.16 ms cpu, 239->259->128 MB, 262 MB goal, 0 MB stacks, 0 MB globals, 20 P
gc 11120 @298.285s 1%: 0.038+0.57+0.008 ms clock, 0.76+0/0.92/0+0.17 ms cpu, 234->234->130 MB, 256 MB goal, 0 MB stacks, 0 MB globals, 20 P
gc 11121 @298.293s 1%: 0.045+2.6+0.008 ms clock, 0.91+0/3.0/0+0.16 ms cpu, 246->246->134 MB, 261 MB goal, 0 MB stacks, 0 MB globals, 20 P
gc 11122 @298.306s 1%: 0.047+1.5+0.005 ms clock, 0.95+0/0.85/0.005+0.11 ms cpu, 243->252->136 MB, 268 MB goal, 0 MB stacks, 0 MB globals, 20 P
gc 11123 @298.315s 1%: 0.039+0.80+0.007 ms clock, 0.79+0/1.4/0+0.15 ms cpu, 254->254->135 MB, 272 MB goal, 0 MB stacks, 0 MB globals, 20 P
gc 11124 @298.326s 1%: 0.022+1.8+6.3 ms clock, 0.45+0.28/1.6/0.018+127 ms cpu, 252->279->141 MB, 271 MB goal, 0 MB stacks, 0 MB globals, 20 P
gc 11125 @298.346s 1%: 0.021+1.3+0.005 ms clock, 0.42+0/0.82/0+0.10 ms cpu, 260->268->129 MB, 284 MB goal, 0 MB stacks, 0 MB globals, 20 P
gc 11126 @298.356s 1%: 0.052+0.40+0.014 ms clock, 1.0+0.027/0.76/0+0.29 ms cpu, 230->233->105 MB, 258 MB goal, 0 MB stacks, 0 MB globals, 20 P
gc 11127 @298.362s 1%: 0.12+2.3+0.006 ms clock, 2.5+0/1.8/0.004+0.13 ms cpu, 191->199->128 MB, 210 MB goal, 0 MB stacks, 0 MB globals, 20 P
gc 11128 @298.375s 1%: 0.079+4.5+1.8 ms clock, 1.5+0/1.4/0.001+36 ms cpu, 228->258->139 MB, 256 MB goal, 0 MB stacks, 0 MB globals, 20 P
gc 11129 @298.391s 1%: 1.1+0.37+0.003 ms clock, 22+0/0.85/0+0.065 ms cpu, 249->251->118 MB, 278 MB goal, 0 MB stacks, 0 MB globals, 20 P
gc 11130 @298.400s 1%: 0.066+0.66+0.30 ms clock, 1.3+0/0.91/0+6.0 ms cpu, 220->223->136 MB, 237 MB goal, 0 MB stacks, 0 MB globals, 20 P
gc 11131 @298.412s 1%: 0.037+0.71+0.008 ms clock, 0.75+0/0.97/0.018+0.17 ms cpu, 246->246->137 MB, 273 MB goal, 0 MB stacks, 0 MB globals, 20 P
gc 11132 @298.423s 1%: 0.056+3.9+4.1 ms clock, 1.1+0/0.67/0+82 ms cpu, 260->291->162 MB, 275 MB goal, 0 MB stacks, 0 MB globals, 20 P
gc 11133 @298.444s 1%: 0.21+7.0+1.6 ms clock, 4.3+0/4.1/0+32 ms cpu, 302->329->147 MB, 325 MB goal, 0 MB stacks, 0 MB globals, 20 P
gc 11134 @298.463s 1%: 0.019+0.83+0.006 ms clock, 0.38+0.085/1.9/0.024+0.12 ms cpu, 268->272->118 MB, 296 MB goal, 0 MB stacks, 0 MB globals, 20 P
gc 11135 @298.469s 1%: 1.6+0.48+0.019 ms clock, 33+0/0.83/0.001+0.39 ms cpu, 212->212->147 MB, 237 MB goal, 0 MB stacks, 0 MB globals, 20 P
gc 11136 @298.482s 1%: 1.2+1.8+0.83 ms clock, 24+0/1.0/0.010+16 ms cpu, 266->288->147 MB, 296 MB goal, 0 MB stacks, 0 MB globals, 20 P
gc 11137 @298.495s 1%: 0.040+0.96+0.004 ms clock, 0.81+0/1.3/0+0.084 ms cpu, 270->270->145 MB, 294 MB goal, 0 MB stacks, 0 MB globals, 20 P
gc 11138 @298.506s 1%: 0.020+0.69+0.10 ms clock, 0.41+0.32/0.87/0.005+2.0 ms cpu, 265->265->124 MB, 291 MB goal, 0 MB stacks, 0 MB globals, 20 P
gc 11139 @298.517s 1%: 0.017+0.40+0.069 ms clock, 0.35+0.029/0.88/0+1.3 ms cpu, 218->222->111 MB, 249 MB goal, 0 MB stacks, 0 MB globals, 20 P
gc 11140 @298.523s 1%: 0.24+3.5+4.2 ms clock, 4.8+0/2.2/0+85 ms cpu, 206->245->166 MB, 223 MB goal, 0 MB stacks, 0 MB globals, 20 P
gc 11141 @298.544s 1%: 0.024+12+0.007 ms clock, 0.48+0.22/7.4/0+0.14 ms cpu, 304->322->145 MB, 332 MB goal, 0 MB stacks, 0 MB globals, 20 P
gc 11142 @298.570s 1%: 0.88+1.9+0.49 ms clock, 17+0/0.74/0+9.9 ms cpu, 254->277->141 MB, 290 MB goal, 0 MB stacks, 0 MB globals, 20 P
gc 11143 @298.580s 1%: 0.087+3.2+0.008 ms clock, 1.7+0/3.6/0.003+0.17 ms cpu, 251->251->155 MB, 283 MB goal, 0 MB stacks, 0 MB globals, 20 P
gc 11144 @298.594s 1%: 0.26+2.2+0.082 ms clock, 5.2+0/1.8/0+1.6 ms cpu, 288->312->161 MB, 311 MB goal, 0 MB stacks, 0 MB globals, 20 P
gc 11145 @298.609s 1%: 0.40+1.7+3.9 ms clock, 8.1+0/1.2/0+79 ms cpu, 294->316->154 MB, 323 MB goal, 0 MB stacks, 0 MB globals, 20 P
gc 11146 @298.625s 1%: 0.079+1.4+0.004 ms clock, 1.5+0/1.2/0+0.088 ms cpu, 274->287->135 MB, 308 MB goal, 0 MB stacks, 0 MB globals, 20 P
gc 11147 @298.636s 1%: 0.052+0.83+0.074 ms clock, 1.0+0/0.84/0+1.4 ms cpu, 246->249->140 MB, 270 MB goal, 0 MB stacks, 0 MB globals, 20 P
gc 11148 @298.644s 1%: 0.087+8.4+0.010 ms clock, 1.7+0/2.7/0+0.20 ms cpu, 260->286->162 MB, 281 MB goal, 0 MB stacks, 0 MB globals, 20 P
gc 11149 @298.666s 1%: 0.74+1.2+0.57 ms clock, 14+0/1.5/0+11 ms cpu, 301->322->151 MB, 325 MB goal, 0 MB stacks, 0 MB globals, 20 P
gc 11150 @298.681s 1%: 0.47+4.1+0.38 ms clock, 9.5+0/2.8/0+7.6 ms cpu, 284->304->143 MB, 303 MB goal, 0 MB stacks, 0 MB globals, 20 P
gc 11151 @298.696s 1%: 0.27+0.48+0.016 ms clock, 5.4+0/1.1/0.052+0.32 ms cpu, 262->262->115 MB, 287 MB goal, 0 MB stacks, 0 MB globals, 20 P
gc 11152 @298.704s 1%: 0.037+1.8+0.003 ms clock, 0.74+0/2.0/0.001+0.070 ms cpu, 218->221->148 MB, 232 MB goal, 0 MB stacks, 0 MB globals, 20 P
gc 11153 @298.721s 1%: 0.27+0.55+0.008 ms clock, 5.5+0/0.76/0+0.17 ms cpu, 275->275->138 MB, 298 MB goal, 0 MB stacks, 0 MB globals, 20 P
gc 11154 @298.732s 1%: 0.016+2.1+0.003 ms clock, 0.33+0/2.5/0+0.070 ms cpu, 253->266->131 MB, 277 MB goal, 0 MB stacks, 0 MB globals, 20 P
gc 11155 @298.743s 1%: 3.6+0.55+0.11 ms clock, 72+0/0.80/0+2.3 ms cpu, 240->243->129 MB, 263 MB goal, 0 MB stacks, 0 MB globals, 20 P
gc 11156 @298.754s 1%: 0.054+0.51+0.024 ms clock, 1.0+0/1.2/0.14+0.48 ms cpu, 240->240->143 MB, 259 MB goal, 0 MB stacks, 0 MB globals, 20 P
gc 11157 @298.767s 1%: 0.042+11+2.0 ms clock, 0.85+0/5.3/0+40 ms cpu, 277->324->199 MB, 287 MB goal, 0 MB stacks, 0 MB globals, 20 P
gc 11158 @298.794s 1%: 2.3+3.2+0.078 ms clock, 46+0/3.4/0+1.5 ms cpu, 359->371->143 MB, 399 MB goal, 0 MB stacks, 0 MB globals, 20 P
gc 11159 @298.810s 1%: 0.021+1.0+0.005 ms clock, 0.42+0/1.6/0.014+0.10 ms cpu, 248->250->121 MB, 286 MB goal, 0 MB stacks, 0 MB globals, 20 P
gc 11160 @298.817s 1%: 0.035+2.6+0.003 ms clock, 0.70+0/2.9/0+0.069 ms cpu, 220->225->153 MB, 243 MB goal, 0 MB stacks, 0 MB globals, 20 P
gc 11161 @298.827s 1%: 0.033+1.4+0.016 ms clock, 0.67+0/1.8/0+0.33 ms cpu, 263->263->136 MB, 307 MB goal, 0 MB stacks, 0 MB globals, 20 P
gc 11162 @298.836s 1%: 1.9+1.2+0.021 ms clock, 38+0/1.6/0+0.42 ms cpu, 239->254->145 MB, 273 MB goal, 0 MB stacks, 0 MB globals, 20 P
gc 11163 @298.850s 1%: 0.53+2.0+0.007 ms clock, 10+0/1.4/0.003+0.14 ms cpu, 248->270->140 MB, 290 MB goal, 0 MB stacks, 0 MB globals, 20 P
gc 11164 @298.866s 1%: 0.042+0.55+0.015 ms clock, 0.84+0/1.1/0.005+0.31 ms cpu, 263->263->142 MB, 281 MB goal, 0 MB stacks, 0 MB globals, 20 P
gc 11165 @298.882s 1%: 0.018+3.5+0.003 ms clock, 0.37+0.009/3.6/0+0.077 ms cpu, 264->273->128 MB, 284 MB goal, 0 MB stacks, 0 MB globals, 20 P
gc 11166 @298.892s 1%: 0.035+1.6+0.012 ms clock, 0.70+0/2.0/0+0.24 ms cpu, 240->240->155 MB, 256 MB goal, 0 MB stacks, 0 MB globals, 20 P
gc 11167 @298.909s 1%: 0.086+6.2+0.008 ms clock, 1.7+0/6.6/0+0.17 ms cpu, 312->312->151 MB, 312 MB goal, 0 MB stacks, 0 MB globals, 20 P
gc 11168 @298.925s 1%: 0.13+1.9+0.084 ms clock, 2.7+0/1.8/0+1.6 ms cpu, 289->312->155 MB, 303 MB goal, 0 MB stacks, 0 MB globals, 20 P
gc 11169 @298.941s 1%: 0.019+1.0+0.004 ms clock, 0.39+0/1.2/0+0.080 ms cpu, 303->303->135 MB, 312 MB goal, 0 MB stacks, 0 MB globals, 20 P
gc 11170 @298.952s 1%: 0.063+0.46+0.024 ms clock, 1.2+0.032/0.65/0+0.49 ms cpu, 248->252->118 MB, 271 MB goal, 0 MB stacks, 0 MB globals, 20 P
gc 11171 @298.957s 1%: 0.034+8.9+0.004 ms clock, 0.69+0/1.3/0+0.099 ms cpu, 218->247->173 MB, 236 MB goal, 0 MB stacks, 0 MB globals, 20 P
gc 11172 @298.982s 1%: 0.025+5.2+0.082 ms clock, 0.51+0.051/1.6/0+1.6 ms cpu, 325->353->164 MB, 348 MB goal, 0 MB stacks, 0 MB globals, 20 P
gc 11173 @298.998s 1%: 0.11+1.3+0.025 ms clock, 2.3+0/1.7/0+0.51 ms cpu, 303->316->146 MB, 328 MB goal, 0 MB stacks, 0 MB globals, 20 P
gc 11174 @299.010s 1%: 0.40+0.67+0.65 ms clock, 8.0+0/0.95/0+13 ms cpu, 271->279->134 MB, 293 MB goal, 0 MB stacks, 0 MB globals, 20 P
gc 11175 @299.024s 1%: 0.062+0.74+0.26 ms clock, 1.2+0/1.0/0+5.2 ms cpu, 243->249->120 MB, 269 MB goal, 0 MB stacks, 0 MB globals, 20 P
gc 11176 @299.030s 1%: 0.60+9.3+0.019 ms clock, 12+0/1.7/0+0.38 ms cpu, 213->258->178 MB, 240 MB goal, 0 MB stacks, 0 MB globals, 20 P
gc 11177 @299.054s 1%: 0.056+2.8+0.081 ms clock, 1.1+0/3.3/0+1.6 ms cpu, 317->317->146 MB, 358 MB goal, 0 MB stacks, 0 MB globals, 20 P
gc 11178 @299.067s 1%: 0.020+1.0+0.005 ms clock, 0.40+0.055/1.4/0+0.11 ms cpu, 256->261->126 MB, 292 MB goal, 0 MB stacks, 0 MB globals, 20 P
gc 11179 @299.073s 1%: 0.033+1.2+0.082 ms clock, 0.66+0/1.6/0+1.6 ms cpu, 226->226->153 MB, 252 MB goal, 0 MB stacks, 0 MB globals, 20 P
gc 11180 @299.083s 1%: 0.039+6.3+1.8 ms clock, 0.79+0/2.3/0+36 ms cpu, 278->307->170 MB, 307 MB goal, 0 MB stacks, 0 MB globals, 20 P
gc 11181 @299.103s 1%: 0.020+7.1+3.5 ms clock, 0.41+0.23/4.9/0+71 ms cpu, 303->354->171 MB, 340 MB goal, 0 MB stacks, 0 MB globals, 20 P
gc 11182 @299.124s 1%: 0.27+1.6+0.023 ms clock, 5.5+0/1.6/0+0.47 ms cpu, 301->320->145 MB, 342 MB goal, 0 MB stacks, 0 MB globals, 20 P
gc 11183 @299.136s 1%: 0.10+1.6+0.006 ms clock, 2.1+0/2.2/0+0.12 ms cpu, 256->256->146 MB, 290 MB goal, 0 MB stacks, 0 MB globals, 20 P
gc 11184 @299.145s 1%: 0.12+1.2+0.11 ms clock, 2.4+0/1.7/0.056+2.2 ms cpu, 250->250->119 MB, 294 MB goal, 0 MB stacks, 0 MB globals, 20 P
gc 11185 @299.155s 1%: 0.46+0.54+0.095 ms clock, 9.3+0/0.86/0+1.9 ms cpu, 203->205->120 MB, 238 MB goal, 0 MB stacks, 0 MB globals, 20 P
gc 11186 @299.163s 1%: 0.051+8.8+0.047 ms clock, 1.0+0.085/0.77/0+0.94 ms cpu, 217->257->174 MB, 241 MB goal, 0 MB stacks, 0 MB globals, 20 P
gc 11187 @299.192s 1%: 0.020+3.9+0.005 ms clock, 0.41+0.18/4.0/0+0.10 ms cpu, 314->324->135 MB, 349 MB goal, 0 MB stacks, 0 MB globals, 20 P
gc 11188 @299.206s 1%: 0.037+1.1+0.11 ms clock, 0.75+0/0.85/0+2.3 ms cpu, 231->238->116 MB, 270 MB goal, 0 MB stacks, 0 MB globals, 20 P
gc 11189 @299.211s 1%: 0.90+1.0+0.098 ms clock, 18+0/1.4/0+1.9 ms cpu, 198->198->129 MB, 232 MB goal, 0 MB stacks, 0 MB globals, 20 P
gc 11190 @299.222s 1%: 0.038+0.54+0.070 ms clock, 0.77+0/0.87/0.012+1.4 ms cpu, 219->224->115 MB, 258 MB goal, 0 MB stacks, 0 MB globals, 20 P
gc 11191 @299.228s 1%: 0.030+3.9+4.1 ms clock, 0.60+0.19/1.7/0.007+83 ms cpu, 199->245->175 MB, 230 MB goal, 0 MB stacks, 0 MB globals, 20 P
gc 11192 @299.254s 1%: 1.3+7.0+4.1 ms clock, 26+0/3.4/0+82 ms cpu, 309->347->167 MB, 351 MB goal, 0 MB stacks, 0 MB globals, 20 P
gc 11193 @299.277s 1%: 0.55+1.7+0.47 ms clock, 11+0/1.0/0+9.5 ms cpu, 290->318->154 MB, 336 MB goal, 0 MB stacks, 0 MB globals, 20 P
gc 11194 @299.291s 1%: 0.022+5.3+1.1 ms clock, 0.44+0/4.1/0+22 ms cpu, 268->296->145 MB, 308 MB goal, 0 MB stacks, 0 MB globals, 20 P
gc 11195 @299.305s 1%: 0.041+0.47+0.088 ms clock, 0.83+0/0.76/0+1.7 ms cpu, 258->258->167 MB, 291 MB goal, 0 MB stacks, 0 MB globals, 20 P
gc 11196 @299.315s 1%: 0.077+3.3+0.012 ms clock, 1.5+0/3.8/0.008+0.24 ms cpu, 304->304->144 MB, 335 MB goal, 0 MB stacks, 0 MB globals, 20 P
gc 11197 @299.328s 1%: 0.12+1.9+0.025 ms clock, 2.4+0/2.1/0.001+0.50 ms cpu, 249->273->144 MB, 288 MB goal, 0 MB stacks, 0 MB globals, 20 P
gc 11198 @299.339s 1%: 0.041+1.0+0.009 ms clock, 0.83+0/1.6/0+0.18 ms cpu, 251->251->140 MB, 288 MB goal, 0 MB stacks, 0 MB globals, 20 P
gc 11199 @299.349s 1%: 0.51+0.58+0.32 ms clock, 10+0/1.3/0+6.4 ms cpu, 241->245->118 MB, 282 MB goal, 0 MB stacks, 0 MB globals, 20 P
gc 11200 @299.357s 1%: 0.063+0.60+0.035 ms clock, 1.2+0.21/1.1/0+0.71 ms cpu, 203->214->154 MB, 237 MB goal, 0 MB stacks, 0 MB globals, 20 P
gc 11201 @299.376s 1%: 0.073+5.9+0.016 ms clock, 1.4+0/6.2/0+0.33 ms cpu, 306->306->140 MB, 309 MB goal, 0 MB stacks, 0 MB globals, 20 P
gc 11202 @299.392s 1%: 0.043+0.52+0.010 ms clock, 0.87+0/1.1/0+0.21 ms cpu, 253->253->129 MB, 280 MB goal, 0 MB stacks, 0 MB globals, 20 P
gc 11203 @299.399s 1%: 0.098+1.1+0.017 ms clock, 1.9+0/1.7/0.025+0.35 ms cpu, 236->236->135 MB, 259 MB goal, 0 MB stacks, 0 MB globals, 20 P
gc 11204 @299.410s 1%: 0.20+0.61+2.4 ms clock, 4.1+0/1.1/0.001+49 ms cpu, 245->264->132 MB, 271 MB goal, 0 MB stacks, 0 MB globals, 20 P
gc 11205 @299.423s 1%: 0.28+0.50+0.56 ms clock, 5.7+0.033/0.72/0+11 ms cpu, 236->247->117 MB, 264 MB goal, 0 MB stacks, 0 MB globals, 20 P
gc 11206 @299.431s 1%: 0.038+1.4+0.16 ms clock, 0.77+0/1.7/0+3.3 ms cpu, 226->239->152 MB, 235 MB goal, 0 MB stacks, 0 MB globals, 20 P
gc 11207 @299.449s 1%: 0.10+4.7+0.008 ms clock, 2.0+0/5.1/0+0.16 ms cpu, 288->288->135 MB, 306 MB goal, 0 MB stacks, 0 MB globals, 20 P
gc 11208 @299.464s 1%: 0.40+5.0+0.022 ms clock, 8.0+0/4.7/0+0.45 ms cpu, 258->279->140 MB, 271 MB goal, 0 MB stacks, 0 MB globals, 20 P
gc 11209 @299.482s 1%: 0.18+6.0+0.61 ms clock, 3.6+0/1.4/0+12 ms cpu, 267->304->148 MB, 281 MB goal, 0 MB stacks, 0 MB globals, 20 P
gc 11210 @299.499s 1%: 0.070+0.44+0.003 ms clock, 1.4+0/0.87/0+0.060 ms cpu, 261->261->112 MB, 298 MB goal, 0 MB stacks, 0 MB globals, 20 P
gc 11211 @299.506s 1%: 0.035+0.74+0.010 ms clock, 0.71+0.029/0.66/0+0.21 ms cpu, 193->196->127 MB, 226 MB goal, 0 MB stacks, 0 MB globals, 20 P
gc 11212 @299.514s 1%: 0.077+1.2+0.002 ms clock, 1.5+0.18/1.7/0+0.059 ms cpu, 222->232->130 MB, 255 MB goal, 0 MB stacks, 0 MB globals, 20 P
gc 11213 @299.525s 1%: 0.021+1.6+0.42 ms clock, 0.42+0.20/1.4/0+8.5 ms cpu, 227->249->131 MB, 260 MB goal, 0 MB stacks, 0 MB globals, 20 P
gc 11214 @299.537s 1%: 0.036+0.42+0.086 ms clock, 0.72+0/0.71/0+1.7 ms cpu, 240->243->135 MB, 263 MB goal, 0 MB stacks, 0 MB globals, 20 P
gc 11215 @299.549s 1%: 0.055+0.64+0.065 ms clock, 1.1+0/1.1/0+1.3 ms cpu, 235->235->133 MB, 270 MB goal, 0 MB stacks, 0 MB globals, 20 P
gc 11216 @299.560s 1%: 0.096+3.8+0.008 ms clock, 1.9+0/4.2/0+0.17 ms cpu, 250->250->139 MB, 268 MB goal, 0 MB stacks, 0 MB globals, 20 P
gc 11217 @299.574s 1%: 0.043+1.6+0.005 ms clock, 0.87+0/1.9/0+0.10 ms cpu, 270->270->147 MB, 279 MB goal, 0 MB stacks, 0 MB globals, 20 P
gc 11218 @299.587s 1%: 0.038+0.45+0.015 ms clock, 0.77+0/0.84/0+0.30 ms cpu, 275->275->139 MB, 295 MB goal, 0 MB stacks, 0 MB globals, 20 P
gc 11219 @299.600s 1%: 0.060+1.4+0.023 ms clock, 1.2+0/2.1/0+0.46 ms cpu, 274->274->149 MB, 278 MB goal, 0 MB stacks, 0 MB globals, 20 P
gc 11220 @299.616s 1%: 1.1+6.4+2.5 ms clock, 23+0/1.8/0+50 ms cpu, 279->320->169 MB, 299 MB goal, 0 MB stacks, 0 MB globals, 20 P
gc 11221 @299.637s 1%: 0.024+1.1+0.003 ms clock, 0.48+0.16/1.5/0.068+0.078 ms cpu, 303->313->138 MB, 339 MB goal, 0 MB stacks, 0 MB globals, 20 P
gc 11222 @299.647s 1%: 0.093+0.51+0.52 ms clock, 1.8+0/0.74/0+10 ms cpu, 236->239->117 MB, 277 MB goal, 0 MB stacks, 0 MB globals, 20 P
gc 11223 @299.652s 1%: 0.82+2.2+0.12 ms clock, 16+0/1.2/0+2.4 ms cpu, 204->230->158 MB, 235 MB goal, 0 MB stacks, 0 MB globals, 20 P
gc 11224 @299.667s 1%: 1.9+4.4+4.8 ms clock, 39+0/1.8/0+97 ms cpu, 278->313->162 MB, 317 MB goal, 0 MB stacks, 0 MB globals, 20 P
gc 11225 @299.687s 1%: 0.034+0.71+0.013 ms clock, 0.68+0/1.1/0+0.26 ms cpu, 287->287->150 MB, 324 MB goal, 0 MB stacks, 0 MB globals, 20 P
gc 11226 @299.697s 1%: 0.74+0.56+0.015 ms clock, 14+0/0.87/0.003+0.31 ms cpu, 261->263->126 MB, 300 MB goal, 0 MB stacks, 0 MB globals, 20 P
gc 11227 @299.703s 1%: 0.040+1.3+0.006 ms clock, 0.80+0/1.9/0+0.13 ms cpu, 220->220->154 MB, 253 MB goal, 0 MB stacks, 0 MB globals, 20 P
gc 11228 @299.715s 1%: 1.1+0.95+2.9 ms clock, 23+0/1.4/0+58 ms cpu, 274->284->140 MB, 308 MB goal, 0 MB stacks, 0 MB globals, 20 P
gc 11229 @299.731s 1%: 0.066+1.3+0.52 ms clock, 1.3+0/1.0/0+10 ms cpu, 246->254->123 MB, 280 MB goal, 0 MB stacks, 0 MB globals, 20 P
gc 11230 @299.737s 1%: 0.11+1.4+0.092 ms clock, 2.2+0/1.7/0.008+1.8 ms cpu, 217->229->147 MB, 246 MB goal, 0 MB stacks, 0 MB globals, 20 P
gc 11231 @299.751s 1%: 0.80+6.0+0.048 ms clock, 16+0/1.4/0.004+0.96 ms cpu, 260->298->164 MB, 296 MB goal, 0 MB stacks, 0 MB globals, 20 P
gc 11232 @299.769s 1%: 0.039+0.48+0.021 ms clock, 0.78+0/1.0/0+0.43 ms cpu, 295->295->137 MB, 329 MB goal, 0 MB stacks, 0 MB globals, 20 P
gc 11233 @299.778s 1%: 0.071+0.89+0.017 ms clock, 1.4+0/1.4/0+0.35 ms cpu, 244->244->143 MB, 275 MB goal, 0 MB stacks, 0 MB globals, 20 P
gc 11234 @299.789s 1%: 0.049+1.7+0.005 ms clock, 0.99+0.051/0.76/0+0.11 ms cpu, 258->269->139 MB, 287 MB goal, 0 MB stacks, 0 MB globals, 20 P
gc 11235 @299.799s 1%: 0.83+0.48+0.003 ms clock, 16+0.026/0.64/0+0.073 ms cpu, 241->243->125 MB, 278 MB goal, 0 MB stacks, 0 MB globals, 20 P
gc 11236 @299.807s 1%: 0.035+1.8+0.003 ms clock, 0.71+0/0.71/0+0.079 ms cpu, 224->236->152 MB, 250 MB goal, 0 MB stacks, 0 MB globals, 20 P
gc 11237 @299.818s 1%: 0.034+3.3+0.009 ms clock, 0.69+0/3.3/0.040+0.19 ms cpu, 273->273->147 MB, 304 MB goal, 0 MB stacks, 0 MB globals, 20 P
gc 11238 @299.827s 1%: 0.043+1.4+0.008 ms clock, 0.87+0/1.6/0+0.16 ms cpu, 261->261->152 MB, 295 MB goal, 0 MB stacks, 0 MB globals, 20 P
gc 11239 @299.839s 1%: 1.6+2.1+0.005 ms clock, 32+0/2.6/0+0.11 ms cpu, 272->282->140 MB, 305 MB goal, 0 MB stacks, 0 MB globals, 20 P
gc 11240 @299.856s 1%: 0.26+2.8+0.33 ms clock, 5.2+0/1.3/0.016+6.7 ms cpu, 270->288->139 MB, 280 MB goal, 0 MB stacks, 0 MB globals, 20 P
gc 11241 @299.868s 1%: 0.054+0.48+0.019 ms clock, 1.0+0.054/0.80/0+0.38 ms cpu, 261->262->141 MB, 278 MB goal, 0 MB stacks, 0 MB globals, 20 P
gc 11242 @299.879s 1%: 0.039+1.2+0.014 ms clock, 0.78+0/1.6/0+0.28 ms cpu, 275->276->147 MB, 282 MB goal, 0 MB stacks, 0 MB globals, 20 P
gc 11243 @299.891s 1%: 0.33+0.74+0.081 ms clock, 6.7+0/1.1/0+1.6 ms cpu, 278->291->145 MB, 295 MB goal, 0 MB stacks, 0 MB globals, 20 P
gc 11244 @299.905s 1%: 0.32+1.2+0.004 ms clock, 6.5+0/1.9/0.021+0.084 ms cpu, 274->283->133 MB, 290 MB goal, 0 MB stacks, 0 MB globals, 20 P
gc 11245 @299.919s 1%: 0.12+2.6+0.004 ms clock, 2.5+0/1.9/0+0.097 ms cpu, 252->269->135 MB, 268 MB goal, 0 MB stacks, 0 MB globals, 20 P
gc 11246 @299.932s 1%: 1.0+3.5+0.084 ms clock, 21+0/4.1/0+1.6 ms cpu, 263->277->145 MB, 270 MB goal, 0 MB stacks, 0 MB globals, 20 P
gc 11247 @299.949s 1%: 0.021+0.85+0.004 ms clock, 0.42+0.25/1.1/0+0.099 ms cpu, 278->278->125 MB, 291 MB goal, 0 MB stacks, 0 MB globals, 20 P
gc 11248 @299.961s 1%: 0.031+0.91+0.005 ms clock, 0.62+0.22/0.88/0.071+0.11 ms cpu, 234->246->124 MB, 251 MB goal, 0 MB stacks, 0 MB globals, 20 P
gc 11249 @299.971s 1%: 0.065+2.6+0.084 ms clock, 1.3+0/3.0/0+1.6 ms cpu, 256->270->166 MB, 256 MB goal, 0 MB stacks, 0 MB globals, 20 P
gc 11250 @299.988s 1%: 3.6+5.6+0.081 ms clock, 73+0/5.8/0+1.6 ms cpu, 323->337->153 MB, 333 MB goal, 0 MB stacks, 0 MB globals, 20 P
gc 11251 @300.012s 1%: 1.5+1.6+0.003 ms clock, 31+0/2.0/0+0.070 ms cpu, 296->309->150 MB, 308 MB goal, 0 MB stacks, 0 MB globals, 20 P
gc 11252 @300.028s 1%: 0.77+3.1+0.009 ms clock, 15+0/3.6/0+0.18 ms cpu, 294->294->133 MB, 300 MB goal, 0 MB stacks, 0 MB globals, 20 P
gc 11253 @300.043s 1%: 0.019+2.8+0.15 ms clock, 0.38+0.27/0.51/0.016+3.1 ms cpu, 255->289->153 MB, 267 MB goal, 0 MB stacks, 0 MB globals, 20 P
gc 11254 @300.057s 1%: 0.020+3.3+0.22 ms clock, 0.40+0/2.6/0+4.4 ms cpu, 274->305->145 MB, 306 MB goal, 0 MB stacks, 0 MB globals, 20 P
gc 11255 @300.066s 1%: 0.034+1.4+0.019 ms clock, 0.68+0/1.8/0+0.39 ms cpu, 259->271->167 MB, 292 MB goal, 0 MB stacks, 0 MB globals, 20 P
gc 11256 @300.079s 1%: 0.055+0.47+0.084 ms clock, 1.1+0.19/0.55/0.002+1.6 ms cpu, 305->317->158 MB, 334 MB goal, 0 MB stacks, 0 MB globals, 20 P
gc 11257 @300.093s 1%: 0.019+1.3+0.022 ms clock, 0.38+0.18/1.4/0+0.45 ms cpu, 284->296->144 MB, 317 MB goal, 0 MB stacks, 0 MB globals, 20 P
gc 11258 @300.106s 1%: 0.071+1.6+3.2 ms clock, 1.4+0/1.9/0.014+64 ms cpu, 258->285->151 MB, 289 MB goal, 0 MB stacks, 0 MB globals, 20 P
gc 11259 @300.121s 1%: 0.039+1.0+0.007 ms clock, 0.78+0/1.2/0+0.15 ms cpu, 276->276->146 MB, 302 MB goal, 0 MB stacks, 0 MB globals, 20 P
gc 11260 @300.132s 1%: 0.17+3.3+0.087 ms clock, 3.5+0/2.2/0+1.7 ms cpu, 276->302->152 MB, 294 MB goal, 0 MB stacks, 0 MB globals, 20 P
gc 11261 @300.146s 1%: 0.054+7.7+3.3 ms clock, 1.0+0.029/0.65/0+66 ms cpu, 287->334->177 MB, 304 MB goal, 0 MB stacks, 0 MB globals, 20 P
gc 11262 @300.169s 1%: 0.036+1.3+0.005 ms clock, 0.73+0/1.6/0+0.10 ms cpu, 317->322->127 MB, 354 MB goal, 0 MB stacks, 0 MB globals, 20 P
gc 11263 @300.177s 1%: 0.038+1.7+0.015 ms clock, 0.77+0/2.2/0+0.30 ms cpu, 227->227->154 MB, 255 MB goal, 0 MB stacks, 0 MB globals, 20 P
gc 11264 @300.187s 1%: 1.1+0.77+0.023 ms clock, 23+0/1.3/0+0.47 ms cpu, 263->277->143 MB, 309 MB goal, 0 MB stacks, 0 MB globals, 20 P
gc 11265 @300.197s 1%: 0.038+0.80+0.014 ms clock, 0.77+0/1.1/0.010+0.29 ms cpu, 245->245->146 MB, 286 MB goal, 0 MB stacks, 0 MB globals, 20 P
gc 11266 @300.206s 1%: 0.061+3.4+0.009 ms clock, 1.2+0/4.0/0.002+0.18 ms cpu, 254->254->151 MB, 294 MB goal, 0 MB stacks, 0 MB globals, 20 P
gc 11267 @300.220s 1%: 0.037+3.3+3.9 ms clock, 0.74+0.089/0.63/0+78 ms cpu, 268->298->167 MB, 303 MB goal, 0 MB stacks, 0 MB globals, 20 P
gc 11268 @300.237s 1%: 0.066+0.79+0.009 ms clock, 1.3+0/1.1/0.012+0.18 ms cpu, 289->289->149 MB, 334 MB goal, 0 MB stacks, 0 MB globals, 20 P
gc 11269 @300.248s 1%: 0.017+3.6+1.1 ms clock, 0.34+0/1.7/0+22 ms cpu, 264->288->148 MB, 299 MB goal, 0 MB stacks, 0 MB globals, 20 P
gc 11270 @300.262s 1%: 0.018+0.40+0.007 ms clock, 0.36+0/0.82/0+0.15 ms cpu, 255->255->131 MB, 296 MB goal, 0 MB stacks, 0 MB globals, 20 P
gc 11271 @300.271s 1%: 0.051+0.68+0.048 ms clock, 1.0+0/1.3/0+0.97 ms cpu, 234->234->115 MB, 262 MB goal, 0 MB stacks, 0 MB globals, 20 P
gc 11272 @300.278s 1%: 0.38+1.7+0.082 ms clock, 7.7+0/1.9/0+1.6 ms cpu, 208->220->146 MB, 230 MB goal, 0 MB stacks, 0 MB globals, 20 P
gc 11273 @300.294s 1%: 3.7+4.5+1.6 ms clock, 74+0/4.6/0+32 ms cpu, 265->287->148 MB, 292 MB goal, 0 MB stacks, 0 MB globals, 20 P
gc 11274 @300.316s 1%: 0.24+2.6+3.1 ms clock, 4.8+0/1.3/0+62 ms cpu, 274->304->151 MB, 296 MB goal, 0 MB stacks, 0 MB globals, 20 P
gc 11275 @300.333s 1%: 0.45+1.1+0.019 ms clock, 9.1+0/1.7/0+0.39 ms cpu, 280->288->126 MB, 302 MB goal, 0 MB stacks, 0 MB globals, 20 P
gc 11276 @300.347s 1%: 0.016+0.77+0.078 ms clock, 0.33+0.025/0.71/0+1.5 ms cpu, 223->226->105 MB, 254 MB goal, 0 MB stacks, 0 MB globals, 20 P
gc 11277 @300.353s 1%: 1.3+1.8+0.22 ms clock, 26+0/1.3/0.001+4.4 ms cpu, 182->202->139 MB, 211 MB goal, 0 MB stacks, 0 MB globals, 20 P
gc 11278 @300.368s 1%: 0.035+1.4+0.023 ms clock, 0.71+0.032/0.72/0+0.47 ms cpu, 249->264->127 MB, 279 MB goal, 0 MB stacks, 0 MB globals, 20 P
gc 11279 @300.375s 1%: 0.30+1.4+0.025 ms clock, 6.1+0/2.0/0+0.51 ms cpu, 228->242->146 MB, 255 MB goal, 0 MB stacks, 0 MB globals, 20 P
gc 11280 @300.388s 1%: 0.020+5.0+0.006 ms clock, 0.41+0/5.5/0+0.12 ms cpu, 289->289->137 MB, 292 MB goal, 0 MB stacks, 0 MB globals, 20 P
gc 11281 @300.405s 1%: 0.081+0.92+0.13 ms clock, 1.6+0/1.6/0+2.6 ms cpu, 260->260->148 MB, 276 MB goal, 0 MB stacks, 0 MB globals, 20 P
gc 11282 @300.420s 1%: 0.16+2.0+0.024 ms clock, 3.2+0/2.2/0+0.49 ms cpu, 277->299->151 MB, 296 MB goal, 0 MB stacks, 0 MB globals, 20 P
gc 11283 @300.435s 1%: 0.044+2.4+0.005 ms clock, 0.88+0.029/0.85/0.017+0.11 ms cpu, 291->303->148 MB, 303 MB goal, 0 MB stacks, 0 MB globals, 20 P
gc 11284 @300.449s 1%: 0.041+0.56+0.008 ms clock, 0.82+0/1.3/0.003+0.16 ms cpu, 277->277->147 MB, 296 MB goal, 0 MB stacks, 0 MB globals, 20 P
gc 11285 @300.460s 1%: 0.079+6.0+0.058 ms clock, 1.5+0/6.6/0+1.1 ms cpu, 298->311->172 MB, 298 MB goal, 0 MB stacks, 0 MB globals, 20 P
gc 11286 @300.480s 1%: 0.041+1.1+0.010 ms clock, 0.82+0/1.5/0+0.20 ms cpu, 327->327->155 MB, 344 MB goal, 0 MB stacks, 0 MB globals, 20 P
gc 11287 @300.491s 1%: 0.051+1.4+0.004 ms clock, 1.0+0.23/1.9/0.013+0.092 ms cpu, 302->302->135 MB, 310 MB goal, 0 MB stacks, 0 MB globals, 20 P
gc 11288 @300.503s 1%: 0.12+1.7+0.003 ms clock, 2.5+0.010/1.4/0+0.070 ms cpu, 254->265->134 MB, 270 MB goal, 0 MB stacks, 0 MB globals, 20 P
gc 11289 @300.515s 1%: 0.22+1.8+1.6 ms clock, 4.4+0/0.82/0.010+33 ms cpu, 247->269->133 MB, 269 MB goal, 0 MB stacks, 0 MB globals, 20 P
gc 11290 @300.526s 1%: 0.032+6.0+0.13 ms clock, 0.65+0/6.3/0+2.6 ms cpu, 253->257->154 MB, 266 MB goal, 0 MB stacks, 0 MB globals, 20 P
gc 11291 @300.544s 1%: 0.27+0.46+0.005 ms clock, 5.4+0.034/0.83/0+0.10 ms cpu, 288->289->112 MB, 308 MB goal, 0 MB stacks, 0 MB globals, 20 P
gc 11292 @300.550s 1%: 0.081+3.7+0.016 ms clock, 1.6+0/1.8/0.005+0.33 ms cpu, 209->235->158 MB, 225 MB goal, 0 MB stacks, 0 MB globals, 20 P
gc 11293 @300.564s 1%: 2.2+4.5+0.088 ms clock, 44+0/2.6/0+1.7 ms cpu, 298->320->151 MB, 317 MB goal, 0 MB stacks, 0 MB globals, 20 P
gc 11294 @300.583s 1%: 0.45+1.4+0.023 ms clock, 9.1+0/1.4/0+0.47 ms cpu, 281->301->148 MB, 303 MB goal, 0 MB stacks, 0 MB globals, 20 P
gc 11295 @300.595s 1%: 0.52+0.46+0.005 ms clock, 10+0/1.0/0+0.11 ms cpu, 270->270->123 MB, 296 MB goal, 0 MB stacks, 0 MB globals, 20 P
gc 11296 @300.606s 1%: 0.018+1.1+0.041 ms clock, 0.37+0.025/0.78/0+0.82 ms cpu, 220->230->119 MB, 247 MB goal, 0 MB stacks, 0 MB globals, 20 P
gc 11297 @300.612s 1%: 0.73+5.9+1.8 ms clock, 14+0/1.5/0+36 ms cpu, 217->249->162 MB, 238 MB goal, 0 MB stacks, 0 MB globals, 20 P
gc 11298 @300.634s 1%: 1.9+15+1.2 ms clock, 38+0/7.4/0+24 ms cpu, 304->348->173 MB, 326 MB goal, 0 MB stacks, 0 MB globals, 20 P
gc 11299 @300.665s 1%: 0.66+2.2+0.65 ms clock, 13+0/1.4/0+13 ms cpu, 314->342->158 MB, 346 MB goal, 0 MB stacks, 0 MB globals, 20 P
gc 11300 @300.681s 1%: 0.39+1.3+0.003 ms clock, 7.9+0/1.8/0+0.070 ms cpu, 287->290->131 MB, 316 MB goal, 0 MB stacks, 0 MB globals, 20 P
gc 11301 @300.690s 1%: 0.082+0.44+0.064 ms clock, 1.6+0.028/0.72/0+1.2 ms cpu, 227->228->142 MB, 262 MB goal, 0 MB stacks, 0 MB globals, 20 P
gc 11302 @300.699s 1%: 0.019+0.78+0.50 ms clock, 0.39+0.12/0.98/0+10 ms cpu, 245->265->154 MB, 285 MB goal, 0 MB stacks, 0 MB globals, 20 P
gc 11303 @300.711s 1%: 0.85+0.45+0.006 ms clock, 17+0.11/0.67/0+0.12 ms cpu, 266->267->125 MB, 310 MB goal, 0 MB stacks, 0 MB globals, 20 P
gc 11304 @300.718s 1%: 0.31+1.5+0.022 ms clock, 6.2+0/1.7/0+0.44 ms cpu, 230->243->158 MB, 250 MB goal, 0 MB stacks, 0 MB globals, 20 P
gc 11305 @300.733s 1%: 0.51+4.7+0.085 ms clock, 10+0/4.9/0+1.7 ms cpu, 297->308->148 MB, 316 MB goal, 0 MB stacks, 0 MB globals, 20 P
gc 11306 @300.751s 1%: 0.019+1.4+0.005 ms clock, 0.38+0.21/1.4/0.014+0.10 ms cpu, 289->289->133 MB, 297 MB goal, 0 MB stacks, 0 MB globals, 20 P
gc 11307 @300.765s 1%: 0.046+2.7+0.054 ms clock, 0.92+0.11/0.73/0+1.0 ms cpu, 260->284->159 MB, 267 MB goal, 0 MB stacks, 0 MB globals, 20 P
gc 11308 @300.781s 1%: 0.20+4.1+0.023 ms clock, 4.1+0/3.6/0+0.47 ms cpu, 301->321->140 MB, 318 MB goal, 0 MB stacks, 0 MB globals, 20 P
gc 11309 @300.795s 1%: 0.041+1.7+0.069 ms clock, 0.82+0/0.91/0+1.3 ms cpu, 258->276->129 MB, 280 MB goal, 0 MB stacks, 0 MB globals, 20 P
gc 11310 @300.807s 1%: 0.072+1.2+0.35 ms clock, 1.4+0/1.1/0+7.0 ms cpu, 237->250->118 MB, 259 MB goal, 0 MB stacks, 0 MB globals, 20 P
gc 11311 @300.814s 1%: 0.11+4.6+0.029 ms clock, 2.2+0/1.7/0+0.58 ms cpu, 213->239->152 MB, 237 MB goal, 0 MB stacks, 0 MB globals, 20 P
gc 11312 @300.834s 1%: 0.093+4.7+0.009 ms clock, 1.8+0/5.0/0+0.18 ms cpu, 300->300->136 MB, 305 MB goal, 0 MB stacks, 0 MB globals, 20 P
gc 11313 @300.847s 1%: 0.044+0.54+0.42 ms clock, 0.88+0/0.95/0.066+8.4 ms cpu, 258->264->131 MB, 272 MB goal, 0 MB stacks, 0 MB globals, 20 P
gc 11314 @300.858s 1%: 0.042+3.7+0.084 ms clock, 0.85+0/4.1/0+1.6 ms cpu, 243->265->154 MB, 263 MB goal, 0 MB stacks, 0 MB globals, 20 P
gc 11315 @300.877s 1%: 0.36+2.3+0.005 ms clock, 7.2+0/1.5/0+0.10 ms cpu, 283->295->117 MB, 308 MB goal, 0 MB stacks, 0 MB globals, 20 P
gc 11316 @300.887s 1%: 0.067+0.51+0.11 ms clock, 1.3+0/0.80/0+2.3 ms cpu, 210->214->124 MB, 235 MB goal, 0 MB stacks, 0 MB globals, 20 P
gc 11317 @300.895s 1%: 0.040+1.4+0.012 ms clock, 0.81+0/1.8/0+0.24 ms cpu, 230->230->126 MB, 249 MB goal, 0 MB stacks, 0 MB globals, 20 P
gc 11318 @300.903s 1%: 0.14+4.0+0.008 ms clock, 2.9+0/4.5/0+0.16 ms cpu, 229->229->134 MB, 252 MB goal, 0 MB stacks, 0 MB globals, 20 P
gc 11319 @300.917s 1%: 0.019+0.72+0.004 ms clock, 0.39+0.46/1.0/0+0.081 ms cpu, 246->246->114 MB, 270 MB goal, 0 MB stacks, 0 MB globals, 20 P
gc 11320 @300.926s 1%: 0.038+0.76+0.022 ms clock, 0.76+0/0.77/0+0.45 ms cpu, 204->208->130 MB, 228 MB goal, 0 MB stacks, 0 MB globals, 20 P
gc 11321 @300.936s 1%: 1.7+0.33+0.007 ms clock, 34+0.084/0.66/0+0.15 ms cpu, 240->241->107 MB, 261 MB goal, 0 MB stacks, 0 MB globals, 20 P
gc 11322 @300.943s 1%: 0.033+2.7+0.012 ms clock, 0.67+0/3.0/0+0.25 ms cpu, 197->197->136 MB, 215 MB goal, 0 MB stacks, 0 MB globals, 20 P
gc 11323 @300.959s 1%: 0.019+1.1+0.004 ms clock, 0.39+0/1.5/0.020+0.080 ms cpu, 262->262->118 MB, 272 MB goal, 0 MB stacks, 0 MB globals, 20 P
gc 11324 @300.970s 1%: 0.037+0.63+0.40 ms clock, 0.74+0/0.92/0.012+8.0 ms cpu, 223->228->114 MB, 237 MB goal, 0 MB stacks, 0 MB globals, 20 P
gc 11325 @300.978s 1%: 0.051+5.5+0.004 ms clock, 1.0+0.007/5.8/0+0.083 ms cpu, 220->224->140 MB, 228 MB goal, 0 MB stacks, 0 MB globals, 20 P
gc 11326 @300.996s 1%: 0.37+0.69+0.006 ms clock, 7.5+0/1.1/0+0.12 ms cpu, 281->281->109 MB, 282 MB goal, 0 MB stacks, 0 MB globals, 20 P
gc 11327 @301.003s 1%: 0.044+0.40+0.023 ms clock, 0.88+0.21/0.43/0+0.47 ms cpu, 223->223->143 MB, 223 MB goal, 0 MB stacks, 0 MB globals, 20 P
gc 11328 @301.016s 1%: 2.2+6.7+0.003 ms clock, 45+0/7.1/0+0.075 ms cpu, 284->284->125 MB, 287 MB goal, 0 MB stacks, 0 MB globals, 20 P
gc 11329 @301.035s 1%: 0.43+0.99+0.005 ms clock, 8.6+0/1.4/0+0.10 ms cpu, 254->254->118 MB, 254 MB goal, 0 MB stacks, 0 MB globals, 20 P
gc 11330 @301.047s 1%: 0.77+1.0+0.10 ms clock, 15+0/1.2/0+2.1 ms cpu, 235->235->110 MB, 237 MB goal, 0 MB stacks, 0 MB globals, 20 P
gc 11331 @301.055s 1%: 0.048+2.9+0.003 ms clock, 0.96+0.12/3.0/0+0.065 ms cpu, 229->229->134 MB, 229 MB goal, 0 MB stacks, 0 MB globals, 20 P
gc 11332 @301.073s 1%: 1.0+0.69+0.003 ms clock, 20+0.034/1.0/0.030+0.074 ms cpu, 268->268->126 MB, 269 MB goal, 0 MB stacks, 0 MB globals, 20 P
gc 11333 @301.085s 1%: 0.033+0.34+0.013 ms clock, 0.67+0/0.88/0+0.27 ms cpu, 248->248->117 MB, 252 MB goal, 0 MB stacks, 0 MB globals, 20 P
gc 11334 @301.095s 1%: 0.040+0.72+0.014 ms clock, 0.81+0.087/0.99/0.073+0.29 ms cpu, 231->234->136 MB, 235 MB goal, 0 MB stacks, 0 MB globals, 20 P
gc 11335 @301.107s 1%: 0.29+5.1+0.004 ms clock, 5.9+0/5.5/0+0.086 ms cpu, 282->282->123 MB, 282 MB goal, 0 MB stacks, 0 MB globals, 20 P
gc 11336 @301.126s 1%: 0.062+0.40+0.003 ms clock, 1.2+0/0.81/0+0.073 ms cpu, 242->242->114 MB, 246 MB goal, 0 MB stacks, 0 MB globals, 20 P
gc 11337 @301.132s 1%: 0.033+2.8+0.003 ms clock, 0.67+0/3.1/0+0.076 ms cpu, 224->224->145 MB, 228 MB goal, 0 MB stacks, 0 MB globals, 20 P
gc 11338 @301.149s 1%: 0.92+0.77+0.006 ms clock, 18+0/1.2/0+0.13 ms cpu, 293->293->108 MB, 293 MB goal, 0 MB stacks, 0 MB globals, 20 P
gc 11339 @301.158s 1%: 0.036+0.34+0.013 ms clock, 0.72+0/0.78/0.001+0.27 ms cpu, 214->214->149 MB, 216 MB goal, 0 MB stacks, 0 MB globals, 20 P
gc 11340 @301.172s 1%: 0.55+6.6+0.009 ms clock, 11+0.028/0.75/0+0.18 ms cpu, 294->333->151 MB, 299 MB goal, 0 MB stacks, 0 MB globals, 20 P
gc 11341 @301.190s 1%: 0.60+1.6+0.16 ms clock, 12+0/0.72/0+3.2 ms cpu, 264->290->134 MB, 303 MB goal, 0 MB stacks, 0 MB globals, 20 P
gc 11342 @301.201s 1%: 0.032+0.38+0.012 ms clock, 0.65+0/0.90/0+0.24 ms cpu, 230->230->126 MB, 268 MB goal, 0 MB stacks, 0 MB globals, 20 P
gc 11343 @301.207s 1%: 0.018+7.0+0.098 ms clock, 0.36+0/1.4/0+1.9 ms cpu, 232->269->171 MB, 254 MB goal, 0 MB stacks, 0 MB globals, 20 P
gc 11344 @301.230s 1%: 4.3+6.8+0.091 ms clock, 86+0/5.0/0+1.8 ms cpu, 307->334->152 MB, 342 MB goal, 0 MB stacks, 0 MB globals, 20 P
gc 11345 @301.253s 1%: 0.28+0.80+0.10 ms clock, 5.6+0/1.3/0+2.0 ms cpu, 269->280->132 MB, 305 MB goal, 0 MB stacks, 0 MB globals, 20 P
gc 11346 @301.265s 1%: 0.053+1.3+0.005 ms clock, 1.0+0/2.0/0.051+0.11 ms cpu, 235->235->137 MB, 265 MB goal, 0 MB stacks, 0 MB globals, 20 P
gc 11347 @301.274s 1%: 0.018+9.6+0.082 ms clock, 0.37+0.060/1.1/0+1.6 ms cpu, 237->304->179 MB, 275 MB goal, 0 MB stacks, 0 MB globals, 20 P
gc 11348 @301.295s 1%: 2.7+10+0.11 ms clock, 55+0/5.2/0.050+2.3 ms cpu, 316->355->159 MB, 360 MB goal, 0 MB stacks, 0 MB globals, 20 P
gc 11349 @301.322s 1%: 0.29+3.8+0.021 ms clock, 5.8+0/4.0/0+0.43 ms cpu, 274->297->144 MB, 319 MB goal, 0 MB stacks, 0 MB globals, 20 P
gc 11350 @301.337s 1%: 0.027+2.5+0.014 ms clock, 0.54+0/0.93/0+0.29 ms cpu, 247->281->146 MB, 289 MB goal, 0 MB stacks, 0 MB globals, 20 P
gc 11351 @301.348s 1%: 0.039+0.70+0.084 ms clock, 0.78+0/1.2/0+1.6 ms cpu, 250->250->133 MB, 293 MB goal, 0 MB stacks, 0 MB globals, 20 P
gc 11352 @301.357s 1%: 0.036+2.3+1.5 ms clock, 0.72+0.030/0.68/0+30 ms cpu, 237->250->135 MB, 266 MB goal, 0 MB stacks, 0 MB globals, 20 P
gc 11353 @301.371s 1%: 0.037+0.59+0.005 ms clock, 0.74+0/0.76/0.011+0.10 ms cpu, 232->235->129 MB, 271 MB goal, 0 MB stacks, 0 MB globals, 20 P
gc 11354 @301.377s 1%: 0.31+0.91+0.028 ms clock, 6.2+0/1.3/0+0.56 ms cpu, 222->233->130 MB, 260 MB goal, 0 MB stacks, 0 MB globals, 20 P
gc 11355 @301.386s 1%: 0.032+4.2+3.7 ms clock, 0.65+0/4.4/0+74 ms cpu, 232->247->149 MB, 262 MB goal, 0 MB stacks, 0 MB globals, 20 P
gc 11356 @301.407s 1%: 0.060+5.7+0.80 ms clock, 1.2+0/3.0/0+16 ms cpu, 270->293->127 MB, 300 MB goal, 0 MB stacks, 0 MB globals, 20 P
gc 11357 @301.420s 1%: 0.049+0.36+0.023 ms clock, 0.98+0.029/0.65/0+0.46 ms cpu, 232->232->123 MB, 254 MB goal, 0 MB stacks, 0 MB globals, 20 P
gc 11358 @301.429s 1%: 0.021+1.0+0.011 ms clock, 0.43+0/1.4/0+0.23 ms cpu, 237->237->128 MB, 247 MB goal, 0 MB stacks, 0 MB globals, 20 P
gc 11359 @301.441s 1%: 3.1+0.38+0.009 ms clock, 63+0/0.83/0+0.18 ms cpu, 235->236->107 MB, 257 MB goal, 0 MB stacks, 0 MB globals, 20 P
gc 11360 @301.451s 1%: 0.091+0.43+0.043 ms clock, 1.8+0.026/0.73/0+0.87 ms cpu, 201->204->124 MB, 215 MB goal, 0 MB stacks, 0 MB globals, 20 P
gc 11361 @301.461s 1%: 0.078+4.1+0.080 ms clock, 1.5+0/4.5/0+1.6 ms cpu, 246->269->156 MB, 249 MB goal, 0 MB stacks, 0 MB globals, 20 P
gc 11362 @301.483s 1%: 3.1+5.0+0.090 ms clock, 63+0/5.2/0+1.8 ms cpu, 297->323->149 MB, 313 MB goal, 0 MB stacks, 0 MB globals, 20 P
gc 11363 @301.504s 1%: 0.53+1.7+0.023 ms clock, 10+0/1.9/0+0.46 ms cpu, 278->305->150 MB, 299 MB goal, 0 MB stacks, 0 MB globals, 20 P
gc 11364 @301.518s 1%: 0.29+1.2+0.022 ms clock, 5.9+0/1.5/0+0.44 ms cpu, 286->297->133 MB, 300 MB goal, 0 MB stacks, 0 MB globals, 20 P
gc 11365 @301.530s 1%: 0.047+2.6+0.033 ms clock, 0.94+0/1.2/0+0.66 ms cpu, 246->276->146 MB, 268 MB goal, 0 MB stacks, 0 MB globals, 20 P
gc 11366 @301.543s 1%: 0.24+2.4+3.3 ms clock, 4.8+0/1.1/0+67 ms cpu, 264->300->150 MB, 293 MB goal, 0 MB stacks, 0 MB globals, 20 P
gc 11367 @301.559s 1%: 0.019+0.73+0.003 ms clock, 0.38+0.10/1.4/0+0.066 ms cpu, 267->273->112 MB, 300 MB goal, 0 MB stacks, 0 MB globals, 20 P
gc 11368 @301.565s 1%: 0.044+1.5+0.046 ms clock, 0.88+0/1.8/0+0.92 ms cpu, 206->220->153 MB, 224 MB goal, 0 MB stacks, 0 MB globals, 20 P
gc 11369 @301.580s 1%: 0.039+4.0+4.4 ms clock, 0.78+0.029/1.4/0.016+88 ms cpu, 282->306->142 MB, 308 MB goal, 0 MB stacks, 0 MB globals, 20 P
gc 11370 @301.598s 1%: 0.018+0.82+0.004 ms clock, 0.36+0.051/0.89/0.013+0.080 ms cpu, 251->260->113 MB, 285 MB goal, 0 MB stacks, 0 MB globals, 20 P
gc 11371 @301.603s 1%: 0.44+2.2+1.3 ms clock, 8.8+0/1.5/0+27 ms cpu, 195->223->151 MB, 227 MB goal, 0 MB stacks, 0 MB globals, 20 P
gc 11372 @301.619s 1%: 0.27+2.0+4.8 ms clock, 5.5+0/1.4/0+97 ms cpu, 279->305->147 MB, 304 MB goal, 0 MB stacks, 0 MB globals, 20 P
gc 11373 @301.636s 1%: 0.025+1.0+0.005 ms clock, 0.51+0/1.5/0+0.10 ms cpu, 274->274->124 MB, 294 MB goal, 0 MB stacks, 0 MB globals, 20 P
gc 11374 @301.646s 1%: 0.10+0.97+0.074 ms clock, 2.1+0/0.96/0.003+1.4 ms cpu, 224->233->112 MB, 249 MB goal, 0 MB stacks, 0 MB globals, 20 P
gc 11375 @301.652s 1%: 0.081+2.6+0.008 ms clock, 1.6+0.013/1.6/0+0.16 ms cpu, 204->231->150 MB, 225 MB goal, 0 MB stacks, 0 MB globals, 20 P
gc 11376 @301.666s 1%: 2.1+1.4+0.083 ms clock, 43+0/1.5/0+1.6 ms cpu, 278->289->132 MB, 301 MB goal, 0 MB stacks, 0 MB globals, 20 P
gc 11377 @301.682s 1%: 0.14+0.51+0.006 ms clock, 2.9+0/0.86/0+0.13 ms cpu, 240->240->112 MB, 265 MB goal, 0 MB stacks, 0 MB globals, 20 P
gc 11378 @301.687s 1%: 0.040+1.6+0.009 ms clock, 0.81+0/2.0/0.005+0.19 ms cpu, 198->198->138 MB, 224 MB goal, 0 MB stacks, 0 MB globals, 20 P
gc 11379 @301.697s 1%: 0.096+0.86+0.085 ms clock, 1.9+0/1.4/0+1.7 ms cpu, 266->266->131 MB, 276 MB goal, 0 MB stacks, 0 MB globals, 20 P
gc 11380 @301.707s 1%: 0.018+1.5+0.81 ms clock, 0.37+0/0.88/0+16 ms cpu, 239->257->136 MB, 262 MB goal, 0 MB stacks, 0 MB globals, 20 P
gc 11381 @301.718s 1%: 0.040+1.0+0.005 ms clock, 0.80+0/1.3/0+0.10 ms cpu, 252->252->134 MB, 274 MB goal, 0 MB stacks, 0 MB globals, 20 P
gc 11382 @301.726s 1%: 1.9+0.54+0.17 ms clock, 38+0/0.79/0+3.4 ms cpu, 243->247->117 MB, 268 MB goal, 0 MB stacks, 0 MB globals, 20 P
gc 11383 @301.737s 1%: 0.053+0.44+0.051 ms clock, 1.0+0/0.84/0.007+1.0 ms cpu, 210->211->124 MB, 235 MB goal, 0 MB stacks, 0 MB globals, 20 P
gc 11384 @301.745s 1%: 0.036+3.0+0.008 ms clock, 0.72+0/3.4/0+0.16 ms cpu, 241->241->133 MB, 249 MB goal, 0 MB stacks, 0 MB globals, 20 P
gc 11385 @301.759s 1%: 0.040+0.60+0.022 ms clock, 0.80+0.040/0.91/0+0.45 ms cpu, 250->253->127 MB, 266 MB goal, 0 MB stacks, 0 MB globals, 20 P
gc 11386 @301.769s 1%: 0.018+1.2+0.12 ms clock, 0.36+0.12/0.84/0+2.5 ms cpu, 237->254->119 MB, 255 MB goal, 0 MB stacks, 0 MB globals, 20 P
gc 11387 @301.779s 1%: 0.035+0.46+0.018 ms clock, 0.71+0/0.76/0+0.36 ms cpu, 223->226->124 MB, 239 MB goal, 0 MB stacks, 0 MB globals, 20 P
gc 11388 @301.789s 1%: 0.24+1.5+0.090 ms clock, 4.9+0/1.8/0.019+1.8 ms cpu, 233->244->130 MB, 248 MB goal, 0 MB stacks, 0 MB globals, 20 P
gc 11389 @301.802s 1%: 0.035+0.50+0.012 ms clock, 0.70+0/0.81/0.014+0.24 ms cpu, 245->247->124 MB, 261 MB goal, 0 MB stacks, 0 MB globals, 20 P
gc 11390 @301.810s 1%: 4.4+1.1+0.041 ms clock, 89+0/1.5/0+0.83 ms cpu, 240->254->135 MB, 249 MB goal, 0 MB stacks, 0 MB globals, 20 P
gc 11391 @301.827s 1%: 0.66+0.79+0.020 ms clock, 13+0/1.2/0+0.40 ms cpu, 262->273->129 MB, 272 MB goal, 0 MB stacks, 0 MB globals, 20 P
gc 11392 @301.840s 1%: 0.30+0.50+0.005 ms clock, 6.1+0/0.91/0+0.10 ms cpu, 244->244->110 MB, 258 MB goal, 0 MB stacks, 0 MB globals, 20 P
gc 11393 @301.848s 1%: 0.041+0.49+0.020 ms clock, 0.83+0/0.75/0+0.40 ms cpu, 213->213->151 MB, 221 MB goal, 0 MB stacks, 0 MB globals, 20 P
gc 11394 @301.862s 1%: 3.6+5.9+0.009 ms clock, 72+0/6.2/0+0.18 ms cpu, 292->306->143 MB, 302 MB goal, 0 MB stacks, 0 MB globals, 20 P
gc 11395 @301.881s 1%: 0.034+0.93+0.009 ms clock, 0.68+0/1.5/0+0.18 ms cpu, 275->275->157 MB, 287 MB goal, 0 MB stacks, 0 MB globals, 20 P
gc 11396 @301.894s 1%: 0.046+0.71+0.022 ms clock, 0.93+0/1.1/0+0.44 ms cpu, 305->305->144 MB, 314 MB goal, 0 MB stacks, 0 MB globals, 20 P
gc 11397 @301.905s 1%: 0.037+0.52+0.051 ms clock, 0.75+0.10/0.65/0+1.0 ms cpu, 284->285->141 MB, 289 MB goal, 0 MB stacks, 0 MB globals, 20 P
gc 11398 @301.916s 1%: 0.043+1.0+0.009 ms clock, 0.86+0/1.3/0+0.18 ms cpu, 277->277->151 MB, 282 MB goal, 0 MB stacks, 0 MB globals, 20 P
gc 11399 @301.928s 1%: 3.5+0.70+0.004 ms clock, 70+0/1.2/0+0.089 ms cpu, 294->294->135 MB, 303 MB goal, 0 MB stacks, 0 MB globals, 20 P
gc 11400 @301.943s 1%: 0.038+1.0+0.004 ms clock, 0.76+0/1.4/0+0.093 ms cpu, 265->265->122 MB, 271 MB goal, 0 MB stacks, 0 MB globals, 20 P
gc 11401 @301.954s 1%: 0.11+1.9+0.22 ms clock, 2.2+0/1.4/0+4.5 ms cpu, 232->242->116 MB, 245 MB goal, 0 MB stacks, 0 MB globals, 20 P
gc 11402 @301.962s 1%: 0.018+1.7+0.010 ms clock, 0.37+0/0.74/0+0.21 ms cpu, 232->232->153 MB, 232 MB goal, 0 MB stacks, 0 MB globals, 20 P
gc 11403 @301.979s 1%: 0.039+3.1+0.004 ms clock, 0.79+0/3.4/0+0.082 ms cpu, 303->304->137 MB, 306 MB goal, 0 MB stacks, 0 MB globals, 20 P
gc 11404 @301.992s 1%: 0.038+1.7+0.010 ms clock, 0.77+0/2.1/0+0.20 ms cpu, 261->261->132 MB, 275 MB goal, 0 MB stacks, 0 MB globals, 20 P
gc 11405 @302.004s 1%: 0.073+4.7+0.026 ms clock, 1.4+0/4.7/0+0.52 ms cpu, 256->282->140 MB, 265 MB goal, 0 MB stacks, 0 MB globals, 20 P
gc 11406 @302.018s 1%: 0.041+1.0+0.010 ms clock, 0.82+0/1.3/0+0.20 ms cpu, 262->262->140 MB, 280 MB goal, 0 MB stacks, 0 MB globals, 20 P
gc 11407 @302.028s 1%: 0.034+1.4+0.039 ms clock, 0.69+0.031/0.71/0+0.79 ms cpu, 261->267->134 MB, 280 MB goal, 0 MB stacks, 0 MB globals, 20 P
gc 11408 @302.038s 1%: 0.063+3.4+0.022 ms clock, 1.2+0/2.8/0+0.45 ms cpu, 253->275->147 MB, 269 MB goal, 0 MB stacks, 0 MB globals, 20 P
gc 11409 @302.052s 1%: 0.83+4.7+0.60 ms clock, 16+0.039/0.67/0+12 ms cpu, 271->299->147 MB, 296 MB goal, 0 MB stacks, 0 MB globals, 20 P
gc 11410 @302.070s 1%: 0.31+0.40+0.003 ms clock, 6.3+0/0.73/0+0.074 ms cpu, 270->270->114 MB, 295 MB goal, 0 MB stacks, 0 MB globals, 20 P
gc 11411 @302.075s 1%: 0.45+7.6+0.006 ms clock, 9.1+0/2.1/0+0.13 ms cpu, 203->219->148 MB, 229 MB goal, 0 MB stacks, 0 MB globals, 20 P
gc 11412 @302.097s 1%: 0.020+1.9+0.044 ms clock, 0.40+0/1.8/0+0.88 ms cpu, 270->292->146 MB, 296 MB goal, 0 MB stacks, 0 MB globals, 20 P
gc 11413 @302.108s 1%: 0.048+0.95+0.010 ms clock, 0.96+0/1.3/0+0.20 ms cpu, 270->270->146 MB, 292 MB goal, 0 MB stacks, 0 MB globals, 20 P
gc 11414 @302.122s 1%: 0.026+2.2+2.3 ms clock, 0.53+0.19/1.6/0+47 ms cpu, 274->301->154 MB, 292 MB goal, 0 MB stacks, 0 MB globals, 20 P
gc 11415 @302.138s 1%: 0.041+3.8+1.5 ms clock, 0.83+0/1.0/0+30 ms cpu, 288->308->147 MB, 308 MB goal, 0 MB stacks, 0 MB globals, 20 P
gc 11416 @302.153s 1%: 0.034+0.42+0.14 ms clock, 0.68+0.077/0.98/0.012+2.8 ms cpu, 266->270->148 MB, 294 MB goal, 0 MB stacks, 0 MB globals, 20 P
gc 11417 @302.162s 1%: 0.83+6.6+0.11 ms clock, 16+0/2.0/0+2.3 ms cpu, 279->308->170 MB, 296 MB goal, 0 MB stacks, 0 MB globals, 20 P
gc 11418 @302.185s 1%: 0.12+6.6+0.013 ms clock, 2.4+0/7.4/0.008+0.27 ms cpu, 338->338->153 MB, 342 MB goal, 0 MB stacks, 0 MB globals, 20 P
gc 11419 @302.201s 1%: 0.50+3.5+0.005 ms clock, 10+0/3.9/0+0.11 ms cpu, 279->291->144 MB, 307 MB goal, 0 MB stacks, 0 MB globals, 20 P
gc 11420 @302.215s 1%: 0.075+1.4+0.022 ms clock, 1.5+0/2.0/0+0.44 ms cpu, 264->276->166 MB, 289 MB goal, 0 MB stacks, 0 MB globals, 20 P
gc 11421 @302.229s 1%: 0.096+0.55+0.097 ms clock, 1.9+0.19/0.61/0.006+1.9 ms cpu, 304->316->157 MB, 333 MB goal, 0 MB stacks, 0 MB globals, 20 P
gc 11422 @302.245s 1%: 2.0+1.3+0.026 ms clock, 40+0/1.9/0+0.53 ms cpu, 299->313->147 MB, 316 MB goal, 0 MB stacks, 0 MB globals, 20 P
gc 11423 @302.260s 1%: 0.021+0.69+0.060 ms clock, 0.42+0.59/0.75/0+1.2 ms cpu, 267->267->123 MB, 295 MB goal, 0 MB stacks, 0 MB globals, 20 P
gc 11424 @302.269s 1%: 0.046+0.39+0.019 ms clock, 0.93+0.097/0.82/0+0.38 ms cpu, 217->217->134 MB, 246 MB goal, 0 MB stacks, 0 MB globals, 20 P
gc 11425 @302.278s 1%: 2.9+3.9+0.003 ms clock, 59+0/4.1/0+0.073 ms cpu, 263->263->130 MB, 268 MB goal, 0 MB stacks, 0 MB globals, 20 P
gc 11426 @302.296s 1%: 0.17+1.3+0.013 ms clock, 3.5+0/1.2/0+0.27 ms cpu, 252->259->126 MB, 261 MB goal, 0 MB stacks, 0 MB globals, 20 P
gc 11427 @302.303s 1%: 0.035+0.63+0.10 ms clock, 0.71+0/0.92/0+2.0 ms cpu, 239->239->166 MB, 253 MB goal, 0 MB stacks, 0 MB globals, 20 P
gc 11428 @302.325s 1%: 0.034+1.1+0.007 ms clock, 0.68+0/1.5/0+0.15 ms cpu, 322->322->151 MB, 333 MB goal, 0 MB stacks, 0 MB globals, 20 P
gc 11429 @302.337s 1%: 3.1+0.65+0.004 ms clock, 62+0/1.4/0+0.088 ms cpu, 291->291->132 MB, 302 MB goal, 0 MB stacks, 0 MB globals, 20 P
gc 11430 @302.352s 1%: 0.019+2.0+2.2 ms clock, 0.38+0/0.92/0+44 ms cpu, 255->267->138 MB, 264 MB goal, 0 MB stacks, 0 MB globals, 20 P
gc 11431 @302.368s 1%: 0.054+0.63+0.19 ms clock, 1.0+0/1.0/0.006+3.8 ms cpu, 273->276->146 MB, 278 MB goal, 0 MB stacks, 0 MB globals, 20 P
gc 11432 @302.381s 1%: 0.025+0.40+0.006 ms clock, 0.50+0.29/1.0/0.016+0.12 ms cpu, 281->281->126 MB, 292 MB goal, 0 MB stacks, 0 MB globals, 20 P
gc 11433 @302.394s 1%: 0.056+0.40+0.021 ms clock, 1.1+0/0.75/0+0.42 ms cpu, 241->244->116 MB, 252 MB goal, 0 MB stacks, 0 MB globals, 20 P
gc 11434 @302.401s 1%: 0.040+4.8+0.013 ms clock, 0.80+0/5.4/0.001+0.26 ms cpu, 246->246->150 MB, 246 MB goal, 0 MB stacks, 0 MB globals, 20 P
gc 11435 @302.418s 1%: 0.068+2.5+0.007 ms clock, 1.3+0/2.8/0+0.15 ms cpu, 289->289->144 MB, 301 MB goal, 0 MB stacks, 0 MB globals, 20 P
gc 11436 @302.432s 1%: 0.022+1.2+0.005 ms clock, 0.45+0.19/1.4/0+0.10 ms cpu, 277->277->122 MB, 289 MB goal, 0 MB stacks, 0 MB globals, 20 P
gc 11437 @302.443s 1%: 0.045+0.48+0.020 ms clock, 0.91+0/0.80/0+0.41 ms cpu, 233->233->166 MB, 244 MB goal, 0 MB stacks, 0 MB globals, 20 P
gc 11438 @302.462s 1%: 0.044+5.6+0.083 ms clock, 0.89+0/5.9/0+1.6 ms cpu, 337->356->173 MB, 337 MB goal, 0 MB stacks, 0 MB globals, 20 P
gc 11439 @302.481s 1%: 2.0+0.58+0.021 ms clock, 40+0/0.73/0+0.42 ms cpu, 327->342->136 MB, 346 MB goal, 0 MB stacks, 0 MB globals, 20 P
gc 11440 @302.494s 1%: 0.040+0.86+0.13 ms clock, 0.80+0/1.2/0+2.6 ms cpu, 261->261->144 MB, 274 MB goal, 0 MB stacks, 0 MB globals, 20 P
gc 11441 @302.505s 1%: 0.97+0.33+0.011 ms clock, 19+0/0.86/0+0.23 ms cpu, 271->271->122 MB, 289 MB goal, 0 MB stacks, 0 MB globals, 20 P
gc 11442 @302.515s 1%: 0.039+0.62+0.014 ms clock, 0.78+0/0.74/0+0.29 ms cpu, 227->230->139 MB, 244 MB goal, 0 MB stacks, 0 MB globals, 20 P
gc 11443 @302.523s 1%: 0.038+4.0+0.009 ms clock, 0.76+0/4.6/0.008+0.18 ms cpu, 278->278->149 MB, 279 MB goal, 0 MB stacks, 0 MB globals, 20 P
gc 11444 @302.536s 1%: 6.9+1.1+0.099 ms clock, 139+0/1.4/0+1.9 ms cpu, 280->304->154 MB, 299 MB goal, 0 MB stacks, 0 MB globals, 20 P
gc 11445 @302.562s 1%: 0.18+6.7+0.004 ms clock, 3.7+0/4.2/0+0.082 ms cpu, 292->308->145 MB, 310 MB goal, 0 MB stacks, 0 MB globals, 20 P
gc 11446 @302.579s 1%: 0.52+0.49+0.90 ms clock, 10+0/0.83/0+18 ms cpu, 268->281->134 MB, 291 MB goal, 0 MB stacks, 0 MB globals, 20 P
gc 11447 @302.592s 1%: 0.057+0.45+0.077 ms clock, 1.1+0.088/0.65/0+1.5 ms cpu, 246->248->140 MB, 269 MB goal, 0 MB stacks, 0 MB globals, 20 P
gc 11448 @302.603s 1%: 0.018+0.98+1.9 ms clock, 0.37+0/1.5/0.037+39 ms cpu, 264->275->127 MB, 281 MB goal, 0 MB stacks, 0 MB globals, 20 P
gc 11449 @302.613s 1%: 0.038+1.7+0.005 ms clock, 0.76+0/2.3/0+0.11 ms cpu, 247->247->153 MB, 255 MB goal, 0 MB stacks, 0 MB globals, 20 P
gc 11450 @302.629s 1%: 0.65+0.38+0.006 ms clock, 13+0.11/0.74/0+0.12 ms cpu, 292->292->117 MB, 307 MB goal, 0 MB stacks, 0 MB globals, 20 P
gc 11451 @302.635s 1%: 0.039+1.3+0.009 ms clock, 0.79+0/1.7/0+0.19 ms cpu, 238->238->152 MB, 238 MB goal, 0 MB stacks, 0 MB globals, 20 P
gc 11452 @302.648s 1%: 3.7+6.0+0.014 ms clock, 74+0/6.3/0+0.28 ms cpu, 305->318->148 MB, 306 MB goal, 0 MB stacks, 0 MB globals, 20 P
gc 11453 @302.668s 1%: 0.67+1.2+0.003 ms clock, 13+0/1.9/0+0.073 ms cpu, 291->291->133 MB, 297 MB goal, 0 MB stacks, 0 MB globals, 20 P
gc 11454 @302.681s 1%: 0.041+2.5+0.020 ms clock, 0.82+0/3.0/0+0.40 ms cpu, 267->268->152 MB, 267 MB goal, 0 MB stacks, 0 MB globals, 20 P
gc 11455 @302.695s 1%: 0.039+0.81+0.014 ms clock, 0.78+0/1.1/0+0.28 ms cpu, 298->298->144 MB, 305 MB goal, 0 MB stacks, 0 MB globals, 20 P
gc 11456 @302.706s 1%: 0.049+1.4+0.003 ms clock, 0.98+0/1.7/0+0.065 ms cpu, 281->286->130 MB, 289 MB goal, 0 MB stacks, 0 MB globals, 20 P
gc 11457 @302.716s 1%: 0.041+0.57+1.7 ms clock, 0.83+0/0.89/0.007+34 ms cpu, 250->257->149 MB, 260 MB goal, 0 MB stacks, 0 MB globals, 20 P
gc 11458 @302.729s 1%: 0.096+2.0+0.009 ms clock, 1.9+0.067/0.76/0+0.18 ms cpu, 289->317->166 MB, 299 MB goal, 0 MB stacks, 0 MB globals, 20 P
gc 11459 @302.743s 1%: 0.41+0.66+4.3 ms clock, 8.3+0/0.78/0+87 ms cpu, 305->321->138 MB, 333 MB goal, 0 MB stacks, 0 MB globals, 20 P
gc 11460 @302.757s 1%: 0.039+0.79+0.22 ms clock, 0.79+0/1.4/0.002+4.4 ms cpu, 249->249->140 MB, 277 MB goal, 0 MB stacks, 0 MB globals, 20 P
gc 11461 @302.767s 1%: 0.10+2.4+0.004 ms clock, 2.0+0/2.7/0+0.093 ms cpu, 255->259->124 MB, 282 MB goal, 0 MB stacks, 0 MB globals, 20 P
gc 11462 @302.777s 1%: 0.034+0.57+0.084 ms clock, 0.69+0/0.81/0+1.6 ms cpu, 222->226->139 MB, 249 MB goal, 0 MB stacks, 0 MB globals, 20 P
gc 11463 @302.786s 1%: 0.066+5.0+0.077 ms clock, 1.3+0/5.3/0+1.5 ms cpu, 265->265->144 MB, 278 MB goal, 0 MB stacks, 0 MB globals, 20 P
gc 11464 @302.801s 1%: 0.11+1.2+0.003 ms clock, 2.2+0/1.7/0.046+0.075 ms cpu, 262->270->127 MB, 290 MB goal, 0 MB stacks, 0 MB globals, 20 P
gc 11465 @302.809s 1%: 0.075+0.48+0.081 ms clock, 1.5+0.048/0.74/0+1.6 ms cpu, 228->229->134 MB, 254 MB goal, 0 MB stacks, 0 MB globals, 20 P
gc 11466 @302.820s 1%: 0.043+1.1+0.024 ms clock, 0.86+0/1.5/0+0.49 ms cpu, 259->259->141 MB, 269 MB goal, 0 MB stacks, 0 MB globals, 20 P
gc 11467 @302.835s 1%: 2.0+0.62+0.004 ms clock, 41+0/0.92/0.016+0.085 ms cpu, 267->269->121 MB, 283 MB goal, 0 MB stacks, 0 MB globals, 20 P
gc 11468 @302.847s 1%: 0.042+0.41+0.023 ms clock, 0.84+0.15/0.63/0+0.47 ms cpu, 242->242->138 MB, 242 MB goal, 0 MB stacks, 0 MB globals, 20 P
gc 11469 @302.858s 1%: 0.043+2.4+0.052 ms clock, 0.86+0/2.7/0.018+1.0 ms cpu, 277->277->148 MB, 277 MB goal, 0 MB stacks, 0 MB globals, 20 P
gc 11470 @302.876s 1%: 0.034+0.50+0.012 ms clock, 0.69+0.15/0.71/0.025+0.24 ms cpu, 289->291->143 MB, 296 MB goal, 0 MB stacks, 0 MB globals, 20 P
gc 11471 @302.887s 1%: 0.042+4.8+5.3 ms clock, 0.85+0/5.0/0+107 ms cpu, 290->316->178 MB, 290 MB goal, 0 MB stacks, 0 MB globals, 20 P
gc 11472 @302.911s 1%: 0.062+5.3+2.1 ms clock, 1.2+0/1.4/0+43 ms cpu, 331->369->161 MB, 357 MB goal, 0 MB stacks, 0 MB globals, 20 P
gc 11473 @302.931s 1%: 0.041+0.42+0.004 ms clock, 0.83+0/0.92/0.004+0.082 ms cpu, 285->285->119 MB, 323 MB goal, 0 MB stacks, 0 MB globals, 20 P
gc 11474 @302.936s 1%: 1.8+1.9+0.005 ms clock, 36+0/1.8/0+0.11 ms cpu, 211->227->154 MB, 240 MB goal, 0 MB stacks, 0 MB globals, 20 P
gc 11475 @302.949s 1%: 0.016+1.2+0.004 ms clock, 0.33+0.041/2.0/0.11+0.095 ms cpu, 271->277->131 MB, 308 MB goal, 0 MB stacks, 0 MB globals, 20 P
gc 11476 @302.959s 1%: 1.1+1.0+1.1 ms clock, 22+0/0.93/0+22 ms cpu, 228->248->150 MB, 264 MB goal, 0 MB stacks, 0 MB globals, 20 P
gc 11477 @302.972s 1%: 0.043+0.76+0.009 ms clock, 0.86+0/1.3/0+0.19 ms cpu, 270->270->149 MB, 300 MB goal, 0 MB stacks, 0 MB globals, 20 P
gc 11478 @302.983s 1%: 0.35+1.2+0.004 ms clock, 7.0+0/1.5/0.001+0.087 ms cpu, 266->274->134 MB, 298 MB goal, 0 MB stacks, 0 MB globals, 20 P
gc 11479 @302.994s 1%: 0.049+0.48+0.003 ms clock, 0.99+0/0.91/0.013+0.070 ms cpu, 234->234->113 MB, 269 MB goal, 0 MB stacks, 0 MB globals, 20 P
gc 11480 @303.002s 1%: 0.42+1.3+0.13 ms clock, 8.5+0/1.9/0+2.6 ms cpu, 216->216->133 MB, 227 MB goal, 0 MB stacks, 0 MB globals, 20 P
gc 11481 @303.018s 1%: 2.2+0.36+0.003 ms clock, 44+0/0.76/0+0.079 ms cpu, 247->249->118 MB, 267 MB goal, 0 MB stacks, 0 MB globals, 20 P
gc 11482 @303.026s 1%: 0.047+1.8+0.008 ms clock, 0.94+0/2.1/0+0.17 ms cpu, 216->216->149 MB, 237 MB goal, 0 MB stacks, 0 MB globals, 20 P
gc 11483 @303.048s 1%: 1.8+14+0.16 ms clock, 36+0/12/0+3.2 ms cpu, 289->321->161 MB, 298 MB goal, 0 MB stacks, 0 MB globals, 20 P
gc 11484 @303.079s 1%: 0.023+6.8+0.006 ms clock, 0.46+0.16/1.3/0+0.13 ms cpu, 299->322->150 MB, 324 MB goal, 0 MB stacks, 0 MB globals, 20 P
gc 11485 @303.095s 1%: 1.8+0.39+0.078 ms clock, 37+0/0.68/0+1.5 ms cpu, 268->271->122 MB, 300 MB goal, 0 MB stacks, 0 MB globals, 20 P
gc 11486 @303.103s 1%: 0.032+1.4+0.009 ms clock, 0.65+0/1.9/0+0.18 ms cpu, 223->223->152 MB, 246 MB goal, 0 MB stacks, 0 MB globals, 20 P
gc 11487 @303.116s 1%: 0.020+4.8+5.5 ms clock, 0.41+0/5.2/0+111 ms cpu, 276->305->161 MB, 305 MB goal, 0 MB stacks, 0 MB globals, 20 P
gc 11488 @303.139s 1%: 0.066+1.7+0.013 ms clock, 1.3+0/2.2/0+0.26 ms cpu, 299->299->138 MB, 323 MB goal, 0 MB stacks, 0 MB globals, 20 P
gc 11489 @303.153s 1%: 0.048+0.66+0.021 ms clock, 0.97+0/0.78/0+0.43 ms cpu, 257->259->129 MB, 276 MB goal, 0 MB stacks, 0 MB globals, 20 P
gc 11490 @303.161s 1%: 0.091+0.98+0.084 ms clock, 1.8+0/1.1/0+1.6 ms cpu, 248->258->145 MB, 260 MB goal, 0 MB stacks, 0 MB globals, 20 P
gc 11491 @303.174s 1%: 0.74+2.8+2.8 ms clock, 14+0.018/3.1/0+57 ms cpu, 263->283->136 MB, 290 MB goal, 0 MB stacks, 0 MB globals, 20 P
gc 11492 @303.193s 1%: 1.0+3.7+3.4 ms clock, 20+0/1.7/0+69 ms cpu, 250->283->144 MB, 273 MB goal, 0 MB stacks, 0 MB globals, 20 P
gc 11493 @303.215s 1%: 0.044+3.1+3.2 ms clock, 0.89+0/1.3/0+65 ms cpu, 263->298->148 MB, 288 MB goal, 0 MB stacks, 0 MB globals, 20 P
gc 11494 @303.232s 1%: 0.25+0.67+0.007 ms clock, 5.1+0/1.0/0.015+0.15 ms cpu, 262->265->110 MB, 297 MB goal, 0 MB stacks, 0 MB globals, 20 P
gc 11495 @303.238s 1%: 0.043+1.4+0.19 ms clock, 0.86+0/2.1/0+3.9 ms cpu, 196->196->134 MB, 220 MB goal, 0 MB stacks, 0 MB globals, 20 P
gc 11496 @303.252s 1%: 0.075+1.9+0.031 ms clock, 1.5+0/2.7/0.001+0.63 ms cpu, 237->251->129 MB, 269 MB goal, 0 MB stacks, 0 MB globals, 20 P
gc 11497 @303.264s 1%: 1.3+0.70+0.004 ms clock, 27+0/1.5/0.020+0.094 ms cpu, 227->227->120 MB, 259 MB goal, 0 MB stacks, 0 MB globals, 20 P
gc 11498 @303.278s 1%: 0.020+4.3+0.79 ms clock, 0.41+0/1.2/0+15 ms cpu, 208->228->129 MB, 241 MB goal, 0 MB stacks, 0 MB globals, 20 P
gc 11499 @303.292s 1%: 0.68+5.0+0.091 ms clock, 13+0/5.3/0+1.8 ms cpu, 233->260->159 MB, 258 MB goal, 0 MB stacks, 0 MB globals, 20 P
gc 11500 @303.312s 1%: 0.038+0.90+0.026 ms clock, 0.77+0/1.2/0+0.53 ms cpu, 290->290->139 MB, 319 MB goal, 0 MB stacks, 0 MB globals, 20 P
gc 11501 @303.322s 1%: 0.68+1.9+0.022 ms clock, 13+0/0.92/0+0.44 ms cpu, 244->277->147 MB, 278 MB goal, 0 MB stacks, 0 MB globals, 20 P
gc 11502 @303.333s 1%: 0.062+2.1+0.007 ms clock, 1.2+0/2.3/0+0.15 ms cpu, 269->269->140 MB, 294 MB goal, 0 MB stacks, 0 MB globals, 20 P
gc 11503 @303.345s 1%: 0.042+1.1+0.061 ms clock, 0.84+0/1.9/0.068+1.2 ms cpu, 255->255->148 MB, 281 MB goal, 0 MB stacks, 0 MB globals, 20 P
gc 11504 @303.356s 1%: 0.044+2.1+0.009 ms clock, 0.89+0/2.5/0+0.18 ms cpu, 278->278->142 MB, 296 MB goal, 0 MB stacks, 0 MB globals, 20 P
gc 11505 @303.366s 1%: 0.034+1.2+0.008 ms clock, 0.69+0/1.5/0.004+0.17 ms cpu, 254->254->144 MB, 284 MB goal, 0 MB stacks, 0 MB globals, 20 P
gc 11506 @303.376s 1%: 0.056+0.41+0.020 ms clock, 1.1+0/0.91/0+0.40 ms cpu, 260->260->134 MB, 289 MB goal, 0 MB stacks, 0 MB globals, 20 P
gc 11507 @303.384s 1%: 0.036+1.0+0.044 ms clock, 0.72+0/1.1/0.001+0.88 ms cpu, 236->241->144 MB, 268 MB goal, 0 MB stacks, 0 MB globals, 20 P
gc 11508 @303.397s 1%: 0.28+0.58+0.004 ms clock, 5.7+0/1.1/0.001+0.085 ms cpu, 258->258->118 MB, 289 MB goal, 0 MB stacks, 0 MB globals, 20 P
gc 11509 @303.402s 1%: 0.90+2.5+0.008 ms clock, 18+0/3.0/0+0.16 ms cpu, 211->225->150 MB, 236 MB goal, 0 MB stacks, 0 MB globals, 20 P
gc 11510 @303.418s 1%: 0.77+9.5+0.11 ms clock, 15+0/9.1/0.004+2.3 ms cpu, 275->307->162 MB, 301 MB goal, 0 MB stacks, 0 MB globals, 20 P
gc 11511 @303.441s 1%: 0.56+6.1+0.35 ms clock, 11+0/1.5/0+7.0 ms cpu, 295->330->161 MB, 325 MB goal, 0 MB stacks, 0 MB globals, 20 P
gc 11512 @303.460s 1%: 0.12+1.1+0.004 ms clock, 2.4+0/1.3/0+0.082 ms cpu, 293->301->132 MB, 323 MB goal, 0 MB stacks, 0 MB globals, 20 P
gc 11513 @303.467s 1%: 0.042+0.47+0.096 ms clock, 0.85+0/0.71/0+1.9 ms cpu, 237->237->169 MB, 265 MB goal, 0 MB stacks, 0 MB globals, 20 P
gc 11514 @303.479s 1%: 0.090+4.5+0.040 ms clock, 1.8+0/3.2/0+0.81 ms cpu, 311->340->169 MB, 339 MB goal, 0 MB stacks, 0 MB globals, 20 P
gc 11515 @303.499s 1%: 0.46+2.8+0.049 ms clock, 9.2+0/1.6/0+0.99 ms cpu, 309->353->181 MB, 340 MB goal, 0 MB stacks, 0 MB globals, 20 P
gc 11516 @303.515s 1%: 0.022+1.8+0.003 ms clock, 0.45+0.30/1.5/0+0.072 ms cpu, 320->336->152 MB, 362 MB goal, 0 MB stacks, 0 MB globals, 20 P
gc 11517 @303.528s 1%: 0.63+0.85+0.93 ms clock, 12+0/0.82/0+18 ms cpu, 262->279->140 MB, 305 MB goal, 0 MB stacks, 0 MB globals, 20 P
gc 11518 @303.538s 1%: 0.082+1.6+0.34 ms clock, 1.6+0/1.9/0+6.9 ms cpu, 241->245->142 MB, 282 MB goal, 0 MB stacks, 0 MB globals, 20 P
gc 11519 @303.549s 1%: 0.054+0.79+1.2 ms clock, 1.0+0/1.3/0+25 ms cpu, 247->255->153 MB, 286 MB goal, 0 MB stacks, 0 MB globals, 20 P
gc 11520 @303.562s 1%: 0.47+0.43+0.004 ms clock, 9.5+0/0.99/0+0.081 ms cpu, 264->264->122 MB, 306 MB goal, 0 MB stacks, 0 MB globals, 20 P
gc 11521 @303.569s 1%: 0.037+0.51+0.051 ms clock, 0.75+0/0.75/0+1.0 ms cpu, 214->214->161 MB, 245 MB goal, 0 MB stacks, 0 MB globals, 20 P
gc 11522 @303.580s 1%: 3.1+11+0.016 ms clock, 62+0/5.6/0+0.32 ms cpu, 287->332->177 MB, 324 MB goal, 0 MB stacks, 0 MB globals, 20 P
gc 11523 @303.606s 1%: 0.15+4.7+0.008 ms clock, 3.1+0/2.0/0+0.16 ms cpu, 310->334->154 MB, 355 MB goal, 0 MB stacks, 0 MB globals, 20 P
gc 11524 @303.620s 1%: 0.020+2.0+0.003 ms clock, 0.40+0.23/0.57/0+0.068 ms cpu, 265->289->145 MB, 310 MB goal, 0 MB stacks, 0 MB globals, 20 P
gc 11525 @303.630s 1%: 0.077+1.1+0.018 ms clock, 1.5+0/0.99/0.001+0.36 ms cpu, 264->270->151 MB, 290 MB goal, 0 MB stacks, 0 MB globals, 20 P
gc 11526 @303.640s 1%: 0.047+4.3+0.27 ms clock, 0.95+0/3.7/0+5.5 ms cpu, 262->291->150 MB, 304 MB goal, 0 MB stacks, 0 MB globals, 20 P
gc 11527 @303.654s 1%: 0.040+0.43+0.012 ms clock, 0.81+0/0.97/0+0.25 ms cpu, 259->259->145 MB, 301 MB goal, 0 MB stacks, 0 MB globals, 20 P
gc 11528 @303.662s 1%: 0.042+1.0+0.014 ms clock, 0.84+0/1.7/0+0.28 ms cpu, 250->250->147 MB, 291 MB goal, 0 MB stacks, 0 MB globals, 20 P
gc 11529 @303.673s 1%: 0.068+4.2+0.11 ms clock, 1.3+0/4.0/0.036+2.2 ms cpu, 256->277->144 MB, 294 MB goal, 0 MB stacks, 0 MB globals, 20 P
gc 11530 @303.691s 1%: 0.017+4.5+2.6 ms clock, 0.35+0.005/3.7/0+53 ms cpu, 264->290->142 MB, 289 MB goal, 0 MB stacks, 0 MB globals, 20 P
gc 11531 @303.708s 1%: 2.8+1.1+0.039 ms clock, 56+0/0.79/0+0.79 ms cpu, 257->276->147 MB, 285 MB goal, 0 MB stacks, 0 MB globals, 20 P
gc 11532 @303.721s 1%: 0.043+1.0+0.007 ms clock, 0.86+0/1.4/0+0.14 ms cpu, 272->272->147 MB, 294 MB goal, 0 MB stacks, 0 MB globals, 20 P
gc 11533 @303.730s 1%: 0.88+0.44+0.28 ms clock, 17+0/1.0/0+5.7 ms cpu, 267->284->143 MB, 296 MB goal, 0 MB stacks, 0 MB globals, 20 P
gc 11534 @303.743s 1%: 0.31+0.35+0.003 ms clock, 6.3+0/0.77/0+0.077 ms cpu, 259->259->115 MB, 287 MB goal, 0 MB stacks, 0 MB globals, 20 P
gc 11535 @303.749s 1%: 0.036+1.3+0.009 ms clock, 0.72+0/1.8/0+0.18 ms cpu, 208->208->143 MB, 231 MB goal, 0 MB stacks, 0 MB globals, 20 P
gc 11536 @303.760s 1%: 0.022+5.1+0.005 ms clock, 0.45+0.24/4.4/0+0.11 ms cpu, 269->281->139 MB, 287 MB goal, 0 MB stacks, 0 MB globals, 20 P
gc 11537 @303.776s 1%: 0.022+1.9+0.012 ms clock, 0.45+0.26/1.0/0.011+0.25 ms cpu, 255->277->143 MB, 280 MB goal, 0 MB stacks, 0 MB globals, 20 P
gc 11538 @303.789s 1%: 0.030+2.8+0.68 ms clock, 0.61+0.14/1.1/0+13 ms cpu, 261->283->133 MB, 288 MB goal, 0 MB stacks, 0 MB globals, 20 P
gc 11539 @303.802s 1%: 0.046+0.57+0.18 ms clock, 0.93+0.035/0.72/0.006+3.7 ms cpu, 252->252->147 MB, 268 MB goal, 0 MB stacks, 0 MB globals, 20 P
gc 11540 @303.816s 1%: 0.043+0.72+0.053 ms clock, 0.86+0/1.1/0+1.0 ms cpu, 271->271->141 MB, 294 MB goal, 0 MB stacks, 0 MB globals, 20 P
gc 11541 @303.823s 1%: 0.076+5.1+0.085 ms clock, 1.5+0/5.4/0+1.7 ms cpu, 264->264->149 MB, 283 MB goal, 0 MB stacks, 0 MB globals, 20 P
gc 11542 @303.840s 1%: 1.6+0.70+0.024 ms clock, 32+0/1.2/0+0.48 ms cpu, 280->293->145 MB, 299 MB goal, 0 MB stacks, 0 MB globals, 20 P
gc 11543 @303.854s 1%: 0.28+4.4+0.004 ms clock, 5.7+0/0.99/0+0.093 ms cpu, 268->292->148 MB, 290 MB goal, 0 MB stacks, 0 MB globals, 20 P
gc 11544 @303.872s 1%: 0.032+2.8+0.007 ms clock, 0.64+0/2.7/0+0.15 ms cpu, 276->292->135 MB, 298 MB goal, 0 MB stacks, 0 MB globals, 20 P
gc 11545 @303.885s 1%: 0.10+0.61+0.026 ms clock, 2.0+0/1.0/0+0.52 ms cpu, 253->253->140 MB, 271 MB goal, 0 MB stacks, 0 MB globals, 20 P
gc 11546 @303.898s 1%: 0.054+2.9+5.3 ms clock, 1.0+0.038/1.0/0.005+107 ms cpu, 261->290->158 MB, 282 MB goal, 0 MB stacks, 0 MB globals, 20 P
gc 11547 @303.920s 1%: 0.71+1.9+0.003 ms clock, 14+0/2.3/0+0.070 ms cpu, 294->301->125 MB, 317 MB goal, 0 MB stacks, 0 MB globals, 20 P
gc 11548 @303.928s 1%: 0.042+1.6+0.013 ms clock, 0.84+0/2.0/0+0.26 ms cpu, 227->227->151 MB, 250 MB goal, 0 MB stacks, 0 MB globals, 20 P
gc 11549 @303.942s 1%: 1.2+0.64+0.005 ms clock, 25+0/1.1/0.008+0.11 ms cpu, 275->275->129 MB, 302 MB goal, 0 MB stacks, 0 MB globals, 20 P
gc 11550 @303.953s 1%: 0.044+0.99+0.013 ms clock, 0.89+0/1.4/0+0.26 ms cpu, 231->235->145 MB, 258 MB goal, 0 MB stacks, 0 MB globals, 20 P
gc 11551 @303.964s 1%: 0.038+1.0+0.007 ms clock, 0.77+0/1.2/0+0.14 ms cpu, 270->270->149 MB, 290 MB goal, 0 MB stacks, 0 MB globals, 20 P
gc 11552 @303.975s 1%: 0.063+1.8+0.004 ms clock, 1.2+0.043/0.88/0+0.098 ms cpu, 271->278->146 MB, 299 MB goal, 0 MB stacks, 0 MB globals, 20 P
gc 11553 @303.986s 1%: 0.041+0.50+0.022 ms clock, 0.83+0/1.0/0.011+0.45 ms cpu, 265->265->145 MB, 294 MB goal, 0 MB stacks, 0 MB globals, 20 P
gc 11554 @303.997s 1%: 0.038+0.95+0.005 ms clock, 0.76+0/1.3/0+0.10 ms cpu, 267->267->151 MB, 291 MB goal, 0 MB stacks, 0 MB globals, 20 P
gc 11555 @304.007s 1%: 0.043+0.32+0.018 ms clock, 0.87+0.027/0.72/0+0.37 ms cpu, 285->285->142 MB, 302 MB goal, 0 MB stacks, 0 MB globals, 20 P
gc 11556 @304.017s 1%: 0.045+3.7+0.009 ms clock, 0.91+0/4.0/0+0.19 ms cpu, 285->285->152 MB, 285 MB goal, 0 MB stacks, 0 MB globals, 20 P
gc 11557 @304.033s 1%: 3.5+3.7+0.003 ms clock, 71+0/3.9/0+0.064 ms cpu, 306->306->136 MB, 306 MB goal, 0 MB stacks, 0 MB globals, 20 P
gc 11558 @304.051s 1%: 0.11+0.64+0.013 ms clock, 2.3+0/1.0/0+0.27 ms cpu, 267->267->124 MB, 273 MB goal, 0 MB stacks, 0 MB globals, 20 P
gc 11559 @304.062s 1%: 0.037+0.75+0.009 ms clock, 0.74+0/1.2/0+0.18 ms cpu, 248->248->140 MB, 249 MB goal, 0 MB stacks, 0 MB globals, 20 P
gc 11560 @304.080s 1%: 0.046+0.30+0.020 ms clock, 0.93+0.042/0.66/0+0.40 ms cpu, 276->276->146 MB, 281 MB goal, 0 MB stacks, 0 MB globals, 20 P
gc 11561 @304.093s 1%: 0.022+0.96+0.003 ms clock, 0.44+0.15/1.5/0.092+0.069 ms cpu, 288->291->118 MB, 293 MB goal, 0 MB stacks, 0 MB globals, 20 P
gc 11562 @304.102s 1%: 0.17+1.5+0.004 ms clock, 3.4+0/1.7/0+0.081 ms cpu, 239->239->126 MB, 239 MB goal, 0 MB stacks, 0 MB globals, 20 P
gc 11563 @304.113s 1%: 0.038+0.85+0.008 ms clock, 0.76+0/1.3/0+0.16 ms cpu, 251->251->142 MB, 252 MB goal, 0 MB stacks, 0 MB globals, 20 P
gc 11564 @304.125s 1%: 3.3+0.74+0.005 ms clock, 66+0/1.4/0.042+0.10 ms cpu, 282->282->122 MB, 286 MB goal, 0 MB stacks, 0 MB globals, 20 P
gc 11565 @304.140s 1%: 0.036+1.2+0.006 ms clock, 0.72+0/1.1/0.005+0.12 ms cpu, 242->244->115 MB, 246 MB goal, 0 MB stacks, 0 MB globals, 20 P
gc 11566 @304.149s 1%: 0.022+0.47+0.014 ms clock, 0.45+0.12/0.88/0+0.29 ms cpu, 228->228->147 MB, 230 MB goal, 0 MB stacks, 0 MB globals, 20 P
gc 11567 @304.164s 1%: 0.093+3.9+0.015 ms clock, 1.8+0/4.3/0+0.31 ms cpu, 302->302->145 MB, 302 MB goal, 0 MB stacks, 0 MB globals, 20 P
gc 11568 @304.178s 1%: 1.3+0.80+0.010 ms clock, 27+0/1.4/0+0.20 ms cpu, 290->290->129 MB, 291 MB goal, 0 MB stacks, 0 MB globals, 20 P
gc 11569 @304.192s 1%: 0.018+1.1+0.003 ms clock, 0.37+0.22/1.4/0.001+0.073 ms cpu, 262->262->120 MB, 262 MB goal, 0 MB stacks, 0 MB globals, 20 P
gc 11570 @304.200s 1%: 0.030+2.6+0.018 ms clock, 0.60+0/2.9/0.001+0.36 ms cpu, 240->240->155 MB, 241 MB goal, 0 MB stacks, 0 MB globals, 20 P
gc 11571 @304.218s 1%: 0.26+0.39+0.013 ms clock, 5.2+0/0.78/0+0.26 ms cpu, 307->309->123 MB, 311 MB goal, 0 MB stacks, 0 MB globals, 20 P
gc 11572 @304.226s 1%: 0.031+1.3+0.009 ms clock, 0.63+0/1.8/0+0.18 ms cpu, 248->248->159 MB, 248 MB goal, 0 MB stacks, 0 MB globals, 20 P
gc 11573 @304.242s 1%: 1.3+0.42+0.003 ms clock, 27+0.13/0.53/0+0.071 ms cpu, 314->315->125 MB, 318 MB goal, 0 MB stacks, 0 MB globals, 20 P
gc 11574 @304.252s 1%: 0.83+0.83+0.006 ms clock, 16+0/1.1/0+0.12 ms cpu, 249->249->132 MB, 250 MB goal, 0 MB stacks, 0 MB globals, 20 P
gc 11575 @304.264s 1%: 0.75+2.3+0.003 ms clock, 15+0/2.5/0+0.075 ms cpu, 262->262->120 MB, 264 MB goal, 0 MB stacks, 0 MB globals, 20 P
gc 11576 @304.278s 1%: 0.059+0.45+0.010 ms clock, 1.1+0/0.73/0+0.20 ms cpu, 238->238->109 MB, 241 MB goal, 0 MB stacks, 0 MB globals, 20 P
gc 11577 @304.284s 1%: 0.24+1.8+0.003 ms clock, 4.9+0/2.2/0+0.067 ms cpu, 221->221->131 MB, 221 MB goal, 0 MB stacks, 0 MB globals, 20 P
gc 11578 @304.298s 1%: 0.89+2.3+0.003 ms clock, 17+0/2.6/0.010+0.074 ms cpu, 260->260->123 MB, 263 MB goal, 0 MB stacks, 0 MB globals, 20 P
gc 11579 @304.313s 1%: 0.040+0.51+0.009 ms clock, 0.80+0/1.2/0.005+0.18 ms cpu, 243->243->142 MB, 247 MB goal, 0 MB stacks, 0 MB globals, 20 P
gc 11580 @304.326s 1%: 2.1+0.41+0.005 ms clock, 42+0.008/0.82/0+0.11 ms cpu, 282->282->123 MB, 284 MB goal, 0 MB stacks, 0 MB globals, 20 P
gc 11581 @304.339s 1%: 0.042+0.94+0.009 ms clock, 0.85+0.054/0.76/0+0.19 ms cpu, 244->246->142 MB, 247 MB goal, 0 MB stacks, 0 MB globals, 20 P
gc 11582 @304.352s 1%: 0.043+9.7+0.005 ms clock, 0.86+0/4.1/0+0.10 ms cpu, 287->316->179 MB, 287 MB goal, 0 MB stacks, 0 MB globals, 20 P
gc 11583 @304.375s 1%: 0.019+10+2.2 ms clock, 0.39+0/5.1/0.007+45 ms cpu, 340->391->176 MB, 359 MB goal, 0 MB stacks, 0 MB globals, 20 P
gc 11584 @304.400s 1%: 0.042+1.8+0.027 ms clock, 0.84+0/0.96/0+0.54 ms cpu, 302->336->158 MB, 353 MB goal, 0 MB stacks, 0 MB globals, 20 P
gc 11585 @304.412s 1%: 0.017+3.2+0.006 ms clock, 0.35+0/3.6/0+0.12 ms cpu, 271->284->131 MB, 316 MB goal, 0 MB stacks, 0 MB globals, 20 P
gc 11586 @304.421s 1%: 0.035+1.4+0.009 ms clock, 0.71+0/1.9/0+0.18 ms cpu, 231->231->151 MB, 262 MB goal, 0 MB stacks, 0 MB globals, 20 P
gc 11587 @304.431s 1%: 0.038+0.94+0.010 ms clock, 0.77+0/0.88/0+0.21 ms cpu, 260->266->142 MB, 302 MB goal, 0 MB stacks, 0 MB globals, 20 P
gc 11588 @304.440s 1%: 0.047+2.9+0.008 ms clock, 0.95+0/3.4/0+0.16 ms cpu, 250->250->144 MB, 286 MB goal, 0 MB stacks, 0 MB globals, 20 P
gc 11589 @304.451s 1%: 0.042+0.91+0.008 ms clock, 0.84+0/1.4/0.001+0.16 ms cpu, 247->247->147 MB, 290 MB goal, 0 MB stacks, 0 MB globals, 20 P
gc 11590 @304.461s 1%: 0.18+1.1+0.009 ms clock, 3.6+0/1.8/0+0.19 ms cpu, 252->252->151 MB, 294 MB goal, 0 MB stacks, 0 MB globals, 20 P
gc 11591 @304.471s 1%: 0.061+2.6+0.003 ms clock, 1.2+0/3.1/0.017+0.072 ms cpu, 262->275->139 MB, 302 MB goal, 0 MB stacks, 0 MB globals, 20 P
gc 11592 @304.480s 1%: 0.042+0.59+0.045 ms clock, 0.85+0/0.80/0+0.91 ms cpu, 240->243->144 MB, 279 MB goal, 0 MB stacks, 0 MB globals, 20 P
gc 11593 @304.492s 1%: 0.057+1.1+0.010 ms clock, 1.1+0/1.5/0+0.21 ms cpu, 256->256->148 MB, 289 MB goal, 0 MB stacks, 0 MB globals, 20 P
gc 11594 @304.505s 1%: 1.4+0.47+0.005 ms clock, 29+0.027/0.80/0+0.11 ms cpu, 262->264->125 MB, 296 MB goal, 0 MB stacks, 0 MB globals, 20 P
gc 11595 @304.516s 1%: 0.081+2.0+0.003 ms clock, 1.6+0/2.1/0+0.078 ms cpu, 251->251->130 MB, 251 MB goal, 0 MB stacks, 0 MB globals, 20 P
gc 11596 @304.530s 1%: 0.064+1.2+0.018 ms clock, 1.2+0/1.0/0+0.36 ms cpu, 251->257->152 MB, 261 MB goal, 0 MB stacks, 0 MB globals, 20 P
gc 11597 @304.544s 1%: 0.066+0.50+0.16 ms clock, 1.3+0/1.1/0+3.2 ms cpu, 296->298->140 MB, 305 MB goal, 0 MB stacks, 0 MB globals, 20 P
gc 11598 @304.557s 1%: 0.021+0.71+0.003 ms clock, 0.42+0/1.0/0+0.075 ms cpu, 270->270->121 MB, 280 MB goal, 0 MB stacks, 0 MB globals, 20 P
gc 11599 @304.570s 1%: 0.16+0.65+0.034 ms clock, 3.2+0/1.3/0+0.68 ms cpu, 230->233->137 MB, 242 MB goal, 0 MB stacks, 0 MB globals, 20 P
gc 11600 @304.584s 1%: 0.22+4.6+0.003 ms clock, 4.5+0/5.0/0+0.070 ms cpu, 281->281->117 MB, 281 MB goal, 0 MB stacks, 0 MB globals, 20 P
gc 11601 @304.598s 1%: 0.018+0.71+0.008 ms clock, 0.37+0.21/0.75/0+0.16 ms cpu, 230->234->108 MB, 234 MB goal, 0 MB stacks, 0 MB globals, 20 P
gc 11602 @304.604s 1%: 0.41+1.6+0.024 ms clock, 8.3+0/2.2/0+0.49 ms cpu, 216->227->138 MB, 218 MB goal, 0 MB stacks, 0 MB globals, 20 P
gc 11603 @304.619s 1%: 0.040+1.1+0.009 ms clock, 0.81+0/1.4/0+0.18 ms cpu, 275->275->131 MB, 276 MB goal, 0 MB stacks, 0 MB globals, 20 P
gc 11604 @304.630s 1%: 0.037+0.47+0.14 ms clock, 0.75+0/0.85/0.010+2.8 ms cpu, 253->256->126 MB, 263 MB goal, 0 MB stacks, 0 MB globals, 20 P
gc 11605 @304.639s 1%: 1.5+1.4+0.079 ms clock, 30+0/1.8/0+1.5 ms cpu, 247->261->137 MB, 254 MB goal, 0 MB stacks, 0 MB globals, 20 P
gc 11606 @304.657s 1%: 0.051+1.3+0.006 ms clock, 1.0+0/1.7/0+0.12 ms cpu, 274->274->128 MB, 275 MB goal, 0 MB stacks, 0 MB globals, 20 P
gc 11607 @304.669s 1%: 0.26+1.0+0.004 ms clock, 5.2+0/1.3/0+0.089 ms cpu, 252->252->114 MB, 256 MB goal, 0 MB stacks, 0 MB globals, 20 P
gc 11608 @304.679s 1%: 0.098+0.67+0.081 ms clock, 1.9+0/0.94/0.002+1.6 ms cpu, 231->231->131 MB, 231 MB goal, 0 MB stacks, 0 MB globals, 20 P
gc 11609 @304.691s 1%: 2.1+1.4+0.004 ms clock, 42+0.028/1.6/0+0.082 ms cpu, 251->251->111 MB, 263 MB goal, 0 MB stacks, 0 MB globals, 20 P
gc 11610 @304.704s 1%: 0.050+0.46+0.045 ms clock, 1.0+0.033/0.80/0+0.90 ms cpu, 210->210->138 MB, 222 MB goal, 0 MB stacks, 0 MB globals, 20 P
gc 11611 @304.717s 1%: 0.035+4.2+0.003 ms clock, 0.70+0/4.6/0+0.071 ms cpu, 275->275->112 MB, 277 MB goal, 0 MB stacks, 0 MB globals, 20 P
gc 11612 @304.729s 1%: 0.048+0.30+0.011 ms clock, 0.97+0/0.79/0+0.22 ms cpu, 215->215->151 MB, 225 MB goal, 0 MB stacks, 0 MB globals, 20 P
gc 11613 @304.742s 1%: 0.052+4.9+0.010 ms clock, 1.0+0/5.2/0+0.21 ms cpu, 306->306->140 MB, 306 MB goal, 0 MB stacks, 0 MB globals, 20 P
gc 11614 @304.757s 1%: 0.35+1.2+0.025 ms clock, 7.0+0/1.7/0+0.50 ms cpu, 276->287->133 MB, 280 MB goal, 0 MB stacks, 0 MB globals, 20 P
gc 11615 @304.770s 1%: 0.043+0.74+0.010 ms clock, 0.87+0/1.1/0.003+0.21 ms cpu, 263->263->129 MB, 268 MB goal, 0 MB stacks, 0 MB globals, 20 P
gc 11616 @304.782s 1%: 0.018+1.0+0.011 ms clock, 0.36+0.055/1.4/0+0.23 ms cpu, 246->252->116 MB, 259 MB goal, 0 MB stacks, 0 MB globals, 20 P
gc 11617 @304.790s 1%: 0.046+0.64+0.13 ms clock, 0.92+0/0.96/0+2.7 ms cpu, 219->222->127 MB, 232 MB goal, 0 MB stacks, 0 MB globals, 20 P
gc 11618 @304.801s 1%: 0.019+1.8+0.004 ms clock, 0.39+1.6/0.67/0.002+0.089 ms cpu, 256->256->113 MB, 256 MB goal, 0 MB stacks, 0 MB globals, 20 P
gc 11619 @304.812s 1%: 2.4+1.3+0.003 ms clock, 48+0/1.7/0.018+0.074 ms cpu, 222->222->118 MB, 226 MB goal, 0 MB stacks, 0 MB globals, 20 P
gc 11620 @304.825s 1%: 0.039+1.2+0.011 ms clock, 0.78+0/1.6/0+0.23 ms cpu, 231->231->135 MB, 236 MB goal, 0 MB stacks, 0 MB globals, 20 P
gc 11621 @304.838s 1%: 0.75+0.60+0.008 ms clock, 15+0.010/0.85/0.002+0.16 ms cpu, 263->263->116 MB, 272 MB goal, 0 MB stacks, 0 MB globals, 20 P
gc 11622 @304.848s 1%: 0.053+0.57+0.034 ms clock, 1.0+0.038/0.69/0+0.69 ms cpu, 234->235->146 MB, 235 MB goal, 0 MB stacks, 0 MB globals, 20 P
gc 11623 @304.864s 1%: 0.31+0.84+0.004 ms clock, 6.3+0/1.2/0+0.088 ms cpu, 284->285->116 MB, 293 MB goal, 0 MB stacks, 0 MB globals, 20 P
gc 11624 @304.872s 1%: 0.039+3.2+0.008 ms clock, 0.79+0/3.6/0+0.17 ms cpu, 239->239->151 MB, 239 MB goal, 0 MB stacks, 0 MB globals, 20 P
gc 11625 @304.891s 1%: 0.056+4.8+0.008 ms clock, 1.1+0/5.2/0+0.16 ms cpu, 318->318->150 MB, 318 MB goal, 0 MB stacks, 0 MB globals, 20 P
gc 11626 @304.908s 1%: 0.044+1.0+0.013 ms clock, 0.88+0/1.4/0+0.27 ms cpu, 304->304->147 MB, 304 MB goal, 0 MB stacks, 0 MB globals, 20 P
gc 11627 @304.924s 1%: 0.044+1.4+0.005 ms clock, 0.88+0.20/0.83/0+0.10 ms cpu, 297->297->117 MB, 297 MB goal, 0 MB stacks, 0 MB globals, 20 P
gc 11628 @304.934s 1%: 0.039+0.57+0.072 ms clock, 0.78+0.031/0.63/0+1.4 ms cpu, 234->234->130 MB, 235 MB goal, 0 MB stacks, 0 MB globals, 20 P
gc 11629 @304.944s 1%: 0.042+3.0+0.010 ms clock, 0.85+0/3.6/0+0.21 ms cpu, 269->269->141 MB, 269 MB goal, 0 MB stacks, 0 MB globals, 20 P
gc 11630 @304.960s 1%: 0.054+3.8+0.003 ms clock, 1.0+0/4.1/0+0.063 ms cpu, 285->285->113 MB, 286 MB goal, 0 MB stacks, 0 MB globals, 20 P
gc 11631 @304.971s 1%: 0.043+1.6+0.015 ms clock, 0.86+0/2.0/0+0.30 ms cpu, 228->228->148 MB, 228 MB goal, 0 MB stacks, 0 MB globals, 20 P
gc 11632 @304.986s 1%: 0.046+3.9+0.004 ms clock, 0.93+0/4.2/0+0.093 ms cpu, 305->305->143 MB, 305 MB goal, 0 MB stacks, 0 MB globals, 20 P
gc 11633 @305.000s 1%: 0.044+0.45+0.020 ms clock, 0.88+0.18/0.58/0+0.41 ms cpu, 283->284->136 MB, 286 MB goal, 0 MB stacks, 0 MB globals, 20 P
gc 11634 @305.014s 1%: 0.049+0.68+0.003 ms clock, 0.98+0.014/1.1/0+0.076 ms cpu, 269->269->114 MB, 272 MB goal, 0 MB stacks, 0 MB globals, 20 P
gc 11635 @305.022s 1%: 0.040+1.5+0.006 ms clock, 0.81+0/1.9/0+0.12 ms cpu, 239->239->150 MB, 239 MB goal, 0 MB stacks, 0 MB globals, 20 P
gc 11636 @305.045s 1%: 0.71+5.7+0.003 ms clock, 14+0/6.1/0+0.078 ms cpu, 306->306->136 MB, 306 MB goal, 0 MB stacks, 0 MB globals, 20 P
gc 11637 @305.065s 1%: 1.2+1.5+0.006 ms clock, 25+0/1.9/0+0.12 ms cpu, 271->271->128 MB, 273 MB goal, 0 MB stacks, 0 MB globals, 20 P
gc 11638 @305.079s 1%: 0.45+0.96+0.14 ms clock, 9.1+0.047/0.99/0+2.8 ms cpu, 254->263->129 MB, 257 MB goal, 0 MB stacks, 0 MB globals, 20 P
gc 11639 @305.089s 1%: 0.039+0.45+0.080 ms clock, 0.78+0.13/0.56/0+1.6 ms cpu, 259->259->159 MB, 260 MB goal, 0 MB stacks, 0 MB globals, 20 P
gc 11640 @305.105s 1%: 3.8+5.5+0.004 ms clock, 77+0/5.8/0+0.080 ms cpu, 314->314->141 MB, 318 MB goal, 0 MB stacks, 0 MB globals, 20 P
gc 11641 @305.127s 1%: 0.021+1.4+0.004 ms clock, 0.43+0/1.9/0+0.089 ms cpu, 280->280->132 MB, 283 MB goal, 0 MB stacks, 0 MB globals, 20 P
gc 11642 @305.140s 1%: 2.0+3.0+0.007 ms clock, 41+0/1.9/0+0.14 ms cpu, 256->265->129 MB, 265 MB goal, 0 MB stacks, 0 MB globals, 20 P
gc 11643 @305.155s 1%: 0.82+0.66+0.074 ms clock, 16+0/0.96/0.004+1.4 ms cpu, 252->255->131 MB, 259 MB goal, 0 MB stacks, 0 MB globals, 20 P
gc 11644 @305.171s 1%: 0.048+3.0+0.027 ms clock, 0.97+0/3.4/0+0.54 ms cpu, 261->263->148 MB, 264 MB goal, 0 MB stacks, 0 MB globals, 20 P
gc 11645 @305.186s 1%: 0.051+0.76+0.047 ms clock, 1.0+0/0.85/0+0.95 ms cpu, 290->294->144 MB, 297 MB goal, 0 MB stacks, 0 MB globals, 20 P
gc 11646 @305.201s 1%: 0.15+4.7+0.021 ms clock, 3.0+0/1.5/0+0.43 ms cpu, 281->289->130 MB, 289 MB goal, 0 MB stacks, 0 MB globals, 20 P
gc 11647 @305.219s 1%: 0.020+1.2+0.020 ms clock, 0.41+0.007/1.6/0+0.41 ms cpu, 257->260->118 MB, 260 MB goal, 0 MB stacks, 0 MB globals, 20 P
gc 11648 @305.227s 1%: 0.033+1.5+0.013 ms clock, 0.67+0/1.8/0+0.26 ms cpu, 236->236->151 MB, 237 MB goal, 0 MB stacks, 0 MB globals, 20 P
gc 11649 @305.245s 1%: 0.051+2.7+0.013 ms clock, 1.0+0/3.1/0+0.27 ms cpu, 308->308->148 MB, 308 MB goal, 0 MB stacks, 0 MB globals, 20 P
gc 11650 @305.260s 1%: 0.036+0.58+0.007 ms clock, 0.73+0/0.87/0+0.15 ms cpu, 289->293->143 MB, 296 MB goal, 0 MB stacks, 0 MB globals, 20 P
gc 11651 @305.270s 1%: 0.040+1.5+0.008 ms clock, 0.80+0/1.8/0+0.16 ms cpu, 288->288->154 MB, 288 MB goal, 0 MB stacks, 0 MB globals, 20 P
gc 11652 @305.283s 1%: 0.34+1.4+0.008 ms clock, 6.9+0/1.7/0+0.16 ms cpu, 302->302->137 MB, 309 MB goal, 0 MB stacks, 0 MB globals, 20 P
gc 11653 @305.295s 1%: 0.30+0.81+0.003 ms clock, 6.1+0/1.2/0+0.079 ms cpu, 268->268->126 MB, 275 MB goal, 0 MB stacks, 0 MB globals, 20 P
gc 11654 @305.305s 1%: 0.044+0.63+0.11 ms clock, 0.89+0/0.94/0+2.2 ms cpu, 246->246->143 MB, 252 MB goal, 0 MB stacks, 0 MB globals, 20 P
gc 11655 @305.322s 1%: 0.12+0.59+0.094 ms clock, 2.5+0/0.84/0+1.8 ms cpu, 290->290->164 MB, 290 MB goal, 0 MB stacks, 0 MB globals, 20 P
gc 11656 @305.342s 1%: 0.045+1.3+0.004 ms clock, 0.90+0/1.9/0+0.081 ms cpu, 333->334->151 MB, 334 MB goal, 0 MB stacks, 0 MB globals, 20 P
gc 11657 @305.360s 1%: 2.1+1.2+1.1 ms clock, 42+0/1.7/0.087+23 ms cpu, 296->310->130 MB, 304 MB goal, 0 MB stacks, 0 MB globals, 20 P
gc 11658 @305.377s 1%: 0.020+0.55+0.015 ms clock, 0.41+0/1.1/0.002+0.30 ms cpu, 249->249->109 MB, 261 MB goal, 0 MB stacks, 0 MB globals, 20 P
gc 11659 @305.385s 1%: 0.19+1.7+0.007 ms clock, 3.9+0/2.3/0+0.14 ms cpu, 218->218->131 MB, 219 MB goal, 0 MB stacks, 0 MB globals, 20 P
gc 11660 @305.397s 1%: 0.023+1.2+0.004 ms clock, 0.46+0/1.5/0+0.091 ms cpu, 259->259->126 MB, 262 MB goal, 0 MB stacks, 0 MB globals, 20 P
gc 11661 @305.411s 1%: 0.035+1.4+0.003 ms clock, 0.70+0.055/1.9/0+0.069 ms cpu, 243->249->117 MB, 253 MB goal, 0 MB stacks, 0 MB globals, 20 P
gc 11662 @305.418s 1%: 0.83+1.2+0.092 ms clock, 16+0/1.6/0+1.8 ms cpu, 231->245->149 MB, 235 MB goal, 0 MB stacks, 0 MB globals, 20 P
gc 11663 @305.434s 1%: 0.025+8.5+0.004 ms clock, 0.50+0/5.9/0+0.099 ms cpu, 289->298->142 MB, 299 MB goal, 0 MB stacks, 0 MB globals, 20 P
gc 11664 @305.456s 1%: 0.074+3.5+0.004 ms clock, 1.4+0/2.8/0+0.085 ms cpu, 273->281->131 MB, 285 MB goal, 0 MB stacks, 0 MB globals, 20 P
gc 11665 @305.471s 1%: 0.036+0.66+0.009 ms clock, 0.73+0/0.89/0+0.19 ms cpu, 249->250->142 MB, 262 MB goal, 0 MB stacks, 0 MB globals, 20 P
gc 11666 @305.482s 1%: 0.022+1.3+0.005 ms clock, 0.44+0.23/1.4/0+0.10 ms cpu, 277->277->138 MB, 285 MB goal, 0 MB stacks, 0 MB globals, 20 P
gc 11667 @305.495s 1%: 0.51+1.6+4.3 ms clock, 10+0/1.5/0+86 ms cpu, 265->285->149 MB, 278 MB goal, 0 MB stacks, 0 MB globals, 20 P
gc 11668 @305.514s 1%: 0.018+2.0+0.004 ms clock, 0.37+0.20/1.9/0.002+0.084 ms cpu, 284->307->144 MB, 298 MB goal, 0 MB stacks, 0 MB globals, 20 P
gc 11669 @305.526s 1%: 0.034+0.55+0.007 ms clock, 0.69+0/0.89/0.006+0.14 ms cpu, 266->270->149 MB, 289 MB goal, 0 MB stacks, 0 MB globals, 20 P
gc 11670 @305.534s 1%: 0.038+0.51+0.081 ms clock, 0.77+0.092/0.83/0+1.6 ms cpu, 287->287->155 MB, 298 MB goal, 0 MB stacks, 0 MB globals, 20 P
gc 11671 @305.546s 1%: 0.042+1.2+0.005 ms clock, 0.84+0/1.5/0+0.11 ms cpu, 300->300->145 MB, 310 MB goal, 0 MB stacks, 0 MB globals, 20 P
gc 11672 @305.557s 1%: 0.36+0.75+0.007 ms clock, 7.2+0/0.84/0+0.14 ms cpu, 268->273->127 MB, 291 MB goal, 0 MB stacks, 0 MB globals, 20 P
gc 11673 @305.566s 1%: 0.036+0.50+0.28 ms clock, 0.72+0/0.79/0+5.7 ms cpu, 234->238->141 MB, 255 MB goal, 0 MB stacks, 0 MB globals, 20 P
gc 11674 @305.579s 1%: 0.045+0.44+0.021 ms clock, 0.91+0.034/0.68/0+0.43 ms cpu, 271->271->144 MB, 282 MB goal, 0 MB stacks, 0 MB globals, 20 P
gc 11675 @305.588s 1%: 4.5+2.0+0.087 ms clock, 91+0/2.4/0.003+1.7 ms cpu, 273->287->145 MB, 289 MB goal, 0 MB stacks, 0 MB globals, 20 P
gc 11676 @305.607s 1%: 0.021+1.1+0.004 ms clock, 0.42+0.26/1.3/0+0.080 ms cpu, 283->283->126 MB, 291 MB goal, 0 MB stacks, 0 MB globals, 20 P
gc 11677 @305.618s 1%: 0.039+0.59+0.016 ms clock, 0.79+0/1.0/0+0.33 ms cpu, 240->240->114 MB, 253 MB goal, 0 MB stacks, 0 MB globals, 20 P
gc 11678 @305.631s 1%: 0.10+6.2+0.003 ms clock, 2.1+0/6.6/0+0.077 ms cpu, 244->246->154 MB, 244 MB goal, 0 MB stacks, 0 MB globals, 20 P
gc 11679 @305.649s 1%: 0.037+3.5+0.026 ms clock, 0.75+0/3.8/0+0.52 ms cpu, 298->298->145 MB, 309 MB goal, 0 MB stacks, 0 MB globals, 20 P
gc 11680 @305.662s 1%: 0.067+0.60+0.13 ms clock, 1.3+0/0.75/0+2.6 ms cpu, 288->288->165 MB, 290 MB goal, 0 MB stacks, 0 MB globals, 20 P
gc 11681 @305.680s 1%: 4.7+0.53+0.004 ms clock, 95+0/0.91/0.001+0.090 ms cpu, 320->320->125 MB, 332 MB goal, 0 MB stacks, 0 MB globals, 20 P
gc 11682 @305.700s 1%: 0.46+0.42+0.006 ms clock, 9.3+0/1.2/0+0.12 ms cpu, 237->237->113 MB, 250 MB goal, 0 MB stacks, 0 MB globals, 20 P
gc 11683 @305.709s 1%: 0.024+1.4+0.006 ms clock, 0.49+1.2/1.1/0.025+0.12 ms cpu, 215->215->134 MB, 227 MB goal, 0 MB stacks, 0 MB globals, 20 P
gc 11684 @305.723s 1%: 0.17+2.3+0.018 ms clock, 3.4+0/2.9/0+0.36 ms cpu, 264->264->125 MB, 268 MB goal, 0 MB stacks, 0 MB globals, 20 P
gc 11685 @305.734s 1%: 0.034+0.75+0.014 ms clock, 0.68+0/0.95/0+0.28 ms cpu, 238->242->144 MB, 250 MB goal, 0 MB stacks, 0 MB globals, 20 P
gc 11686 @305.747s 1%: 0.038+7.1+0.082 ms clock, 0.77+0/6.4/0+1.6 ms cpu, 294->328->186 MB, 294 MB goal, 0 MB stacks, 0 MB globals, 20 P
gc 11687 @305.770s 1%: 0.90+11+0.008 ms clock, 18+0/6.1/0.003+0.16 ms cpu, 341->370->155 MB, 373 MB goal, 0 MB stacks, 0 MB globals, 20 P
gc 11688 @305.795s 1%: 0.079+2.6+0.23 ms clock, 1.5+0/1.4/0+4.6 ms cpu, 292->312->149 MB, 311 MB goal, 0 MB stacks, 0 MB globals, 20 P
gc 11689 @305.808s 1%: 0.52+0.55+0.79 ms clock, 10+0/1.0/0+15 ms cpu, 267->275->121 MB, 299 MB goal, 0 MB stacks, 0 MB globals, 20 P
gc 11690 @305.815s 1%: 0.019+4.5+0.043 ms clock, 0.39+0.23/3.1/0+0.86 ms cpu, 209->252->175 MB, 244 MB goal, 0 MB stacks, 0 MB globals, 20 P
gc 11691 @305.842s 1%: 0.80+11+0.064 ms clock, 16+0/7.3/0+1.2 ms cpu, 318->344->160 MB, 350 MB goal, 0 MB stacks, 0 MB globals, 20 P
gc 11692 @305.869s 1%: 0.38+2.6+1.9 ms clock, 7.7+0/1.7/0+38 ms cpu, 281->316->161 MB, 322 MB goal, 0 MB stacks, 0 MB globals, 20 P
gc 11693 @305.886s 1%: 0.15+4.5+0.007 ms clock, 3.0+0/1.6/0.002+0.15 ms cpu, 288->334->169 MB, 323 MB goal, 0 MB stacks, 0 MB globals, 20 P
gc 11694 @305.903s 1%: 0.76+0.53+0.004 ms clock, 15+0/1.1/0+0.084 ms cpu, 300->300->125 MB, 340 MB goal, 0 MB stacks, 0 MB globals, 20 P
gc 11695 @305.909s 1%: 0.16+2.7+0.008 ms clock, 3.3+0/3.3/0+0.16 ms cpu, 224->238->159 MB, 250 MB goal, 0 MB stacks, 0 MB globals, 20 P
gc 11696 @305.921s 1%: 0.071+1.6+0.005 ms clock, 1.4+0/1.3/0+0.10 ms cpu, 272->277->151 MB, 318 MB goal, 0 MB stacks, 0 MB globals, 20 P
gc 11697 @305.932s 1%: 0.036+0.81+0.082 ms clock, 0.73+0/1.1/0+1.6 ms cpu, 262->262->147 MB, 302 MB goal, 0 MB stacks, 0 MB globals, 20 P
gc 11698 @305.940s 1%: 0.049+1.3+5.0 ms clock, 0.98+0/1.7/0+101 ms cpu, 256->269->162 MB, 295 MB goal, 0 MB stacks, 0 MB globals, 20 P
gc 11699 @305.956s 1%: 0.048+3.3+0.008 ms clock, 0.96+0/3.5/0+0.16 ms cpu, 289->289->142 MB, 325 MB goal, 0 MB stacks, 0 MB globals, 20 P
gc 11700 @305.966s 1%: 0.36+1.4+0.024 ms clock, 7.2+0/1.8/0+0.49 ms cpu, 243->256->148 MB, 285 MB goal, 0 MB stacks, 0 MB globals, 20 P
gc 11701 @305.978s 1%: 0.36+5.1+0.094 ms clock, 7.3+0.009/4.2/0+1.8 ms cpu, 264->299->160 MB, 298 MB goal, 0 MB stacks, 0 MB globals, 20 P
gc 11702 @305.997s 1%: 1.1+0.51+0.004 ms clock, 23+0/0.85/0+0.087 ms cpu, 289->289->123 MB, 321 MB goal, 0 MB stacks, 0 MB globals, 20 P
gc 11703 @306.008s 1%: 0.051+0.60+0.014 ms clock, 1.0+0.054/0.80/0+0.29 ms cpu, 212->214->135 MB, 247 MB goal, 0 MB stacks, 0 MB globals, 20 P
gc 11704 @306.017s 1%: 0.77+6.3+0.086 ms clock, 15+0/6.3/0+1.7 ms cpu, 249->286->164 MB, 271 MB goal, 0 MB stacks, 0 MB globals, 20 P
gc 11705 @306.038s 1%: 0.50+10+2.7 ms clock, 10+0/5.3/0+54 ms cpu, 294->335->168 MB, 329 MB goal, 0 MB stacks, 0 MB globals, 20 P
gc 11706 @306.065s 1%: 0.046+2.1+0.043 ms clock, 0.93+0/0.96/0+0.87 ms cpu, 316->344->172 MB, 336 MB goal, 0 MB stacks, 0 MB globals, 20 P
gc 11707 @306.081s 1%: 0.11+2.3+0.17 ms clock, 2.3+0/1.6/0.005+3.4 ms cpu, 307->337->159 MB, 345 MB goal, 0 MB stacks, 0 MB globals, 20 P
gc 11708 @306.094s 1%: 0.020+1.4+0.004 ms clock, 0.41+0/1.2/0+0.080 ms cpu, 283->296->137 MB, 318 MB goal, 0 MB stacks, 0 MB globals, 20 P
gc 11709 @306.101s 1%: 0.056+2.9+0.013 ms clock, 1.1+0/3.4/0.001+0.26 ms cpu, 241->241->157 MB, 274 MB goal, 0 MB stacks, 0 MB globals, 20 P
gc 11710 @306.115s 1%: 0.043+0.82+0.021 ms clock, 0.87+0/1.3/0+0.43 ms cpu, 278->278->143 MB, 316 MB goal, 0 MB stacks, 0 MB globals, 20 P
gc 11711 @306.128s 1%: 0.058+2.3+3.8 ms clock, 1.1+0/1.0/0+77 ms cpu, 246->265->143 MB, 286 MB goal, 0 MB stacks, 0 MB globals, 20 P
gc 11712 @306.144s 1%: 0.058+0.61+0.17 ms clock, 1.1+0/0.84/0.002+3.5 ms cpu, 252->256->138 MB, 286 MB goal, 0 MB stacks, 0 MB globals, 20 P
gc 11713 @306.159s 1%: 0.045+1.4+0.027 ms clock, 0.91+0/2.0/0.007+0.54 ms cpu, 253->254->142 MB, 278 MB goal, 0 MB stacks, 0 MB globals, 20 P
gc 11714 @306.171s 1%: 0.14+0.57+0.054 ms clock, 2.9+0/1.3/0+1.0 ms cpu, 259->259->160 MB, 284 MB goal, 0 MB stacks, 0 MB globals, 20 P
gc 11715 @306.187s 1%: 3.4+4.8+0.13 ms clock, 68+0/5.2/0.001+2.7 ms cpu, 301->315->146 MB, 320 MB goal, 0 MB stacks, 0 MB globals, 20 P
gc 11716 @306.216s 1%: 0.095+0.64+0.25 ms clock, 1.9+0/1.1/0+5.1 ms cpu, 281->285->141 MB, 293 MB goal, 0 MB stacks, 0 MB globals, 20 P
gc 11717 @306.232s 1%: 0.036+3.7+0.003 ms clock, 0.72+0.010/3.9/0+0.077 ms cpu, 267->271->150 MB, 282 MB goal, 0 MB stacks, 0 MB globals, 20 P
gc 11718 @306.246s 1%: 1.5+1.0+0.058 ms clock, 30+0/0.82/0.012+1.1 ms cpu, 287->307->147 MB, 302 MB goal, 0 MB stacks, 0 MB globals, 20 P
gc 11719 @306.260s 1%: 0.071+1.0+0.012 ms clock, 1.4+0.068/1.5/0+0.24 ms cpu, 277->281->127 MB, 295 MB goal, 0 MB stacks, 0 MB globals, 20 P
gc 11720 @306.269s 1%: 0.078+0.38+0.008 ms clock, 1.5+0/0.78/0+0.16 ms cpu, 236->238->131 MB, 255 MB goal, 0 MB stacks, 0 MB globals, 20 P
gc 11721 @306.277s 1%: 0.020+2.2+0.081 ms clock, 0.40+0.16/2.4/0+1.6 ms cpu, 244->258->148 MB, 262 MB goal, 0 MB stacks, 0 MB globals, 20 P
gc 11722 @306.293s 1%: 0.19+4.0+0.004 ms clock, 3.9+0/1.4/0+0.083 ms cpu, 278->298->146 MB, 297 MB goal, 0 MB stacks, 0 MB globals, 20 P
gc 11723 @306.307s 1%: 0.043+0.66+0.044 ms clock, 0.87+0/1.0/0+0.88 ms cpu, 273->279->153 MB, 292 MB goal, 0 MB stacks, 0 MB globals, 20 P
gc 11724 @306.320s 1%: 0.32+7.9+0.15 ms clock, 6.4+0/1.6/0.013+3.0 ms cpu, 291->325->164 MB, 308 MB goal, 0 MB stacks, 0 MB globals, 20 P
gc 11725 @306.340s 1%: 0.51+1.5+0.024 ms clock, 10+0/1.8/0+0.49 ms cpu, 305->328->152 MB, 328 MB goal, 0 MB stacks, 0 MB globals, 20 P
gc 11726 @306.352s 1%: 0.89+0.42+0.015 ms clock, 17+0/0.81/0+0.30 ms cpu, 273->273->122 MB, 305 MB goal, 0 MB stacks, 0 MB globals, 20 P
gc 11727 @306.361s 1%: 1.5+0.70+0.27 ms clock, 31+0/1.3/0+5.5 ms cpu, 212->219->127 MB, 245 MB goal, 0 MB stacks, 0 MB globals, 20 P
gc 11728 @306.372s 1%: 1.1+0.30+0.005 ms clock, 23+0/0.80/0+0.11 ms cpu, 222->222->123 MB, 254 MB goal, 0 MB stacks, 0 MB globals, 20 P
gc 11729 @306.383s 1%: 0.018+2.2+0.061 ms clock, 0.36+0/1.1/0+1.2 ms cpu, 214->230->123 MB, 246 MB goal, 0 MB stacks, 0 MB globals, 20 P
gc 11730 @306.391s 1%: 0.83+8.1+0.010 ms clock, 16+0/1.6/0+0.20 ms cpu, 222->267->176 MB, 246 MB goal, 0 MB stacks, 0 MB globals, 20 P
gc 11731 @306.411s 1%: 0.019+9.0+0.089 ms clock, 0.38+0.090/6.6/0.044+1.7 ms cpu, 309->346->169 MB, 353 MB goal, 0 MB stacks, 0 MB globals, 20 P
gc 11732 @306.433s 1%: 0.38+0.65+0.005 ms clock, 7.7+0/0.75/0+0.11 ms cpu, 293->297->132 MB, 338 MB goal, 0 MB stacks, 0 MB globals, 20 P
gc 11733 @306.441s 1%: 0.036+0.85+0.054 ms clock, 0.72+0/0.86/0.064+1.0 ms cpu, 234->239->146 MB, 265 MB goal, 0 MB stacks, 0 MB globals, 20 P
gc 11734 @306.451s 1%: 0.040+0.71+0.018 ms clock, 0.80+0/1.4/0.027+0.37 ms cpu, 250->250->145 MB, 293 MB goal, 0 MB stacks, 0 MB globals, 20 P
gc 11735 @306.460s 1%: 0.017+1.7+0.006 ms clock, 0.34+0.028/0.83/0+0.13 ms cpu, 253->261->138 MB, 290 MB goal, 0 MB stacks, 0 MB globals, 20 P
gc 11736 @306.472s 1%: 0.45+0.51+0.012 ms clock, 9.0+0.025/0.86/0+0.24 ms cpu, 236->253->140 MB, 277 MB goal, 0 MB stacks, 0 MB globals, 20 P
gc 11737 @306.482s 1%: 0.044+6.4+0.004 ms clock, 0.88+0/1.3/0+0.092 ms cpu, 265->278->159 MB, 281 MB goal, 0 MB stacks, 0 MB globals, 20 P
gc 11738 @306.501s 1%: 2.2+2.9+0.003 ms clock, 45+0/3.3/0+0.060 ms cpu, 305->305->127 MB, 320 MB goal, 0 MB stacks, 0 MB globals, 20 P
gc 11739 @306.518s 1%: 0.039+0.66+0.014 ms clock, 0.78+0/1.4/0.002+0.28 ms cpu, 242->242->143 MB, 256 MB goal, 0 MB stacks, 0 MB globals, 20 P
gc 11740 @306.533s 1%: 1.0+12+2.6 ms clock, 21+0/10/0+52 ms cpu, 277->298->143 MB, 286 MB goal, 0 MB stacks, 0 MB globals, 20 P
gc 11741 @306.564s 1%: 0.043+0.71+0.006 ms clock, 0.86+0/1.1/0+0.12 ms cpu, 266->266->145 MB, 287 MB goal, 0 MB stacks, 0 MB globals, 20 P
gc 11742 @306.573s 1%: 0.085+1.4+0.007 ms clock, 1.7+0/1.8/0+0.15 ms cpu, 284->284->156 MB, 290 MB goal, 0 MB stacks, 0 MB globals, 20 P
gc 11743 @306.586s 1%: 0.091+0.73+0.083 ms clock, 1.8+0/1.1/0.002+1.6 ms cpu, 294->294->149 MB, 312 MB goal, 0 MB stacks, 0 MB globals, 20 P
gc 11744 @306.599s 1%: 0.020+4.2+2.2 ms clock, 0.41+0/4.1/0+45 ms cpu, 280->304->150 MB, 299 MB goal, 0 MB stacks, 0 MB globals, 20 P
gc 11745 @306.618s 1%: 0.020+0.79+0.003 ms clock, 0.40+0.16/1.6/0.036+0.072 ms cpu, 282->287->122 MB, 301 MB goal, 0 MB stacks, 0 MB globals, 20 P
gc 11746 @306.628s 1%: 0.22+0.72+0.13 ms clock, 4.5+0.028/0.94/0+2.6 ms cpu, 221->230->118 MB, 245 MB goal, 0 MB stacks, 0 MB globals, 20 P
gc 11747 @306.634s 1%: 0.55+1.1+0.090 ms clock, 11+0/1.6/0+1.8 ms cpu, 220->233->145 MB, 237 MB goal, 0 MB stacks, 0 MB globals, 20 P
gc 11748 @306.651s 1%: 0.43+8.1+0.006 ms clock, 8.6+0/2.8/0+0.12 ms cpu, 270->299->157 MB, 291 MB goal, 0 MB stacks, 0 MB globals, 20 P
gc 11749 @306.672s 1%: 0.18+0.59+0.024 ms clock, 3.6+0/0.77/0+0.49 ms cpu, 286->304->139 MB, 314 MB goal, 0 MB stacks, 0 MB globals, 20 P
gc 11750 @306.683s 1%: 0.10+0.71+1.5 ms clock, 2.1+0/1.1/0+30 ms cpu, 253->261->150 MB, 279 MB goal, 0 MB stacks, 0 MB globals, 20 P
gc 11751 @306.696s 1%: 1.0+0.51+0.004 ms clock, 21+0/0.77/0.005+0.083 ms cpu, 273->273->120 MB, 300 MB goal, 0 MB stacks, 0 MB globals, 20 P
gc 11752 @306.703s 1%: 0.034+1.7+0.018 ms clock, 0.68+0/2.2/0.008+0.37 ms cpu, 221->221->151 MB, 241 MB goal, 0 MB stacks, 0 MB globals, 20 P
gc 11753 @306.716s 1%: 0.022+8.8+1.0 ms clock, 0.45+0.17/2.8/0+20 ms cpu, 279->323->173 MB, 304 MB goal, 0 MB stacks, 0 MB globals, 20 P
gc 11754 @306.737s 1%: 0.58+7.3+1.8 ms clock, 11+0/1.5/0+36 ms cpu, 305->343->167 MB, 348 MB goal, 0 MB stacks, 0 MB globals, 20 P
gc 11755 @306.759s 1%: 0.58+3.2+0.003 ms clock, 11+0/1.3/0+0.065 ms cpu, 291->311->148 MB, 335 MB goal, 0 MB stacks, 0 MB globals, 20 P
gc 11756 @306.774s 1%: 0.13+0.79+0.15 ms clock, 2.7+0/0.90/0+3.0 ms cpu, 252->262->125 MB, 296 MB goal, 0 MB stacks, 0 MB globals, 20 P
gc 11757 @306.780s 1%: 0.53+3.3+0.012 ms clock, 10+0/2.0/0+0.25 ms cpu, 222->267->184 MB, 252 MB goal, 0 MB stacks, 0 MB globals, 20 P
gc 11758 @306.801s 1%: 0.99+10+0.022 ms clock, 19+0/6.0/0+0.45 ms cpu, 327->353->165 MB, 368 MB goal, 0 MB stacks, 0 MB globals, 20 P
gc 11759 @306.825s 1%: 1.2+2.8+0.008 ms clock, 25+0/1.6/0+0.16 ms cpu, 289->309->152 MB, 331 MB goal, 0 MB stacks, 0 MB globals, 20 P
gc 11760 @306.838s 1%: 0.038+1.3+0.003 ms clock, 0.77+0/1.8/0.008+0.066 ms cpu, 267->267->153 MB, 304 MB goal, 0 MB stacks, 0 MB globals, 20 P
gc 11761 @306.848s 1%: 4.8+0.40+0.083 ms clock, 97+0/0.76/0+1.6 ms cpu, 261->263->127 MB, 306 MB goal, 0 MB stacks, 0 MB globals, 20 P
gc 11762 @306.860s 1%: 0.035+0.60+0.34 ms clock, 0.70+0/0.86/0+6.8 ms cpu, 233->238->143 MB, 255 MB goal, 0 MB stacks, 0 MB globals, 20 P
gc 11763 @306.873s 1%: 0.36+4.3+1.6 ms clock, 7.2+0/1.6/0+32 ms cpu, 263->287->143 MB, 286 MB goal, 0 MB stacks, 0 MB globals, 20 P
gc 11764 @306.889s 1%: 0.045+1.1+0.003 ms clock, 0.90+0/1.3/0+0.074 ms cpu, 265->265->142 MB, 287 MB goal, 0 MB stacks, 0 MB globals, 20 P
gc 11765 @306.899s 1%: 0.068+1.3+0.005 ms clock, 1.3+0/1.9/0+0.11 ms cpu, 263->266->122 MB, 284 MB goal, 0 MB stacks, 0 MB globals, 20 P
gc 11766 @306.908s 1%: 0.24+0.59+0.038 ms clock, 4.9+0/0.88/0+0.76 ms cpu, 222->224->125 MB, 245 MB goal, 0 MB stacks, 0 MB globals, 20 P
gc 11767 @306.917s 1%: 0.093+0.64+0.084 ms clock, 1.8+0/0.75/0.001+1.6 ms cpu, 227->231->141 MB, 250 MB goal, 0 MB stacks, 0 MB globals, 20 P
gc 11768 @306.928s 1%: 0.037+7.1+0.40 ms clock, 0.74+0/3.6/0+8.1 ms cpu, 261->287->169 MB, 283 MB goal, 0 MB stacks, 0 MB globals, 20 P
gc 11769 @306.949s 1%: 0.037+0.52+0.028 ms clock, 0.75+0/0.96/0+0.57 ms cpu, 313->319->150 MB, 338 MB goal, 0 MB stacks, 0 MB globals, 20 P
gc 11770 @306.960s 1%: 0.043+1.4+0.007 ms clock, 0.87+0/1.7/0+0.15 ms cpu, 289->289->155 MB, 300 MB goal, 0 MB stacks, 0 MB globals, 20 P
gc 11771 @306.972s 1%: 0.052+2.5+0.033 ms clock, 1.0+0/1.7/0.003+0.67 ms cpu, 288->311->160 MB, 311 MB goal, 0 MB stacks, 0 MB globals, 20 P
gc 11772 @306.989s 1%: 0.24+6.4+0.088 ms clock, 4.9+0/2.4/0+1.7 ms cpu, 305->340->167 MB, 321 MB goal, 0 MB stacks, 0 MB globals, 20 P
gc 11773 @307.006s 1%: 0.098+1.4+0.96 ms clock, 1.9+0/1.6/0+19 ms cpu, 308->321->147 MB, 335 MB goal, 0 MB stacks, 0 MB globals, 20 P
gc 11774 @307.018s 1%: 0.27+4.9+0.015 ms clock, 5.4+0/1.4/0.014+0.31 ms cpu, 265->327->184 MB, 294 MB goal, 0 MB stacks, 0 MB globals, 20 P
gc 11775 @307.035s 1%: 1.9+3.0+0.090 ms clock, 38+0/3.0/0+1.8 ms cpu, 318->357->165 MB, 370 MB goal, 0 MB stacks, 0 MB globals, 20 P
gc 11776 @307.055s 1%: 0.023+4.3+0.005 ms clock, 0.46+0.10/1.9/0.008+0.11 ms cpu, 283->336->170 MB, 330 MB goal, 0 MB stacks, 0 MB globals, 20 P
gc 11777 @307.074s 1%: 0.023+2.2+0.029 ms clock, 0.47+0.040/2.0/0.016+0.58 ms cpu, 290->326->152 MB, 340 MB goal, 0 MB stacks, 0 MB globals, 20 P
gc 11778 @307.087s 1%: 0.039+0.84+0.28 ms clock, 0.79+0/0.83/0+5.7 ms cpu, 265->272->127 MB, 304 MB goal, 0 MB stacks, 0 MB globals, 20 P
gc 11779 @307.093s 1%: 0.11+2.0+0.082 ms clock, 2.2+0/2.2/0+1.6 ms cpu, 232->261->169 MB, 255 MB goal, 0 MB stacks, 0 MB globals, 20 P
gc 11780 @307.108s 1%: 0.021+1.6+0.76 ms clock, 0.43+0/1.8/0+15 ms cpu, 302->312->151 MB, 339 MB goal, 0 MB stacks, 0 MB globals, 20 P
gc 11781 @307.121s 1%: 0.34+1.7+1.0 ms clock, 6.8+0/0.91/0+20 ms cpu, 259->275->136 MB, 304 MB goal, 0 MB stacks, 0 MB globals, 20 P
gc 11782 @307.134s 1%: 0.053+6.3+0.091 ms clock, 1.0+0/6.5/0+1.8 ms cpu, 243->280->165 MB, 273 MB goal, 0 MB stacks, 0 MB globals, 20 P
gc 11783 @307.153s 1%: 0.25+7.2+1.6 ms clock, 5.0+0/1.5/0+33 ms cpu, 303->343->169 MB, 331 MB goal, 0 MB stacks, 0 MB globals, 20 P
gc 11784 @307.173s 1%: 0.41+4.3+0.050 ms clock, 8.3+0/1.4/0+1.0 ms cpu, 309->346->167 MB, 340 MB goal, 0 MB stacks, 0 MB globals, 20 P
gc 11785 @307.189s 1%: 0.36+3.9+0.027 ms clock, 7.3+0/3.2/0+0.55 ms cpu, 297->352->183 MB, 335 MB goal, 0 MB stacks, 0 MB globals, 20 P
gc 11786 @307.206s 1%: 0.024+1.4+0.004 ms clock, 0.49+0.18/1.5/0+0.086 ms cpu, 316->326->138 MB, 366 MB goal, 0 MB stacks, 0 MB globals, 20 P
gc 11787 @307.217s 1%: 0.31+1.0+0.14 ms clock, 6.3+0.027/0.85/0+2.9 ms cpu, 236->251->127 MB, 277 MB goal, 0 MB stacks, 0 MB globals, 20 P
gc 11788 @307.224s 1%: 0.11+1.6+0.68 ms clock, 2.2+0/2.1/0+13 ms cpu, 219->229->155 MB, 255 MB goal, 0 MB stacks, 0 MB globals, 20 P
gc 11789 @307.237s 1%: 0.69+6.0+2.6 ms clock, 13+0/1.9/0+52 ms cpu, 277->326->173 MB, 311 MB goal, 0 MB stacks, 0 MB globals, 20 P
gc 11790 @307.256s 1%: 0.27+0.48+0.98 ms clock, 5.4+0/0.89/0+19 ms cpu, 296->313->138 MB, 346 MB goal, 0 MB stacks, 0 MB globals, 20 P
gc 11791 @307.266s 1%: 3.2+1.1+0.026 ms clock, 65+0/0.85/0+0.52 ms cpu, 236->253->144 MB, 277 MB goal, 0 MB stacks, 0 MB globals, 20 P
gc 11792 @307.278s 1%: 0.035+0.71+0.083 ms clock, 0.70+0/1.3/0+1.6 ms cpu, 256->256->148 MB, 289 MB goal, 0 MB stacks, 0 MB globals, 20 P
gc 11793 @307.289s 1%: 0.031+0.97+0.003 ms clock, 0.63+0.037/1.3/0+0.078 ms cpu, 259->262->126 MB, 296 MB goal, 0 MB stacks, 0 MB globals, 20 P
gc 11794 @307.297s 1%: 0.021+1.4+0.045 ms clock, 0.42+1.3/0.71/0.003+0.91 ms cpu, 229->229->144 MB, 253 MB goal, 0 MB stacks, 0 MB globals, 20 P
gc 11795 @307.307s 1%: 0.37+2.9+3.1 ms clock, 7.5+0/1.4/0+63 ms cpu, 252->284->161 MB, 289 MB goal, 0 MB stacks, 0 MB globals, 20 P
gc 11796 @307.326s 1%: 0.64+0.45+0.004 ms clock, 12+0/0.93/0+0.084 ms cpu, 291->291->125 MB, 323 MB goal, 0 MB stacks, 0 MB globals, 20 P
gc 11797 @307.337s 1%: 0.046+0.54+0.036 ms clock, 0.93+0.025/0.90/0+0.73 ms cpu, 218->221->141 MB, 251 MB goal, 0 MB stacks, 0 MB globals, 20 P
gc 11798 @307.344s 1%: 1.9+2.0+0.013 ms clock, 38+0/2.3/0+0.27 ms cpu, 251->263->143 MB, 283 MB goal, 0 MB stacks, 0 MB globals, 20 P
gc 11799 @307.358s 1%: 0.020+7.7+2.1 ms clock, 0.41+0.076/1.8/0+43 ms cpu, 262->305->162 MB, 287 MB goal, 0 MB stacks, 0 MB globals, 20 P
gc 11800 @307.382s 1%: 0.021+1.1+0.003 ms clock, 0.42+0/1.4/0+0.066 ms cpu, 292->292->119 MB, 325 MB goal, 0 MB stacks, 0 MB globals, 20 P
gc 11801 @307.395s 1%: 0.017+1.2+0.013 ms clock, 0.34+0/1.4/0+0.27 ms cpu, 212->212->120 MB, 240 MB goal, 0 MB stacks, 0 MB globals, 20 P
gc 11802 @307.408s 1%: 0.018+1.2+0.096 ms clock, 0.36+0/1.7/0.027+1.9 ms cpu, 213->213->121 MB, 241 MB goal, 0 MB stacks, 0 MB globals, 20 P
gc 11803 @307.420s 1%: 0.020+3.9+0.004 ms clock, 0.41+0/4.3/0+0.087 ms cpu, 213->213->122 MB, 242 MB goal, 0 MB stacks, 0 MB globals, 20 P
gc 11804 @307.438s 1%: 0.027+1.6+0.005 ms clock, 0.54+0/2.1/0.012+0.10 ms cpu, 213->213->120 MB, 245 MB goal, 0 MB stacks, 0 MB globals, 20 P
gc 11805 @307.453s 1%: 0.020+1.4+0.003 ms clock, 0.41+0/1.6/0+0.077 ms cpu, 211->211->123 MB, 241 MB goal, 0 MB stacks, 0 MB globals, 20 P
gc 11806 @307.466s 1%: 0.022+9.8+0.011 ms clock, 0.44+0/10/0.084+0.23 ms cpu, 216->216->125 MB, 248 MB goal, 0 MB stacks, 0 MB globals, 20 P
gc 11807 @307.487s 1%: 0.019+1.3+0.005 ms clock, 0.39+0/2.0/0.080+0.10 ms cpu, 218->218->125 MB, 251 MB goal, 0 MB stacks, 0 MB globals, 20 P
gc 11808 @307.502s 1%: 0.021+0.51+0.013 ms clock, 0.42+0/0.99/0.008+0.26 ms cpu, 214->214->134 MB, 251 MB goal, 0 MB stacks, 0 MB globals, 20 P
gc 11809 @307.529s 1%: 0.027+0.69+0.004 ms clock, 0.55+0.048/1.0/0.002+0.096 ms cpu, 230->233->111 MB, 269 MB goal, 0 MB stacks, 0 MB globals, 20 P
gc 11810 @307.542s 1%: 0.022+0.52+0.011 ms clock, 0.45+0/1.1/0+0.22 ms cpu, 197->197->138 MB, 223 MB goal, 0 MB stacks, 0 MB globals, 20 P
gc 11811 @307.572s 1%: 0.017+0.63+0.006 ms clock, 0.35+0.026/0.66/0+0.12 ms cpu, 236->241->116 MB, 277 MB goal, 0 MB stacks, 0 MB globals, 20 P
gc 11812 @307.585s 1%: 0.040+0.42+0.005 ms clock, 0.81+0.032/0.89/0+0.11 ms cpu, 199->200->112 MB, 234 MB goal, 0 MB stacks, 0 MB globals, 20 P
gc 11813 @307.596s 1%: 0.17+0.55+0.010 ms clock, 3.4+0/0.91/0.006+0.21 ms cpu, 204->204->141 MB, 225 MB goal, 0 MB stacks, 0 MB globals, 20 P
gc 11814 @307.622s 1%: 0.019+0.77+0.005 ms clock, 0.39+0/0.83/0.033+0.11 ms cpu, 242->246->117 MB, 283 MB goal, 0 MB stacks, 0 MB globals, 20 P
gc 11815 @307.639s 1%: 0.022+0.63+0.004 ms clock, 0.45+0.035/1.0/0+0.096 ms cpu, 202->205->115 MB, 236 MB goal, 0 MB stacks, 0 MB globals, 20 P
gc 11816 @307.662s 1%: 0.020+2.6+0.004 ms clock, 0.40+0/3.0/0+0.081 ms cpu, 231->231->118 MB, 231 MB goal, 0 MB stacks, 0 MB globals, 20 P
gc 11817 @307.698s 1%: 0.031+6.5+0.003 ms clock, 0.62+0/6.8/0+0.075 ms cpu, 239->239->125 MB, 240 MB goal, 0 MB stacks, 0 MB globals, 20 P
gc 11818 @307.727s 1%: 0.022+0.59+0.006 ms clock, 0.44+0/1.0/0+0.12 ms cpu, 249->249->113 MB, 252 MB goal, 0 MB stacks, 0 MB globals, 20 P
gc 11819 @307.747s 1%: 0.017+2.4+0.005 ms clock, 0.34+0/2.9/0+0.11 ms cpu, 235->235->121 MB, 235 MB goal, 0 MB stacks, 0 MB globals, 20 P
gc 11820 @307.769s 1%: 0.023+0.61+0.015 ms clock, 0.46+0/0.99/0.004+0.30 ms cpu, 242->242->137 MB, 243 MB goal, 0 MB stacks, 0 MB globals, 20 P
gc 11821 @307.799s 1%: 0.030+1.3+0.005 ms clock, 0.60+0/1.9/0.011+0.11 ms cpu, 269->269->116 MB, 274 MB goal, 0 MB stacks, 0 MB globals, 20 P
gc 11822 @307.826s 1%: 0.020+3.3+0.003 ms clock, 0.41+0/3.7/0+0.072 ms cpu, 231->231->121 MB, 233 MB goal, 0 MB stacks, 0 MB globals, 20 P
gc 11823 @307.849s 1%: 0.019+0.72+0.015 ms clock, 0.39+0/0.95/0.003+0.31 ms cpu, 244->244->140 MB, 244 MB goal, 0 MB stacks, 0 MB globals, 20 P
gc 11824 @307.872s 1%: 0.020+3.7+0.005 ms clock, 0.40+0/3.9/0+0.11 ms cpu, 282->282->122 MB, 283 MB goal, 0 MB stacks, 0 MB globals, 20 P
gc 11825 @307.893s 1%: 0.025+1.9+0.006 ms clock, 0.50+0/2.6/0.10+0.12 ms cpu, 243->243->128 MB, 244 MB goal, 0 MB stacks, 0 MB globals, 20 P
gc 11826 @307.927s 1%: 0.020+0.43+0.006 ms clock, 0.40+0/0.91/0.001+0.12 ms cpu, 255->255->116 MB, 256 MB goal, 0 MB stacks, 0 MB globals, 20 P
gc 11827 @307.946s 1%: 0.021+2.1+0.003 ms clock, 0.42+0/2.3/0+0.076 ms cpu, 237->237->121 MB, 237 MB goal, 0 MB stacks, 0 MB globals, 20 P
gc 11828 @307.971s 1%: 0.025+0.61+0.004 ms clock, 0.50+0/1.6/0.19+0.088 ms cpu, 237->237->110 MB, 242 MB goal, 0 MB stacks, 0 MB globals, 20 P
gc 11829 @307.994s 1%: 0.031+0.97+0.021 ms clock, 0.63+0/2.1/0.068+0.43 ms cpu, 218->218->113 MB, 221 MB goal, 0 MB stacks, 0 MB globals, 20 P
gc 11830 @308.017s 1%: 0.033+7.3+0.005 ms clock, 0.67+0/7.8/0+0.11 ms cpu, 224->224->117 MB, 227 MB goal, 0 MB stacks, 0 MB globals, 20 P
gc 11831 @308.047s 1%: 0.028+6.5+0.004 ms clock, 0.56+0/6.8/0.012+0.090 ms cpu, 238->238->122 MB, 238 MB goal, 0 MB stacks, 0 MB globals, 20 P
gc 11832 @308.074s 1%: 0.019+0.73+0.007 ms clock, 0.39+0.10/0.76/0+0.15 ms cpu, 241->244->115 MB, 246 MB goal, 0 MB stacks, 0 MB globals, 20 P
gc 11833 @308.091s 1%: 0.031+1.4+0.005 ms clock, 0.62+0/2.1/0.023+0.10 ms cpu, 230->230->117 MB, 231 MB goal, 0 MB stacks, 0 MB globals, 20 P
gc 11834 @308.107s 1%: 0.023+8.0+0.007 ms clock, 0.46+0/8.3/0+0.14 ms cpu, 231->231->125 MB, 235 MB goal, 0 MB stacks, 0 MB globals, 20 P
gc 11835 @308.135s 1%: 0.016+1.9+0.006 ms clock, 0.33+0/0.91/0.001+0.13 ms cpu, 248->253->117 MB, 251 MB goal, 0 MB stacks, 0 MB globals, 20 P
gc 11836 @308.151s 1%: 0.018+1.9+0.006 ms clock, 0.37+0/2.4/0.005+0.13 ms cpu, 239->239->120 MB, 239 MB goal, 0 MB stacks, 0 MB globals, 20 P
gc 11837 @308.173s 1%: 0.020+4.7+0.003 ms clock, 0.41+0/4.8/0+0.076 ms cpu, 240->240->126 MB, 241 MB goal, 0 MB stacks, 0 MB globals, 20 P
gc 11838 @308.199s 1%: 0.016+0.48+0.003 ms clock, 0.33+0.054/0.67/0+0.076 ms cpu, 249->249->115 MB, 253 MB goal, 0 MB stacks, 0 MB globals, 20 P
gc 11839 @308.218s 1%: 0.021+5.6+0.009 ms clock, 0.42+0/6.1/0+0.18 ms cpu, 231->231->119 MB, 231 MB goal, 0 MB stacks, 0 MB globals, 20 P
gc 11840 @308.259s 1%: 0.036+10+0.006 ms clock, 0.73+0/11/0.091+0.12 ms cpu, 250->250->127 MB, 250 MB goal, 0 MB stacks, 0 MB globals, 20 P
gc 11841 @308.296s 1%: 0.018+0.45+0.003 ms clock, 0.37+0/0.76/0+0.071 ms cpu, 254->254->117 MB, 255 MB goal, 0 MB stacks, 0 MB globals, 20 P
gc 11842 @308.312s 1%: 0.017+4.0+0.003 ms clock, 0.35+0/4.2/0+0.063 ms cpu, 239->239->122 MB, 239 MB goal, 0 MB stacks, 0 MB globals, 20 P
gc 11843 @308.340s 1%: 0.019+0.43+0.004 ms clock, 0.38+0.068/0.73/0+0.084 ms cpu, 240->241->111 MB, 245 MB goal, 0 MB stacks, 0 MB globals, 20 P
gc 11844 @308.361s 1%: 0.023+2.1+0.003 ms clock, 0.47+0/2.4/0+0.076 ms cpu, 221->221->113 MB, 224 MB goal, 0 MB stacks, 0 MB globals, 20 P
gc 11845 @308.378s 1%: 0.019+2.5+0.003 ms clock, 0.39+0/2.8/0+0.065 ms cpu, 231->231->120 MB, 231 MB goal, 0 MB stacks, 0 MB globals, 20 P
gc 11846 @308.402s 1%: 0.020+0.47+0.004 ms clock, 0.41+0.078/0.74/0+0.097 ms cpu, 238->238->109 MB, 241 MB goal, 0 MB stacks, 0 MB globals, 20 P
gc 11847 @308.431s 1%: 0.030+3.8+0.006 ms clock, 0.60+0/5.0/0.024+0.12 ms cpu, 220->220->112 MB, 220 MB goal, 0 MB stacks, 0 MB globals, 20 P
gc 11848 @308.460s 1%: 0.022+1.0+0.003 ms clock, 0.44+0/1.2/0+0.077 ms cpu, 223->223->117 MB, 225 MB goal, 0 MB stacks, 0 MB globals, 20 P
gc 11849 @308.476s 1%: 0.021+3.4+0.004 ms clock, 0.43+0/3.7/0+0.096 ms cpu, 238->238->122 MB, 238 MB goal, 0 MB stacks, 0 MB globals, 20 P
gc 11850 @308.498s 1%: 0.031+0.80+0.003 ms clock, 0.62+0/0.94/0+0.072 ms cpu, 242->245->116 MB, 246 MB goal, 0 MB stacks, 0 MB globals, 20 P
gc 11851 @308.518s 1%: 0.025+1.0+0.005 ms clock, 0.50+0/1.5/0+0.11 ms cpu, 232->232->119 MB, 232 MB goal, 0 MB stacks, 0 MB globals, 20 P
gc 11852 @308.542s 1%: 0.025+5.2+0.004 ms clock, 0.51+0/5.5/0+0.090 ms cpu, 250->250->129 MB, 250 MB goal, 0 MB stacks, 0 MB globals, 20 P
gc 11853 @308.573s 1%: 0.034+0.94+0.007 ms clock, 0.68+0/1.3/0.003+0.15 ms cpu, 256->256->117 MB, 258 MB goal, 0 MB stacks, 0 MB globals, 20 P
gc 11854 @308.601s 1%: 0.024+2.0+0.003 ms clock, 0.48+0/2.5/0+0.072 ms cpu, 239->239->123 MB, 240 MB goal, 0 MB stacks, 0 MB globals, 20 P
gc 11855 @308.627s 1%: 0.020+1.5+0.005 ms clock, 0.41+0/1.8/0+0.11 ms cpu, 244->244->129 MB, 247 MB goal, 0 MB stacks, 0 MB globals, 20 P
gc 11856 @308.649s 1%: 0.020+0.54+0.005 ms clock, 0.41+0/1.0/0+0.11 ms cpu, 254->254->116 MB, 258 MB goal, 0 MB stacks, 0 MB globals, 20 P
gc 11857 @308.672s 1%: 0.018+1.5+0.003 ms clock, 0.36+0/1.9/0+0.071 ms cpu, 236->236->120 MB, 237 MB goal, 0 MB stacks, 0 MB globals, 20 P
gc 11858 @308.699s 1%: 0.019+0.46+0.072 ms clock, 0.39+0.073/0.74/0+1.4 ms cpu, 237->240->110 MB, 241 MB goal, 0 MB stacks, 0 MB globals, 20 P
gc 11859 @308.719s 1%: 0.021+1.8+0.004 ms clock, 0.43+0/2.5/0+0.099 ms cpu, 221->221->113 MB, 221 MB goal, 0 MB stacks, 0 MB globals, 20 P
gc 11860 @308.740s 1%: 0.023+1.2+0.004 ms clock, 0.47+0/1.6/0+0.094 ms cpu, 229->229->118 MB, 229 MB goal, 0 MB stacks, 0 MB globals, 20 P
gc 11861 @308.768s 1%: 0.037+0.68+0.013 ms clock, 0.74+0/1.3/0.009+0.27 ms cpu, 240->240->135 MB, 240 MB goal, 0 MB stacks, 0 MB globals, 20 P
gc 11862 @308.795s 1%: 0.019+1.8+0.004 ms clock, 0.39+0/2.3/0.023+0.089 ms cpu, 267->267->115 MB, 271 MB goal, 0 MB stacks, 0 MB globals, 20 P
gc 11863 @308.812s 1%: 0.019+1.1+0.003 ms clock, 0.39+0/1.6/0.008+0.072 ms cpu, 230->230->121 MB, 231 MB goal, 0 MB stacks, 0 MB globals, 20 P
gc 11864 @308.833s 1%: 0.023+0.53+0.021 ms clock, 0.46+0/0.98/0.002+0.43 ms cpu, 243->243->140 MB, 243 MB goal, 0 MB stacks, 0 MB globals, 20 P
gc 11865 @308.861s 1%: 0.019+3.6+0.004 ms clock, 0.38+0/3.9/0.085+0.086 ms cpu, 282->282->123 MB, 282 MB goal, 0 MB stacks, 0 MB globals, 20 P
gc 11866 @308.881s 1%: 0.019+1.3+0.003 ms clock, 0.38+0/1.8/0+0.065 ms cpu, 244->244->129 MB, 247 MB goal, 0 MB stacks, 0 MB globals, 20 P
gc 11867 @308.908s 1%: 0.021+0.52+0.005 ms clock, 0.42+0/1.0/0+0.10 ms cpu, 254->254->116 MB, 258 MB goal, 0 MB stacks, 0 MB globals, 20 P
gc 11868 @308.934s 1%: 0.023+1.2+0.003 ms clock, 0.46+0/1.9/0.006+0.078 ms cpu, 233->233->122 MB, 233 MB goal, 0 MB stacks, 0 MB globals, 20 P
gc 11869 @308.962s 1%: 0.022+0.46+0.006 ms clock, 0.44+0/0.88/0+0.13 ms cpu, 244->244->139 MB, 245 MB goal, 0 MB stacks, 0 MB globals, 20 P
gc 11870 @308.997s 1%: 0.027+5.8+0.004 ms clock, 0.55+0/6.2/0+0.088 ms cpu, 282->282->120 MB, 282 MB goal, 0 MB stacks, 0 MB globals, 20 P
gc 11871 @309.021s 1%: 0.025+0.62+0.017 ms clock, 0.50+0/1.0/0.004+0.34 ms cpu, 237->237->138 MB, 240 MB goal, 0 MB stacks, 0 MB globals, 20 P
gc 11872 @309.054s 1%: 0.035+3.6+0.004 ms clock, 0.70+0/3.5/0.004+0.083 ms cpu, 280->280->120 MB, 280 MB goal, 0 MB stacks, 0 MB globals, 20 P
gc 11873 @309.084s 1%: 0.028+1.9+0.005 ms clock, 0.57+0/2.6/0.022+0.10 ms cpu, 241->241->126 MB, 241 MB goal, 0 MB stacks, 0 MB globals, 20 P
gc 11874 @309.111s 1%: 0.022+0.66+0.010 ms clock, 0.45+0.018/0.91/0+0.21 ms cpu, 249->249->113 MB, 252 MB goal, 0 MB stacks, 0 MB globals, 20 P
gc 11875 @309.132s 1%: 0.024+2.6+0.006 ms clock, 0.49+0/3.5/0.047+0.12 ms cpu, 229->229->120 MB, 229 MB goal, 0 MB stacks, 0 MB globals, 20 P
gc 11876 @309.165s 1%: 0.031+0.58+0.018 ms clock, 0.63+0/1.3/0+0.36 ms cpu, 247->247->136 MB, 247 MB goal, 0 MB stacks, 0 MB globals, 20 P
gc 11877 @309.197s 1%: 0.019+0.64+0.003 ms clock, 0.38+0/1.1/0+0.073 ms cpu, 269->269->119 MB, 273 MB goal, 0 MB stacks, 0 MB globals, 20 P
gc 11878 @309.222s 1%: 0.024+1.6+0.005 ms clock, 0.49+0/2.5/0+0.10 ms cpu, 250->250->127 MB, 250 MB goal, 0 MB stacks, 0 MB globals, 20 P
gc 11879 @309.248s 1%: 0.017+0.50+0.016 ms clock, 0.35+0/0.93/0+0.33 ms cpu, 254->254->117 MB, 254 MB goal, 0 MB stacks, 0 MB globals, 20 P
gc 11880 @309.263s 1%: 0.020+3.0+0.004 ms clock, 0.41+0/3.5/0+0.091 ms cpu, 239->239->122 MB, 239 MB goal, 0 MB stacks, 0 MB globals, 20 P
gc 11881 @309.284s 1%: 0.019+0.51+0.007 ms clock, 0.39+0.18/0.57/0+0.14 ms cpu, 242->244->112 MB, 245 MB goal, 0 MB stacks, 0 MB globals, 20 P
gc 11882 @309.300s 1%: 0.021+2.4+0.041 ms clock, 0.43+0/3.1/0.001+0.83 ms cpu, 225->225->115 MB, 225 MB goal, 0 MB stacks, 0 MB globals, 20 P
gc 11883 @309.325s 1%: 0.027+1.5+0.008 ms clock, 0.55+0/2.4/0.004+0.16 ms cpu, 232->232->119 MB, 232 MB goal, 0 MB stacks, 0 MB globals, 20 P
gc 11884 @309.358s 1%: 0.024+0.64+0.015 ms clock, 0.49+0/0.87/0+0.31 ms cpu, 237->237->134 MB, 240 MB goal, 0 MB stacks, 0 MB globals, 20 P
gc 11885 @309.387s 1%: 0.026+0.90+0.007 ms clock, 0.52+0/1.7/0+0.14 ms cpu, 267->267->115 MB, 269 MB goal, 0 MB stacks, 0 MB globals, 20 P
gc 11886 @309.411s 1%: 0.026+1.6+0.007 ms clock, 0.53+0/2.5/0.006+0.14 ms cpu, 231->231->121 MB, 232 MB goal, 0 MB stacks, 0 MB globals, 20 P
gc 11887 @309.437s 1%: 0.021+0.57+0.015 ms clock, 0.43+0/0.84/0.014+0.31 ms cpu, 243->243->140 MB, 243 MB goal, 0 MB stacks, 0 MB globals, 20 P
gc 11888 @309.462s 1%: 0.019+3.2+0.005 ms clock, 0.39+0/3.5/0+0.10 ms cpu, 282->282->120 MB, 283 MB goal, 0 MB stacks, 0 MB globals, 20 P
gc 11889 @309.479s 1%: 0.019+1.3+0.003 ms clock, 0.39+0/1.7/0+0.073 ms cpu, 241->241->127 MB, 241 MB goal, 0 MB stacks, 0 MB globals, 20 P
gc 11890 @309.506s 1%: 0.017+0.54+0.003 ms clock, 0.34+0/0.78/0+0.076 ms cpu, 254->254->117 MB, 256 MB goal, 0 MB stacks, 0 MB globals, 20 P
gc 11891 @309.521s 1%: 0.017+1.5+0.003 ms clock, 0.34+0/2.0/0.061+0.070 ms cpu, 238->238->122 MB, 238 MB goal, 0 MB stacks, 0 MB globals, 20 P
gc 11892 @309.545s 1%: 0.018+0.30+0.12 ms clock, 0.37+0.098/0.72/0+2.5 ms cpu, 242->243->112 MB, 245 MB goal, 0 MB stacks, 0 MB globals, 20 P
gc 11893 @309.561s 1%: 0.017+0.57+0.004 ms clock, 0.35+0/0.86/0+0.081 ms cpu, 220->220->114 MB, 224 MB goal, 0 MB stacks, 0 MB globals, 20 P
gc 11894 @309.586s 1%: 0.027+3.9+0.008 ms clock, 0.55+0/4.7/0.007+0.17 ms cpu, 226->226->118 MB, 228 MB goal, 0 MB stacks, 0 MB globals, 20 P
gc 11895 @309.610s 1%: 0.034+7.7+0.005 ms clock, 0.69+0/8.1/0+0.11 ms cpu, 233->233->122 MB, 236 MB goal, 0 MB stacks, 0 MB globals, 20 P
gc 11896 @309.647s 1%: 0.022+0.57+0.005 ms clock, 0.44+0/0.89/0.062+0.10 ms cpu, 244->244->111 MB, 246 MB goal, 0 MB stacks, 0 MB globals, 20 P
gc 11897 @309.677s 1%: 0.029+5.4+0.037 ms clock, 0.58+0/5.9/0.033+0.74 ms cpu, 220->220->115 MB, 223 MB goal, 0 MB stacks, 0 MB globals, 20 P
gc 11898 @309.705s 1%: 0.020+2.5+0.003 ms clock, 0.40+0/2.7/0+0.074 ms cpu, 237->237->124 MB, 237 MB goal, 0 MB stacks, 0 MB globals, 20 P
gc 11899 @309.730s 1%: 0.016+0.46+0.002 ms clock, 0.32+0.029/0.68/0+0.056 ms cpu, 247->247->113 MB, 248 MB goal, 0 MB stacks, 0 MB globals, 20 P
gc 11900 @309.756s 1%: 0.031+5.1+0.004 ms clock, 0.62+0/5.7/0.001+0.094 ms cpu, 229->229->118 MB, 229 MB goal, 0 MB stacks, 0 MB globals, 20 P
gc 11901 @309.784s 1%: 0.030+2.2+0.007 ms clock, 0.60+0/3.0/0.005+0.15 ms cpu, 233->233->122 MB, 237 MB goal, 0 MB stacks, 0 MB globals, 20 P
gc 11902 @309.811s 1%: 0.029+0.61+0.014 ms clock, 0.59+0/1.2/0+0.29 ms cpu, 244->244->141 MB, 245 MB goal, 0 MB stacks, 0 MB globals, 20 P
gc 11903 @309.846s 1%: 0.019+4.5+0.003 ms clock, 0.39+0/4.7/0+0.064 ms cpu, 278->278->123 MB, 282 MB goal, 0 MB stacks, 0 MB globals, 20 P
gc 11904 @309.870s 1%: 0.019+1.3+0.003 ms clock, 0.38+0/1.5/0+0.073 ms cpu, 244->244->112 MB, 247 MB goal, 0 MB stacks, 0 MB globals, 20 P
gc 11905 @309.887s 1%: 0.043+2.9+0.003 ms clock, 0.87+0/3.3/0+0.063 ms cpu, 228->228->117 MB, 228 MB goal, 0 MB stacks, 0 MB globals, 20 P
gc 11906 @309.906s 1%: 0.018+1.9+0.003 ms clock, 0.37+0/2.6/0.033+0.066 ms cpu, 232->232->121 MB, 234 MB goal, 0 MB stacks, 0 MB globals, 20 P
gc 11907 @309.928s 1%: 0.020+0.44+0.009 ms clock, 0.40+0/0.80/0.006+0.18 ms cpu, 244->244->139 MB, 244 MB goal, 0 MB stacks, 0 MB globals, 20 P
gc 11908 @309.952s 1%: 0.018+3.5+0.003 ms clock, 0.37+0/3.8/0+0.074 ms cpu, 281->281->120 MB, 281 MB goal, 0 MB stacks, 0 MB globals, 20 P
gc 11909 @309.972s 1%: 0.019+1.4+0.003 ms clock, 0.39+0/1.9/0+0.077 ms cpu, 240->240->127 MB, 241 MB goal, 0 MB stacks, 0 MB globals, 20 P
gc 11910 @309.993s 1%: 0.024+2.0+0.004 ms clock, 0.48+0/2.4/0.009+0.085 ms cpu, 253->253->116 MB, 255 MB goal, 0 MB stacks, 0 MB globals, 20 P
gc 11911 @310.023s 1%: 0.026+1.1+0.004 ms clock, 0.52+0/2.3/0.023+0.091 ms cpu, 238->238->122 MB, 238 MB goal, 0 MB stacks, 0 MB globals, 20 P
gc 11912 @310.055s 1%: 0.020+0.43+0.004 ms clock, 0.40+0.091/0.90/0+0.094 ms cpu, 240->241->110 MB, 244 MB goal, 0 MB stacks, 0 MB globals, 20 P
gc 11913 @310.075s 1%: 0.027+1.3+0.006 ms clock, 0.54+0/1.8/0+0.13 ms cpu, 222->222->115 MB, 222 MB goal, 0 MB stacks, 0 MB globals, 20 P
gc 11914 @310.100s 1%: 0.025+6.7+0.004 ms clock, 0.51+0/7.2/0+0.084 ms cpu, 228->228->121 MB, 231 MB goal, 0 MB stacks, 0 MB globals, 20 P
gc 11915 @310.127s 1%: 0.018+0.55+0.004 ms clock, 0.36+0.042/0.82/0.004+0.085 ms cpu, 241->241->108 MB, 243 MB goal, 0 MB stacks, 0 MB globals, 20 P
gc 11916 @310.150s 1%: 0.030+0.78+0.007 ms clock, 0.60+0/1.7/0.27+0.15 ms cpu, 213->213->111 MB, 216 MB goal, 0 MB stacks, 0 MB globals, 20 P
gc 11917 @310.170s 1%: 0.020+1.0+0.003 ms clock, 0.41+0/1.1/0+0.068 ms cpu, 228->228->117 MB, 228 MB goal, 0 MB stacks, 0 MB globals, 20 P
gc 11918 @310.189s 1%: 0.020+5.1+0.004 ms clock, 0.41+0/5.5/0+0.090 ms cpu, 238->238->124 MB, 238 MB goal, 0 MB stacks, 0 MB globals, 20 P
gc 11919 @310.213s 1%: 0.019+0.47+0.006 ms clock, 0.38+0.091/0.71/0+0.13 ms cpu, 247->247->115 MB, 249 MB goal, 0 MB stacks, 0 MB globals, 20 P
gc 11920 @310.235s 1%: 0.031+4.2+0.006 ms clock, 0.63+0/5.2/0.016+0.13 ms cpu, 231->231->121 MB, 231 MB goal, 0 MB stacks, 0 MB globals, 20 P
gc 11921 @310.269s 1%: 0.031+7.8+0.004 ms clock, 0.63+0/8.6/0+0.083 ms cpu, 252->252->128 MB, 252 MB goal, 0 MB stacks, 0 MB globals, 20 P
gc 11922 @310.297s 1%: 0.033+0.49+0.003 ms clock, 0.66+0/1.0/0.016+0.079 ms cpu, 254->254->116 MB, 258 MB goal, 0 MB stacks, 0 MB globals, 20 P
gc 11923 @310.323s 1%: 0.022+4.6+0.003 ms clock, 0.45+0/4.9/0+0.072 ms cpu, 237->237->120 MB, 237 MB goal, 0 MB stacks, 0 MB globals, 20 P
gc 11924 @310.349s 1%: 0.019+0.51+0.006 ms clock, 0.38+0/0.87/0+0.12 ms cpu, 241->241->111 MB, 241 MB goal, 0 MB stacks, 0 MB globals, 20 P
gc 11925 @310.363s 1%: 0.018+2.1+0.003 ms clock, 0.36+0/2.7/0+0.068 ms cpu, 223->223->115 MB, 223 MB goal, 0 MB stacks, 0 MB globals, 20 P
gc 11926 @310.381s 1%: 0.020+3.4+0.003 ms clock, 0.40+0/3.9/0.033+0.075 ms cpu, 230->230->119 MB, 230 MB goal, 0 MB stacks, 0 MB globals, 20 P
gc 11927 @310.405s 1%: 0.025+0.69+0.007 ms clock, 0.50+0/1.3/0+0.15 ms cpu, 242->242->136 MB, 242 MB goal, 0 MB stacks, 0 MB globals, 20 P
gc 11928 @310.427s 1%: 0.021+3.5+0.005 ms clock, 0.42+0/3.8/0+0.10 ms cpu, 279->279->118 MB, 279 MB goal, 0 MB stacks, 0 MB globals, 20 P
gc 11929 @310.445s 1%: 0.020+3.8+0.005 ms clock, 0.40+0/4.0/0+0.10 ms cpu, 239->239->125 MB, 239 MB goal, 0 MB stacks, 0 MB globals, 20 P
gc 11930 @310.471s 1%: 0.023+0.52+0.004 ms clock, 0.47+0/0.79/0+0.081 ms cpu, 248->248->116 MB, 251 MB goal, 0 MB stacks, 0 MB globals, 20 P
gc 11931 @310.487s 1%: 0.017+0.66+0.003 ms clock, 0.34+0/1.3/0.006+0.062 ms cpu, 232->232->120 MB, 233 MB goal, 0 MB stacks, 0 MB globals, 20 P
gc 11932 @310.510s 1%: 0.022+0.58+0.009 ms clock, 0.44+0/0.73/0.001+0.18 ms cpu, 248->248->140 MB, 248 MB goal, 0 MB stacks, 0 MB globals, 20 P
gc 11933 @310.533s 1%: 0.018+4.4+0.005 ms clock, 0.36+0/4.7/0+0.10 ms cpu, 283->283->121 MB, 283 MB goal, 0 MB stacks, 0 MB globals, 20 P
gc 11934 @310.558s 1%: 0.032+2.4+0.029 ms clock, 0.64+0/3.1/0+0.59 ms cpu, 242->254->139 MB, 242 MB goal, 0 MB stacks, 0 MB globals, 20 P
gc 11935 @310.587s 1%: 0.019+1.0+0.003 ms clock, 0.38+0/1.6/0.035+0.067 ms cpu, 277->277->121 MB, 279 MB goal, 0 MB stacks, 0 MB globals, 20 P
gc 11936 @310.608s 1%: 0.020+0.55+0.010 ms clock, 0.41+0/0.89/0+0.21 ms cpu, 244->244->140 MB, 244 MB goal, 0 MB stacks, 0 MB globals, 20 P
gc 11937 @310.642s 1%: 0.027+1.3+0.008 ms clock, 0.55+0/2.1/0.012+0.17 ms cpu, 273->273->118 MB, 281 MB goal, 0 MB stacks, 0 MB globals, 20 P
gc 11938 @310.661s 1%: 0.031+2.4+0.004 ms clock, 0.63+0/2.7/0+0.097 ms cpu, 233->233->123 MB, 237 MB goal, 0 MB stacks, 0 MB globals, 20 P
gc 11939 @310.681s 1%: 0.023+0.61+0.014 ms clock, 0.47+0/1.2/0.003+0.28 ms cpu, 244->244->139 MB, 246 MB goal, 0 MB stacks, 0 MB globals, 20 P
gc 11940 @310.716s 1%: 0.022+0.77+0.004 ms clock, 0.44+0/1.2/0.004+0.086 ms cpu, 272->272->119 MB, 279 MB goal, 0 MB stacks, 0 MB globals, 20 P
gc 11941 @310.730s 1%: 0.016+3.1+0.006 ms clock, 0.32+0/3.6/0.004+0.13 ms cpu, 233->233->124 MB, 238 MB goal, 0 MB stacks, 0 MB globals, 20 P
gc 11942 @310.748s 1%: 0.022+0.48+0.007 ms clock, 0.44+0/0.85/0+0.15 ms cpu, 244->244->139 MB, 250 MB goal, 0 MB stacks, 0 MB globals, 20 P
gc 11943 @310.770s 1%: 0.022+1.2+0.005 ms clock, 0.45+0/1.5/0+0.10 ms cpu, 277->277->120 MB, 279 MB goal, 0 MB stacks, 0 MB globals, 20 P
gc 11944 @310.791s 1%: 0.022+1.5+0.006 ms clock, 0.45+0/1.8/0+0.12 ms cpu, 228->228->124 MB, 241 MB goal, 0 MB stacks, 0 MB globals, 20 P
gc 11945 @310.815s 1%: 0.018+1.1+0.006 ms clock, 0.36+0/0.78/0+0.12 ms cpu, 236->239->113 MB, 248 MB goal, 0 MB stacks, 0 MB globals, 20 P
gc 11946 @310.832s 1%: 0.017+1.6+0.005 ms clock, 0.35+0/2.1/0+0.11 ms cpu, 217->217->114 MB, 227 MB goal, 0 MB stacks, 0 MB globals, 20 P
gc 11947 @310.851s 1%: 0.019+0.72+0.005 ms clock, 0.38+0/1.0/0.010+0.11 ms cpu, 216->216->116 MB, 228 MB goal, 0 MB stacks, 0 MB globals, 20 P
gc 11948 @310.866s 1%: 0.019+3.7+0.004 ms clock, 0.39+0/4.1/0+0.090 ms cpu, 225->225->120 MB, 233 MB goal, 0 MB stacks, 0 MB globals, 20 P
gc 11949 @310.898s 1%: 0.025+0.53+0.015 ms clock, 0.50+0/1.1/0.003+0.31 ms cpu, 237->237->138 MB, 241 MB goal, 0 MB stacks, 0 MB globals, 20 P
gc 11950 @310.921s 1%: 0.018+2.7+0.006 ms clock, 0.36+0/3.0/0+0.13 ms cpu, 270->270->116 MB, 276 MB goal, 0 MB stacks, 0 MB globals, 20 P
gc 11951 @310.943s 1%: 0.018+2.5+0.005 ms clock, 0.36+0/2.8/0.014+0.10 ms cpu, 231->231->120 MB, 232 MB goal, 0 MB stacks, 0 MB globals, 20 P
gc 11952 @310.966s 1%: 0.018+0.54+0.092 ms clock, 0.36+0.081/0.90/0+1.8 ms cpu, 229->231->111 MB, 241 MB goal, 0 MB stacks, 0 MB globals, 20 P
gc 11953 @310.979s 1%: 0.019+0.64+0.006 ms clock, 0.38+0.072/0.95/0+0.12 ms cpu, 211->215->116 MB, 223 MB goal, 0 MB stacks, 0 MB globals, 20 P
gc 11954 @310.992s 1%: 0.019+0.64+2.4 ms clock, 0.38+0/1.1/0+48 ms cpu, 223->231->125 MB, 232 MB goal, 0 MB stacks, 0 MB globals, 20 P
gc 11955 @311.014s 1%: 0.027+0.64+0.003 ms clock, 0.54+0.066/0.96/0+0.071 ms cpu, 239->240->111 MB, 251 MB goal, 0 MB stacks, 0 MB globals, 20 P
gc 11956 @311.034s 1%: 0.017+0.89+0.004 ms clock, 0.35+0/1.2/0+0.086 ms cpu, 220->220->115 MB, 222 MB goal, 0 MB stacks, 0 MB globals, 20 P
gc 11957 @311.051s 1%: 0.019+1.2+0.008 ms clock, 0.39+0/1.6/0.004+0.16 ms cpu, 231->231->120 MB, 231 MB goal, 0 MB stacks, 0 MB globals, 20 P
gc 11958 @311.068s 1%: 0.029+0.54+0.014 ms clock, 0.58+0/0.73/0.005+0.28 ms cpu, 242->242->137 MB, 242 MB goal, 0 MB stacks, 0 MB globals, 20 P
gc 11959 @311.091s 1%: 0.019+3.1+0.005 ms clock, 0.39+0/3.2/0+0.10 ms cpu, 269->269->115 MB, 275 MB goal, 0 MB stacks, 0 MB globals, 20 P
gc 11960 @311.110s 1%: 0.019+1.0+0.003 ms clock, 0.38+0/1.5/0+0.068 ms cpu, 230->230->121 MB, 231 MB goal, 0 MB stacks, 0 MB globals, 20 P
gc 11961 @311.131s 1%: 0.025+0.60+0.014 ms clock, 0.50+0/1.1/0+0.28 ms cpu, 243->243->140 MB, 243 MB goal, 0 MB stacks, 0 MB globals, 20 P
gc 11962 @311.158s 1%: 0.017+2.7+0.003 ms clock, 0.35+0/3.1/0+0.063 ms cpu, 272->272->121 MB, 280 MB goal, 0 MB stacks, 0 MB globals, 20 P
gc 11963 @311.176s 1%: 0.017+1.5+0.003 ms clock, 0.35+0/1.7/0.009+0.069 ms cpu, 236->236->125 MB, 244 MB goal, 0 MB stacks, 0 MB globals, 20 P
gc 11964 @311.194s 1%: 0.020+0.49+0.013 ms clock, 0.41+0/0.76/0.002+0.26 ms cpu, 246->246->141 MB, 250 MB goal, 0 MB stacks, 0 MB globals, 20 P
gc 11965 @311.218s 1%: 0.020+3.6+0.003 ms clock, 0.40+0/3.8/0+0.079 ms cpu, 284->284->121 MB, 284 MB goal, 0 MB stacks, 0 MB globals, 20 P
gc 11966 @311.237s 1%: 0.019+4.2+0.003 ms clock, 0.38+0/4.5/0.010+0.067 ms cpu, 242->242->127 MB, 243 MB goal, 0 MB stacks, 0 MB globals, 20 P
gc 11967 @311.265s 1%: 0.032+1.1+0.005 ms clock, 0.64+0/1.8/0.027+0.11 ms cpu, 248->248->116 MB, 255 MB goal, 0 MB stacks, 0 MB globals, 20 P
gc 11968 @311.279s 1%: 0.020+0.92+0.004 ms clock, 0.41+0/1.5/0+0.080 ms cpu, 227->227->120 MB, 233 MB goal, 0 MB stacks, 0 MB globals, 20 P
gc 11969 @311.297s 1%: 0.020+7.1+0.004 ms clock, 0.40+0/7.5/0.015+0.088 ms cpu, 241->241->127 MB, 242 MB goal, 0 MB stacks, 0 MB globals, 20 P
gc 11970 @311.330s 1%: 0.020+0.71+0.003 ms clock, 0.41+0/1.1/0+0.075 ms cpu, 248->248->116 MB, 254 MB goal, 0 MB stacks, 0 MB globals, 20 P
gc 11971 @311.345s 1%: 0.019+0.97+0.11 ms clock, 0.39+0/1.4/0.017+2.2 ms cpu, 227->227->120 MB, 232 MB goal, 0 MB stacks, 0 MB globals, 20 P
gc 11972 @311.359s 1%: 0.020+1.4+0.005 ms clock, 0.40+0/1.8/0.022+0.10 ms cpu, 241->241->127 MB, 241 MB goal, 0 MB stacks, 0 MB globals, 20 P
gc 11973 @311.388s 1%: 0.029+0.84+0.97 ms clock, 0.59+0/1.7/0.24+19 ms cpu, 250->254->119 MB, 255 MB goal, 0 MB stacks, 0 MB globals, 20 P
gc 11974 @311.419s 1%: 0.028+7.8+0.004 ms clock, 0.57+0/8.4/0+0.098 ms cpu, 240->240->121 MB, 240 MB goal, 0 MB stacks, 0 MB globals, 20 P
gc 11975 @311.446s 1%: 0.026+5.4+0.003 ms clock, 0.53+0/6.2/0.11+0.062 ms cpu, 242->242->128 MB, 242 MB goal, 0 MB stacks, 0 MB globals, 20 P
gc 11976 @311.471s 1%: 0.018+0.41+0.003 ms clock, 0.36+0/0.91/0+0.070 ms cpu, 251->251->115 MB, 257 MB goal, 0 MB stacks, 0 MB globals, 20 P
gc 11977 @311.486s 1%: 0.016+3.9+0.005 ms clock, 0.32+0/4.3/0+0.11 ms cpu, 224->224->121 MB, 230 MB goal, 0 MB stacks, 0 MB globals, 20 P
gc 11978 @311.503s 1%: 0.020+2.2+0.003 ms clock, 0.41+0/2.7/0.008+0.072 ms cpu, 240->240->125 MB, 242 MB goal, 0 MB stacks, 0 MB globals, 20 P
gc 11979 @311.540s 1%: 0.027+0.59+0.005 ms clock, 0.54+0/1.3/0.001+0.11 ms cpu, 245->245->112 MB, 251 MB goal, 0 MB stacks, 0 MB globals, 20 P
gc 11980 @311.558s 1%: 0.018+2.3+0.007 ms clock, 0.37+0/2.6/0+0.14 ms cpu, 217->217->114 MB, 224 MB goal, 0 MB stacks, 0 MB globals, 20 P
gc 11981 @311.582s 1%: 0.029+4.6+0.006 ms clock, 0.59+0/5.6/0+0.12 ms cpu, 231->231->119 MB, 231 MB goal, 0 MB stacks, 0 MB globals, 20 P
gc 11982 @311.618s 1%: 0.021+0.45+0.005 ms clock, 0.42+0/0.66/0+0.10 ms cpu, 237->237->137 MB, 239 MB goal, 0 MB stacks, 0 MB globals, 20 P
gc 11983 @311.646s 1%: 0.032+2.6+0.006 ms clock, 0.65+0/3.1/0.021+0.12 ms cpu, 270->270->117 MB, 275 MB goal, 0 MB stacks, 0 MB globals, 20 P
gc 11984 @311.663s 1%: 0.017+1.2+0.004 ms clock, 0.34+0/1.5/0.002+0.086 ms cpu, 232->232->123 MB, 235 MB goal, 0 MB stacks, 0 MB globals, 20 P
gc 11985 @311.679s 1%: 0.019+0.44+0.008 ms clock, 0.39+0/0.79/0.019+0.17 ms cpu, 245->245->140 MB, 247 MB goal, 0 MB stacks, 0 MB globals, 20 P
gc 11986 @311.705s 1%: 0.026+5.3+0.005 ms clock, 0.53+0/6.1/0.049+0.11 ms cpu, 283->283->121 MB, 283 MB goal, 0 MB stacks, 0 MB globals, 20 P
gc 11987 @311.725s 1%: 0.020+0.45+0.010 ms clock, 0.40+0/0.93/0.049+0.21 ms cpu, 238->238->137 MB, 243 MB goal, 0 MB stacks, 0 MB globals, 20 P
gc 11988 @311.753s 1%: 0.024+0.76+0.004 ms clock, 0.49+0/1.2/0.011+0.092 ms cpu, 269->269->118 MB, 275 MB goal, 0 MB stacks, 0 MB globals, 20 P
gc 11989 @311.766s 1%: 0.018+1.1+0.003 ms clock, 0.36+0/1.5/0+0.069 ms cpu, 233->233->122 MB, 237 MB goal, 0 MB stacks, 0 MB globals, 20 P
gc 11990 @311.785s 1%: 0.029+0.72+0.015 ms clock, 0.59+0/1.3/0+0.30 ms cpu, 244->244->138 MB, 246 MB goal, 0 MB stacks, 0 MB globals, 20 P
gc 11991 @311.819s 1%: 0.023+5.0+0.003 ms clock, 0.47+0/5.5/0.059+0.077 ms cpu, 276->276->119 MB, 278 MB goal, 0 MB stacks, 0 MB globals, 20 P
gc 11992 @311.852s 1%: 0.027+0.51+0.015 ms clock, 0.54+0/1.2/0+0.30 ms cpu, 242->242->137 MB, 242 MB goal, 0 MB stacks, 0 MB globals, 20 P
gc 11993 @311.878s 1%: 0.019+0.79+0.004 ms clock, 0.39+0/1.0/0+0.099 ms cpu, 270->270->116 MB, 275 MB goal, 0 MB stacks, 0 MB globals, 20 P
gc 11994 @311.892s 1%: 0.023+1.1+0.004 ms clock, 0.46+0/1.4/0+0.082 ms cpu, 231->231->122 MB, 233 MB goal, 0 MB stacks, 0 MB globals, 20 P
gc 11995 @311.918s 1%: 0.031+0.73+0.019 ms clock, 0.62+0/1.3/0.044+0.38 ms cpu, 244->244->139 MB, 245 MB goal, 0 MB stacks, 0 MB globals, 20 P
gc 11996 @311.950s 1%: 0.018+2.7+0.005 ms clock, 0.36+0/2.9/0+0.11 ms cpu, 272->272->121 MB, 279 MB goal, 0 MB stacks, 0 MB globals, 20 P
gc 11997 @311.969s 1%: 0.019+1.1+0.004 ms clock, 0.39+0/1.6/0+0.085 ms cpu, 236->236->125 MB, 242 MB goal, 0 MB stacks, 0 MB globals, 20 P
gc 11998 @311.989s 1%: 0.028+0.68+0.11 ms clock, 0.57+0/1.4/0+2.2 ms cpu, 246->246->141 MB, 252 MB goal, 0 MB stacks, 0 MB globals, 20 P
gc 11999 @312.021s 1%: 0.026+3.9+0.007 ms clock, 0.53+0/4.6/0.048+0.14 ms cpu, 279->279->122 MB, 283 MB goal, 0 MB stacks, 0 MB globals, 20 P
gc 12000 @312.054s 1%: 0.021+0.44+0.010 ms clock, 0.43+0/0.96/0+0.20 ms cpu, 244->244->139 MB, 246 MB goal, 0 MB stacks, 0 MB globals, 20 P
gc 12001 @312.087s 1%: 0.020+0.89+0.021 ms clock, 0.40+0/1.3/0+0.43 ms cpu, 280->280->118 MB, 280 MB goal, 0 MB stacks, 0 MB globals, 20 P
gc 12002 @312.106s 1%: 0.10+2.1+0.003 ms clock, 2.0+0/2.6/0.001+0.073 ms cpu, 239->239->125 MB, 239 MB goal, 0 MB stacks, 0 MB globals, 20 P
gc 12003 @312.131s 1%: 0.018+2.0+0.003 ms clock, 0.36+0/2.4/0+0.077 ms cpu, 245->245->113 MB, 251 MB goal, 0 MB stacks, 0 MB globals, 20 P
gc 12004 @312.154s 1%: 0.027+1.2+0.005 ms clock, 0.54+0/2.1/0.11+0.10 ms cpu, 224->224->117 MB, 227 MB goal, 0 MB stacks, 0 MB globals, 20 P
gc 12005 @312.172s 1%: 0.018+1.3+0.003 ms clock, 0.37+0/1.5/0+0.070 ms cpu, 238->238->124 MB, 238 MB goal, 0 MB stacks, 0 MB globals, 20 P
gc 12006 @312.194s 1%: 0.018+0.82+0.003 ms clock, 0.37+0.12/0.61/0+0.068 ms cpu, 241->243->114 MB, 248 MB goal, 0 MB stacks, 0 MB globals, 20 P
gc 12007 @312.210s 1%: 0.018+0.71+0.003 ms clock, 0.36+0/0.91/0+0.069 ms cpu, 225->225->116 MB, 230 MB goal, 0 MB stacks, 0 MB globals, 20 P
gc 12008 @312.225s 1%: 0.019+3.8+0.003 ms clock, 0.39+0/4.4/0.007+0.071 ms cpu, 226->226->120 MB, 233 MB goal, 0 MB stacks, 0 MB globals, 20 P
gc 12009 @312.245s 1%: 0.020+5.9+0.016 ms clock, 0.41+0/6.2/0.006+0.32 ms cpu, 240->240->127 MB, 241 MB goal, 0 MB stacks, 0 MB globals, 20 P
gc 12010 @312.273s 1%: 0.023+0.76+0.005 ms clock, 0.47+0.019/1.2/0.008+0.10 ms cpu, 247->250->118 MB, 255 MB goal, 0 MB stacks, 0 MB globals, 20 P
gc 12011 @312.298s 1%: 0.018+0.85+0.003 ms clock, 0.36+0/1.0/0+0.075 ms cpu, 234->234->120 MB, 236 MB goal, 0 MB stacks, 0 MB globals, 20 P
gc 12012 @312.317s 1%: 0.021+1.2+0.004 ms clock, 0.43+0/1.4/0.001+0.080 ms cpu, 235->235->124 MB, 240 MB goal, 0 MB stacks, 0 MB globals, 20 P
gc 12013 @312.345s 1%: 0.022+0.48+0.009 ms clock, 0.45+0/0.90/0+0.19 ms cpu, 247->247->141 MB, 249 MB goal, 0 MB stacks, 0 MB globals, 20 P
gc 12014 @312.384s 1%: 0.032+1.6+0.007 ms clock, 0.65+0/2.3/0+0.14 ms cpu, 284->284->123 MB, 284 MB goal, 0 MB stacks, 0 MB globals, 20 P
gc 12015 @312.412s 1%: 0.028+0.55+0.007 ms clock, 0.56+0/1.2/0+0.15 ms cpu, 240->240->138 MB, 246 MB goal, 0 MB stacks, 0 MB globals, 20 P
gc 12016 @312.443s 1%: 0.021+0.76+0.004 ms clock, 0.42+0/1.4/0.005+0.093 ms cpu, 271->271->119 MB, 278 MB goal, 0 MB stacks, 0 MB globals, 20 P
gc 12017 @312.466s 1%: 0.028+3.0+0.002 ms clock, 0.56+0/3.7/0+0.056 ms cpu, 234->234->123 MB, 240 MB goal, 0 MB stacks, 0 MB globals, 20 P
gc 12018 @312.491s 1%: 0.022+0.70+0.084 ms clock, 0.45+0/0.86/0+1.6 ms cpu, 244->244->139 MB, 248 MB goal, 0 MB stacks, 0 MB globals, 20 P
gc 12019 @312.513s 1%: 0.020+1.1+0.004 ms clock, 0.40+0/1.3/0+0.081 ms cpu, 272->272->118 MB, 279 MB goal, 0 MB stacks, 0 MB globals, 20 P
gc 12020 @312.527s 1%: 0.017+1.0+0.003 ms clock, 0.34+0/1.2/0+0.070 ms cpu, 233->233->122 MB, 236 MB goal, 0 MB stacks, 0 MB globals, 20 P
gc 12021 @312.543s 1%: 0.024+0.38+0.004 ms clock, 0.49+0/0.70/0+0.099 ms cpu, 245->245->140 MB, 245 MB goal, 0 MB stacks, 0 MB globals, 20 P
gc 12022 @312.565s 1%: 0.019+3.2+0.003 ms clock, 0.38+0/3.3/0+0.073 ms cpu, 272->272->119 MB, 280 MB goal, 0 MB stacks, 0 MB globals, 20 P
gc 12023 @312.583s 1%: 0.018+2.3+0.004 ms clock, 0.36+0/2.6/0+0.081 ms cpu, 234->234->124 MB, 238 MB goal, 0 MB stacks, 0 MB globals, 20 P
gc 12024 @312.605s 1%: 0.028+0.42+0.005 ms clock, 0.57+0/0.83/0.012+0.11 ms cpu, 246->246->142 MB, 250 MB goal, 0 MB stacks, 0 MB globals, 20 P
gc 12025 @312.635s 1%: 0.026+4.3+0.004 ms clock, 0.52+0/4.6/0+0.091 ms cpu, 284->284->121 MB, 286 MB goal, 0 MB stacks, 0 MB globals, 20 P
gc 12026 @312.659s 1%: 0.020+0.75+0.003 ms clock, 0.40+0.098/0.62/0.004+0.070 ms cpu, 237->241->115 MB, 243 MB goal, 0 MB stacks, 0 MB globals, 20 P
gc 12027 @312.676s 1%: 0.021+3.4+0.004 ms clock, 0.43+0/3.8/0+0.094 ms cpu, 227->227->116 MB, 230 MB goal, 0 MB stacks, 0 MB globals, 20 P
gc 12028 @312.694s 1%: 0.020+1.2+0.006 ms clock, 0.41+0/1.6/0.001+0.12 ms cpu, 231->231->120 MB, 232 MB goal, 0 MB stacks, 0 MB globals, 20 P
gc 12029 @312.721s 1%: 0.037+0.57+0.016 ms clock, 0.75+0/1.2/0+0.33 ms cpu, 242->242->137 MB, 242 MB goal, 0 MB stacks, 0 MB globals, 20 P
gc 12030 @312.763s 1%: 0.037+1.8+0.007 ms clock, 0.75+0/2.7/0.001+0.14 ms cpu, 280->280->118 MB, 280 MB goal, 0 MB stacks, 0 MB globals, 20 P
gc 12031 @312.786s 1%: 0.022+3.1+0.003 ms clock, 0.44+0/3.4/0+0.071 ms cpu, 239->239->125 MB, 239 MB goal, 0 MB stacks, 0 MB globals, 20 P
gc 12032 @312.818s 1%: 0.017+0.58+0.006 ms clock, 0.34+0/0.94/0+0.12 ms cpu, 248->248->116 MB, 251 MB goal, 0 MB stacks, 0 MB globals, 20 P
gc 12033 @312.841s 1%: 0.032+2.7+0.007 ms clock, 0.65+0/3.6/0.011+0.14 ms cpu, 233->233->121 MB, 233 MB goal, 0 MB stacks, 0 MB globals, 20 P
gc 12034 @312.871s 1%: 0.022+0.65+0.015 ms clock, 0.45+0/1.0/0.041+0.30 ms cpu, 248->248->138 MB, 248 MB goal, 0 MB stacks, 0 MB globals, 20 P
gc 12035 @312.902s 1%: 0.029+6.4+0.005 ms clock, 0.58+0/7.4/0.16+0.10 ms cpu, 281->281->121 MB, 281 MB goal, 0 MB stacks, 0 MB globals, 20 P
gc 12036 @312.925s 1%: 0.027+6.0+0.006 ms clock, 0.54+0/6.5/0+0.13 ms cpu, 242->242->127 MB, 243 MB goal, 0 MB stacks, 0 MB globals, 20 P
gc 12037 @312.958s 1%: 0.019+0.46+0.003 ms clock, 0.39+0/0.94/0.12+0.075 ms cpu, 254->254->115 MB, 255 MB goal, 0 MB stacks, 0 MB globals, 20 P
gc 12038 @312.979s 1%: 0.018+3.4+0.098 ms clock, 0.37+0/3.8/0+1.9 ms cpu, 237->237->121 MB, 237 MB goal, 0 MB stacks, 0 MB globals, 20 P
gc 12039 @312.997s 1%: 0.019+2.2+0.003 ms clock, 0.38+0/2.6/0.080+0.067 ms cpu, 241->241->126 MB, 242 MB goal, 0 MB stacks, 0 MB globals, 20 P
gc 12040 @313.019s 1%: 0.021+1.5+0.004 ms clock, 0.43+0/1.7/0+0.098 ms cpu, 249->249->115 MB, 252 MB goal, 0 MB stacks, 0 MB globals, 20 P
gc 12041 @313.038s 1%: 0.019+3.0+0.004 ms clock, 0.38+0/3.5/0+0.081 ms cpu, 231->231->120 MB, 231 MB goal, 0 MB stacks, 0 MB globals, 20 P
gc 12042 @313.061s 1%: 0.020+2.5+0.004 ms clock, 0.41+0/2.7/0+0.082 ms cpu, 251->251->127 MB, 251 MB goal, 0 MB stacks, 0 MB globals, 20 P
gc 12043 @313.083s 1%: 0.018+0.69+0.003 ms clock, 0.37+0/1.1/0+0.065 ms cpu, 256->256->118 MB, 257 MB goal, 0 MB stacks, 0 MB globals, 20 P
gc 12044 @313.102s 1%: 0.033+0.63+0.025 ms clock, 0.66+0.099/0.95/0.023+0.51 ms cpu, 232->233->108 MB, 236 MB goal, 0 MB stacks, 0 MB globals, 20 P
gc 12045 @313.118s 1%: 0.017+0.55+0.006 ms clock, 0.34+0/0.90/0+0.12 ms cpu, 216->216->111 MB, 217 MB goal, 0 MB stacks, 0 MB globals, 20 P
gc 12046 @313.133s 1%: 0.020+0.90+0.003 ms clock, 0.40+0/1.4/0+0.074 ms cpu, 223->223->114 MB, 223 MB goal, 0 MB stacks, 0 MB globals, 20 P
gc 12047 @313.149s 1%: 0.022+6.2+0.003 ms clock, 0.45+0/6.4/0+0.075 ms cpu, 230->230->120 MB, 230 MB goal, 0 MB stacks, 0 MB globals, 20 P
gc 12048 @313.175s 1%: 0.020+0.54+0.008 ms clock, 0.40+0/0.73/0+0.16 ms cpu, 242->242->137 MB, 242 MB goal, 0 MB stacks, 0 MB globals, 20 P
gc 12049 @313.204s 1%: 0.030+3.9+0.006 ms clock, 0.60+0/4.1/0+0.12 ms cpu, 280->280->119 MB, 280 MB goal, 0 MB stacks, 0 MB globals, 20 P
gc 12050 @313.224s 1%: 0.018+0.49+0.008 ms clock, 0.36+0/0.84/0+0.17 ms cpu, 236->236->139 MB, 239 MB goal, 0 MB stacks, 0 MB globals, 20 P
gc 12051 @313.248s 1%: 0.018+3.8+0.003 ms clock, 0.36+0/4.3/0.004+0.075 ms cpu, 281->281->119 MB, 281 MB goal, 0 MB stacks, 0 MB globals, 20 P
gc 12052 @313.267s 1%: 0.018+0.51+0.008 ms clock, 0.36+0/0.82/0+0.17 ms cpu, 236->236->139 MB, 239 MB goal, 0 MB stacks, 0 MB globals, 20 P
gc 12053 @313.292s 1%: 0.018+1.0+0.003 ms clock, 0.36+0/1.3/0+0.064 ms cpu, 281->281->119 MB, 281 MB goal, 0 MB stacks, 0 MB globals, 20 P
gc 12054 @313.307s 1%: 0.020+1.3+0.003 ms clock, 0.40+0/1.5/0+0.073 ms cpu, 240->240->124 MB, 240 MB goal, 0 MB stacks, 0 MB globals, 20 P
gc 12055 @313.332s 1%: 0.017+0.46+0.004 ms clock, 0.34+0/0.84/0+0.083 ms cpu, 247->247->114 MB, 250 MB goal, 0 MB stacks, 0 MB globals, 20 P
gc 12056 @313.349s 1%: 0.030+2.4+0.005 ms clock, 0.61+0/2.8/0+0.10 ms cpu, 230->230->119 MB, 230 MB goal, 0 MB stacks, 0 MB globals, 20 P
gc 12057 @313.369s 1%: 0.029+3.9+0.005 ms clock, 0.59+0/4.3/0.012+0.11 ms cpu, 234->234->124 MB, 238 MB goal, 0 MB stacks, 0 MB globals, 20 P
gc 12058 @313.395s 1%: 0.018+0.49+0.008 ms clock, 0.37+0/0.82/0.006+0.16 ms cpu, 245->245->142 MB, 248 MB goal, 0 MB stacks, 0 MB globals, 20 P
gc 12059 @313.419s 1%: 0.030+4.9+0.003 ms clock, 0.61+0/5.2/0+0.071 ms cpu, 285->285->122 MB, 285 MB goal, 0 MB stacks, 0 MB globals, 20 P
gc 12060 @313.438s 1%: 0.018+5.7+0.003 ms clock, 0.36+0/6.3/0+0.073 ms cpu, 243->243->128 MB, 245 MB goal, 0 MB stacks, 0 MB globals, 20 P
gc 12061 @313.469s 1%: 0.017+1.6+0.003 ms clock, 0.35+0/1.9/0.007+0.077 ms cpu, 255->255->116 MB, 257 MB goal, 0 MB stacks, 0 MB globals, 20 P
gc 12062 @313.490s 1%: 0.029+4.6+0.005 ms clock, 0.59+0/4.8/0.045+0.10 ms cpu, 239->239->122 MB, 239 MB goal, 0 MB stacks, 0 MB globals, 20 P
gc 12063 @313.515s 1%: 0.026+0.43+0.003 ms clock, 0.53+0.10/0.75/0+0.077 ms cpu, 242->242->111 MB, 245 MB goal, 0 MB stacks, 0 MB globals, 20 P
gc 12064 @313.531s 1%: 0.017+1.6+0.003 ms clock, 0.34+0/2.1/0.16+0.069 ms cpu, 222->222->114 MB, 224 MB goal, 0 MB stacks, 0 MB globals, 20 P
gc 12065 @313.547s 1%: 0.22+1.5+0.004 ms clock, 4.4+0/1.8/0+0.083 ms cpu, 227->227->119 MB, 230 MB goal, 0 MB stacks, 0 MB globals, 20 P
gc 12066 @313.569s 1%: 0.021+3.4+0.003 ms clock, 0.42+0/3.6/0+0.070 ms cpu, 250->250->127 MB, 250 MB goal, 0 MB stacks, 0 MB globals, 20 P
gc 12067 @313.593s 1%: 0.017+0.59+0.006 ms clock, 0.35+0/1.0/0.001+0.12 ms cpu, 254->254->115 MB, 255 MB goal, 0 MB stacks, 0 MB globals, 20 P
gc 12068 @313.614s 1%: 0.022+0.81+0.003 ms clock, 0.44+0/1.2/0+0.071 ms cpu, 228->228->121 MB, 231 MB goal, 0 MB stacks, 0 MB globals, 20 P
gc 12069 @313.645s 1%: 0.029+4.9+0.004 ms clock, 0.59+0/5.1/0+0.081 ms cpu, 252->252->129 MB, 252 MB goal, 0 MB stacks, 0 MB globals, 20 P
gc 12070 @313.673s 1%: 0.018+0.69+0.003 ms clock, 0.37+0/1.1/0.021+0.070 ms cpu, 257->257->118 MB, 258 MB goal, 0 MB stacks, 0 MB globals, 20 P
gc 12071 @313.693s 1%: 0.019+0.73+0.018 ms clock, 0.39+0.17/0.69/0.001+0.37 ms cpu, 234->237->111 MB, 238 MB goal, 0 MB stacks, 0 MB globals, 20 P
gc 12072 @313.719s 1%: 0.018+0.68+0.077 ms clock, 0.36+0/0.88/0.030+1.5 ms cpu, 221->221->112 MB, 223 MB goal, 0 MB stacks, 0 MB globals, 20 P
gc 12073 @313.740s 1%: 0.021+2.1+0.003 ms clock, 0.42+0/2.5/0+0.071 ms cpu, 229->229->117 MB, 230 MB goal, 0 MB stacks, 0 MB globals, 20 P
gc 12074 @313.761s 1%: 0.024+4.6+0.007 ms clock, 0.49+0/5.0/0+0.14 ms cpu, 238->238->123 MB, 238 MB goal, 0 MB stacks, 0 MB globals, 20 P
gc 12075 @313.789s 1%: 0.019+0.46+0.005 ms clock, 0.39+0/1.0/0.22+0.10 ms cpu, 245->245->110 MB, 247 MB goal, 0 MB stacks, 0 MB globals, 20 P
gc 12076 @313.813s 1%: 0.027+4.5+0.005 ms clock, 0.54+0/5.0/0+0.11 ms cpu, 225->225->116 MB, 225 MB goal, 0 MB stacks, 0 MB globals, 20 P
gc 12077 @313.836s 1%: 0.025+1.2+0.005 ms clock, 0.51+0/1.8/0+0.10 ms cpu, 231->231->122 MB, 232 MB goal, 0 MB stacks, 0 MB globals, 20 P
gc 12078 @313.865s 1%: 0.018+0.50+0.009 ms clock, 0.37+0/0.87/0.028+0.19 ms cpu, 245->245->139 MB, 245 MB goal, 0 MB stacks, 0 MB globals, 20 P
gc 12079 @313.897s 1%: 0.022+4.0+0.005 ms clock, 0.45+0/4.5/0.050+0.11 ms cpu, 282->282->120 MB, 282 MB goal, 0 MB stacks, 0 MB globals, 20 P
gc 12080 @313.919s 1%: 0.021+3.5+0.003 ms clock, 0.42+0/3.8/0+0.069 ms cpu, 241->241->125 MB, 241 MB goal, 0 MB stacks, 0 MB globals, 20 P
gc 12081 @313.944s 1%: 0.020+1.7+0.004 ms clock, 0.41+0/2.3/0.065+0.094 ms cpu, 248->248->115 MB, 252 MB goal, 0 MB stacks, 0 MB globals, 20 P
gc 12082 @313.961s 1%: 0.018+0.72+0.009 ms clock, 0.36+0/1.4/0+0.19 ms cpu, 231->231->121 MB, 231 MB goal, 0 MB stacks, 0 MB globals, 20 P
gc 12083 @313.988s 1%: 0.029+0.85+0.007 ms clock, 0.58+0.16/1.5/0.002+0.15 ms cpu, 239->241->112 MB, 242 MB goal, 0 MB stacks, 0 MB globals, 20 P
gc 12084 @314.013s 1%: 0.031+1.2+0.007 ms clock, 0.62+0/2.0/0+0.15 ms cpu, 227->227->115 MB, 227 MB goal, 0 MB stacks, 0 MB globals, 20 P
gc 12085 @314.036s 1%: 0.031+8.5+0.008 ms clock, 0.63+0/9.2/0.041+0.16 ms cpu, 238->238->121 MB, 238 MB goal, 0 MB stacks, 0 MB globals, 20 P
gc 12086 @314.068s 1%: 0.022+0.47+0.077 ms clock, 0.44+0/0.71/0+1.5 ms cpu, 244->244->138 MB, 244 MB goal, 0 MB stacks, 0 MB globals, 20 P
gc 12087 @314.106s 1%: 0.025+3.8+0.003 ms clock, 0.51+0/4.5/0+0.076 ms cpu, 281->281->119 MB, 281 MB goal, 0 MB stacks, 0 MB globals, 20 P
gc 12088 @314.129s 1%: 0.031+2.0+0.006 ms clock, 0.63+0/3.1/0.10+0.12 ms cpu, 239->239->124 MB, 239 MB goal, 0 MB stacks, 0 MB globals, 20 P
gc 12089 @314.159s 1%: 0.018+0.56+0.016 ms clock, 0.37+0/0.78/0.013+0.33 ms cpu, 249->249->114 MB, 249 MB goal, 0 MB stacks, 0 MB globals, 20 P
gc 12090 @314.178s 1%: 0.021+3.7+0.005 ms clock, 0.43+0/4.0/0+0.10 ms cpu, 232->232->121 MB, 232 MB goal, 0 MB stacks, 0 MB globals, 20 P
gc 12091 @314.210s 1%: 0.018+0.46+0.002 ms clock, 0.36+0.074/0.67/0+0.059 ms cpu, 242->242->110 MB, 243 MB goal, 0 MB stacks, 0 MB globals, 20 P
gc 12092 @314.226s 1%: 0.018+0.58+0.003 ms clock, 0.37+0/1.0/0.009+0.068 ms cpu, 218->218->113 MB, 221 MB goal, 0 MB stacks, 0 MB globals, 20 P
gc 12093 @314.241s 1%: 1.6+3.3+0.004 ms clock, 32+0/3.9/0.016+0.089 ms cpu, 230->230->119 MB, 230 MB goal, 0 MB stacks, 0 MB globals, 20 P
gc 12094 @314.262s 1%: 0.14+0.50+0.008 ms clock, 2.8+0.21/1.2/0+0.16 ms cpu, 235->236->111 MB, 239 MB goal, 0 MB stacks, 0 MB globals, 20 P
gc 12095 @314.271s 1%: 2.5+1.3+0.010 ms clock, 51+0.053/2.0/0+0.20 ms cpu, 230->230->134 MB, 230 MB goal, 0 MB stacks, 0 MB globals, 20 P
gc 12096 @314.290s 1%: 3.8+2.4+0.005 ms clock, 77+0/3.0/0+0.11 ms cpu, 270->270->125 MB, 270 MB goal, 0 MB stacks, 0 MB globals, 20 P
gc 12097 @314.308s 1%: 2.4+1.3+0.008 ms clock, 48+0/1.9/0+0.16 ms cpu, 248->248->115 MB, 250 MB goal, 0 MB stacks, 0 MB globals, 20 P
gc 12098 @314.321s 1%: 0.040+1.5+0.015 ms clock, 0.81+0/1.9/0+0.31 ms cpu, 235->238->153 MB, 235 MB goal, 0 MB stacks, 0 MB globals, 20 P
gc 12099 @314.340s 1%: 0.94+5.1+0.002 ms clock, 18+0/5.7/0.018+0.059 ms cpu, 313->313->119 MB, 313 MB goal, 0 MB stacks, 0 MB globals, 20 P
gc 12100 @314.358s 1%: 0.14+3.5+0.004 ms clock, 2.8+0.095/0.83/0+0.092 ms cpu, 236->261->138 MB, 239 MB goal, 0 MB stacks, 0 MB globals, 20 P
gc 12101 @314.368s 1%: 0.039+1.3+0.014 ms clock, 0.78+0/1.8/0+0.29 ms cpu, 257->257->148 MB, 277 MB goal, 0 MB stacks, 0 MB globals, 20 P
gc 12102 @314.383s 1%: 0.044+0.81+0.012 ms clock, 0.89+0/1.6/0.027+0.24 ms cpu, 277->277->137 MB, 297 MB goal, 0 MB stacks, 0 MB globals, 20 P
gc 12103 @314.396s 1%: 2.3+0.63+2.0 ms clock, 47+0/1.1/0+41 ms cpu, 251->255->122 MB, 275 MB goal, 0 MB stacks, 0 MB globals, 20 P
gc 12104 @314.409s 1%: 0.035+1.0+0.022 ms clock, 0.70+0/1.0/0+0.44 ms cpu, 222->226->138 MB, 245 MB goal, 0 MB stacks, 0 MB globals, 20 P
gc 12105 @314.420s 1%: 0.093+5.0+0.003 ms clock, 1.8+0/5.4/0+0.073 ms cpu, 271->274->146 MB, 276 MB goal, 0 MB stacks, 0 MB globals, 20 P
gc 12106 @314.435s 1%: 0.033+0.47+0.012 ms clock, 0.66+0/0.88/0.007+0.25 ms cpu, 268->268->133 MB, 292 MB goal, 0 MB stacks, 0 MB globals, 20 P
gc 12107 @314.443s 1%: 0.041+1.1+0.015 ms clock, 0.83+0/1.7/0+0.31 ms cpu, 250->250->141 MB, 266 MB goal, 0 MB stacks, 0 MB globals, 20 P
gc 12108 @314.454s 1%: 1.4+10+0.004 ms clock, 29+0/6.6/0+0.082 ms cpu, 260->282->143 MB, 283 MB goal, 0 MB stacks, 0 MB globals, 20 P
gc 12109 @314.475s 1%: 0.017+1.6+1.6 ms clock, 0.34+0.047/1.2/0.007+33 ms cpu, 262->280->130 MB, 287 MB goal, 0 MB stacks, 0 MB globals, 20 P
gc 12110 @314.487s 1%: 0.042+0.48+0.019 ms clock, 0.85+0/0.81/0+0.38 ms cpu, 246->246->161 MB, 261 MB goal, 0 MB stacks, 0 MB globals, 20 P
gc 12111 @314.505s 1%: 1.0+0.43+0.004 ms clock, 20+0.028/0.85/0.007+0.091 ms cpu, 299->301->117 MB, 322 MB goal, 0 MB stacks, 0 MB globals, 20 P
gc 12112 @314.513s 1%: 1.5+0.59+0.088 ms clock, 30+0/0.72/0+1.7 ms cpu, 214->216->119 MB, 235 MB goal, 0 MB stacks, 0 MB globals, 20 P
gc 12113 @314.523s 1%: 0.018+2.5+1.6 ms clock, 0.36+0/1.0/0.008+33 ms cpu, 220->248->147 MB, 239 MB goal, 0 MB stacks, 0 MB globals, 20 P
gc 12114 @314.537s 1%: 3.1+6.3+1.4 ms clock, 63+0.011/1.7/0+28 ms cpu, 269->298->144 MB, 295 MB goal, 0 MB stacks, 0 MB globals, 20 P
gc 12115 @314.558s 1%: 0.042+1.0+0.013 ms clock, 0.85+0/1.7/0.27+0.27 ms cpu, 268->268->143 MB, 289 MB goal, 0 MB stacks, 0 MB globals, 20 P
gc 12116 @314.572s 1%: 0.052+1.4+0.004 ms clock, 1.0+0/2.3/0.40+0.080 ms cpu, 262->262->147 MB, 286 MB goal, 0 MB stacks, 0 MB globals, 20 P
gc 12117 @314.583s 1%: 0.42+0.63+0.004 ms clock, 8.5+0/1.1/0+0.087 ms cpu, 271->271->126 MB, 295 MB goal, 0 MB stacks, 0 MB globals, 20 P
gc 12118 @314.595s 1%: 0.019+4.2+0.25 ms clock, 0.39+0.10/1.5/0+5.0 ms cpu, 225->273->157 MB, 252 MB goal, 0 MB stacks, 0 MB globals, 20 P
gc 12119 @314.611s 1%: 0.15+0.43+0.003 ms clock, 3.1+0/1.2/0.039+0.069 ms cpu, 270->270->113 MB, 314 MB goal, 0 MB stacks, 0 MB globals, 20 P
gc 12120 @314.617s 1%: 0.53+4.1+0.025 ms clock, 10+0/1.8/0+0.51 ms cpu, 201->245->175 MB, 226 MB goal, 0 MB stacks, 0 MB globals, 20 P
gc 12121 @314.639s 1%: 3.0+7.5+0.005 ms clock, 61+0/8.1/0+0.11 ms cpu, 313->329->145 MB, 350 MB goal, 0 MB stacks, 0 MB globals, 20 P
gc 12122 @314.662s 1%: 0.21+4.9+1.1 ms clock, 4.2+0/2.2/0+22 ms cpu, 250->282->149 MB, 290 MB goal, 0 MB stacks, 0 MB globals, 20 P
gc 12123 @314.681s 1%: 0.020+1.2+0.005 ms clock, 0.41+0/1.8/0.009+0.11 ms cpu, 261->268->122 MB, 298 MB goal, 0 MB stacks, 0 MB globals, 20 P
gc 12124 @314.687s 1%: 0.050+1.3+0.11 ms clock, 1.0+0/1.8/0.017+2.2 ms cpu, 212->212->144 MB, 244 MB goal, 0 MB stacks, 0 MB globals, 20 P
gc 12125 @314.698s 1%: 0.15+7.0+4.3 ms clock, 3.0+0/1.6/0+86 ms cpu, 246->282->156 MB, 289 MB goal, 0 MB stacks, 0 MB globals, 20 P
gc 12126 @314.723s 1%: 0.27+2.5+0.006 ms clock, 5.4+0/3.1/0.30+0.13 ms cpu, 269->288->137 MB, 313 MB goal, 0 MB stacks, 0 MB globals, 20 P
gc 12127 @314.737s 1%: 0.016+0.44+0.21 ms clock, 0.32+0.036/1.2/0.38+4.2 ms cpu, 242->246->109 MB, 275 MB goal, 0 MB stacks, 0 MB globals, 20 P
gc 12128 @314.743s 1%: 0.34+0.86+0.49 ms clock, 6.8+0/1.4/0.087+9.8 ms cpu, 189->199->132 MB, 220 MB goal, 0 MB stacks, 0 MB globals, 20 P
gc 12129 @314.753s 1%: 0.018+3.3+0.36 ms clock, 0.37+0.044/0.71/0.007+7.3 ms cpu, 235->246->142 MB, 265 MB goal, 0 MB stacks, 0 MB globals, 20 P
gc 12130 @314.767s 1%: 1.5+0.34+0.008 ms clock, 30+0/0.80/0+0.16 ms cpu, 261->261->149 MB, 285 MB goal, 0 MB stacks, 0 MB globals, 20 P
gc 12131 @314.780s 1%: 0.29+1.9+0.059 ms clock, 5.8+0/1.6/0+1.1 ms cpu, 274->295->150 MB, 299 MB goal, 0 MB stacks, 0 MB globals, 20 P
gc 12132 @314.795s 1%: 0.043+1.6+2.0 ms clock, 0.86+0/1.0/0+41 ms cpu, 285->305->144 MB, 301 MB goal, 0 MB stacks, 0 MB globals, 20 P
gc 12133 @314.810s 1%: 0.041+0.78+0.006 ms clock, 0.82+0/1.1/0.007+0.13 ms cpu, 274->278->121 MB, 290 MB goal, 0 MB stacks, 0 MB globals, 20 P
gc 12134 @314.817s 1%: 0.44+1.5+0.010 ms clock, 8.9+0/2.1/0+0.21 ms cpu, 226->238->152 MB, 243 MB goal, 0 MB stacks, 0 MB globals, 20 P
gc 12135 @314.831s 1%: 2.0+2.4+0.005 ms clock, 41+0/2.9/0+0.10 ms cpu, 294->294->133 MB, 304 MB goal, 0 MB stacks, 0 MB globals, 20 P
gc 12136 @314.846s 1%: 0.020+1.1+2.4 ms clock, 0.41+0.11/1.3/0.015+49 ms cpu, 248->270->143 MB, 268 MB goal, 0 MB stacks, 0 MB globals, 20 P
gc 12137 @314.861s 1%: 0.21+0.62+0.003 ms clock, 4.3+0/1.1/0+0.073 ms cpu, 265->269->115 MB, 287 MB goal, 0 MB stacks, 0 MB globals, 20 P
gc 12138 @314.866s 1%: 1.0+1.3+0.022 ms clock, 21+0/1.6/0+0.45 ms cpu, 217->229->146 MB, 230 MB goal, 0 MB stacks, 0 MB globals, 20 P
gc 12139 @314.880s 1%: 0.43+10+0.82 ms clock, 8.6+0/3.5/0+16 ms cpu, 275->331->182 MB, 292 MB goal, 0 MB stacks, 0 MB globals, 20 P
gc 12140 @314.902s 1%: 0.40+1.6+0.006 ms clock, 8.1+0/1.6/0+0.12 ms cpu, 320->333->139 MB, 365 MB goal, 0 MB stacks, 0 MB globals, 20 P
gc 12141 @314.912s 1%: 0.15+1.2+1.9 ms clock, 3.0+0/1.2/0+39 ms cpu, 237->252->128 MB, 279 MB goal, 0 MB stacks, 0 MB globals, 20 P
gc 12142 @314.922s 1%: 0.036+0.48+0.016 ms clock, 0.72+0.15/0.50/0+0.33 ms cpu, 226->239->160 MB, 257 MB goal, 0 MB stacks, 0 MB globals, 20 P
gc 12143 @314.940s 1%: 0.017+0.75+0.004 ms clock, 0.34+0/1.3/0+0.083 ms cpu, 275->275->110 MB, 321 MB goal, 0 MB stacks, 0 MB globals, 20 P
gc 12144 @314.959s 1%: 0.017+0.93+0.003 ms clock, 0.35+0/1.3/0+0.064 ms cpu, 196->196->112 MB, 222 MB goal, 0 MB stacks, 0 MB globals, 20 P
gc 12145 @314.975s 1%: 0.025+4.2+0.003 ms clock, 0.50+0/4.9/0+0.070 ms cpu, 200->200->114 MB, 225 MB goal, 0 MB stacks, 0 MB globals, 20 P
gc 12146 @314.999s 1%: 0.021+1.2+0.006 ms clock, 0.42+0/2.1/0.057+0.12 ms cpu, 207->207->116 MB, 230 MB goal, 0 MB stacks, 0 MB globals, 20 P
gc 12147 @315.012s 1%: 0.020+1.1+0.006 ms clock, 0.40+0/1.4/0+0.12 ms cpu, 209->209->118 MB, 233 MB goal, 0 MB stacks, 0 MB globals, 20 P
gc 12148 @315.023s 1%: 0.017+2.7+0.003 ms clock, 0.34+0/3.2/0+0.068 ms cpu, 211->211->119 MB, 237 MB goal, 0 MB stacks, 0 MB globals, 20 P
gc 12149 @315.038s 1%: 0.019+1.1+0.003 ms clock, 0.39+0/1.3/0+0.078 ms cpu, 212->212->121 MB, 239 MB goal, 0 MB stacks, 0 MB globals, 20 P
gc 12150 @315.051s 1%: 0.020+1.2+0.003 ms clock, 0.40+0/1.4/0+0.069 ms cpu, 213->213->122 MB, 242 MB goal, 0 MB stacks, 0 MB globals, 20 P
gc 12151 @315.067s 1%: 0.028+1.6+0.007 ms clock, 0.56+0/2.6/0.16+0.15 ms cpu, 215->215->124 MB, 246 MB goal, 0 MB stacks, 0 MB globals, 20 P
gc 12152 @315.088s 1%: 0.033+4.4+0.007 ms clock, 0.67+0/5.0/0+0.15 ms cpu, 217->217->126 MB, 249 MB goal, 0 MB stacks, 0 MB globals, 20 P
gc 12153 @315.109s 1%: 0.029+1.5+0.004 ms clock, 0.58+0/1.9/0+0.098 ms cpu, 218->218->125 MB, 252 MB goal, 0 MB stacks, 0 MB globals, 20 P
gc 12154 @315.122s 1%: 0.021+1.3+0.005 ms clock, 0.42+0/1.7/0+0.10 ms cpu, 218->218->126 MB, 252 MB goal, 0 MB stacks, 0 MB globals, 20 P
gc 12155 @315.135s 1%: 0.021+5.9+0.48 ms clock, 0.43+0/2.8/0+9.7 ms cpu, 219->235->147 MB, 252 MB goal, 0 MB stacks, 0 MB globals, 20 P
gc 12156 @315.148s 1%: 0.97+17+0.006 ms clock, 19+0/9.5/0+0.12 ms cpu, 268->315->201 MB, 294 MB goal, 0 MB stacks, 0 MB globals, 20 P
gc 12157 @315.184s 1%: 0.086+4.7+0.013 ms clock, 1.7+0/5.0/0+0.27 ms cpu, 366->366->155 MB, 402 MB goal, 0 MB stacks, 0 MB globals, 20 P
gc 12158 @315.199s 1%: 0.020+7.4+0.010 ms clock, 0.40+0.14/4.9/0+0.20 ms cpu, 277->310->167 MB, 310 MB goal, 0 MB stacks, 0 MB globals, 20 P
gc 12159 @315.216s 1%: 0.038+0.39+0.065 ms clock, 0.76+0.036/0.67/0+1.3 ms cpu, 293->293->138 MB, 335 MB goal, 0 MB stacks, 0 MB globals, 20 P
gc 12160 @315.223s 1%: 0.036+1.7+0.005 ms clock, 0.73+0/2.3/0.002+0.11 ms cpu, 237->249->143 MB, 277 MB goal, 0 MB stacks, 0 MB globals, 20 P
gc 12161 @315.231s 1%: 0.037+0.51+0.095 ms clock, 0.74+0/0.71/0+1.9 ms cpu, 250->250->168 MB, 287 MB goal, 0 MB stacks, 0 MB globals, 20 P
gc 12162 @315.243s 1%: 1.6+3.3+0.082 ms clock, 33+0/3.8/0+1.6 ms cpu, 290->303->152 MB, 337 MB goal, 0 MB stacks, 0 MB globals, 20 P
gc 12163 @315.260s 1%: 0.021+0.76+0.061 ms clock, 0.43+0.67/1.0/0.003+1.2 ms cpu, 266->266->125 MB, 305 MB goal, 0 MB stacks, 0 MB globals, 20 P
gc 12164 @315.270s 1%: 0.20+0.53+0.21 ms clock, 4.0+0.035/0.82/0+4.2 ms cpu, 213->220->119 MB, 250 MB goal, 0 MB stacks, 0 MB globals, 20 P
gc 12165 @315.275s 1%: 0.42+4.0+3.1 ms clock, 8.4+0/2.2/0+62 ms cpu, 207->236->161 MB, 239 MB goal, 0 MB stacks, 0 MB globals, 20 P
gc 12166 @315.297s 1%: 0.090+4.7+0.086 ms clock, 1.8+0/5.3/0+1.7 ms cpu, 303->303->169 MB, 323 MB goal, 0 MB stacks, 0 MB globals, 20 P
gc 12167 @315.318s 1%: 0.31+1.0+0.044 ms clock, 6.3+0/1.6/0.028+0.89 ms cpu, 313->324->155 MB, 340 MB goal, 0 MB stacks, 0 MB globals, 20 P
gc 12168 @315.332s 1%: 0.020+1.9+0.012 ms clock, 0.40+0.064/2.7/0+0.24 ms cpu, 286->298->143 MB, 311 MB goal, 0 MB stacks, 0 MB globals, 20 P
gc 12169 @315.343s 1%: 0.035+1.0+0.011 ms clock, 0.71+0/1.5/0+0.22 ms cpu, 260->260->153 MB, 286 MB goal, 0 MB stacks, 0 MB globals, 20 P
gc 12170 @315.353s 1%: 0.56+0.43+0.008 ms clock, 11+0/1.1/0.035+0.16 ms cpu, 283->283->132 MB, 306 MB goal, 0 MB stacks, 0 MB globals, 20 P
gc 12171 @315.363s 1%: 0.018+9.1+0.006 ms clock, 0.36+0/9.7/0+0.12 ms cpu, 259->272->153 MB, 265 MB goal, 0 MB stacks, 0 MB globals, 20 P
gc 12172 @315.383s 1%: 0.035+0.61+0.031 ms clock, 0.70+0/1.2/0+0.63 ms cpu, 281->287->157 MB, 308 MB goal, 0 MB stacks, 0 MB globals, 20 P
gc 12173 @315.395s 1%: 0.32+4.2+0.004 ms clock, 6.4+0/1.5/0+0.099 ms cpu, 294->318->159 MB, 316 MB goal, 0 MB stacks, 0 MB globals, 20 P
gc 12174 @315.411s 1%: 0.049+1.6+5.5 ms clock, 0.99+0/1.7/0+110 ms cpu, 297->319->153 MB, 318 MB goal, 0 MB stacks, 0 MB globals, 20 P
gc 12175 @315.430s 1%: 0.019+2.2+1.7 ms clock, 0.39+0/2.3/0.007+35 ms cpu, 292->314->150 MB, 306 MB goal, 0 MB stacks, 0 MB globals, 20 P
gc 12176 @315.444s 1%: 0.019+0.57+0.006 ms clock, 0.38+0/1.1/0+0.12 ms cpu, 278->278->112 MB, 302 MB goal, 0 MB stacks, 0 MB globals, 20 P
gc 12177 @315.450s 1%: 0.033+1.1+0.13 ms clock, 0.66+0/1.5/0+2.7 ms cpu, 223->223->145 MB, 225 MB goal, 0 MB stacks, 0 MB globals, 20 P
gc 12178 @315.462s 1%: 0.37+2.2+0.25 ms clock, 7.4+0/1.5/0+5.0 ms cpu, 271->296->152 MB, 292 MB goal, 0 MB stacks, 0 MB globals, 20 P
gc 12179 @315.478s 1%: 0.075+1.9+0.067 ms clock, 1.5+0/2.1/0.023+1.3 ms cpu, 283->310->151 MB, 305 MB goal, 0 MB stacks, 0 MB globals, 20 P
gc 12180 @315.493s 1%: 0.042+1.4+0.004 ms clock, 0.85+0/1.9/0.032+0.085 ms cpu, 280->287->129 MB, 303 MB goal, 0 MB stacks, 0 MB globals, 20 P
gc 12181 @315.502s 1%: 0.034+0.48+0.11 ms clock, 0.68+0.061/0.77/0.002+2.3 ms cpu, 233->236->140 MB, 259 MB goal, 0 MB stacks, 0 MB globals, 20 P
gc 12182 @315.515s 1%: 0.046+0.76+0.012 ms clock, 0.92+0/1.6/0+0.24 ms cpu, 259->259->144 MB, 280 MB goal, 0 MB stacks, 0 MB globals, 20 P
gc 12183 @315.527s 1%: 5.7+0.98+0.030 ms clock, 115+0/2.0/0+0.61 ms cpu, 267->270->142 MB, 288 MB goal, 0 MB stacks, 0 MB globals, 20 P
gc 12184 @315.549s 1%: 0.018+1.1+0.003 ms clock, 0.37+0.11/0.87/0+0.078 ms cpu, 263->270->142 MB, 285 MB goal, 0 MB stacks, 0 MB globals, 20 P
gc 12185 @315.559s 1%: 0.083+0.40+0.004 ms clock, 1.6+0/0.97/0+0.093 ms cpu, 258->258->135 MB, 284 MB goal, 0 MB stacks, 0 MB globals, 20 P
gc 12186 @315.566s 1%: 0.049+0.74+0.36 ms clock, 0.98+0/0.91/0+7.2 ms cpu, 247->252->156 MB, 270 MB goal, 0 MB stacks, 0 MB globals, 20 P
gc 12187 @315.582s 1%: 0.43+5.6+0.003 ms clock, 8.7+0/5.9/0+0.060 ms cpu, 314->314->135 MB, 314 MB goal, 0 MB stacks, 0 MB globals, 20 P
gc 12188 @315.597s 1%: 0.047+0.37+0.020 ms clock, 0.94+0.15/0.61/0+0.41 ms cpu, 267->267->179 MB, 270 MB goal, 0 MB stacks, 0 MB globals, 20 P
gc 12189 @315.619s 1%: 0.057+0.58+0.078 ms clock, 1.1+0/0.84/0.002+1.5 ms cpu, 360->360->170 MB, 360 MB goal, 0 MB stacks, 0 MB globals, 20 P
gc 12190 @315.636s 1%: 0.057+0.49+0.022 ms clock, 1.1+0.079/0.79/0+0.45 ms cpu, 342->342->145 MB, 342 MB goal, 0 MB stacks, 0 MB globals, 20 P
gc 12191 @315.649s 1%: 3.6+0.47+0.005 ms clock, 72+0/0.94/0+0.10 ms cpu, 284->285->128 MB, 291 MB goal, 0 MB stacks, 0 MB globals, 20 P
gc 12192 @315.664s 1%: 0.087+1.0+0.10 ms clock, 1.7+0/1.4/0+2.0 ms cpu, 252->261->117 MB, 258 MB goal, 0 MB stacks, 0 MB globals, 20 P
gc 12193 @315.673s 1%: 0.11+0.56+0.10 ms clock, 2.3+0.20/0.80/0.002+2.1 ms cpu, 238->238->146 MB, 238 MB goal, 0 MB stacks, 0 MB globals, 20 P
gc 12194 @315.690s 1%: 1.1+5.0+0.003 ms clock, 23+0/5.3/0.002+0.075 ms cpu, 284->284->131 MB, 292 MB goal, 0 MB stacks, 0 MB globals, 20 P
gc 12195 @315.708s 1%: 0.020+0.77+0.012 ms clock, 0.40+0.26/0.89/0+0.24 ms cpu, 256->256->121 MB, 264 MB goal, 0 MB stacks, 0 MB globals, 20 P
gc 12196 @315.719s 1%: 0.067+0.56+0.022 ms clock, 1.3+0/0.87/0+0.44 ms cpu, 242->242->168 MB, 243 MB goal, 0 MB stacks, 0 MB globals, 20 P
gc 12197 @315.741s 1%: 0.057+5.6+0.019 ms clock, 1.1+0.016/5.9/0+0.39 ms cpu, 338->352->169 MB, 338 MB goal, 0 MB stacks, 0 MB globals, 20 P
gc 12198 @315.760s 1%: 0.023+1.5+0.004 ms clock, 0.46+0.16/2.0/0+0.085 ms cpu, 330->330->143 MB, 338 MB goal, 0 MB stacks, 0 MB globals, 20 P
gc 12199 @315.775s 1%: 0.069+2.3+0.007 ms clock, 1.3+0/0.98/0+0.14 ms cpu, 273->299->158 MB, 287 MB goal, 0 MB stacks, 0 MB globals, 20 P
gc 12200 @315.787s 1%: 0.94+0.51+0.005 ms clock, 18+0/0.93/0+0.11 ms cpu, 295->295->146 MB, 317 MB goal, 0 MB stacks, 0 MB globals, 20 P
gc 12201 @315.800s 1%: 0.055+0.42+0.19 ms clock, 1.1+0/1.0/0+3.8 ms cpu, 268->272->134 MB, 292 MB goal, 0 MB stacks, 0 MB globals, 20 P
gc 12202 @315.808s 1%: 0.051+3.5+0.004 ms clock, 1.0+0/1.7/0+0.088 ms cpu, 262->262->170 MB, 268 MB goal, 0 MB stacks, 0 MB globals, 20 P
gc 12203 @315.826s 1%: 0.52+1.5+2.6 ms clock, 10+0/1.6/0+53 ms cpu, 316->337->170 MB, 341 MB goal, 0 MB stacks, 0 MB globals, 20 P
gc 12204 @315.846s 1%: 0.18+4.2+0.75 ms clock, 3.6+0/1.7/0+15 ms cpu, 317->347->175 MB, 340 MB goal, 0 MB stacks, 0 MB globals, 20 P
gc 12205 @315.863s 1%: 0.33+1.6+0.082 ms clock, 6.7+0/2.0/0+1.6 ms cpu, 323->341->155 MB, 350 MB goal, 0 MB stacks, 0 MB globals, 20 P
gc 12206 @315.879s 1%: 0.30+3.9+1.4 ms clock, 6.1+0/1.3/0+28 ms cpu, 285->318->155 MB, 310 MB goal, 0 MB stacks, 0 MB globals, 20 P
gc 12207 @315.894s 1%: 0.039+0.77+0.046 ms clock, 0.79+0/1.3/0+0.93 ms cpu, 303->303->160 MB, 311 MB goal, 0 MB stacks, 0 MB globals, 20 P
gc 12208 @315.909s 1%: 0.033+0.44+0.010 ms clock, 0.66+0.054/0.74/0+0.20 ms cpu, 288->291->141 MB, 321 MB goal, 0 MB stacks, 0 MB globals, 20 P
gc 12209 @315.919s 1%: 0.29+6.0+0.008 ms clock, 5.9+0/2.1/0+0.16 ms cpu, 265->292->165 MB, 283 MB goal, 0 MB stacks, 0 MB globals, 20 P
gc 12210 @315.935s 1%: 0.45+8.6+0.094 ms clock, 9.0+0/6.3/0+1.8 ms cpu, 312->349->174 MB, 331 MB goal, 0 MB stacks, 0 MB globals, 20 P
gc 12211 @315.956s 1%: 0.042+1.0+0.67 ms clock, 0.85+0/1.2/0+13 ms cpu, 318->328->160 MB, 349 MB goal, 0 MB stacks, 0 MB globals, 20 P
gc 12212 @315.969s 1%: 0.019+4.6+0.009 ms clock, 0.38+0/1.1/0+0.18 ms cpu, 291->318->160 MB, 322 MB goal, 0 MB stacks, 0 MB globals, 20 P
gc 12213 @315.984s 1%: 0.035+4.0+0.028 ms clock, 0.71+0/0.73/0+0.56 ms cpu, 296->346->185 MB, 321 MB goal, 0 MB stacks, 0 MB globals, 20 P
gc 12214 @316.001s 1%: 0.38+6.6+0.22 ms clock, 7.7+0/1.9/0.030+4.5 ms cpu, 333->367->162 MB, 371 MB goal, 0 MB stacks, 0 MB globals, 20 P
gc 12215 @316.020s 1%: 0.49+2.7+0.007 ms clock, 9.8+0/3.6/0.071+0.15 ms cpu, 282->290->131 MB, 324 MB goal, 0 MB stacks, 0 MB globals, 20 P
gc 12216 @316.030s 1%: 0.044+0.57+0.098 ms clock, 0.89+0.20/0.50/0+1.9 ms cpu, 230->244->170 MB, 264 MB goal, 0 MB stacks, 0 MB globals, 20 P
gc 12217 @316.045s 1%: 0.050+3.5+0.015 ms clock, 1.0+0/4.0/0+0.30 ms cpu, 313->313->152 MB, 341 MB goal, 0 MB stacks, 0 MB globals, 20 P
gc 12218 @316.058s 1%: 0.067+2.0+0.006 ms clock, 1.3+0/2.4/0+0.13 ms cpu, 267->277->138 MB, 304 MB goal, 0 MB stacks, 0 MB globals, 20 P
gc 12219 @316.070s 1%: 0.060+0.56+0.018 ms clock, 1.2+0/1.3/0.027+0.36 ms cpu, 238->238->171 MB, 277 MB goal, 0 MB stacks, 0 MB globals, 20 P
gc 12220 @316.082s 1%: 0.34+2.2+0.007 ms clock, 6.9+0/2.6/0+0.15 ms cpu, 302->310->146 MB, 343 MB goal, 0 MB stacks, 0 MB globals, 20 P
gc 12221 @316.098s 1%: 0.038+9.2+0.003 ms clock, 0.77+0.010/9.5/0.001+0.073 ms cpu, 276->281->188 MB, 292 MB goal, 0 MB stacks, 0 MB globals, 20 P
gc 12222 @316.123s 1%: 3.4+0.51+0.006 ms clock, 69+0/0.86/0+0.12 ms cpu, 363->363->143 MB, 378 MB goal, 0 MB stacks, 0 MB globals, 20 P
gc 12223 @316.139s 1%: 0.47+1.5+1.0 ms clock, 9.5+0/1.3/0+20 ms cpu, 271->288->146 MB, 286 MB goal, 0 MB stacks, 0 MB globals, 20 P
gc 12224 @316.156s 1%: 0.019+2.9+0.004 ms clock, 0.39+0/1.3/0.012+0.087 ms cpu, 278->293->144 MB, 293 MB goal, 0 MB stacks, 0 MB globals, 20 P
gc 12225 @316.170s 1%: 0.044+0.75+0.013 ms clock, 0.89+0/0.98/0+0.27 ms cpu, 273->277->151 MB, 289 MB goal, 0 MB stacks, 0 MB globals, 20 P
gc 12226 @316.184s 1%: 0.51+2.0+0.003 ms clock, 10+0/2.5/0+0.079 ms cpu, 292->306->148 MB, 303 MB goal, 0 MB stacks, 0 MB globals, 20 P
gc 12227 @316.200s 1%: 0.38+1.2+0.003 ms clock, 7.7+0/1.8/0+0.061 ms cpu, 287->291->128 MB, 296 MB goal, 0 MB stacks, 0 MB globals, 20 P
gc 12228 @316.211s 1%: 0.042+0.86+0.011 ms clock, 0.84+0/1.4/0.020+0.22 ms cpu, 245->245->132 MB, 257 MB goal, 0 MB stacks, 0 MB globals, 20 P
gc 12229 @316.222s 1%: 0.32+0.52+0.006 ms clock, 6.4+0/0.86/0+0.12 ms cpu, 251->254->119 MB, 265 MB goal, 0 MB stacks, 0 MB globals, 20 P
gc 12230 @316.231s 1%: 0.055+0.40+0.047 ms clock, 1.1+0.072/0.86/0+0.95 ms cpu, 225->226->130 MB, 239 MB goal, 0 MB stacks, 0 MB globals, 20 P
gc 12231 @316.242s 1%: 0.040+0.50+0.009 ms clock, 0.81+0/0.98/0+0.18 ms cpu, 248->248->138 MB, 261 MB goal, 0 MB stacks, 0 MB globals, 20 P
gc 12232 @316.254s 1%: 0.036+8.0+4.0 ms clock, 0.73+0/0.80/0+81 ms cpu, 266->300->159 MB, 277 MB goal, 0 MB stacks, 0 MB globals, 20 P
gc 12233 @316.277s 1%: 0.038+2.0+0.006 ms clock, 0.76+0.033/0.88/0+0.13 ms cpu, 290->303->134 MB, 320 MB goal, 0 MB stacks, 0 MB globals, 20 P
gc 12234 @316.287s 1%: 0.41+3.4+0.008 ms clock, 8.2+0/4.2/0.096+0.17 ms cpu, 238->252->152 MB, 269 MB goal, 0 MB stacks, 0 MB globals, 20 P
gc 12235 @316.304s 1%: 0.33+6.7+0.11 ms clock, 6.7+0/3.2/0.32+2.2 ms cpu, 285->322->169 MB, 305 MB goal, 0 MB stacks, 0 MB globals, 20 P
gc 12236 @316.325s 1%: 0.88+2.0+0.13 ms clock, 17+0/2.1/0+2.7 ms cpu, 309->331->154 MB, 338 MB goal, 0 MB stacks, 0 MB globals, 20 P
gc 12237 @316.345s 1%: 0.021+2.9+1.5 ms clock, 0.42+0.15/1.3/0.031+30 ms cpu, 279->320->168 MB, 309 MB goal, 0 MB stacks, 0 MB globals, 20 P
gc 12238 @316.364s 1%: 0.017+1.9+0.45 ms clock, 0.35+0.094/0.69/0+9.0 ms cpu, 297->324->151 MB, 338 MB goal, 0 MB stacks, 0 MB globals, 20 P
gc 12239 @316.375s 1%: 0.17+0.44+0.006 ms clock, 3.5+0/1.1/0.073+0.13 ms cpu, 264->264->133 MB, 303 MB goal, 0 MB stacks, 0 MB globals, 20 P
gc 12240 @316.388s 1%: 0.13+0.65+0.006 ms clock, 2.6+0/0.85/0+0.13 ms cpu, 228->234->120 MB, 267 MB goal, 0 MB stacks, 0 MB globals, 20 P
gc 12241 @316.393s 1%: 0.26+4.9+0.81 ms clock, 5.3+0/1.8/0.009+16 ms cpu, 213->276->198 MB, 242 MB goal, 0 MB stacks, 0 MB globals, 20 P
gc 12242 @316.423s 1%: 0.019+0.84+0.40 ms clock, 0.38+0.057/1.0/0+8.1 ms cpu, 338->355->147 MB, 397 MB goal, 0 MB stacks, 0 MB globals, 20 P
gc 12243 @316.432s 1%: 0.049+0.48+0.017 ms clock, 0.99+0/1.0/0.039+0.35 ms cpu, 251->251->176 MB, 294 MB goal, 0 MB stacks, 0 MB globals, 20 P
gc 12244 @316.447s 1%: 0.057+10+0.020 ms clock, 1.1+0/3.5/0.56+0.40 ms cpu, 301->345->192 MB, 352 MB goal, 0 MB stacks, 0 MB globals, 20 P
gc 12245 @316.473s 1%: 0.036+1.0+0.003 ms clock, 0.73+0.074/1.6/0.24+0.064 ms cpu, 331->333->132 MB, 384 MB goal, 0 MB stacks, 0 MB globals, 20 P
gc 12246 @316.481s 1%: 0.030+0.61+0.048 ms clock, 0.60+0/0.93/0+0.96 ms cpu, 238->241->147 MB, 264 MB goal, 0 MB stacks, 0 MB globals, 20 P
gc 12247 @316.492s 1%: 1.1+0.51+0.056 ms clock, 22+0.11/1.1/0+1.1 ms cpu, 251->254->119 MB, 295 MB goal, 0 MB stacks, 0 MB globals, 20 P
gc 12248 @316.500s 1%: 0.039+1.3+0.011 ms clock, 0.79+0/1.8/0+0.23 ms cpu, 212->212->145 MB, 238 MB goal, 0 MB stacks, 0 MB globals, 20 P
gc 12249 @316.511s 1%: 0.095+0.46+0.084 ms clock, 1.9+0.040/0.67/0+1.6 ms cpu, 251->251->147 MB, 292 MB goal, 0 MB stacks, 0 MB globals, 20 P
gc 12250 @316.521s 1%: 0.23+0.53+0.16 ms clock, 4.6+0/1.1/0.042+3.3 ms cpu, 252->256->136 MB, 295 MB goal, 0 MB stacks, 0 MB globals, 20 P
gc 12251 @316.541s 1%: 0.081+3.9+0.003 ms clock, 1.6+0.055/4.4/0.26+0.079 ms cpu, 276->276->116 MB, 276 MB goal, 0 MB stacks, 0 MB globals, 20 P
gc 12252 @316.556s 1%: 0.16+1.2+0.003 ms clock, 3.3+0/1.7/0+0.064 ms cpu, 241->241->124 MB, 241 MB goal, 0 MB stacks, 0 MB globals, 20 P
gc 12253 @316.568s 1%: 0.039+0.58+0.003 ms clock, 0.78+0/1.3/0.12+0.066 ms cpu, 247->247->141 MB, 249 MB goal, 0 MB stacks, 0 MB globals, 20 P
gc 12254 @316.580s 1%: 0.034+4.1+0.005 ms clock, 0.68+0/4.5/0+0.11 ms cpu, 280->282->153 MB, 283 MB goal, 0 MB stacks, 0 MB globals, 20 P
gc 12255 @316.600s 1%: 0.020+0.89+0.014 ms clock, 0.41+0/1.5/0+0.28 ms cpu, 308->309->121 MB, 308 MB goal, 0 MB stacks, 0 MB globals, 20 P
gc 12256 @316.607s 1%: 0.53+2.2+0.004 ms clock, 10+0/2.7/0+0.081 ms cpu, 256->256->148 MB, 256 MB goal, 0 MB stacks, 0 MB globals, 20 P
gc 12257 @316.622s 1%: 1.9+0.97+0.003 ms clock, 39+0/1.5/0+0.073 ms cpu, 301->301->141 MB, 301 MB goal, 0 MB stacks, 0 MB globals, 20 P
gc 12258 @316.636s 1%: 0.78+0.38+0.003 ms clock, 15+0/1.0/0+0.078 ms cpu, 280->280->132 MB, 282 MB goal, 0 MB stacks, 0 MB globals, 20 P
gc 12259 @316.647s 1%: 0.061+1.7+0.013 ms clock, 1.2+0/2.3/0.038+0.26 ms cpu, 267->267->154 MB, 267 MB goal, 0 MB stacks, 0 MB globals, 20 P
gc 12260 @316.663s 1%: 1.4+2.9+0.003 ms clock, 28+0/3.4/0+0.078 ms cpu, 315->315->140 MB, 315 MB goal, 0 MB stacks, 0 MB globals, 20 P
gc 12261 @316.683s 1%: 0.15+3.6+0.005 ms clock, 3.0+0.010/3.7/0+0.10 ms cpu, 280->280->131 MB, 281 MB goal, 0 MB stacks, 0 MB globals, 20 P
gc 12262 @316.699s 1%: 0.095+0.56+0.65 ms clock, 1.9+0/0.84/0+13 ms cpu, 259->265->120 MB, 263 MB goal, 0 MB stacks, 0 MB globals, 20 P
gc 12263 @316.708s 1%: 0.046+4.6+0.015 ms clock, 0.93+0/0.94/0+0.31 ms cpu, 262->262->168 MB, 262 MB goal, 0 MB stacks, 0 MB globals, 20 P
gc 12264 @316.731s 1%: 1.9+5.9+0.004 ms clock, 39+0/6.4/0.001+0.082 ms cpu, 339->339->143 MB, 339 MB goal, 0 MB stacks, 0 MB globals, 20 P
gc 12265 @316.752s 1%: 0.021+2.2+0.004 ms clock, 0.43+0.32/2.4/0.015+0.080 ms cpu, 283->283->135 MB, 286 MB goal, 0 MB stacks, 0 MB globals, 20 P
gc 12266 @316.768s 1%: 0.60+0.45+0.010 ms clock, 12+0/1.3/0.015+0.20 ms cpu, 267->267->124 MB, 270 MB goal, 0 MB stacks, 0 MB globals, 20 P
gc 12267 @316.777s 1%: 0.037+3.6+0.007 ms clock, 0.74+0/4.2/0.017+0.14 ms cpu, 254->261->167 MB, 254 MB goal, 0 MB stacks, 0 MB globals, 20 P
gc 12268 @316.803s 1%: 0.034+2.7+3.0 ms clock, 0.69+0/3.0/0+61 ms cpu, 333->347->171 MB, 336 MB goal, 0 MB stacks, 0 MB globals, 20 P
gc 12269 @316.820s 1%: 0.033+0.80+0.008 ms clock, 0.67+0/1.2/0.034+0.16 ms cpu, 330->330->155 MB, 342 MB goal, 0 MB stacks, 0 MB globals, 20 P
gc 12270 @316.832s 1%: 0.037+0.35+0.018 ms clock, 0.74+0.036/0.76/0.001+0.37 ms cpu, 299->299->159 MB, 311 MB goal, 0 MB stacks, 0 MB globals, 20 P
gc 12271 @316.846s 1%: 0.020+3.5+0.004 ms clock, 0.40+0.25/0.86/0.008+0.085 ms cpu, 305->318->142 MB, 320 MB goal, 0 MB stacks, 0 MB globals, 20 P
gc 12272 @316.861s 1%: 0.80+1.3+0.003 ms clock, 16+0/1.8/0.001+0.063 ms cpu, 280->280->141 MB, 285 MB goal, 0 MB stacks, 0 MB globals, 20 P
gc 12273 @316.873s 1%: 0.074+2.0+0.003 ms clock, 1.4+0/2.4/0+0.067 ms cpu, 280->280->143 MB, 282 MB goal, 0 MB stacks, 0 MB globals, 20 P
gc 12274 @316.888s 1%: 0.042+2.1+0.008 ms clock, 0.85+0/2.5/0.030+0.17 ms cpu, 288->288->145 MB, 288 MB goal, 0 MB stacks, 0 MB globals, 20 P
gc 12275 @316.901s 1%: 0.27+2.4+0.026 ms clock, 5.4+0/1.8/0+0.52 ms cpu, 276->294->146 MB, 291 MB goal, 0 MB stacks, 0 MB globals, 20 P
gc 12276 @316.914s 1%: 0.71+7.3+0.005 ms clock, 14+0/7.8/0+0.11 ms cpu, 293->293->145 MB, 293 MB goal, 0 MB stacks, 0 MB globals, 20 P
gc 12277 @316.934s 1%: 0.023+2.9+0.003 ms clock, 0.47+0.24/2.0/0+0.078 ms cpu, 276->290->149 MB, 290 MB goal, 0 MB stacks, 0 MB globals, 20 P
gc 12278 @316.948s 1%: 2.4+2.5+0.006 ms clock, 48+0/1.0/0.066+0.13 ms cpu, 284->318->155 MB, 300 MB goal, 0 MB stacks, 0 MB globals, 20 P
gc 12279 @316.959s 1%: 0.042+6.2+0.004 ms clock, 0.84+0/6.7/0.034+0.099 ms cpu, 288->289->166 MB, 310 MB goal, 0 MB stacks, 0 MB globals, 20 P
gc 12280 @316.978s 1%: 0.017+0.46+0.005 ms clock, 0.35+0/1.1/0+0.11 ms cpu, 301->301->120 MB, 333 MB goal, 0 MB stacks, 0 MB globals, 20 P
gc 12281 @316.983s 1%: 0.082+1.0+0.022 ms clock, 1.6+0/1.6/0+0.45 ms cpu, 224->224->150 MB, 242 MB goal, 0 MB stacks, 0 MB globals, 20 P
gc 12282 @316.995s 1%: 0.018+1.8+0.84 ms clock, 0.37+0.078/0.85/0+16 ms cpu, 268->297->162 MB, 301 MB goal, 0 MB stacks, 0 MB globals, 20 P
gc 12283 @317.008s 1%: 0.038+1.9+0.23 ms clock, 0.76+0/2.3/0+4.6 ms cpu, 291->305->169 MB, 324 MB goal, 0 MB stacks, 0 MB globals, 20 P
gc 12284 @317.022s 1%: 0.069+0.77+0.018 ms clock, 1.3+0/0.91/0+0.37 ms cpu, 306->311->154 MB, 339 MB goal, 0 MB stacks, 0 MB globals, 20 P
gc 12285 @317.034s 1%: 0.018+13+0.011 ms clock, 0.36+0/9.4/0+0.23 ms cpu, 296->310->169 MB, 309 MB goal, 0 MB stacks, 0 MB globals, 20 P
gc 12286 @317.061s 1%: 0.073+2.3+1.0 ms clock, 1.4+0/2.1/0+20 ms cpu, 319->342->157 MB, 339 MB goal, 0 MB stacks, 0 MB globals, 20 P
gc 12287 @317.074s 1%: 2.7+0.68+0.009 ms clock, 54+0/1.2/0.001+0.19 ms cpu, 287->287->150 MB, 314 MB goal, 0 MB stacks, 0 MB globals, 20 P
gc 12288 @317.089s 1%: 0.036+0.93+0.012 ms clock, 0.73+0/1.2/0+0.25 ms cpu, 278->279->165 MB, 300 MB goal, 0 MB stacks, 0 MB globals, 20 P
gc 12289 @317.100s 1%: 0.096+0.44+0.020 ms clock, 1.9+0.034/0.86/0+0.40 ms cpu, 309->311->159 MB, 332 MB goal, 0 MB stacks, 0 MB globals, 20 P
gc 12290 @317.114s 1%: 0.043+1.1+0.006 ms clock, 0.86+0.074/0.91/0.025+0.13 ms cpu, 300->304->150 MB, 318 MB goal, 0 MB stacks, 0 MB globals, 20 P
gc 12291 @317.132s 1%: 0.042+4.9+0.003 ms clock, 0.84+0/6.0/0.18+0.069 ms cpu, 285->285->138 MB, 301 MB goal, 0 MB stacks, 0 MB globals, 20 P
gc 12292 @317.172s 1%: 0.029+0.59+0.014 ms clock, 0.59+0/1.4/0+0.29 ms cpu, 259->259->150 MB, 276 MB goal, 0 MB stacks, 0 MB globals, 20 P
gc 12293 @317.450s 1%: 0.28+1.4+0.42 ms clock, 5.7+0/1.1/0+8.4 ms cpu, 283->306->148 MB, 301 MB goal, 0 MB stacks, 0 MB globals, 20 P
gc 12294 @317.464s 1%: 0.030+1.2+0.19 ms clock, 0.61+0/1.1/0+3.9 ms cpu, 276->283->126 MB, 296 MB goal, 0 MB stacks, 0 MB globals, 20 P
gc 12295 @317.471s 1%: 0.019+1.4+0.014 ms clock, 0.38+1.1/0.69/0.003+0.28 ms cpu, 235->247->153 MB, 253 MB goal, 0 MB stacks, 0 MB globals, 20 P
gc 12296 @317.486s 1%: 1.1+0.61+0.022 ms clock, 22+0/0.81/0+0.44 ms cpu, 286->299->144 MB, 307 MB goal, 0 MB stacks, 0 MB globals, 20 P
gc 12297 @317.499s 1%: 0.019+1.3+0.004 ms clock, 0.39+0.18/1.0/0+0.095 ms cpu, 271->282->124 MB, 290 MB goal, 0 MB stacks, 0 MB globals, 20 P
gc 12298 @317.507s 1%: 0.039+0.44+0.018 ms clock, 0.78+0/0.65/0+0.36 ms cpu, 234->234->157 MB, 249 MB goal, 0 MB stacks, 0 MB globals, 20 P
gc 12299 @317.517s 1%: 1.1+4.9+0.083 ms clock, 22+0/5.1/0+1.6 ms cpu, 298->311->143 MB, 315 MB goal, 0 MB stacks, 0 MB globals, 20 P
gc 12300 @317.538s 1%: 0.018+1.8+0.019 ms clock, 0.37+0.17/1.4/0+0.38 ms cpu, 275->294->141 MB, 286 MB goal, 0 MB stacks, 0 MB globals, 20 P
gc 12301 @317.550s 1%: 0.049+2.5+0.005 ms clock, 0.99+0/2.8/0.001+0.10 ms cpu, 269->274->120 MB, 284 MB goal, 0 MB stacks, 0 MB globals, 20 P
gc 12302 @317.561s 1%: 0.035+0.40+0.083 ms clock, 0.71+0.040/0.69/0+1.6 ms cpu, 229->231->131 MB, 241 MB goal, 0 MB stacks, 0 MB globals, 20 P
gc 12303 @317.572s 1%: 0.063+1.4+0.013 ms clock, 1.2+0/1.9/0+0.27 ms cpu, 253->253->136 MB, 263 MB goal, 0 MB stacks, 0 MB globals, 20 P
gc 12304 @317.589s 1%: 2.6+11+0.007 ms clock, 52+0/7.1/0+0.15 ms cpu, 260->300->155 MB, 273 MB goal, 0 MB stacks, 0 MB globals, 20 P
gc 12305 @317.615s 1%: 0.41+1.1+0.003 ms clock, 8.3+0/1.4/0.004+0.072 ms cpu, 276->283->123 MB, 311 MB goal, 0 MB stacks, 0 MB globals, 20 P
gc 12306 @317.624s 1%: 0.053+0.40+0.085 ms clock, 1.0+0.084/0.73/0+1.7 ms cpu, 210->212->103 MB, 246 MB goal, 0 MB stacks, 0 MB globals, 20 P
gc 12307 @317.629s 1%: 0.36+2.8+0.22 ms clock, 7.2+0/1.1/0+4.5 ms cpu, 178->211->150 MB, 208 MB goal, 0 MB stacks, 0 MB globals, 20 P
gc 12308 @317.641s 1%: 2.4+8.4+0.017 ms clock, 48+0/2.7/0+0.34 ms cpu, 263->302->155 MB, 300 MB goal, 0 MB stacks, 0 MB globals, 20 P
gc 12309 @317.662s 1%: 0.021+1.3+0.006 ms clock, 0.42+0/1.7/0.007+0.12 ms cpu, 285->289->123 MB, 311 MB goal, 0 MB stacks, 0 MB globals, 20 P
gc 12310 @317.670s 1%: 0.035+0.47+0.075 ms clock, 0.71+0.034/0.81/0+1.5 ms cpu, 210->213->128 MB, 246 MB goal, 0 MB stacks, 0 MB globals, 20 P
gc 12311 @317.677s 1%: 0.58+2.4+0.022 ms clock, 11+0/1.6/0+0.45 ms cpu, 224->246->143 MB, 256 MB goal, 0 MB stacks, 0 MB globals, 20 P
gc 12312 @317.691s 1%: 0.022+8.2+7.8 ms clock, 0.44+0/1.4/0+156 ms cpu, 249->294->162 MB, 287 MB goal, 0 MB stacks, 0 MB globals, 20 P
gc 12313 @317.728s 1%: 0.38+0.63+0.18 ms clock, 7.6+0/0.78/0.001+3.7 ms cpu, 280->287->111 MB, 324 MB goal, 0 MB stacks, 0 MB globals, 20 P
gc 12314 @317.734s 1%: 0.024+3.4+0.007 ms clock, 0.49+0.26/1.3/0+0.14 ms cpu, 198->221->146 MB, 223 MB goal, 0 MB stacks, 0 MB globals, 20 P
gc 12315 @317.746s 1%: 0.030+3.9+0.071 ms clock, 0.60+0/1.3/0+1.4 ms cpu, 258->294->155 MB, 293 MB goal, 0 MB stacks, 0 MB globals, 20 P
gc 12316 @317.760s 1%: 0.15+1.5+0.084 ms clock, 3.1+0/1.5/0+1.6 ms cpu, 269->290->137 MB, 311 MB goal, 0 MB stacks, 0 MB globals, 20 P
gc 12317 @317.771s 1%: 0.62+0.62+0.42 ms clock, 12+0/0.97/0+8.4 ms cpu, 237->243->114 MB, 275 MB goal, 0 MB stacks, 0 MB globals, 20 P
gc 12318 @317.784s 1%: 0.039+0.66+0.59 ms clock, 0.78+0/0.89/0+11 ms cpu, 195->200->122 MB, 229 MB goal, 0 MB stacks, 0 MB globals, 20 P
gc 12319 @317.795s 1%: 1.8+1.1+0.026 ms clock, 37+0/1.4/0+0.52 ms cpu, 214->225->123 MB, 244 MB goal, 0 MB stacks, 0 MB globals, 20 P
gc 12320 @317.810s 1%: 0.11+0.52+0.086 ms clock, 2.2+0.10/0.75/0+1.7 ms cpu, 220->220->122 MB, 247 MB goal, 0 MB stacks, 0 MB globals, 20 P
gc 12321 @317.819s 1%: 0.048+3.3+0.017 ms clock, 0.97+0/3.5/0+0.34 ms cpu, 236->236->119 MB, 245 MB goal, 0 MB stacks, 0 MB globals, 20 P
gc 12322 @317.832s 1%: 2.0+0.48+0.021 ms clock, 41+0/0.69/0+0.42 ms cpu, 219->232->114 MB, 240 MB goal, 0 MB stacks, 0 MB globals, 20 P
gc 12323 @317.845s 1%: 0.037+1.0+0.009 ms clock, 0.74+0/1.3/0+0.19 ms cpu, 222->225->98 MB, 229 MB goal, 0 MB stacks, 0 MB globals, 20 P
gc 12324 @317.856s 1%: 0.97+0.47+0.31 ms clock, 19+0/1.0/0.001+6.3 ms cpu, 184->185->100 MB, 197 MB goal, 0 MB stacks, 0 MB globals, 20 P
gc 12325 @317.865s 1%: 1.7+1.8+0.032 ms clock, 35+0/1.4/0+0.65 ms cpu, 188->200->114 MB, 200 MB goal, 0 MB stacks, 0 MB globals, 20 P
gc 12326 @317.881s 1%: 0.30+9.4+0.73 ms clock, 6.0+0/5.3/0.016+14 ms cpu, 222->252->126 MB, 229 MB goal, 0 MB stacks, 0 MB globals, 20 P
gc 12327 @317.901s 1%: 0.045+0.58+0.23 ms clock, 0.90+0/0.89/0+4.7 ms cpu, 223->230->99 MB, 253 MB goal, 0 MB stacks, 0 MB globals, 20 P
gc 12328 @317.906s 1%: 0.10+1.7+0.025 ms clock, 2.1+0/1.5/0+0.50 ms cpu, 173->194->129 MB, 199 MB goal, 0 MB stacks, 0 MB globals, 20 P
gc 12329 @317.916s 1%: 0.021+1.7+3.9 ms clock, 0.42+0/1.0/0+78 ms cpu, 235->256->133 MB, 260 MB goal, 0 MB stacks, 0 MB globals, 20 P
gc 12330 @317.931s 1%: 0.021+5.6+2.3 ms clock, 0.43+0.16/1.1/0+46 ms cpu, 242->278->137 MB, 267 MB goal, 0 MB stacks, 0 MB globals, 20 P
gc 12331 @317.948s 1%: 0.17+1.6+0.51 ms clock, 3.5+0/1.3/0+10 ms cpu, 242->264->122 MB, 275 MB goal, 0 MB stacks, 0 MB globals, 20 P
gc 12332 @317.956s 1%: 0.049+1.8+0.013 ms clock, 0.98+0/2.3/0+0.27 ms cpu, 214->214->131 MB, 245 MB goal, 0 MB stacks, 0 MB globals, 20 P
gc 12333 @317.965s 1%: 0.034+1.2+0.019 ms clock, 0.68+0/1.5/0+0.39 ms cpu, 228->228->144 MB, 263 MB goal, 0 MB stacks, 0 MB globals, 20 P
gc 12334 @317.978s 1%: 1.1+5.3+0.091 ms clock, 22+0/2.7/0.004+1.8 ms cpu, 263->292->147 MB, 290 MB goal, 0 MB stacks, 0 MB globals, 20 P
gc 12335 @317.994s 1%: 0.48+2.0+0.004 ms clock, 9.7+0/1.0/0+0.093 ms cpu, 261->284->140 MB, 294 MB goal, 0 MB stacks, 0 MB globals, 20 P
gc 12336 @318.006s 1%: 0.022+0.97+0.065 ms clock, 0.45+0.87/0.74/0+1.3 ms cpu, 250->250->114 MB, 280 MB goal, 0 MB stacks, 0 MB globals, 20 P
gc 12337 @318.014s 1%: 0.037+0.63+0.25 ms clock, 0.75+0/0.76/0+5.0 ms cpu, 196->202->130 MB, 229 MB goal, 0 MB stacks, 0 MB globals, 20 P
gc 12338 @318.024s 1%: 0.037+1.6+0.005 ms clock, 0.74+0/2.0/0+0.11 ms cpu, 228->228->96 MB, 261 MB goal, 0 MB stacks, 0 MB globals, 20 P
gc 12339 @318.032s 1%: 0.048+2.4+0.008 ms clock, 0.97+0/2.9/0+0.17 ms cpu, 170->171->120 MB, 193 MB goal, 0 MB stacks, 0 MB globals, 20 P
gc 12340 @318.041s 1%: 0.045+6.5+0.077 ms clock, 0.90+0/6.3/0+1.5 ms cpu, 215->235->143 MB, 241 MB goal, 0 MB stacks, 0 MB globals, 20 P
gc 12341 @318.062s 1%: 0.14+7.1+0.58 ms clock, 2.9+0/3.3/0+11 ms cpu, 265->291->125 MB, 286 MB goal, 0 MB stacks, 0 MB globals, 20 P
gc 12342 @318.080s 1%: 0.23+1.2+0.12 ms clock, 4.6+0/1.1/0.016+2.5 ms cpu, 226->239->108 MB, 251 MB goal, 0 MB stacks, 0 MB globals, 20 P
gc 12343 @318.089s 1%: 0.015+1.6+1.1 ms clock, 0.30+0.17/0.57/0+23 ms cpu, 192->217->124 MB, 217 MB goal, 0 MB stacks, 0 MB globals, 20 P
gc 12344 @318.104s 1%: 0.057+3.7+0.21 ms clock, 1.1+0.053/0.81/0+4.2 ms cpu, 224->249->119 MB, 250 MB goal, 0 MB stacks, 0 MB globals, 20 P
gc 12345 @318.116s 1%: 0.039+0.66+0.42 ms clock, 0.79+0.031/0.97/0+8.5 ms cpu, 215->219->116 MB, 240 MB goal, 0 MB stacks, 0 MB globals, 20 P
gc 12346 @318.125s 1%: 0.71+5.7+0.006 ms clock, 14+0/1.6/0+0.12 ms cpu, 216->240->134 MB, 233 MB goal, 0 MB stacks, 0 MB globals, 20 P
gc 12347 @318.139s 1%: 0.037+1.3+0.083 ms clock, 0.74+0/1.5/0+1.6 ms cpu, 245->245->117 MB, 269 MB goal, 0 MB stacks, 0 MB globals, 20 P
gc 12348 @318.149s 1%: 0.043+4.9+0.005 ms clock, 0.87+0.071/0.62/0+0.10 ms cpu, 216->236->126 MB, 234 MB goal, 0 MB stacks, 0 MB globals, 20 P
gc 12349 @318.164s 1%: 0.16+0.52+0.010 ms clock, 3.2+0/0.91/0+0.21 ms cpu, 229->229->117 MB, 253 MB goal, 0 MB stacks, 0 MB globals, 20 P
gc 12350 @318.171s 1%: 2.6+1.9+0.017 ms clock, 52+0/2.7/0+0.34 ms cpu, 217->228->124 MB, 234 MB goal, 0 MB stacks, 0 MB globals, 20 P
gc 12351 @318.186s 1%: 0.34+5.1+1.3 ms clock, 6.8+0/1.4/0.006+27 ms cpu, 226->261->141 MB, 249 MB goal, 0 MB stacks, 0 MB globals, 20 P
gc 12352 @318.203s 1%: 0.83+0.45+0.004 ms clock, 16+0/0.90/0+0.081 ms cpu, 252->252->106 MB, 283 MB goal, 0 MB stacks, 0 MB globals, 20 P
gc 12353 @318.215s 1%: 0.019+0.42+0.019 ms clock, 0.39+0/1.2/0+0.38 ms cpu, 181->181->91 MB, 212 MB goal, 0 MB stacks, 0 MB globals, 20 P
gc 12354 @318.219s 1%: 0.47+2.2+0.95 ms clock, 9.5+0/1.7/0+19 ms cpu, 157->188->135 MB, 183 MB goal, 0 MB stacks, 0 MB globals, 20 P
gc 12355 @318.237s 1%: 0.15+8.2+3.7 ms clock, 3.1+0/4.2/0+75 ms cpu, 242->283->143 MB, 271 MB goal, 0 MB stacks, 0 MB globals, 20 P
gc 12356 @318.258s 1%: 0.61+1.1+0.005 ms clock, 12+0/1.7/0.099+0.11 ms cpu, 248->254->107 MB, 287 MB goal, 0 MB stacks, 0 MB globals, 20 P
gc 12357 @318.267s 1%: 0.061+0.76+0.26 ms clock, 1.2+0/1.0/0.009+5.2 ms cpu, 184->187->115 MB, 215 MB goal, 0 MB stacks, 0 MB globals, 20 P
gc 12358 @318.274s 1%: 0.033+2.6+0.008 ms clock, 0.67+0/3.0/0+0.16 ms cpu, 213->213->118 MB, 232 MB goal, 0 MB stacks, 0 MB globals, 20 P
gc 12359 @318.283s 1%: 0.044+3.4+0.010 ms clock, 0.89+0/3.8/0+0.20 ms cpu, 210->210->121 MB, 236 MB goal, 0 MB stacks, 0 MB globals, 20 P
gc 12360 @318.293s 1%: 0.032+1.1+0.007 ms clock, 0.65+0/1.6/0.001+0.15 ms cpu, 208->208->124 MB, 244 MB goal, 0 MB stacks, 0 MB globals, 20 P
gc 12361 @318.300s 1%: 0.029+0.68+0.040 ms clock, 0.59+0.52/0.60/0.025+0.80 ms cpu, 214->214->104 MB, 249 MB goal, 0 MB stacks, 0 MB globals, 20 P
gc 12362 @318.309s 1%: 0.047+0.80+0.013 ms clock, 0.95+0/1.0/0+0.27 ms cpu, 178->181->114 MB, 208 MB goal, 0 MB stacks, 0 MB globals, 20 P
gc 12363 @318.317s 1%: 0.50+3.8+0.009 ms clock, 10+0/1.3/0+0.19 ms cpu, 201->220->126 MB, 229 MB goal, 0 MB stacks, 0 MB globals, 20 P
gc 12364 @318.331s 1%: 4.3+2.1+0.10 ms clock, 87+0/1.0/0+2.0 ms cpu, 236->250->117 MB, 252 MB goal, 0 MB stacks, 0 MB globals, 20 P
gc 12365 @318.349s 1%: 0.057+4.6+0.28 ms clock, 1.1+0/4.0/0+5.7 ms cpu, 223->250->125 MB, 235 MB goal, 0 MB stacks, 0 MB globals, 20 P
gc 12366 @318.363s 1%: 0.019+1.0+0.40 ms clock, 0.38+0/0.77/0+8.1 ms cpu, 226->238->108 MB, 251 MB goal, 0 MB stacks, 0 MB globals, 20 P
gc 12367 @318.369s 1%: 1.0+1.7+0.013 ms clock, 20+0/2.1/0+0.27 ms cpu, 193->203->124 MB, 217 MB goal, 0 MB stacks, 0 MB globals, 20 P
gc 12368 @318.381s 1%: 0.66+1.1+0.043 ms clock, 13+0/1.7/0.019+0.86 ms cpu, 223->234->116 MB, 249 MB goal, 0 MB stacks, 0 MB globals, 20 P
gc 12369 @318.392s 1%: 0.027+1.2+0.18 ms clock, 0.55+0.15/0.65/0+3.6 ms cpu, 206->225->115 MB, 234 MB goal, 0 MB stacks, 0 MB globals, 20 P
gc 12370 @318.401s 1%: 0.046+0.44+0.11 ms clock, 0.93+0.045/0.82/0+2.3 ms cpu, 204->206->114 MB, 231 MB goal, 0 MB stacks, 0 MB globals, 20 P
gc 12371 @318.409s 1%: 0.031+1.2+0.012 ms clock, 0.63+0/1.6/0+0.24 ms cpu, 209->209->117 MB, 228 MB goal, 0 MB stacks, 0 MB globals, 20 P
gc 12372 @318.419s 1%: 0.034+0.95+0.009 ms clock, 0.69+0/1.4/0.014+0.19 ms cpu, 215->215->121 MB, 234 MB goal, 0 MB stacks, 0 MB globals, 20 P
gc 12373 @318.428s 1%: 2.0+1.1+0.11 ms clock, 40+0/1.1/0.016+2.2 ms cpu, 224->239->119 MB, 244 MB goal, 0 MB stacks, 0 MB globals, 20 P
gc 12374 @318.442s 1%: 1.1+8.4+0.028 ms clock, 23+0/2.5/0+0.56 ms cpu, 227->270->157 MB, 238 MB goal, 0 MB stacks, 0 MB globals, 20 P
gc 12375 @318.462s 1%: 0.056+0.40+0.030 ms clock, 1.1+0.028/0.79/0+0.60 ms cpu, 277->279->124 MB, 315 MB goal, 0 MB stacks, 0 MB globals, 20 P
gc 12376 @318.470s 1%: 0.049+0.53+0.019 ms clock, 0.98+0/0.85/0+0.38 ms cpu, 217->217->128 MB, 248 MB goal, 0 MB stacks, 0 MB globals, 20 P
gc 12377 @318.479s 1%: 0.084+0.91+0.096 ms clock, 1.6+0/1.3/0.001+1.9 ms cpu, 221->221->131 MB, 256 MB goal, 0 MB stacks, 0 MB globals, 20 P
gc 12378 @318.487s 1%: 0.020+1.7+0.10 ms clock, 0.40+0/2.0/0+2.0 ms cpu, 228->235->130 MB, 264 MB goal, 0 MB stacks, 0 MB globals, 20 P
gc 12379 @318.496s 1%: 0.039+0.77+0.017 ms clock, 0.78+0/0.74/0+0.35 ms cpu, 224->228->131 MB, 260 MB goal, 0 MB stacks, 0 MB globals, 20 P
gc 12380 @318.506s 1%: 0.14+0.50+0.31 ms clock, 2.8+0/0.91/0+6.3 ms cpu, 226->237->119 MB, 262 MB goal, 0 MB stacks, 0 MB globals, 20 P
gc 12381 @318.515s 1%: 0.096+0.48+0.082 ms clock, 1.9+0.034/0.74/0+1.6 ms cpu, 214->214->134 MB, 239 MB goal, 0 MB stacks, 0 MB globals, 20 P
gc 12382 @318.529s 1%: 1.0+0.64+0.004 ms clock, 20+0.084/0.65/0+0.085 ms cpu, 261->265->102 MB, 269 MB goal, 0 MB stacks, 0 MB globals, 20 P
gc 12383 @318.541s 1%: 0.039+0.60+0.015 ms clock, 0.79+0.030/0.92/0.039+0.31 ms cpu, 194->196->114 MB, 204 MB goal, 0 MB stacks, 0 MB globals, 20 P
gc 12384 @318.550s 1%: 0.10+1.1+0.015 ms clock, 2.1+0/1.5/0+0.31 ms cpu, 224->224->119 MB, 228 MB goal, 0 MB stacks, 0 MB globals, 20 P
gc 12385 @318.560s 1%: 0.19+1.3+0.081 ms clock, 3.8+0/1.6/0+1.6 ms cpu, 232->247->119 MB, 240 MB goal, 0 MB stacks, 0 MB globals, 20 P
gc 12386 @318.575s 1%: 0.042+3.2+0.003 ms clock, 0.84+0/3.4/0+0.074 ms cpu, 235->237->125 MB, 238 MB goal, 0 MB stacks, 0 MB globals, 20 P
gc 12387 @318.588s 1%: 0.063+1.2+0.008 ms clock, 1.2+0/1.6/0+0.17 ms cpu, 240->240->118 MB, 251 MB goal, 0 MB stacks, 0 MB globals, 20 P
gc 12388 @318.596s 1%: 2.6+0.39+0.015 ms clock, 52+0/0.70/0+0.30 ms cpu, 222->222->124 MB, 236 MB goal, 0 MB stacks, 0 MB globals, 20 P
gc 12389 @318.609s 1%: 0.042+1.2+0.010 ms clock, 0.84+0/1.6/0+0.21 ms cpu, 234->234->116 MB, 249 MB goal, 0 MB stacks, 0 MB globals, 20 P
gc 12390 @318.620s 1%: 0.87+6.4+0.004 ms clock, 17+0/1.7/0+0.091 ms cpu, 221->247->125 MB, 234 MB goal, 0 MB stacks, 0 MB globals, 20 P
gc 12391 @318.636s 1%: 0.23+0.48+0.30 ms clock, 4.6+0/0.93/0+6.1 ms cpu, 227->231->99 MB, 251 MB goal, 0 MB stacks, 0 MB globals, 20 P
gc 12392 @318.642s 1%: 0.050+0.92+0.048 ms clock, 1.0+0/1.4/0.025+0.97 ms cpu, 182->182->121 MB, 200 MB goal, 0 MB stacks, 0 MB globals, 20 P
gc 12393 @318.653s 1%: 0.11+2.4+0.003 ms clock, 2.3+0/1.3/0+0.072 ms cpu, 221->240->122 MB, 244 MB goal, 0 MB stacks, 0 MB globals, 20 P
gc 12394 @318.665s 1%: 0.018+1.1+0.22 ms clock, 0.37+0.18/0.58/0+4.5 ms cpu, 219->238->115 MB, 245 MB goal, 0 MB stacks, 0 MB globals, 20 P
gc 12395 @318.676s 1%: 0.021+0.34+0.078 ms clock, 0.42+0.077/0.64/0+1.5 ms cpu, 205->208->92 MB, 230 MB goal, 0 MB stacks, 0 MB globals, 20 P
gc 12396 @318.680s 1%: 0.55+0.75+0.74 ms clock, 11+0/1.1/0+14 ms cpu, 164->174->114 MB, 186 MB goal, 0 MB stacks, 0 MB globals, 20 P
gc 12397 @318.690s 1%: 0.30+3.3+0.31 ms clock, 6.1+0/2.4/0.005+6.2 ms cpu, 210->229->115 MB, 229 MB goal, 0 MB stacks, 0 MB globals, 20 P
gc 12398 @318.703s 1%: 0.080+0.30+0.023 ms clock, 1.6+0/0.95/0+0.47 ms cpu, 211->214->91 MB, 230 MB goal, 0 MB stacks, 0 MB globals, 20 P
gc 12399 @318.707s 1%: 0.19+1.0+0.005 ms clock, 3.8+0/1.5/0+0.11 ms cpu, 164->164->110 MB, 183 MB goal, 0 MB stacks, 0 MB globals, 20 P
gc 12400 @318.716s 1%: 0.037+0.83+0.009 ms clock, 0.75+0/1.3/0+0.19 ms cpu, 200->200->116 MB, 220 MB goal, 0 MB stacks, 0 MB globals, 20 P
gc 12401 @318.726s 1%: 4.0+7.0+5.3 ms clock, 81+0/1.0/0+106 ms cpu, 215->253->134 MB, 234 MB goal, 0 MB stacks, 0 MB globals, 20 P
gc 12402 @318.750s 1%: 0.069+0.80+0.002 ms clock, 1.3+0.028/0.65/0+0.057 ms cpu, 233->233->102 MB, 268 MB goal, 0 MB stacks, 0 MB globals, 20 P
gc 12403 @318.755s 1%: 0.034+0.90+0.017 ms clock, 0.68+0/1.2/0+0.34 ms cpu, 176->176->119 MB, 205 MB goal, 0 MB stacks, 0 MB globals, 20 P
gc 12404 @318.766s 1%: 0.22+5.8+4.5 ms clock, 4.4+0/1.4/0+91 ms cpu, 206->248->140 MB, 239 MB goal, 0 MB stacks, 0 MB globals, 20 P
gc 12405 @318.787s 1%: 0.63+2.7+0.003 ms clock, 12+0/3.1/0+0.076 ms cpu, 245->250->104 MB, 281 MB goal, 0 MB stacks, 0 MB globals, 20 P
gc 12406 @318.794s 1%: 0.063+0.61+0.027 ms clock, 1.2+0.24/0.71/0+0.55 ms cpu, 182->193->135 MB, 208 MB goal, 0 MB stacks, 0 MB globals, 20 P
gc 12407 @318.806s 1%: 0.60+0.72+0.024 ms clock, 12+0/1.2/0+0.49 ms cpu, 238->249->119 MB, 270 MB goal, 0 MB stacks, 0 MB globals, 20 P
gc 12408 @318.816s 1%: 0.41+0.44+0.083 ms clock, 8.3+0/0.79/0.004+1.6 ms cpu, 206->206->98 MB, 239 MB goal, 0 MB stacks, 0 MB globals, 20 P
gc 12409 @318.820s 1%: 0.037+1.1+0.011 ms clock, 0.75+0/1.6/0+0.23 ms cpu, 169->169->121 MB, 198 MB goal, 0 MB stacks, 0 MB globals, 20 P
gc 12410 @318.831s 1%: 1.8+4.8+1.2 ms clock, 36+0/2.5/0.072+25 ms cpu, 211->240->130 MB, 243 MB goal, 0 MB stacks, 0 MB globals, 20 P
gc 12411 @318.848s 1%: 0.42+0.40+0.003 ms clock, 8.4+0/0.91/0.008+0.072 ms cpu, 223->225->98 MB, 261 MB goal, 0 MB stacks, 0 MB globals, 20 P
gc 12412 @318.852s 1%: 0.085+1.1+0.084 ms clock, 1.7+0/1.4/0.008+1.6 ms cpu, 168->179->121 MB, 197 MB goal, 0 MB stacks, 0 MB globals, 20 P
gc 12413 @318.863s 1%: 0.021+4.9+0.64 ms clock, 0.43+0/1.2/0+12 ms cpu, 217->245->130 MB, 243 MB goal, 0 MB stacks, 0 MB globals, 20 P
gc 12414 @318.875s 1%: 0.050+11+0.004 ms clock, 1.0+0/9.9/0+0.087 ms cpu, 237->290->167 MB, 262 MB goal, 0 MB stacks, 0 MB globals, 20 P
gc 12415 @318.902s 1%: 0.060+0.39+0.003 ms clock, 1.2+0/0.82/0+0.077 ms cpu, 287->287->101 MB, 335 MB goal, 0 MB stacks, 0 MB globals, 20 P
gc 12416 @318.906s 1%: 0.019+1.8+0.019 ms clock, 0.38+0.11/1.6/0+0.39 ms cpu, 184->202->137 MB, 204 MB goal, 0 MB stacks, 0 MB globals, 20 P
gc 12417 @318.916s 1%: 0.045+6.3+0.60 ms clock, 0.91+0/1.3/0+12 ms cpu, 234->265->143 MB, 274 MB goal, 0 MB stacks, 0 MB globals, 20 P
gc 12418 @318.931s 1%: 0.045+1.3+0.006 ms clock, 0.90+0/0.81/0+0.12 ms cpu, 254->259->123 MB, 287 MB goal, 0 MB stacks, 0 MB globals, 20 P
gc 12419 @318.942s 1%: 0.038+0.60+0.13 ms clock, 0.76+0.036/0.75/0+2.6 ms cpu, 211->216->116 MB, 247 MB goal, 0 MB stacks, 0 MB globals, 20 P
gc 12420 @318.949s 1%: 0.036+0.59+1.8 ms clock, 0.72+0/0.92/0+37 ms cpu, 202->207->121 MB, 233 MB goal, 0 MB stacks, 0 MB globals, 20 P
gc 12421 @318.959s 1%: 0.22+0.39+0.008 ms clock, 4.4+0.030/0.64/0+0.16 ms cpu, 211->212->97 MB, 242 MB goal, 0 MB stacks, 0 MB globals, 20 P
gc 12422 @318.964s 1%: 0.013+1.4+0.090 ms clock, 0.27+0/1.5/0.012+1.8 ms cpu, 167->178->121 MB, 196 MB goal, 0 MB stacks, 0 MB globals, 20 P
gc 12423 @318.980s 1%: 0.29+4.9+0.006 ms clock, 5.9+0/5.6/0+0.12 ms cpu, 235->235->106 MB, 243 MB goal, 0 MB stacks, 0 MB globals, 20 P
gc 12424 @318.995s 1%: 0.020+0.70+0.004 ms clock, 0.40+0.28/0.98/0.001+0.095 ms cpu, 202->205->99 MB, 213 MB goal, 0 MB stacks, 0 MB globals, 20 P
gc 12425 @319.007s 1%: 0.054+0.45+0.011 ms clock, 1.0+0.28/0.48/0+0.22 ms cpu, 193->193->124 MB, 198 MB goal, 0 MB stacks, 0 MB globals, 20 P
gc 12426 @319.020s 1%: 3.3+1.5+3.6 ms clock, 67+0/1.7/0+72 ms cpu, 238->259->129 MB, 248 MB goal, 0 MB stacks, 0 MB globals, 20 P
gc 12427 @319.043s 1%: 1.0+2.1+0.081 ms clock, 20+0/1.8/0+1.6 ms cpu, 248->267->126 MB, 259 MB goal, 0 MB stacks, 0 MB globals, 20 P
gc 12428 @319.058s 1%: 0.37+2.2+0.010 ms clock, 7.5+0/2.3/0+0.21 ms cpu, 243->248->110 MB, 252 MB goal, 0 MB stacks, 0 MB globals, 20 P
gc 12429 @319.071s 1%: 0.046+0.80+0.016 ms clock, 0.92+0/1.3/0+0.33 ms cpu, 201->201->118 MB, 220 MB goal, 0 MB stacks, 0 MB globals, 20 P
gc 12430 @319.079s 1%: 0.036+3.6+0.54 ms clock, 0.73+0/3.6/0+10 ms cpu, 222->244->145 MB, 236 MB goal, 0 MB stacks, 0 MB globals, 20 P
gc 12431 @319.097s 1%: 0.42+5.9+1.7 ms clock, 8.5+0/2.3/0+34 ms cpu, 274->298->126 MB, 290 MB goal, 0 MB stacks, 0 MB globals, 20 P
gc 12432 @319.115s 1%: 0.037+1.7+2.2 ms clock, 0.75+0.065/0.61/0+45 ms cpu, 230->249->123 MB, 252 MB goal, 0 MB stacks, 0 MB globals, 20 P
gc 12433 @319.132s 1%: 0.54+3.5+0.56 ms clock, 10+0/1.7/0.009+11 ms cpu, 223->240->108 MB, 248 MB goal, 0 MB stacks, 0 MB globals, 20 P
gc 12434 @319.142s 1%: 0.028+1.2+0.12 ms clock, 0.57+0/0.72/0+2.4 ms cpu, 196->208->134 MB, 217 MB goal, 0 MB stacks, 0 MB globals, 20 P
gc 12435 @319.154s 1%: 0.98+3.1+0.66 ms clock, 19+0/1.6/0+13 ms cpu, 245->271->133 MB, 269 MB goal, 0 MB stacks, 0 MB globals, 20 P
gc 12436 @319.168s 1%: 0.022+2.7+3.1 ms clock, 0.44+0.13/1.2/0+62 ms cpu, 245->268->129 MB, 267 MB goal, 0 MB stacks, 0 MB globals, 20 P
gc 12437 @319.183s 1%: 0.024+2.4+0.064 ms clock, 0.49+0.21/0.87/0.001+1.2 ms cpu, 235->253->120 MB, 258 MB goal, 0 MB stacks, 0 MB globals, 20 P
gc 12438 @319.194s 1%: 0.40+0.51+0.54 ms clock, 8.0+0/0.83/0+10 ms cpu, 218->228->106 MB, 242 MB goal, 0 MB stacks, 0 MB globals, 20 P
gc 12439 @319.200s 1%: 0.035+1.2+0.010 ms clock, 0.70+0/1.8/0+0.21 ms cpu, 192->192->124 MB, 213 MB goal, 0 MB stacks, 0 MB globals, 20 P
gc 12440 @319.210s 1%: 0.019+5.9+0.009 ms clock, 0.39+0/2.1/0.035+0.18 ms cpu, 225->248->129 MB, 249 MB goal, 0 MB stacks, 0 MB globals, 20 P
gc 12441 @319.224s 1%: 0.078+1.4+3.2 ms clock, 1.5+0/1.1/0+64 ms cpu, 235->253->121 MB, 258 MB goal, 0 MB stacks, 0 MB globals, 20 P
gc 12442 @319.237s 1%: 0.30+1.1+0.36 ms clock, 6.0+0/1.0/0+7.3 ms cpu, 220->230->107 MB, 242 MB goal, 0 MB stacks, 0 MB globals, 20 P
gc 12443 @319.245s 1%: 0.097+0.41+0.015 ms clock, 1.9+0/0.79/0+0.30 ms cpu, 202->202->135 MB, 215 MB goal, 0 MB stacks, 0 MB globals, 20 P
gc 12444 @319.256s 1%: 1.5+4.7+0.11 ms clock, 31+0/2.7/0+2.2 ms cpu, 248->271->134 MB, 271 MB goal, 0 MB stacks, 0 MB globals, 20 P
gc 12445 @319.276s 1%: 0.074+1.6+0.012 ms clock, 1.4+0/1.9/0.015+0.24 ms cpu, 259->259->119 MB, 269 MB goal, 0 MB stacks, 0 MB globals, 20 P
gc 12446 @319.286s 1%: 0.59+0.38+0.26 ms clock, 11+0/0.82/0+5.3 ms cpu, 216->220->104 MB, 240 MB goal, 0 MB stacks, 0 MB globals, 20 P
gc 12447 @319.293s 1%: 0.10+0.41+0.091 ms clock, 2.0+0.031/0.65/0+1.8 ms cpu, 185->187->114 MB, 208 MB goal, 0 MB stacks, 0 MB globals, 20 P
gc 12448 @319.299s 1%: 0.21+0.86+0.60 ms clock, 4.2+0/1.0/0+12 ms cpu, 206->225->126 MB, 228 MB goal, 0 MB stacks, 0 MB globals, 20 P
gc 12449 @319.311s 1%: 1.3+6.6+0.56 ms clock, 26+0/3.4/0+11 ms cpu, 232->250->120 MB, 252 MB goal, 0 MB stacks, 0 MB globals, 20 P
gc 12450 @319.328s 1%: 0.016+0.65+0.005 ms clock, 0.33+0.098/1.2/0.007+0.11 ms cpu, 220->224->97 MB, 242 MB goal, 0 MB stacks, 0 MB globals, 20 P
gc 12451 @319.332s 1%: 0.43+1.3+0.020 ms clock, 8.6+0/1.6/0+0.41 ms cpu, 177->187->124 MB, 195 MB goal, 0 MB stacks, 0 MB globals, 20 P
gc 12452 @319.347s 1%: 1.1+4.0+0.003 ms clock, 22+0/1.2/0+0.072 ms cpu, 235->248->121 MB, 249 MB goal, 0 MB stacks, 0 MB globals, 20 P
gc 12453 @319.362s 1%: 0.069+1.3+0.004 ms clock, 1.3+0/1.6/0+0.084 ms cpu, 238->238->108 MB, 242 MB goal, 0 MB stacks, 0 MB globals, 20 P
gc 12454 @319.371s 1%: 0.040+0.75+0.44 ms clock, 0.81+0/0.89/0+8.9 ms cpu, 198->204->123 MB, 217 MB goal, 0 MB stacks, 0 MB globals, 20 P
gc 12455 @319.384s 1%: 4.0+2.8+0.052 ms clock, 81+0/1.2/0.11+1.0 ms cpu, 231->248->118 MB, 247 MB goal, 0 MB stacks, 0 MB globals, 20 P
gc 12456 @319.399s 1%: 0.094+0.83+0.003 ms clock, 1.8+0.073/0.75/0+0.078 ms cpu, 222->223->102 MB, 237 MB goal, 0 MB stacks, 0 MB globals, 20 P
gc 12457 @319.406s 1%: 0.037+1.6+0.014 ms clock, 0.75+0/2.0/0+0.29 ms cpu, 199->199->124 MB, 206 MB goal, 0 MB stacks, 0 MB globals, 20 P
gc 12458 @319.416s 1%: 0.037+0.43+0.020 ms clock, 0.75+0/0.89/0+0.41 ms cpu, 234->234->116 MB, 249 MB goal, 0 MB stacks, 0 MB globals, 20 P
gc 12459 @319.423s 1%: 0.17+12+0.14 ms clock, 3.4+0/13/0.006+2.8 ms cpu, 221->263->155 MB, 234 MB goal, 0 MB stacks, 0 MB globals, 20 P
gc 12460 @319.449s 1%: 0.31+0.26+0.003 ms clock, 6.3+0/0.73/0+0.070 ms cpu, 270->270->112 MB, 312 MB goal, 0 MB stacks, 0 MB globals, 20 P
gc 12461 @319.456s 1%: 0.15+0.47+0.044 ms clock, 3.1+0.027/0.77/0+0.88 ms cpu, 192->194->125 MB, 225 MB goal, 0 MB stacks, 0 MB globals, 20 P
gc 12462 @319.464s 1%: 0.038+2.6+0.087 ms clock, 0.76+0/3.1/0+1.7 ms cpu, 227->227->129 MB, 250 MB goal, 0 MB stacks, 0 MB globals, 20 P
gc 12463 @319.474s 1%: 0.14+0.42+0.003 ms clock, 2.8+0/0.65/0+0.072 ms cpu, 221->223->111 MB, 258 MB goal, 0 MB stacks, 0 MB globals, 20 P
gc 12464 @319.479s 1%: 0.033+2.0+0.085 ms clock, 0.67+0/2.2/0+1.7 ms cpu, 195->206->146 MB, 224 MB goal, 0 MB stacks, 0 MB globals, 20 P
gc 12465 @319.494s 1%: 0.039+2.6+0.79 ms clock, 0.79+0/3.0/0+15 ms cpu, 252->262->139 MB, 292 MB goal, 0 MB stacks, 0 MB globals, 20 P
gc 12466 @319.506s 1%: 4.2+0.45+0.023 ms clock, 85+0/0.62/0+0.47 ms cpu, 237->250->114 MB, 278 MB goal, 0 MB stacks, 0 MB globals, 20 P
gc 12467 @319.519s 1%: 0.041+0.79+0.10 ms clock, 0.83+0/1.1/0+2.0 ms cpu, 221->221->119 MB, 228 MB goal, 0 MB stacks, 0 MB globals, 20 P
gc 12468 @319.529s 1%: 1.3+1.6+0.015 ms clock, 26+0/1.9/0+0.31 ms cpu, 229->229->103 MB, 240 MB goal, 0 MB stacks, 0 MB globals, 20 P
gc 12469 @319.542s 1%: 0.12+0.65+0.018 ms clock, 2.4+0/1.4/0.036+0.36 ms cpu, 195->195->115 MB, 207 MB goal, 0 MB stacks, 0 MB globals, 20 P
gc 12470 @319.551s 1%: 0.069+1.1+0.11 ms clock, 1.3+0/1.7/0+2.2 ms cpu, 219->232->134 MB, 232 MB goal, 0 MB stacks, 0 MB globals, 20 P
gc 12471 @319.570s 1%: 5.1+5.7+0.013 ms clock, 103+0/6.4/0+0.27 ms cpu, 258->269->121 MB, 269 MB goal, 0 MB stacks, 0 MB globals, 20 P
gc 12472 @319.592s 1%: 0.54+1.6+0.004 ms clock, 10+0/2.1/0+0.083 ms cpu, 235->235->106 MB, 244 MB goal, 0 MB stacks, 0 MB globals, 20 P
gc 12473 @319.606s 1%: 0.027+1.0+0.16 ms clock, 0.54+0.29/1.4/0.061+3.3 ms cpu, 202->212->105 MB, 213 MB goal, 0 MB stacks, 0 MB globals, 20 P
gc 12474 @319.618s 1%: 0.78+0.64+0.18 ms clock, 15+0.061/0.69/0+3.6 ms cpu, 199->215->118 MB, 212 MB goal, 0 MB stacks, 0 MB globals, 20 P
gc 12475 @319.630s 1%: 0.017+1.0+0.38 ms clock, 0.34+0.24/0.66/0+7.6 ms cpu, 223->240->114 MB, 236 MB goal, 0 MB stacks, 0 MB globals, 20 P
gc 12476 @319.641s 1%: 0.026+1.1+0.099 ms clock, 0.53+0.10/0.91/0.23+1.9 ms cpu, 211->225->104 MB, 229 MB goal, 0 MB stacks, 0 MB globals, 20 P
gc 12477 @319.647s 1%: 0.054+1.5+0.012 ms clock, 1.0+0/2.1/0.002+0.25 ms cpu, 197->197->121 MB, 209 MB goal, 0 MB stacks, 0 MB globals, 20 P
gc 12478 @319.658s 1%: 0.88+7.0+0.084 ms clock, 17+0/5.7/0+1.6 ms cpu, 234->249->120 MB, 242 MB goal, 0 MB stacks, 0 MB globals, 20 P
gc 12479 @319.676s 1%: 0.018+1.0+0.003 ms clock, 0.37+0/1.3/0.008+0.065 ms cpu, 223->229->104 MB, 241 MB goal, 0 MB stacks, 0 MB globals, 20 P
gc 12480 @319.684s 1%: 0.022+0.78+0.22 ms clock, 0.44+0/0.83/0.071+4.4 ms cpu, 192->209->119 MB, 209 MB goal, 0 MB stacks, 0 MB globals, 20 P
gc 12481 @319.695s 1%: 0.020+1.0+0.006 ms clock, 0.41+0.034/0.66/0.006+0.13 ms cpu, 230->231->118 MB, 239 MB goal, 0 MB stacks, 0 MB globals, 20 P
gc 12482 @319.705s 1%: 0.038+0.42+0.17 ms clock, 0.77+0/0.81/0+3.5 ms cpu, 219->222->114 MB, 236 MB goal, 0 MB stacks, 0 MB globals, 20 P
gc 12483 @319.718s 1%: 0.14+1.1+0.005 ms clock, 2.9+0.058/0.76/0+0.11 ms cpu, 212->223->105 MB, 230 MB goal, 0 MB stacks, 0 MB globals, 20 P
gc 12484 @319.724s 1%: 0.029+2.0+0.011 ms clock, 0.58+0.012/2.2/0.015+0.23 ms cpu, 198->213->139 MB, 210 MB goal, 0 MB stacks, 0 MB globals, 20 P
gc 12485 @319.739s 1%: 2.9+0.47+0.003 ms clock, 59+0/0.83/0.014+0.074 ms cpu, 261->263->99 MB, 278 MB goal, 0 MB stacks, 0 MB globals, 20 P
gc 12486 @319.749s 1%: 0.051+0.39+0.016 ms clock, 1.0+0/0.85/0+0.32 ms cpu, 192->192->135 MB, 200 MB goal, 0 MB stacks, 0 MB globals, 20 P
gc 12487 @319.760s 1%: 0.037+3.0+0.008 ms clock, 0.74+0/3.4/0+0.17 ms cpu, 259->259->121 MB, 270 MB goal, 0 MB stacks, 0 MB globals, 20 P
gc 12488 @319.771s 1%: 0.078+1.6+0.010 ms clock, 1.5+0/1.7/0+0.21 ms cpu, 229->232->116 MB, 244 MB goal, 0 MB stacks, 0 MB globals, 20 P
gc 12489 @319.782s 1%: 0.28+4.4+0.39 ms clock, 5.6+0.029/0.73/0+7.9 ms cpu, 218->244->122 MB, 233 MB goal, 0 MB stacks, 0 MB globals, 20 P
gc 12490 @319.796s 1%: 0.033+0.56+0.004 ms clock, 0.67+0/0.82/0+0.084 ms cpu, 222->224->96 MB, 244 MB goal, 0 MB stacks, 0 MB globals, 20 P
gc 12491 @319.801s 1%: 0.68+1.4+0.017 ms clock, 13+0/1.9/0+0.34 ms cpu, 169->180->118 MB, 192 MB goal, 0 MB stacks, 0 MB globals, 20 P
gc 12492 @319.812s 1%: 2.3+0.38+0.005 ms clock, 46+0/0.75/0+0.10 ms cpu, 211->212->99 MB, 236 MB goal, 0 MB stacks, 0 MB globals, 20 P
gc 12493 @319.821s 1%: 0.036+1.3+0.068 ms clock, 0.73+0/1.7/0+1.3 ms cpu, 184->195->135 MB, 199 MB goal, 0 MB stacks, 0 MB globals, 20 P
gc 12494 @319.836s 1%: 1.6+0.39+0.006 ms clock, 33+0/0.68/0+0.13 ms cpu, 245->246->96 MB, 271 MB goal, 0 MB stacks, 0 MB globals, 20 P
gc 12495 @319.842s 1%: 0.037+2.2+0.009 ms clock, 0.74+0/2.5/0+0.18 ms cpu, 183->183->121 MB, 193 MB goal, 0 MB stacks, 0 MB globals, 20 P
gc 12496 @319.854s 1%: 4.9+0.59+0.005 ms clock, 98+0/0.71/0+0.10 ms cpu, 234->237->108 MB, 244 MB goal, 0 MB stacks, 0 MB globals, 20 P
gc 12497 @319.866s 1%: 0.041+9.9+0.45 ms clock, 0.83+0/10/0+9.0 ms cpu, 213->230->152 MB, 218 MB goal, 0 MB stacks, 0 MB globals, 20 P
gc 12498 @319.890s 1%: 0.036+4.6+0.10 ms clock, 0.72+0/4.8/0+2.0 ms cpu, 301->313->125 MB, 305 MB goal, 0 MB stacks, 0 MB globals, 20 P
gc 12499 @319.905s 1%: 0.038+1.2+0.007 ms clock, 0.76+0.010/0.85/0+0.15 ms cpu, 241->251->125 MB, 251 MB goal, 0 MB stacks, 0 MB globals, 20 P
gc 12500 @319.916s 1%: 0.034+0.54+0.36 ms clock, 0.68+0/1.0/0+7.2 ms cpu, 236->242->110 MB, 251 MB goal, 0 MB stacks, 0 MB globals, 20 P
gc 12501 @319.924s 1%: 0.060+2.7+0.023 ms clock, 1.2+0/3.0/0.016+0.47 ms cpu, 217->228->146 MB, 221 MB goal, 0 MB stacks, 0 MB globals, 20 P
gc 12502 @319.941s 1%: 0.13+6.6+0.004 ms clock, 2.7+0/7.0/0+0.084 ms cpu, 282->286->138 MB, 292 MB goal, 0 MB stacks, 0 MB globals, 20 P
gc 12503 @319.959s 1%: 0.099+1.0+0.005 ms clock, 1.9+0.079/1.4/0+0.11 ms cpu, 269->271->99 MB, 277 MB goal, 0 MB stacks, 0 MB globals, 20 P
gc 12504 @319.967s 1%: 0.15+0.42+0.013 ms clock, 3.1+0/0.76/0.020+0.26 ms cpu, 189->192->105 MB, 200 MB goal, 0 MB stacks, 0 MB globals, 20 P
gc 12505 @319.976s 1%: 0.035+0.51+0.35 ms clock, 0.71+0/0.88/0.001+7.0 ms cpu, 202->207->121 MB, 210 MB goal, 0 MB stacks, 0 MB globals, 20 P
gc 12506 @319.984s 1%: 0.040+5.0+0.005 ms clock, 0.80+0.006/5.3/0+0.11 ms cpu, 231->234->126 MB, 242 MB goal, 0 MB stacks, 0 MB globals, 20 P
gc 12507 @319.997s 1%: 0.071+3.2+0.007 ms clock, 1.4+0/3.5/0+0.15 ms cpu, 248->248->119 MB, 254 MB goal, 0 MB stacks, 0 MB globals, 20 P
gc 12508 @320.009s 1%: 1.0+1.9+0.025 ms clock, 20+0/2.3/0+0.50 ms cpu, 236->247->115 MB, 239 MB goal, 0 MB stacks, 0 MB globals, 20 P
gc 12509 @320.021s 1%: 0.041+5.3+0.004 ms clock, 0.82+0/1.2/0+0.097 ms cpu, 226->259->141 MB, 232 MB goal, 0 MB stacks, 0 MB globals, 20 P
gc 12510 @320.038s 1%: 0.028+5.0+0.49 ms clock, 0.57+0.18/1.0/0.010+9.9 ms cpu, 249->278->127 MB, 282 MB goal, 0 MB stacks, 0 MB globals, 20 P
gc 12511 @320.052s 1%: 0.12+1.0+0.011 ms clock, 2.5+0/1.0/0+0.22 ms cpu, 224->231->101 MB, 255 MB goal, 0 MB stacks, 0 MB globals, 20 P
gc 12512 @320.057s 1%: 0.41+4.1+0.014 ms clock, 8.3+0/1.7/0.011+0.28 ms cpu, 177->201->134 MB, 203 MB goal, 0 MB stacks, 0 MB globals, 20 P
gc 12513 @320.070s 1%: 0.049+3.2+0.005 ms clock, 0.99+0/1.7/0+0.11 ms cpu, 239->244->121 MB, 269 MB goal, 0 MB stacks, 0 MB globals, 20 P
gc 12514 @320.078s 1%: 0.041+1.1+0.074 ms clock, 0.82+0/1.5/0+1.4 ms cpu, 209->219->129 MB, 242 MB goal, 0 MB stacks, 0 MB globals, 20 P
gc 12515 @320.090s 1%: 0.80+0.84+1.9 ms clock, 16+0/1.3/0.015+39 ms cpu, 235->256->125 MB, 260 MB goal, 0 MB stacks, 0 MB globals, 20 P
gc 12516 @320.106s 1%: 0.13+1.1+0.003 ms clock, 2.7+0/1.3/0+0.067 ms cpu, 233->240->108 MB, 251 MB goal, 0 MB stacks, 0 MB globals, 20 P
gc 12517 @320.114s 1%: 0.035+0.57+0.23 ms clock, 0.71+0/0.69/0+4.6 ms cpu, 195->201->119 MB, 217 MB goal, 0 MB stacks, 0 MB globals, 20 P
gc 12518 @320.123s 1%: 0.038+1.0+0.018 ms clock, 0.76+0/1.5/0+0.36 ms cpu, 227->227->121 MB, 239 MB goal, 0 MB stacks, 0 MB globals, 20 P
gc 12519 @320.134s 1%: 0.038+0.47+0.33 ms clock, 0.76+0/0.81/0+6.6 ms cpu, 235->239->119 MB, 243 MB goal, 0 MB stacks, 0 MB globals, 20 P
gc 12520 @320.144s 1%: 0.34+0.57+0.007 ms clock, 6.9+0/0.83/0+0.14 ms cpu, 218->221->99 MB, 238 MB goal, 0 MB stacks, 0 MB globals, 20 P
gc 12521 @320.150s 1%: 0.042+1.5+0.025 ms clock, 0.84+0/1.9/0+0.51 ms cpu, 187->198->135 MB, 199 MB goal, 0 MB stacks, 0 MB globals, 20 P
gc 12522 @320.165s 1%: 4.4+5.5+0.095 ms clock, 88+0/5.9/0+1.9 ms cpu, 261->282->135 MB, 270 MB goal, 0 MB stacks, 0 MB globals, 20 P
gc 12523 @320.187s 1%: 0.047+0.98+0.011 ms clock, 0.94+0/1.4/0+0.22 ms cpu, 249->249->119 MB, 270 MB goal, 0 MB stacks, 0 MB globals, 20 P
gc 12524 @320.197s 1%: 0.11+1.9+0.048 ms clock, 2.2+0/1.7/0+0.96 ms cpu, 229->247->121 MB, 240 MB goal, 0 MB stacks, 0 MB globals, 20 P
gc 12525 @320.210s 1%: 0.040+0.95+0.003 ms clock, 0.81+0/1.4/0.033+0.068 ms cpu, 225->225->121 MB, 243 MB goal, 0 MB stacks, 0 MB globals, 20 P
gc 12526 @320.221s 1%: 0.037+0.53+0.082 ms clock, 0.74+0.072/0.67/0+1.6 ms cpu, 222->226->115 MB, 244 MB goal, 0 MB stacks, 0 MB globals, 20 P
gc 12527 @320.228s 1%: 4.5+1.1+0.085 ms clock, 90+0/1.3/0+1.7 ms cpu, 212->232->130 MB, 231 MB goal, 0 MB stacks, 0 MB globals, 20 P
gc 12528 @320.245s 1%: 0.041+5.0+0.007 ms clock, 0.82+0/4.2/0+0.14 ms cpu, 254->254->116 MB, 260 MB goal, 0 MB stacks, 0 MB globals, 20 P
gc 12529 @320.261s 1%: 0.15+0.90+0.011 ms clock, 3.0+0/1.4/0+0.23 ms cpu, 212->212->98 MB, 233 MB goal, 0 MB stacks, 0 MB globals, 20 P
gc 12530 @320.273s 1%: 0.062+7.6+0.058 ms clock, 1.2+0/8.4/0+1.1 ms cpu, 186->202->140 MB, 196 MB goal, 0 MB stacks, 0 MB globals, 20 P
gc 12531 @320.301s 1%: 1.4+5.6+1.9 ms clock, 28+0/2.0/0+38 ms cpu, 261->284->122 MB, 281 MB goal, 0 MB stacks, 0 MB globals, 20 P
gc 12532 @320.317s 1%: 0.065+5.0+0.010 ms clock, 1.3+0/1.0/0.073+0.20 ms cpu, 222->268->170 MB, 244 MB goal, 0 MB stacks, 0 MB globals, 20 P
gc 12533 @320.336s 1%: 0.036+4.6+0.009 ms clock, 0.73+0/4.9/0+0.19 ms cpu, 303->303->147 MB, 341 MB goal, 0 MB stacks, 0 MB globals, 20 P
gc 12534 @320.349s 1%: 0.33+3.4+0.048 ms clock, 6.6+0/1.9/0+0.97 ms cpu, 253->282->147 MB, 295 MB goal, 0 MB stacks, 0 MB globals, 20 P
gc 12535 @320.362s 1%: 0.43+4.3+0.41 ms clock, 8.7+0/1.2/0.029+8.2 ms cpu, 251->284->147 MB, 294 MB goal, 0 MB stacks, 0 MB globals, 20 P
gc 12536 @320.376s 1%: 0.020+1.0+0.006 ms clock, 0.40+0/1.3/0+0.13 ms cpu, 262->262->121 MB, 296 MB goal, 0 MB stacks, 0 MB globals, 20 P
gc 12537 @320.385s 1%: 0.076+0.71+0.11 ms clock, 1.5+0/0.91/0+2.3 ms cpu, 207->216->111 MB, 243 MB goal, 0 MB stacks, 0 MB globals, 20 P
gc 12538 @320.390s 1%: 0.35+2.3+0.054 ms clock, 7.0+0/1.5/0+1.0 ms cpu, 197->221->145 MB, 222 MB goal, 0 MB stacks, 0 MB globals, 20 P
gc 12539 @320.402s 1%: 3.1+8.7+0.027 ms clock, 62+0/4.4/0.035+0.55 ms cpu, 257->293->144 MB, 291 MB goal, 0 MB stacks, 0 MB globals, 20 P
gc 12540 @320.424s 1%: 0.046+0.78+0.024 ms clock, 0.92+0/1.3/0.087+0.48 ms cpu, 261->261->118 MB, 289 MB goal, 0 MB stacks, 0 MB globals, 20 P
gc 12541 @320.433s 1%: 0.047+0.96+0.10 ms clock, 0.94+0/1.5/0.018+2.1 ms cpu, 210->210->122 MB, 237 MB goal, 0 MB stacks, 0 MB globals, 20 P
gc 12542 @320.441s 1%: 0.035+1.3+0.006 ms clock, 0.70+0.077/0.70/0+0.12 ms cpu, 209->219->120 MB, 244 MB goal, 0 MB stacks, 0 MB globals, 20 P
gc 12543 @320.448s 1%: 0.034+1.6+0.011 ms clock, 0.68+0/0.99/0+0.23 ms cpu, 208->211->117 MB, 242 MB goal, 0 MB stacks, 0 MB globals, 20 P
gc 12544 @320.455s 1%: 0.035+0.47+0.022 ms clock, 0.71+0/1.0/0+0.45 ms cpu, 200->200->116 MB, 235 MB goal, 0 MB stacks, 0 MB globals, 20 P
gc 12545 @320.463s 1%: 0.016+2.9+0.83 ms clock, 0.32+0/3.0/0+16 ms cpu, 205->219->110 MB, 234 MB goal, 0 MB stacks, 0 MB globals, 20 P
gc 12546 @320.471s 1%: 0.37+8.3+9.5 ms clock, 7.4+0/7.9/0+191 ms cpu, 194->229->150 MB, 221 MB goal, 0 MB stacks, 0 MB globals, 20 P
gc 12547 @320.500s 1%: 0.018+6.1+0.13 ms clock, 0.37+0.047/5.9/0.020+2.6 ms cpu, 267->302->146 MB, 301 MB goal, 0 MB stacks, 0 MB globals, 20 P
gc 12548 @320.519s 1%: 0.60+0.58+0.019 ms clock, 12+0/0.93/0+0.39 ms cpu, 258->273->127 MB, 293 MB goal, 0 MB stacks, 0 MB globals, 20 P
gc 12549 @320.527s 1%: 0.039+0.89+2.9 ms clock, 0.79+0/1.1/0+58 ms cpu, 222->231->138 MB, 255 MB goal, 0 MB stacks, 0 MB globals, 20 P
gc 12550 @320.540s 1%: 0.096+3.6+0.008 ms clock, 1.9+0/2.5/0+0.17 ms cpu, 251->271->136 MB, 277 MB goal, 0 MB stacks, 0 MB globals, 20 P
gc 12551 @320.551s 1%: 0.67+0.40+0.002 ms clock, 13+0/0.75/0+0.057 ms cpu, 238->240->112 MB, 273 MB goal, 0 MB stacks, 0 MB globals, 20 P
gc 12552 @320.558s 1%: 0.017+1.3+0.002 ms clock, 0.34+0/1.8/0+0.050 ms cpu, 193->198->107 MB, 225 MB goal, 0 MB stacks, 0 MB globals, 20 P
gc 12553 @320.566s 1%: 0.039+0.84+0.010 ms clock, 0.78+0.14/0.68/0.002+0.20 ms cpu, 194->197->116 MB, 214 MB goal, 0 MB stacks, 0 MB globals, 20 P
gc 12554 @320.574s 1%: 0.051+3.4+0.016 ms clock, 1.0+0/4.0/0.010+0.32 ms cpu, 220->220->119 MB, 233 MB goal, 0 MB stacks, 0 MB globals, 20 P
gc 12555 @320.588s 1%: 0.074+0.46+0.085 ms clock, 1.4+0.069/0.69/0+1.7 ms cpu, 227->227->111 MB, 240 MB goal, 0 MB stacks, 0 MB globals, 20 P
gc 12556 @320.597s 1%: 0.034+1.3+0.029 ms clock, 0.69+0/1.6/0+0.58 ms cpu, 206->211->121 MB, 223 MB goal, 0 MB stacks, 0 MB globals, 20 P
gc 12557 @320.609s 1%: 0.22+4.8+0.003 ms clock, 4.5+0/5.0/0+0.078 ms cpu, 240->240->102 MB, 242 MB goal, 0 MB stacks, 0 MB globals, 20 P
gc 12558 @320.621s 1%: 0.042+0.76+0.018 ms clock, 0.84+0/0.98/0.008+0.37 ms cpu, 204->204->116 MB, 205 MB goal, 0 MB stacks, 0 MB globals, 20 P
gc 12559 @320.633s 1%: 0.021+2.0+0.004 ms clock, 0.42+0.038/2.6/0.020+0.080 ms cpu, 231->231->101 MB, 234 MB goal, 0 MB stacks, 0 MB globals, 20 P
gc 12560 @320.645s 1%: 0.15+0.55+0.059 ms clock, 3.1+0.10/0.67/0+1.1 ms cpu, 198->202->95 MB, 203 MB goal, 0 MB stacks, 0 MB globals, 20 P
gc 12561 @320.651s 1%: 0.40+3.1+0.011 ms clock, 8.0+0/3.6/0+0.22 ms cpu, 188->188->111 MB, 191 MB goal, 0 MB stacks, 0 MB globals, 20 P
gc 12562 @320.675s 1%: 0.79+0.87+0.009 ms clock, 15+0/2.1/0+0.18 ms cpu, 221->221->103 MB, 222 MB goal, 0 MB stacks, 0 MB globals, 20 P
gc 12563 @320.691s 1%: 0.045+1.0+0.007 ms clock, 0.91+0/2.0/0.10+0.15 ms cpu, 207->207->118 MB, 207 MB goal, 0 MB stacks, 0 MB globals, 20 P
gc 12564 @320.706s 1%: 5.1+1.0+0.033 ms clock, 103+0/1.0/0+0.67 ms cpu, 233->246->116 MB, 236 MB goal, 0 MB stacks, 0 MB globals, 20 P
gc 12565 @320.723s 1%: 0.42+0.46+0.036 ms clock, 8.4+0/0.68/0+0.72 ms cpu, 220->231->107 MB, 233 MB goal, 0 MB stacks, 0 MB globals, 20 P
gc 12566 @320.733s 1%: 0.034+0.28+0.011 ms clock, 0.68+0.076/0.67/0.001+0.22 ms cpu, 202->203->113 MB, 216 MB goal, 0 MB stacks, 0 MB globals, 20 P
gc 12567 @320.741s 1%: 0.057+6.8+0.18 ms clock, 1.1+0/6.1/0+3.7 ms cpu, 236->246->134 MB, 236 MB goal, 0 MB stacks, 0 MB globals, 20 P
gc 12568 @320.762s 1%: 0.024+1.2+0.006 ms clock, 0.48+1.1/0.77/0+0.12 ms cpu, 258->258->110 MB, 269 MB goal, 0 MB stacks, 0 MB globals, 20 P
gc 12569 @320.775s 1%: 0.049+2.2+0.012 ms clock, 0.98+0/2.8/0+0.24 ms cpu, 223->223->127 MB, 223 MB goal, 0 MB stacks, 0 MB globals, 20 P
gc 12570 @320.785s 1%: 0.090+3.4+0.082 ms clock, 1.8+0/3.9/0.025+1.6 ms cpu, 256->256->147 MB, 256 MB goal, 0 MB stacks, 0 MB globals, 20 P
gc 12571 @320.803s 1%: 0.037+1.1+0.012 ms clock, 0.74+0/1.5/0+0.25 ms cpu, 291->292->158 MB, 294 MB goal, 0 MB stacks, 0 MB globals, 20 P
gc 12572 @320.815s 1%: 0.048+4.7+0.019 ms clock, 0.97+0/5.0/0+0.38 ms cpu, 305->327->156 MB, 316 MB goal, 0 MB stacks, 0 MB globals, 20 P
gc 12573 @320.832s 1%: 0.020+1.0+0.007 ms clock, 0.40+0/1.4/0+0.14 ms cpu, 295->301->120 MB, 312 MB goal, 0 MB stacks, 0 MB globals, 20 P
gc 12574 @320.842s 1%: 0.039+1.9+0.36 ms clock, 0.79+0.19/0.54/0+7.3 ms cpu, 220->246->131 MB, 241 MB goal, 0 MB stacks, 0 MB globals, 20 P
gc 12575 @320.853s 1%: 0.12+1.7+0.99 ms clock, 2.5+0.087/0.85/0+19 ms cpu, 236->250->105 MB, 263 MB goal, 0 MB stacks, 0 MB globals, 20 P
gc 12576 @320.860s 1%: 1.2+2.4+0.043 ms clock, 24+0/2.0/0+0.87 ms cpu, 186->209->134 MB, 211 MB goal, 0 MB stacks, 0 MB globals, 20 P
gc 12577 @320.876s 1%: 2.9+5.4+0.092 ms clock, 59+0/5.7/0.003+1.8 ms cpu, 248->259->119 MB, 269 MB goal, 0 MB stacks, 0 MB globals, 20 P
gc 12578 @320.895s 1%: 0.062+3.2+0.020 ms clock, 1.2+0.042/1.0/0+0.41 ms cpu, 217->247->141 MB, 240 MB goal, 0 MB stacks, 0 MB globals, 20 P
gc 12579 @320.909s 1%: 0.019+10+0.005 ms clock, 0.38+0.15/0.77/0+0.10 ms cpu, 255->285->130 MB, 283 MB goal, 0 MB stacks, 0 MB globals, 20 P
gc 12580 @320.932s 1%: 0.093+1.9+0.51 ms clock, 1.8+0/1.7/0+10 ms cpu, 233->259->123 MB, 260 MB goal, 0 MB stacks, 0 MB globals, 20 P
gc 12581 @320.945s 1%: 0.042+0.67+2.0 ms clock, 0.84+0/1.3/0+41 ms cpu, 220->225->122 MB, 247 MB goal, 0 MB stacks, 0 MB globals, 20 P
gc 12582 @320.954s 1%: 0.071+3.2+0.012 ms clock, 1.4+0/3.8/0+0.25 ms cpu, 220->220->123 MB, 244 MB goal, 0 MB stacks, 0 MB globals, 20 P
gc 12583 @320.968s 1%: 0.81+0.52+0.016 ms clock, 16+0/0.94/0+0.32 ms cpu, 216->218->105 MB, 246 MB goal, 0 MB stacks, 0 MB globals, 20 P
gc 12584 @320.976s 1%: 0.043+0.74+0.18 ms clock, 0.87+0.034/0.84/0+3.7 ms cpu, 188->194->119 MB, 210 MB goal, 0 MB stacks, 0 MB globals, 20 P
gc 12585 @320.988s 1%: 0.039+1.0+0.008 ms clock, 0.79+0/1.2/0+0.17 ms cpu, 212->212->119 MB, 239 MB goal, 0 MB stacks, 0 MB globals, 20 P
gc 12586 @320.995s 1%: 0.039+1.0+0.009 ms clock, 0.78+0/1.3/0+0.18 ms cpu, 211->211->123 MB, 239 MB goal, 0 MB stacks, 0 MB globals, 20 P
gc 12587 @321.005s 1%: 2.6+0.63+0.40 ms clock, 53+0/1.0/0+8.0 ms cpu, 217->233->116 MB, 246 MB goal, 0 MB stacks, 0 MB globals, 20 P
gc 12588 @321.017s 1%: 0.021+1.1+0.006 ms clock, 0.42+0.047/0.71/0+0.12 ms cpu, 211->219->108 MB, 233 MB goal, 0 MB stacks, 0 MB globals, 20 P
gc 12589 @321.024s 1%: 0.041+1.2+0.056 ms clock, 0.83+0/1.6/0+1.1 ms cpu, 202->202->124 MB, 216 MB goal, 0 MB stacks, 0 MB globals, 20 P
gc 12590 @321.035s 1%: 0.055+3.2+0.008 ms clock, 1.1+0/0.93/0+0.16 ms cpu, 234->241->123 MB, 249 MB goal, 0 MB stacks, 0 MB globals, 20 P
gc 12591 @321.046s 1%: 0.044+2.5+0.069 ms clock, 0.88+0/1.5/0+1.3 ms cpu, 238->255->119 MB, 247 MB goal, 0 MB stacks, 0 MB globals, 20 P
gc 12592 @321.059s 1%: 0.53+0.53+0.005 ms clock, 10+0/0.79/0+0.11 ms cpu, 224->225->99 MB, 239 MB goal, 0 MB stacks, 0 MB globals, 20 P
gc 12593 @321.066s 1%: 0.042+1.2+0.058 ms clock, 0.85+0/1.6/0+1.1 ms cpu, 187->187->124 MB, 199 MB goal, 0 MB stacks, 0 MB globals, 20 P
gc 12594 @321.074s 1%: 0.37+8.9+0.004 ms clock, 7.5+0/9.1/0+0.080 ms cpu, 247->247->125 MB, 249 MB goal, 0 MB stacks, 0 MB globals, 20 P
gc 12595 @321.092s 1%: 0.017+1.7+0.066 ms clock, 0.34+0/1.5/0+1.3 ms cpu, 237->257->135 MB, 251 MB goal, 0 MB stacks, 0 MB globals, 20 P
gc 12596 @321.103s 1%: 0.036+4.7+2.6 ms clock, 0.73+0/0.81/0.002+53 ms cpu, 254->296->163 MB, 270 MB goal, 0 MB stacks, 0 MB globals, 20 P
gc 12597 @321.124s 1%: 0.26+3.9+0.088 ms clock, 5.3+0/1.6/0+1.7 ms cpu, 293->312->137 MB, 327 MB goal, 0 MB stacks, 0 MB globals, 20 P
gc 12598 @321.137s 1%: 0.023+4.5+0.003 ms clock, 0.46+0.23/0.85/0+0.072 ms cpu, 236->271->147 MB, 274 MB goal, 0 MB stacks, 0 MB globals, 20 P
gc 12599 @321.150s 1%: 0.018+2.1+0.007 ms clock, 0.37+0.088/1.6/0+0.15 ms cpu, 258->284->127 MB, 294 MB goal, 0 MB stacks, 0 MB globals, 20 P
gc 12600 @321.161s 1%: 0.020+1.3+1.8 ms clock, 0.41+0/0.90/0.088+37 ms cpu, 218->237->116 MB, 255 MB goal, 0 MB stacks, 0 MB globals, 20 P
gc 12601 @321.168s 1%: 0.059+2.0+0.095 ms clock, 1.1+0/2.6/0+1.9 ms cpu, 200->211->135 MB, 232 MB goal, 0 MB stacks, 0 MB globals, 20 P
gc 12602 @321.180s 1%: 0.28+4.4+0.015 ms clock, 5.6+0/1.5/0+0.31 ms cpu, 248->271->134 MB, 270 MB goal, 0 MB stacks, 0 MB globals, 20 P
gc 12603 @321.192s 1%: 0.052+2.0+0.087 ms clock, 1.0+0/1.7/0+1.7 ms cpu, 240->269->136 MB, 269 MB goal, 0 MB stacks, 0 MB globals, 20 P
gc 12604 @321.207s 1%: 0.34+1.2+0.021 ms clock, 6.9+0/2.0/0+0.42 ms cpu, 254->273->126 MB, 273 MB goal, 0 MB stacks, 0 MB globals, 20 P
gc 12605 @321.217s 1%: 0.74+3.3+0.007 ms clock, 14+0/1.1/0+0.14 ms cpu, 230->254->126 MB, 253 MB goal, 0 MB stacks, 0 MB globals, 20 P
gc 12606 @321.231s 1%: 0.20+1.2+0.76 ms clock, 4.0+0/1.3/0+15 ms cpu, 230->243->111 MB, 253 MB goal, 0 MB stacks, 0 MB globals, 20 P
gc 12607 @321.242s 1%: 0.026+0.71+0.13 ms clock, 0.53+0.068/0.86/0.004+2.7 ms cpu, 200->205->94 MB, 223 MB goal, 0 MB stacks, 0 MB globals, 20 P
gc 12608 @321.248s 1%: 0.063+2.3+0.025 ms clock, 1.2+0/2.2/0+0.50 ms cpu, 173->198->131 MB, 189 MB goal, 0 MB stacks, 0 MB globals, 20 P
gc 12609 @321.260s 1%: 0.51+6.6+2.1 ms clock, 10+0/3.1/0+43 ms cpu, 245->278->137 MB, 263 MB goal, 0 MB stacks, 0 MB globals, 20 P
gc 12610 @321.278s 1%: 0.063+0.55+0.005 ms clock, 1.2+0/1.1/0+0.11 ms cpu, 243->243->102 MB, 274 MB goal, 0 MB stacks, 0 MB globals, 20 P
gc 12611 @321.284s 1%: 0.032+0.28+0.018 ms clock, 0.64+0/0.72/0+0.36 ms cpu, 178->178->135 MB, 205 MB goal, 0 MB stacks, 0 MB globals, 20 P
gc 12612 @321.294s 1%: 0.060+2.9+0.014 ms clock, 1.2+0/3.1/0+0.29 ms cpu, 249->249->119 MB, 270 MB goal, 0 MB stacks, 0 MB globals, 20 P
gc 12613 @321.304s 1%: 0.033+1.9+0.005 ms clock, 0.67+0/0.72/0.005+0.11 ms cpu, 218->226->119 MB, 240 MB goal, 0 MB stacks, 0 MB globals, 20 P
gc 12614 @321.312s 1%: 0.034+0.84+0.024 ms clock, 0.68+0/0.85/0.009+0.49 ms cpu, 210->214->119 MB, 240 MB goal, 0 MB stacks, 0 MB globals, 20 P
gc 12615 @321.320s 1%: 0.039+1.3+0.007 ms clock, 0.79+0/1.5/0+0.14 ms cpu, 212->212->119 MB, 238 MB goal, 0 MB stacks, 0 MB globals, 20 P
gc 12616 @321.328s 1%: 0.041+4.3+0.005 ms clock, 0.83+0/4.6/0+0.11 ms cpu, 216->225->132 MB, 239 MB goal, 0 MB stacks, 0 MB globals, 20 P
gc 12617 @321.343s 1%: 0.029+1.3+0.10 ms clock, 0.59+0/1.2/0+2.0 ms cpu, 235->250->108 MB, 265 MB goal, 0 MB stacks, 0 MB globals, 20 P
gc 12618 @321.349s 1%: 0.021+1.4+0.016 ms clock, 0.42+0/1.6/0+0.32 ms cpu, 192->203->124 MB, 217 MB goal, 0 MB stacks, 0 MB globals, 20 P
gc 12619 @321.362s 1%: 0.042+0.59+0.009 ms clock, 0.84+0/1.0/0+0.19 ms cpu, 234->234->116 MB, 249 MB goal, 0 MB stacks, 0 MB globals, 20 P
gc 12620 @321.372s 1%: 0.020+6.8+0.010 ms clock, 0.40+0.030/0.62/0+0.21 ms cpu, 228->260->142 MB, 234 MB goal, 0 MB stacks, 0 MB globals, 20 P
gc 12621 @321.389s 1%: 0.18+0.56+4.9 ms clock, 3.6+0/0.88/0+98 ms cpu, 253->271->115 MB, 285 MB goal, 0 MB stacks, 0 MB globals, 20 P
gc 12622 @321.400s 1%: 0.89+0.55+0.023 ms clock, 17+0/1.0/0.001+0.46 ms cpu, 200->202->107 MB, 231 MB goal, 0 MB stacks, 0 MB globals, 20 P
gc 12623 @321.406s 1%: 5.3+1.3+3.1 ms clock, 107+0/1.3/0+63 ms cpu, 191->226->157 MB, 215 MB goal, 0 MB stacks, 0 MB globals, 20 P
gc 12624 @321.434s 1%: 0.050+3.9+0.009 ms clock, 1.0+0/4.2/0+0.18 ms cpu, 292->292->132 MB, 315 MB goal, 0 MB stacks, 0 MB globals, 20 P
gc 12625 @321.446s 1%: 0.077+5.1+0.010 ms clock, 1.5+0/3.4/0.006+0.20 ms cpu, 232->270->152 MB, 265 MB goal, 0 MB stacks, 0 MB globals, 20 P
gc 12626 @321.461s 1%: 0.26+1.9+0.004 ms clock, 5.3+0/2.1/0+0.087 ms cpu, 268->288->136 MB, 305 MB goal, 0 MB stacks, 0 MB globals, 20 P
gc 12627 @321.473s 1%: 0.63+1.4+0.66 ms clock, 12+0/1.3/0+13 ms cpu, 238->261->133 MB, 273 MB goal, 0 MB stacks, 0 MB globals, 20 P
gc 12628 @321.484s 1%: 1.3+0.56+0.94 ms clock, 26+0/1.1/0+18 ms cpu, 229->239->103 MB, 266 MB goal, 0 MB stacks, 0 MB globals, 20 P
gc 12629 @321.491s 1%: 0.042+1.1+0.11 ms clock, 0.84+0/1.6/0+2.2 ms cpu, 189->189->121 MB, 208 MB goal, 0 MB stacks, 0 MB globals, 20 P
gc 12630 @321.505s 1%: 0.078+3.3+2.8 ms clock, 1.5+0/1.1/0+56 ms cpu, 216->240->126 MB, 244 MB goal, 0 MB stacks, 0 MB globals, 20 P
gc 12631 @321.520s 1%: 0.049+0.66+0.008 ms clock, 0.99+0/1.3/0+0.17 ms cpu, 219->219->119 MB, 253 MB goal, 0 MB stacks, 0 MB globals, 20 P
gc 12632 @321.528s 1%: 0.040+1.4+0.005 ms clock, 0.81+0/1.7/0.011+0.11 ms cpu, 210->216->107 MB, 239 MB goal, 0 MB stacks, 0 MB globals, 20 P
gc 12633 @321.536s 1%: 0.035+0.39+0.017 ms clock, 0.71+0.039/0.70/0+0.35 ms cpu, 191->191->122 MB, 214 MB goal, 0 MB stacks, 0 MB globals, 20 P
gc 12634 @321.544s 1%: 2.3+8.7+0.048 ms clock, 46+0/4.3/0+0.96 ms cpu, 223->259->144 MB, 245 MB goal, 0 MB stacks, 0 MB globals, 20 P
gc 12635 @321.567s 1%: 0.068+4.4+0.004 ms clock, 1.3+0/4.8/0+0.089 ms cpu, 269->273->123 MB, 289 MB goal, 0 MB stacks, 0 MB globals, 20 P
gc 12636 @321.577s 1%: 0.043+1.4+0.074 ms clock, 0.86+0/1.8/0+1.4 ms cpu, 215->227->135 MB, 248 MB goal, 0 MB stacks, 0 MB globals, 20 P
gc 12637 @321.588s 1%: 0.058+1.3+0.012 ms clock, 1.1+0/1.7/0+0.25 ms cpu, 241->241->118 MB, 271 MB goal, 0 MB stacks, 0 MB globals, 20 P
gc 12638 @321.597s 1%: 0.022+1.3+0.005 ms clock, 0.44+0.12/1.5/0+0.10 ms cpu, 210->213->100 MB, 236 MB goal, 0 MB stacks, 0 MB globals, 20 P
gc 12639 @321.604s 1%: 0.039+2.2+0.084 ms clock, 0.79+0/2.5/0+1.6 ms cpu, 184->202->141 MB, 202 MB goal, 0 MB stacks, 0 MB globals, 20 P
gc 12640 @321.619s 1%: 0.80+3.6+2.8 ms clock, 16+0/1.8/0.016+56 ms cpu, 250->269->115 MB, 283 MB goal, 0 MB stacks, 0 MB globals, 20 P
gc 12641 @321.636s 1%: 0.023+4.8+0.004 ms clock, 0.46+0/4.9/0+0.083 ms cpu, 226->252->133 MB, 231 MB goal, 0 MB stacks, 0 MB globals, 20 P
gc 12642 @321.651s 1%: 0.040+1.0+0.016 ms clock, 0.80+0/0.82/0+0.32 ms cpu, 248->253->144 MB, 266 MB goal, 0 MB stacks, 0 MB globals, 20 P
gc 12643 @321.663s 1%: 0.58+2.8+0.80 ms clock, 11+0/1.6/0+16 ms cpu, 264->282->131 MB, 288 MB goal, 0 MB stacks, 0 MB globals, 20 P
gc 12644 @321.678s 1%: 0.52+1.8+1.7 ms clock, 10+0/1.7/0+35 ms cpu, 241->261->129 MB, 263 MB goal, 0 MB stacks, 0 MB globals, 20 P
gc 12645 @321.691s 1%: 0.034+1.3+0.24 ms clock, 0.69+0/0.84/0+4.8 ms cpu, 237->250->121 MB, 259 MB goal, 0 MB stacks, 0 MB globals, 20 P
gc 12646 @321.699s 1%: 0.10+0.57+0.11 ms clock, 2.0+0/1.0/0.001+2.2 ms cpu, 223->223->146 MB, 243 MB goal, 0 MB stacks, 0 MB globals, 20 P
gc 12647 @321.716s 1%: 0.99+0.45+0.18 ms clock, 19+0/0.75/0+3.7 ms cpu, 282->293->146 MB, 292 MB goal, 0 MB stacks, 0 MB globals, 20 P
gc 12648 @321.731s 1%: 0.053+1.2+0.010 ms clock, 1.0+0/1.8/0+0.20 ms cpu, 282->282->124 MB, 292 MB goal, 0 MB stacks, 0 MB globals, 20 P
gc 12649 @321.743s 1%: 0.036+0.48+0.012 ms clock, 0.73+0/0.90/0+0.25 ms cpu, 229->229->115 MB, 249 MB goal, 0 MB stacks, 0 MB globals, 20 P
gc 12650 @321.752s 1%: 0.019+1.3+0.99 ms clock, 0.38+0/1.6/0.003+19 ms cpu, 219->235->114 MB, 232 MB goal, 0 MB stacks, 0 MB globals, 20 P
gc 12651 @321.761s 1%: 0.036+1.2+0.37 ms clock, 0.72+0/1.6/0.009+7.5 ms cpu, 215->220->121 MB, 228 MB goal, 0 MB stacks, 0 MB globals, 20 P
gc 12652 @321.773s 1%: 0.019+4.7+0.005 ms clock, 0.38+0.18/0.69/0+0.10 ms cpu, 226->242->116 MB, 242 MB goal, 0 MB stacks, 0 MB globals, 20 P
gc 12653 @321.788s 1%: 0.24+0.47+1.8 ms clock, 4.8+0.036/0.62/0+36 ms cpu, 215->223->100 MB, 232 MB goal, 0 MB stacks, 0 MB globals, 20 P
gc 12654 @321.795s 1%: 0.047+1.0+0.009 ms clock, 0.94+0/1.3/0+0.19 ms cpu, 191->191->121 MB, 201 MB goal, 0 MB stacks, 0 MB globals, 20 P
gc 12655 @321.806s 1%: 0.31+8.0+0.58 ms clock, 6.3+0/3.3/0+11 ms cpu, 227->258->135 MB, 243 MB goal, 0 MB stacks, 0 MB globals, 20 P
gc 12656 @321.824s 1%: 0.022+0.74+0.061 ms clock, 0.45+0.69/0.71/0+1.2 ms cpu, 242->242->102 MB, 271 MB goal, 0 MB stacks, 0 MB globals, 20 P
gc 12657 @321.828s 1%: 0.043+0.38+0.086 ms clock, 0.86+0/0.65/0+1.7 ms cpu, 177->177->135 MB, 205 MB goal, 0 MB stacks, 0 MB globals, 20 P
gc 12658 @321.838s 1%: 0.16+10+0.018 ms clock, 3.3+0/4.2/0+0.37 ms cpu, 248->271->134 MB, 270 MB goal, 0 MB stacks, 0 MB globals, 20 P
gc 12659 @321.859s 1%: 0.90+1.2+0.005 ms clock, 18+0/1.8/0+0.11 ms cpu, 240->248->115 MB, 269 MB goal, 0 MB stacks, 0 MB globals, 20 P
gc 12660 @321.875s 1%: 0.39+1.0+0.006 ms clock, 7.9+0/1.3/0.028+0.12 ms cpu, 202->212->107 MB, 231 MB goal, 0 MB stacks, 0 MB globals, 20 P
gc 12661 @321.882s 1%: 0.047+1.7+0.013 ms clock, 0.95+0/2.5/0.14+0.27 ms cpu, 191->191->124 MB, 214 MB goal, 0 MB stacks, 0 MB globals, 20 P
gc 12662 @321.899s 1%: 0.43+4.9+0.10 ms clock, 8.6+0/5.2/0.45+2.0 ms cpu, 218->234->121 MB, 248 MB goal, 0 MB stacks, 0 MB globals, 20 P
gc 12663 @321.916s 1%: 0.040+1.2+0.005 ms clock, 0.81+0/1.8/0+0.10 ms cpu, 219->219->121 MB, 242 MB goal, 0 MB stacks, 0 MB globals, 20 P
gc 12664 @321.925s 1%: 0.052+0.45+0.12 ms clock, 1.0+0/0.82/0+2.5 ms cpu, 220->223->114 MB, 243 MB goal, 0 MB stacks, 0 MB globals, 20 P
gc 12665 @321.935s 1%: 0.052+1.5+0.005 ms clock, 1.0+0.068/0.79/0+0.11 ms cpu, 217->221->103 MB, 229 MB goal, 0 MB stacks, 0 MB globals, 20 P
gc 12666 @321.943s 1%: 0.044+1.1+0.007 ms clock, 0.88+0/1.6/0+0.14 ms cpu, 202->202->124 MB, 207 MB goal, 0 MB stacks, 0 MB globals, 20 P
gc 12667 @321.949s 1%: 8.5+1.1+0.082 ms clock, 170+0/1.5/0+1.6 ms cpu, 234->256->144 MB, 248 MB goal, 0 MB stacks, 0 MB globals, 20 P
gc 12668 @321.975s 1%: 0.036+0.57+0.012 ms clock, 0.73+0/0.95/0+0.24 ms cpu, 267->267->127 MB, 289 MB goal, 0 MB stacks, 0 MB globals, 20 P
gc 12669 @321.984s 1%: 0.10+1.5+0.004 ms clock, 2.1+0/1.7/0+0.080 ms cpu, 234->239->115 MB, 255 MB goal, 0 MB stacks, 0 MB globals, 20 P
gc 12670 @321.997s 1%: 0.053+0.96+0.057 ms clock, 1.0+0/1.3/0+1.1 ms cpu, 210->213->127 MB, 231 MB goal, 0 MB stacks, 0 MB globals, 20 P
gc 12671 @322.013s 1%: 0.59+0.54+0.009 ms clock, 11+0/1.2/0+0.18 ms cpu, 233->234->108 MB, 255 MB goal, 0 MB stacks, 0 MB globals, 20 P
gc 12672 @322.021s 1%: 0.096+0.47+0.023 ms clock, 1.9+0.19/0.68/0.006+0.47 ms cpu, 198->209->146 MB, 217 MB goal, 0 MB stacks, 0 MB globals, 20 P
gc 12673 @322.038s 1%: 1.5+5.8+0.056 ms clock, 30+0/6.1/0+1.1 ms cpu, 271->293->146 MB, 292 MB goal, 0 MB stacks, 0 MB globals, 20 P
gc 12674 @322.061s 1%: 0.068+2.5+0.098 ms clock, 1.3+0/2.8/0+1.9 ms cpu, 282->293->135 MB, 292 MB goal, 0 MB stacks, 0 MB globals, 20 P
gc 12675 @322.077s 1%: 0.051+4.0+0.009 ms clock, 1.0+0/0.97/0+0.19 ms cpu, 250->281->127 MB, 270 MB goal, 0 MB stacks, 0 MB globals, 20 P
gc 12676 @322.090s 1%: 0.10+0.81+0.075 ms clock, 2.1+0/0.66/0+1.5 ms cpu, 225->235->102 MB, 254 MB goal, 0 MB stacks, 0 MB globals, 20 P
gc 12677 @322.095s 1%: 0.019+1.6+0.003 ms clock, 0.39+0.32/1.7/0+0.066 ms cpu, 182->195->123 MB, 204 MB goal, 0 MB stacks, 0 MB globals, 20 P
gc 12678 @322.104s 1%: 0.054+0.44+0.088 ms clock, 1.0+0/0.86/0+1.7 ms cpu, 227->229->139 MB, 247 MB goal, 0 MB stacks, 0 MB globals, 20 P
gc 12679 @322.117s 1%: 0.17+1.6+0.005 ms clock, 3.5+0/1.0/0.019+0.10 ms cpu, 252->266->122 MB, 279 MB goal, 0 MB stacks, 0 MB globals, 20 P
gc 12680 @322.127s 1%: 0.060+1.0+0.009 ms clock, 1.2+0/0.98/0.020+0.19 ms cpu, 216->218->128 MB, 246 MB goal, 0 MB stacks, 0 MB globals, 20 P
gc 12681 @322.137s 1%: 0.041+3.7+0.009 ms clock, 0.83+0/3.9/0+0.18 ms cpu, 252->255->138 MB, 257 MB goal, 0 MB stacks, 0 MB globals, 20 P
gc 12682 @322.152s 1%: 0.036+3.8+0.003 ms clock, 0.72+0/4.0/0+0.078 ms cpu, 270->273->136 MB, 278 MB goal, 0 MB stacks, 0 MB globals, 20 P
gc 12683 @322.167s 1%: 0.20+0.72+0.073 ms clock, 4.0+0/0.77/0+1.4 ms cpu, 260->267->113 MB, 273 MB goal, 0 MB stacks, 0 MB globals, 20 P
gc 12684 @322.175s 1%: 0.039+0.52+0.19 ms clock, 0.78+0/0.70/0+3.8 ms cpu, 224->224->147 MB, 227 MB goal, 0 MB stacks, 0 MB globals, 20 P
gc 12685 @322.187s 1%: 0.044+3.6+0.015 ms clock, 0.89+0/3.9/0+0.30 ms cpu, 284->284->125 MB, 295 MB goal, 0 MB stacks, 0 MB globals, 20 P
gc 12686 @322.201s 1%: 0.040+0.54+0.037 ms clock, 0.80+0/1.0/0.012+0.74 ms cpu, 242->242->118 MB, 251 MB goal, 0 MB stacks, 0 MB globals, 20 P
gc 12687 @322.211s 1%: 0.45+5.1+0.050 ms clock, 9.0+0/5.2/0+1.0 ms cpu, 233->246->116 MB, 236 MB goal, 0 MB stacks, 0 MB globals, 20 P
gc 12688 @322.232s 1%: 0.020+1.9+0.005 ms clock, 0.40+0/2.0/0+0.11 ms cpu, 227->227->98 MB, 233 MB goal, 0 MB stacks, 0 MB globals, 20 P
gc 12689 @322.246s 1%: 0.019+2.4+0.003 ms clock, 0.38+0/2.5/0+0.079 ms cpu, 184->184->100 MB, 197 MB goal, 0 MB stacks, 0 MB globals, 20 P
gc 12690 @322.268s 1%: 0.019+0.89+0.004 ms clock, 0.39+0/1.0/0+0.092 ms cpu, 188->190->90 MB, 202 MB goal, 0 MB stacks, 0 MB globals, 20 P
gc 12691 @322.280s 1%: 0.020+0.98+0.003 ms clock, 0.40+0/1.3/0+0.076 ms cpu, 169->169->90 MB, 180 MB goal, 0 MB stacks, 0 MB globals, 20 P
gc 12692 @322.298s 1%: 0.020+1.6+0.006 ms clock, 0.40+0/2.1/0+0.12 ms cpu, 170->170->91 MB, 181 MB goal, 0 MB stacks, 0 MB globals, 20 P
gc 12693 @322.315s 1%: 0.024+2.7+0.005 ms clock, 0.49+0/3.6/0.029+0.10 ms cpu, 174->174->93 MB, 183 MB goal, 0 MB stacks, 0 MB globals, 20 P
gc 12694 @322.334s 1%: 0.022+0.61+0.004 ms clock, 0.45+0/1.0/0.025+0.084 ms cpu, 174->174->94 MB, 187 MB goal, 0 MB stacks, 0 MB globals, 20 P
gc 12695 @322.349s 1%: 0.034+1.6+0.006 ms clock, 0.68+0/2.5/0+0.13 ms cpu, 176->176->96 MB, 189 MB goal, 0 MB stacks, 0 MB globals, 20 P
gc 12696 @322.367s 1%: 0.033+5.8+0.008 ms clock, 0.66+0/6.8/0.071+0.17 ms cpu, 180->180->98 MB, 193 MB goal, 0 MB stacks, 0 MB globals, 20 P
gc 12697 @322.391s 1%: 0.022+1.3+0.093 ms clock, 0.45+0/1.5/0+1.8 ms cpu, 184->195->111 MB, 197 MB goal, 0 MB stacks, 0 MB globals, 20 P
gc 12698 @322.416s 1%: 0.019+6.1+0.010 ms clock, 0.39+0/2.9/0.099+0.21 ms cpu, 211->217->99 MB, 224 MB goal, 0 MB stacks, 0 MB globals, 20 P
gc 12699 @322.436s 1%: 0.023+4.6+0.004 ms clock, 0.47+0/5.7/0+0.090 ms cpu, 191->191->98 MB, 200 MB goal, 0 MB stacks, 0 MB globals, 20 P
gc 12700 @322.460s 1%: 0.033+1.8+0.006 ms clock, 0.67+0/2.4/0+0.12 ms cpu, 184->184->100 MB, 196 MB goal, 0 MB stacks, 0 MB globals, 20 P
gc 12701 @322.481s 1%: 0.018+0.55+0.003 ms clock, 0.37+0/0.98/0.005+0.079 ms cpu, 188->189->89 MB, 202 MB goal, 0 MB stacks, 0 MB globals, 20 P
gc 12702 @322.498s 1%: 0.062+0.58+0.30 ms clock, 1.2+0/1.3/0.001+6.1 ms cpu, 167->171->93 MB, 179 MB goal, 0 MB stacks, 0 MB globals, 20 P
gc 12703 @322.506s 1%: 3.1+2.0+0.009 ms clock, 63+0/3.2/0.18+0.18 ms cpu, 184->184->109 MB, 187 MB goal, 0 MB stacks, 0 MB globals, 20 P
gc 12704 @322.532s 1%: 3.2+8.3+1.2 ms clock, 64+0/5.4/0+24 ms cpu, 211->233->122 MB, 218 MB goal, 0 MB stacks, 0 MB globals, 20 P
gc 12705 @322.552s 1%: 0.098+0.41+0.083 ms clock, 1.9+0/0.69/0.010+1.6 ms cpu, 226->226->146 MB, 245 MB goal, 0 MB stacks, 0 MB globals, 20 P
gc 12706 @322.568s 1%: 0.065+4.9+1.1 ms clock, 1.3+0/1.3/0+23 ms cpu, 273->296->124 MB, 293 MB goal, 0 MB stacks, 0 MB globals, 20 P
gc 12707 @322.585s 1%: 0.53+0.47+0.37 ms clock, 10+0/1.0/0.004+7.4 ms cpu, 226->234->104 MB, 248 MB goal, 0 MB stacks, 0 MB globals, 20 P
gc 12708 @322.592s 1%: 0.050+2.0+0.008 ms clock, 1.0+0/2.3/0+0.17 ms cpu, 202->202->126 MB, 209 MB goal, 0 MB stacks, 0 MB globals, 20 P
gc 12709 @322.605s 1%: 0.18+7.4+0.006 ms clock, 3.7+0/4.2/0+0.13 ms cpu, 240->250->121 MB, 254 MB goal, 0 MB stacks, 0 MB globals, 20 P
gc 12710 @322.622s 1%: 0.27+1.8+0.74 ms clock, 5.4+0/1.4/0+14 ms cpu, 228->246->123 MB, 243 MB goal, 0 MB stacks, 0 MB globals, 20 P
gc 12711 @322.634s 1%: 0.31+3.1+0.85 ms clock, 6.2+0/1.1/0+17 ms cpu, 226->269->142 MB, 247 MB goal, 0 MB stacks, 0 MB globals, 20 P
gc 12712 @322.648s 1%: 0.018+0.89+0.004 ms clock, 0.37+0.069/0.82/0.001+0.087 ms cpu, 243->246->109 MB, 285 MB goal, 0 MB stacks, 0 MB globals, 20 P
gc 12713 @322.653s 1%: 0.036+1.2+0.089 ms clock, 0.72+0/1.6/0+1.7 ms cpu, 187->187->124 MB, 218 MB goal, 0 MB stacks, 0 MB globals, 20 P
gc 12714 @322.666s 1%: 3.1+7.7+3.1 ms clock, 62+0/4.5/0.001+62 ms cpu, 212->251->142 MB, 249 MB goal, 0 MB stacks, 0 MB globals, 20 P
gc 12715 @322.688s 1%: 0.71+5.4+0.49 ms clock, 14+0/0.84/0+9.9 ms cpu, 243->281->138 MB, 285 MB goal, 0 MB stacks, 0 MB globals, 20 P
gc 12716 @322.703s 1%: 0.039+0.60+0.008 ms clock, 0.78+0/1.1/0.001+0.16 ms cpu, 242->242->126 MB, 278 MB goal, 0 MB stacks, 0 MB globals, 20 P
gc 12717 @322.710s 1%: 0.087+0.96+2.3 ms clock, 1.7+0/1.0/0+47 ms cpu, 219->227->138 MB, 254 MB goal, 0 MB stacks, 0 MB globals, 20 P
gc 12718 @322.726s 1%: 1.2+3.6+0.22 ms clock, 25+0/1.7/0.12+4.5 ms cpu, 236->266->139 MB, 276 MB goal, 0 MB stacks, 0 MB globals, 20 P
gc 12719 @322.740s 1%: 0.95+0.45+0.003 ms clock, 19+0.097/0.71/0.022+0.078 ms cpu, 241->242->119 MB, 278 MB goal, 0 MB stacks, 0 MB globals, 20 P
gc 12720 @322.749s 1%: 0.031+0.42+0.027 ms clock, 0.62+0.035/0.67/0+0.55 ms cpu, 217->218->133 MB, 239 MB goal, 0 MB stacks, 0 MB globals, 20 P
gc 12721 @322.758s 1%: 0.051+1.1+0.059 ms clock, 1.0+0/0.88/0.004+1.1 ms cpu, 246->251->146 MB, 268 MB goal, 0 MB stacks, 0 MB globals, 20 P
gc 12722 @322.773s 1%: 0.12+0.71+0.003 ms clock, 2.4+0/1.2/0+0.068 ms cpu, 267->267->126 MB, 292 MB goal, 0 MB stacks, 0 MB globals, 20 P
gc 12723 @322.782s 1%: 0.048+0.46+0.040 ms clock, 0.97+0.030/0.79/0+0.80 ms cpu, 222->225->142 MB, 252 MB goal, 0 MB stacks, 0 MB globals, 20 P
gc 12724 @322.793s 1%: 0.041+0.96+0.003 ms clock, 0.83+0/1.3/0+0.064 ms cpu, 262->262->143 MB, 284 MB goal, 0 MB stacks, 0 MB globals, 20 P
gc 12725 @322.809s 1%: 0.095+0.95+0.081 ms clock, 1.9+0/1.3/0+1.6 ms cpu, 297->297->139 MB, 297 MB goal, 0 MB stacks, 0 MB globals, 20 P
gc 12726 @322.822s 1%: 0.029+4.6+0.020 ms clock, 0.59+0.085/0.76/0+0.40 ms cpu, 276->310->162 MB, 278 MB goal, 0 MB stacks, 0 MB globals, 20 P
gc 12727 @322.838s 1%: 0.043+1.2+0.013 ms clock, 0.87+0/1.4/0.005+0.27 ms cpu, 292->292->144 MB, 326 MB goal, 0 MB stacks, 0 MB globals, 20 P
gc 12728 @322.848s 1%: 0.11+2.9+0.021 ms clock, 2.2+0/2.4/0+0.43 ms cpu, 257->279->143 MB, 289 MB goal, 0 MB stacks, 0 MB globals, 20 P
gc 12729 @322.860s 1%: 0.048+0.66+0.073 ms clock, 0.96+0/1.0/0+1.4 ms cpu, 254->254->140 MB, 288 MB goal, 0 MB stacks, 0 MB globals, 20 P
gc 12730 @322.874s 1%: 0.050+3.8+6.5 ms clock, 1.0+0/4.0/0+131 ms cpu, 251->278->146 MB, 281 MB goal, 0 MB stacks, 0 MB globals, 20 P
gc 12731 @322.896s 1%: 0.13+6.3+0.005 ms clock, 2.6+0/4.4/0+0.10 ms cpu, 259->295->149 MB, 292 MB goal, 0 MB stacks, 0 MB globals, 20 P
gc 12732 @322.913s 1%: 0.017+0.52+0.019 ms clock, 0.35+0.089/1.0/0+0.38 ms cpu, 266->267->113 MB, 298 MB goal, 0 MB stacks, 0 MB globals, 20 P
gc 12733 @322.919s 1%: 0.11+1.7+0.005 ms clock, 2.2+0/2.2/0+0.11 ms cpu, 205->215->141 MB, 227 MB goal, 0 MB stacks, 0 MB globals, 20 P
gc 12734 @322.929s 1%: 0.51+0.44+0.005 ms clock, 10+0/0.72/0+0.10 ms cpu, 246->249->118 MB, 282 MB goal, 0 MB stacks, 0 MB globals, 20 P
gc 12735 @322.935s 1%: 0.036+1.8+0.043 ms clock, 0.73+0/2.3/0+0.87 ms cpu, 221->231->159 MB, 238 MB goal, 0 MB stacks, 0 MB globals, 20 P
gc 12736 @322.947s 1%: 4.3+12+0.015 ms clock, 87+0/7.0/0+0.30 ms cpu, 285->329->175 MB, 319 MB goal, 0 MB stacks, 0 MB globals, 20 P
gc 12737 @322.976s 1%: 0.041+0.82+0.024 ms clock, 0.82+0/1.1/0+0.49 ms cpu, 314->314->142 MB, 351 MB goal, 0 MB stacks, 0 MB globals, 20 P
gc 12738 @322.985s 1%: 0.037+0.78+0.087 ms clock, 0.75+0/1.3/0+1.7 ms cpu, 243->243->144 MB, 285 MB goal, 0 MB stacks, 0 MB globals, 20 P
gc 12739 @322.994s 1%: 0.050+1.1+0.085 ms clock, 1.0+0/1.8/0+1.7 ms cpu, 246->246->146 MB, 288 MB goal, 0 MB stacks, 0 MB globals, 20 P
gc 12740 @323.004s 1%: 0.075+1.5+0.004 ms clock, 1.5+0/2.0/0+0.097 ms cpu, 251->259->128 MB, 292 MB goal, 0 MB stacks, 0 MB globals, 20 P
gc 12741 @323.015s 1%: 0.13+5.4+5.6 ms clock, 2.6+0.011/5.2/0+112 ms cpu, 229->261->155 MB, 257 MB goal, 0 MB stacks, 0 MB globals, 20 P
gc 12742 @323.038s 1%: 0.021+1.9+3.0 ms clock, 0.42+0.20/0.76/0+61 ms cpu, 267->293->141 MB, 311 MB goal, 0 MB stacks, 0 MB globals, 20 P
gc 12743 @323.049s 1%: 0.041+1.5+0.009 ms clock, 0.83+0/2.5/0+0.19 ms cpu, 249->249->155 MB, 284 MB goal, 0 MB stacks, 0 MB globals, 20 P
gc 12744 @323.061s 1%: 0.53+6.8+1.2 ms clock, 10+0/1.7/0+25 ms cpu, 272->310->171 MB, 310 MB goal, 0 MB stacks, 0 MB globals, 20 P
gc 12745 @323.084s 1%: 0.020+7.7+3.1 ms clock, 0.41+0.19/1.9/0.050+62 ms cpu, 303->356->183 MB, 343 MB goal, 0 MB stacks, 0 MB globals, 20 P
gc 12746 @323.107s 1%: 0.70+1.7+0.47 ms clock, 14+0/1.3/0+9.5 ms cpu, 318->341->154 MB, 368 MB goal, 0 MB stacks, 0 MB globals, 20 P
gc 12747 @323.120s 1%: 0.042+2.1+0.27 ms clock, 0.85+0/1.5/0+5.4 ms cpu, 263->291->154 MB, 309 MB goal, 0 MB stacks, 0 MB globals, 20 P
gc 12748 @323.135s 1%: 0.27+1.6+0.56 ms clock, 5.4+0/1.3/0.009+11 ms cpu, 268->295->149 MB, 309 MB goal, 0 MB stacks, 0 MB globals, 20 P
gc 12749 @323.147s 1%: 0.020+1.2+0.40 ms clock, 0.40+0/0.92/0+8.0 ms cpu, 260->273->135 MB, 299 MB goal, 0 MB stacks, 0 MB globals, 20 P
gc 12750 @323.155s 1%: 0.048+0.40+0.024 ms clock, 0.96+0.18/0.52/0+0.49 ms cpu, 241->254->165 MB, 271 MB goal, 0 MB stacks, 0 MB globals, 20 P
gc 12751 @323.171s 1%: 0.21+0.37+0.077 ms clock, 4.3+0.13/0.65/0+1.5 ms cpu, 303->315->156 MB, 330 MB goal, 0 MB stacks, 0 MB globals, 20 P
gc 12752 @323.184s 1%: 0.047+1.1+0.74 ms clock, 0.95+0/1.3/0+14 ms cpu, 288->298->151 MB, 314 MB goal, 0 MB stacks, 0 MB globals, 20 P
gc 12753 @323.198s 1%: 0.047+2.7+0.003 ms clock, 0.94+0/2.9/0.012+0.069 ms cpu, 281->281->131 MB, 304 MB goal, 0 MB stacks, 0 MB globals, 20 P
gc 12754 @323.211s 1%: 0.092+1.3+0.006 ms clock, 1.8+0/1.9/0+0.12 ms cpu, 253->261->119 MB, 262 MB goal, 0 MB stacks, 0 MB globals, 20 P
gc 12755 @323.221s 1%: 1.5+0.72+0.17 ms clock, 31+0/0.82/0+3.5 ms cpu, 225->243->135 MB, 238 MB goal, 0 MB stacks, 0 MB globals, 20 P
gc 12756 @323.237s 1%: 2.2+1.1+0.98 ms clock, 45+0.032/0.79/0.018+19 ms cpu, 252->265->122 MB, 270 MB goal, 0 MB stacks, 0 MB globals, 20 P
gc 12757 @323.248s 1%: 0.044+1.3+0.064 ms clock, 0.88+0/1.8/0+1.2 ms cpu, 229->229->145 MB, 245 MB goal, 0 MB stacks, 0 MB globals, 20 P
gc 12758 @323.260s 1%: 2.6+11+5.1 ms clock, 52+0/5.2/0.016+103 ms cpu, 278->332->181 MB, 291 MB goal, 0 MB stacks, 0 MB globals, 20 P
gc 12759 @323.291s 1%: 0.043+8.0+0.030 ms clock, 0.87+0.16/1.3/0.003+0.61 ms cpu, 311->364->185 MB, 362 MB goal, 0 MB stacks, 0 MB globals, 20 P
gc 12760 @323.313s 1%: 0.040+0.62+0.014 ms clock, 0.81+0/1.1/0.010+0.29 ms cpu, 321->321->146 MB, 371 MB goal, 0 MB stacks, 0 MB globals, 20 P
gc 12761 @323.324s 1%: 0.028+1.2+0.017 ms clock, 0.56+0/1.4/0.051+0.35 ms cpu, 257->257->120 MB, 293 MB goal, 0 MB stacks, 0 MB globals, 20 P
gc 12762 @323.331s 1%: 0.019+3.3+0.006 ms clock, 0.38+0.18/3.3/0.039+0.13 ms cpu, 219->243->164 MB, 241 MB goal, 0 MB stacks, 0 MB globals, 20 P
gc 12763 @323.346s 1%: 0.59+1.2+0.006 ms clock, 11+0/1.8/0+0.12 ms cpu, 285->290->137 MB, 330 MB goal, 0 MB stacks, 0 MB globals, 20 P
gc 12764 @323.357s 1%: 0.12+0.32+0.22 ms clock, 2.4+0/0.85/0+4.4 ms cpu, 234->241->124 MB, 274 MB goal, 0 MB stacks, 0 MB globals, 20 P
gc 12765 @323.363s 1%: 0.27+2.0+0.013 ms clock, 5.4+0/2.9/0+0.27 ms cpu, 215->227->149 MB, 248 MB goal, 0 MB stacks, 0 MB globals, 20 P
gc 12766 @323.377s 1%: 3.0+8.2+0.009 ms clock, 60+0/1.2/0.055+0.19 ms cpu, 273->320->175 MB, 298 MB goal, 0 MB stacks, 0 MB globals, 20 P
gc 12767 @323.399s 1%: 0.36+5.0+0.003 ms clock, 7.3+0/5.4/0+0.075 ms cpu, 311->324->143 MB, 351 MB goal, 0 MB stacks, 0 MB globals, 20 P
gc 12768 @323.414s 1%: 0.039+1.2+0.004 ms clock, 0.79+0/1.4/0+0.096 ms cpu, 246->246->139 MB, 288 MB goal, 0 MB stacks, 0 MB globals, 20 P
gc 12769 @323.424s 1%: 0.11+2.1+0.025 ms clock, 2.2+0/2.1/0+0.51 ms cpu, 253->272->137 MB, 279 MB goal, 0 MB stacks, 0 MB globals, 20 P
gc 12770 @323.435s 1%: 0.076+1.2+0.015 ms clock, 1.5+0/1.4/0+0.31 ms cpu, 235->239->140 MB, 274 MB goal, 0 MB stacks, 0 MB globals, 20 P
gc 12771 @323.444s 1%: 0.045+2.3+0.008 ms clock, 0.90+0/2.6/0+0.16 ms cpu, 252->252->141 MB, 281 MB goal, 0 MB stacks, 0 MB globals, 20 P
gc 12772 @323.457s 1%: 0.030+0.94+0.007 ms clock, 0.60+0/1.5/0+0.15 ms cpu, 244->244->145 MB, 282 MB goal, 0 MB stacks, 0 MB globals, 20 P
gc 12773 @323.467s 1%: 0.60+0.50+0.016 ms clock, 12+0/1.0/0+0.32 ms cpu, 248->248->122 MB, 291 MB goal, 0 MB stacks, 0 MB globals, 20 P
gc 12774 @323.474s 1%: 0.051+3.4+0.17 ms clock, 1.0+0/0.72/0+3.5 ms cpu, 217->249->172 MB, 244 MB goal, 0 MB stacks, 0 MB globals, 20 P
gc 12775 @323.495s 1%: 0.76+3.7+3.6 ms clock, 15+0/3.1/0.050+73 ms cpu, 299->330->155 MB, 345 MB goal, 0 MB stacks, 0 MB globals, 20 P
gc 12776 @323.514s 1%: 0.64+3.1+1.4 ms clock, 12+0/0.91/0.036+29 ms cpu, 279->307->148 MB, 311 MB goal, 0 MB stacks, 0 MB globals, 20 P
gc 12777 @323.528s 1%: 0.17+3.5+0.92 ms clock, 3.5+0/1.5/0+18 ms cpu, 272->292->136 MB, 297 MB goal, 0 MB stacks, 0 MB globals, 20 P
gc 12778 @323.541s 1%: 0.11+0.76+0.022 ms clock, 2.2+0/1.1/0+0.45 ms cpu, 245->247->136 MB, 273 MB goal, 0 MB stacks, 0 MB globals, 20 P
gc 12779 @323.553s 1%: 0.10+2.3+0.006 ms clock, 2.1+0.10/0.92/0.017+0.13 ms cpu, 242->251->124 MB, 272 MB goal, 0 MB stacks, 0 MB globals, 20 P
gc 12780 @323.563s 1%: 4.9+0.41+0.013 ms clock, 99+0/0.77/0+0.26 ms cpu, 226->226->140 MB, 249 MB goal, 0 MB stacks, 0 MB globals, 20 P
gc 12781 @323.581s 1%: 1.2+3.3+4.2 ms clock, 24+0/2.0/0+85 ms cpu, 253->278->145 MB, 280 MB goal, 0 MB stacks, 0 MB globals, 20 P
gc 12782 @323.601s 1%: 0.11+2.1+1.3 ms clock, 2.3+0/2.1/0+27 ms cpu, 275->299->139 MB, 291 MB goal, 0 MB stacks, 0 MB globals, 20 P
gc 12783 @323.614s 1%: 0.039+0.60+0.015 ms clock, 0.79+0/1.1/0+0.30 ms cpu, 255->255->135 MB, 280 MB goal, 0 MB stacks, 0 MB globals, 20 P
gc 12784 @323.624s 1%: 0.046+1.1+0.057 ms clock, 0.93+0/1.8/0+1.1 ms cpu, 251->265->144 MB, 272 MB goal, 0 MB stacks, 0 MB globals, 20 P
gc 12785 @323.640s 1%: 0.41+6.7+3.3 ms clock, 8.2+0/1.2/0+67 ms cpu, 269->316->169 MB, 290 MB goal, 0 MB stacks, 0 MB globals, 20 P
gc 12786 @323.661s 1%: 0.017+1.5+0.004 ms clock, 0.35+0/1.8/0+0.091 ms cpu, 301->308->137 MB, 339 MB goal, 0 MB stacks, 0 MB globals, 20 P
gc 12787 @323.673s 1%: 0.019+0.41+0.061 ms clock, 0.38+0/0.79/0+1.2 ms cpu, 234->238->117 MB, 274 MB goal, 0 MB stacks, 0 MB globals, 20 P
gc 12788 @323.678s 1%: 0.97+8.5+4.3 ms clock, 19+0/1.8/0.024+86 ms cpu, 207->263->188 MB, 235 MB goal, 0 MB stacks, 0 MB globals, 20 P
gc 12789 @323.710s 1%: 2.0+9.2+0.092 ms clock, 40+0/8.0/0.057+1.8 ms cpu, 335->372->173 MB, 377 MB goal, 0 MB stacks, 0 MB globals, 20 P
gc 12790 @323.734s 1%: 0.11+5.0+0.028 ms clock, 2.3+0/1.5/0+0.57 ms cpu, 303->358->188 MB, 346 MB goal, 0 MB stacks, 0 MB globals, 20 P
gc 12791 @323.752s 1%: 0.58+0.77+1.0 ms clock, 11+0/1.2/0+21 ms cpu, 321->337->149 MB, 377 MB goal, 0 MB stacks, 0 MB globals, 20 P
gc 12792 @323.765s 1%: 0.075+1.0+0.007 ms clock, 1.5+0/1.1/0.049+0.14 ms cpu, 257->268->132 MB, 300 MB goal, 0 MB stacks, 0 MB globals, 20 P
gc 12793 @323.772s 1%: 0.71+5.9+0.018 ms clock, 14+0/6.6/0+0.36 ms cpu, 236->254->162 MB, 264 MB goal, 0 MB stacks, 0 MB globals, 20 P
gc 12794 @323.790s 1%: 0.054+0.94+0.014 ms clock, 1.0+0/1.9/0.45+0.28 ms cpu, 280->280->144 MB, 324 MB goal, 0 MB stacks, 0 MB globals, 20 P
gc 12795 @323.806s 1%: 0.021+1.7+0.010 ms clock, 0.43+0.18/0.98/0.10+0.20 ms cpu, 248->271->146 MB, 290 MB goal, 0 MB stacks, 0 MB globals, 20 P
gc 12796 @323.816s 1%: 0.034+0.74+0.003 ms clock, 0.69+0.061/0.75/0+0.074 ms cpu, 254->256->126 MB, 293 MB goal, 0 MB stacks, 0 MB globals, 20 P
gc 12797 @323.825s 1%: 0.035+0.51+0.15 ms clock, 0.70+0/0.98/0.006+3.0 ms cpu, 237->241->136 MB, 252 MB goal, 0 MB stacks, 0 MB globals, 20 P
gc 12798 @323.835s 1%: 0.040+0.76+0.008 ms clock, 0.81+0/1.1/0+0.16 ms cpu, 253->253->143 MB, 273 MB goal, 0 MB stacks, 0 MB globals, 20 P
gc 12799 @323.844s 1%: 0.042+1.4+0.013 ms clock, 0.85+0/1.9/0.003+0.27 ms cpu, 265->265->148 MB, 286 MB goal, 0 MB stacks, 0 MB globals, 20 P
gc 12800 @323.855s 1%: 0.022+4.0+0.071 ms clock, 0.44+0.10/4.4/0.048+1.4 ms cpu, 273->285->140 MB, 296 MB goal, 0 MB stacks, 0 MB globals, 20 P
gc 12801 @323.869s 1%: 0.19+5.3+0.061 ms clock, 3.8+0/1.8/0+1.2 ms cpu, 266->287->143 MB, 281 MB goal, 0 MB stacks, 0 MB globals, 20 P
gc 12802 @323.887s 1%: 0.074+2.4+0.005 ms clock, 1.4+0/1.1/0.001+0.11 ms cpu, 283->283->130 MB, 288 MB goal, 0 MB stacks, 0 MB globals, 20 P
gc 12803 @323.902s 1%: 0.084+0.85+0.79 ms clock, 1.6+0.057/1.0/0+15 ms cpu, 239->254->120 MB, 260 MB goal, 0 MB stacks, 0 MB globals, 20 P
gc 12804 @323.914s 1%: 0.057+3.5+0.022 ms clock, 1.1+0.10/0.67/0+0.44 ms cpu, 235->269->161 MB, 240 MB goal, 0 MB stacks, 0 MB globals, 20 P
gc 12805 @323.932s 1%: 1.5+10+2.2 ms clock, 31+0/6.0/0+44 ms cpu, 290->324->147 MB, 323 MB goal, 0 MB stacks, 0 MB globals, 20 P
gc 12806 @323.958s 1%: 0.021+0.64+0.003 ms clock, 0.42+0/1.0/0.084+0.078 ms cpu, 265->265->114 MB, 295 MB goal, 0 MB stacks, 0 MB globals, 20 P
gc 12807 @323.964s 1%: 0.044+0.90+0.032 ms clock, 0.88+0/1.3/0+0.65 ms cpu, 198->198->140 MB, 229 MB goal, 0 MB stacks, 0 MB globals, 20 P
gc 12808 @323.974s 1%: 0.056+7.8+0.22 ms clock, 1.1+0.080/5.7/0+4.4 ms cpu, 250->284->151 MB, 280 MB goal, 0 MB stacks, 0 MB globals, 20 P
gc 12809 @323.990s 1%: 0.036+0.74+0.008 ms clock, 0.72+0/1.3/0+0.16 ms cpu, 276->276->148 MB, 303 MB goal, 0 MB stacks, 0 MB globals, 20 P
gc 12810 @324.000s 1%: 0.59+0.72+0.003 ms clock, 11+0/1.2/0.012+0.074 ms cpu, 266->266->125 MB, 296 MB goal, 0 MB stacks, 0 MB globals, 20 P
gc 12811 @324.011s 1%: 0.078+0.43+0.003 ms clock, 1.5+0.030/0.78/0+0.072 ms cpu, 218->221->111 MB, 250 MB goal, 0 MB stacks, 0 MB globals, 20 P
gc 12812 @324.015s 1%: 0.21+4.1+2.1 ms clock, 4.3+0/2.3/0+42 ms cpu, 198->223->150 MB, 222 MB goal, 0 MB stacks, 0 MB globals, 20 P
gc 12813 @324.035s 1%: 0.35+1.0+0.006 ms clock, 7.0+0/1.4/0+0.13 ms cpu, 270->272->121 MB, 301 MB goal, 0 MB stacks, 0 MB globals, 20 P
gc 12814 @324.042s 1%: 0.018+1.5+0.006 ms clock, 0.36+0/2.0/0+0.13 ms cpu, 211->215->124 MB, 242 MB goal, 0 MB stacks, 0 MB globals, 20 P
gc 12815 @324.053s 1%: 0.63+6.4+3.3 ms clock, 12+0/1.6/0+66 ms cpu, 223->274->174 MB, 249 MB goal, 0 MB stacks, 0 MB globals, 20 P
gc 12816 @324.077s 1%: 0.39+9.1+3.6 ms clock, 7.9+0/4.3/0.001+73 ms cpu, 301->342->166 MB, 349 MB goal, 0 MB stacks, 0 MB globals, 20 P
gc 12817 @324.101s 1%: 0.24+2.2+0.22 ms clock, 4.8+0/1.3/0+4.4 ms cpu, 293->318->152 MB, 333 MB goal, 0 MB stacks, 0 MB globals, 20 P
gc 12818 @324.114s 1%: 0.018+5.2+2.2 ms clock, 0.37+0.077/5.1/0.032+44 ms cpu, 263->293->142 MB, 305 MB goal, 0 MB stacks, 0 MB globals, 20 P
gc 12819 @324.131s 1%: 0.046+0.45+0.23 ms clock, 0.92+0.030/0.83/0+4.7 ms cpu, 243->251->116 MB, 285 MB goal, 0 MB stacks, 0 MB globals, 20 P
gc 12820 @324.137s 1%: 0.021+7.8+0.004 ms clock, 0.43+0.17/2.1/0+0.087 ms cpu, 206->234->157 MB, 233 MB goal, 0 MB stacks, 0 MB globals, 20 P
gc 12821 @324.155s 1%: 0.48+1.5+1.5 ms clock, 9.6+0/1.2/0+30 ms cpu, 280->300->143 MB, 316 MB goal, 0 MB stacks, 0 MB globals, 20 P
gc 12822 @324.171s 1%: 0.022+1.2+0.004 ms clock, 0.45+0/1.7/0+0.096 ms cpu, 268->272->123 MB, 287 MB goal, 0 MB stacks, 0 MB globals, 20 P
gc 12823 @324.181s 1%: 0.042+0.31+0.015 ms clock, 0.85+0/0.89/0+0.30 ms cpu, 228->228->160 MB, 247 MB goal, 0 MB stacks, 0 MB globals, 20 P
gc 12824 @324.195s 1%: 1.1+0.38+0.008 ms clock, 22+0/0.69/0.001+0.17 ms cpu, 303->303->145 MB, 321 MB goal, 0 MB stacks, 0 MB globals, 20 P
gc 12825 @324.207s 1%: 0.021+2.1+0.22 ms clock, 0.43+0.24/1.0/0+4.5 ms cpu, 269->294->149 MB, 290 MB goal, 0 MB stacks, 0 MB globals, 20 P
gc 12826 @324.222s 1%: 0.18+0.62+0.006 ms clock, 3.6+0/1.1/0+0.12 ms cpu, 272->272->117 MB, 299 MB goal, 0 MB stacks, 0 MB globals, 20 P
gc 12827 @324.227s 1%: 0.020+3.2+0.13 ms clock, 0.40+0/1.9/0+2.7 ms cpu, 210->224->162 MB, 235 MB goal, 0 MB stacks, 0 MB globals, 20 P
gc 12828 @324.245s 1%: 0.83+11+0.049 ms clock, 16+0/6.2/0+0.98 ms cpu, 301->347->177 MB, 325 MB goal, 0 MB stacks, 0 MB globals, 20 P
gc 12829 @324.270s 1%: 0.042+0.90+0.009 ms clock, 0.85+0/1.3/0+0.18 ms cpu, 317->317->143 MB, 356 MB goal, 0 MB stacks, 0 MB globals, 20 P
gc 12830 @324.280s 1%: 0.061+1.2+0.19 ms clock, 1.2+0/1.7/0+3.9 ms cpu, 253->262->132 MB, 288 MB goal, 0 MB stacks, 0 MB globals, 20 P
gc 12831 @324.290s 1%: 0.043+0.41+0.084 ms clock, 0.86+0.044/0.76/0+1.6 ms cpu, 226->228->141 MB, 265 MB goal, 0 MB stacks, 0 MB globals, 20 P
gc 12832 @324.299s 1%: 0.042+0.91+0.65 ms clock, 0.84+0/1.2/0+13 ms cpu, 244->252->148 MB, 282 MB goal, 0 MB stacks, 0 MB globals, 20 P
gc 12833 @324.310s 1%: 1.8+0.39+0.003 ms clock, 36+0.027/0.64/0+0.066 ms cpu, 253->255->120 MB, 297 MB goal, 0 MB stacks, 0 MB globals, 20 P
gc 12834 @324.317s 1%: 0.039+1.1+0.025 ms clock, 0.79+0/1.6/0+0.51 ms cpu, 207->207->147 MB, 241 MB goal, 0 MB stacks, 0 MB globals, 20 P
gc 12835 @324.331s 1%: 0.074+5.6+2.1 ms clock, 1.4+0/1.0/0.002+42 ms cpu, 252->292->159 MB, 294 MB goal, 0 MB stacks, 0 MB globals, 20 P
gc 12836 @324.354s 1%: 1.5+5.5+0.64 ms clock, 31+0/3.7/0+12 ms cpu, 282->297->131 MB, 319 MB goal, 0 MB stacks, 0 MB globals, 20 P
gc 12837 @324.367s 1%: 0.37+0.43+0.009 ms clock, 7.4+0/0.71/0+0.19 ms cpu, 226->226->146 MB, 263 MB goal, 0 MB stacks, 0 MB globals, 20 P
gc 12838 @324.378s 1%: 0.38+3.4+0.088 ms clock, 7.7+0/2.3/0+1.7 ms cpu, 264->285->147 MB, 293 MB goal, 0 MB stacks, 0 MB globals, 20 P
gc 12839 @324.393s 1%: 0.053+0.90+0.003 ms clock, 1.0+0/1.6/0.18+0.074 ms cpu, 258->259->118 MB, 294 MB goal, 0 MB stacks, 0 MB globals, 20 P
gc 12840 @324.400s 1%: 0.042+1.1+0.081 ms clock, 0.84+0/1.3/0+1.6 ms cpu, 209->222->159 MB, 237 MB goal, 0 MB stacks, 0 MB globals, 20 P
gc 12841 @324.416s 1%: 1.7+0.52+0.004 ms clock, 35+0/0.93/0.035+0.091 ms cpu, 281->284->129 MB, 320 MB goal, 0 MB stacks, 0 MB globals, 20 P
gc 12842 @324.429s 1%: 0.057+0.71+0.005 ms clock, 1.1+0/1.1/0+0.11 ms cpu, 239->239->141 MB, 259 MB goal, 0 MB stacks, 0 MB globals, 20 P
gc 12843 @324.439s 1%: 0.092+1.0+0.12 ms clock, 1.8+0/1.5/0+2.4 ms cpu, 263->276->160 MB, 282 MB goal, 0 MB stacks, 0 MB globals, 20 P
gc 12844 @324.453s 1%: 2.4+0.89+2.8 ms clock, 49+0/1.3/0+57 ms cpu, 301->324->153 MB, 322 MB goal, 0 MB stacks, 0 MB globals, 20 P
gc 12845 @324.472s 1%: 0.72+2.0+0.016 ms clock, 14+0/1.5/0.001+0.32 ms cpu, 291->313->150 MB, 307 MB goal, 0 MB stacks, 0 MB globals, 20 P
gc 12846 @324.486s 1%: 0.71+0.98+0.004 ms clock, 14+0/1.6/0.005+0.091 ms cpu, 288->288->129 MB, 301 MB goal, 0 MB stacks, 0 MB globals, 20 P
gc 12847 @324.497s 1%: 0.036+0.81+0.39 ms clock, 0.73+0/1.0/0+7.9 ms cpu, 237->247->126 MB, 259 MB goal, 0 MB stacks, 0 MB globals, 20 P
gc 12848 @324.507s 1%: 0.042+0.44+0.022 ms clock, 0.85+0/0.86/0+0.44 ms cpu, 242->242->160 MB, 253 MB goal, 0 MB stacks, 0 MB globals, 20 P
gc 12849 @324.526s 1%: 0.086+0.50+0.080 ms clock, 1.7+0.031/0.68/0+1.6 ms cpu, 309->311->127 MB, 321 MB goal, 0 MB stacks, 0 MB globals, 20 P
gc 12850 @324.536s 1%: 0.040+0.70+0.013 ms clock, 0.81+0/1.3/0.014+0.27 ms cpu, 239->239->132 MB, 255 MB goal, 0 MB stacks, 0 MB globals, 20 P
gc 12851 @324.545s 1%: 0.040+1.1+0.018 ms clock, 0.81+0/1.9/0+0.37 ms cpu, 247->247->139 MB, 265 MB goal, 0 MB stacks, 0 MB globals, 20 P
gc 12852 @324.554s 1%: 0.10+3.1+0.045 ms clock, 2.1+0/2.3/0+0.91 ms cpu, 258->278->138 MB, 280 MB goal, 0 MB stacks, 0 MB globals, 20 P
gc 12853 @324.570s 1%: 0.025+5.6+1.9 ms clock, 0.50+0.28/1.3/0+38 ms cpu, 257->287->144 MB, 277 MB goal, 0 MB stacks, 0 MB globals, 20 P
gc 12854 @324.586s 1%: 0.067+2.7+0.024 ms clock, 1.3+0/0.93/0+0.48 ms cpu, 260->294->180 MB, 289 MB goal, 0 MB stacks, 0 MB globals, 20 P
gc 12855 @324.606s 1%: 0.38+6.7+0.019 ms clock, 7.7+0/3.1/0+0.39 ms cpu, 337->358->153 MB, 361 MB goal, 0 MB stacks, 0 MB globals, 20 P
gc 12856 @324.624s 1%: 0.37+2.3+0.024 ms clock, 7.4+0.010/2.0/0+0.49 ms cpu, 282->309->158 MB, 307 MB goal, 0 MB stacks, 0 MB globals, 20 P
gc 12857 @324.638s 1%: 0.059+0.70+0.041 ms clock, 1.1+0/0.73/0+0.83 ms cpu, 294->297->138 MB, 316 MB goal, 0 MB stacks, 0 MB globals, 20 P
gc 12858 @324.646s 1%: 0.12+0.72+0.10 ms clock, 2.4+0/1.1/0.001+2.0 ms cpu, 243->243->142 MB, 277 MB goal, 0 MB stacks, 0 MB globals, 20 P
gc 12859 @324.657s 1%: 0.060+2.3+0.044 ms clock, 1.2+0/0.77/0+0.88 ms cpu, 257->275->141 MB, 284 MB goal, 0 MB stacks, 0 MB globals, 20 P
gc 12860 @324.672s 1%: 0.043+2.7+0.017 ms clock, 0.87+0/2.8/0+0.34 ms cpu, 255->273->153 MB, 283 MB goal, 0 MB stacks, 0 MB globals, 20 P
gc 12861 @324.688s 1%: 0.036+0.55+0.009 ms clock, 0.72+0/0.75/0+0.19 ms cpu, 281->284->135 MB, 306 MB goal, 0 MB stacks, 0 MB globals, 20 P
gc 12862 @324.695s 1%: 0.62+1.1+0.13 ms clock, 12+0/1.5/0+2.7 ms cpu, 247->260->138 MB, 271 MB goal, 0 MB stacks, 0 MB globals, 20 P
gc 12863 @324.709s 1%: 0.42+1.6+0.24 ms clock, 8.4+0/1.1/0+4.9 ms cpu, 261->281->139 MB, 277 MB goal, 0 MB stacks, 0 MB globals, 20 P
gc 12864 @324.722s 1%: 0.34+0.45+0.006 ms clock, 6.9+0/0.95/0.001+0.13 ms cpu, 260->260->113 MB, 278 MB goal, 0 MB stacks, 0 MB globals, 20 P
gc 12865 @324.729s 1%: 0.16+1.5+0.003 ms clock, 3.3+0/2.0/0+0.077 ms cpu, 217->217->134 MB, 226 MB goal, 0 MB stacks, 0 MB globals, 20 P
gc 12866 @324.741s 1%: 0.43+4.4+1.1 ms clock, 8.7+0/1.8/0+23 ms cpu, 250->278->151 MB, 268 MB goal, 0 MB stacks, 0 MB globals, 20 P
gc 12867 @324.758s 1%: 0.085+1.9+1.5 ms clock, 1.7+0/1.2/0.001+31 ms cpu, 277->294->137 MB, 303 MB goal, 0 MB stacks, 0 MB globals, 20 P
gc 12868 @324.769s 1%: 0.034+0.34+0.022 ms clock, 0.69+0/0.86/0+0.45 ms cpu, 247->247->167 MB, 275 MB goal, 0 MB stacks, 0 MB globals, 20 P
gc 12869 @324.785s 1%: 3.2+0.45+0.005 ms clock, 65+0/0.68/0.001+0.10 ms cpu, 307->309->124 MB, 335 MB goal, 0 MB stacks, 0 MB globals, 20 P
gc 12870 @324.796s 1%: 0.11+2.7+0.011 ms clock, 2.3+0/0.93/0.012+0.23 ms cpu, 226->251->161 MB, 248 MB goal, 0 MB stacks, 0 MB globals, 20 P
gc 12871 @324.813s 1%: 0.020+1.2+0.006 ms clock, 0.40+0/1.9/0+0.12 ms cpu, 306->308->123 MB, 322 MB goal, 0 MB stacks, 0 MB globals, 20 P
gc 12872 @324.822s 1%: 0.042+0.43+0.028 ms clock, 0.85+0.037/0.87/0+0.56 ms cpu, 226->226->135 MB, 247 MB goal, 0 MB stacks, 0 MB globals, 20 P
gc 12873 @324.832s 1%: 0.043+3.4+0.009 ms clock, 0.86+0/3.7/0.001+0.19 ms cpu, 267->267->146 MB, 271 MB goal, 0 MB stacks, 0 MB globals, 20 P
gc 12874 @324.846s 1%: 0.064+7.7+0.084 ms clock, 1.2+0/6.5/0+1.6 ms cpu, 270->324->178 MB, 293 MB goal, 0 MB stacks, 0 MB globals, 20 P
gc 12875 @324.866s 1%: 0.57+9.7+1.0 ms clock, 11+0/4.7/0+20 ms cpu, 316->344->159 MB, 357 MB goal, 0 MB stacks, 0 MB globals, 20 P
gc 12876 @324.887s 1%: 0.54+4.5+0.50 ms clock, 10+0/1.2/0+10 ms cpu, 274->305->152 MB, 319 MB goal, 0 MB stacks, 0 MB globals, 20 P
gc 12877 @324.903s 1%: 0.038+7.0+0.017 ms clock, 0.76+0/3.0/0.014+0.35 ms cpu, 269->305->153 MB, 304 MB goal, 0 MB stacks, 0 MB globals, 20 P
gc 12878 @324.919s 1%: 0.054+0.52+0.024 ms clock, 1.0+0/1.0/0+0.48 ms cpu, 261->265->141 MB, 307 MB goal, 0 MB stacks, 0 MB globals, 20 P
gc 12879 @324.927s 1%: 0.036+1.2+0.019 ms clock, 0.73+0/1.4/0.002+0.38 ms cpu, 248->248->140 MB, 282 MB goal, 0 MB stacks, 0 MB globals, 20 P
gc 12880 @324.935s 1%: 0.094+1.2+0.014 ms clock, 1.8+0/1.8/0.024+0.28 ms cpu, 246->246->148 MB, 281 MB goal, 0 MB stacks, 0 MB globals, 20 P
gc 12881 @324.946s 1%: 0.69+0.66+0.003 ms clock, 13+0/0.68/0+0.067 ms cpu, 253->257->124 MB, 296 MB goal, 0 MB stacks, 0 MB globals, 20 P
gc 12882 @324.956s 1%: 0.048+0.80+0.031 ms clock, 0.97+0/0.93/0+0.62 ms cpu, 213->214->131 MB, 249 MB goal, 0 MB stacks, 0 MB globals, 20 P
gc 12883 @324.965s 1%: 0.031+1.5+0.004 ms clock, 0.62+1.3/0.83/0+0.087 ms cpu, 231->231->126 MB, 263 MB goal, 0 MB stacks, 0 MB globals, 20 P
gc 12884 @324.978s 1%: 0.15+0.56+0.22 ms clock, 3.1+0/0.98/0+4.5 ms cpu, 217->220->114 MB, 252 MB goal, 0 MB stacks, 0 MB globals, 20 P
gc 12885 @324.983s 1%: 0.69+6.8+0.010 ms clock, 13+0/2.2/0+0.21 ms cpu, 197->222->153 MB, 228 MB goal, 0 MB stacks, 0 MB globals, 20 P
gc 12886 @325.002s 1%: 0.99+9.6+0.046 ms clock, 19+0/6.1/0+0.92 ms cpu, 283->305->150 MB, 306 MB goal, 0 MB stacks, 0 MB globals, 20 P
gc 12887 @325.025s 1%: 0.12+2.6+0.004 ms clock, 2.5+0/1.3/0+0.092 ms cpu, 295->295->132 MB, 301 MB goal, 0 MB stacks, 0 MB globals, 20 P
gc 12888 @325.038s 1%: 0.53+0.40+0.010 ms clock, 10+0.027/0.67/0+0.20 ms cpu, 241->242->110 MB, 265 MB goal, 0 MB stacks, 0 MB globals, 20 P
gc 12889 @325.045s 1%: 0.047+1.1+0.014 ms clock, 0.95+0/1.5/0+0.28 ms cpu, 218->218->140 MB, 221 MB goal, 0 MB stacks, 0 MB globals, 20 P
gc 12890 @325.057s 1%: 0.49+0.71+4.1 ms clock, 9.8+0/1.1/0+82 ms cpu, 260->272->132 MB, 280 MB goal, 0 MB stacks, 0 MB globals, 20 P
gc 12891 @325.072s 1%: 0.27+0.31+0.003 ms clock, 5.5+0.031/0.70/0+0.074 ms cpu, 240->241->109 MB, 265 MB goal, 0 MB stacks, 0 MB globals, 20 P
gc 12892 @325.077s 1%: 0.11+1.7+0.005 ms clock, 2.3+0.063/2.0/0.006+0.11 ms cpu, 211->211->137 MB, 219 MB goal, 0 MB stacks, 0 MB globals, 20 P
gc 12893 @325.092s 1%: 0.034+1.1+0.004 ms clock, 0.69+0/1.4/0+0.082 ms cpu, 257->260->124 MB, 275 MB goal, 0 MB stacks, 0 MB globals, 20 P
gc 12894 @325.105s 1%: 0.16+4.0+0.007 ms clock, 3.3+0/3.6/0+0.14 ms cpu, 245->250->130 MB, 250 MB goal, 0 MB stacks, 0 MB globals, 20 P
gc 12895 @325.122s 1%: 0.061+0.70+0.007 ms clock, 1.2+0/1.0/0+0.14 ms cpu, 248->252->118 MB, 260 MB goal, 0 MB stacks, 0 MB globals, 20 P
gc 12896 @325.129s 1%: 0.10+6.2+0.015 ms clock, 2.1+0/6.4/0.001+0.30 ms cpu, 253->253->153 MB, 253 MB goal, 0 MB stacks, 0 MB globals, 20 P
gc 12897 @325.151s 1%: 0.80+5.7+0.004 ms clock, 16+0/5.9/0+0.093 ms cpu, 309->309->137 MB, 309 MB goal, 0 MB stacks, 0 MB globals, 20 P
gc 12898 @325.171s 1%: 0.021+1.4+0.006 ms clock, 0.43+0.23/1.4/0+0.13 ms cpu, 273->273->128 MB, 276 MB goal, 0 MB stacks, 0 MB globals, 20 P
gc 12899 @325.182s 1%: 0.038+0.91+2.3 ms clock, 0.76+0/1.2/0+46 ms cpu, 247->253->154 MB, 256 MB goal, 0 MB stacks, 0 MB globals, 20 P
gc 12900 @325.199s 1%: 0.61+6.1+0.004 ms clock, 12+0/6.5/0+0.082 ms cpu, 309->309->132 MB, 309 MB goal, 0 MB stacks, 0 MB globals, 20 P
gc 12901 @325.216s 1%: 0.047+0.97+0.044 ms clock, 0.94+0/1.3/0.001+0.88 ms cpu, 262->262->151 MB, 265 MB goal, 0 MB stacks, 0 MB globals, 20 P
gc 12902 @325.232s 1%: 0.51+1.5+0.009 ms clock, 10+0/2.2/0.064+0.18 ms cpu, 304->304->133 MB, 304 MB goal, 0 MB stacks, 0 MB globals, 20 P
gc 12903 @325.254s 1%: 2.6+1.3+0.008 ms clock, 53+0.030/2.5/0.075+0.16 ms cpu, 264->264->122 MB, 267 MB goal, 0 MB stacks, 0 MB globals, 20 P
gc 12904 @325.271s 1%: 0.077+0.44+0.078 ms clock, 1.5+0.24/0.43/0.002+1.5 ms cpu, 247->247->159 MB, 247 MB goal, 0 MB stacks, 0 MB globals, 20 P
gc 12905 @325.288s 1%: 0.063+0.46+0.080 ms clock, 1.2+0/0.72/0+1.6 ms cpu, 323->323->163 MB, 323 MB goal, 0 MB stacks, 0 MB globals, 20 P
gc 12906 @325.304s 1%: 0.047+0.50+0.010 ms clock, 0.95+0/0.85/0+0.21 ms cpu, 329->329->165 MB, 329 MB goal, 0 MB stacks, 0 MB globals, 20 P
gc 12907 @325.319s 1%: 0.036+1.0+0.012 ms clock, 0.72+0/1.4/0+0.25 ms cpu, 328->328->134 MB, 331 MB goal, 0 MB stacks, 0 MB globals, 20 P
gc 12908 @325.332s 1%: 0.081+1.2+0.015 ms clock, 1.6+0/1.6/0+0.30 ms cpu, 269->269->120 MB, 270 MB goal, 0 MB stacks, 0 MB globals, 20 P
gc 12909 @325.343s 1%: 0.047+0.83+0.011 ms clock, 0.95+0/1.2/0+0.23 ms cpu, 234->234->133 MB, 240 MB goal, 0 MB stacks, 0 MB globals, 20 P
gc 12910 @325.353s 1%: 0.053+2.9+0.34 ms clock, 1.0+0.040/0.60/0+6.9 ms cpu, 264->275->151 MB, 267 MB goal, 0 MB stacks, 0 MB globals, 20 P
gc 12911 @325.372s 1%: 0.24+4.1+0.003 ms clock, 4.9+0/4.9/0+0.079 ms cpu, 301->301->112 MB, 303 MB goal, 0 MB stacks, 0 MB globals, 20 P
gc 12912 @325.385s 1%: 0.99+2.7+0.009 ms clock, 19+0/3.4/0+0.19 ms cpu, 216->229->146 MB, 226 MB goal, 0 MB stacks, 0 MB globals, 20 P
gc 12913 @325.400s 1%: 1.0+4.8+0.003 ms clock, 20+0/5.1/0.004+0.078 ms cpu, 286->286->129 MB, 293 MB goal, 0 MB stacks, 0 MB globals, 20 P
gc 12914 @325.417s 1%: 0.042+1.6+0.004 ms clock, 0.85+0/2.2/0+0.085 ms cpu, 259->259->125 MB, 259 MB goal, 0 MB stacks, 0 MB globals, 20 P
gc 12915 @325.429s 1%: 0.52+4.8+0.003 ms clock, 10+0/5.2/0+0.076 ms cpu, 246->246->130 MB, 251 MB goal, 0 MB stacks, 0 MB globals, 20 P
gc 12916 @325.448s 1%: 0.019+1.1+0.92 ms clock, 0.38+0/1.6/0+18 ms cpu, 255->272->136 MB, 261 MB goal, 0 MB stacks, 0 MB globals, 20 P
gc 12917 @325.460s 1%: 0.054+0.76+0.013 ms clock, 1.0+0/1.0/0.012+0.27 ms cpu, 256->259->141 MB, 273 MB goal, 0 MB stacks, 0 MB globals, 20 P
gc 12918 @325.469s 1%: 0.029+3.8+0.024 ms clock, 0.59+0.20/4.1/0+0.49 ms cpu, 270->284->151 MB, 284 MB goal, 0 MB stacks, 0 MB globals, 20 P
gc 12919 @325.484s 1%: 0.084+3.5+0.004 ms clock, 1.6+0/3.9/0+0.081 ms cpu, 299->299->135 MB, 302 MB goal, 0 MB stacks, 0 MB globals, 20 P
gc 12920 @325.500s 1%: 0.019+0.77+0.003 ms clock, 0.38+0.21/1.0/0+0.064 ms cpu, 254->260->128 MB, 271 MB goal, 0 MB stacks, 0 MB globals, 20 P
gc 12921 @325.507s 1%: 0.10+0.47+0.087 ms clock, 2.0+0.20/0.44/0+1.7 ms cpu, 241->255->172 MB, 257 MB goal, 0 MB stacks, 0 MB globals, 20 P
gc 12922 @325.524s 1%: 2.7+5.8+0.088 ms clock, 54+0/6.1/0+1.7 ms cpu, 329->343->159 MB, 344 MB goal, 0 MB stacks, 0 MB globals, 20 P
gc 12923 @325.548s 1%: 2.3+3.5+0.089 ms clock, 47+0/3.0/0+1.7 ms cpu, 314->344->171 MB, 318 MB goal, 0 MB stacks, 0 MB globals, 20 P
gc 12924 @325.571s 1%: 0.046+1.8+0.008 ms clock, 0.93+0/2.1/0+0.17 ms cpu, 323->323->151 MB, 343 MB goal, 0 MB stacks, 0 MB globals, 20 P
gc 12925 @325.582s 1%: 0.021+1.0+0.010 ms clock, 0.43+0.85/0.77/0+0.21 ms cpu, 276->276->134 MB, 302 MB goal, 0 MB stacks, 0 MB globals, 20 P
gc 12926 @325.593s 1%: 0.047+1.9+0.63 ms clock, 0.95+0/1.2/0+12 ms cpu, 244->272->152 MB, 269 MB goal, 0 MB stacks, 0 MB globals, 20 P
gc 12927 @325.607s 1%: 0.23+7.2+3.1 ms clock, 4.6+0/3.5/0+62 ms cpu, 282->315->157 MB, 306 MB goal, 0 MB stacks, 0 MB globals, 20 P
gc 12928 @325.628s 1%: 0.40+2.1+0.007 ms clock, 8.1+0/1.1/0.010+0.14 ms cpu, 284->309->143 MB, 314 MB goal, 0 MB stacks, 0 MB globals, 20 P
gc 12929 @325.639s 1%: 0.037+1.5+0.050 ms clock, 0.74+0/1.9/0+1.0 ms cpu, 259->259->140 MB, 286 MB goal, 0 MB stacks, 0 MB globals, 20 P
gc 12930 @325.652s 1%: 0.035+2.0+0.006 ms clock, 0.71+0.042/0.75/0+0.13 ms cpu, 250->260->131 MB, 280 MB goal, 0 MB stacks, 0 MB globals, 20 P
gc 12931 @325.661s 1%: 0.074+0.54+0.55 ms clock, 1.4+0/0.79/0+11 ms cpu, 231->235->130 MB, 264 MB goal, 0 MB stacks, 0 MB globals, 20 P
gc 12932 @325.670s 1%: 0.019+3.3+0.096 ms clock, 0.38+0.22/3.3/0+1.9 ms cpu, 232->246->135 MB, 261 MB goal, 0 MB stacks, 0 MB globals, 20 P
gc 12933 @325.688s 1%: 0.018+5.7+0.91 ms clock, 0.36+0.045/2.6/0+18 ms cpu, 244->270->134 MB, 271 MB goal, 0 MB stacks, 0 MB globals, 20 P
gc 12934 @325.705s 1%: 0.035+0.78+0.031 ms clock, 0.70+0/0.89/0+0.63 ms cpu, 254->258->138 MB, 269 MB goal, 0 MB stacks, 0 MB globals, 20 P
gc 12935 @325.720s 1%: 0.11+3.5+1.5 ms clock, 2.2+0/1.2/0+30 ms cpu, 251->267->127 MB, 276 MB goal, 0 MB stacks, 0 MB globals, 20 P
gc 12936 @325.733s 1%: 2.1+0.38+0.018 ms clock, 43+0/0.78/0+0.37 ms cpu, 241->241->148 MB, 255 MB goal, 0 MB stacks, 0 MB globals, 20 P
gc 12937 @325.747s 1%: 0.55+1.1+0.50 ms clock, 11+0/1.3/0+10 ms cpu, 273->295->150 MB, 296 MB goal, 0 MB stacks, 0 MB globals, 20 P
gc 12938 @325.762s 1%: 0.22+2.9+2.9 ms clock, 4.5+0/1.6/0+58 ms cpu, 274->302->153 MB, 300 MB goal, 0 MB stacks, 0 MB globals, 20 P
gc 12939 @325.779s 1%: 0.043+1.1+0.40 ms clock, 0.86+0/0.88/0.044+8.1 ms cpu, 278->295->138 MB, 306 MB goal, 0 MB stacks, 0 MB globals, 20 P
gc 12940 @325.787s 1%: 0.041+0.49+0.044 ms clock, 0.82+0.19/0.58/0+0.88 ms cpu, 251->265->172 MB, 277 MB goal, 0 MB stacks, 0 MB globals, 20 P
gc 12941 @325.802s 1%: 4.8+5.8+0.013 ms clock, 97+0/6.1/0.002+0.27 ms cpu, 330->344->159 MB, 346 MB goal, 0 MB stacks, 0 MB globals, 20 P
gc 12942 @325.825s 1%: 0.086+0.95+0.73 ms clock, 1.7+0/1.3/0+14 ms cpu, 305->315->161 MB, 318 MB goal, 0 MB stacks, 0 MB globals, 20 P
gc 12943 @325.841s 1%: 0.089+3.1+3.7 ms clock, 1.7+0/1.7/0+75 ms cpu, 306->332->159 MB, 322 MB goal, 0 MB stacks, 0 MB globals, 20 P
gc 12944 @325.861s 1%: 0.19+0.63+0.003 ms clock, 3.8+0/1.2/0+0.060 ms cpu, 297->297->136 MB, 319 MB goal, 0 MB stacks, 0 MB globals, 20 P
gc 12945 @325.872s 1%: 0.065+0.91+0.60 ms clock, 1.3+0/1.1/0+12 ms cpu, 248->262->134 MB, 272 MB goal, 0 MB stacks, 0 MB globals, 20 P
gc 12946 @325.880s 1%: 0.043+0.37+0.023 ms clock, 0.86+0.040/0.66/0+0.47 ms cpu, 244->244->152 MB, 268 MB goal, 0 MB stacks, 0 MB globals, 20 P
gc 12947 @325.895s 1%: 0.20+12+3.4 ms clock, 4.0+0/6.4/0+68 ms cpu, 288->327->159 MB, 305 MB goal, 0 MB stacks, 0 MB globals, 20 P
gc 12948 @325.925s 1%: 0.023+1.0+0.003 ms clock, 0.46+0.25/1.2/0.009+0.068 ms cpu, 281->289->127 MB, 318 MB goal, 0 MB stacks, 0 MB globals, 20 P
gc 12949 @325.934s 1%: 0.13+1.1+0.009 ms clock, 2.7+0/0.83/0+0.18 ms cpu, 218->224->109 MB, 256 MB goal, 0 MB stacks, 0 MB globals, 20 P
gc 12950 @325.944s 1%: 0.079+9.5+0.009 ms clock, 1.5+0/3.1/0+0.18 ms cpu, 206->206->134 MB, 220 MB goal, 0 MB stacks, 0 MB globals, 20 P
gc 12951 @325.971s 1%: 0.63+0.55+0.60 ms clock, 12+0.028/0.79/0+12 ms cpu, 230->242->119 MB, 269 MB goal, 0 MB stacks, 0 MB globals, 20 P
gc 12952 @325.978s 1%: 0.057+3.3+0.021 ms clock, 1.1+0/4.4/0.002+0.43 ms cpu, 226->226->143 MB, 238 MB goal, 0 MB stacks, 0 MB globals, 20 P
gc 12953 @325.994s 1%: 0.17+7.6+0.054 ms clock, 3.5+0/5.2/0+1.0 ms cpu, 252->280->147 MB, 286 MB goal, 0 MB stacks, 0 MB globals, 20 P
gc 12954 @326.014s 1%: 0.52+0.40+0.003 ms clock, 10+0/0.81/0+0.070 ms cpu, 256->256->115 MB, 296 MB goal, 0 MB stacks, 0 MB globals, 20 P
gc 12955 @326.019s 1%: 1.3+1.3+0.084 ms clock, 26+0/1.8/0+1.6 ms cpu, 208->222->147 MB, 230 MB goal, 0 MB stacks, 0 MB globals, 20 P
gc 12956 @326.036s 1%: 1.0+5.9+0.004 ms clock, 21+0/1.5/0+0.099 ms cpu, 277->303->153 MB, 296 MB goal, 0 MB stacks, 0 MB globals, 20 P
gc 12957 @326.057s 1%: 0.062+1.2+0.009 ms clock, 1.2+0/1.6/0+0.19 ms cpu, 285->285->136 MB, 307 MB goal, 0 MB stacks, 0 MB globals, 20 P
gc 12958 @326.066s 1%: 0.038+1.0+0.090 ms clock, 0.77+0/1.3/0+1.8 ms cpu, 246->246->142 MB, 272 MB goal, 0 MB stacks, 0 MB globals, 20 P
gc 12959 @326.077s 1%: 0.021+8.5+5.5 ms clock, 0.43+0.37/1.4/0+110 ms cpu, 268->323->176 MB, 285 MB goal, 0 MB stacks, 0 MB globals, 20 P
gc 12960 @326.103s 1%: 0.45+0.91+0.025 ms clock, 9.0+0/1.2/0+0.50 ms cpu, 306->317->132 MB, 352 MB goal, 0 MB stacks, 0 MB globals, 20 P
gc 12961 @326.112s 1%: 0.036+0.94+0.011 ms clock, 0.72+0/1.4/0+0.22 ms cpu, 234->234->139 MB, 264 MB goal, 0 MB stacks, 0 MB globals, 20 P
gc 12962 @326.121s 1%: 0.042+3.2+0.012 ms clock, 0.85+0/3.7/0+0.24 ms cpu, 244->244->143 MB, 278 MB goal, 0 MB stacks, 0 MB globals, 20 P
gc 12963 @326.132s 1%: 0.052+0.45+0.044 ms clock, 1.0+0.058/0.88/0.001+0.89 ms cpu, 249->250->130 MB, 286 MB goal, 0 MB stacks, 0 MB globals, 20 P
gc 12964 @326.144s 1%: 0.025+2.0+0.005 ms clock, 0.51+0.16/3.0/0+0.10 ms cpu, 227->239->133 MB, 261 MB goal, 0 MB stacks, 0 MB globals, 20 P
gc 12965 @326.155s 1%: 0.035+0.54+0.004 ms clock, 0.71+0/0.88/0+0.099 ms cpu, 232->232->141 MB, 267 MB goal, 0 MB stacks, 0 MB globals, 20 P
gc 12966 @326.162s 1%: 1.0+6.4+0.008 ms clock, 20+0/1.5/0+0.16 ms cpu, 241->269->160 MB, 283 MB goal, 0 MB stacks, 0 MB globals, 20 P
gc 12967 @326.178s 1%: 3.8+3.2+0.080 ms clock, 76+0/3.5/0+1.6 ms cpu, 277->288->140 MB, 321 MB goal, 0 MB stacks, 0 MB globals, 20 P
gc 12968 @326.195s 1%: 0.052+5.6+5.4 ms clock, 1.0+0.057/0.73/0+108 ms cpu, 256->311->182 MB, 280 MB goal, 0 MB stacks, 0 MB globals, 20 P
gc 12969 @326.219s 1%: 0.26+8.7+3.0 ms clock, 5.3+0/4.2/0+61 ms cpu, 319->362->163 MB, 365 MB goal, 0 MB stacks, 0 MB globals, 20 P
gc 12970 @326.244s 1%: 0.12+2.9+0.48 ms clock, 2.5+0/1.2/0+9.6 ms cpu, 282->318->153 MB, 327 MB goal, 0 MB stacks, 0 MB globals, 20 P
gc 12971 @326.258s 1%: 0.032+0.61+0.14 ms clock, 0.65+0.030/0.65/0+2.8 ms cpu, 261->266->145 MB, 307 MB goal, 0 MB stacks, 0 MB globals, 20 P
gc 12972 @326.265s 1%: 0.055+5.1+0.008 ms clock, 1.1+0/1.9/0+0.16 ms cpu, 253->277->158 MB, 290 MB goal, 0 MB stacks, 0 MB globals, 20 P
gc 12973 @326.279s 1%: 0.025+2.4+0.067 ms clock, 0.50+0.14/1.6/0+1.3 ms cpu, 282->301->150 MB, 316 MB goal, 0 MB stacks, 0 MB globals, 20 P
gc 12974 @326.293s 1%: 0.22+0.78+0.003 ms clock, 4.5+0/1.3/0+0.075 ms cpu, 264->269->124 MB, 301 MB goal, 0 MB stacks, 0 MB globals, 20 P
gc 12975 @326.299s 1%: 0.049+0.55+0.11 ms clock, 0.99+0.20/0.47/0+2.3 ms cpu, 223->238->163 MB, 248 MB goal, 0 MB stacks, 0 MB globals, 20 P
gc 12976 @326.315s 1%: 0.84+4.6+0.080 ms clock, 16+0/4.9/0+1.6 ms cpu, 305->318->149 MB, 328 MB goal, 0 MB stacks, 0 MB globals, 20 P
gc 12977 @326.335s 1%: 0.057+3.0+0.012 ms clock, 1.1+0/3.4/0.001+0.25 ms cpu, 299->299->142 MB, 299 MB goal, 0 MB stacks, 0 MB globals, 20 P
gc 12978 @326.351s 1%: 0.043+1.7+0.013 ms clock, 0.86+0/2.0/0+0.27 ms cpu, 263->263->131 MB, 285 MB goal, 0 MB stacks, 0 MB globals, 20 P
gc 12979 @326.361s 1%: 0.032+7.8+0.004 ms clock, 0.64+0.19/8.3/0+0.088 ms cpu, 240->256->145 MB, 263 MB goal, 0 MB stacks, 0 MB globals, 20 P
gc 12980 @326.381s 1%: 0.23+9.1+0.004 ms clock, 4.6+0/2.7/0+0.084 ms cpu, 278->301->145 MB, 292 MB goal, 0 MB stacks, 0 MB globals, 20 P
gc 12981 @326.402s 1%: 0.052+3.9+0.023 ms clock, 1.0+0/1.4/0.016+0.46 ms cpu, 275->294->138 MB, 291 MB goal, 0 MB stacks, 0 MB globals, 20 P
gc 12982 @326.414s 1%: 2.6+0.83+0.084 ms clock, 53+0/1.2/0+1.6 ms cpu, 254->268->143 MB, 276 MB goal, 0 MB stacks, 0 MB globals, 20 P
gc 12983 @326.430s 1%: 0.17+1.8+0.003 ms clock, 3.5+0/0.90/0+0.076 ms cpu, 266->291->145 MB, 287 MB goal, 0 MB stacks, 0 MB globals, 20 P
gc 12984 @326.443s 1%: 0.17+0.41+0.003 ms clock, 3.4+0.032/0.73/0+0.065 ms cpu, 268->269->117 MB, 291 MB goal, 0 MB stacks, 0 MB globals, 20 P
gc 12985 @326.448s 1%: 0.21+2.5+0.054 ms clock, 4.2+0/1.8/0+1.0 ms cpu, 211->238->162 MB, 234 MB goal, 0 MB stacks, 0 MB globals, 20 P
gc 12986 @326.471s 1%: 3.8+9.4+0.009 ms clock, 77+0/10/0.086+0.19 ms cpu, 305->318->148 MB, 325 MB goal, 0 MB stacks, 0 MB globals, 20 P
gc 12987 @326.498s 1%: 0.46+3.5+2.7 ms clock, 9.3+0/3.3/0+54 ms cpu, 272->303->158 MB, 297 MB goal, 0 MB stacks, 0 MB globals, 20 P
gc 12988 @326.516s 1%: 0.043+0.48+0.034 ms clock, 0.87+0/1.1/0.058+0.68 ms cpu, 290->295->127 MB, 317 MB goal, 0 MB stacks, 0 MB globals, 20 P
gc 12989 @326.523s 1%: 0.045+0.47+0.021 ms clock, 0.91+0/0.81/0+0.43 ms cpu, 228->228->163 MB, 255 MB goal, 0 MB stacks, 0 MB globals, 20 P
gc 12990 @326.535s 1%: 0.047+0.53+0.15 ms clock, 0.94+0.20/0.43/0+3.0 ms cpu, 301->312->155 MB, 327 MB goal, 0 MB stacks, 0 MB globals, 20 P
gc 12991 @326.547s 1%: 0.023+1.2+0.081 ms clock, 0.47+0.23/1.3/0+1.6 ms cpu, 281->293->140 MB, 311 MB goal, 0 MB stacks, 0 MB globals, 20 P
gc 12992 @326.560s 1%: 0.46+2.3+2.9 ms clock, 9.2+0/1.7/0+58 ms cpu, 252->277->147 MB, 280 MB goal, 0 MB stacks, 0 MB globals, 20 P
gc 12993 @326.576s 1%: 0.27+3.9+0.089 ms clock, 5.5+0/1.5/0+1.7 ms cpu, 272->293->137 MB, 296 MB goal, 0 MB stacks, 0 MB globals, 20 P
gc 12994 @326.590s 1%: 0.11+1.3+0.005 ms clock, 2.3+0/2.0/0.003+0.10 ms cpu, 255->263->118 MB, 276 MB goal, 0 MB stacks, 0 MB globals, 20 P
gc 12995 @326.601s 1%: 0.10+0.80+0.27 ms clock, 2.0+0.029/0.85/0.005+5.5 ms cpu, 212->228->115 MB, 238 MB goal, 0 MB stacks, 0 MB globals, 20 P
gc 12996 @326.608s 1%: 0.27+1.7+0.004 ms clock, 5.4+0/2.2/0+0.086 ms cpu, 216->216->124 MB, 231 MB goal, 0 MB stacks, 0 MB globals, 20 P
gc 12997 @326.620s 1%: 0.14+0.91+0.004 ms clock, 2.8+0/1.4/0.031+0.099 ms cpu, 228->232->115 MB, 248 MB goal, 0 MB stacks, 0 MB globals, 20 P
gc 12998 @326.627s 1%: 0.037+1.8+0.014 ms clock, 0.74+0/2.2/0.003+0.28 ms cpu, 218->218->139 MB, 230 MB goal, 0 MB stacks, 0 MB globals, 20 P
gc 12999 @326.642s 1%: 1.9+0.48+0.003 ms clock, 39+0/1.1/0+0.073 ms cpu, 258->258->122 MB, 280 MB goal, 0 MB stacks, 0 MB globals, 20 P
gc 13000 @326.653s 1%: 0.034+0.90+0.012 ms clock, 0.68+0/1.1/0.10+0.24 ms cpu, 223->228->143 MB, 246 MB goal, 0 MB stacks, 0 MB globals, 20 P
gc 13001 @326.664s 1%: 0.045+5.3+0.004 ms clock, 0.91+0/6.0/0+0.084 ms cpu, 288->289->150 MB, 288 MB goal, 0 MB stacks, 0 MB globals, 20 P
gc 13002 @326.679s 1%: 0.94+3.7+0.003 ms clock, 18+0/4.3/0+0.064 ms cpu, 292->292->130 MB, 301 MB goal, 0 MB stacks, 0 MB globals, 20 P
gc 13003 @326.697s 1%: 0.16+2.0+0.007 ms clock, 3.2+0/1.1/0.008+0.15 ms cpu, 251->259->128 MB, 261 MB goal, 0 MB stacks, 0 MB globals, 20 P
gc 13004 @326.710s 1%: 0.041+0.72+0.016 ms clock, 0.82+0.20/0.70/0+0.33 ms cpu, 250->254->145 MB, 257 MB goal, 0 MB stacks, 0 MB globals, 20 P
gc 13005 @326.719s 1%: 4.7+2.1+0.083 ms clock, 94+0/2.4/0+1.6 ms cpu, 289->303->155 MB, 291 MB goal, 0 MB stacks, 0 MB globals, 20 P
gc 13006 @326.739s 1%: 0.022+0.86+0.003 ms clock, 0.44+0.68/0.67/0+0.074 ms cpu, 297->297->138 MB, 310 MB goal, 0 MB stacks, 0 MB globals, 20 P
gc 13007 @326.753s 1%: 0.15+1.4+0.005 ms clock, 3.0+0/1.5/0+0.11 ms cpu, 270->274->132 MB, 277 MB goal, 0 MB stacks, 0 MB globals, 20 P
gc 13008 @326.764s 1%: 0.098+0.66+0.080 ms clock, 1.9+0/0.87/0+1.6 ms cpu, 250->253->148 MB, 264 MB goal, 0 MB stacks, 0 MB globals, 20 P
gc 13009 @326.776s 1%: 0.042+5.6+0.008 ms clock, 0.84+0/5.2/0+0.16 ms cpu, 287->298->166 MB, 297 MB goal, 0 MB stacks, 0 MB globals, 20 P
gc 13010 @326.795s 1%: 1.3+9.3+0.25 ms clock, 26+0/6.1/0+5.1 ms cpu, 321->351->153 MB, 332 MB goal, 0 MB stacks, 0 MB globals, 20 P
gc 13011 @326.816s 1%: 0.35+1.0+0.003 ms clock, 7.1+0/1.3/0+0.072 ms cpu, 279->286->129 MB, 307 MB goal, 0 MB stacks, 0 MB globals, 20 P
gc 13012 @326.827s 1%: 0.16+0.80+0.21 ms clock, 3.2+0/0.92/0+4.2 ms cpu, 231->241->123 MB, 260 MB goal, 0 MB stacks, 0 MB globals, 20 P
gc 13013 @326.834s 1%: 0.020+2.3+0.004 ms clock, 0.41+0.21/2.5/0+0.086 ms cpu, 230->230->136 MB, 246 MB goal, 0 MB stacks, 0 MB globals, 20 P
gc 13014 @326.851s 1%: 0.099+2.5+0.13 ms clock, 1.9+0/1.1/0+2.6 ms cpu, 250->281->152 MB, 273 MB goal, 0 MB stacks, 0 MB globals, 20 P
gc 13015 @326.865s 1%: 0.14+1.5+0.003 ms clock, 2.8+0/1.8/0+0.075 ms cpu, 282->294->133 MB, 304 MB goal, 0 MB stacks, 0 MB globals, 20 P
gc 13016 @326.876s 1%: 0.30+1.1+0.022 ms clock, 6.0+0/0.88/0.008+0.44 ms cpu, 237->249->120 MB, 267 MB goal, 0 MB stacks, 0 MB globals, 20 P
gc 13017 @326.882s 1%: 0.66+1.6+0.013 ms clock, 13+0/2.0/0+0.26 ms cpu, 215->226->140 MB, 241 MB goal, 0 MB stacks, 0 MB globals, 20 P
gc 13018 @326.893s 1%: 0.61+0.81+6.7 ms clock, 12+0/1.3/0.010+135 ms cpu, 257->273->135 MB, 281 MB goal, 0 MB stacks, 0 MB globals, 20 P
gc 13019 @326.912s 1%: 0.22+3.6+3.7 ms clock, 4.4+0/1.2/0+75 ms cpu, 249->296->160 MB, 271 MB goal, 0 MB stacks, 0 MB globals, 20 P
gc 13020 @326.929s 1%: 0.020+1.4+0.003 ms clock, 0.41+0.078/0.98/0+0.069 ms cpu, 274->292->128 MB, 320 MB goal, 0 MB stacks, 0 MB globals, 20 P
gc 13021 @326.937s 1%: 0.032+1.5+0.016 ms clock, 0.65+0/2.0/0+0.32 ms cpu, 220->220->145 MB, 256 MB goal, 0 MB stacks, 0 MB globals, 20 P
gc 13022 @326.948s 1%: 0.28+6.6+0.89 ms clock, 5.6+0/1.4/0+17 ms cpu, 249->285->157 MB, 290 MB goal, 0 MB stacks, 0 MB globals, 20 P
gc 13023 @326.965s 1%: 0.31+4.4+0.008 ms clock, 6.3+0/1.3/0+0.16 ms cpu, 272->305->157 MB, 315 MB goal, 0 MB stacks, 0 MB globals, 20 P
gc 13024 @326.978s 1%: 0.52+0.52+0.003 ms clock, 10+0/0.75/0+0.076 ms cpu, 269->271->120 MB, 314 MB goal, 0 MB stacks, 0 MB globals, 20 P
gc 13025 @326.986s 1%: 0.048+0.38+0.012 ms clock, 0.97+0.045/0.83/0+0.24 ms cpu, 212->212->140 MB, 241 MB goal, 0 MB stacks, 0 MB globals, 20 P
gc 13026 @326.995s 1%: 0.24+1.9+0.11 ms clock, 4.8+0/2.4/0+2.3 ms cpu, 251->273->147 MB, 282 MB goal, 0 MB stacks, 0 MB globals, 20 P
gc 13027 @327.011s 1%: 0.045+5.3+4.0 ms clock, 0.91+0/1.1/0+80 ms cpu, 271->299->150 MB, 295 MB goal, 0 MB stacks, 0 MB globals, 20 P
gc 13028 @327.032s 1%: 0.15+1.2+0.003 ms clock, 3.0+0/0.87/0.006+0.077 ms cpu, 269->283->123 MB, 301 MB goal, 0 MB stacks, 0 MB globals, 20 P
gc 13029 @327.039s 1%: 0.032+3.8+0.008 ms clock, 0.64+0/4.2/0+0.16 ms cpu, 246->246->150 MB, 248 MB goal, 0 MB stacks, 0 MB globals, 20 P
gc 13030 @327.053s 1%: 0.020+2.4+0.028 ms clock, 0.41+0.18/1.7/0+0.57 ms cpu, 274->305->162 MB, 300 MB goal, 0 MB stacks, 0 MB globals, 20 P
gc 13031 @327.067s 1%: 0.040+0.53+1.7 ms clock, 0.81+0/0.83/0+34 ms cpu, 298->303->144 MB, 324 MB goal, 0 MB stacks, 0 MB globals, 20 P
gc 13032 @327.078s 1%: 0.040+2.9+0.014 ms clock, 0.81+0/3.2/0.001+0.28 ms cpu, 261->262->149 MB, 289 MB goal, 0 MB stacks, 0 MB globals, 20 P
gc 13033 @327.090s 1%: 0.054+0.67+0.010 ms clock, 1.0+0/1.0/0+0.20 ms cpu, 268->270->135 MB, 299 MB goal, 0 MB stacks, 0 MB globals, 20 P
gc 13034 @327.099s 1%: 0.49+0.91+0.093 ms clock, 9.8+0/1.2/0+1.8 ms cpu, 240->254->142 MB, 270 MB goal, 0 MB stacks, 0 MB globals, 20 P
gc 13035 @327.114s 1%: 0.17+7.1+1.6 ms clock, 3.4+0/1.9/0+33 ms cpu, 261->304->162 MB, 285 MB goal, 0 MB stacks, 0 MB globals, 20 P
gc 13036 @327.134s 1%: 0.31+3.3+2.4 ms clock, 6.3+0/1.3/0.009+49 ms cpu, 287->324->156 MB, 325 MB goal, 0 MB stacks, 0 MB globals, 20 P
gc 13037 @327.151s 1%: 0.41+0.60+0.006 ms clock, 8.3+0/1.1/0.025+0.12 ms cpu, 273->273->117 MB, 312 MB goal, 0 MB stacks, 0 MB globals, 20 P
gc 13038 @327.158s 1%: 0.99+0.66+0.016 ms clock, 19+0/0.96/0.008+0.32 ms cpu, 208->208->146 MB, 234 MB goal, 0 MB stacks, 0 MB globals, 20 P
gc 13039 @327.170s 1%: 0.021+1.0+0.008 ms clock, 0.42+0.73/0.88/0+0.16 ms cpu, 259->259->125 MB, 293 MB goal, 0 MB stacks, 0 MB globals, 20 P
gc 13040 @327.180s 1%: 0.26+1.1+0.14 ms clock, 5.3+0.029/0.78/0+2.8 ms cpu, 213->227->121 MB, 250 MB goal, 0 MB stacks, 0 MB globals, 20 P
gc 13041 @327.187s 1%: 3.1+1.2+0.038 ms clock, 63+0/1.6/0+0.77 ms cpu, 210->221->139 MB, 243 MB goal, 0 MB stacks, 0 MB globals, 20 P
gc 13042 @327.201s 1%: 4.2+0.68+0.082 ms clock, 84+0/1.1/0.020+1.6 ms cpu, 239->251->129 MB, 280 MB goal, 0 MB stacks, 0 MB globals, 20 P
gc 13043 @327.215s 1%: 0.11+1.0+1.1 ms clock, 2.2+0/1.5/0+23 ms cpu, 238->245->143 MB, 258 MB goal, 0 MB stacks, 0 MB globals, 20 P
gc 13044 @327.232s 1%: 1.4+6.2+3.1 ms clock, 29+0/4.3/0+63 ms cpu, 275->292->134 MB, 288 MB goal, 0 MB stacks, 0 MB globals, 20 P
gc 13045 @327.252s 1%: 0.034+0.43+0.009 ms clock, 0.69+0/1.1/0+0.18 ms cpu, 252->252->138 MB, 269 MB goal, 0 MB stacks, 0 MB globals, 20 P
gc 13046 @327.263s 1%: 0.14+3.0+0.009 ms clock, 2.9+0/3.5/0+0.19 ms cpu, 266->281->135 MB, 277 MB goal, 0 MB stacks, 0 MB globals, 20 P
gc 13047 @327.276s 1%: 0.057+0.73+0.15 ms clock, 1.1+0/1.2/0.015+3.0 ms cpu, 259->262->118 MB, 271 MB goal, 0 MB stacks, 0 MB globals, 20 P
gc 13048 @327.283s 1%: 0.043+2.5+0.014 ms clock, 0.86+0/3.0/0+0.29 ms cpu, 227->227->149 MB, 237 MB goal, 0 MB stacks, 0 MB globals, 20 P
gc 13049 @327.298s 1%: 2.5+11+0.078 ms clock, 51+0/6.6/0+1.5 ms cpu, 290->345->189 MB, 300 MB goal, 0 MB stacks, 0 MB globals, 20 P
gc 13050 @327.325s 1%: 0.042+1.1+0.008 ms clock, 0.84+0/1.5/0+0.17 ms cpu, 344->344->149 MB, 379 MB goal, 0 MB stacks, 0 MB globals, 20 P
gc 13051 @327.336s 1%: 0.66+2.0+3.0 ms clock, 13+0/1.3/0+60 ms cpu, 261->287->152 MB, 298 MB goal, 0 MB stacks, 0 MB globals, 20 P
gc 13052 @327.351s 1%: 0.019+1.3+0.96 ms clock, 0.39+0.10/2.3/0+19 ms cpu, 265->288->136 MB, 304 MB goal, 0 MB stacks, 0 MB globals, 20 P
gc 13053 @327.364s 1%: 0.020+1.9+0.25 ms clock, 0.41+0.083/1.4/0+5.0 ms cpu, 236->261->136 MB, 273 MB goal, 0 MB stacks, 0 MB globals, 20 P
gc 13054 @327.374s 1%: 0.034+0.63+0.019 ms clock, 0.69+0/0.93/0+0.39 ms cpu, 238->238->130 MB, 273 MB goal, 0 MB stacks, 0 MB globals, 20 P
gc 13055 @327.384s 1%: 0.036+2.4+0.008 ms clock, 0.73+0/2.9/0+0.17 ms cpu, 228->228->131 MB, 261 MB goal, 0 MB stacks, 0 MB globals, 20 P
gc 13056 @327.393s 1%: 0.060+4.1+0.20 ms clock, 1.2+0/4.5/0+4.1 ms cpu, 242->242->136 MB, 263 MB goal, 0 MB stacks, 0 MB globals, 20 P
gc 13057 @327.408s 1%: 0.064+1.0+0.004 ms clock, 1.2+0/1.6/0+0.081 ms cpu, 242->243->114 MB, 274 MB goal, 0 MB stacks, 0 MB globals, 20 P
gc 13058 @327.415s 1%: 0.035+1.2+0.012 ms clock, 0.71+0/1.6/0+0.25 ms cpu, 206->206->143 MB, 230 MB goal, 0 MB stacks, 0 MB globals, 20 P
gc 13059 @327.429s 1%: 0.080+8.1+0.010 ms clock, 1.6+0/3.9/0+0.21 ms cpu, 276->286->148 MB, 287 MB goal, 0 MB stacks, 0 MB globals, 20 P
gc 13060 @327.451s 1%: 0.32+1.1+1.2 ms clock, 6.4+0/1.1/0+24 ms cpu, 278->292->138 MB, 297 MB goal, 0 MB stacks, 0 MB globals, 20 P
gc 13061 @327.464s 1%: 0.21+0.50+0.015 ms clock, 4.3+0.029/0.84/0.004+0.30 ms cpu, 252->256->146 MB, 277 MB goal, 0 MB stacks, 0 MB globals, 20 P
gc 13062 @327.478s 1%: 0.42+0.58+0.24 ms clock, 8.4+0/1.0/0+4.8 ms cpu, 279->282->125 MB, 292 MB goal, 0 MB stacks, 0 MB globals, 20 P
gc 13063 @327.489s 1%: 0.055+0.70+0.018 ms clock, 1.1+0/0.90/0+0.36 ms cpu, 238->240->141 MB, 252 MB goal, 0 MB stacks, 0 MB globals, 20 P
gc 13064 @327.502s 1%: 4.8+0.51+0.14 ms clock, 96+0/1.0/0+2.9 ms cpu, 269->273->123 MB, 283 MB goal, 0 MB stacks, 0 MB globals, 20 P
gc 13065 @327.517s 1%: 0.042+0.82+1.4 ms clock, 0.85+0/1.3/0+29 ms cpu, 233->241->143 MB, 247 MB goal, 0 MB stacks, 0 MB globals, 20 P
gc 13066 @327.531s 1%: 4.4+0.58+0.028 ms clock, 89+0/0.84/0+0.57 ms cpu, 279->297->134 MB, 286 MB goal, 0 MB stacks, 0 MB globals, 20 P
gc 13067 @327.548s 1%: 0.021+3.8+3.7 ms clock, 0.42+0.20/1.1/0+75 ms cpu, 256->279->134 MB, 268 MB goal, 0 MB stacks, 0 MB globals, 20 P
gc 13068 @327.566s 1%: 0.041+0.85+0.091 ms clock, 0.82+0/1.1/0+1.8 ms cpu, 248->254->136 MB, 269 MB goal, 0 MB stacks, 0 MB globals, 20 P
gc 13069 @327.573s 1%: 0.57+1.1+0.089 ms clock, 11+0/1.7/0+1.7 ms cpu, 261->286->157 MB, 272 MB goal, 0 MB stacks, 0 MB globals, 20 P
gc 13070 @327.593s 1%: 3.3+6.8+0.094 ms clock, 66+0/6.0/0+1.8 ms cpu, 298->328->160 MB, 314 MB goal, 0 MB stacks, 0 MB globals, 20 P
gc 13071 @327.617s 1%: 0.70+3.0+0.008 ms clock, 14+0/1.6/0+0.17 ms cpu, 300->329->160 MB, 322 MB goal, 0 MB stacks, 0 MB globals, 20 P
gc 13072 @327.633s 1%: 0.091+1.4+0.095 ms clock, 1.8+0/1.6/0+1.9 ms cpu, 312->312->145 MB, 322 MB goal, 0 MB stacks, 0 MB globals, 20 P
gc 13073 @327.645s 1%: 0.049+3.4+0.010 ms clock, 0.99+0/2.5/0+0.20 ms cpu, 265->287->156 MB, 290 MB goal, 0 MB stacks, 0 MB globals, 20 P
gc 13074 @327.661s 1%: 0.022+5.1+0.003 ms clock, 0.45+0/1.2/0+0.067 ms cpu, 299->313->150 MB, 312 MB goal, 0 MB stacks, 0 MB globals, 20 P
gc 13075 @327.676s 1%: 0.017+1.0+0.003 ms clock, 0.35+0.10/1.5/0+0.065 ms cpu, 277->280->120 MB, 302 MB goal, 0 MB stacks, 0 MB globals, 20 P
gc 13076 @327.684s 1%: 0.035+1.3+0.013 ms clock, 0.71+0/2.0/0.024+0.26 ms cpu, 225->226->150 MB, 242 MB goal, 0 MB stacks, 0 MB globals, 20 P
gc 13077 @327.697s 1%: 0.28+3.2+0.87 ms clock, 5.6+0/0.98/0.005+17 ms cpu, 275->288->124 MB, 301 MB goal, 0 MB stacks, 0 MB globals, 20 P
gc 13078 @327.708s 1%: 0.055+1.7+0.010 ms clock, 1.1+0/2.4/0+0.21 ms cpu, 228->228->144 MB, 249 MB goal, 0 MB stacks, 0 MB globals, 20 P
gc 13079 @327.720s 1%: 0.15+1.6+0.032 ms clock, 3.1+0/2.2/0+0.64 ms cpu, 269->287->144 MB, 288 MB goal, 0 MB stacks, 0 MB globals, 20 P
gc 13080 @327.734s 1%: 0.020+3.1+0.006 ms clock, 0.41+0.13/1.0/0.008+0.12 ms cpu, 271->293->143 MB, 289 MB goal, 0 MB stacks, 0 MB globals, 20 P
gc 13081 @327.748s 1%: 0.25+0.63+0.006 ms clock, 5.0+0/1.2/0.046+0.12 ms cpu, 265->265->114 MB, 286 MB goal, 0 MB stacks, 0 MB globals, 20 P
gc 13082 @327.754s 1%: 0.070+1.4+0.014 ms clock, 1.4+0/1.7/0+0.29 ms cpu, 218->218->145 MB, 230 MB goal, 0 MB stacks, 0 MB globals, 20 P
gc 13083 @327.767s 1%: 0.044+0.88+0.008 ms clock, 0.89+0/1.1/0+0.17 ms cpu, 275->275->139 MB, 292 MB goal, 0 MB stacks, 0 MB globals, 20 P
gc 13084 @327.777s 1%: 1.1+0.50+0.008 ms clock, 23+0.057/0.73/0+0.17 ms cpu, 257->259->119 MB, 279 MB goal, 0 MB stacks, 0 MB globals, 20 P
gc 13085 @327.785s 1%: 0.35+3.6+0.009 ms clock, 7.1+0/1.9/0+0.18 ms cpu, 218->244->148 MB, 240 MB goal, 0 MB stacks, 0 MB globals, 20 P
gc 13086 @327.802s 1%: 0.25+0.67+1.8 ms clock, 5.1+0.035/0.70/0+37 ms cpu, 271->286->132 MB, 297 MB goal, 0 MB stacks, 0 MB globals, 20 P
gc 13087 @327.815s 1%: 0.088+0.41+0.005 ms clock, 1.7+0/1.1/0.004+0.10 ms cpu, 240->240->108 MB, 266 MB goal, 0 MB stacks, 0 MB globals, 20 P
gc 13088 @327.822s 1%: 0.11+8.6+0.017 ms clock, 2.2+0/2.3/0+0.34 ms cpu, 201->222->148 MB, 218 MB goal, 0 MB stacks, 0 MB globals, 20 P
gc 13089 @327.841s 1%: 0.20+5.8+0.080 ms clock, 4.1+0/5.7/0+1.6 ms cpu, 286->324->160 MB, 297 MB goal, 0 MB stacks, 0 MB globals, 20 P
gc 13090 @327.861s 1%: 0.60+2.3+3.9 ms clock, 12+0/1.4/0+78 ms cpu, 286->321->155 MB, 322 MB goal, 0 MB stacks, 0 MB globals, 20 P
gc 13091 @327.877s 1%: 0.017+2.5+0.41 ms clock, 0.35+0/1.4/0+8.2 ms cpu, 278->309->156 MB, 311 MB goal, 0 MB stacks, 0 MB globals, 20 P
gc 13092 @327.890s 1%: 0.14+3.1+0.28 ms clock, 2.9+0/1.5/0.002+5.6 ms cpu, 284->327->162 MB, 313 MB goal, 0 MB stacks, 0 MB globals, 20 P
gc 13093 @327.904s 1%: 0.053+1.8+0.011 ms clock, 1.0+0/1.4/0.12+0.22 ms cpu, 290->323->151 MB, 325 MB goal, 0 MB stacks, 0 MB globals, 20 P
gc 13094 @327.917s 1%: 0.14+0.98+0.003 ms clock, 2.8+0/1.1/0.003+0.074 ms cpu, 262->272->120 MB, 304 MB goal, 0 MB stacks, 0 MB globals, 20 P
gc 13095 @327.922s 1%: 0.86+1.2+0.021 ms clock, 17+0.013/1.4/0+0.42 ms cpu, 213->227->145 MB, 241 MB goal, 0 MB stacks, 0 MB globals, 20 P
gc 13096 @327.934s 1%: 0.43+1.1+0.006 ms clock, 8.7+0/1.5/0+0.12 ms cpu, 257->265->129 MB, 291 MB goal, 0 MB stacks, 0 MB globals, 20 P
gc 13097 @327.941s 1%: 0.079+0.50+0.097 ms clock, 1.5+0/0.79/0.003+1.9 ms cpu, 223->223->163 MB, 258 MB goal, 0 MB stacks, 0 MB globals, 20 P
gc 13098 @327.951s 1%: 0.28+3.6+0.083 ms clock, 5.6+0/4.1/0.018+1.6 ms cpu, 289->300->144 MB, 327 MB goal, 0 MB stacks, 0 MB globals, 20 P
gc 13099 @327.969s 1%: 0.042+0.48+0.024 ms clock, 0.84+0.063/0.76/0+0.48 ms cpu, 269->272->139 MB, 289 MB goal, 0 MB stacks, 0 MB globals, 20 P
gc 13100 @327.981s 1%: 0.040+2.6+0.003 ms clock, 0.81+0/3.1/0.021+0.069 ms cpu, 267->267->144 MB, 279 MB goal, 0 MB stacks, 0 MB globals, 20 P
gc 13101 @327.993s 1%: 3.9+0.93+0.060 ms clock, 79+0/0.86/0+1.2 ms cpu, 278->297->144 MB, 289 MB goal, 0 MB stacks, 0 MB globals, 20 P
gc 13102 @328.010s 1%: 0.11+1.8+0.013 ms clock, 2.3+0/1.8/0+0.26 ms cpu, 271->291->138 MB, 288 MB goal, 0 MB stacks, 0 MB globals, 20 P
gc 13103 @328.022s 1%: 0.037+1.0+0.089 ms clock, 0.74+0/1.5/0+1.7 ms cpu, 268->279->155 MB, 277 MB goal, 0 MB stacks, 0 MB globals, 20 P
gc 13104 @328.034s 1%: 0.043+3.7+0.003 ms clock, 0.87+0/4.2/0.007+0.076 ms cpu, 298->300->141 MB, 311 MB goal, 0 MB stacks, 0 MB globals, 20 P
gc 13105 @328.049s 1%: 0.11+6.5+2.9 ms clock, 2.2+0/2.8/0.045+58 ms cpu, 264->309->164 MB, 282 MB goal, 0 MB stacks, 0 MB globals, 20 P
gc 13106 @328.069s 1%: 1.5+3.7+0.092 ms clock, 30+0/1.5/0+1.8 ms cpu, 286->319->153 MB, 329 MB goal, 0 MB stacks, 0 MB globals, 20 P
gc 13107 @328.086s 1%: 0.020+1.3+0.95 ms clock, 0.40+0/1.5/0.004+19 ms cpu, 270->291->140 MB, 306 MB goal, 0 MB stacks, 0 MB globals, 20 P
gc 13108 @328.097s 1%: 0.037+0.65+0.15 ms clock, 0.74+0/1.0/0+3.0 ms cpu, 240->240->136 MB, 281 MB goal, 0 MB stacks, 0 MB globals, 20 P
gc 13109 @328.104s 1%: 0.043+2.8+0.003 ms clock, 0.86+0/3.2/0+0.074 ms cpu, 240->240->136 MB, 273 MB goal, 0 MB stacks, 0 MB globals, 20 P
gc 13110 @328.115s 1%: 0.020+5.7+0.053 ms clock, 0.40+0.15/0.67/0+1.0 ms cpu, 235->283->162 MB, 273 MB goal, 0 MB stacks, 0 MB globals, 20 P
gc 13111 @328.133s 1%: 0.67+6.4+2.1 ms clock, 13+0/4.0/0+43 ms cpu, 285->317->143 MB, 326 MB goal, 0 MB stacks, 0 MB globals, 20 P
gc 13112 @328.152s 1%: 0.031+0.43+0.015 ms clock, 0.62+0/0.78/0+0.30 ms cpu, 247->247->133 MB, 288 MB goal, 0 MB stacks, 0 MB globals, 20 P
gc 13113 @328.161s 1%: 0.11+3.6+0.075 ms clock, 2.2+0/1.5/0+1.5 ms cpu, 238->245->144 MB, 267 MB goal, 0 MB stacks, 0 MB globals, 20 P
gc 13114 @328.177s 1%: 1.5+0.46+0.003 ms clock, 30+0.038/0.73/0+0.070 ms cpu, 246->246->113 MB, 289 MB goal, 0 MB stacks, 0 MB globals, 20 P
gc 13115 @328.184s 1%: 0.12+1.2+0.015 ms clock, 2.4+0/2.0/0+0.31 ms cpu, 213->213->144 MB, 226 MB goal, 0 MB stacks, 0 MB globals, 20 P
gc 13116 @328.198s 1%: 1.0+0.49+0.37 ms clock, 20+0/0.83/0+7.5 ms cpu, 247->252->126 MB, 288 MB goal, 0 MB stacks, 0 MB globals, 20 P
gc 13117 @328.205s 1%: 0.048+2.0+0.009 ms clock, 0.96+0/2.5/0+0.18 ms cpu, 231->231->154 MB, 252 MB goal, 0 MB stacks, 0 MB globals, 20 P
gc 13118 @328.217s 1%: 0.056+5.8+0.022 ms clock, 1.1+0/1.2/0+0.45 ms cpu, 268->309->173 MB, 309 MB goal, 0 MB stacks, 0 MB globals, 20 P
gc 13119 @328.237s 1%: 0.38+6.1+0.080 ms clock, 7.7+0/6.5/0+1.6 ms cpu, 321->360->172 MB, 348 MB goal, 0 MB stacks, 0 MB globals, 20 P
gc 13120 @328.257s 1%: 0.52+1.0+0.023 ms clock, 10+0/1.5/0+0.47 ms cpu, 310->322->146 MB, 345 MB goal, 0 MB stacks, 0 MB globals, 20 P
gc 13121 @328.268s 1%: 0.019+1.5+1.2 ms clock, 0.39+0/1.8/0.004+24 ms cpu, 260->284->149 MB, 293 MB goal, 0 MB stacks, 0 MB globals, 20 P
gc 13122 @328.279s 1%: 0.035+0.72+0.014 ms clock, 0.71+0/1.3/0.002+0.28 ms cpu, 261->261->141 MB, 299 MB goal, 0 MB stacks, 0 MB globals, 20 P
gc 13123 @328.288s 1%: 0.067+0.91+0.76 ms clock, 1.3+0/0.93/0+15 ms cpu, 243->260->135 MB, 283 MB goal, 0 MB stacks, 0 MB globals, 20 P
gc 13124 @328.296s 1%: 0.056+0.50+0.099 ms clock, 1.1+0.065/0.83/0+1.9 ms cpu, 234->236->133 MB, 271 MB goal, 0 MB stacks, 0 MB globals, 20 P
gc 13125 @328.307s 1%: 0.041+0.52+0.012 ms clock, 0.82+0/1.0/0.051+0.24 ms cpu, 231->231->132 MB, 267 MB goal, 0 MB stacks, 0 MB globals, 20 P
gc 13126 @328.314s 1%: 0.11+1.3+1.8 ms clock, 2.2+0/1.4/0+36 ms cpu, 230->243->147 MB, 265 MB goal, 0 MB stacks, 0 MB globals, 20 P
gc 13127 @328.333s 1%: 0.70+0.47+0.005 ms clock, 14+0/0.82/0+0.11 ms cpu, 271->271->118 MB, 294 MB goal, 0 MB stacks, 0 MB globals, 20 P
gc 13128 @328.341s 1%: 0.019+0.63+0.49 ms clock, 0.38+0.12/0.83/0+9.9 ms cpu, 214->233->139 MB, 237 MB goal, 0 MB stacks, 0 MB globals, 20 P
gc 13129 @328.352s 1%: 0.042+0.98+0.005 ms clock, 0.84+0/1.7/0+0.10 ms cpu, 255->255->141 MB, 278 MB goal, 0 MB stacks, 0 MB globals, 20 P
gc 13130 @328.363s 1%: 0.018+7.7+0.089 ms clock, 0.37+0/6.4/0+1.7 ms cpu, 268->316->169 MB, 282 MB goal, 0 MB stacks, 0 MB globals, 20 P
gc 13131 @328.383s 1%: 0.93+0.62+0.004 ms clock, 18+0/0.70/0+0.086 ms cpu, 293->298->127 MB, 340 MB goal, 0 MB stacks, 0 MB globals, 20 P
gc 13132 @328.391s 1%: 0.032+1.3+0.013 ms clock, 0.65+0/1.9/0+0.26 ms cpu, 223->223->154 MB, 255 MB goal, 0 MB stacks, 0 MB globals, 20 P
gc 13133 @328.400s 1%: 4.0+5.7+2.5 ms clock, 80+0/1.1/0+51 ms cpu, 263->297->165 MB, 309 MB goal, 0 MB stacks, 0 MB globals, 20 P
gc 13134 @328.423s 1%: 1.0+2.0+0.52 ms clock, 20+0/1.2/0+10 ms cpu, 285->311->151 MB, 330 MB goal, 0 MB stacks, 0 MB globals, 20 P
gc 13135 @328.438s 1%: 0.022+3.3+0.37 ms clock, 0.44+0.046/1.2/0.003+7.5 ms cpu, 262->294->147 MB, 303 MB goal, 0 MB stacks, 0 MB globals, 20 P
gc 13136 @328.452s 1%: 0.016+0.48+0.029 ms clock, 0.33+0.092/0.87/0.018+0.59 ms cpu, 250->255->115 MB, 294 MB goal, 0 MB stacks, 0 MB globals, 20 P
gc 13137 @328.458s 1%: 0.46+2.1+0.56 ms clock, 9.3+0/1.4/0.019+11 ms cpu, 199->221->151 MB, 230 MB goal, 0 MB stacks, 0 MB globals, 20 P
gc 13138 @328.471s 1%: 0.25+3.2+1.0 ms clock, 5.0+0/1.3/0.008+21 ms cpu, 270->294->144 MB, 302 MB goal, 0 MB stacks, 0 MB globals, 20 P
gc 13139 @328.485s 1%: 0.037+0.95+0.003 ms clock, 0.74+0/1.4/0.003+0.063 ms cpu, 261->267->117 MB, 289 MB goal, 0 MB stacks, 0 MB globals, 20 P
gc 13140 @328.491s 1%: 0.031+0.38+0.026 ms clock, 0.63+0.17/0.64/0+0.52 ms cpu, 205->217->150 MB, 235 MB goal, 0 MB stacks, 0 MB globals, 20 P
gc 13141 @328.503s 1%: 0.047+5.0+0.005 ms clock, 0.94+0/5.3/0+0.11 ms cpu, 287->287->133 MB, 302 MB goal, 0 MB stacks, 0 MB globals, 20 P
gc 13142 @328.518s 1%: 0.81+3.3+0.008 ms clock, 16+0/1.9/0+0.16 ms cpu, 257->275->133 MB, 267 MB goal, 0 MB stacks, 0 MB globals, 20 P
gc 13143 @328.533s 1%: 0.021+0.44+0.005 ms clock, 0.42+0.11/0.70/0+0.10 ms cpu, 255->255->136 MB, 267 MB goal, 0 MB stacks, 0 MB globals, 20 P
gc 13144 @328.543s 1%: 0.069+3.2+0.016 ms clock, 1.3+0.034/0.78/0+0.33 ms cpu, 258->292->163 MB, 273 MB goal, 0 MB stacks, 0 MB globals, 20 P
gc 13145 @328.559s 1%: 1.3+0.41+0.006 ms clock, 27+0/0.87/0+0.13 ms cpu, 294->296->116 MB, 327 MB goal, 0 MB stacks, 0 MB globals, 20 P
gc 13146 @328.565s 1%: 0.036+1.5+0.008 ms clock, 0.73+0/2.0/0+0.17 ms cpu, 211->211->147 MB, 233 MB goal, 0 MB stacks, 0 MB globals, 20 P
gc 13147 @328.578s 1%: 0.32+3.6+0.15 ms clock, 6.5+0/2.4/0+3.1 ms cpu, 265->295->157 MB, 294 MB goal, 0 MB stacks, 0 MB globals, 20 P
gc 13148 @328.593s 1%: 0.70+0.65+0.006 ms clock, 14+0/0.94/0.001+0.12 ms cpu, 282->287->128 MB, 315 MB goal, 0 MB stacks, 0 MB globals, 20 P
gc 13149 @328.601s 1%: 0.062+0.47+0.091 ms clock, 1.2+0.23/0.61/0+1.8 ms cpu, 236->250->173 MB, 256 MB goal, 0 MB stacks, 0 MB globals, 20 P
gc 13150 @328.616s 1%: 2.0+6.6+0.093 ms clock, 40+0/6.3/0+1.8 ms cpu, 314->343->171 MB, 346 MB goal, 0 MB stacks, 0 MB globals, 20 P
gc 13151 @328.640s 1%: 0.27+2.7+0.031 ms clock, 5.4+0/1.6/0+0.62 ms cpu, 313->340->166 MB, 343 MB goal, 0 MB stacks, 0 MB globals, 20 P
gc 13152 @328.654s 1%: 0.039+0.79+0.088 ms clock, 0.78+0/1.1/0.025+1.7 ms cpu, 311->311->146 MB, 332 MB goal, 0 MB stacks, 0 MB globals, 20 P
gc 13153 @328.668s 1%: 0.021+1.1+0.12 ms clock, 0.42+0.92/0.83/0.047+2.4 ms cpu, 269->269->129 MB, 293 MB goal, 0 MB stacks, 0 MB globals, 20 P
gc 13154 @328.684s 1%: 0.037+1.5+0.009 ms clock, 0.75+0/1.1/0.003+0.18 ms cpu, 230->244->130 MB, 259 MB goal, 0 MB stacks, 0 MB globals, 20 P
gc 13155 @328.694s 1%: 0.042+4.1+0.091 ms clock, 0.85+0/4.5/0+1.8 ms cpu, 247->261->166 MB, 261 MB goal, 0 MB stacks, 0 MB globals, 20 P
gc 13156 @328.714s 1%: 1.1+3.8+0.003 ms clock, 22+0/1.8/0+0.074 ms cpu, 304->316->127 MB, 333 MB goal, 0 MB stacks, 0 MB globals, 20 P
gc 13157 @328.728s 1%: 0.062+0.75+0.039 ms clock, 1.2+0/1.1/0.004+0.79 ms cpu, 232->236->134 MB, 255 MB goal, 0 MB stacks, 0 MB globals, 20 P
gc 13158 @328.738s 1%: 0.039+1.3+0.074 ms clock, 0.78+0/1.7/0+1.4 ms cpu, 250->263->149 MB, 269 MB goal, 0 MB stacks, 0 MB globals, 20 P
gc 13159 @328.754s 1%: 0.042+3.5+0.009 ms clock, 0.84+0/3.9/0+0.18 ms cpu, 289->289->136 MB, 300 MB goal, 0 MB stacks, 0 MB globals, 20 P
gc 13160 @328.768s 1%: 0.075+0.50+0.081 ms clock, 1.5+0.036/0.70/0+1.6 ms cpu, 270->270->141 MB, 273 MB goal, 0 MB stacks, 0 MB globals, 20 P
gc 13161 @328.777s 1%: 0.040+0.97+0.024 ms clock, 0.80+0/1.7/0+0.49 ms cpu, 274->274->138 MB, 283 MB goal, 0 MB stacks, 0 MB globals, 20 P
gc 13162 @328.788s 1%: 0.12+1.4+0.003 ms clock, 2.5+0/1.6/0+0.070 ms cpu, 264->270->124 MB, 277 MB goal, 0 MB stacks, 0 MB globals, 20 P
gc 13163 @328.797s 1%: 0.033+0.51+0.17 ms clock, 0.67+0/0.78/0+3.5 ms cpu, 237->241->140 MB, 249 MB goal, 0 MB stacks, 0 MB globals, 20 P
gc 13164 @328.810s 1%: 0.22+1.0+0.005 ms clock, 4.4+0/1.6/0.011+0.11 ms cpu, 274->279->128 MB, 281 MB goal, 0 MB stacks, 0 MB globals, 20 P
gc 13165 @328.822s 1%: 0.017+0.76+0.25 ms clock, 0.35+0/0.93/0.006+5.0 ms cpu, 245->253->131 MB, 257 MB goal, 0 MB stacks, 0 MB globals, 20 P
gc 13166 @328.830s 1%: 0.11+3.1+0.003 ms clock, 2.2+0/3.6/0+0.071 ms cpu, 255->255->137 MB, 262 MB goal, 0 MB stacks, 0 MB globals, 20 P
gc 13167 @328.847s 1%: 0.20+1.2+0.006 ms clock, 4.0+0/1.5/0+0.12 ms cpu, 269->269->127 MB, 275 MB goal, 0 MB stacks, 0 MB globals, 20 P
gc 13168 @328.860s 1%: 0.057+0.98+0.063 ms clock, 1.1+0.93/0.68/0+1.2 ms cpu, 250->250->114 MB, 255 MB goal, 0 MB stacks, 0 MB globals, 20 P
gc 13169 @328.868s 1%: 0.57+0.39+0.012 ms clock, 11+0/0.68/0+0.24 ms cpu, 231->231->149 MB, 232 MB goal, 0 MB stacks, 0 MB globals, 20 P
gc 13170 @328.884s 1%: 1.7+3.6+0.003 ms clock, 35+0/4.0/0.017+0.079 ms cpu, 294->294->133 MB, 299 MB goal, 0 MB stacks, 0 MB globals, 20 P
gc 13171 @328.902s 1%: 0.019+0.62+0.004 ms clock, 0.38+0/1.2/0+0.087 ms cpu, 263->263->122 MB, 267 MB goal, 0 MB stacks, 0 MB globals, 20 P
gc 13172 @328.913s 1%: 0.034+0.83+0.004 ms clock, 0.69+0.20/1.0/0+0.095 ms cpu, 237->237->129 MB, 244 MB goal, 0 MB stacks, 0 MB globals, 20 P
gc 13173 @328.928s 1%: 0.019+0.58+0.006 ms clock, 0.39+0.27/0.94/0+0.13 ms cpu, 253->255->118 MB, 258 MB goal, 0 MB stacks, 0 MB globals, 20 P
gc 13174 @328.935s 1%: 0.034+2.1+0.13 ms clock, 0.69+0/2.6/0+2.6 ms cpu, 240->240->151 MB, 241 MB goal, 0 MB stacks, 0 MB globals, 20 P
gc 13175 @328.957s 1%: 0.043+4.9+0.005 ms clock, 0.87+0/0.85/0+0.11 ms cpu, 306->306->129 MB, 306 MB goal, 0 MB stacks, 0 MB globals, 20 P
gc 13176 @328.970s 1%: 0.040+0.89+0.013 ms clock, 0.81+0/1.2/0+0.26 ms cpu, 251->251->135 MB, 258 MB goal, 0 MB stacks, 0 MB globals, 20 P
gc 13177 @328.984s 1%: 0.018+1.4+0.005 ms clock, 0.37+0.005/1.8/0+0.11 ms cpu, 266->269->118 MB, 271 MB goal, 0 MB stacks, 0 MB globals, 20 P
gc 13178 @328.991s 1%: 0.036+2.9+0.089 ms clock, 0.72+0/3.5/0+1.7 ms cpu, 245->245->159 MB, 245 MB goal, 0 MB stacks, 0 MB globals, 20 P
gc 13179 @329.010s 1%: 0.078+0.67+0.14 ms clock, 1.5+0/1.1/0.015+2.9 ms cpu, 313->313->147 MB, 319 MB goal, 0 MB stacks, 0 MB globals, 20 P
gc 13180 @329.026s 1%: 0.59+3.3+0.004 ms clock, 11+0/3.8/0+0.090 ms cpu, 299->299->132 MB, 299 MB goal, 0 MB stacks, 0 MB globals, 20 P
gc 13181 @329.040s 1%: 0.092+0.67+0.013 ms clock, 1.8+0/1.2/0+0.27 ms cpu, 258->258->151 MB, 265 MB goal, 0 MB stacks, 0 MB globals, 20 P
gc 13182 @329.055s 1%: 3.1+1.6+0.007 ms clock, 62+0/1.9/0+0.14 ms cpu, 295->295->137 MB, 303 MB goal, 0 MB stacks, 0 MB globals, 20 P
gc 13183 @329.071s 1%: 0.042+0.79+0.006 ms clock, 0.84+0.072/0.68/0+0.12 ms cpu, 271->271->125 MB, 274 MB goal, 0 MB stacks, 0 MB globals, 20 P
gc 13184 @329.084s 1%: 1.6+0.43+0.006 ms clock, 33+0/0.87/0+0.13 ms cpu, 247->247->127 MB, 250 MB goal, 0 MB stacks, 0 MB globals, 20 P
gc 13185 @329.098s 1%: 0.14+0.63+0.099 ms clock, 2.9+0.014/0.81/0+1.9 ms cpu, 252->254->119 MB, 255 MB goal, 0 MB stacks, 0 MB globals, 20 P
gc 13186 @329.105s 1%: 0.061+5.8+0.004 ms clock, 1.2+0/6.6/0.023+0.080 ms cpu, 238->238->141 MB, 240 MB goal, 0 MB stacks, 0 MB globals, 20 P
gc 13187 @329.125s 1%: 0.44+1.5+0.003 ms clock, 8.9+0/1.8/0+0.068 ms cpu, 281->281->131 MB, 283 MB goal, 0 MB stacks, 0 MB globals, 20 P
gc 13188 @329.143s 1%: 1.6+1.3+0.005 ms clock, 33+0/1.8/0.007+0.10 ms cpu, 266->266->122 MB, 266 MB goal, 0 MB stacks, 0 MB globals, 20 P
gc 13189 @329.157s 1%: 0.017+1.1+0.007 ms clock, 0.34+0/0.81/0+0.15 ms cpu, 243->245->119 MB, 246 MB goal, 0 MB stacks, 0 MB globals, 20 P
gc 13190 @329.167s 1%: 1.8+0.39+0.003 ms clock, 36+0/1.0/0.27+0.072 ms cpu, 236->236->118 MB, 239 MB goal, 0 MB stacks, 0 MB globals, 20 P
gc 13191 @329.182s 1%: 0.018+0.40+0.003 ms clock, 0.37+0/1.0/0.023+0.061 ms cpu, 233->236->110 MB, 236 MB goal, 0 MB stacks, 0 MB globals, 20 P
gc 13192 @329.191s 1%: 0.67+1.0+0.003 ms clock, 13+0/1.6/0.12+0.067 ms cpu, 223->223->129 MB, 223 MB goal, 0 MB stacks, 0 MB globals, 20 P
gc 13193 @329.206s 1%: 0.060+4.6+0.005 ms clock, 1.2+0/5.2/0.027+0.11 ms cpu, 259->259->118 MB, 259 MB goal, 0 MB stacks, 0 MB globals, 20 P
gc 13194 @329.219s 1%: 1.0+0.88+0.007 ms clock, 20+0/1.5/0+0.15 ms cpu, 235->235->128 MB, 237 MB goal, 0 MB stacks, 0 MB globals, 20 P
gc 13195 @329.233s 1%: 0.020+4.3+0.005 ms clock, 0.40+0/2.0/0+0.10 ms cpu, 264->264->132 MB, 264 MB goal, 0 MB stacks, 0 MB globals, 20 P
gc 13196 @329.249s 1%: 0.40+3.6+0.26 ms clock, 8.0+0/0.95/0+5.3 ms cpu, 261->281->136 MB, 264 MB goal, 0 MB stacks, 0 MB globals, 20 P
gc 13197 @329.261s 1%: 0.038+0.41+0.017 ms clock, 0.77+0/0.89/0+0.35 ms cpu, 259->259->166 MB, 273 MB goal, 0 MB stacks, 0 MB globals, 20 P
gc 13198 @329.277s 1%: 1.1+0.57+0.003 ms clock, 22+0.034/0.64/0.013+0.071 ms cpu, 313->316->119 MB, 333 MB goal, 0 MB stacks, 0 MB globals, 20 P
gc 13199 @329.287s 1%: 0.041+0.28+0.037 ms clock, 0.83+0.028/0.73/0+0.75 ms cpu, 230->232->138 MB, 239 MB goal, 0 MB stacks, 0 MB globals, 20 P
gc 13200 @329.297s 1%: 0.048+1.2+0.007 ms clock, 0.96+0/1.7/0.008+0.15 ms cpu, 267->267->143 MB, 276 MB goal, 0 MB stacks, 0 MB globals, 20 P
gc 13201 @329.308s 1%: 1.4+0.73+0.038 ms clock, 29+0/0.69/0+0.76 ms cpu, 268->285->138 MB, 287 MB goal, 0 MB stacks, 0 MB globals, 20 P
gc 13202 @329.321s 1%: 0.020+0.89+0.003 ms clock, 0.40+0/1.4/0+0.063 ms cpu, 265->267->117 MB, 277 MB goal, 0 MB stacks, 0 MB globals, 20 P
gc 13203 @329.328s 1%: 0.039+1.3+0.023 ms clock, 0.78+0/1.6/0+0.46 ms cpu, 220->220->148 MB, 235 MB goal, 0 MB stacks, 0 MB globals, 20 P
gc 13204 @329.342s 1%: 1.9+1.7+0.004 ms clock, 39+0/2.0/0.016+0.087 ms cpu, 286->286->130 MB, 296 MB goal, 0 MB stacks, 0 MB globals, 20 P
gc 13205 @329.356s 1%: 0.039+1.5+0.006 ms clock, 0.78+0/0.90/0+0.13 ms cpu, 251->261->140 MB, 261 MB goal, 0 MB stacks, 0 MB globals, 20 P
gc 13206 @329.367s 1%: 0.033+0.67+0.008 ms clock, 0.66+0/1.0/0+0.16 ms cpu, 268->268->141 MB, 281 MB goal, 0 MB stacks, 0 MB globals, 20 P
gc 13207 @329.378s 1%: 0.037+0.44+0.005 ms clock, 0.75+0/0.94/0+0.10 ms cpu, 267->267->120 MB, 283 MB goal, 0 MB stacks, 0 MB globals, 20 P
gc 13208 @329.388s 1%: 0.061+0.48+0.008 ms clock, 1.2+0/1.1/0+0.16 ms cpu, 228->228->134 MB, 242 MB goal, 0 MB stacks, 0 MB globals, 20 P
gc 13209 @329.397s 1%: 1.2+0.50+0.18 ms clock, 25+0/1.3/0.036+3.7 ms cpu, 253->266->128 MB, 269 MB goal, 0 MB stacks, 0 MB globals, 20 P
gc 13210 @329.408s 1%: 0.040+0.77+0.015 ms clock, 0.80+0/1.6/0.097+0.30 ms cpu, 242->242->134 MB, 257 MB goal, 0 MB stacks, 0 MB globals, 20 P
gc 13211 @329.419s 1%: 0.061+5.8+5.3 ms clock, 1.2+0.057/0.84/0+106 ms cpu, 257->298->162 MB, 268 MB goal, 0 MB stacks, 0 MB globals, 20 P
gc 13212 @329.440s 1%: 0.036+3.5+0.009 ms clock, 0.72+0.16/0.86/0+0.18 ms cpu, 284->309->134 MB, 325 MB goal, 0 MB stacks, 0 MB globals, 20 P
gc 13213 @329.452s 1%: 1.7+0.85+0.007 ms clock, 34+0.10/0.95/0.001+0.14 ms cpu, 230->233->121 MB, 269 MB goal, 0 MB stacks, 0 MB globals, 20 P
gc 13214 @329.464s 1%: 0.053+3.0+0.025 ms clock, 1.0+0/3.9/0.037+0.50 ms cpu, 219->219->149 MB, 244 MB goal, 0 MB stacks, 0 MB globals, 20 P
gc 13215 @329.478s 1%: 4.2+1.7+0.078 ms clock, 84+0/1.2/0.002+1.5 ms cpu, 258->277->146 MB, 299 MB goal, 0 MB stacks, 0 MB globals, 20 P
gc 13216 @329.495s 1%: 0.017+0.62+0.006 ms clock, 0.34+0/1.3/0.025+0.12 ms cpu, 251->253->120 MB, 292 MB goal, 0 MB stacks, 0 MB globals, 20 P
gc 13217 @329.502s 1%: 0.12+1.4+0.083 ms clock, 2.4+0/1.7/0+1.6 ms cpu, 226->240->154 MB, 241 MB goal, 0 MB stacks, 0 MB globals, 20 P
gc 13218 @329.519s 1%: 0.11+1.6+0.43 ms clock, 2.2+0/1.8/0+8.7 ms cpu, 302->308->154 MB, 308 MB goal, 0 MB stacks, 0 MB globals, 20 P
gc 13219 @329.534s 1%: 0.024+1.7+0.004 ms clock, 0.49+0.22/1.2/0+0.096 ms cpu, 290->304->143 MB, 308 MB goal, 0 MB stacks, 0 MB globals, 20 P
gc 13220 @329.548s 1%: 0.019+0.60+0.003 ms clock, 0.39+0/1.3/0+0.062 ms cpu, 270->271->120 MB, 286 MB goal, 0 MB stacks, 0 MB globals, 20 P
gc 13221 @329.555s 1%: 0.035+1.3+0.049 ms clock, 0.71+0/1.7/0+0.99 ms cpu, 242->242->155 MB, 242 MB goal, 0 MB stacks, 0 MB globals, 20 P
gc 13222 @329.571s 1%: 0.081+0.73+0.083 ms clock, 1.6+0/1.2/0+1.6 ms cpu, 301->301->146 MB, 312 MB goal, 0 MB stacks, 0 MB globals, 20 P
gc 13223 @329.582s 1%: 0.82+0.90+0.083 ms clock, 16+0/1.3/0+1.6 ms cpu, 284->306->154 MB, 293 MB goal, 0 MB stacks, 0 MB globals, 20 P
gc 13224 @329.598s 1%: 0.048+1.9+0.007 ms clock, 0.96+0/2.3/0+0.14 ms cpu, 308->308->142 MB, 309 MB goal, 0 MB stacks, 0 MB globals, 20 P
gc 13225 @329.612s 1%: 0.63+3.9+2.5 ms clock, 12+0/1.5/0+50 ms cpu, 271->309->159 MB, 285 MB goal, 0 MB stacks, 0 MB globals, 20 P
gc 13226 @329.629s 1%: 0.35+1.8+0.004 ms clock, 7.0+0/1.3/0+0.098 ms cpu, 285->308->143 MB, 319 MB goal, 0 MB stacks, 0 MB globals, 20 P
gc 13227 @329.641s 1%: 0.019+1.0+0.006 ms clock, 0.38+0/0.93/0.001+0.13 ms cpu, 249->262->120 MB, 286 MB goal, 0 MB stacks, 0 MB globals, 20 P
gc 13228 @329.647s 1%: 0.040+1.3+0.058 ms clock, 0.81+0/1.8/0+1.1 ms cpu, 227->237->154 MB, 240 MB goal, 0 MB stacks, 0 MB globals, 20 P
gc 13229 @329.659s 1%: 1.0+7.8+0.028 ms clock, 21+0/5.3/0+0.57 ms cpu, 279->325->171 MB, 308 MB goal, 0 MB stacks, 0 MB globals, 20 P
gc 13230 @329.681s 1%: 0.067+1.5+0.013 ms clock, 1.3+0/2.1/0+0.27 ms cpu, 318->318->141 MB, 343 MB goal, 0 MB stacks, 0 MB globals, 20 P
gc 13231 @329.695s 1%: 0.044+1.2+0.11 ms clock, 0.88+0/1.5/0+2.2 ms cpu, 244->244->147 MB, 284 MB goal, 0 MB stacks, 0 MB globals, 20 P
gc 13232 @329.705s 1%: 0.036+1.3+0.007 ms clock, 0.72+0/1.8/0+0.15 ms cpu, 252->252->151 MB, 294 MB goal, 0 MB stacks, 0 MB globals, 20 P
gc 13233 @329.714s 1%: 1.9+0.75+0.008 ms clock, 39+0/1.2/0+0.16 ms cpu, 265->265->126 MB, 303 MB goal, 0 MB stacks, 0 MB globals, 20 P
gc 13234 @329.724s 1%: 0.035+0.74+0.89 ms clock, 0.70+0/1.0/0+17 ms cpu, 217->223->147 MB, 253 MB goal, 0 MB stacks, 0 MB globals, 20 P
gc 13235 @329.735s 1%: 0.44+7.5+0.65 ms clock, 8.9+0/5.9/0+13 ms cpu, 259->288->150 MB, 294 MB goal, 0 MB stacks, 0 MB globals, 20 P
gc 13236 @329.753s 1%: 0.018+0.55+0.009 ms clock, 0.36+0.11/1.2/0.060+0.18 ms cpu, 260->261->114 MB, 301 MB goal, 0 MB stacks, 0 MB globals, 20 P
gc 13237 @329.759s 1%: 0.40+4.7+0.011 ms clock, 8.0+0/1.7/0.016+0.23 ms cpu, 200->224->154 MB, 228 MB goal, 0 MB stacks, 0 MB globals, 20 P
gc 13238 @329.776s 1%: 0.88+1.2+0.004 ms clock, 17+0/1.9/0+0.084 ms cpu, 268->273->129 MB, 309 MB goal, 0 MB stacks, 0 MB globals, 20 P
gc 13239 @329.787s 1%: 0.047+1.1+0.10 ms clock, 0.94+0/1.5/0+2.1 ms cpu, 229->229->137 MB, 258 MB goal, 0 MB stacks, 0 MB globals, 20 P
gc 13240 @329.798s 1%: 0.022+3.4+0.032 ms clock, 0.45+0/3.0/0+0.64 ms cpu, 252->275->137 MB, 274 MB goal, 0 MB stacks, 0 MB globals, 20 P
gc 13241 @329.810s 1%: 0.039+0.91+0.083 ms clock, 0.78+0/1.1/0+1.6 ms cpu, 259->269->148 MB, 275 MB goal, 0 MB stacks, 0 MB globals, 20 P
gc 13242 @329.825s 1%: 0.032+6.8+0.006 ms clock, 0.64+0.24/7.1/0+0.12 ms cpu, 285->285->125 MB, 297 MB goal, 0 MB stacks, 0 MB globals, 20 P
gc 13243 @329.841s 1%: 0.030+1.3+0.63 ms clock, 0.60+0.11/1.3/0.004+12 ms cpu, 228->246->125 MB, 251 MB goal, 0 MB stacks, 0 MB globals, 20 P
gc 13244 @329.849s 1%: 1.4+6.0+0.019 ms clock, 28+0/6.4/0+0.38 ms cpu, 233->247->150 MB, 250 MB goal, 0 MB stacks, 0 MB globals, 20 P
gc 13245 @329.870s 1%: 0.042+0.57+0.008 ms clock, 0.85+0/1.0/0+0.16 ms cpu, 283->283->143 MB, 302 MB goal, 0 MB stacks, 0 MB globals, 20 P
gc 13246 @329.880s 1%: 0.32+7.3+0.007 ms clock, 6.5+0/7.6/0+0.15 ms cpu, 274->289->154 MB, 287 MB goal, 0 MB stacks, 0 MB globals, 20 P
gc 13247 @329.898s 1%: 0.042+1.2+0.022 ms clock, 0.85+0/1.7/0+0.45 ms cpu, 300->300->146 MB, 308 MB goal, 0 MB stacks, 0 MB globals, 20 P
gc 13248 @329.910s 1%: 0.050+2.4+0.004 ms clock, 1.0+0.19/0.68/0.009+0.092 ms cpu, 271->293->146 MB, 292 MB goal, 0 MB stacks, 0 MB globals, 20 P
gc 13249 @329.924s 1%: 0.098+0.86+0.026 ms clock, 1.9+0/1.3/0+0.52 ms cpu, 277->277->151 MB, 293 MB goal, 0 MB stacks, 0 MB globals, 20 P
gc 13250 @329.936s 1%: 0.45+0.85+0.021 ms clock, 9.1+0/1.2/0+0.42 ms cpu, 289->302->144 MB, 303 MB goal, 0 MB stacks, 0 MB globals, 20 P
gc 13251 @329.948s 1%: 0.022+1.3+0.003 ms clock, 0.44+0.22/1.2/0+0.075 ms cpu, 270->280->136 MB, 290 MB goal, 0 MB stacks, 0 MB globals, 20 P
gc 13252 @329.960s 1%: 0.038+0.99+0.69 ms clock, 0.77+0/1.4/0+13 ms cpu, 258->269->153 MB, 273 MB goal, 0 MB stacks, 0 MB globals, 20 P
gc 13253 @329.972s 1%: 0.041+3.4+0.003 ms clock, 0.82+0/3.7/0+0.070 ms cpu, 291->304->146 MB, 307 MB goal, 0 MB stacks, 0 MB globals, 20 P
gc 13254 @329.988s 1%: 1.7+0.83+0.027 ms clock, 34+0/1.4/0+0.54 ms cpu, 273->288->132 MB, 293 MB goal, 0 MB stacks, 0 MB globals, 20 P
gc 13255 @330.002s 1%: 0.081+0.88+0.60 ms clock, 1.6+0/1.0/0+12 ms cpu, 254->267->122 MB, 264 MB goal, 0 MB stacks, 0 MB globals, 20 P
gc 13256 @330.010s 1%: 0.10+6.1+0.015 ms clock, 2.0+0/6.4/0+0.30 ms cpu, 240->240->147 MB, 245 MB goal, 0 MB stacks, 0 MB globals, 20 P
gc 13257 @330.028s 1%: 3.8+4.7+0.005 ms clock, 77+0/5.0/0+0.11 ms cpu, 287->316->160 MB, 294 MB goal, 0 MB stacks, 0 MB globals, 20 P
gc 13258 @330.047s 1%: 0.040+0.76+0.024 ms clock, 0.81+0/1.1/0.018+0.49 ms cpu, 291->305->145 MB, 320 MB goal, 0 MB stacks, 0 MB globals, 20 P
gc 13259 @330.059s 1%: 0.053+5.6+0.004 ms clock, 1.0+0/4.4/0.030+0.088 ms cpu, 269->299->157 MB, 292 MB goal, 0 MB stacks, 0 MB globals, 20 P
gc 13260 @330.075s 1%: 1.5+7.5+3.8 ms clock, 31+0/1.1/0+77 ms cpu, 287->346->182 MB, 315 MB goal, 0 MB stacks, 0 MB globals, 20 P
gc 13261 @330.100s 1%: 0.039+1.6+0.023 ms clock, 0.79+0/1.9/0.085+0.47 ms cpu, 313->332->142 MB, 365 MB goal, 0 MB stacks, 0 MB globals, 20 P
gc 13262 @330.111s 1%: 0.039+0.67+0.44 ms clock, 0.79+0/0.98/0+8.8 ms cpu, 248->254->148 MB, 285 MB goal, 0 MB stacks, 0 MB globals, 20 P
gc 13263 @330.121s 1%: 0.18+1.3+4.5 ms clock, 3.6+0/1.5/0+91 ms cpu, 259->271->159 MB, 296 MB goal, 0 MB stacks, 0 MB globals, 20 P
gc 13264 @330.135s 1%: 0.086+0.69+0.092 ms clock, 1.7+0/0.94/0+1.8 ms cpu, 272->277->140 MB, 319 MB goal, 0 MB stacks, 0 MB globals, 20 P
gc 13265 @330.145s 1%: 0.037+0.48+0.010 ms clock, 0.74+0/1.0/0.039+0.20 ms cpu, 240->240->141 MB, 280 MB goal, 0 MB stacks, 0 MB globals, 20 P
gc 13266 @330.155s 1%: 0.019+1.2+0.006 ms clock, 0.39+0.17/0.69/0+0.13 ms cpu, 241->258->133 MB, 282 MB goal, 0 MB stacks, 0 MB globals, 20 P
gc 13267 @330.168s 1%: 0.10+0.57+0.092 ms clock, 2.1+0/0.90/0+1.8 ms cpu, 261->262->141 MB, 267 MB goal, 0 MB stacks, 0 MB globals, 20 P
gc 13268 @330.181s 1%: 0.019+0.77+0.005 ms clock, 0.39+0/1.3/0+0.11 ms cpu, 265->269->120 MB, 283 MB goal, 0 MB stacks, 0 MB globals, 20 P
gc 13269 @330.189s 1%: 0.056+3.8+0.018 ms clock, 1.1+0/0.82/0+0.36 ms cpu, 230->263->166 MB, 240 MB goal, 0 MB stacks, 0 MB globals, 20 P
gc 13270 @330.204s 1%: 0.018+7.7+0.092 ms clock, 0.37+0.12/6.7/0+1.8 ms cpu, 309->338->149 MB, 333 MB goal, 0 MB stacks, 0 MB globals, 20 P
gc 13271 @330.224s 1%: 0.019+1.0+0.003 ms clock, 0.39+0/1.3/0+0.076 ms cpu, 269->272->122 MB, 298 MB goal, 0 MB stacks, 0 MB globals, 20 P
gc 13272 @330.231s 1%: 1.4+1.5+0.021 ms clock, 29+0/1.7/0+0.42 ms cpu, 222->236->151 MB, 244 MB goal, 0 MB stacks, 0 MB globals, 20 P
gc 13273 @330.246s 1%: 0.66+7.2+0.13 ms clock, 13+0/2.7/0+2.6 ms cpu, 278->303->154 MB, 303 MB goal, 0 MB stacks, 0 MB globals, 20 P
gc 13274 @330.262s 1%: 0.039+0.75+0.025 ms clock, 0.78+0/1.1/0+0.50 ms cpu, 282->282->138 MB, 309 MB goal, 0 MB stacks, 0 MB globals, 20 P
gc 13275 @330.273s 1%: 0.073+1.6+0.14 ms clock, 1.4+0/1.9/0+2.9 ms cpu, 256->279->147 MB, 276 MB goal, 0 MB stacks, 0 MB globals, 20 P
gc 13276 @330.286s 1%: 0.22+1.1+0.004 ms clock, 4.4+0/1.3/0+0.099 ms cpu, 266->272->125 MB, 295 MB goal, 0 MB stacks, 0 MB globals, 20 P
gc 13277 @330.293s 1%: 0.039+0.63+0.17 ms clock, 0.79+0/0.73/0+3.4 ms cpu, 225->225->160 MB, 250 MB goal, 0 MB stacks, 0 MB globals, 20 P
gc 13278 @330.304s 1%: 4.8+10+0.10 ms clock, 97+0/7.9/0+2.0 ms cpu, 302->344->172 MB, 322 MB goal, 0 MB stacks, 0 MB globals, 20 P
gc 13279 @330.335s 1%: 0.19+1.7+0.010 ms clock, 3.8+0/2.3/0.003+0.21 ms cpu, 313->324->140 MB, 344 MB goal, 0 MB stacks, 0 MB globals, 20 P
gc 13280 @330.347s 1%: 0.028+5.2+0.028 ms clock, 0.56+0/5.1/0+0.57 ms cpu, 254->279->148 MB, 282 MB goal, 0 MB stacks, 0 MB globals, 20 P
gc 13281 @330.362s 1%: 0.018+1.1+0.003 ms clock, 0.36+0.044/1.5/0.006+0.068 ms cpu, 259->263->119 MB, 297 MB goal, 0 MB stacks, 0 MB globals, 20 P
gc 13282 @330.368s 1%: 0.037+0.94+0.011 ms clock, 0.75+0/1.3/0.027+0.22 ms cpu, 207->207->145 MB, 239 MB goal, 0 MB stacks, 0 MB globals, 20 P
gc 13283 @330.377s 1%: 0.72+0.78+0.73 ms clock, 14+0/0.72/0+14 ms cpu, 251->266->137 MB, 291 MB goal, 0 MB stacks, 0 MB globals, 20 P
gc 13284 @330.386s 1%: 0.073+1.1+0.046 ms clock, 1.4+0/0.97/0+0.93 ms cpu, 251->257->148 MB, 274 MB goal, 0 MB stacks, 0 MB globals, 20 P
gc 13285 @330.404s 1%: 0.021+4.1+0.005 ms clock, 0.42+0/4.5/0+0.11 ms cpu, 291->291->137 MB, 297 MB goal, 0 MB stacks, 0 MB globals, 20 P
gc 13286 @330.418s 1%: 0.034+3.0+1.4 ms clock, 0.69+0/0.90/0+28 ms cpu, 254->279->148 MB, 276 MB goal, 0 MB stacks, 0 MB globals, 20 P
gc 13287 @330.435s 1%: 2.4+1.1+0.024 ms clock, 49+0/1.5/0+0.49 ms cpu, 275->289->142 MB, 297 MB goal, 0 MB stacks, 0 MB globals, 20 P
gc 13288 @330.450s 1%: 0.082+1.4+0.006 ms clock, 1.6+0.13/0.73/0+0.12 ms cpu, 265->272->136 MB, 285 MB goal, 0 MB stacks, 0 MB globals, 20 P
gc 13289 @330.460s 1%: 0.041+0.85+0.083 ms clock, 0.82+0/1.0/0+1.6 ms cpu, 260->260->142 MB, 274 MB goal, 0 MB stacks, 0 MB globals, 20 P
gc 13290 @330.471s 1%: 0.043+2.5+0.009 ms clock, 0.87+0/3.1/0+0.19 ms cpu, 271->271->148 MB, 286 MB goal, 0 MB stacks, 0 MB globals, 20 P
gc 13291 @330.486s 1%: 0.054+0.69+0.008 ms clock, 1.0+0/1.2/0+0.17 ms cpu, 278->278->142 MB, 298 MB goal, 0 MB stacks, 0 MB globals, 20 P
gc 13292 @330.497s 1%: 0.73+0.51+0.11 ms clock, 14+0.076/0.68/0+2.2 ms cpu, 259->262->123 MB, 285 MB goal, 0 MB stacks, 0 MB globals, 20 P
gc 13293 @330.505s 1%: 0.051+1.5+0.008 ms clock, 1.0+0/2.1/0.014+0.16 ms cpu, 225->225->152 MB, 246 MB goal, 0 MB stacks, 0 MB globals, 20 P
gc 13294 @330.520s 1%: 0.052+4.8+0.010 ms clock, 1.0+0/5.2/0+0.20 ms cpu, 304->304->144 MB, 305 MB goal, 0 MB stacks, 0 MB globals, 20 P
gc 13295 @330.535s 1%: 2.2+0.83+0.024 ms clock, 44+0/1.3/0+0.48 ms cpu, 269->280->136 MB, 289 MB goal, 0 MB stacks, 0 MB globals, 20 P
gc 13296 @330.550s 1%: 0.019+2.4+0.006 ms clock, 0.38+0.062/3.3/0+0.12 ms cpu, 253->273->135 MB, 274 MB goal, 0 MB stacks, 0 MB globals, 20 P
gc 13297 @330.562s 1%: 0.058+0.56+0.077 ms clock, 1.1+0/0.71/0.008+1.5 ms cpu, 251->253->139 MB, 271 MB goal, 0 MB stacks, 0 MB globals, 20 P
gc 13298 @330.572s 1%: 0.045+0.80+0.013 ms clock, 0.91+0/1.3/0+0.26 ms cpu, 264->264->145 MB, 280 MB goal, 0 MB stacks, 0 MB globals, 20 P
gc 13299 @330.583s 1%: 0.17+0.45+0.005 ms clock, 3.5+0/0.96/0+0.10 ms cpu, 273->273->123 MB, 290 MB goal, 0 MB stacks, 0 MB globals, 20 P
gc 13300 @330.591s 1%: 0.034+0.42+0.013 ms clock, 0.69+0/0.70/0+0.26 ms cpu, 232->232->167 MB, 247 MB goal, 0 MB stacks, 0 MB globals, 20 P
gc 13301 @330.611s 1%: 0.047+5.9+0.018 ms clock, 0.94+0/6.2/0.007+0.36 ms cpu, 339->339->155 MB, 339 MB goal, 0 MB stacks, 0 MB globals, 20 P
gc 13302 @330.626s 1%: 0.034+0.97+0.008 ms clock, 0.68+0/1.4/0+0.16 ms cpu, 295->295->148 MB, 312 MB goal, 0 MB stacks, 0 MB globals, 20 P
gc 13303 @330.639s 1%: 0.041+0.99+2.8 ms clock, 0.82+0/1.2/0+57 ms cpu, 280->288->149 MB, 297 MB goal, 0 MB stacks, 0 MB globals, 20 P
gc 13304 @330.653s 1%: 0.84+0.80+1.1 ms clock, 16+0/0.90/0.075+23 ms cpu, 279->299->144 MB, 298 MB goal, 0 MB stacks, 0 MB globals, 20 P
gc 13305 @330.666s 1%: 0.033+1.1+0.003 ms clock, 0.66+0/1.8/0+0.067 ms cpu, 274->279->123 MB, 289 MB goal, 0 MB stacks, 0 MB globals, 20 P
gc 13306 @330.675s 1%: 0.87+1.1+0.48 ms clock, 17+0/1.6/0+9.7 ms cpu, 230->248->144 MB, 247 MB goal, 0 MB stacks, 0 MB globals, 20 P
gc 13307 @330.691s 1%: 0.026+6.1+0.064 ms clock, 0.53+0.27/1.5/0+1.2 ms cpu, 272->316->162 MB, 289 MB goal, 0 MB stacks, 0 MB globals, 20 P
gc 13308 @330.708s 1%: 0.36+1.4+0.003 ms clock, 7.3+0/1.8/0+0.076 ms cpu, 283->292->124 MB, 324 MB goal, 0 MB stacks, 0 MB globals, 20 P
gc 13309 @330.716s 1%: 0.047+0.39+0.023 ms clock, 0.94+0.080/0.89/0+0.47 ms cpu, 221->221->129 MB, 249 MB goal, 0 MB stacks, 0 MB globals, 20 P
gc 13310 @330.726s 1%: 0.30+2.9+0.19 ms clock, 6.0+0/2.8/0+3.9 ms cpu, 228->262->155 MB, 258 MB goal, 0 MB stacks, 0 MB globals, 20 P
gc 13311 @330.744s 1%: 1.9+8.1+0.046 ms clock, 39+0/5.0/0.038+0.93 ms cpu, 272->305->150 MB, 310 MB goal, 0 MB stacks, 0 MB globals, 20 P
gc 13312 @330.765s 1%: 0.71+0.48+0.004 ms clock, 14+0/0.97/0.007+0.097 ms cpu, 260->260->115 MB, 302 MB goal, 0 MB stacks, 0 MB globals, 20 P
gc 13313 @330.773s 1%: 0.033+0.48+0.28 ms clock, 0.66+0/0.83/0+5.6 ms cpu, 197->199->127 MB, 230 MB goal, 0 MB stacks, 0 MB globals, 20 P
gc 13314 @330.780s 1%: 0.050+1.0+0.068 ms clock, 1.0+0/1.3/0+1.3 ms cpu, 231->231->130 MB, 256 MB goal, 0 MB stacks, 0 MB globals, 20 P
gc 13315 @330.789s 1%: 0.053+1.0+0.007 ms clock, 1.0+0/1.4/0+0.15 ms cpu, 232->232->137 MB, 262 MB goal, 0 MB stacks, 0 MB globals, 20 P
gc 13316 @330.799s 1%: 0.36+0.36+0.003 ms clock, 7.3+0/0.69/0+0.076 ms cpu, 242->242->113 MB, 276 MB goal, 0 MB stacks, 0 MB globals, 20 P
gc 13317 @330.805s 1%: 0.020+2.1+0.010 ms clock, 0.40+0.007/2.4/0+0.20 ms cpu, 202->223->136 MB, 226 MB goal, 0 MB stacks, 0 MB globals, 20 P
gc 13318 @330.818s 1%: 0.068+4.6+2.8 ms clock, 1.3+0/1.0/0+56 ms cpu, 242->267->137 MB, 272 MB goal, 0 MB stacks, 0 MB globals, 20 P
gc 13319 @330.832s 1%: 0.048+5.0+0.004 ms clock, 0.97+0/5.6/0+0.096 ms cpu, 242->274->175 MB, 275 MB goal, 0 MB stacks, 0 MB globals, 20 P
gc 13320 @330.851s 1%: 0.71+12+0.021 ms clock, 14+0/4.9/0+0.42 ms cpu, 322->360->156 MB, 350 MB goal, 0 MB stacks, 0 MB globals, 20 P
gc 13321 @330.876s 1%: 0.055+0.90+0.005 ms clock, 1.1+0/1.6/0+0.10 ms cpu, 281->281->116 MB, 313 MB goal, 0 MB stacks, 0 MB globals, 20 P
gc 13322 @330.883s 1%: 0.041+1.0+0.19 ms clock, 0.82+0/1.3/0+3.8 ms cpu, 199->199->144 MB, 233 MB goal, 0 MB stacks, 0 MB globals, 20 P
gc 13323 @330.897s 1%: 1.7+1.0+0.13 ms clock, 35+0/1.6/0+2.7 ms cpu, 252->268->139 MB, 289 MB goal, 0 MB stacks, 0 MB globals, 20 P
gc 13324 @330.910s 1%: 0.058+0.78+0.020 ms clock, 1.1+0/1.3/0+0.40 ms cpu, 242->246->145 MB, 279 MB goal, 0 MB stacks, 0 MB globals, 20 P
gc 13325 @330.920s 1%: 0.048+0.66+0.017 ms clock, 0.97+0/1.0/0+0.34 ms cpu, 258->258->146 MB, 291 MB goal, 0 MB stacks, 0 MB globals, 20 P
gc 13326 @330.930s 1%: 0.060+7.6+0.10 ms clock, 1.2+0/8.2/0+2.0 ms cpu, 270->282->164 MB, 294 MB goal, 0 MB stacks, 0 MB globals, 20 P
gc 13327 @330.948s 1%: 0.034+0.84+0.013 ms clock, 0.68+0/1.1/0+0.27 ms cpu, 296->296->145 MB, 330 MB goal, 0 MB stacks, 0 MB globals, 20 P
gc 13328 @330.958s 1%: 0.041+1.2+0.010 ms clock, 0.82+0/1.5/0+0.21 ms cpu, 260->260->149 MB, 291 MB goal, 0 MB stacks, 0 MB globals, 20 P
gc 13329 @330.969s 1%: 0.30+6.4+0.006 ms clock, 6.1+0/2.2/0+0.13 ms cpu, 268->298->155 MB, 300 MB goal, 0 MB stacks, 0 MB globals, 20 P
gc 13330 @330.985s 1%: 0.033+1.6+0.72 ms clock, 0.66+0/0.79/0.007+14 ms cpu, 285->305->149 MB, 310 MB goal, 0 MB stacks, 0 MB globals, 20 P
gc 13331 @330.997s 1%: 0.029+0.48+0.006 ms clock, 0.58+0/0.90/0+0.12 ms cpu, 271->271->144 MB, 300 MB goal, 0 MB stacks, 0 MB globals, 20 P
gc 13332 @331.005s 1%: 0.036+1.2+0.13 ms clock, 0.72+0/1.3/0+2.6 ms cpu, 266->279->162 MB, 288 MB goal, 0 MB stacks, 0 MB globals, 20 P
gc 13333 @331.018s 1%: 0.27+0.56+0.005 ms clock, 5.5+0/1.0/0+0.10 ms cpu, 297->297->134 MB, 325 MB goal, 0 MB stacks, 0 MB globals, 20 P
gc 13334 @331.028s 1%: 2.2+0.38+0.015 ms clock, 45+0.039/0.68/0+0.30 ms cpu, 239->240->121 MB, 269 MB goal, 0 MB stacks, 0 MB globals, 20 P
gc 13335 @331.036s 1%: 0.042+1.3+0.007 ms clock, 0.85+0/1.6/0+0.14 ms cpu, 221->221->151 MB, 243 MB goal, 0 MB stacks, 0 MB globals, 20 P
gc 13336 @331.052s 1%: 0.079+3.6+1.1 ms clock, 1.5+0/1.4/0+22 ms cpu, 279->305->156 MB, 303 MB goal, 0 MB stacks, 0 MB globals, 20 P
gc 13337 @331.067s 1%: 0.43+0.68+0.058 ms clock, 8.6+0/1.1/0+1.1 ms cpu, 285->298->139 MB, 313 MB goal, 0 MB stacks, 0 MB globals, 20 P
gc 13338 @331.080s 1%: 0.12+0.75+0.017 ms clock, 2.5+0/1.1/0.061+0.34 ms cpu, 259->263->118 MB, 279 MB goal, 0 MB stacks, 0 MB globals, 20 P
gc 13339 @331.088s 1%: 0.064+1.2+0.012 ms clock, 1.2+0/1.6/0+0.25 ms cpu, 213->213->144 MB, 237 MB goal, 0 MB stacks, 0 MB globals, 20 P
gc 13340 @331.098s 1%: 0.042+0.49+0.080 ms clock, 0.85+0/0.97/0+1.6 ms cpu, 264->268->137 MB, 289 MB goal, 0 MB stacks, 0 MB globals, 20 P
gc 13341 @331.108s 1%: 0.047+0.86+0.010 ms clock, 0.95+0/1.4/0+0.21 ms cpu, 250->250->141 MB, 275 MB goal, 0 MB stacks, 0 MB globals, 20 P
gc 13342 @331.119s 1%: 0.021+2.8+1.3 ms clock, 0.42+0/0.92/0+26 ms cpu, 260->282->140 MB, 283 MB goal, 0 MB stacks, 0 MB globals, 20 P
gc 13343 @331.133s 1%: 0.051+1.1+0.006 ms clock, 1.0+0/1.8/0.054+0.12 ms cpu, 258->265->124 MB, 281 MB goal, 0 MB stacks, 0 MB globals, 20 P
gc 13344 @331.142s 1%: 0.043+0.44+0.012 ms clock, 0.87+0/0.88/0+0.25 ms cpu, 229->229->160 MB, 249 MB goal, 0 MB stacks, 0 MB globals, 20 P
gc 13345 @331.159s 1%: 2.5+0.43+0.005 ms clock, 51+0.061/0.73/0.004+0.10 ms cpu, 299->301->119 MB, 321 MB goal, 0 MB stacks, 0 MB globals, 20 P
gc 13346 @331.169s 1%: 0.10+1.5+0.020 ms clock, 2.1+0/2.0/0+0.40 ms cpu, 223->236->162 MB, 238 MB goal, 0 MB stacks, 0 MB globals, 20 P
gc 13347 @331.182s 1%: 0.75+1.1+0.020 ms clock, 15+0/1.5/0+0.41 ms cpu, 303->316->145 MB, 324 MB goal, 0 MB stacks, 0 MB globals, 20 P
gc 13348 @331.194s 1%: 1.1+2.6+0.019 ms clock, 23+0.054/1.7/0.021+0.38 ms cpu, 270->294->146 MB, 290 MB goal, 0 MB stacks, 0 MB globals, 20 P
gc 13349 @331.208s 1%: 0.94+4.2+0.077 ms clock, 18+0.077/1.1/0+1.5 ms cpu, 271->328->177 MB, 294 MB goal, 0 MB stacks, 0 MB globals, 20 P
gc 13350 @331.225s 1%: 0.21+7.6+0.31 ms clock, 4.3+0/1.8/0.051+6.2 ms cpu, 303->347->165 MB, 354 MB goal, 0 MB stacks, 0 MB globals, 20 P
gc 13351 @331.243s 1%: 0.47+2.5+2.1 ms clock, 9.4+0/1.4/0+43 ms cpu, 283->319->155 MB, 331 MB goal, 0 MB stacks, 0 MB globals, 20 P
gc 13352 @331.259s 1%: 0.017+0.83+0.003 ms clock, 0.34+0/1.3/0+0.067 ms cpu, 268->268->119 MB, 310 MB goal, 0 MB stacks, 0 MB globals, 20 P
gc 13353 @331.265s 1%: 0.88+4.2+0.019 ms clock, 17+0/3.3/0.037+0.38 ms cpu, 207->236->164 MB, 238 MB goal, 0 MB stacks, 0 MB globals, 20 P
gc 13354 @331.282s 1%: 0.022+5.9+2.2 ms clock, 0.45+0.22/1.5/0.055+44 ms cpu, 291->335->176 MB, 329 MB goal, 0 MB stacks, 0 MB globals, 20 P
gc 13355 @331.301s 1%: 0.074+8.1+6.0 ms clock, 1.4+0/1.6/0.019+120 ms cpu, 317->361->190 MB, 352 MB goal, 0 MB stacks, 0 MB globals, 20 P
gc 13356 @331.327s 1%: 0.45+2.8+0.013 ms clock, 9.0+0/1.6/0+0.27 ms cpu, 343->371->166 MB, 381 MB goal, 0 MB stacks, 0 MB globals, 20 P
gc 13357 @331.343s 1%: 0.041+0.79+0.013 ms clock, 0.82+0/1.6/0.015+0.27 ms cpu, 296->296->144 MB, 333 MB goal, 0 MB stacks, 0 MB globals, 20 P
gc 13358 @331.353s 1%: 0.032+1.5+0.005 ms clock, 0.64+0/1.0/0.016+0.11 ms cpu, 259->268->143 MB, 289 MB goal, 0 MB stacks, 0 MB globals, 20 P
gc 13359 @331.362s 1%: 0.036+1.0+0.10 ms clock, 0.73+0/1.1/0.072+2.0 ms cpu, 246->251->140 MB, 287 MB goal, 0 MB stacks, 0 MB globals, 20 P
gc 13360 @331.370s 1%: 0.046+0.97+0.083 ms clock, 0.92+0/1.2/0+1.6 ms cpu, 241->241->138 MB, 280 MB goal, 0 MB stacks, 0 MB globals, 20 P
gc 13361 @331.380s 1%: 0.046+3.7+0.89 ms clock, 0.92+0/3.2/0+17 ms cpu, 252->276->168 MB, 277 MB goal, 0 MB stacks, 0 MB globals, 20 P
gc 13362 @331.399s 1%: 0.057+3.9+0.014 ms clock, 1.1+0/4.3/0+0.28 ms cpu, 298->298->140 MB, 336 MB goal, 0 MB stacks, 0 MB globals, 20 P
gc 13363 @331.410s 1%: 0.041+1.2+0.018 ms clock, 0.82+0/1.6/0+0.37 ms cpu, 245->245->142 MB, 280 MB goal, 0 MB stacks, 0 MB globals, 20 P
gc 13364 @331.420s 1%: 0.23+7.2+0.011 ms clock, 4.6+0/5.2/0+0.22 ms cpu, 257->286->149 MB, 285 MB goal, 0 MB stacks, 0 MB globals, 20 P
gc 13365 @331.437s 1%: 0.37+2.2+5.0 ms clock, 7.5+0/1.5/0.002+100 ms cpu, 278->301->143 MB, 299 MB goal, 0 MB stacks, 0 MB globals, 20 P
gc 13366 @331.455s 1%: 0.035+1.2+0.003 ms clock, 0.71+0.066/0.71/0+0.067 ms cpu, 259->268->131 MB, 286 MB goal, 0 MB stacks, 0 MB globals, 20 P
gc 13367 @331.462s 1%: 0.034+1.5+0.005 ms clock, 0.69+0/1.9/0.001+0.11 ms cpu, 243->243->150 MB, 262 MB goal, 0 MB stacks, 0 MB globals, 20 P
gc 13368 @331.475s 1%: 0.025+0.86+0.006 ms clock, 0.50+0.27/0.47/0+0.12 ms cpu, 282->289->147 MB, 301 MB goal, 0 MB stacks, 0 MB globals, 20 P
gc 13369 @331.488s 1%: 0.046+1.6+0.005 ms clock, 0.93+0/0.98/0+0.10 ms cpu, 274->283->137 MB, 294 MB goal, 0 MB stacks, 0 MB globals, 20 P
gc 13370 @331.499s 1%: 0.11+0.28+0.017 ms clock, 2.2+0.034/0.72/0+0.35 ms cpu, 247->248->141 MB, 276 MB goal, 0 MB stacks, 0 MB globals, 20 P
gc 13371 @331.508s 1%: 0.27+6.7+0.12 ms clock, 5.4+0/3.6/0+2.5 ms cpu, 268->281->151 MB, 282 MB goal, 0 MB stacks, 0 MB globals, 20 P
gc 13372 @331.530s 1%: 0.37+1.2+0.004 ms clock, 7.5+0/1.6/0+0.096 ms cpu, 298->298->133 MB, 304 MB goal, 0 MB stacks, 0 MB globals, 20 P
gc 13373 @331.543s 1%: 0.25+1.5+0.50 ms clock, 5.1+0/1.1/0+10 ms cpu, 256->272->137 MB, 268 MB goal, 0 MB stacks, 0 MB globals, 20 P
gc 13374 @331.556s 1%: 0.065+0.43+0.18 ms clock, 1.3+0/0.74/0+3.7 ms cpu, 260->264->118 MB, 275 MB goal, 0 MB stacks, 0 MB globals, 20 P
gc 13375 @331.562s 1%: 0.71+1.3+0.023 ms clock, 14+0/1.7/0+0.46 ms cpu, 228->241->149 MB, 236 MB goal, 0 MB stacks, 0 MB globals, 20 P
gc 13376 @331.578s 1%: 5.2+6.5+0.040 ms clock, 104+0/6.8/0.003+0.81 ms cpu, 287->312->159 MB, 299 MB goal, 0 MB stacks, 0 MB globals, 20 P
gc 13377 @331.603s 1%: 0.057+4.0+0.018 ms clock, 1.1+0/4.6/0.019+0.36 ms cpu, 297->297->145 MB, 320 MB goal, 0 MB stacks, 0 MB globals, 20 P
gc 13378 @331.620s 1%: 0.042+0.52+0.021 ms clock, 0.84+0/1.0/0+0.43 ms cpu, 270->276->112 MB, 292 MB goal, 0 MB stacks, 0 MB globals, 20 P
gc 13379 @331.626s 1%: 0.34+7.1+0.052 ms clock, 6.8+0/2.0/0.004+1.0 ms cpu, 213->225->140 MB, 225 MB goal, 0 MB stacks, 0 MB globals, 20 P
gc 13380 @331.643s 1%: 0.021+2.3+0.004 ms clock, 0.42+0/2.7/0.001+0.083 ms cpu, 278->278->129 MB, 281 MB goal, 0 MB stacks, 0 MB globals, 20 P
gc 13381 @331.655s 1%: 0.096+2.2+1.5 ms clock, 1.9+0/2.4/0+31 ms cpu, 237->253->125 MB, 258 MB goal, 0 MB stacks, 0 MB globals, 20 P
gc 13382 @331.666s 1%: 0.058+0.60+0.086 ms clock, 1.1+0/0.81/0+1.7 ms cpu, 228->228->144 MB, 251 MB goal, 0 MB stacks, 0 MB globals, 20 P
gc 13383 @331.678s 1%: 0.034+0.47+0.068 ms clock, 0.69+0/0.77/0+1.3 ms cpu, 269->273->139 MB, 288 MB goal, 0 MB stacks, 0 MB globals, 20 P
gc 13384 @331.693s 1%: 0.090+7.4+0.003 ms clock, 1.8+0/8.0/0+0.074 ms cpu, 287->287->150 MB, 287 MB goal, 0 MB stacks, 0 MB globals, 20 P
gc 13385 @331.711s 1%: 0.062+0.69+0.27 ms clock, 1.2+0/1.0/0+5.4 ms cpu, 286->289->148 MB, 301 MB goal, 0 MB stacks, 0 MB globals, 20 P
gc 13386 @331.724s 1%: 0.020+0.41+0.014 ms clock, 0.41+0.062/0.86/0.024+0.28 ms cpu, 283->283->126 MB, 296 MB goal, 0 MB stacks, 0 MB globals, 20 P
gc 13387 @331.738s 1%: 0.017+0.79+0.15 ms clock, 0.35+0/0.88/0+3.0 ms cpu, 242->247->122 MB, 253 MB goal, 0 MB stacks, 0 MB globals, 20 P
gc 13388 @331.747s 1%: 0.077+3.2+0.082 ms clock, 1.5+0/3.4/0+1.6 ms cpu, 246->260->164 MB, 246 MB goal, 0 MB stacks, 0 MB globals, 20 P
gc 13389 @331.766s 1%: 0.12+5.8+2.1 ms clock, 2.5+0/6.3/0+43 ms cpu, 319->348->149 MB, 329 MB goal, 0 MB stacks, 0 MB globals, 20 P
gc 13390 @331.785s 1%: 0.099+2.2+0.70 ms clock, 1.9+0/2.3/0+14 ms cpu, 278->299->136 MB, 300 MB goal, 0 MB stacks, 0 MB globals, 20 P
gc 13391 @331.797s 1%: 0.039+0.40+0.025 ms clock, 0.79+0/0.80/0+0.50 ms cpu, 256->258->140 MB, 273 MB goal, 0 MB stacks, 0 MB globals, 20 P
gc 13392 @331.809s 1%: 0.38+1.9+0.085 ms clock, 7.7+0/1.9/0+1.7 ms cpu, 256->282->160 MB, 281 MB goal, 0 MB stacks, 0 MB globals, 20 P
gc 13393 @331.827s 1%: 0.41+8.0+2.9 ms clock, 8.2+0/2.0/0+59 ms cpu, 292->331->168 MB, 320 MB goal, 0 MB stacks, 0 MB globals, 20 P
gc 13394 @331.849s 1%: 0.022+3.2+0.004 ms clock, 0.45+0.18/1.5/0.016+0.082 ms cpu, 307->325->150 MB, 337 MB goal, 0 MB stacks, 0 MB globals, 20 P
gc 13395 @331.864s 1%: 0.038+2.6+0.87 ms clock, 0.76+0/2.0/0+17 ms cpu, 273->299->152 MB, 300 MB goal, 0 MB stacks, 0 MB globals, 20 P
gc 13396 @331.877s 1%: 0.041+0.87+0.010 ms clock, 0.83+0/1.4/0+0.20 ms cpu, 273->273->145 MB, 304 MB goal, 0 MB stacks, 0 MB globals, 20 P
gc 13397 @331.886s 1%: 0.068+0.94+0.074 ms clock, 1.3+0/1.2/0+1.4 ms cpu, 255->258->134 MB, 291 MB goal, 0 MB stacks, 0 MB globals, 20 P
gc 13398 @331.895s 1%: 0.050+1.1+0.096 ms clock, 1.0+0/1.6/0.042+1.9 ms cpu, 251->261->150 MB, 270 MB goal, 0 MB stacks, 0 MB globals, 20 P
gc 13399 @331.910s 1%: 4.7+0.58+0.005 ms clock, 94+0/1.0/0.085+0.10 ms cpu, 263->268->119 MB, 300 MB goal, 0 MB stacks, 0 MB globals, 20 P
gc 13400 @331.921s 1%: 0.043+1.4+0.012 ms clock, 0.87+0/1.8/0.004+0.25 ms cpu, 215->215->148 MB, 240 MB goal, 0 MB stacks, 0 MB globals, 20 P
gc 13401 @331.938s 1%: 3.7+0.59+0.004 ms clock, 74+0/1.2/0+0.099 ms cpu, 272->272->124 MB, 296 MB goal, 0 MB stacks, 0 MB globals, 20 P
gc 13402 @331.950s 1%: 0.041+0.61+0.009 ms clock, 0.83+0/0.98/0+0.19 ms cpu, 224->224->138 MB, 249 MB goal, 0 MB stacks, 0 MB globals, 20 P
gc 13403 @331.959s 1%: 0.035+1.0+0.009 ms clock, 0.71+0/1.2/0+0.18 ms cpu, 256->256->145 MB, 278 MB goal, 0 MB stacks, 0 MB globals, 20 P
gc 13404 @331.972s 1%: 0.030+9.1+0.081 ms clock, 0.61+0.048/6.5/0+1.6 ms cpu, 266->320->176 MB, 290 MB goal, 0 MB stacks, 0 MB globals, 20 P
gc 13405 @331.992s 1%: 0.090+2.5+4.5 ms clock, 1.8+0/1.6/0+91 ms cpu, 302->328->153 MB, 353 MB goal, 0 MB stacks, 0 MB globals, 20 P
gc 13406 @332.008s 1%: 0.040+1.5+0.008 ms clock, 0.80+0/1.3/0+0.17 ms cpu, 265->272->154 MB, 308 MB goal, 0 MB stacks, 0 MB globals, 20 P
gc 13407 @332.018s 1%: 0.040+1.1+0.007 ms clock, 0.80+0/1.3/0+0.15 ms cpu, 265->265->153 MB, 310 MB goal, 0 MB stacks, 0 MB globals, 20 P
gc 13408 @332.028s 1%: 0.037+5.6+0.016 ms clock, 0.75+0/5.8/0+0.33 ms cpu, 274->290->175 MB, 307 MB goal, 0 MB stacks, 0 MB globals, 20 P
gc 13409 @332.044s 1%: 0.085+3.2+0.014 ms clock, 1.7+0/3.6/0.006+0.29 ms cpu, 305->305->151 MB, 350 MB goal, 0 MB stacks, 0 MB globals, 20 P
gc 13410 @332.057s 1%: 0.019+4.4+1.6 ms clock, 0.39+0.19/0.79/0+32 ms cpu, 260->307->171 MB, 303 MB goal, 0 MB stacks, 0 MB globals, 20 P
gc 13411 @332.074s 1%: 0.20+8.0+0.090 ms clock, 4.1+0/5.1/0+1.8 ms cpu, 297->344->174 MB, 343 MB goal, 0 MB stacks, 0 MB globals, 20 P
gc 13412 @332.093s 1%: 1.0+0.85+2.0 ms clock, 20+0/1.5/0+40 ms cpu, 305->318->139 MB, 348 MB goal, 0 MB stacks, 0 MB globals, 20 P
gc 13413 @332.106s 1%: 0.042+1.7+0.004 ms clock, 0.85+0/0.90/0.009+0.088 ms cpu, 246->251->125 MB, 279 MB goal, 0 MB stacks, 0 MB globals, 20 P
gc 13414 @332.113s 1%: 0.034+3.2+0.014 ms clock, 0.69+0/3.8/0+0.28 ms cpu, 214->214->143 MB, 250 MB goal, 0 MB stacks, 0 MB globals, 20 P
gc 13415 @332.126s 1%: 0.021+2.0+0.013 ms clock, 0.42+0.10/2.4/0+0.27 ms cpu, 253->259->130 MB, 286 MB goal, 0 MB stacks, 0 MB globals, 20 P
gc 13416 @332.134s 1%: 0.053+3.3+0.008 ms clock, 1.0+0/3.9/0+0.16 ms cpu, 227->241->136 MB, 262 MB goal, 0 MB stacks, 0 MB globals, 20 P
gc 13417 @332.145s 1%: 0.018+4.3+4.8 ms clock, 0.36+0.005/3.4/0+97 ms cpu, 241->273->143 MB, 273 MB goal, 0 MB stacks, 0 MB globals, 20 P
gc 13418 @332.162s 1%: 0.047+0.60+2.5 ms clock, 0.95+0/1.1/0+51 ms cpu, 258->265->140 MB, 287 MB goal, 0 MB stacks, 0 MB globals, 20 P
gc 13419 @332.177s 1%: 0.050+0.98+0.009 ms clock, 1.0+0/1.7/0+0.18 ms cpu, 251->251->141 MB, 281 MB goal, 0 MB stacks, 0 MB globals, 20 P
gc 13420 @332.191s 1%: 0.14+1.4+1.9 ms clock, 2.9+0/1.8/0.001+39 ms cpu, 259->271->130 MB, 282 MB goal, 0 MB stacks, 0 MB globals, 20 P
gc 13421 @332.207s 1%: 0.038+0.65+0.013 ms clock, 0.76+0.029/0.77/0.004+0.26 ms cpu, 228->231->136 MB, 260 MB goal, 0 MB stacks, 0 MB globals, 20 P
gc 13422 @332.215s 1%: 2.0+10+0.044 ms clock, 40+0/4.2/0+0.88 ms cpu, 245->303->186 MB, 273 MB goal, 0 MB stacks, 0 MB globals, 20 P
gc 13423 @332.240s 1%: 0.034+6.4+0.096 ms clock, 0.69+0/6.3/0+1.9 ms cpu, 329->355->172 MB, 373 MB goal, 0 MB stacks, 0 MB globals, 20 P
gc 13424 @332.261s 1%: 0.30+1.6+0.003 ms clock, 6.0+0/1.6/0+0.074 ms cpu, 305->315->144 MB, 345 MB goal, 0 MB stacks, 0 MB globals, 20 P
gc 13425 @332.274s 1%: 0.14+0.77+0.078 ms clock, 2.9+0/0.77/0+1.5 ms cpu, 249->253->126 MB, 288 MB goal, 0 MB stacks, 0 MB globals, 20 P
gc 13426 @332.280s 1%: 1.1+2.9+0.015 ms clock, 23+0/1.9/0+0.31 ms cpu, 231->261->171 MB, 253 MB goal, 0 MB stacks, 0 MB globals, 20 P
gc 13427 @332.296s 1%: 0.023+6.5+0.084 ms clock, 0.47+0.13/1.5/0+1.6 ms cpu, 298->340->178 MB, 343 MB goal, 0 MB stacks, 0 MB globals, 20 P
gc 13428 @332.313s 1%: 0.38+6.7+4.8 ms clock, 7.6+0/1.4/0+97 ms cpu, 320->364->180 MB, 356 MB goal, 0 MB stacks, 0 MB globals, 20 P
gc 13429 @332.338s 1%: 0.043+0.86+0.009 ms clock, 0.86+0/1.2/0+0.19 ms cpu, 324->324->146 MB, 360 MB goal, 0 MB stacks, 0 MB globals, 20 P
gc 13430 @332.350s 1%: 0.34+1.4+0.005 ms clock, 6.8+0/1.9/0+0.10 ms cpu, 253->263->136 MB, 293 MB goal, 0 MB stacks, 0 MB globals, 20 P
gc 13431 @332.361s 1%: 0.062+0.99+0.082 ms clock, 1.2+0/1.5/0+1.6 ms cpu, 236->236->141 MB, 273 MB goal, 0 MB stacks, 0 MB globals, 20 P
gc 13432 @332.370s 1%: 0.039+1.1+0.017 ms clock, 0.78+0/1.4/0.008+0.34 ms cpu, 251->251->146 MB, 283 MB goal, 0 MB stacks, 0 MB globals, 20 P
gc 13433 @332.380s 1%: 0.064+0.47+0.025 ms clock, 1.2+0/0.97/0+0.50 ms cpu, 251->255->125 MB, 294 MB goal, 0 MB stacks, 0 MB globals, 20 P
gc 13434 @332.387s 1%: 0.40+0.44+0.014 ms clock, 8.0+0.033/0.75/0+0.28 ms cpu, 214->228->134 MB, 251 MB goal, 0 MB stacks, 0 MB globals, 20 P
gc 13435 @332.395s 1%: 0.038+0.61+0.023 ms clock, 0.77+0/0.93/0+0.46 ms cpu, 229->229->132 MB, 269 MB goal, 0 MB stacks, 0 MB globals, 20 P
gc 13436 @332.403s 1%: 0.019+1.2+0.005 ms clock, 0.38+0/1.6/0+0.11 ms cpu, 230->239->115 MB, 265 MB goal, 0 MB stacks, 0 MB globals, 20 P
gc 13437 @332.413s 1%: 1.5+0.56+0.005 ms clock, 30+0.045/0.68/0+0.11 ms cpu, 217->220->114 MB, 231 MB goal, 0 MB stacks, 0 MB globals, 20 P
gc 13438 @332.423s 1%: 3.9+0.86+0.14 ms clock, 79+0.058/0.85/0+2.8 ms cpu, 215->234->135 MB, 230 MB goal, 0 MB stacks, 0 MB globals, 20 P
gc 13439 @332.438s 1%: 0.082+0.78+0.082 ms clock, 1.6+0/1.1/0+1.6 ms cpu, 252->260->145 MB, 271 MB goal, 0 MB stacks, 0 MB globals, 20 P
gc 13440 @332.453s 1%: 0.058+7.3+0.095 ms clock, 1.1+0/6.5/0.001+1.9 ms cpu, 285->322->159 MB, 291 MB goal, 0 MB stacks, 0 MB globals, 20 P
gc 13441 @332.473s 1%: 0.031+1.7+0.005 ms clock, 0.63+0.24/0.88/0.019+0.11 ms cpu, 283->303->138 MB, 319 MB goal, 0 MB stacks, 0 MB globals, 20 P
gc 13442 @332.483s 1%: 0.033+0.57+0.010 ms clock, 0.67+0/0.87/0+0.21 ms cpu, 243->243->140 MB, 277 MB goal, 0 MB stacks, 0 MB globals, 20 P
gc 13443 @332.492s 1%: 0.096+0.77+0.021 ms clock, 1.9+0/1.2/0+0.43 ms cpu, 251->251->146 MB, 282 MB goal, 0 MB stacks, 0 MB globals, 20 P
gc 13444 @332.503s 1%: 0.32+1.1+0.010 ms clock, 6.4+0/1.3/0.001+0.20 ms cpu, 256->275->140 MB, 293 MB goal, 0 MB stacks, 0 MB globals, 20 P
gc 13445 @332.512s 1%: 0.043+0.59+0.021 ms clock, 0.86+0/0.94/0+0.43 ms cpu, 254->254->140 MB, 280 MB goal, 0 MB stacks, 0 MB globals, 20 P
gc 13446 @332.520s 1%: 0.043+0.85+0.011 ms clock, 0.87+0/1.2/0+0.22 ms cpu, 246->246->143 MB, 280 MB goal, 0 MB stacks, 0 MB globals, 20 P
gc 13447 @332.531s 1%: 0.38+1.3+2.5 ms clock, 7.7+0/1.1/0+50 ms cpu, 248->266->134 MB, 286 MB goal, 0 MB stacks, 0 MB globals, 20 P
gc 13448 @332.545s 1%: 0.077+0.32+0.007 ms clock, 1.5+0.035/0.79/0+0.14 ms cpu, 232->233->105 MB, 269 MB goal, 0 MB stacks, 0 MB globals, 20 P
gc 13449 @332.550s 1%: 0.14+1.4+0.009 ms clock, 2.9+0/1.8/0+0.18 ms cpu, 189->195->127 MB, 210 MB goal, 0 MB stacks, 0 MB globals, 20 P
gc 13450 @332.564s 1%: 0.017+0.43+0.078 ms clock, 0.35+0/0.95/0+1.5 ms cpu, 238->238->108 MB, 255 MB goal, 0 MB stacks, 0 MB globals, 20 P
gc 13451 @332.571s 1%: 0.076+1.6+0.084 ms clock, 1.5+0/1.9/0+1.6 ms cpu, 213->213->140 MB, 217 MB goal, 0 MB stacks, 0 MB globals, 20 P
gc 13452 @332.588s 1%: 0.19+0.56+0.005 ms clock, 3.9+0/0.80/0+0.11 ms cpu, 264->268->123 MB, 282 MB goal, 0 MB stacks, 0 MB globals, 20 P
gc 13453 @332.597s 1%: 0.041+0.32+0.015 ms clock, 0.83+0/0.73/0+0.31 ms cpu, 241->241->166 MB, 247 MB goal, 0 MB stacks, 0 MB globals, 20 P
gc 13454 @332.613s 1%: 0.26+5.7+0.012 ms clock, 5.2+0/6.1/0+0.24 ms cpu, 324->338->157 MB, 334 MB goal, 0 MB stacks, 0 MB globals, 20 P
gc 13455 @332.631s 1%: 0.39+1.2+0.003 ms clock, 7.9+0/1.5/0+0.069 ms cpu, 312->312->140 MB, 315 MB goal, 0 MB stacks, 0 MB globals, 20 P
gc 13456 @332.645s 1%: 0.35+1.0+0.003 ms clock, 7.1+0/1.4/0+0.072 ms cpu, 274->274->131 MB, 282 MB goal, 0 MB stacks, 0 MB globals, 20 P
gc 13457 @332.658s 1%: 0.017+1.4+0.003 ms clock, 0.35+0/1.5/0+0.073 ms cpu, 250->259->127 MB, 263 MB goal, 0 MB stacks, 0 MB globals, 20 P
gc 13458 @332.667s 1%: 0.021+0.46+0.016 ms clock, 0.43+0/0.73/0+0.32 ms cpu, 244->244->163 MB, 255 MB goal, 0 MB stacks, 0 MB globals, 20 P
gc 13459 @332.686s 1%: 0.054+0.61+0.11 ms clock, 1.0+0/0.79/0+2.3 ms cpu, 313->313->161 MB, 326 MB goal, 0 MB stacks, 0 MB globals, 20 P
gc 13460 @332.700s 1%: 0.039+0.52+0.078 ms clock, 0.78+0.18/0.57/0.005+1.5 ms cpu, 316->316->151 MB, 324 MB goal, 0 MB stacks, 0 MB globals, 20 P
gc 13461 @332.715s 1%: 0.17+1.4+0.082 ms clock, 3.5+0/1.6/0+1.6 ms cpu, 289->301->144 MB, 302 MB goal, 0 MB stacks, 0 MB globals, 20 P
gc 13462 @332.730s 1%: 0.021+4.0+0.003 ms clock, 0.42+0.18/4.2/0+0.073 ms cpu, 284->284->128 MB, 289 MB goal, 0 MB stacks, 0 MB globals, 20 P
gc 13463 @332.744s 1%: 0.51+1.5+0.004 ms clock, 10+0/1.4/0+0.085 ms cpu, 245->255->125 MB, 256 MB goal, 0 MB stacks, 0 MB globals, 20 P
gc 13464 @332.757s 1%: 0.037+1.5+0.008 ms clock, 0.74+0/2.1/0+0.16 ms cpu, 240->240->134 MB, 250 MB goal, 0 MB stacks, 0 MB globals, 20 P
gc 13465 @332.768s 1%: 0.69+1.4+0.006 ms clock, 13+0/1.8/0+0.13 ms cpu, 271->271->133 MB, 271 MB goal, 0 MB stacks, 0 MB globals, 20 P
gc 13466 @332.786s 1%: 0.025+0.98+0.003 ms clock, 0.50+0.22/1.3/0+0.074 ms cpu, 262->262->125 MB, 267 MB goal, 0 MB stacks, 0 MB globals, 20 P
gc 13467 @332.800s 1%: 0.34+0.87+0.008 ms clock, 6.9+0.20/1.5/0+0.16 ms cpu, 241->241->120 MB, 251 MB goal, 0 MB stacks, 0 MB globals, 20 P
gc 13468 @332.811s 1%: 0.032+0.58+0.10 ms clock, 0.64+0/0.96/0+2.0 ms cpu, 232->235->115 MB, 240 MB goal, 0 MB stacks, 0 MB globals, 20 P
gc 13469 @332.817s 1%: 0.041+1.3+0.007 ms clock, 0.83+0/1.8/0+0.15 ms cpu, 221->221->142 MB, 231 MB goal, 0 MB stacks, 0 MB globals, 20 P
gc 13470 @332.833s 1%: 2.9+4.3+0.004 ms clock, 59+0/4.6/0+0.096 ms cpu, 284->284->130 MB, 286 MB goal, 0 MB stacks, 0 MB globals, 20 P
gc 13471 @332.851s 1%: 0.83+1.0+0.018 ms clock, 16+0/1.6/0+0.37 ms cpu, 256->256->118 MB, 262 MB goal, 0 MB stacks, 0 MB globals, 20 P
gc 13472 @332.860s 1%: 0.043+0.92+2.9 ms clock, 0.86+0/1.1/0+58 ms cpu, 228->236->142 MB, 238 MB goal, 0 MB stacks, 0 MB globals, 20 P
gc 13473 @332.879s 1%: 1.2+0.59+0.005 ms clock, 24+0/1.0/0+0.10 ms cpu, 275->275->114 MB, 285 MB goal, 0 MB stacks, 0 MB globals, 20 P
gc 13474 @332.892s 1%: 0.11+0.80+0.15 ms clock, 2.2+0/1.0/0+3.0 ms cpu, 220->227->111 MB, 229 MB goal, 0 MB stacks, 0 MB globals, 20 P
gc 13475 @332.901s 1%: 0.33+1.4+0.004 ms clock, 6.6+0/2.3/0.14+0.091 ms cpu, 223->224->128 MB, 224 MB goal, 0 MB stacks, 0 MB globals, 20 P
gc 13476 @332.913s 1%: 0.64+1.7+0.003 ms clock, 12+0/2.0/0+0.075 ms cpu, 252->252->121 MB, 257 MB goal, 0 MB stacks, 0 MB globals, 20 P
gc 13477 @332.926s 1%: 0.044+0.73+0.31 ms clock, 0.88+0/0.81/0+6.2 ms cpu, 235->245->123 MB, 242 MB goal, 0 MB stacks, 0 MB globals, 20 P
gc 13478 @332.933s 1%: 0.064+6.2+0.010 ms clock, 1.2+0/6.5/0.001+0.20 ms cpu, 240->240->148 MB, 247 MB goal, 0 MB stacks, 0 MB globals, 20 P
gc 13479 @332.952s 1%: 3.5+0.48+0.003 ms clock, 70+0.12/0.67/0+0.078 ms cpu, 288->291->118 MB, 296 MB goal, 0 MB stacks, 0 MB globals, 20 P
gc 13480 @332.963s 1%: 0.032+3.5+0.017 ms clock, 0.65+0/3.8/0+0.35 ms cpu, 235->249->165 MB, 237 MB goal, 0 MB stacks, 0 MB globals, 20 P
gc 13481 @332.982s 1%: 0.027+4.8+0.003 ms clock, 0.55+0/5.1/0+0.070 ms cpu, 318->335->135 MB, 330 MB goal, 0 MB stacks, 0 MB globals, 20 P
gc 13482 @332.996s 1%: 0.039+0.69+0.009 ms clock, 0.78+0/1.0/0+0.18 ms cpu, 256->256->143 MB, 271 MB goal, 0 MB stacks, 0 MB globals, 20 P
gc 13483 @333.007s 1%: 0.78+0.64+4.0 ms clock, 15+0/0.87/0+80 ms cpu, 270->291->140 MB, 286 MB goal, 0 MB stacks, 0 MB globals, 20 P
gc 13484 @333.022s 1%: 0.27+0.45+0.007 ms clock, 5.4+0/0.74/0+0.14 ms cpu, 260->263->116 MB, 281 MB goal, 0 MB stacks, 0 MB globals, 20 P
gc 13485 @333.028s 1%: 0.044+1.6+0.008 ms clock, 0.88+0/0.67/0+0.17 ms cpu, 226->226->158 MB, 233 MB goal, 0 MB stacks, 0 MB globals, 20 P
gc 13486 @333.045s 1%: 3.2+11+0.076 ms clock, 64+0/5.8/0.002+1.5 ms cpu, 300->358->187 MB, 316 MB goal, 0 MB stacks, 0 MB globals, 20 P
gc 13487 @333.071s 1%: 0.023+6.0+0.006 ms clock, 0.46+0.20/1.2/0.003+0.13 ms cpu, 327->355->161 MB, 374 MB goal, 0 MB stacks, 0 MB globals, 20 P
gc 13488 @333.085s 1%: 0.048+0.75+0.48 ms clock, 0.96+0/0.95/0+9.6 ms cpu, 276->282->144 MB, 323 MB goal, 0 MB stacks, 0 MB globals, 20 P
gc 13489 @333.100s 1%: 0.10+1.2+0.008 ms clock, 2.0+0.099/0.89/0+0.17 ms cpu, 246->265->136 MB, 289 MB goal, 0 MB stacks, 0 MB globals, 20 P
gc 13490 @333.109s 1%: 0.059+0.65+0.065 ms clock, 1.1+0/0.93/0.009+1.3 ms cpu, 234->236->136 MB, 273 MB goal, 0 MB stacks, 0 MB globals, 20 P
gc 13491 @333.119s 1%: 0.41+6.9+0.032 ms clock, 8.2+0/2.3/0.13+0.65 ms cpu, 236->257->150 MB, 273 MB goal, 0 MB stacks, 0 MB globals, 20 P
gc 13492 @333.143s 1%: 0.038+0.76+0.012 ms clock, 0.76+0/0.77/0+0.25 ms cpu, 273->277->136 MB, 301 MB goal, 0 MB stacks, 0 MB globals, 20 P
gc 13493 @333.153s 1%: 0.048+2.3+0.047 ms clock, 0.97+0/3.0/0+0.95 ms cpu, 256->267->152 MB, 272 MB goal, 0 MB stacks, 0 MB globals, 20 P
gc 13494 @333.168s 1%: 0.052+3.9+0.009 ms clock, 1.0+0/4.6/0+0.18 ms cpu, 285->285->138 MB, 305 MB goal, 0 MB stacks, 0 MB globals, 20 P
gc 13495 @333.181s 1%: 0.039+5.0+0.34 ms clock, 0.78+0/5.1/0+6.8 ms cpu, 269->288->165 MB, 278 MB goal, 0 MB stacks, 0 MB globals, 20 P
gc 13496 @333.203s 1%: 0.14+4.9+0.003 ms clock, 2.9+0/5.1/0+0.071 ms cpu, 320->325->122 MB, 330 MB goal, 0 MB stacks, 0 MB globals, 20 P
gc 13497 @333.216s 1%: 0.044+0.36+0.025 ms clock, 0.89+0/0.71/0+0.51 ms cpu, 234->234->163 MB, 244 MB goal, 0 MB stacks, 0 MB globals, 20 P
gc 13498 @333.229s 1%: 1.9+1.6+0.078 ms clock, 38+0/1.7/0.001+1.5 ms cpu, 320->334->150 MB, 326 MB goal, 0 MB stacks, 0 MB globals, 20 P
gc 13499 @333.245s 1%: 0.55+1.5+0.003 ms clock, 11+0/2.1/0.006+0.071 ms cpu, 293->293->132 MB, 301 MB goal, 0 MB stacks, 0 MB globals, 20 P
gc 13500 @333.258s 1%: 0.019+1.6+0.070 ms clock, 0.39+0.25/1.5/0.001+1.4 ms cpu, 254->270->143 MB, 265 MB goal, 0 MB stacks, 0 MB globals, 20 P
gc 13501 @333.272s 1%: 1.6+5.3+0.16 ms clock, 32+0/4.5/0+3.3 ms cpu, 275->296->143 MB, 287 MB goal, 0 MB stacks, 0 MB globals, 20 P
gc 13502 @333.289s 1%: 0.38+0.96+0.032 ms clock, 7.7+0/1.1/0.012+0.64 ms cpu, 270->282->126 MB, 287 MB goal, 0 MB stacks, 0 MB globals, 20 P
gc 13503 @333.297s 1%: 0.092+0.40+0.064 ms clock, 1.8+0.17/0.59/0+1.2 ms cpu, 239->252->163 MB, 252 MB goal, 0 MB stacks, 0 MB globals, 20 P
gc 13504 @333.312s 1%: 0.051+6.8+0.083 ms clock, 1.0+0/6.8/0+1.6 ms cpu, 315->349->177 MB, 326 MB goal, 0 MB stacks, 0 MB globals, 20 P
gc 13505 @333.333s 1%: 0.020+0.71+0.041 ms clock, 0.41+0.49/0.92/0.016+0.83 ms cpu, 321->321->117 MB, 354 MB goal, 0 MB stacks, 0 MB globals, 20 P
gc 13506 @333.338s 1%: 0.46+1.6+0.024 ms clock, 9.3+0/2.1/0+0.48 ms cpu, 201->215->148 MB, 234 MB goal, 0 MB stacks, 0 MB globals, 20 P
gc 13507 @333.352s 1%: 0.85+3.7+1.2 ms clock, 17+0/1.4/0+24 ms cpu, 265->291->154 MB, 296 MB goal, 0 MB stacks, 0 MB globals, 20 P
gc 13508 @333.368s 1%: 0.53+7.4+0.006 ms clock, 10+0/1.9/0+0.12 ms cpu, 276->312->159 MB, 308 MB goal, 0 MB stacks, 0 MB globals, 20 P
gc 13509 @333.388s 1%: 0.12+1.6+3.7 ms clock, 2.5+0/1.3/0+75 ms cpu, 290->311->147 MB, 319 MB goal, 0 MB stacks, 0 MB globals, 20 P
gc 13510 @333.404s 1%: 0.49+2.8+0.48 ms clock, 9.9+0/1.3/0+9.7 ms cpu, 261->274->128 MB, 294 MB goal, 0 MB stacks, 0 MB globals, 20 P
gc 13511 @333.412s 1%: 0.57+1.5+0.023 ms clock, 11+0/1.9/0.035+0.46 ms cpu, 223->235->149 MB, 256 MB goal, 0 MB stacks, 0 MB globals, 20 P
gc 13512 @333.425s 1%: 0.051+1.3+0.024 ms clock, 1.0+0/2.0/0.10+0.48 ms cpu, 277->277->138 MB, 299 MB goal, 0 MB stacks, 0 MB globals, 20 P
gc 13513 @333.436s 1%: 0.049+3.9+0.003 ms clock, 0.99+0/4.6/0.001+0.071 ms cpu, 253->256->148 MB, 276 MB goal, 0 MB stacks, 0 MB globals, 20 P
gc 13514 @333.447s 1%: 0.050+0.78+0.049 ms clock, 1.0+0/0.84/0+0.98 ms cpu, 266->270->137 MB, 297 MB goal, 0 MB stacks, 0 MB globals, 20 P
gc 13515 @333.458s 1%: 0.020+3.4+4.6 ms clock, 0.41+0/3.7/0+92 ms cpu, 259->277->132 MB, 275 MB goal, 0 MB stacks, 0 MB globals, 20 P
gc 13516 @333.475s 1%: 0.041+0.56+0.020 ms clock, 0.83+0/0.99/0.037+0.41 ms cpu, 252->252->138 MB, 265 MB goal, 0 MB stacks, 0 MB globals, 20 P
gc 13517 @333.484s 1%: 0.039+0.80+0.014 ms clock, 0.78+0/1.4/0+0.28 ms cpu, 259->259->144 MB, 277 MB goal, 0 MB stacks, 0 MB globals, 20 P
gc 13518 @333.496s 1%: 0.12+0.63+0.042 ms clock, 2.5+0/0.88/0.018+0.84 ms cpu, 272->275->137 MB, 289 MB goal, 0 MB stacks, 0 MB globals, 20 P
gc 13519 @333.507s 1%: 0.038+1.0+0.009 ms clock, 0.76+0/1.3/0+0.18 ms cpu, 267->267->146 MB, 276 MB goal, 0 MB stacks, 0 MB globals, 20 P
gc 13520 @333.518s 1%: 0.081+7.7+0.056 ms clock, 1.6+0/6.0/0+1.1 ms cpu, 286->305->146 MB, 292 MB goal, 0 MB stacks, 0 MB globals, 20 P
gc 13521 @333.538s 1%: 0.13+2.7+4.6 ms clock, 2.7+0/2.0/0+92 ms cpu, 282->304->145 MB, 292 MB goal, 0 MB stacks, 0 MB globals, 20 P
gc 13522 @333.557s 1%: 0.98+0.48+0.005 ms clock, 19+0/0.97/0+0.11 ms cpu, 273->273->117 MB, 292 MB goal, 0 MB stacks, 0 MB globals, 20 P
gc 13523 @333.564s 1%: 0.52+1.4+0.021 ms clock, 10+0/1.9/0+0.43 ms cpu, 222->236->152 MB, 236 MB goal, 0 MB stacks, 0 MB globals, 20 P
gc 13524 @333.580s 1%: 0.041+1.1+0.085 ms clock, 0.83+0/1.3/0+1.7 ms cpu, 303->303->144 MB, 306 MB goal, 0 MB stacks, 0 MB globals, 20 P
gc 13525 @333.593s 1%: 0.043+0.65+0.019 ms clock, 0.87+0/0.86/0.008+0.38 ms cpu, 277->279->140 MB, 290 MB goal, 0 MB stacks, 0 MB globals, 20 P
gc 13526 @333.603s 1%: 0.036+2.9+0.009 ms clock, 0.73+0/3.3/0+0.18 ms cpu, 260->260->144 MB, 281 MB goal, 0 MB stacks, 0 MB globals, 20 P
gc 13527 @333.618s 1%: 0.020+6.8+0.063 ms clock, 0.41+0/5.3/0+1.2 ms cpu, 279->297->143 MB, 289 MB goal, 0 MB stacks, 0 MB globals, 20 P
gc 13528 @333.636s 1%: 0.038+1.0+0.003 ms clock, 0.77+0/1.6/0+0.065 ms cpu, 273->273->149 MB, 286 MB goal, 0 MB stacks, 0 MB globals, 20 P
gc 13529 @333.647s 1%: 0.043+0.93+0.021 ms clock, 0.87+0/1.3/0+0.43 ms cpu, 294->294->146 MB, 299 MB goal, 0 MB stacks, 0 MB globals, 20 P
gc 13530 @333.660s 1%: 0.020+3.4+0.005 ms clock, 0.41+0/1.3/0+0.11 ms cpu, 271->294->147 MB, 293 MB goal, 0 MB stacks, 0 MB globals, 20 P
gc 13531 @333.675s 1%: 0.039+0.44+0.010 ms clock, 0.79+0/0.74/0+0.20 ms cpu, 274->274->158 MB, 296 MB goal, 0 MB stacks, 0 MB globals, 20 P
gc 13532 @333.687s 1%: 0.043+2.4+0.007 ms clock, 0.86+0/3.1/0.022+0.15 ms cpu, 313->313->144 MB, 316 MB goal, 0 MB stacks, 0 MB globals, 20 P
gc 13533 @333.699s 1%: 0.97+3.4+0.031 ms clock, 19+0/3.0/0+0.63 ms cpu, 273->317->167 MB, 289 MB goal, 0 MB stacks, 0 MB globals, 20 P
gc 13534 @333.716s 1%: 0.19+1.4+2.8 ms clock, 3.8+0/1.5/0+57 ms cpu, 300->322->146 MB, 335 MB goal, 0 MB stacks, 0 MB globals, 20 P
gc 13535 @333.731s 1%: 0.019+1.5+1.5 ms clock, 0.39+0/1.0/0+31 ms cpu, 255->264->129 MB, 293 MB goal, 0 MB stacks, 0 MB globals, 20 P
gc 13536 @333.740s 1%: 1.0+1.4+0.093 ms clock, 20+0/2.0/0+1.8 ms cpu, 224->238->152 MB, 259 MB goal, 0 MB stacks, 0 MB globals, 20 P
gc 13537 @333.758s 1%: 0.12+5.4+0.096 ms clock, 2.4+0/3.3/0+1.9 ms cpu, 277->307->162 MB, 305 MB goal, 0 MB stacks, 0 MB globals, 20 P
gc 13538 @333.775s 1%: 0.33+0.48+0.026 ms clock, 6.7+0/0.88/0+0.52 ms cpu, 281->296->140 MB, 325 MB goal, 0 MB stacks, 0 MB globals, 20 P
gc 13539 @333.786s 1%: 0.071+1.0+0.003 ms clock, 1.4+0.029/0.85/0+0.079 ms cpu, 250->262->128 MB, 280 MB goal, 0 MB stacks, 0 MB globals, 20 P
gc 13540 @333.795s 1%: 0.078+0.53+0.21 ms clock, 1.5+0/0.76/0+4.2 ms cpu, 229->234->127 MB, 258 MB goal, 0 MB stacks, 0 MB globals, 20 P
gc 13541 @333.803s 1%: 1.5+0.51+0.009 ms clock, 30+0.031/0.75/0.008+0.19 ms cpu, 225->240->137 MB, 255 MB goal, 0 MB stacks, 0 MB globals, 20 P
gc 13542 @333.814s 1%: 0.037+0.76+0.017 ms clock, 0.75+0/1.5/0.049+0.35 ms cpu, 246->246->140 MB, 276 MB goal, 0 MB stacks, 0 MB globals, 20 P
gc 13543 @333.824s 1%: 0.18+0.52+0.006 ms clock, 3.6+0/1.0/0+0.13 ms cpu, 250->250->120 MB, 280 MB goal, 0 MB stacks, 0 MB globals, 20 P
gc 13544 @333.831s 1%: 0.048+0.55+0.040 ms clock, 0.96+0.028/0.98/0.024+0.80 ms cpu, 211->215->134 MB, 241 MB goal, 0 MB stacks, 0 MB globals, 20 P
gc 13545 @333.844s 1%: 0.042+1.0+0.008 ms clock, 0.84+0/1.3/0+0.17 ms cpu, 260->260->138 MB, 268 MB goal, 0 MB stacks, 0 MB globals, 20 P
gc 13546 @333.855s 1%: 0.21+0.47+0.26 ms clock, 4.2+0/0.80/0+5.3 ms cpu, 263->280->134 MB, 276 MB goal, 0 MB stacks, 0 MB globals, 20 P
gc 13547 @333.868s 1%: 0.018+0.92+0.005 ms clock, 0.36+0.16/1.5/0+0.10 ms cpu, 257->260->113 MB, 268 MB goal, 0 MB stacks, 0 MB globals, 20 P
gc 13548 @333.874s 1%: 0.038+4.9+0.009 ms clock, 0.77+0/5.4/0+0.19 ms cpu, 218->218->144 MB, 228 MB goal, 0 MB stacks, 0 MB globals, 20 P
gc 13549 @333.890s 1%: 0.72+8.0+0.063 ms clock, 14+0/7.4/0+1.2 ms cpu, 278->298->146 MB, 289 MB goal, 0 MB stacks, 0 MB globals, 20 P
gc 13550 @333.911s 1%: 0.52+0.50+0.003 ms clock, 10+0/0.99/0+0.078 ms cpu, 273->273->123 MB, 293 MB goal, 0 MB stacks, 0 MB globals, 20 P
gc 13551 @333.923s 1%: 0.049+0.36+0.11 ms clock, 0.99+0.027/0.74/0.009+2.2 ms cpu, 226->228->138 MB, 246 MB goal, 0 MB stacks, 0 MB globals, 20 P
gc 13552 @333.931s 1%: 0.23+10+0.007 ms clock, 4.7+0/5.3/0+0.14 ms cpu, 260->276->153 MB, 276 MB goal, 0 MB stacks, 0 MB globals, 20 P
gc 13553 @333.956s 1%: 0.023+2.1+0.066 ms clock, 0.46+0.24/1.5/0+1.3 ms cpu, 288->310->152 MB, 306 MB goal, 0 MB stacks, 0 MB globals, 20 P
gc 13554 @333.971s 1%: 0.25+2.7+0.006 ms clock, 5.1+0/2.9/0+0.12 ms cpu, 288->293->130 MB, 305 MB goal, 0 MB stacks, 0 MB globals, 20 P
gc 13555 @333.984s 1%: 0.083+0.64+0.41 ms clock, 1.6+0/0.94/0+8.3 ms cpu, 238->246->119 MB, 260 MB goal, 0 MB stacks, 0 MB globals, 20 P
gc 13556 @333.991s 1%: 0.040+1.4+0.014 ms clock, 0.81+0/2.0/0+0.29 ms cpu, 236->236->147 MB, 239 MB goal, 0 MB stacks, 0 MB globals, 20 P
gc 13557 @334.002s 1%: 0.96+5.7+0.23 ms clock, 19+0/5.4/0+4.7 ms cpu, 274->299->157 MB, 294 MB goal, 0 MB stacks, 0 MB globals, 20 P
gc 13558 @334.024s 1%: 0.030+2.6+0.027 ms clock, 0.60+0/2.4/0+0.55 ms cpu, 297->310->148 MB, 314 MB goal, 0 MB stacks, 0 MB globals, 20 P
gc 13559 @334.040s 1%: 0.27+1.8+0.003 ms clock, 5.4+0.033/1.5/0.003+0.078 ms cpu, 279->291->132 MB, 297 MB goal, 0 MB stacks, 0 MB globals, 20 P
gc 13560 @334.051s 1%: 0.045+0.65+0.011 ms clock, 0.91+0/1.0/0+0.22 ms cpu, 243->243->140 MB, 265 MB goal, 0 MB stacks, 0 MB globals, 20 P
gc 13561 @334.062s 1%: 3.1+0.44+0.023 ms clock, 62+0/0.83/0+0.46 ms cpu, 256->256->117 MB, 280 MB goal, 0 MB stacks, 0 MB globals, 20 P
gc 13562 @334.071s 1%: 0.039+3.5+0.013 ms clock, 0.79+0/3.8/0.003+0.26 ms cpu, 222->222->149 MB, 236 MB goal, 0 MB stacks, 0 MB globals, 20 P
gc 13563 @334.086s 1%: 0.043+3.3+0.084 ms clock, 0.87+0/3.6/0+1.6 ms cpu, 293->293->143 MB, 299 MB goal, 0 MB stacks, 0 MB globals, 20 P
gc 13564 @334.101s 1%: 0.19+0.58+0.003 ms clock, 3.9+0/1.0/0.001+0.076 ms cpu, 266->266->120 MB, 287 MB goal, 0 MB stacks, 0 MB globals, 20 P
gc 13565 @334.114s 1%: 0.063+8.6+0.013 ms clock, 1.2+0.018/8.9/0+0.27 ms cpu, 221->241->171 MB, 241 MB goal, 0 MB stacks, 0 MB globals, 20 P
gc 13566 @334.145s 1%: 1.4+9.4+2.5 ms clock, 28+0/5.1/0+51 ms cpu, 327->370->163 MB, 343 MB goal, 0 MB stacks, 0 MB globals, 20 P
gc 13567 @334.172s 1%: 0.18+1.3+0.47 ms clock, 3.6+0/1.0/0+9.4 ms cpu, 287->308->140 MB, 327 MB goal, 0 MB stacks, 0 MB globals, 20 P
gc 13568 @334.183s 1%: 0.050+0.53+0.024 ms clock, 1.0+0/0.87/0.021+0.48 ms cpu, 239->241->142 MB, 280 MB goal, 0 MB stacks, 0 MB globals, 20 P
gc 13569 @334.190s 1%: 0.077+1.0+4.5 ms clock, 1.5+0/1.4/0+90 ms cpu, 262->274->157 MB, 284 MB goal, 0 MB stacks, 0 MB globals, 20 P
gc 13570 @334.206s 1%: 0.29+8.5+0.006 ms clock, 5.8+0/2.7/0+0.13 ms cpu, 282->316->162 MB, 316 MB goal, 0 MB stacks, 0 MB globals, 20 P
gc 13571 @334.225s 1%: 0.031+3.1+0.006 ms clock, 0.63+0/0.94/0+0.13 ms cpu, 290->320->161 MB, 324 MB goal, 0 MB stacks, 0 MB globals, 20 P
gc 13572 @334.238s 1%: 0.10+1.1+0.005 ms clock, 2.1+0/1.3/0+0.11 ms cpu, 289->292->123 MB, 323 MB goal, 0 MB stacks, 0 MB globals, 20 P
gc 13573 @334.248s 1%: 0.028+2.5+1.3 ms clock, 0.56+0/2.7/0+26 ms cpu, 214->246->153 MB, 246 MB goal, 0 MB stacks, 0 MB globals, 20 P
gc 13574 @334.263s 1%: 0.10+3.9+3.5 ms clock, 2.1+0/1.2/0.001+70 ms cpu, 273->310->154 MB, 306 MB goal, 0 MB stacks, 0 MB globals, 20 P
gc 13575 @334.284s 1%: 0.066+0.36+0.004 ms clock, 1.3+0/0.99/0+0.090 ms cpu, 272->272->111 MB, 308 MB goal, 0 MB stacks, 0 MB globals, 20 P
gc 13576 @334.289s 1%: 0.25+2.1+1.0 ms clock, 5.0+0/1.4/0+20 ms cpu, 200->229->157 MB, 222 MB goal, 0 MB stacks, 0 MB globals, 20 P
gc 13577 @334.304s 1%: 4.6+0.43+0.004 ms clock, 93+0/0.95/0+0.090 ms cpu, 280->280->123 MB, 315 MB goal, 0 MB stacks, 0 MB globals, 20 P
gc 13578 @334.315s 1%: 0.038+1.4+0.008 ms clock, 0.76+0/1.7/0+0.17 ms cpu, 216->216->153 MB, 247 MB goal, 0 MB stacks, 0 MB globals, 20 P
gc 13579 @334.327s 1%: 0.045+0.73+0.008 ms clock, 0.90+0/1.1/0+0.16 ms cpu, 275->275->141 MB, 307 MB goal, 0 MB stacks, 0 MB globals, 20 P
gc 13580 @334.334s 1%: 0.040+1.1+0.006 ms clock, 0.80+0/1.4/0+0.12 ms cpu, 251->251->147 MB, 282 MB goal, 0 MB stacks, 0 MB globals, 20 P
gc 13581 @334.345s 1%: 0.87+7.7+3.5 ms clock, 17+0/2.1/0+71 ms cpu, 263->298->163 MB, 295 MB goal, 0 MB stacks, 0 MB globals, 20 P
gc 13582 @334.368s 1%: 0.32+4.2+2.8 ms clock, 6.5+0/1.5/0+57 ms cpu, 300->324->151 MB, 327 MB goal, 0 MB stacks, 0 MB globals, 20 P
gc 13583 @334.384s 1%: 0.034+3.1+0.003 ms clock, 0.69+0/3.6/0+0.078 ms cpu, 273->292->137 MB, 303 MB goal, 0 MB stacks, 0 MB globals, 20 P
gc 13584 @334.395s 1%: 0.040+0.70+0.022 ms clock, 0.81+0/0.82/0+0.44 ms cpu, 242->245->140 MB, 275 MB goal, 0 MB stacks, 0 MB globals, 20 P
gc 13585 @334.403s 1%: 0.084+0.79+0.56 ms clock, 1.6+0/1.1/0+11 ms cpu, 247->255->149 MB, 282 MB goal, 0 MB stacks, 0 MB globals, 20 P
gc 13586 @334.414s 1%: 0.017+2.2+0.12 ms clock, 0.34+0/2.5/0+2.4 ms cpu, 265->286->140 MB, 299 MB goal, 0 MB stacks, 0 MB globals, 20 P
gc 13587 @334.429s 1%: 0.17+1.0+0.006 ms clock, 3.4+0/1.5/0+0.13 ms cpu, 266->271->122 MB, 281 MB goal, 0 MB stacks, 0 MB globals, 20 P
gc 13588 @334.436s 1%: 0.10+0.52+0.085 ms clock, 2.1+0/0.78/0+1.7 ms cpu, 223->223->159 MB, 244 MB goal, 0 MB stacks, 0 MB globals, 20 P
gc 13589 @334.452s 1%: 0.040+5.4+0.006 ms clock, 0.81+0/5.6/0+0.12 ms cpu, 297->305->149 MB, 318 MB goal, 0 MB stacks, 0 MB globals, 20 P
gc 13590 @334.467s 1%: 0.038+0.82+0.007 ms clock, 0.77+0/1.1/0+0.15 ms cpu, 284->285->124 MB, 299 MB goal, 0 MB stacks, 0 MB globals, 20 P
gc 13591 @334.475s 1%: 0.052+0.50+0.036 ms clock, 1.0+0.049/0.88/0+0.72 ms cpu, 235->237->127 MB, 249 MB goal, 0 MB stacks, 0 MB globals, 20 P
gc 13592 @334.484s 1%: 0.044+0.80+3.0 ms clock, 0.89+0/1.0/0+60 ms cpu, 247->255->143 MB, 256 MB goal, 0 MB stacks, 0 MB globals, 20 P
gc 13593 @334.505s 1%: 0.020+3.1+0.003 ms clock, 0.41+0/3.5/0+0.064 ms cpu, 286->286->118 MB, 287 MB goal, 0 MB stacks, 0 MB globals, 20 P
gc 13594 @334.518s 1%: 0.10+0.78+0.32 ms clock, 2.1+0.037/0.81/0+6.4 ms cpu, 230->239->117 MB, 238 MB goal, 0 MB stacks, 0 MB globals, 20 P
gc 13595 @334.526s 1%: 2.1+4.4+0.088 ms clock, 42+0/2.2/0+1.7 ms cpu, 232->262->162 MB, 234 MB goal, 0 MB stacks, 0 MB globals, 20 P
gc 13596 @334.545s 1%: 0.048+1.4+0.10 ms clock, 0.96+0/1.9/0+2.0 ms cpu, 302->302->142 MB, 325 MB goal, 0 MB stacks, 0 MB globals, 20 P
gc 13597 @334.560s 1%: 0.063+1.2+0.050 ms clock, 1.2+0/1.7/0+1.0 ms cpu, 267->267->133 MB, 285 MB goal, 0 MB stacks, 0 MB globals, 20 P
gc 13598 @334.571s 1%: 0.038+0.39+0.10 ms clock, 0.76+0.040/0.86/0+2.0 ms cpu, 237->239->139 MB, 267 MB goal, 0 MB stacks, 0 MB globals, 20 P
gc 13599 @334.579s 1%: 1.5+2.3+0.049 ms clock, 30+0/2.7/0.003+0.98 ms cpu, 255->268->145 MB, 280 MB goal, 0 MB stacks, 0 MB globals, 20 P
gc 13600 @334.601s 1%: 0.048+1.1+0.005 ms clock, 0.97+0/1.5/0+0.11 ms cpu, 268->274->127 MB, 291 MB goal, 0 MB stacks, 0 MB globals, 20 P
gc 13601 @334.612s 1%: 0.074+0.60+0.14 ms clock, 1.4+0.053/1.0/0+2.9 ms cpu, 236->236->151 MB, 254 MB goal, 0 MB stacks, 0 MB globals, 20 P
gc 13602 @334.626s 1%: 2.4+0.49+0.004 ms clock, 48+0/0.88/0+0.082 ms cpu, 273->275->122 MB, 303 MB goal, 0 MB stacks, 0 MB globals, 20 P
gc 13603 @334.637s 1%: 0.036+0.34+0.012 ms clock, 0.72+0/0.71/0+0.24 ms cpu, 241->241->165 MB, 245 MB goal, 0 MB stacks, 0 MB globals, 20 P
gc 13604 @334.654s 1%: 2.9+5.4+0.006 ms clock, 58+0/5.8/0+0.13 ms cpu, 322->322->140 MB, 332 MB goal, 0 MB stacks, 0 MB globals, 20 P
gc 13605 @334.674s 1%: 0.16+1.1+0.003 ms clock, 3.3+0/1.9/0+0.066 ms cpu, 280->280->131 MB, 282 MB goal, 0 MB stacks, 0 MB globals, 20 P
gc 13606 @334.685s 1%: 1.0+2.5+3.1 ms clock, 21+0/2.2/0+63 ms cpu, 252->268->136 MB, 263 MB goal, 0 MB stacks, 0 MB globals, 20 P
gc 13607 @334.703s 1%: 0.11+1.2+0.74 ms clock, 2.2+0.070/0.67/0+14 ms cpu, 261->277->136 MB, 273 MB goal, 0 MB stacks, 0 MB globals, 20 P
gc 13608 @334.713s 1%: 0.62+0.80+1.9 ms clock, 12+0/1.0/0.002+39 ms cpu, 257->277->143 MB, 272 MB goal, 0 MB stacks, 0 MB globals, 20 P
gc 13609 @334.727s 1%: 0.33+1.1+0.003 ms clock, 6.6+0/1.6/0+0.075 ms cpu, 268->273->122 MB, 287 MB goal, 0 MB stacks, 0 MB globals, 20 P
gc 13610 @334.738s 1%: 0.052+0.54+0.025 ms clock, 1.0+0/0.87/0.062+0.50 ms cpu, 227->227->133 MB, 246 MB goal, 0 MB stacks, 0 MB globals, 20 P
gc 13611 @334.746s 1%: 0.043+4.1+0.005 ms clock, 0.86+0/4.4/0+0.11 ms cpu, 267->267->143 MB, 267 MB goal, 0 MB stacks, 0 MB globals, 20 P
gc 13612 @334.761s 1%: 4.9+0.39+0.084 ms clock, 98+0/0.72/0.005+1.6 ms cpu, 266->268->124 MB, 286 MB goal, 0 MB stacks, 0 MB globals, 20 P
gc 13613 @334.773s 1%: 1.0+0.69+0.028 ms clock, 21+0/1.1/0+0.56 ms cpu, 228->242->139 MB, 248 MB goal, 0 MB stacks, 0 MB globals, 20 P
gc 13614 @334.789s 1%: 0.13+1.4+0.099 ms clock, 2.7+0/1.8/0+1.9 ms cpu, 278->278->152 MB, 278 MB goal, 0 MB stacks, 0 MB globals, 20 P
gc 13615 @334.803s 1%: 0.055+0.67+0.023 ms clock, 1.1+0/1.1/0+0.46 ms cpu, 289->289->144 MB, 304 MB goal, 0 MB stacks, 0 MB globals, 20 P
gc 13616 @334.816s 1%: 0.017+3.4+0.13 ms clock, 0.35+3.2/0.55/0.001+2.7 ms cpu, 275->278->128 MB, 288 MB goal, 0 MB stacks, 0 MB globals, 20 P
gc 13617 @334.828s 1%: 0.36+1.1+0.090 ms clock, 7.2+0/1.6/0+1.8 ms cpu, 240->262->154 MB, 256 MB goal, 0 MB stacks, 0 MB globals, 20 P
gc 13618 @334.843s 1%: 0.50+7.2+0.062 ms clock, 10+0/1.3/0+1.2 ms cpu, 295->329->160 MB, 308 MB goal, 0 MB stacks, 0 MB globals, 20 P
gc 13619 @334.863s 1%: 0.023+3.0+0.008 ms clock, 0.46+0/1.5/0+0.16 ms cpu, 297->321->153 MB, 321 MB goal, 0 MB stacks, 0 MB globals, 20 P
gc 13620 @334.876s 1%: 0.019+1.1+0.005 ms clock, 0.39+0.070/1.6/0+0.10 ms cpu, 274->283->125 MB, 307 MB goal, 0 MB stacks, 0 MB globals, 20 P
gc 13621 @334.885s 1%: 0.036+0.38+0.015 ms clock, 0.72+0/0.70/0+0.31 ms cpu, 230->230->161 MB, 251 MB goal, 0 MB stacks, 0 MB globals, 20 P
gc 13622 @334.894s 1%: 0.66+1.9+0.091 ms clock, 13+0/1.9/0+1.8 ms cpu, 290->316->159 MB, 323 MB goal, 0 MB stacks, 0 MB globals, 20 P
gc 13623 @334.910s 1%: 0.050+0.83+0.024 ms clock, 1.0+0/1.2/0+0.48 ms cpu, 302->302->142 MB, 318 MB goal, 0 MB stacks, 0 MB globals, 20 P
gc 13624 @334.922s 1%: 0.063+4.1+0.023 ms clock, 1.2+0.012/3.6/0+0.46 ms cpu, 258->280->143 MB, 286 MB goal, 0 MB stacks, 0 MB globals, 20 P
gc 13625 @334.934s 1%: 0.041+0.74+0.028 ms clock, 0.82+0/1.0/0.002+0.56 ms cpu, 257->257->143 MB, 286 MB goal, 0 MB stacks, 0 MB globals, 20 P
gc 13626 @334.946s 1%: 0.85+0.50+0.013 ms clock, 17+0.033/0.66/0+0.27 ms cpu, 253->258->120 MB, 286 MB goal, 0 MB stacks, 0 MB globals, 20 P
gc 13627 @334.953s 1%: 0.037+1.3+0.010 ms clock, 0.75+0/1.6/0+0.20 ms cpu, 219->219->147 MB, 240 MB goal, 0 MB stacks, 0 MB globals, 20 P
gc 13628 @334.968s 1%: 0.032+6.9+0.082 ms clock, 0.64+0/7.4/0+1.6 ms cpu, 287->300->157 MB, 295 MB goal, 0 MB stacks, 0 MB globals, 20 P
gc 13629 @334.988s 1%: 0.41+10+2.3 ms clock, 8.2+0/1.2/0+46 ms cpu, 290->341->175 MB, 315 MB goal, 0 MB stacks, 0 MB globals, 20 P
gc 13630 @335.014s 1%: 0.041+2.7+0.005 ms clock, 0.82+0.23/0.91/0+0.11 ms cpu, 300->331->154 MB, 351 MB goal, 0 MB stacks, 0 MB globals, 20 P
gc 13631 @335.026s 1%: 0.47+0.70+1.5 ms clock, 9.4+0/0.84/0+30 ms cpu, 264->277->128 MB, 309 MB goal, 0 MB stacks, 0 MB globals, 20 P
gc 13632 @335.034s 1%: 0.094+1.2+0.022 ms clock, 1.8+0/1.4/0+0.44 ms cpu, 219->233->151 MB, 257 MB goal, 0 MB stacks, 0 MB globals, 20 P
gc 13633 @335.046s 1%: 0.14+8.0+3.2 ms clock, 2.9+0/1.7/0+64 ms cpu, 269->322->182 MB, 302 MB goal, 0 MB stacks, 0 MB globals, 20 P
gc 13634 @335.068s 1%: 0.20+7.5+0.006 ms clock, 4.1+0/1.6/0+0.12 ms cpu, 321->355->165 MB, 365 MB goal, 0 MB stacks, 0 MB globals, 20 P
gc 13635 @335.087s 1%: 1.7+2.9+0.003 ms clock, 35+0/3.4/0+0.075 ms cpu, 286->294->134 MB, 331 MB goal, 0 MB stacks, 0 MB globals, 20 P
gc 13636 @335.098s 1%: 0.038+0.52+0.012 ms clock, 0.76+0/0.87/0+0.25 ms cpu, 229->229->168 MB, 269 MB goal, 0 MB stacks, 0 MB globals, 20 P
gc 13637 @335.108s 1%: 0.041+1.1+0.024 ms clock, 0.83+0/1.7/0.001+0.48 ms cpu, 293->293->147 MB, 336 MB goal, 0 MB stacks, 0 MB globals, 20 P
gc 13638 @335.118s 1%: 0.72+0.73+2.0 ms clock, 14+0/0.79/0+41 ms cpu, 252->268->138 MB, 294 MB goal, 0 MB stacks, 0 MB globals, 20 P
gc 13639 @335.129s 1%: 1.9+0.72+2.4 ms clock, 38+0/1.1/0.005+48 ms cpu, 238->259->149 MB, 278 MB goal, 0 MB stacks, 0 MB globals, 20 P
gc 13640 @335.145s 1%: 0.045+1.5+0.011 ms clock, 0.91+0/1.0/0+0.22 ms cpu, 257->274->134 MB, 299 MB goal, 0 MB stacks, 0 MB globals, 20 P
gc 13641 @335.155s 1%: 0.046+0.59+0.033 ms clock, 0.92+0/1.0/0+0.67 ms cpu, 237->243->138 MB, 269 MB goal, 0 MB stacks, 0 MB globals, 20 P
gc 13642 @335.166s 1%: 0.039+4.0+0.075 ms clock, 0.78+0/4.0/0+1.5 ms cpu, 267->285->163 MB, 277 MB goal, 0 MB stacks, 0 MB globals, 20 P
gc 13643 @335.186s 1%: 0.037+4.3+5.5 ms clock, 0.74+0/4.4/0+110 ms cpu, 311->336->137 MB, 326 MB goal, 0 MB stacks, 0 MB globals, 20 P
gc 13644 @335.205s 1%: 0.036+0.90+0.052 ms clock, 0.72+0/0.86/0+1.0 ms cpu, 250->254->138 MB, 274 MB goal, 0 MB stacks, 0 MB globals, 20 P
gc 13645 @335.213s 1%: 0.038+1.7+0.007 ms clock, 0.77+0/2.1/0+0.15 ms cpu, 260->260->142 MB, 276 MB goal, 0 MB stacks, 0 MB globals, 20 P
gc 13646 @335.224s 1%: 0.017+6.5+0.084 ms clock, 0.34+0/6.8/0+1.6 ms cpu, 263->288->147 MB, 285 MB goal, 0 MB stacks, 0 MB globals, 20 P
gc 13647 @335.243s 1%: 0.018+1.1+0.73 ms clock, 0.36+0.082/1.6/0+14 ms cpu, 276->292->136 MB, 294 MB goal, 0 MB stacks, 0 MB globals, 20 P
gc 13648 @335.253s 1%: 0.039+0.29+0.11 ms clock, 0.79+0.035/0.71/0+2.2 ms cpu, 258->258->155 MB, 273 MB goal, 0 MB stacks, 0 MB globals, 20 P
gc 13649 @335.263s 1%: 0.11+0.81+0.087 ms clock, 2.2+0/1.1/0+1.7 ms cpu, 288->288->151 MB, 311 MB goal, 0 MB stacks, 0 MB globals, 20 P
gc 13650 @335.278s 1%: 0.021+7.2+0.087 ms clock, 0.42+0.12/3.4/0.019+1.7 ms cpu, 284->329->174 MB, 303 MB goal, 0 MB stacks, 0 MB globals, 20 P
gc 13651 @335.297s 1%: 0.021+6.1+4.8 ms clock, 0.43+0/2.1/0+97 ms cpu, 317->358->181 MB, 349 MB goal, 0 MB stacks, 0 MB globals, 20 P
gc 13652 @335.319s 1%: 0.66+1.8+0.029 ms clock, 13+0/1.7/0+0.59 ms cpu, 320->345->157 MB, 362 MB goal, 0 MB stacks, 0 MB globals, 20 P
gc 13653 @335.331s 1%: 0.036+3.5+0.008 ms clock, 0.72+0/1.6/0+0.16 ms cpu, 275->293->147 MB, 315 MB goal, 0 MB stacks, 0 MB globals, 20 P
gc 13654 @335.342s 1%: 0.036+1.1+0.083 ms clock, 0.73+0/1.4/0+1.6 ms cpu, 258->258->145 MB, 295 MB goal, 0 MB stacks, 0 MB globals, 20 P
gc 13655 @335.352s 1%: 0.043+3.6+0.004 ms clock, 0.86+0/4.0/0+0.097 ms cpu, 250->253->150 MB, 290 MB goal, 0 MB stacks, 0 MB globals, 20 P
gc 13656 @335.364s 1%: 0.13+0.49+0.005 ms clock, 2.7+0/0.90/0+0.10 ms cpu, 258->258->125 MB, 300 MB goal, 0 MB stacks, 0 MB globals, 20 P
gc 13657 @335.371s 1%: 0.041+0.81+0.023 ms clock, 0.83+0/0.79/0+0.47 ms cpu, 223->226->141 MB, 250 MB goal, 0 MB stacks, 0 MB globals, 20 P
gc 13658 @335.380s 1%: 0.048+3.3+0.008 ms clock, 0.97+0/3.6/0+0.17 ms cpu, 257->257->143 MB, 282 MB goal, 0 MB stacks, 0 MB globals, 20 P
gc 13659 @335.395s 1%: 1.4+0.65+6.0 ms clock, 29+0/0.85/0+121 ms cpu, 246->267->139 MB, 286 MB goal, 0 MB stacks, 0 MB globals, 20 P
gc 13660 @335.414s 1%: 0.061+2.9+0.75 ms clock, 1.2+0.032/0.74/0+15 ms cpu, 256->277->140 MB, 278 MB goal, 0 MB stacks, 0 MB globals, 20 P
gc 13661 @335.427s 1%: 0.10+0.86+0.042 ms clock, 2.1+0/0.77/0+0.84 ms cpu, 275->277->140 MB, 280 MB goal, 0 MB stacks, 0 MB globals, 20 P
gc 13662 @335.440s 1%: 0.061+0.87+0.007 ms clock, 1.2+0/1.3/0+0.15 ms cpu, 259->259->115 MB, 280 MB goal, 0 MB stacks, 0 MB globals, 20 P
gc 13663 @335.447s 1%: 0.038+1.0+0.078 ms clock, 0.76+0/1.4/0+1.5 ms cpu, 217->217->146 MB, 230 MB goal, 0 MB stacks, 0 MB globals, 20 P
gc 13664 @335.459s 1%: 0.054+12+0.009 ms clock, 1.0+0/2.6/0+0.19 ms cpu, 282->313->172 MB, 294 MB goal, 0 MB stacks, 0 MB globals, 20 P
gc 13665 @335.484s 1%: 0.037+4.1+0.014 ms clock, 0.75+0/4.3/0.007+0.29 ms cpu, 324->324->145 MB, 344 MB goal, 0 MB stacks, 0 MB globals, 20 P
gc 13666 @335.500s 1%: 0.24+3.9+0.060 ms clock, 4.9+0/2.5/0+1.2 ms cpu, 272->291->145 MB, 290 MB goal, 0 MB stacks, 0 MB globals, 20 P
gc 13667 @335.517s 1%: 2.7+0.89+0.13 ms clock, 55+0/1.1/0+2.7 ms cpu, 260->265->118 MB, 291 MB goal, 0 MB stacks, 0 MB globals, 20 P
gc 13668 @335.533s 1%: 0.55+10+0.082 ms clock, 11+0/3.6/0.021+1.6 ms cpu, 214->264->183 MB, 237 MB goal, 0 MB stacks, 0 MB globals, 20 P
gc 13669 @335.557s 1%: 0.050+0.47+0.22 ms clock, 1.0+0/0.90/0+4.5 ms cpu, 319->322->147 MB, 367 MB goal, 0 MB stacks, 0 MB globals, 20 P
gc 13670 @335.572s 1%: 0.16+0.72+0.005 ms clock, 3.2+0/0.85/0+0.11 ms cpu, 257->261->126 MB, 296 MB goal, 0 MB stacks, 0 MB globals, 20 P
gc 13671 @335.578s 1%: 0.11+7.3+0.024 ms clock, 2.2+0/3.3/0.005+0.48 ms cpu, 231->261->171 MB, 253 MB goal, 0 MB stacks, 0 MB globals, 20 P
gc 13672 @335.599s 1%: 0.028+7.6+0.10 ms clock, 0.56+0/7.4/0.002+2.0 ms cpu, 296->328->172 MB, 343 MB goal, 0 MB stacks, 0 MB globals, 20 P
gc 13673 @335.619s 1%: 0.050+2.1+0.006 ms clock, 1.0+0/1.3/0+0.13 ms cpu, 297->318->156 MB, 345 MB goal, 0 MB stacks, 0 MB globals, 20 P
gc 13674 @335.633s 1%: 0.019+1.2+0.003 ms clock, 0.38+0.18/0.78/0+0.079 ms cpu, 282->296->143 MB, 314 MB goal, 0 MB stacks, 0 MB globals, 20 P
gc 13675 @335.641s 1%: 0.031+1.4+0.014 ms clock, 0.63+0/2.0/0.006+0.28 ms cpu, 257->257->165 MB, 286 MB goal, 0 MB stacks, 0 MB globals, 20 P
gc 13676 @335.654s 1%: 1.8+11+0.081 ms clock, 36+0/5.3/0+1.6 ms cpu, 305->351->184 MB, 332 MB goal, 0 MB stacks, 0 MB globals, 20 P
gc 13677 @335.681s 1%: 0.020+1.0+0.004 ms clock, 0.41+0.76/0.86/0.015+0.098 ms cpu, 323->323->138 MB, 368 MB goal, 0 MB stacks, 0 MB globals, 20 P
gc 13678 @335.694s 1%: 0.036+0.92+0.009 ms clock, 0.72+0/1.4/0+0.19 ms cpu, 237->237->150 MB, 277 MB goal, 0 MB stacks, 0 MB globals, 20 P
gc 13679 @335.703s 1%: 0.051+5.9+0.005 ms clock, 1.0+0/6.2/0.023+0.11 ms cpu, 266->274->163 MB, 302 MB goal, 0 MB stacks, 0 MB globals, 20 P
gc 13680 @335.720s 1%: 0.035+6.7+0.25 ms clock, 0.70+0/3.6/0+5.1 ms cpu, 288->341->171 MB, 328 MB goal, 0 MB stacks, 0 MB globals, 20 P
gc 13681 @335.738s 1%: 0.022+1.3+0.052 ms clock, 0.45+0.27/0.55/0+1.0 ms cpu, 295->314->137 MB, 343 MB goal, 0 MB stacks, 0 MB globals, 20 P
gc 13682 @335.747s 1%: 0.064+0.56+0.082 ms clock, 1.2+0/0.85/0+1.6 ms cpu, 234->236->136 MB, 274 MB goal, 0 MB stacks, 0 MB globals, 20 P
gc 13683 @335.755s 1%: 0.19+2.9+0.005 ms clock, 3.8+0/3.1/0+0.11 ms cpu, 251->251->138 MB, 273 MB goal, 0 MB stacks, 0 MB globals, 20 P
gc 13684 @335.766s 1%: 0.022+2.4+0.088 ms clock, 0.44+0.14/2.3/0.015+1.7 ms cpu, 247->262->145 MB, 277 MB goal, 0 MB stacks, 0 MB globals, 20 P
gc 13685 @335.781s 1%: 0.027+1.1+0.005 ms clock, 0.54+0.10/2.3/0.013+0.11 ms cpu, 256->262->120 MB, 290 MB goal, 0 MB stacks, 0 MB globals, 20 P
gc 13686 @335.789s 1%: 0.043+1.9+0.092 ms clock, 0.87+0/2.4/0+1.8 ms cpu, 222->229->158 MB, 241 MB goal, 0 MB stacks, 0 MB globals, 20 P
gc 13687 @335.806s 1%: 0.034+0.68+0.009 ms clock, 0.68+0.033/0.72/0+0.18 ms cpu, 297->301->148 MB, 317 MB goal, 0 MB stacks, 0 MB globals, 20 P
gc 13688 @335.819s 1%: 0.038+1.6+0.003 ms clock, 0.77+0/1.8/0+0.069 ms cpu, 284->291->135 MB, 297 MB goal, 0 MB stacks, 0 MB globals, 20 P
gc 13689 @335.829s 1%: 0.10+0.47+0.081 ms clock, 2.0+0.037/0.69/0+1.6 ms cpu, 259->259->161 MB, 271 MB goal, 0 MB stacks, 0 MB globals, 20 P
gc 13690 @335.847s 1%: 0.20+0.48+0.003 ms clock, 4.0+0/0.93/0.001+0.073 ms cpu, 319->319->133 MB, 322 MB goal, 0 MB stacks, 0 MB globals, 20 P
gc 13691 @335.859s 1%: 0.55+0.65+0.087 ms clock, 11+0/1.2/0.015+1.7 ms cpu, 264->278->155 MB, 267 MB goal, 0 MB stacks, 0 MB globals, 20 P
gc 13692 @335.874s 1%: 0.76+1.1+0.004 ms clock, 15+0/1.4/0+0.099 ms cpu, 305->305->131 MB, 311 MB goal, 0 MB stacks, 0 MB globals, 20 P
gc 13693 @335.887s 1%: 1.6+0.54+0.40 ms clock, 33+0/0.80/0+8.1 ms cpu, 251->256->125 MB, 263 MB goal, 0 MB stacks, 0 MB globals, 20 P
gc 13694 @335.899s 1%: 0.019+1.0+0.10 ms clock, 0.38+0/0.93/0.020+2.0 ms cpu, 239->251->120 MB, 251 MB goal, 0 MB stacks, 0 MB globals, 20 P
gc 13695 @335.909s 1%: 0.081+4.1+0.008 ms clock, 1.6+0/4.5/0+0.17 ms cpu, 255->255->149 MB, 255 MB goal, 0 MB stacks, 0 MB globals, 20 P
gc 13696 @335.926s 1%: 0.023+1.0+0.003 ms clock, 0.46+0.20/1.3/0.061+0.078 ms cpu, 291->291->128 MB, 298 MB goal, 0 MB stacks, 0 MB globals, 20 P
gc 13697 @335.936s 1%: 0.13+1.6+0.004 ms clock, 2.7+0/1.6/0+0.086 ms cpu, 247->255->123 MB, 257 MB goal, 0 MB stacks, 0 MB globals, 20 P
gc 13698 @335.946s 1%: 0.10+0.51+0.10 ms clock, 2.1+0.035/0.65/0+2.1 ms cpu, 238->238->147 MB, 248 MB goal, 0 MB stacks, 0 MB globals, 20 P
gc 13699 @335.961s 1%: 0.040+3.7+0.004 ms clock, 0.80+0/4.2/0+0.087 ms cpu, 290->290->145 MB, 295 MB goal, 0 MB stacks, 0 MB globals, 20 P
gc 13700 @335.978s 1%: 0.052+0.68+0.006 ms clock, 1.0+0.022/0.84/0.002+0.13 ms cpu, 281->286->118 MB, 291 MB goal, 0 MB stacks, 0 MB globals, 20 P
gc 13701 @335.986s 1%: 0.045+1.2+0.084 ms clock, 0.91+0/1.6/0+1.6 ms cpu, 233->233->147 MB, 237 MB goal, 0 MB stacks, 0 MB globals, 20 P
gc 13702 @336.002s 1%: 0.042+0.80+0.022 ms clock, 0.85+0/1.4/0+0.44 ms cpu, 309->309->146 MB, 309 MB goal, 0 MB stacks, 0 MB globals, 20 P
gc 13703 @336.016s 1%: 0.037+0.42+0.008 ms clock, 0.75+0/0.79/0+0.16 ms cpu, 289->289->135 MB, 293 MB goal, 0 MB stacks, 0 MB globals, 20 P
gc 13704 @336.025s 1%: 0.047+3.0+0.012 ms clock, 0.95+0/3.6/0+0.24 ms cpu, 274->274->148 MB, 274 MB goal, 0 MB stacks, 0 MB globals, 20 P
gc 13705 @336.040s 1%: 0.10+1.5+0.003 ms clock, 2.0+0/1.8/0+0.076 ms cpu, 296->296->130 MB, 296 MB goal, 0 MB stacks, 0 MB globals, 20 P
gc 13706 @336.053s 1%: 0.041+1.3+0.007 ms clock, 0.83+0/1.7/0+0.14 ms cpu, 260->260->149 MB, 262 MB goal, 0 MB stacks, 0 MB globals, 20 P
gc 13707 @336.067s 1%: 0.11+0.75+0.025 ms clock, 2.2+0/1.3/0+0.51 ms cpu, 297->311->146 MB, 299 MB goal, 0 MB stacks, 0 MB globals, 20 P
gc 13708 @336.080s 1%: 0.022+0.99+0.003 ms clock, 0.45+0.10/1.2/0+0.074 ms cpu, 281->281->128 MB, 293 MB goal, 0 MB stacks, 0 MB globals, 20 P
gc 13709 @336.093s 1%: 0.18+0.76+0.70 ms clock, 3.6+0/1.3/0+14 ms cpu, 244->256->131 MB, 257 MB goal, 0 MB stacks, 0 MB globals, 20 P
gc 13710 @336.110s 1%: 0.034+0.53+0.015 ms clock, 0.68+0/0.75/0+0.30 ms cpu, 250->253->142 MB, 263 MB goal, 0 MB stacks, 0 MB globals, 20 P
gc 13711 @336.118s 1%: 0.074+1.1+0.085 ms clock, 1.4+0/1.5/0.001+1.7 ms cpu, 280->280->148 MB, 284 MB goal, 0 MB stacks, 0 MB globals, 20 P
gc 13712 @336.136s 1%: 0.48+1.1+0.006 ms clock, 9.7+0/1.6/0+0.12 ms cpu, 290->290->128 MB, 296 MB goal, 0 MB stacks, 0 MB globals, 20 P
gc 13713 @336.149s 1%: 0.020+3.3+0.023 ms clock, 0.40+0/1.2/0+0.46 ms cpu, 246->258->128 MB, 257 MB goal, 0 MB stacks, 0 MB globals, 20 P
gc 13714 @336.166s 1%: 0.039+0.48+0.086 ms clock, 0.78+0/0.76/0+1.7 ms cpu, 256->256->167 MB, 257 MB goal, 0 MB stacks, 0 MB globals, 20 P
gc 13715 @336.181s 1%: 0.032+4.5+0.010 ms clock, 0.65+0/4.8/0+0.21 ms cpu, 322->322->151 MB, 334 MB goal, 0 MB stacks, 0 MB globals, 20 P
gc 13716 @336.199s 1%: 0.053+0.45+0.023 ms clock, 1.0+0/1.1/0+0.47 ms cpu, 290->290->145 MB, 304 MB goal, 0 MB stacks, 0 MB globals, 20 P
gc 13717 @336.213s 1%: 0.020+2.4+0.77 ms clock, 0.41+0.18/0.62/0+15 ms cpu, 277->298->144 MB, 291 MB goal, 0 MB stacks, 0 MB globals, 20 P
gc 13718 @336.229s 1%: 0.018+0.63+0.004 ms clock, 0.36+0/0.87/0.12+0.086 ms cpu, 273->273->121 MB, 290 MB goal, 0 MB stacks, 0 MB globals, 20 P
gc 13719 @336.235s 1%: 0.040+1.6+0.020 ms clock, 0.81+0/1.9/0+0.41 ms cpu, 238->252->166 MB, 244 MB goal, 0 MB stacks, 0 MB globals, 20 P
gc 13720 @336.256s 1%: 0.67+8.2+0.006 ms clock, 13+0/2.2/0+0.13 ms cpu, 317->344->150 MB, 333 MB goal, 0 MB stacks, 0 MB globals, 20 P
gc 13721 @336.275s 1%: 0.036+2.4+0.94 ms clock, 0.73+0/2.0/0.030+18 ms cpu, 277->298->137 MB, 301 MB goal, 0 MB stacks, 0 MB globals, 20 P
gc 13722 @336.286s 1%: 0.039+0.62+0.062 ms clock, 0.78+0.035/0.64/0+1.2 ms cpu, 254->254->149 MB, 275 MB goal, 0 MB stacks, 0 MB globals, 20 P
gc 13723 @336.297s 1%: 0.039+0.67+0.005 ms clock, 0.79+0/1.4/0.009+0.11 ms cpu, 274->274->143 MB, 299 MB goal, 0 MB stacks, 0 MB globals, 20 P
gc 13724 @336.306s 1%: 0.018+1.5+0.006 ms clock, 0.36+0/0.82/0.18+0.12 ms cpu, 264->273->141 MB, 287 MB goal, 0 MB stacks, 0 MB globals, 20 P
gc 13725 @336.317s 1%: 0.050+1.1+0.008 ms clock, 1.0+0/1.4/0+0.16 ms cpu, 260->260->141 MB, 282 MB goal, 0 MB stacks, 0 MB globals, 20 P
gc 13726 @336.326s 1%: 0.020+1.9+0.083 ms clock, 0.41+0/2.2/0+1.6 ms cpu, 262->289->148 MB, 284 MB goal, 0 MB stacks, 0 MB globals, 20 P
gc 13727 @336.340s 1%: 0.023+4.9+2.0 ms clock, 0.47+0.23/0.91/0.026+41 ms cpu, 273->301->144 MB, 296 MB goal, 0 MB stacks, 0 MB globals, 20 P
gc 13728 @336.358s 1%: 0.19+1.0+0.30 ms clock, 3.9+0/1.0/0.007+6.0 ms cpu, 261->274->122 MB, 289 MB goal, 0 MB stacks, 0 MB globals, 20 P
gc 13729 @336.364s 1%: 0.056+7.2+0.13 ms clock, 1.1+0/1.9/0+2.6 ms cpu, 217->247->160 MB, 244 MB goal, 0 MB stacks, 0 MB globals, 20 P
gc 13730 @336.386s 1%: 0.72+7.2+0.054 ms clock, 14+0/1.6/0+1.0 ms cpu, 299->345->174 MB, 320 MB goal, 0 MB stacks, 0 MB globals, 20 P
gc 13731 @336.407s 1%: 0.022+2.4+0.009 ms clock, 0.44+0/1.9/0+0.18 ms cpu, 307->331->163 MB, 349 MB goal, 0 MB stacks, 0 MB globals, 20 P
gc 13732 @336.420s 1%: 0.18+7.7+0.011 ms clock, 3.7+0/2.4/0+0.23 ms cpu, 281->338->184 MB, 326 MB goal, 0 MB stacks, 0 MB globals, 20 P
gc 13733 @336.439s 1%: 0.020+2.8+0.024 ms clock, 0.41+0.042/2.2/0.11+0.48 ms cpu, 324->345->150 MB, 370 MB goal, 0 MB stacks, 0 MB globals, 20 P
gc 13734 @336.451s 1%: 0.041+0.93+0.084 ms clock, 0.83+0/1.3/0+1.6 ms cpu, 259->259->148 MB, 301 MB goal, 0 MB stacks, 0 MB globals, 20 P
gc 13735 @336.459s 1%: 0.10+1.1+0.013 ms clock, 2.0+0/1.6/0+0.26 ms cpu, 253->253->154 MB, 296 MB goal, 0 MB stacks, 0 MB globals, 20 P
gc 13736 @336.468s 1%: 0.83+0.88+0.003 ms clock, 16+0/1.3/0+0.073 ms cpu, 268->268->129 MB, 308 MB goal, 0 MB stacks, 0 MB globals, 20 P
gc 13737 @336.478s 1%: 0.040+0.76+0.10 ms clock, 0.81+0/1.1/0+2.1 ms cpu, 225->233->150 MB, 259 MB goal, 0 MB stacks, 0 MB globals, 20 P
gc 13738 @336.489s 1%: 0.093+8.2+0.95 ms clock, 1.8+0/2.2/0.001+19 ms cpu, 258->296->156 MB, 301 MB goal, 0 MB stacks, 0 MB globals, 20 P
gc 13739 @336.509s 1%: 0.036+1.4+0.021 ms clock, 0.72+0/0.86/0+0.43 ms cpu, 285->296->132 MB, 313 MB goal, 0 MB stacks, 0 MB globals, 20 P
gc 13740 @336.516s 1%: 0.036+0.44+0.013 ms clock, 0.73+0/0.75/0+0.26 ms cpu, 232->232->156 MB, 265 MB goal, 0 MB stacks, 0 MB globals, 20 P
gc 13741 @336.528s 1%: 0.044+4.6+0.029 ms clock, 0.88+0/5.0/0+0.58 ms cpu, 281->282->136 MB, 313 MB goal, 0 MB stacks, 0 MB globals, 20 P
gc 13742 @336.541s 1%: 0.058+1.2+0.006 ms clock, 1.1+0/1.7/0+0.12 ms cpu, 242->243->118 MB, 273 MB goal, 0 MB stacks, 0 MB globals, 20 P
gc 13743 @336.548s 1%: 0.050+1.8+0.006 ms clock, 1.0+0/2.1/0.009+0.13 ms cpu, 209->209->147 MB, 236 MB goal, 0 MB stacks, 0 MB globals, 20 P
gc 13744 @336.562s 1%: 0.66+5.9+0.049 ms clock, 13+0/4.4/0+0.98 ms cpu, 268->295->151 MB, 294 MB goal, 0 MB stacks, 0 MB globals, 20 P
gc 13745 @336.581s 1%: 0.14+6.0+2.3 ms clock, 2.9+0/1.6/0.086+47 ms cpu, 285->321->157 MB, 303 MB goal, 0 MB stacks, 0 MB globals, 20 P
gc 13746 @336.601s 1%: 0.081+1.0+0.46 ms clock, 1.6+0/1.0/0.001+9.3 ms cpu, 280->296->136 MB, 315 MB goal, 0 MB stacks, 0 MB globals, 20 P
gc 13747 @336.609s 1%: 0.042+1.5+0.008 ms clock, 0.84+0/2.2/0.040+0.16 ms cpu, 251->251->158 MB, 274 MB goal, 0 MB stacks, 0 MB globals, 20 P
gc 13748 @336.622s 1%: 0.022+5.7+0.13 ms clock, 0.44+0.21/4.7/0+2.6 ms cpu, 282->327->180 MB, 316 MB goal, 0 MB stacks, 0 MB globals, 20 P
gc 13749 @336.643s 1%: 0.023+8.0+0.010 ms clock, 0.47+0.17/2.1/0+0.20 ms cpu, 328->365->173 MB, 361 MB goal, 0 MB stacks, 0 MB globals, 20 P
gc 13750 @336.662s 1%: 0.52+1.2+0.026 ms clock, 10+0/1.7/0+0.52 ms cpu, 311->323->148 MB, 347 MB goal, 0 MB stacks, 0 MB globals, 20 P
gc 13751 @336.676s 1%: 0.20+2.0+0.006 ms clock, 4.0+0/2.4/0+0.12 ms cpu, 259->269->136 MB, 298 MB goal, 0 MB stacks, 0 MB globals, 20 P
gc 13752 @336.687s 1%: 0.16+0.87+0.044 ms clock, 3.3+0.030/0.68/0+0.88 ms cpu, 232->245->123 MB, 272 MB goal, 0 MB stacks, 0 MB globals, 20 P
gc 13753 @336.694s 1%: 0.28+1.7+0.14 ms clock, 5.6+0/2.1/0.001+2.8 ms cpu, 215->236->153 MB, 246 MB goal, 0 MB stacks, 0 MB globals, 20 P
gc 13754 @336.713s 1%: 2.3+5.9+0.088 ms clock, 46+0/6.4/0+1.7 ms cpu, 279->309->155 MB, 308 MB goal, 0 MB stacks, 0 MB globals, 20 P
gc 13755 @336.735s 1%: 0.16+7.5+0.061 ms clock, 3.2+0/1.7/0+1.2 ms cpu, 288->337->170 MB, 311 MB goal, 0 MB stacks, 0 MB globals, 20 P
gc 13756 @336.754s 1%: 0.021+1.1+0.005 ms clock, 0.43+0.80/0.72/0+0.11 ms cpu, 297->297->123 MB, 341 MB goal, 0 MB stacks, 0 MB globals, 20 P
gc 13757 @336.764s 1%: 0.018+0.95+0.16 ms clock, 0.36+0/1.0/0.094+3.3 ms cpu, 212->219->113 MB, 247 MB goal, 0 MB stacks, 0 MB globals, 20 P
gc 13758 @336.770s 1%: 0.019+2.9+2.3 ms clock, 0.39+0/1.8/0.001+46 ms cpu, 203->231->154 MB, 227 MB goal, 0 MB stacks, 0 MB globals, 20 P
gc 13759 @336.790s 1%: 0.089+4.1+0.007 ms clock, 1.7+0.060/0.92/0+0.15 ms cpu, 277->287->148 MB, 310 MB goal, 0 MB stacks, 0 MB globals, 20 P
gc 13760 @336.803s 1%: 0.044+0.40+0.023 ms clock, 0.88+0/0.94/0+0.47 ms cpu, 258->258->142 MB, 297 MB goal, 0 MB stacks, 0 MB globals, 20 P
gc 13761 @336.814s 1%: 2.0+5.9+0.070 ms clock, 41+0/2.3/0+1.4 ms cpu, 255->300->181 MB, 285 MB goal, 0 MB stacks, 0 MB globals, 20 P
gc 13762 @336.834s 1%: 0.070+1.0+0.15 ms clock, 1.4+0/1.5/0+3.0 ms cpu, 320->320->148 MB, 362 MB goal, 0 MB stacks, 0 MB globals, 20 P
gc 13763 @336.851s 1%: 0.041+1.2+0.012 ms clock, 0.83+0/1.6/0+0.24 ms cpu, 253->253->154 MB, 296 MB goal, 0 MB stacks, 0 MB globals, 20 P
gc 13764 @336.862s 1%: 0.043+0.60+0.087 ms clock, 0.87+0/0.94/0+1.7 ms cpu, 267->274->147 MB, 308 MB goal, 0 MB stacks, 0 MB globals, 20 P
gc 13765 @336.874s 1%: 0.18+1.2+0.34 ms clock, 3.7+0/1.1/0.042+6.9 ms cpu, 254->270->136 MB, 294 MB goal, 0 MB stacks, 0 MB globals, 20 P
gc 13766 @336.884s 1%: 0.037+0.69+0.013 ms clock, 0.74+0/0.93/0.10+0.26 ms cpu, 234->237->140 MB, 274 MB goal, 0 MB stacks, 0 MB globals, 20 P
gc 13767 @336.892s 1%: 0.25+1.0+0.026 ms clock, 5.0+0/1.9/0.029+0.52 ms cpu, 242->255->141 MB, 280 MB goal, 0 MB stacks, 0 MB globals, 20 P
gc 13768 @336.907s 1%: 0.089+1.3+0.015 ms clock, 1.7+0/2.5/0.037+0.30 ms cpu, 243->243->143 MB, 282 MB goal, 0 MB stacks, 0 MB globals, 20 P
gc 13769 @336.922s 1%: 0.023+7.5+2.1 ms clock, 0.46+0.079/3.7/0.005+42 ms cpu, 248->281->152 MB, 286 MB goal, 0 MB stacks, 0 MB globals, 20 P
gc 13770 @336.941s 1%: 0.019+7.0+0.081 ms clock, 0.39+0/3.7/0+1.6 ms cpu, 281->331->166 MB, 305 MB goal, 0 MB stacks, 0 MB globals, 20 P
gc 13771 @336.960s 1%: 0.32+0.62+0.58 ms clock, 6.5+0/1.1/0+11 ms cpu, 290->298->125 MB, 333 MB goal, 0 MB stacks, 0 MB globals, 20 P
gc 13772 @336.967s 1%: 0.034+0.42+0.022 ms clock, 0.69+0.10/0.71/0+0.45 ms cpu, 224->238->164 MB, 251 MB goal, 0 MB stacks, 0 MB globals, 20 P
gc 13773 @336.978s 1%: 0.046+2.9+0.015 ms clock, 0.93+0/3.4/0+0.31 ms cpu, 289->289->141 MB, 328 MB goal, 0 MB stacks, 0 MB globals, 20 P
gc 13774 @336.988s 1%: 0.019+1.2+0.003 ms clock, 0.39+0/1.7/0.038+0.061 ms cpu, 247->249->121 MB, 284 MB goal, 0 MB stacks, 0 MB globals, 20 P
gc 13775 @336.998s 1%: 0.022+1.2+0.082 ms clock, 0.44+0.21/1.4/0+1.6 ms cpu, 213->221->131 MB, 242 MB goal, 0 MB stacks, 0 MB globals, 20 P
gc 13776 @337.007s 1%: 0.045+0.53+0.36 ms clock, 0.91+0/0.88/0+7.2 ms cpu, 224->229->145 MB, 262 MB goal, 0 MB stacks, 0 MB globals, 20 P
gc 13777 @337.019s 1%: 0.099+6.0+0.008 ms clock, 1.9+0/6.3/0+0.17 ms cpu, 294->294->152 MB, 294 MB goal, 0 MB stacks, 0 MB globals, 20 P
gc 13778 @337.036s 1%: 0.46+4.9+0.085 ms clock, 9.2+0/5.2/0+1.7 ms cpu, 292->302->143 MB, 304 MB goal, 0 MB stacks, 0 MB globals, 20 P
gc 13779 @337.054s 1%: 1.7+2.7+1.0 ms clock, 34+0/1.7/0+20 ms cpu, 273->314->166 MB, 286 MB goal, 0 MB stacks, 0 MB globals, 20 P
gc 13780 @337.071s 1%: 0.049+8.3+1.4 ms clock, 0.98+0/2.3/0+28 ms cpu, 305->351->177 MB, 333 MB goal, 0 MB stacks, 0 MB globals, 20 P
gc 13781 @337.092s 1%: 0.16+0.72+0.004 ms clock, 3.3+0/1.2/0.001+0.080 ms cpu, 311->311->126 MB, 356 MB goal, 0 MB stacks, 0 MB globals, 20 P
gc 13782 @337.098s 1%: 0.036+0.68+0.081 ms clock, 0.72+0/0.73/0+1.6 ms cpu, 222->222->168 MB, 254 MB goal, 0 MB stacks, 0 MB globals, 20 P
gc 13783 @337.108s 1%: 0.44+1.9+0.15 ms clock, 8.9+0/2.3/0+3.0 ms cpu, 294->306->147 MB, 337 MB goal, 0 MB stacks, 0 MB globals, 20 P
gc 13784 @337.126s 1%: 1.3+2.5+0.87 ms clock, 27+0/2.1/0.041+17 ms cpu, 257->290->160 MB, 295 MB goal, 0 MB stacks, 0 MB globals, 20 P
gc 13785 @337.143s 1%: 0.020+1.1+0.005 ms clock, 0.40+0/1.6/0+0.10 ms cpu, 278->286->130 MB, 321 MB goal, 0 MB stacks, 0 MB globals, 20 P
gc 13786 @337.151s 1%: 0.041+0.37+0.074 ms clock, 0.82+0.031/0.74/0+1.4 ms cpu, 227->227->138 MB, 261 MB goal, 0 MB stacks, 0 MB globals, 20 P
gc 13787 @337.160s 1%: 0.048+0.90+0.023 ms clock, 0.96+0/0.76/0+0.46 ms cpu, 235->239->140 MB, 276 MB goal, 0 MB stacks, 0 MB globals, 20 P
gc 13788 @337.171s 1%: 0.041+1.1+0.085 ms clock, 0.83+0/1.4/0+1.7 ms cpu, 273->273->146 MB, 282 MB goal, 0 MB stacks, 0 MB globals, 20 P
gc 13789 @337.184s 1%: 0.023+0.70+0.009 ms clock, 0.47+0.62/0.62/0+0.18 ms cpu, 262->262->125 MB, 293 MB goal, 0 MB stacks, 0 MB globals, 20 P
gc 13790 @337.189s 1%: 0.046+0.38+0.042 ms clock, 0.93+0/0.87/0+0.85 ms cpu, 218->218->165 MB, 250 MB goal, 0 MB stacks, 0 MB globals, 20 P
gc 13791 @337.209s 1%: 0.051+6.0+0.098 ms clock, 1.0+0/6.2/0+1.9 ms cpu, 317->331->160 MB, 330 MB goal, 0 MB stacks, 0 MB globals, 20 P
gc 13792 @337.229s 1%: 0.051+0.92+0.014 ms clock, 1.0+0/1.1/0+0.28 ms cpu, 292->292->143 MB, 320 MB goal, 0 MB stacks, 0 MB globals, 20 P
gc 13793 @337.238s 1%: 0.043+3.1+0.005 ms clock, 0.87+0/3.4/0+0.11 ms cpu, 259->269->158 MB, 287 MB goal, 0 MB stacks, 0 MB globals, 20 P
gc 13794 @337.254s 1%: 0.097+2.8+4.2 ms clock, 1.9+0/2.6/0+84 ms cpu, 312->327->134 MB, 317 MB goal, 0 MB stacks, 0 MB globals, 20 P
gc 13795 @337.273s 1%: 0.42+1.4+0.21 ms clock, 8.5+0/1.0/0+4.3 ms cpu, 254->268->129 MB, 269 MB goal, 0 MB stacks, 0 MB globals, 20 P
gc 13796 @337.285s 1%: 0.065+0.85+0.059 ms clock, 1.3+0.050/0.79/0.020+1.1 ms cpu, 243->253->113 MB, 258 MB goal, 0 MB stacks, 0 MB globals, 20 P
gc 13797 @337.292s 1%: 0.075+1.3+0.009 ms clock, 1.5+0/1.8/0+0.19 ms cpu, 221->221->128 MB, 226 MB goal, 0 MB stacks, 0 MB globals, 20 P
gc 13798 @337.304s 1%: 0.071+1.8+0.004 ms clock, 1.4+0/1.2/0+0.082 ms cpu, 244->259->127 MB, 258 MB goal, 0 MB stacks, 0 MB globals, 20 P
gc 13799 @337.315s 1%: 0.019+0.89+0.032 ms clock, 0.38+0/0.91/0+0.65 ms cpu, 242->247->112 MB, 256 MB goal, 0 MB stacks, 0 MB globals, 20 P
gc 13800 @337.321s 1%: 1.0+1.1+0.088 ms clock, 21+0/1.4/0+1.7 ms cpu, 215->229->142 MB, 226 MB goal, 0 MB stacks, 0 MB globals, 20 P
gc 13801 @337.336s 1%: 0.022+6.8+0.094 ms clock, 0.44+0/6.8/0+1.8 ms cpu, 280->309->154 MB, 285 MB goal, 0 MB stacks, 0 MB globals, 20 P
gc 13802 @337.356s 1%: 0.48+0.44+0.003 ms clock, 9.6+0/0.84/0+0.075 ms cpu, 281->281->120 MB, 309 MB goal, 0 MB stacks, 0 MB globals, 20 P
gc 13803 @337.365s 1%: 0.045+0.63+0.24 ms clock, 0.90+0/0.90/0+4.8 ms cpu, 221->221->162 MB, 241 MB goal, 0 MB stacks, 0 MB globals, 20 P
gc 13804 @337.376s 1%: 0.050+1.1+0.007 ms clock, 1.0+0/1.4/0+0.15 ms cpu, 298->298->142 MB, 324 MB goal, 0 MB stacks, 0 MB globals, 20 P
gc 13805 @337.386s 1%: 1.0+0.55+0.008 ms clock, 20+0/0.93/0+0.16 ms cpu, 259->259->125 MB, 285 MB goal, 0 MB stacks, 0 MB globals, 20 P
gc 13806 @337.397s 1%: 0.017+1.5+0.55 ms clock, 0.34+0/1.3/0.032+11 ms cpu, 223->239->127 MB, 251 MB goal, 0 MB stacks, 0 MB globals, 20 P
gc 13807 @337.404s 1%: 0.040+4.6+0.013 ms clock, 0.80+0/5.0/0+0.26 ms cpu, 232->232->146 MB, 255 MB goal, 0 MB stacks, 0 MB globals, 20 P
gc 13808 @337.417s 1%: 3.5+5.7+0.038 ms clock, 70+0/1.4/0+0.76 ms cpu, 270->312->167 MB, 292 MB goal, 0 MB stacks, 0 MB globals, 20 P
gc 13809 @337.438s 1%: 1.0+0.76+0.025 ms clock, 21+0/1.0/0+0.51 ms cpu, 297->310->137 MB, 335 MB goal, 0 MB stacks, 0 MB globals, 20 P
gc 13810 @337.449s 1%: 0.020+3.8+0.16 ms clock, 0.40+0.24/0.60/0.019+3.2 ms cpu, 235->272->147 MB, 275 MB goal, 0 MB stacks, 0 MB globals, 20 P
gc 13811 @337.463s 1%: 0.048+0.47+0.088 ms clock, 0.96+0/0.89/0+1.7 ms cpu, 253->255->136 MB, 296 MB goal, 0 MB stacks, 0 MB globals, 20 P
gc 13812 @337.469s 1%: 0.51+1.5+0.003 ms clock, 10+0/1.7/0+0.070 ms cpu, 233->244->135 MB, 272 MB goal, 0 MB stacks, 0 MB globals, 20 P
gc 13813 @337.480s 1%: 0.27+0.48+0.005 ms clock, 5.4+0/0.92/0.008+0.11 ms cpu, 231->231->115 MB, 271 MB goal, 0 MB stacks, 0 MB globals, 20 P
gc 13814 @337.489s 1%: 0.062+2.8+0.006 ms clock, 1.2+0/3.2/0+0.13 ms cpu, 200->200->142 MB, 232 MB goal, 0 MB stacks, 0 MB globals, 20 P
gc 13815 @337.503s 1%: 0.60+2.0+0.004 ms clock, 12+0/2.4/0+0.087 ms cpu, 245->256->131 MB, 286 MB goal, 0 MB stacks, 0 MB globals, 20 P
gc 13816 @337.511s 1%: 0.035+6.8+0.18 ms clock, 0.70+0/7.1/0+3.6 ms cpu, 230->256->178 MB, 263 MB goal, 0 MB stacks, 0 MB globals, 20 P
gc 13817 @337.537s 1%: 1.1+0.71+0.003 ms clock, 22+0/1.1/0.026+0.074 ms cpu, 323->323->123 MB, 358 MB goal, 0 MB stacks, 0 MB globals, 20 P
gc 13818 @337.545s 1%: 0.034+3.4+1.9 ms clock, 0.69+0/3.2/0+38 ms cpu, 214->245->182 MB, 247 MB goal, 0 MB stacks, 0 MB globals, 20 P
gc 13819 @337.565s 1%: 0.18+11+0.55 ms clock, 3.7+0/5.1/0+11 ms cpu, 344->389->171 MB, 365 MB goal, 0 MB stacks, 0 MB globals, 20 P
gc 13820 @337.587s 1%: 0.027+1.1+0.004 ms clock, 0.55+0.12/2.1/0+0.080 ms cpu, 301->309->128 MB, 344 MB goal, 0 MB stacks, 0 MB globals, 20 P
gc 13821 @337.594s 1%: 0.092+0.52+0.072 ms clock, 1.8+0/0.75/0+1.4 ms cpu, 222->222->169 MB, 257 MB goal, 0 MB stacks, 0 MB globals, 20 P
gc 13822 @337.606s 1%: 0.54+4.2+0.082 ms clock, 10+0/4.6/0+1.6 ms cpu, 294->324->165 MB, 338 MB goal, 0 MB stacks, 0 MB globals, 20 P
gc 13823 @337.625s 1%: 0.21+0.66+1.0 ms clock, 4.3+0/1.3/0.080+21 ms cpu, 290->306->148 MB, 332 MB goal, 0 MB stacks, 0 MB globals, 20 P
gc 13824 @337.637s 1%: 0.044+0.82+1.1 ms clock, 0.89+0/1.1/0.019+22 ms cpu, 254->265->126 MB, 298 MB goal, 0 MB stacks, 0 MB globals, 20 P
gc 13825 @337.645s 1%: 0.019+10+1.2 ms clock, 0.39+0.067/0.75/0+25 ms cpu, 222->278->202 MB, 254 MB goal, 0 MB stacks, 0 MB globals, 20 P
gc 13826 @337.675s 1%: 1.0+8.7+0.74 ms clock, 20+0/4.2/0.002+14 ms cpu, 358->393->164 MB, 405 MB goal, 0 MB stacks, 0 MB globals, 20 P
gc 13827 @337.698s 1%: 0.020+3.1+0.006 ms clock, 0.41+0/3.7/0.008+0.13 ms cpu, 291->302->135 MB, 328 MB goal, 0 MB stacks, 0 MB globals, 20 P
gc 13828 @337.708s 1%: 0.033+0.45+0.078 ms clock, 0.67+0.031/0.72/0+1.5 ms cpu, 241->243->141 MB, 271 MB goal, 0 MB stacks, 0 MB globals, 20 P
gc 13829 @337.716s 1%: 0.019+1.8+0.007 ms clock, 0.39+0.13/2.0/0+0.14 ms cpu, 244->259->146 MB, 284 MB goal, 0 MB stacks, 0 MB globals, 20 P
gc 13830 @337.726s 1%: 0.052+0.76+0.010 ms clock, 1.0+0.067/1.3/0+0.20 ms cpu, 252->253->120 MB, 292 MB goal, 0 MB stacks, 0 MB globals, 20 P
gc 13831 @337.733s 1%: 0.038+1.2+0.081 ms clock, 0.77+0/1.7/0+1.6 ms cpu, 218->219->150 MB, 242 MB goal, 0 MB stacks, 0 MB globals, 20 P
gc 13832 @337.748s 1%: 0.037+3.8+0.003 ms clock, 0.75+0.005/4.0/0+0.078 ms cpu, 287->292->150 MB, 301 MB goal, 0 MB stacks, 0 MB globals, 20 P
gc 13833 @337.762s 1%: 0.33+1.2+0.027 ms clock, 6.6+0.070/0.82/0+0.54 ms cpu, 285->301->128 MB, 300 MB goal, 0 MB stacks, 0 MB globals, 20 P
gc 13834 @337.772s 1%: 0.77+0.46+0.036 ms clock, 15+0.062/0.72/0+0.73 ms cpu, 242->254->133 MB, 257 MB goal, 0 MB stacks, 0 MB globals, 20 P
gc 13835 @337.782s 1%: 0.046+0.59+0.087 ms clock, 0.93+0/1.1/0+1.7 ms cpu, 251->257->144 MB, 266 MB goal, 0 MB stacks, 0 MB globals, 20 P
gc 13836 @337.794s 1%: 3.1+1.6+0.003 ms clock, 62+0/2.0/0+0.065 ms cpu, 276->289->130 MB, 289 MB goal, 0 MB stacks, 0 MB globals, 20 P
gc 13837 @337.809s 1%: 0.38+0.27+0.004 ms clock, 7.7+0.089/0.81/0.020+0.089 ms cpu, 246->247->110 MB, 261 MB goal, 0 MB stacks, 0 MB globals, 20 P
gc 13838 @337.815s 1%: 0.72+2.4+0.003 ms clock, 14+0/2.6/0+0.076 ms cpu, 217->217->131 MB, 220 MB goal, 0 MB stacks, 0 MB globals, 20 P
gc 13839 @337.832s 1%: 0.20+0.93+0.004 ms clock, 4.1+0/1.2/0+0.086 ms cpu, 255->255->124 MB, 263 MB goal, 0 MB stacks, 0 MB globals, 20 P
gc 13840 @337.843s 1%: 0.057+0.60+0.047 ms clock, 1.1+0.058/0.74/0+0.94 ms cpu, 233->240->116 MB, 249 MB goal, 0 MB stacks, 0 MB globals, 20 P
gc 13841 @337.850s 1%: 0.16+1.2+0.003 ms clock, 3.3+0/1.6/0+0.073 ms cpu, 231->231->134 MB, 233 MB goal, 0 MB stacks, 0 MB globals, 20 P
gc 13842 @337.864s 1%: 0.084+0.63+0.006 ms clock, 1.6+0.023/1.1/0+0.12 ms cpu, 260->260->126 MB, 269 MB goal, 0 MB stacks, 0 MB globals, 20 P
gc 13843 @337.872s 1%: 0.090+0.65+0.14 ms clock, 1.8+0/0.83/0+2.9 ms cpu, 245->245->172 MB, 252 MB goal, 0 MB stacks, 0 MB globals, 20 P
gc 13844 @337.898s 1%: 0.032+2.0+0.20 ms clock, 0.65+0/1.4/0.033+4.1 ms cpu, 332->339->145 MB, 345 MB goal, 0 MB stacks, 0 MB globals, 20 P
gc 13845 @337.911s 1%: 0.038+0.52+0.005 ms clock, 0.77+0.099/0.71/0.016+0.10 ms cpu, 278->281->134 MB, 291 MB goal, 0 MB stacks, 0 MB globals, 20 P
gc 13846 @337.918s 1%: 0.093+1.8+0.004 ms clock, 1.8+0/1.9/0.001+0.080 ms cpu, 271->271->146 MB, 271 MB goal, 0 MB stacks, 0 MB globals, 20 P
gc 13847 @337.932s 1%: 0.40+5.4+0.003 ms clock, 8.1+0.019/5.6/0+0.069 ms cpu, 301->301->129 MB, 301 MB goal, 0 MB stacks, 0 MB globals, 20 P
gc 13848 @337.950s 1%: 0.020+0.49+0.003 ms clock, 0.41+0.17/0.98/0.006+0.074 ms cpu, 255->255->116 MB, 259 MB goal, 0 MB stacks, 0 MB globals, 20 P
gc 13849 @337.960s 1%: 0.039+0.49+0.30 ms clock, 0.78+0/0.81/0+6.0 ms cpu, 228->232->137 MB, 232 MB goal, 0 MB stacks, 0 MB globals, 20 P
gc 13850 @337.972s 1%: 0.076+1.4+0.019 ms clock, 1.5+0/1.6/0.015+0.39 ms cpu, 288->288->149 MB, 288 MB goal, 0 MB stacks, 0 MB globals, 20 P
gc 13851 @337.986s 1%: 3.0+5.6+0.003 ms clock, 61+0/6.1/0+0.074 ms cpu, 304->304->133 MB, 304 MB goal, 0 MB stacks, 0 MB globals, 20 P
gc 13852 @338.005s 1%: 0.021+0.89+0.009 ms clock, 0.43+0.20/1.0/0+0.18 ms cpu, 267->267->125 MB, 267 MB goal, 0 MB stacks, 0 MB globals, 20 P
gc 13853 @338.017s 1%: 0.040+0.70+0.019 ms clock, 0.80+0/1.1/0+0.39 ms cpu, 246->246->143 MB, 251 MB goal, 0 MB stacks, 0 MB globals, 20 P
gc 13854 @338.032s 1%: 0.032+6.1+0.008 ms clock, 0.64+0.008/6.1/0+0.17 ms cpu, 289->312->179 MB, 289 MB goal, 0 MB stacks, 0 MB globals, 20 P
gc 13855 @338.053s 1%: 0.67+0.76+0.004 ms clock, 13+0/1.1/0.018+0.085 ms cpu, 336->340->130 MB, 358 MB goal, 0 MB stacks, 0 MB globals, 20 P
gc 13856 @338.065s 1%: 0.045+0.77+0.003 ms clock, 0.91+0/1.1/0+0.068 ms cpu, 240->244->122 MB, 261 MB goal, 0 MB stacks, 0 MB globals, 20 P
gc 13857 @338.073s 1%: 0.034+1.5+0.021 ms clock, 0.68+0/1.8/0+0.42 ms cpu, 231->245->162 MB, 244 MB goal, 0 MB stacks, 0 MB globals, 20 P
gc 13858 @338.086s 1%: 0.039+8.1+0.77 ms clock, 0.78+0.008/4.1/0+15 ms cpu, 303->337->177 MB, 325 MB goal, 0 MB stacks, 0 MB globals, 20 P
gc 13859 @338.105s 1%: 0.038+4.7+0.004 ms clock, 0.77+0/4.9/0+0.082 ms cpu, 323->333->154 MB, 355 MB goal, 0 MB stacks, 0 MB globals, 20 P
gc 13860 @338.119s 1%: 0.046+0.75+0.029 ms clock, 0.93+0/1.2/0+0.58 ms cpu, 280->280->136 MB, 309 MB goal, 0 MB stacks, 0 MB globals, 20 P
gc 13861 @338.130s 1%: 0.38+3.5+2.6 ms clock, 7.7+0/2.9/0.012+53 ms cpu, 243->268->137 MB, 273 MB goal, 0 MB stacks, 0 MB globals, 20 P
gc 13862 @338.148s 1%: 0.053+0.93+0.046 ms clock, 1.0+0/1.1/0+0.92 ms cpu, 245->251->140 MB, 276 MB goal, 0 MB stacks, 0 MB globals, 20 P
gc 13863 @338.155s 1%: 1.9+2.5+0.085 ms clock, 38+0/2.6/0+1.7 ms cpu, 263->289->158 MB, 281 MB goal, 0 MB stacks, 0 MB globals, 20 P
gc 13864 @338.177s 1%: 0.33+0.56+0.003 ms clock, 6.6+0/0.90/0+0.072 ms cpu, 285->288->118 MB, 317 MB goal, 0 MB stacks, 0 MB globals, 20 P
gc 13865 @338.185s 1%: 0.038+1.8+0.012 ms clock, 0.76+0/2.7/0+0.25 ms cpu, 232->232->149 MB, 236 MB goal, 0 MB stacks, 0 MB globals, 20 P
gc 13866 @338.200s 1%: 5.0+12+0.015 ms clock, 101+0/2.5/0+0.31 ms cpu, 276->334->187 MB, 299 MB goal, 0 MB stacks, 0 MB globals, 20 P
gc 13867 @338.230s 1%: 0.054+1.1+0.013 ms clock, 1.0+0/1.6/0+0.26 ms cpu, 334->334->145 MB, 376 MB goal, 0 MB stacks, 0 MB globals, 20 P
gc 13868 @338.240s 1%: 0.13+1.2+0.022 ms clock, 2.6+0.031/0.67/0+0.45 ms cpu, 248->249->127 MB, 291 MB goal, 0 MB stacks, 0 MB globals, 20 P
gc 13869 @338.248s 1%: 0.037+1.1+0.016 ms clock, 0.74+0/1.6/0+0.32 ms cpu, 219->219->149 MB, 256 MB goal, 0 MB stacks, 0 MB globals, 20 P
gc 13870 @338.260s 1%: 0.021+2.6+1.7 ms clock, 0.42+0.032/0.75/0+35 ms cpu, 259->283->156 MB, 298 MB goal, 0 MB stacks, 0 MB globals, 20 P
gc 13871 @338.272s 1%: 0.098+0.92+0.12 ms clock, 1.9+0/1.0/0+2.4 ms cpu, 271->276->148 MB, 313 MB goal, 0 MB stacks, 0 MB globals, 20 P
gc 13872 @338.284s 1%: 0.036+1.0+0.57 ms clock, 0.72+0/0.73/0+11 ms cpu, 260->272->139 MB, 298 MB goal, 0 MB stacks, 0 MB globals, 20 P
gc 13873 @338.295s 1%: 0.049+0.39+0.084 ms clock, 0.99+0/0.90/0.003+1.6 ms cpu, 238->239->139 MB, 278 MB goal, 0 MB stacks, 0 MB globals, 20 P
gc 13874 @338.303s 1%: 0.94+1.8+0.082 ms clock, 18+0/2.1/0+1.6 ms cpu, 258->270->149 MB, 278 MB goal, 0 MB stacks, 0 MB globals, 20 P
gc 13875 @338.317s 1%: 0.038+3.0+0.015 ms clock, 0.76+0/3.4/0+0.30 ms cpu, 276->276->142 MB, 298 MB goal, 0 MB stacks, 0 MB globals, 20 P
gc 13876 @338.329s 1%: 0.042+7.2+0.004 ms clock, 0.84+0/0.89/0+0.088 ms cpu, 276->312->171 MB, 286 MB goal, 0 MB stacks, 0 MB globals, 20 P
gc 13877 @338.348s 1%: 0.24+5.2+0.085 ms clock, 4.9+0/5.2/0.010+1.7 ms cpu, 312->331->140 MB, 342 MB goal, 0 MB stacks, 0 MB globals, 20 P
gc 13878 @338.366s 1%: 0.26+0.72+0.46 ms clock, 5.3+0/1.1/0+9.3 ms cpu, 249->256->117 MB, 280 MB goal, 0 MB stacks, 0 MB globals, 20 P
gc 13879 @338.375s 1%: 0.053+0.90+0.19 ms clock, 1.0+0.049/1.1/0+3.9 ms cpu, 203->203->138 MB, 235 MB goal, 0 MB stacks, 0 MB globals, 20 P
gc 13880 @338.388s 1%: 0.036+0.91+0.089 ms clock, 0.73+0/1.2/0+1.7 ms cpu, 244->252->135 MB, 277 MB goal, 0 MB stacks, 0 MB globals, 20 P
gc 13881 @338.396s 1%: 0.045+2.8+0.007 ms clock, 0.90+0/3.1/0+0.15 ms cpu, 251->251->138 MB, 271 MB goal, 0 MB stacks, 0 MB globals, 20 P
gc 13882 @338.407s 1%: 1.4+0.65+0.022 ms clock, 29+0/0.73/0+0.45 ms cpu, 243->259->131 MB, 278 MB goal, 0 MB stacks, 0 MB globals, 20 P
gc 13883 @338.418s 1%: 0.15+1.7+0.011 ms clock, 3.0+0/0.83/0+0.23 ms cpu, 246->246->143 MB, 262 MB goal, 0 MB stacks, 0 MB globals, 20 P
gc 13884 @338.430s 1%: 0.17+6.9+3.8 ms clock, 3.5+0/5.1/0+76 ms cpu, 274->299->145 MB, 288 MB goal, 0 MB stacks, 0 MB globals, 20 P
gc 13885 @338.451s 1%: 0.054+1.1+0.004 ms clock, 1.0+0/1.6/0+0.090 ms cpu, 277->283->123 MB, 291 MB goal, 0 MB stacks, 0 MB globals, 20 P
gc 13886 @338.459s 1%: 0.16+0.58+0.016 ms clock, 3.3+0/0.72/0.017+0.33 ms cpu, 221->226->126 MB, 246 MB goal, 0 MB stacks, 0 MB globals, 20 P
gc 13887 @338.468s 1%: 0.031+0.52+0.075 ms clock, 0.63+0/0.77/0+1.5 ms cpu, 229->233->140 MB, 253 MB goal, 0 MB stacks, 0 MB globals, 20 P
gc 13888 @338.477s 1%: 0.046+4.0+0.008 ms clock, 0.93+0/4.4/0+0.17 ms cpu, 274->274->145 MB, 281 MB goal, 0 MB stacks, 0 MB globals, 20 P
gc 13889 @338.490s 1%: 0.71+6.7+0.75 ms clock, 14+0/0.80/0.013+15 ms cpu, 267->316->171 MB, 291 MB goal, 0 MB stacks, 0 MB globals, 20 P
gc 13890 @338.511s 1%: 0.023+1.8+0.005 ms clock, 0.47+0.047/2.9/0+0.11 ms cpu, 300->318->134 MB, 344 MB goal, 0 MB stacks, 0 MB globals, 20 P
gc 13891 @338.519s 1%: 0.040+0.36+0.019 ms clock, 0.80+0/0.72/0+0.39 ms cpu, 229->229->167 MB, 269 MB goal, 0 MB stacks, 0 MB globals, 20 P
gc 13892 @338.528s 1%: 0.76+8.6+0.005 ms clock, 15+0/2.6/0+0.11 ms cpu, 293->324->165 MB, 335 MB goal, 0 MB stacks, 0 MB globals, 20 P
gc 13893 @338.548s 1%: 0.17+0.69+0.005 ms clock, 3.4+0/1.2/0+0.10 ms cpu, 284->284->128 MB, 331 MB goal, 0 MB stacks, 0 MB globals, 20 P
gc 13894 @338.556s 1%: 0.033+0.47+0.019 ms clock, 0.67+0/0.72/0+0.39 ms cpu, 223->223->169 MB, 257 MB goal, 0 MB stacks, 0 MB globals, 20 P
gc 13895 @338.570s 1%: 0.058+1.2+0.013 ms clock, 1.1+0/1.6/0+0.26 ms cpu, 294->294->149 MB, 339 MB goal, 0 MB stacks, 0 MB globals, 20 P
gc 13896 @338.578s 1%: 0.050+0.99+0.096 ms clock, 1.0+0/1.4/0+1.9 ms cpu, 260->260->153 MB, 299 MB goal, 0 MB stacks, 0 MB globals, 20 P
gc 13897 @338.590s 1%: 0.033+0.72+0.004 ms clock, 0.66+0.57/0.68/0+0.081 ms cpu, 262->262->126 MB, 307 MB goal, 0 MB stacks, 0 MB globals, 20 P
gc 13898 @338.596s 1%: 0.039+1.3+0.011 ms clock, 0.79+0/1.7/0.021+0.23 ms cpu, 230->230->158 MB, 253 MB goal, 0 MB stacks, 0 MB globals, 20 P
gc 13899 @338.608s 1%: 0.32+9.6+2.7 ms clock, 6.4+0/3.5/0+55 ms cpu, 275->314->172 MB, 317 MB goal, 0 MB stacks, 0 MB globals, 20 P
gc 13900 @338.636s 1%: 0.33+5.8+0.040 ms clock, 6.6+0/1.3/0+0.80 ms cpu, 299->336->168 MB, 345 MB goal, 0 MB stacks, 0 MB globals, 20 P
gc 13901 @338.652s 1%: 0.52+1.5+0.007 ms clock, 10+0/1.9/0+0.14 ms cpu, 298->308->139 MB, 336 MB goal, 0 MB stacks, 0 MB globals, 20 P
gc 13902 @338.662s 1%: 0.071+1.0+0.63 ms clock, 1.4+0/1.3/0.013+12 ms cpu, 245->261->131 MB, 279 MB goal, 0 MB stacks, 0 MB globals, 20 P
gc 13903 @338.670s 1%: 0.036+1.4+0.005 ms clock, 0.73+0/1.8/0+0.11 ms cpu, 235->235->149 MB, 262 MB goal, 0 MB stacks, 0 MB globals, 20 P
gc 13904 @338.681s 1%: 0.042+3.4+0.041 ms clock, 0.85+0/1.3/0.001+0.82 ms cpu, 282->306->164 MB, 299 MB goal, 0 MB stacks, 0 MB globals, 20 P
gc 13905 @338.700s 1%: 0.48+9.9+3.0 ms clock, 9.7+0/3.2/0+61 ms cpu, 297->348->175 MB, 329 MB goal, 0 MB stacks, 0 MB globals, 20 P
gc 13906 @338.726s 1%: 0.38+0.50+0.003 ms clock, 7.7+0/0.87/0+0.079 ms cpu, 302->302->125 MB, 350 MB goal, 0 MB stacks, 0 MB globals, 20 P
gc 13907 @338.734s 1%: 0.035+0.52+0.088 ms clock, 0.70+0.034/0.73/0+1.7 ms cpu, 227->227->141 MB, 251 MB goal, 0 MB stacks, 0 MB globals, 20 P
gc 13908 @338.743s 1%: 0.57+7.5+0.10 ms clock, 11+0/1.5/0+2.1 ms cpu, 244->284->173 MB, 284 MB goal, 0 MB stacks, 0 MB globals, 20 P
gc 13909 @338.761s 1%: 1.0+1.0+0.085 ms clock, 21+0/1.1/0.003+1.7 ms cpu, 299->316->147 MB, 346 MB goal, 0 MB stacks, 0 MB globals, 20 P
gc 13910 @338.776s 1%: 0.55+0.70+0.007 ms clock, 11+0/1.0/0.011+0.14 ms cpu, 254->258->125 MB, 295 MB goal, 0 MB stacks, 0 MB globals, 20 P
gc 13911 @338.786s 1%: 0.054+0.38+0.016 ms clock, 1.0+0.034/0.71/0+0.33 ms cpu, 214->216->108 MB, 251 MB goal, 0 MB stacks, 0 MB globals, 20 P
gc 13912 @338.792s 1%: 0.019+1.3+0.004 ms clock, 0.38+0.26/1.6/0.002+0.086 ms cpu, 194->201->131 MB, 217 MB goal, 0 MB stacks, 0 MB globals, 20 P
gc 13913 @338.803s 1%: 0.059+0.77+0.005 ms clock, 1.1+0.040/0.74/0+0.11 ms cpu, 229->231->115 MB, 263 MB goal, 0 MB stacks, 0 MB globals, 20 P
gc 13914 @338.811s 1%: 0.038+5.2+1.2 ms clock, 0.76+0/5.2/0+25 ms cpu, 224->253->169 MB, 231 MB goal, 0 MB stacks, 0 MB globals, 20 P
gc 13915 @338.836s 1%: 3.1+0.61+0.39 ms clock, 62+0/1.0/0+7.9 ms cpu, 311->325->128 MB, 339 MB goal, 0 MB stacks, 0 MB globals, 20 P
gc 13916 @338.850s 1%: 0.047+0.95+0.012 ms clock, 0.94+0/0.92/0+0.25 ms cpu, 230->235->137 MB, 257 MB goal, 0 MB stacks, 0 MB globals, 20 P
gc 13917 @338.860s 1%: 0.040+0.97+0.082 ms clock, 0.80+0/1.2/0+1.6 ms cpu, 249->249->139 MB, 275 MB goal, 0 MB stacks, 0 MB globals, 20 P
gc 13918 @338.871s 1%: 0.018+1.2+0.79 ms clock, 0.36+0.15/0.78/0+15 ms cpu, 252->271->133 MB, 279 MB goal, 0 MB stacks, 0 MB globals, 20 P
gc 13919 @338.880s 1%: 0.10+0.44+0.019 ms clock, 2.0+0/0.78/0.001+0.38 ms cpu, 239->239->162 MB, 267 MB goal, 0 MB stacks, 0 MB globals, 20 P
gc 13920 @338.892s 1%: 5.4+3.9+0.095 ms clock, 108+0/4.2/0+1.9 ms cpu, 303->317->147 MB, 325 MB goal, 0 MB stacks, 0 MB globals, 20 P
gc 13921 @338.913s 1%: 0.17+5.8+0.69 ms clock, 3.5+0/2.7/0+13 ms cpu, 267->318->178 MB, 294 MB goal, 0 MB stacks, 0 MB globals, 20 P
gc 13922 @338.932s 1%: 0.30+4.6+2.5 ms clock, 6.0+0/3.8/0+50 ms cpu, 312->351->170 MB, 357 MB goal, 0 MB stacks, 0 MB globals, 20 P
gc 13923 @338.949s 1%: 0.47+0.43+0.003 ms clock, 9.4+0/1.1/0+0.070 ms cpu, 292->292->126 MB, 340 MB goal, 0 MB stacks, 0 MB globals, 20 P
gc 13924 @338.955s 1%: 0.039+1.6+0.009 ms clock, 0.78+0/2.1/0+0.18 ms cpu, 231->231->159 MB, 253 MB goal, 0 MB stacks, 0 MB globals, 20 P
gc 13925 @338.966s 1%: 0.48+3.7+0.083 ms clock, 9.6+0/1.8/0+1.6 ms cpu, 276->298->156 MB, 318 MB goal, 0 MB stacks, 0 MB globals, 20 P
gc 13926 @338.981s 1%: 0.066+1.1+0.51 ms clock, 1.3+0/1.5/0+10 ms cpu, 282->288->148 MB, 313 MB goal, 0 MB stacks, 0 MB globals, 20 P
gc 13927 @338.991s 1%: 0.017+2.7+0.009 ms clock, 0.34+0.081/0.95/0+0.18 ms cpu, 254->287->155 MB, 297 MB goal, 0 MB stacks, 0 MB globals, 20 P
gc 13928 @339.002s 1%: 0.037+1.2+0.009 ms clock, 0.75+0/1.3/0.010+0.18 ms cpu, 272->272->145 MB, 310 MB goal, 0 MB stacks, 0 MB globals, 20 P
gc 13929 @339.011s 1%: 0.035+1.8+0.080 ms clock, 0.70+0.030/0.71/0+1.6 ms cpu, 255->276->156 MB, 292 MB goal, 0 MB stacks, 0 MB globals, 20 P
gc 13930 @339.025s 1%: 0.10+5.4+0.004 ms clock, 2.0+0/1.6/0.041+0.081 ms cpu, 282->308->141 MB, 312 MB goal, 0 MB stacks, 0 MB globals, 20 P
gc 13931 @339.039s 1%: 0.019+1.1+0.004 ms clock, 0.38+0.12/0.67/0+0.098 ms cpu, 252->268->125 MB, 283 MB goal, 0 MB stacks, 0 MB globals, 20 P
gc 13932 @339.047s 1%: 0.051+0.73+0.043 ms clock, 1.0+0/0.84/0.002+0.87 ms cpu, 229->230->127 MB, 251 MB goal, 0 MB stacks, 0 MB globals, 20 P
gc 13933 @339.058s 1%: 1.0+6.1+0.006 ms clock, 21+0/1.6/0+0.13 ms cpu, 235->258->143 MB, 255 MB goal, 0 MB stacks, 0 MB globals, 20 P
gc 13934 @339.075s 1%: 0.12+5.3+3.0 ms clock, 2.4+0/2.4/0+61 ms cpu, 267->301->150 MB, 287 MB goal, 0 MB stacks, 0 MB globals, 20 P
gc 13935 @339.094s 1%: 0.14+2.5+3.2 ms clock, 2.8+0/1.1/0+64 ms cpu, 270->306->151 MB, 300 MB goal, 0 MB stacks, 0 MB globals, 20 P
gc 13936 @339.111s 1%: 0.11+0.74+0.004 ms clock, 2.2+0.062/0.62/0+0.082 ms cpu, 268->268->115 MB, 303 MB goal, 0 MB stacks, 0 MB globals, 20 P
gc 13937 @339.116s 1%: 0.69+1.1+0.69 ms clock, 13+0/1.1/0+13 ms cpu, 202->226->152 MB, 232 MB goal, 0 MB stacks, 0 MB globals, 20 P
gc 13938 @339.134s 1%: 0.13+5.5+0.069 ms clock, 2.6+0/3.4/0+1.3 ms cpu, 278->302->149 MB, 305 MB goal, 0 MB stacks, 0 MB globals, 20 P
gc 13939 @339.150s 1%: 0.033+1.0+0.038 ms clock, 0.67+0/1.5/0+0.77 ms cpu, 272->283->163 MB, 299 MB goal, 0 MB stacks, 0 MB globals, 20 P
gc 13940 @339.161s 1%: 0.046+1.0+0.009 ms clock, 0.92+0/1.6/0+0.18 ms cpu, 306->306->148 MB, 327 MB goal, 0 MB stacks, 0 MB globals, 20 P
gc 13941 @339.174s 1%: 1.1+1.6+0.003 ms clock, 22+0/1.1/0+0.065 ms cpu, 263->281->141 MB, 297 MB goal, 0 MB stacks, 0 MB globals, 20 P
gc 13942 @339.188s 1%: 0.10+0.71+0.003 ms clock, 2.1+0/0.82/0+0.068 ms cpu, 259->265->119 MB, 283 MB goal, 0 MB stacks, 0 MB globals, 20 P
gc 13943 @339.194s 1%: 0.34+3.5+0.042 ms clock, 6.8+0/2.4/0+0.85 ms cpu, 215->260->179 MB, 238 MB goal, 0 MB stacks, 0 MB globals, 20 P
gc 13944 @339.216s 1%: 2.4+4.0+0.081 ms clock, 49+0/4.2/0+1.6 ms cpu, 322->335->149 MB, 358 MB goal, 0 MB stacks, 0 MB globals, 20 P
gc 13945 @339.234s 1%: 0.10+3.8+0.30 ms clock, 2.1+0/1.5/0+6.1 ms cpu, 258->295->163 MB, 300 MB goal, 0 MB stacks, 0 MB globals, 20 P
gc 13946 @339.248s 1%: 0.035+0.81+0.013 ms clock, 0.70+0/1.2/0.001+0.26 ms cpu, 286->286->151 MB, 327 MB goal, 0 MB stacks, 0 MB globals, 20 P
gc 13947 @339.257s 1%: 0.019+0.80+0.19 ms clock, 0.38+0.17/0.64/0.008+3.8 ms cpu, 260->278->145 MB, 303 MB goal, 0 MB stacks, 0 MB globals, 20 P
gc 13948 @339.267s 1%: 0.19+0.97+0.023 ms clock, 3.8+0/1.3/0.018+0.46 ms cpu, 247->260->148 MB, 290 MB goal, 0 MB stacks, 0 MB globals, 20 P
gc 13949 @339.277s 1%: 0.67+1.7+0.060 ms clock, 13+0/0.95/0.068+1.2 ms cpu, 254->278->147 MB, 297 MB goal, 0 MB stacks, 0 MB globals, 20 P
gc 13950 @339.289s 1%: 0.018+1.3+0.70 ms clock, 0.37+0.12/0.81/0+14 ms cpu, 258->283->140 MB, 294 MB goal, 0 MB stacks, 0 MB globals, 20 P
gc 13951 @339.299s 1%: 0.47+0.56+0.59 ms clock, 9.5+0/0.78/0+11 ms cpu, 243->253->115 MB, 280 MB goal, 0 MB stacks, 0 MB globals, 20 P
gc 13952 @339.307s 1%: 0.047+3.7+0.005 ms clock, 0.95+0/0.79/0+0.11 ms cpu, 219->220->150 MB, 231 MB goal, 0 MB stacks, 0 MB globals, 20 P
gc 13953 @339.321s 1%: 0.10+2.7+3.0 ms clock, 2.0+0/2.9/0+60 ms cpu, 287->295->139 MB, 302 MB goal, 0 MB stacks, 0 MB globals, 20 P
gc 13954 @339.337s 1%: 0.071+2.5+5.4 ms clock, 1.4+0/2.3/0+108 ms cpu, 265->291->138 MB, 279 MB goal, 0 MB stacks, 0 MB globals, 20 P
gc 13955 @339.353s 1%: 0.031+0.69+0.008 ms clock, 0.63+0/1.1/0+0.16 ms cpu, 257->257->136 MB, 278 MB goal, 0 MB stacks, 0 MB globals, 20 P
gc 13956 @339.362s 1%: 0.048+1.3+0.094 ms clock, 0.96+0/1.6/0+1.8 ms cpu, 260->260->146 MB, 273 MB goal, 0 MB stacks, 0 MB globals, 20 P
gc 13957 @339.376s 1%: 0.37+0.46+0.29 ms clock, 7.5+0/0.97/0.015+5.9 ms cpu, 269->287->145 MB, 292 MB goal, 0 MB stacks, 0 MB globals, 20 P
gc 13958 @339.387s 1%: 0.060+1.7+0.005 ms clock, 1.2+0/1.7/0+0.10 ms cpu, 272->278->129 MB, 291 MB goal, 0 MB stacks, 0 MB globals, 20 P
gc 13959 @339.400s 1%: 0.30+0.98+0.15 ms clock, 6.0+0/1.0/0+3.0 ms cpu, 234->250->143 MB, 258 MB goal, 0 MB stacks, 0 MB globals, 20 P
gc 13960 @339.414s 1%: 0.019+2.1+0.006 ms clock, 0.38+0/0.88/0+0.13 ms cpu, 262->276->130 MB, 287 MB goal, 0 MB stacks, 0 MB globals, 20 P
gc 13961 @339.422s 1%: 0.036+0.60+0.11 ms clock, 0.73+0.041/0.79/0+2.3 ms cpu, 240->242->135 MB, 261 MB goal, 0 MB stacks, 0 MB globals, 20 P
gc 13962 @339.432s 1%: 0.035+0.81+0.026 ms clock, 0.71+0/1.3/0+0.52 ms cpu, 257->257->140 MB, 271 MB goal, 0 MB stacks, 0 MB globals, 20 P
gc 13963 @339.442s 1%: 0.042+3.6+0.003 ms clock, 0.84+0/3.9/0+0.078 ms cpu, 263->268->152 MB, 280 MB goal, 0 MB stacks, 0 MB globals, 20 P
gc 13964 @339.454s 1%: 0.068+0.99+1.7 ms clock, 1.3+0/1.2/0+35 ms cpu, 290->295->147 MB, 305 MB goal, 0 MB stacks, 0 MB globals, 20 P
gc 13965 @339.470s 1%: 0.30+3.1+0.005 ms clock, 6.0+0/3.5/0+0.10 ms cpu, 286->294->132 MB, 295 MB goal, 0 MB stacks, 0 MB globals, 20 P
gc 13966 @339.485s 1%: 0.11+0.40+0.002 ms clock, 2.3+0/0.87/0+0.059 ms cpu, 252->252->117 MB, 264 MB goal, 0 MB stacks, 0 MB globals, 20 P
gc 13967 @339.493s 1%: 0.097+1.3+0.091 ms clock, 1.9+0/1.6/0+1.8 ms cpu, 240->240->153 MB, 240 MB goal, 0 MB stacks, 0 MB globals, 20 P
gc 13968 @339.509s 1%: 1.6+2.2+0.084 ms clock, 33+0/2.6/0+1.6 ms cpu, 294->308->149 MB, 307 MB goal, 0 MB stacks, 0 MB globals, 20 P
gc 13969 @339.526s 1%: 0.38+2.0+0.003 ms clock, 7.7+0/2.6/0+0.070 ms cpu, 291->291->129 MB, 299 MB goal, 0 MB stacks, 0 MB globals, 20 P
gc 13970 @339.538s 1%: 0.10+1.3+0.085 ms clock, 2.0+0.048/1.3/0.008+1.7 ms cpu, 246->252->122 MB, 258 MB goal, 0 MB stacks, 0 MB globals, 20 P
gc 13971 @339.549s 1%: 0.090+0.99+0.087 ms clock, 1.8+0/1.2/0.011+1.7 ms cpu, 249->249->138 MB, 249 MB goal, 0 MB stacks, 0 MB globals, 20 P
gc 13972 @339.562s 1%: 0.021+3.9+0.005 ms clock, 0.42+0/4.2/0+0.10 ms cpu, 271->271->117 MB, 277 MB goal, 0 MB stacks, 0 MB globals, 20 P
gc 13973 @339.573s 1%: 0.043+0.49+0.081 ms clock, 0.86+0/0.78/0+1.6 ms cpu, 225->225->160 MB, 235 MB goal, 0 MB stacks, 0 MB globals, 20 P
gc 13974 @339.587s 1%: 0.030+4.6+0.005 ms clock, 0.61+0/5.0/0+0.11 ms cpu, 316->316->145 MB, 322 MB goal, 0 MB stacks, 0 MB globals, 20 P
gc 13975 @339.604s 1%: 0.038+0.73+0.008 ms clock, 0.77+0/1.2/0+0.17 ms cpu, 283->283->136 MB, 292 MB goal, 0 MB stacks, 0 MB globals, 20 P
gc 13976 @339.615s 1%: 0.039+4.6+0.003 ms clock, 0.78+0/4.9/0+0.072 ms cpu, 259->264->152 MB, 273 MB goal, 0 MB stacks, 0 MB globals, 20 P
gc 13977 @339.629s 1%: 3.4+1.3+0.003 ms clock, 69+0/1.6/0+0.062 ms cpu, 302->302->134 MB, 305 MB goal, 0 MB stacks, 0 MB globals, 20 P
gc 13978 @339.645s 1%: 0.55+6.8+0.005 ms clock, 11+0/1.2/0+0.10 ms cpu, 257->290->157 MB, 269 MB goal, 0 MB stacks, 0 MB globals, 20 P
gc 13979 @339.664s 1%: 1.0+1.3+0.006 ms clock, 20+0/1.4/0+0.13 ms cpu, 293->298->127 MB, 314 MB goal, 0 MB stacks, 0 MB globals, 20 P
gc 13980 @339.673s 1%: 0.039+0.43+0.015 ms clock, 0.79+0/0.73/0+0.30 ms cpu, 223->223->164 MB, 255 MB goal, 0 MB stacks, 0 MB globals, 20 P
gc 13981 @339.684s 1%: 0.046+4.9+0.015 ms clock, 0.92+0/5.1/0+0.30 ms cpu, 319->319->148 MB, 329 MB goal, 0 MB stacks, 0 MB globals, 20 P
gc 13982 @339.699s 1%: 1.8+0.47+0.003 ms clock, 36+0/0.99/0+0.073 ms cpu, 266->266->125 MB, 296 MB goal, 0 MB stacks, 0 MB globals, 20 P
gc 13983 @339.710s 1%: 0.021+0.71+0.14 ms clock, 0.43+0/0.76/0+2.8 ms cpu, 219->228->119 MB, 251 MB goal, 0 MB stacks, 0 MB globals, 20 P
gc 13984 @339.715s 1%: 0.56+1.1+2.4 ms clock, 11+0/1.3/0.020+49 ms cpu, 207->235->158 MB, 238 MB goal, 0 MB stacks, 0 MB globals, 20 P
gc 13985 @339.733s 1%: 0.29+5.7+0.092 ms clock, 5.9+0/5.5/0+1.8 ms cpu, 294->315->147 MB, 317 MB goal, 0 MB stacks, 0 MB globals, 20 P
gc 13986 @339.751s 1%: 0.26+0.46+0.25 ms clock, 5.3+0/0.72/0+5.0 ms cpu, 264->268->121 MB, 295 MB goal, 0 MB stacks, 0 MB globals, 20 P
gc 13987 @339.759s 1%: 0.042+1.5+0.007 ms clock, 0.85+0/1.9/0+0.15 ms cpu, 243->243->154 MB, 243 MB goal, 0 MB stacks, 0 MB globals, 20 P
gc 13988 @339.770s 1%: 4.2+3.5+0.087 ms clock, 85+0/3.8/0+1.7 ms cpu, 281->311->164 MB, 309 MB goal, 0 MB stacks, 0 MB globals, 20 P
gc 13989 @339.792s 1%: 0.019+2.3+0.057 ms clock, 0.39+0/1.2/0+1.1 ms cpu, 311->339->174 MB, 329 MB goal, 0 MB stacks, 0 MB globals, 20 P
gc 13990 @339.808s 1%: 0.15+1.8+3.5 ms clock, 3.0+0/1.3/0+71 ms cpu, 327->352->158 MB, 349 MB goal, 0 MB stacks, 0 MB globals, 20 P
gc 13991 @339.825s 1%: 2.0+2.3+0.024 ms clock, 40+0/2.0/0+0.48 ms cpu, 295->324->159 MB, 318 MB goal, 0 MB stacks, 0 MB globals, 20 P
gc 13992 @339.840s 1%: 0.63+2.1+0.003 ms clock, 12+0/1.9/0+0.068 ms cpu, 301->306->133 MB, 319 MB goal, 0 MB stacks, 0 MB globals, 20 P
gc 13993 @339.853s 1%: 0.019+1.0+0.025 ms clock, 0.39+0/0.71/0.062+0.50 ms cpu, 238->244->125 MB, 267 MB goal, 0 MB stacks, 0 MB globals, 20 P
gc 13994 @339.860s 1%: 0.034+0.35+0.027 ms clock, 0.69+0.13/0.50/0+0.55 ms cpu, 232->243->159 MB, 251 MB goal, 0 MB stacks, 0 MB globals, 20 P
gc 13995 @339.874s 1%: 4.6+5.0+0.006 ms clock, 93+0/5.4/0.001+0.12 ms cpu, 300->314->145 MB, 318 MB goal, 0 MB stacks, 0 MB globals, 20 P
gc 13996 @339.897s 1%: 0.23+2.1+0.089 ms clock, 4.7+0/1.9/0+1.7 ms cpu, 273->292->143 MB, 290 MB goal, 0 MB stacks, 0 MB globals, 20 P
gc 13997 @339.911s 1%: 0.54+5.5+1.2 ms clock, 10+0/2.1/0+25 ms cpu, 270->305->153 MB, 286 MB goal, 0 MB stacks, 0 MB globals, 20 P
gc 13998 @339.928s 1%: 0.12+0.67+0.007 ms clock, 2.5+0/1.1/0+0.14 ms cpu, 278->281->121 MB, 307 MB goal, 0 MB stacks, 0 MB globals, 20 P
gc 13999 @339.934s 1%: 0.63+1.1+0.10 ms clock, 12+0/1.3/0+2.0 ms cpu, 212->226->151 MB, 243 MB goal, 0 MB stacks, 0 MB globals, 20 P
gc 14000 @339.947s 1%: 1.2+1.8+0.52 ms clock, 24+0/1.1/0+10 ms cpu, 270->297->155 MB, 303 MB goal, 0 MB stacks, 0 MB globals, 20 P
gc 14001 @339.960s 1%: 0.20+0.37+0.006 ms clock, 4.1+0/0.81/0+0.12 ms cpu, 279->281->125 MB, 311 MB goal, 0 MB stacks, 0 MB globals, 20 P
gc 14002 @339.967s 1%: 0.039+0.59+0.27 ms clock, 0.79+0/0.78/0.001+5.4 ms cpu, 224->230->141 MB, 251 MB goal, 0 MB stacks, 0 MB globals, 20 P
gc 14003 @339.981s 1%: 0.76+2.4+0.014 ms clock, 15+0/1.4/0+0.29 ms cpu, 257->283->138 MB, 283 MB goal, 0 MB stacks, 0 MB globals, 20 P
gc 14004 @339.995s 1%: 0.057+0.96+0.013 ms clock, 1.1+0/1.0/0.022+0.26 ms cpu, 251->254->138 MB, 277 MB goal, 0 MB stacks, 0 MB globals, 20 P
gc 14005 @340.003s 1%: 0.050+1.2+0.023 ms clock, 1.0+0.20/0.49/0+0.46 ms cpu, 251->265->150 MB, 277 MB goal, 0 MB stacks, 0 MB globals, 20 P
gc 14006 @340.016s 1%: 0.25+7.6+3.4 ms clock, 5.0+0/4.0/0.067+69 ms cpu, 283->321->160 MB, 302 MB goal, 0 MB stacks, 0 MB globals, 20 P
gc 14007 @340.038s 1%: 0.064+2.2+0.61 ms clock, 1.2+0/1.2/0+12 ms cpu, 288->312->146 MB, 322 MB goal, 0 MB stacks, 0 MB globals, 20 P
gc 14008 @340.051s 1%: 0.10+0.68+0.013 ms clock, 2.0+0/1.1/0.038+0.26 ms cpu, 257->257->143 MB, 292 MB goal, 0 MB stacks, 0 MB globals, 20 P
gc 14009 @340.064s 1%: 0.040+0.87+0.093 ms clock, 0.81+0/1.3/0+1.8 ms cpu, 255->255->148 MB, 287 MB goal, 0 MB stacks, 0 MB globals, 20 P
gc 14010 @340.075s 1%: 0.051+3.9+0.014 ms clock, 1.0+0/4.1/0+0.28 ms cpu, 263->263->155 MB, 296 MB goal, 0 MB stacks, 0 MB globals, 20 P
gc 14011 @340.087s 1%: 0.38+10+0.055 ms clock, 7.6+0/6.1/0+1.1 ms cpu, 278->310->166 MB, 311 MB goal, 0 MB stacks, 0 MB globals, 20 P
gc 14012 @340.110s 1%: 0.13+6.1+1.1 ms clock, 2.6+0/1.4/0+22 ms cpu, 302->330->159 MB, 332 MB goal, 0 MB stacks, 0 MB globals, 20 P
gc 14013 @340.128s 1%: 0.35+3.2+0.43 ms clock, 7.1+0/1.5/0.003+8.6 ms cpu, 285->326->167 MB, 319 MB goal, 0 MB stacks, 0 MB globals, 20 P
gc 14014 @340.144s 1%: 1.1+0.66+0.36 ms clock, 23+0/1.1/0.069+7.2 ms cpu, 295->313->138 MB, 335 MB goal, 0 MB stacks, 0 MB globals, 20 P
gc 14015 @340.156s 1%: 0.029+1.0+0.008 ms clock, 0.58+0.19/0.76/0+0.17 ms cpu, 236->250->124 MB, 277 MB goal, 0 MB stacks, 0 MB globals, 20 P
gc 14016 @340.163s 1%: 0.14+6.6+0.053 ms clock, 2.8+0/3.0/0+1.0 ms cpu, 217->247->161 MB, 249 MB goal, 0 MB stacks, 0 MB globals, 20 P
gc 14017 @340.180s 1%: 0.71+0.73+0.022 ms clock, 14+0/1.0/0+0.44 ms cpu, 286->300->142 MB, 324 MB goal, 0 MB stacks, 0 MB globals, 20 P
gc 14018 @340.191s 1%: 0.036+1.1+0.007 ms clock, 0.73+0/1.6/0+0.15 ms cpu, 253->253->148 MB, 285 MB goal, 0 MB stacks, 0 MB globals, 20 P
gc 14019 @340.202s 1%: 0.019+2.7+0.003 ms clock, 0.39+0/3.2/0+0.079 ms cpu, 261->266->129 MB, 296 MB goal, 0 MB stacks, 0 MB globals, 20 P
gc 14020 @340.214s 1%: 0.019+0.86+0.034 ms clock, 0.38+0/1.0/0+0.69 ms cpu, 230->234->113 MB, 258 MB goal, 0 MB stacks, 0 MB globals, 20 P
gc 14021 @340.219s 1%: 0.35+8.3+0.009 ms clock, 7.1+0/2.2/0.026+0.18 ms cpu, 198->234->163 MB, 226 MB goal, 0 MB stacks, 0 MB globals, 20 P
gc 14022 @340.243s 1%: 0.70+6.3+0.085 ms clock, 14+0/4.9/0+1.7 ms cpu, 292->316->151 MB, 326 MB goal, 0 MB stacks, 0 MB globals, 20 P
gc 14023 @340.262s 1%: 0.067+1.1+0.92 ms clock, 1.3+0/1.4/0+18 ms cpu, 275->291->134 MB, 303 MB goal, 0 MB stacks, 0 MB globals, 20 P
gc 14024 @340.272s 1%: 0.038+0.71+0.031 ms clock, 0.76+0/0.71/0+0.62 ms cpu, 235->238->138 MB, 270 MB goal, 0 MB stacks, 0 MB globals, 20 P
gc 14025 @340.280s 1%: 0.10+0.97+0.049 ms clock, 2.0+0/1.3/0+0.98 ms cpu, 255->255->144 MB, 277 MB goal, 0 MB stacks, 0 MB globals, 20 P
gc 14026 @340.291s 1%: 0.64+0.66+0.003 ms clock, 12+0/0.85/0.015+0.077 ms cpu, 253->257->123 MB, 288 MB goal, 0 MB stacks, 0 MB globals, 20 P
gc 14027 @340.298s 1%: 0.95+1.9+0.086 ms clock, 19+0/2.5/0+1.7 ms cpu, 219->248->169 MB, 246 MB goal, 0 MB stacks, 0 MB globals, 20 P
gc 14028 @340.321s 1%: 0.049+5.9+0.010 ms clock, 0.98+0/6.3/0.001+0.20 ms cpu, 323->323->151 MB, 338 MB goal, 0 MB stacks, 0 MB globals, 20 P
gc 14029 @340.340s 1%: 0.58+0.58+0.13 ms clock, 11+0.030/0.91/0+2.7 ms cpu, 274->284->126 MB, 302 MB goal, 0 MB stacks, 0 MB globals, 20 P
gc 14030 @340.346s 1%: 0.080+1.1+0.024 ms clock, 1.6+0/1.6/0+0.48 ms cpu, 237->237->152 MB, 253 MB goal, 0 MB stacks, 0 MB globals, 20 P
gc 14031 @340.358s 1%: 3.0+6.0+0.034 ms clock, 61+0/1.3/0+0.68 ms cpu, 281->336->184 MB, 305 MB goal, 0 MB stacks, 0 MB globals, 20 P
gc 14032 @340.381s 1%: 0.065+2.2+0.009 ms clock, 1.3+0/2.5/0+0.19 ms cpu, 319->319->141 MB, 368 MB goal, 0 MB stacks, 0 MB globals, 20 P
gc 14033 @340.398s 1%: 0.093+6.5+0.010 ms clock, 1.8+0/6.9/0+0.20 ms cpu, 264->264->147 MB, 283 MB goal, 0 MB stacks, 0 MB globals, 20 P
gc 14034 @340.411s 1%: 0.69+6.7+0.10 ms clock, 13+0/1.2/0+2.1 ms cpu, 253->301->170 MB, 295 MB goal, 0 MB stacks, 0 MB globals, 20 P
gc 14035 @340.431s 1%: 0.041+6.6+0.021 ms clock, 0.82+0/6.2/0+0.42 ms cpu, 291->326->185 MB, 342 MB goal, 0 MB stacks, 0 MB globals, 20 P
gc 14036 @340.450s 1%: 0.064+1.3+0.007 ms clock, 1.2+0.032/0.67/0+0.15 ms cpu, 320->324->135 MB, 370 MB goal, 0 MB stacks, 0 MB globals, 20 P
gc 14037 @340.458s 1%: 0.034+1.4+0.008 ms clock, 0.69+0/1.8/0+0.16 ms cpu, 239->239->154 MB, 270 MB goal, 0 MB stacks, 0 MB globals, 20 P
gc 14038 @340.469s 1%: 0.30+1.2+1.1 ms clock, 6.0+0/1.7/0+23 ms cpu, 263->284->149 MB, 309 MB goal, 0 MB stacks, 0 MB globals, 20 P
gc 14039 @340.484s 1%: 1.1+0.66+0.034 ms clock, 22+0/1.0/0+0.69 ms cpu, 260->268->131 MB, 300 MB goal, 0 MB stacks, 0 MB globals, 20 P
gc 14040 @340.494s 1%: 0.075+0.52+0.083 ms clock, 1.5+0.039/0.71/0+1.6 ms cpu, 233->233->153 MB, 263 MB goal, 0 MB stacks, 0 MB globals, 20 P
gc 14041 @340.509s 1%: 0.15+10+0.010 ms clock, 3.0+0/6.1/0+0.20 ms cpu, 282->308->161 MB, 308 MB goal, 0 MB stacks, 0 MB globals, 20 P
gc 14042 @340.532s 1%: 0.041+1.0+0.012 ms clock, 0.83+0/1.4/0+0.25 ms cpu, 305->305->140 MB, 322 MB goal, 0 MB stacks, 0 MB globals, 20 P
gc 14043 @340.543s 1%: 0.038+1.4+0.003 ms clock, 0.76+0/2.0/0+0.073 ms cpu, 271->273->136 MB, 281 MB goal, 0 MB stacks, 0 MB globals, 20 P
gc 14044 @340.555s 1%: 1.5+0.56+0.003 ms clock, 31+0/1.0/0+0.068 ms cpu, 253->253->127 MB, 273 MB goal, 0 MB stacks, 0 MB globals, 20 P
gc 14045 @340.567s 1%: 0.018+1.0+0.56 ms clock, 0.37+0/0.72/0+11 ms cpu, 230->243->126 MB, 256 MB goal, 0 MB stacks, 0 MB globals, 20 P
gc 14046 @340.576s 1%: 0.10+0.50+0.084 ms clock, 2.1+0/0.85/0+1.6 ms cpu, 241->241->160 MB, 254 MB goal, 0 MB stacks, 0 MB globals, 20 P
gc 14047 @340.593s 1%: 0.41+0.30+0.009 ms clock, 8.2+0/0.68/0+0.19 ms cpu, 298->298->144 MB, 321 MB goal, 0 MB stacks, 0 MB globals, 20 P
gc 14048 @340.605s 1%: 0.83+6.0+0.017 ms clock, 16+0/5.6/0+0.35 ms cpu, 276->300->152 MB, 290 MB goal, 0 MB stacks, 0 MB globals, 20 P
gc 14049 @340.625s 1%: 0.24+2.2+0.027 ms clock, 4.9+0/1.9/0.001+0.54 ms cpu, 287->309->147 MB, 304 MB goal, 0 MB stacks, 0 MB globals, 20 P
gc 14050 @340.640s 1%: 0.42+1.1+0.003 ms clock, 8.4+0/1.4/0.002+0.075 ms cpu, 271->279->124 MB, 296 MB goal, 0 MB stacks, 0 MB globals, 20 P
gc 14051 @340.651s 1%: 0.044+0.68+0.10 ms clock, 0.89+0/1.1/0+2.1 ms cpu, 225->229->136 MB, 249 MB goal, 0 MB stacks, 0 MB globals, 20 P
gc 14052 @340.660s 1%: 0.046+1.0+0.024 ms clock, 0.93+0/1.5/0.026+0.49 ms cpu, 258->258->140 MB, 273 MB goal, 0 MB stacks, 0 MB globals, 20 P
gc 14053 @340.672s 1%: 0.041+1.3+0.003 ms clock, 0.83+0/1.7/0+0.075 ms cpu, 261->261->147 MB, 281 MB goal, 0 MB stacks, 0 MB globals, 20 P
gc 14054 @340.685s 1%: 0.020+0.89+0.013 ms clock, 0.40+0/0.90/0+0.26 ms cpu, 272->281->120 MB, 296 MB goal, 0 MB stacks, 0 MB globals, 20 P
gc 14055 @340.692s 1%: 1.4+3.1+0.19 ms clock, 29+0/3.7/0+3.8 ms cpu, 231->259->159 MB, 242 MB goal, 0 MB stacks, 0 MB globals, 20 P
gc 14056 @340.715s 1%: 0.21+11+0.004 ms clock, 4.2+0/6.0/0+0.095 ms cpu, 301->316->149 MB, 319 MB goal, 0 MB stacks, 0 MB globals, 20 P
gc 14057 @340.739s 1%: 0.11+3.6+0.019 ms clock, 2.3+0/3.5/0+0.38 ms cpu, 280->309->158 MB, 298 MB goal, 0 MB stacks, 0 MB globals, 20 P
gc 14058 @340.757s 1%: 0.41+3.3+0.65 ms clock, 8.2+0.052/0.93/0+13 ms cpu, 292->336->168 MB, 316 MB goal, 0 MB stacks, 0 MB globals, 20 P
gc 14059 @340.774s 1%: 0.042+0.56+0.023 ms clock, 0.85+0/0.81/0.005+0.47 ms cpu, 294->296->138 MB, 337 MB goal, 0 MB stacks, 0 MB globals, 20 P
gc 14060 @340.783s 1%: 0.16+0.71+0.086 ms clock, 3.3+0/1.2/0+1.7 ms cpu, 239->253->144 MB, 278 MB goal, 0 MB stacks, 0 MB globals, 20 P
gc 14061 @340.794s 1%: 0.17+4.3+3.0 ms clock, 3.4+0/2.0/0+60 ms cpu, 254->290->157 MB, 289 MB goal, 0 MB stacks, 0 MB globals, 20 P
gc 14062 @340.812s 1%: 0.050+1.7+0.004 ms clock, 1.0+0/2.0/0.026+0.080 ms cpu, 278->288->125 MB, 314 MB goal, 0 MB stacks, 0 MB globals, 20 P
gc 14063 @340.819s 1%: 0.041+1.6+0.009 ms clock, 0.83+0/2.5/0+0.18 ms cpu, 228->228->147 MB, 250 MB goal, 0 MB stacks, 0 MB globals, 20 P
gc 14064 @340.831s 1%: 0.76+1.2+0.66 ms clock, 15+0/1.7/0+13 ms cpu, 256->275->144 MB, 295 MB goal, 0 MB stacks, 0 MB globals, 20 P
gc 14065 @340.842s 1%: 0.045+2.2+0.005 ms clock, 0.91+0/2.5/0+0.10 ms cpu, 260->267->124 MB, 290 MB goal, 0 MB stacks, 0 MB globals, 20 P
gc 14066 @340.851s 1%: 0.13+1.9+0.004 ms clock, 2.7+0.071/0.76/0+0.087 ms cpu, 225->238->145 MB, 249 MB goal, 0 MB stacks, 0 MB globals, 20 P
gc 14067 @340.862s 1%: 0.59+0.71+0.14 ms clock, 11+0/1.3/0.002+2.9 ms cpu, 257->270->141 MB, 291 MB goal, 0 MB stacks, 0 MB globals, 20 P
gc 14068 @340.878s 1%: 0.11+3.9+0.007 ms clock, 2.3+0/1.6/0+0.15 ms cpu, 268->284->136 MB, 284 MB goal, 0 MB stacks, 0 MB globals, 20 P
gc 14069 @340.893s 1%: 0.016+0.57+0.29 ms clock, 0.33+0.14/0.71/0.007+5.8 ms cpu, 255->265->122 MB, 274 MB goal, 0 MB stacks, 0 MB globals, 20 P
gc 14070 @340.900s 1%: 1.4+1.4+0.084 ms clock, 29+0/1.7/0+1.6 ms cpu, 238->252->151 MB, 245 MB goal, 0 MB stacks, 0 MB globals, 20 P
gc 14071 @340.915s 1%: 3.7+4.9+0.008 ms clock, 75+0/5.2/0+0.16 ms cpu, 289->301->147 MB, 303 MB goal, 0 MB stacks, 0 MB globals, 20 P
gc 14072 @340.935s 1%: 0.18+0.43+0.019 ms clock, 3.6+0/0.75/0+0.38 ms cpu, 283->283->139 MB, 296 MB goal, 0 MB stacks, 0 MB globals, 20 P
gc 14073 @340.947s 1%: 0.055+5.5+0.005 ms clock, 1.1+0/0.98/0+0.11 ms cpu, 266->288->151 MB, 279 MB goal, 0 MB stacks, 0 MB globals, 20 P
gc 14074 @340.964s 1%: 0.037+1.0+0.006 ms clock, 0.75+0.22/0.72/0+0.12 ms cpu, 282->293->124 MB, 304 MB goal, 0 MB stacks, 0 MB globals, 20 P
gc 14075 @340.971s 1%: 0.038+1.5+0.013 ms clock, 0.77+0/2.0/0.015+0.26 ms cpu, 233->233->147 MB, 249 MB goal, 0 MB stacks, 0 MB globals, 20 P
gc 14076 @340.983s 1%: 0.047+0.80+0.022 ms clock, 0.94+0/1.2/0+0.45 ms cpu, 284->284->141 MB, 295 MB goal, 0 MB stacks, 0 MB globals, 20 P
gc 14077 @340.996s 1%: 0.48+0.41+0.003 ms clock, 9.7+0/0.90/0+0.072 ms cpu, 262->262->122 MB, 284 MB goal, 0 MB stacks, 0 MB globals, 20 P
gc 14078 @341.008s 1%: 0.048+0.71+0.20 ms clock, 0.97+0.084/0.98/0+4.1 ms cpu, 228->229->137 MB, 245 MB goal, 0 MB stacks, 0 MB globals, 20 P
gc 14079 @341.031s 1%: 0.031+5.9+0.005 ms clock, 0.63+0.088/6.8/0+0.10 ms cpu, 262->278->131 MB, 275 MB goal, 0 MB stacks, 0 MB globals, 20 P
gc 14080 @341.046s 1%: 0.049+0.62+0.32 ms clock, 0.99+0/1.4/0.003+6.5 ms cpu, 242->248->142 MB, 263 MB goal, 0 MB stacks, 0 MB globals, 20 P
gc 14081 @341.057s 1%: 0.043+3.5+0.004 ms clock, 0.87+0/3.9/0+0.081 ms cpu, 267->273->148 MB, 285 MB goal, 0 MB stacks, 0 MB globals, 20 P
gc 14082 @341.071s 1%: 0.081+0.98+0.015 ms clock, 1.6+0/0.89/0.054+0.30 ms cpu, 281->286->139 MB, 297 MB goal, 0 MB stacks, 0 MB globals, 20 P
gc 14083 @341.082s 1%: 0.017+4.7+0.19 ms clock, 0.35+0.006/4.9/0.001+3.8 ms cpu, 268->272->118 MB, 278 MB goal, 0 MB stacks, 0 MB globals, 20 P
gc 14084 @341.096s 1%: 0.045+0.57+0.086 ms clock, 0.91+0/0.75/0+1.7 ms cpu, 235->235->134 MB, 238 MB goal, 0 MB stacks, 0 MB globals, 20 P
gc 14085 @341.110s 1%: 0.040+3.1+0.018 ms clock, 0.81+0/3.1/0+0.37 ms cpu, 256->273->131 MB, 269 MB goal, 0 MB stacks, 0 MB globals, 20 P
gc 14086 @341.123s 1%: 0.039+0.65+0.12 ms clock, 0.78+0.040/0.64/0+2.4 ms cpu, 253->253->149 MB, 263 MB goal, 0 MB stacks, 0 MB globals, 20 P
gc 14087 @341.136s 1%: 0.043+1.0+0.008 ms clock, 0.86+0/1.3/0+0.16 ms cpu, 292->292->147 MB, 299 MB goal, 0 MB stacks, 0 MB globals, 20 P
gc 14088 @341.147s 1%: 0.10+1.8+0.030 ms clock, 2.0+0/1.7/0+0.61 ms cpu, 281->302->149 MB, 295 MB goal, 0 MB stacks, 0 MB globals, 20 P
gc 14089 @341.161s 1%: 0.018+5.8+3.6 ms clock, 0.36+0/1.6/0+72 ms cpu, 284->333->171 MB, 298 MB goal, 0 MB stacks, 0 MB globals, 20 P
gc 14090 @341.183s 1%: 0.052+1.8+0.20 ms clock, 1.0+0/1.3/0.027+4.0 ms cpu, 295->320->148 MB, 343 MB goal, 0 MB stacks, 0 MB globals, 20 P
gc 14091 @341.195s 1%: 1.6+0.72+1.7 ms clock, 33+0/0.84/0+35 ms cpu, 253->261->124 MB, 296 MB goal, 0 MB stacks, 0 MB globals, 20 P
gc 14092 @341.204s 1%: 0.042+1.3+0.008 ms clock, 0.85+0/1.6/0+0.16 ms cpu, 223->223->148 MB, 248 MB goal, 0 MB stacks, 0 MB globals, 20 P
gc 14093 @341.215s 1%: 1.7+2.0+0.024 ms clock, 35+0/2.2/0+0.48 ms cpu, 263->284->150 MB, 296 MB goal, 0 MB stacks, 0 MB globals, 20 P
gc 14094 @341.229s 1%: 0.051+3.3+4.3 ms clock, 1.0+0/1.4/0+86 ms cpu, 275->300->156 MB, 300 MB goal, 0 MB stacks, 0 MB globals, 20 P
gc 14095 @341.247s 1%: 0.027+1.7+0.004 ms clock, 0.55+0.11/1.5/0+0.083 ms cpu, 272->294->130 MB, 314 MB goal, 0 MB stacks, 0 MB globals, 20 P
gc 14096 @341.260s 1%: 0.040+0.54+0.10 ms clock, 0.81+0.040/1.2/0.002+2.1 ms cpu, 236->239->132 MB, 261 MB goal, 0 MB stacks, 0 MB globals, 20 P
gc 14097 @341.269s 1%: 0.042+4.2+0.005 ms clock, 0.84+0/4.6/0+0.10 ms cpu, 264->265->138 MB, 266 MB goal, 0 MB stacks, 0 MB globals, 20 P
gc 14098 @341.282s 1%: 2.5+0.50+0.024 ms clock, 50+0/0.76/0+0.48 ms cpu, 253->269->134 MB, 277 MB goal, 0 MB stacks, 0 MB globals, 20 P
gc 14099 @341.296s 1%: 0.061+1.2+0.016 ms clock, 1.2+0/1.8/0+0.33 ms cpu, 248->248->137 MB, 268 MB goal, 0 MB stacks, 0 MB globals, 20 P
gc 14100 @341.308s 1%: 0.035+2.6+0.003 ms clock, 0.71+0/2.8/0+0.073 ms cpu, 260->269->123 MB, 275 MB goal, 0 MB stacks, 0 MB globals, 20 P
gc 14101 @341.318s 1%: 0.95+0.64+0.015 ms clock, 19+0.027/0.65/0+0.31 ms cpu, 224->241->136 MB, 247 MB goal, 0 MB stacks, 0 MB globals, 20 P
gc 14102 @341.331s 1%: 1.1+0.43+0.007 ms clock, 22+0/0.76/0+0.15 ms cpu, 265->265->142 MB, 272 MB goal, 0 MB stacks, 0 MB globals, 20 P
gc 14103 @341.343s 1%: 0.057+1.5+0.003 ms clock, 1.1+0.012/0.71/0+0.077 ms cpu, 286->286->135 MB, 286 MB goal, 0 MB stacks, 0 MB globals, 20 P
gc 14104 @341.353s 1%: 0.036+0.74+0.006 ms clock, 0.73+0/1.0/0+0.12 ms cpu, 260->260->141 MB, 270 MB goal, 0 MB stacks, 0 MB globals, 20 P
gc 14105 @341.364s 1%: 0.32+2.7+0.003 ms clock, 6.4+0/1.7/0+0.070 ms cpu, 268->290->147 MB, 284 MB goal, 0 MB stacks, 0 MB globals, 20 P
gc 14106 @341.378s 1%: 0.030+0.80+0.007 ms clock, 0.61+0/1.3/0.001+0.14 ms cpu, 276->278->122 MB, 294 MB goal, 0 MB stacks, 0 MB globals, 20 P
gc 14107 @341.385s 1%: 0.040+1.3+0.007 ms clock, 0.80+0/2.0/0+0.15 ms cpu, 242->242->155 MB, 245 MB goal, 0 MB stacks, 0 MB globals, 20 P
gc 14108 @341.398s 1%: 0.93+0.48+0.006 ms clock, 18+0/0.92/0+0.12 ms cpu, 290->290->134 MB, 312 MB goal, 0 MB stacks, 0 MB globals, 20 P
gc 14109 @341.409s 1%: 1.1+3.6+0.10 ms clock, 23+0/1.5/0+2.1 ms cpu, 248->280->153 MB, 269 MB goal, 0 MB stacks, 0 MB globals, 20 P
gc 14110 @341.424s 1%: 0.043+1.1+0.003 ms clock, 0.86+0/1.6/0.043+0.062 ms cpu, 277->279->149 MB, 307 MB goal, 0 MB stacks, 0 MB globals, 20 P
gc 14111 @341.434s 1%: 0.035+0.62+0.022 ms clock, 0.70+0/0.89/0+0.45 ms cpu, 268->274->139 MB, 300 MB goal, 0 MB stacks, 0 MB globals, 20 P
gc 14112 @341.442s 1%: 0.037+0.97+0.023 ms clock, 0.75+0/1.4/0.006+0.47 ms cpu, 248->248->142 MB, 279 MB goal, 0 MB stacks, 0 MB globals, 20 P
gc 14113 @341.454s 1%: 3.6+0.59+0.010 ms clock, 72+0/0.75/0+0.20 ms cpu, 254->256->120 MB, 284 MB goal, 0 MB stacks, 0 MB globals, 20 P
gc 14114 @341.465s 1%: 3.8+1.1+0.020 ms clock, 76+0/1.0/0+0.40 ms cpu, 209->225->132 MB, 240 MB goal, 0 MB stacks, 0 MB globals, 20 P
gc 14115 @341.477s 1%: 0.032+0.86+0.064 ms clock, 0.64+0/1.1/0+1.2 ms cpu, 232->232->132 MB, 264 MB goal, 0 MB stacks, 0 MB globals, 20 P
gc 14116 @341.491s 1%: 0.18+4.2+0.018 ms clock, 3.6+0/5.2/0.055+0.36 ms cpu, 234->234->136 MB, 265 MB goal, 0 MB stacks, 0 MB globals, 20 P
gc 14117 @341.507s 1%: 0.038+11+2.0 ms clock, 0.76+0/5.0/0.008+40 ms cpu, 246->307->175 MB, 273 MB goal, 0 MB stacks, 0 MB globals, 20 P
gc 14118 @341.530s 1%: 0.098+7.4+2.1 ms clock, 1.9+0/1.6/0.015+43 ms cpu, 310->349->158 MB, 350 MB goal, 0 MB stacks, 0 MB globals, 20 P
gc 14119 @341.552s 1%: 1.0+1.8+1.4 ms clock, 21+0/1.2/0+28 ms cpu, 271->298->143 MB, 317 MB goal, 0 MB stacks, 0 MB globals, 20 P
gc 14120 @341.565s 1%: 0.035+0.69+0.091 ms clock, 0.71+0/1.0/0.015+1.8 ms cpu, 244->244->139 MB, 286 MB goal, 0 MB stacks, 0 MB globals, 20 P
gc 14121 @341.572s 1%: 0.073+0.93+0.021 ms clock, 1.4+0/1.4/0.005+0.43 ms cpu, 242->256->147 MB, 278 MB goal, 0 MB stacks, 0 MB globals, 20 P
gc 14122 @341.582s 1%: 0.019+1.1+0.003 ms clock, 0.39+0/1.5/0+0.071 ms cpu, 252->260->128 MB, 294 MB goal, 0 MB stacks, 0 MB globals, 20 P
gc 14123 @341.590s 1%: 0.041+2.2+0.003 ms clock, 0.82+0/2.6/0+0.072 ms cpu, 227->232->157 MB, 256 MB goal, 0 MB stacks, 0 MB globals, 20 P
gc 14124 @341.602s 1%: 0.79+0.85+2.8 ms clock, 15+0.067/0.77/0+56 ms cpu, 275->286->124 MB, 314 MB goal, 0 MB stacks, 0 MB globals, 20 P
gc 14125 @341.613s 1%: 0.043+1.2+0.015 ms clock, 0.87+0/1.9/0+0.30 ms cpu, 234->234->149 MB, 248 MB goal, 0 MB stacks, 0 MB globals, 20 P
gc 14126 @341.628s 1%: 0.088+3.0+0.013 ms clock, 1.7+0/3.4/0+0.26 ms cpu, 292->292->142 MB, 298 MB goal, 0 MB stacks, 0 MB globals, 20 P
gc 14127 @341.642s 1%: 0.17+1.1+6.7 ms clock, 3.4+0/1.5/0.005+134 ms cpu, 266->278->135 MB, 284 MB goal, 0 MB stacks, 0 MB globals, 20 P
gc 14128 @341.663s 1%: 0.026+7.3+0.005 ms clock, 0.52+7.2/1.0/0.044+0.11 ms cpu, 268->268->117 MB, 270 MB goal, 0 MB stacks, 0 MB globals, 20 P
gc 14129 @341.681s 1%: 0.041+0.54+0.036 ms clock, 0.83+0/1.1/0+0.73 ms cpu, 221->226->134 MB, 234 MB goal, 0 MB stacks, 0 MB globals, 20 P
gc 14130 @341.693s 1%: 0.038+3.9+0.006 ms clock, 0.77+0/4.2/0+0.12 ms cpu, 264->267->142 MB, 270 MB goal, 0 MB stacks, 0 MB globals, 20 P
gc 14131 @341.709s 1%: 0.021+3.9+0.004 ms clock, 0.42+0.26/3.9/0+0.093 ms cpu, 281->281->121 MB, 284 MB goal, 0 MB stacks, 0 MB globals, 20 P
gc 14132 @341.720s 1%: 0.038+0.67+0.48 ms clock, 0.77+0/1.6/0+9.6 ms cpu, 233->240->144 MB, 243 MB goal, 0 MB stacks, 0 MB globals, 20 P
gc 14133 @341.733s 1%: 0.31+0.43+0.003 ms clock, 6.3+0/0.67/0+0.066 ms cpu, 278->281->123 MB, 289 MB goal, 0 MB stacks, 0 MB globals, 20 P
gc 14134 @341.743s 1%: 0.043+0.67+0.059 ms clock, 0.86+0.097/0.82/0+1.1 ms cpu, 243->246->144 MB, 247 MB goal, 0 MB stacks, 0 MB globals, 20 P
gc 14135 @341.755s 1%: 0.037+5.0+0.002 ms clock, 0.75+0/5.3/0+0.059 ms cpu, 286->299->168 MB, 288 MB goal, 0 MB stacks, 0 MB globals, 20 P
gc 14136 @341.775s 1%: 0.36+0.52+0.006 ms clock, 7.3+0/1.0/0+0.12 ms cpu, 325->325->124 MB, 336 MB goal, 0 MB stacks, 0 MB globals, 20 P
gc 14137 @341.785s 1%: 0.21+0.54+0.019 ms clock, 4.3+0/1.1/0.001+0.38 ms cpu, 247->247->141 MB, 248 MB goal, 0 MB stacks, 0 MB globals, 20 P
gc 14138 @341.799s 1%: 1.9+4.1+0.010 ms clock, 38+0/5.0/0.009+0.21 ms cpu, 272->272->120 MB, 282 MB goal, 0 MB stacks, 0 MB globals, 20 P
gc 14139 @341.817s 1%: 0.019+1.2+0.55 ms clock, 0.39+0/0.86/0.013+11 ms cpu, 231->246->128 MB, 242 MB goal, 0 MB stacks, 0 MB globals, 20 P
gc 14140 @341.827s 1%: 0.10+0.70+0.14 ms clock, 2.0+0/0.86/0+2.9 ms cpu, 241->249->133 MB, 256 MB goal, 0 MB stacks, 0 MB globals, 20 P
gc 14141 @341.840s 1%: 0.018+1.0+0.004 ms clock, 0.36+0/1.4/0+0.080 ms cpu, 259->261->107 MB, 267 MB goal, 0 MB stacks, 0 MB globals, 20 P
gc 14142 @341.847s 1%: 0.45+1.4+0.004 ms clock, 9.0+0/1.9/0+0.092 ms cpu, 212->212->127 MB, 215 MB goal, 0 MB stacks, 0 MB globals, 20 P
gc 14143 @341.860s 1%: 0.18+0.68+0.004 ms clock, 3.7+0/1.0/0+0.098 ms cpu, 242->242->114 MB, 254 MB goal, 0 MB stacks, 0 MB globals, 20 P
gc 14144 @341.872s 1%: 0.042+0.53+0.008 ms clock, 0.84+0.11/0.75/0+0.16 ms cpu, 213->215->131 MB, 228 MB goal, 0 MB stacks, 0 MB globals, 20 P
gc 14145 @341.880s 1%: 0.41+3.9+0.003 ms clock, 8.2+0/4.3/0+0.071 ms cpu, 255->255->126 MB, 262 MB goal, 0 MB stacks, 0 MB globals, 20 P
gc 14146 @341.896s 1%: 0.022+1.7+0.004 ms clock, 0.44+0.22/2.0/0+0.083 ms cpu, 253->253->119 MB, 253 MB goal, 0 MB stacks, 0 MB globals, 20 P
gc 14147 @341.906s 1%: 0.041+0.44+0.010 ms clock, 0.83+0/0.81/0+0.21 ms cpu, 234->234->165 MB, 240 MB goal, 0 MB stacks, 0 MB globals, 20 P
gc 14148 @341.928s 1%: 0.036+5.6+0.005 ms clock, 0.73+0.016/5.9/0+0.10 ms cpu, 336->343->163 MB, 336 MB goal, 0 MB stacks, 0 MB globals, 20 P
gc 14149 @341.947s 1%: 1.2+0.51+0.005 ms clock, 24+0.13/0.72/0.007+0.11 ms cpu, 322->324->126 MB, 328 MB goal, 0 MB stacks, 0 MB globals, 20 P
gc 14150 @341.956s 1%: 0.23+0.53+0.083 ms clock, 4.7+0.032/0.86/0+1.6 ms cpu, 250->251->143 MB, 253 MB goal, 0 MB stacks, 0 MB globals, 20 P
gc 14151 @341.968s 1%: 0.041+1.1+0.016 ms clock, 0.83+0/1.4/0+0.33 ms cpu, 285->285->153 MB, 286 MB goal, 0 MB stacks, 0 MB globals, 20 P
gc 14152 @341.981s 1%: 5.8+0.77+0.009 ms clock, 116+0/1.8/0+0.19 ms cpu, 306->306->135 MB, 307 MB goal, 0 MB stacks, 0 MB globals, 20 P
gc 14153 @342.004s 1%: 0.074+0.63+0.016 ms clock, 1.4+0/1.3/0.004+0.33 ms cpu, 268->268->125 MB, 271 MB goal, 0 MB stacks, 0 MB globals, 20 P
gc 14154 @342.014s 1%: 0.035+0.77+0.13 ms clock, 0.70+0/1.0/0+2.6 ms cpu, 247->250->146 MB, 251 MB goal, 0 MB stacks, 0 MB globals, 20 P
gc 14155 @342.032s 1%: 2.1+3.4+0.004 ms clock, 43+0/4.3/0.070+0.090 ms cpu, 287->287->125 MB, 293 MB goal, 0 MB stacks, 0 MB globals, 20 P
gc 14156 @342.049s 1%: 0.046+1.2+0.003 ms clock, 0.92+0/1.9/0.10+0.076 ms cpu, 256->256->126 MB, 257 MB goal, 0 MB stacks, 0 MB globals, 20 P
gc 14157 @342.065s 1%: 3.2+1.2+0.060 ms clock, 64+0/1.1/0+1.2 ms cpu, 247->268->145 MB, 253 MB goal, 0 MB stacks, 0 MB globals, 20 P
gc 14158 @342.086s 1%: 0.036+7.1+0.010 ms clock, 0.72+0.17/2.8/0+0.20 ms cpu, 272->291->134 MB, 291 MB goal, 0 MB stacks, 0 MB globals, 20 P
gc 14159 @342.105s 1%: 0.049+1.0+0.018 ms clock, 0.98+0/1.5/0+0.37 ms cpu, 255->255->138 MB, 268 MB goal, 0 MB stacks, 0 MB globals, 20 P
gc 14160 @342.118s 1%: 0.16+5.2+0.008 ms clock, 3.2+0/5.6/0+0.17 ms cpu, 258->271->157 MB, 277 MB goal, 0 MB stacks, 0 MB globals, 20 P
gc 14161 @342.136s 1%: 0.042+0.97+0.12 ms clock, 0.85+0/1.3/0+2.4 ms cpu, 301->301->142 MB, 315 MB goal, 0 MB stacks, 0 MB globals, 20 P
gc 14162 @342.150s 1%: 0.13+4.4+0.76 ms clock, 2.6+0/1.9/0.033+15 ms cpu, 273->303->159 MB, 285 MB goal, 0 MB stacks, 0 MB globals, 20 P
gc 14163 @342.168s 1%: 1.0+1.6+5.9 ms clock, 21+0.045/1.7/0+118 ms cpu, 299->325->149 MB, 319 MB goal, 0 MB stacks, 0 MB globals, 20 P
gc 14164 @342.186s 1%: 0.038+0.87+0.007 ms clock, 0.76+0/1.2/0+0.15 ms cpu, 275->275->147 MB, 298 MB goal, 0 MB stacks, 0 MB globals, 20 P
gc 14165 @342.195s 1%: 0.028+4.1+0.002 ms clock, 0.56+0/4.3/0+0.059 ms cpu, 278->283->160 MB, 295 MB goal, 0 MB stacks, 0 MB globals, 20 P
gc 14166 @342.213s 1%: 0.25+0.50+0.005 ms clock, 5.1+0/1.0/0+0.10 ms cpu, 295->295->121 MB, 320 MB goal, 0 MB stacks, 0 MB globals, 20 P
gc 14167 @342.219s 1%: 0.049+0.55+0.14 ms clock, 0.99+0/0.82/0+2.8 ms cpu, 221->221->161 MB, 244 MB goal, 0 MB stacks, 0 MB globals, 20 P
gc 14168 @342.231s 1%: 0.039+3.6+0.085 ms clock, 0.79+0/3.9/0+1.7 ms cpu, 313->326->160 MB, 323 MB goal, 0 MB stacks, 0 MB globals, 20 P
gc 14169 @342.251s 1%: 0.070+0.92+0.73 ms clock, 1.4+0/1.1/0.004+14 ms cpu, 294->306->124 MB, 320 MB goal, 0 MB stacks, 0 MB globals, 20 P
gc 14170 @342.260s 1%: 0.063+1.8+0.024 ms clock, 1.2+0/2.0/0+0.49 ms cpu, 230->243->130 MB, 248 MB goal, 0 MB stacks, 0 MB globals, 20 P
gc 14171 @342.273s 1%: 0.10+0.27+0.004 ms clock, 2.1+0/0.82/0+0.082 ms cpu, 236->236->106 MB, 260 MB goal, 0 MB stacks, 0 MB globals, 20 P
gc 14172 @342.278s 1%: 0.51+2.7+0.35 ms clock, 10+0/1.8/0+7.0 ms cpu, 199->228->153 MB, 213 MB goal, 0 MB stacks, 0 MB globals, 20 P
gc 14173 @342.294s 1%: 0.037+7.1+0.092 ms clock, 0.75+0/6.8/0.007+1.8 ms cpu, 279->322->165 MB, 307 MB goal, 0 MB stacks, 0 MB globals, 20 P
gc 14174 @342.315s 1%: 0.55+3.0+0.26 ms clock, 11+0/1.8/0+5.3 ms cpu, 290->321->156 MB, 330 MB goal, 0 MB stacks, 0 MB globals, 20 P
gc 14175 @342.328s 1%: 0.16+3.5+0.028 ms clock, 3.3+0/1.4/0+0.57 ms cpu, 270->309->160 MB, 312 MB goal, 0 MB stacks, 0 MB globals, 20 P
gc 14176 @342.344s 1%: 0.043+2.3+0.095 ms clock, 0.86+0/1.0/0.010+1.9 ms cpu, 285->302->136 MB, 322 MB goal, 0 MB stacks, 0 MB globals, 20 P
gc 14177 @342.352s 1%: 0.021+1.6+0.081 ms clock, 0.42+0.12/2.1/0+1.6 ms cpu, 235->263->167 MB, 273 MB goal, 0 MB stacks, 0 MB globals, 20 P
gc 14178 @342.368s 1%: 0.84+6.8+0.10 ms clock, 16+0/6.0/0+2.1 ms cpu, 296->323->160 MB, 335 MB goal, 0 MB stacks, 0 MB globals, 20 P
gc 14179 @342.391s 1%: 0.47+2.3+0.025 ms clock, 9.4+0/2.1/0+0.51 ms cpu, 294->322->158 MB, 320 MB goal, 0 MB stacks, 0 MB globals, 20 P
gc 14180 @342.405s 1%: 0.39+1.3+1.1 ms clock, 7.8+0/1.2/0+23 ms cpu, 283->301->145 MB, 317 MB goal, 0 MB stacks, 0 MB globals, 20 P
gc 14181 @342.419s 1%: 0.16+0.60+0.36 ms clock, 3.3+0/1.1/0.025+7.2 ms cpu, 264->271->125 MB, 290 MB goal, 0 MB stacks, 0 MB globals, 20 P
gc 14182 @342.425s 1%: 0.28+6.1+0.12 ms clock, 5.6+0/3.1/0.006+2.4 ms cpu, 223->249->165 MB, 251 MB goal, 0 MB stacks, 0 MB globals, 20 P
gc 14183 @342.443s 1%: 3.0+5.9+0.009 ms clock, 60+0/6.3/0+0.19 ms cpu, 319->332->152 MB, 332 MB goal, 0 MB stacks, 0 MB globals, 20 P
gc 14184 @342.461s 1%: 0.58+1.1+0.13 ms clock, 11+0/1.5/0+2.6 ms cpu, 279->290->143 MB, 305 MB goal, 0 MB stacks, 0 MB globals, 20 P
gc 14185 @342.480s 1%: 1.8+0.63+0.017 ms clock, 36+0/0.80/0.051+0.35 ms cpu, 262->265->125 MB, 287 MB goal, 0 MB stacks, 0 MB globals, 20 P
gc 14186 @342.491s 1%: 0.18+0.94+0.11 ms clock, 3.6+0/1.1/0+2.3 ms cpu, 226->242->141 MB, 252 MB goal, 0 MB stacks, 0 MB globals, 20 P
gc 14187 @342.505s 1%: 0.022+1.1+0.023 ms clock, 0.44+0/1.7/0.36+0.47 ms cpu, 256->268->144 MB, 282 MB goal, 0 MB stacks, 0 MB globals, 20 P
gc 14188 @342.521s 1%: 0.055+1.0+0.009 ms clock, 1.1+0/1.6/0.001+0.18 ms cpu, 281->281->140 MB, 289 MB goal, 0 MB stacks, 0 MB globals, 20 P
gc 14189 @342.535s 1%: 0.038+0.62+0.21 ms clock, 0.76+0.084/0.88/0+4.2 ms cpu, 266->272->111 MB, 281 MB goal, 0 MB stacks, 0 MB globals, 20 P
gc 14190 @342.542s 1%: 0.46+3.9+0.83 ms clock, 9.2+0/1.9/0+16 ms cpu, 207->236->154 MB, 223 MB goal, 0 MB stacks, 0 MB globals, 20 P
gc 14191 @342.560s 1%: 0.035+10+0.085 ms clock, 0.70+0/1.0/0+1.7 ms cpu, 282->339->188 MB, 309 MB goal, 0 MB stacks, 0 MB globals, 20 P
gc 14192 @342.582s 1%: 0.24+7.3+0.089 ms clock, 4.9+0/1.6/0.002+1.7 ms cpu, 334->374->162 MB, 378 MB goal, 0 MB stacks, 0 MB globals, 20 P
gc 14193 @342.602s 1%: 0.31+1.3+0.003 ms clock, 6.3+0/2.0/0.040+0.061 ms cpu, 280->287->128 MB, 325 MB goal, 0 MB stacks, 0 MB globals, 20 P
gc 14194 @342.612s 1%: 0.037+0.61+0.10 ms clock, 0.75+0/0.76/0+2.1 ms cpu, 231->231->166 MB, 257 MB goal, 0 MB stacks, 0 MB globals, 20 P
gc 14195 @342.626s 1%: 0.041+0.87+0.56 ms clock, 0.82+0/1.3/0+11 ms cpu, 291->299->153 MB, 333 MB goal, 0 MB stacks, 0 MB globals, 20 P
gc 14196 @342.638s 1%: 0.025+1.4+0.004 ms clock, 0.50+0.18/0.71/0+0.087 ms cpu, 261->278->137 MB, 306 MB goal, 0 MB stacks, 0 MB globals, 20 P
gc 14197 @342.647s 1%: 0.038+1.9+0.004 ms clock, 0.76+0.095/0.76/0.012+0.089 ms cpu, 237->246->146 MB, 275 MB goal, 0 MB stacks, 0 MB globals, 20 P
gc 14198 @342.657s 1%: 0.045+1.1+0.008 ms clock, 0.90+0/0.86/0+0.16 ms cpu, 255->263->151 MB, 293 MB goal, 0 MB stacks, 0 MB globals, 20 P
gc 14199 @342.668s 1%: 0.036+10+0.35 ms clock, 0.72+0/5.7/0+7.0 ms cpu, 286->334->201 MB, 303 MB goal, 0 MB stacks, 0 MB globals, 20 P
gc 14200 @342.693s 1%: 0.048+11+3.4 ms clock, 0.96+0/5.2/0.055+68 ms cpu, 359->404->178 MB, 404 MB goal, 0 MB stacks, 0 MB globals, 20 P
gc 14201 @342.719s 1%: 1.3+0.38+0.006 ms clock, 26+0/0.93/0.008+0.12 ms cpu, 311->311->128 MB, 358 MB goal, 0 MB stacks, 0 MB globals, 20 P
gc 14202 @342.728s 1%: 0.061+1.0+0.35 ms clock, 1.2+0/1.5/0.015+7.1 ms cpu, 222->227->144 MB, 257 MB goal, 0 MB stacks, 0 MB globals, 20 P
gc 14203 @342.738s 1%: 0.074+1.5+0.005 ms clock, 1.4+0/1.8/0+0.10 ms cpu, 260->260->147 MB, 289 MB goal, 0 MB stacks, 0 MB globals, 20 P
gc 14204 @342.749s 1%: 0.019+2.2+0.005 ms clock, 0.39+0.14/1.0/0+0.11 ms cpu, 252->273->142 MB, 295 MB goal, 0 MB stacks, 0 MB globals, 20 P
gc 14205 @342.760s 1%: 0.019+1.8+0.42 ms clock, 0.39+0.18/0.63/0+8.4 ms cpu, 243->268->135 MB, 284 MB goal, 0 MB stacks, 0 MB globals, 20 P
gc 14206 @342.771s 1%: 0.043+6.3+0.012 ms clock, 0.87+0.010/6.5/0+0.25 ms cpu, 246->263->164 MB, 271 MB goal, 0 MB stacks, 0 MB globals, 20 P
gc 14207 @342.790s 1%: 0.24+0.51+0.26 ms clock, 4.8+0/0.93/0+5.2 ms cpu, 285->291->118 MB, 329 MB goal, 0 MB stacks, 0 MB globals, 20 P
gc 14208 @342.797s 1%: 0.022+1.5+0.003 ms clock, 0.44+0.089/2.0/0+0.074 ms cpu, 223->223->134 MB, 237 MB goal, 0 MB stacks, 0 MB globals, 20 P
gc 14209 @342.810s 1%: 0.020+1.4+2.4 ms clock, 0.41+0.20/0.99/0+49 ms cpu, 251->269->141 MB, 270 MB goal, 0 MB stacks, 0 MB globals, 20 P
gc 14210 @342.824s 1%: 0.020+1.0+0.006 ms clock, 0.41+0.14/0.71/0+0.13 ms cpu, 257->270->128 MB, 283 MB goal, 0 MB stacks, 0 MB globals, 20 P
gc 14211 @342.833s 1%: 0.038+0.60+0.017 ms clock, 0.76+0/0.91/0+0.35 ms cpu, 241->241->160 MB, 257 MB goal, 0 MB stacks, 0 MB globals, 20 P
gc 14212 @342.847s 1%: 0.093+5.0+0.007 ms clock, 1.8+0/5.2/0+0.15 ms cpu, 315->315->148 MB, 322 MB goal, 0 MB stacks, 0 MB globals, 20 P
gc 14213 @342.861s 1%: 0.72+3.1+4.4 ms clock, 14+0/1.3/0+88 ms cpu, 272->316->170 MB, 298 MB goal, 0 MB stacks, 0 MB globals, 20 P
gc 14214 @342.881s 1%: 0.16+7.5+1.4 ms clock, 3.3+0/1.6/0.002+28 ms cpu, 301->355->178 MB, 340 MB goal, 0 MB stacks, 0 MB globals, 20 P
gc 14215 @342.902s 1%: 0.12+1.6+0.004 ms clock, 2.4+0/1.6/0+0.084 ms cpu, 309->319->137 MB, 356 MB goal, 0 MB stacks, 0 MB globals, 20 P
gc 14216 @342.912s 1%: 0.11+0.70+0.10 ms clock, 2.3+0.031/0.66/0+2.0 ms cpu, 234->238->118 MB, 274 MB goal, 0 MB stacks, 0 MB globals, 20 P
gc 14217 @342.917s 1%: 0.019+2.8+0.026 ms clock, 0.38+0.087/2.5/0+0.53 ms cpu, 208->245->166 MB, 237 MB goal, 0 MB stacks, 0 MB globals, 20 P
gc 14218 @342.931s 1%: 0.15+3.0+0.58 ms clock, 3.0+0/1.6/0+11 ms cpu, 285->325->168 MB, 334 MB goal, 0 MB stacks, 0 MB globals, 20 P
gc 14219 @342.947s 1%: 0.21+0.99+0.003 ms clock, 4.3+0/1.2/0+0.062 ms cpu, 290->296->133 MB, 337 MB goal, 0 MB stacks, 0 MB globals, 20 P
gc 14220 @342.953s 1%: 0.038+0.46+0.029 ms clock, 0.76+0.17/0.66/0.001+0.58 ms cpu, 232->246->173 MB, 266 MB goal, 0 MB stacks, 0 MB globals, 20 P
gc 14221 @342.967s 1%: 0.060+0.56+0.088 ms clock, 1.2+0.13/0.54/0+1.7 ms cpu, 311->323->163 MB, 346 MB goal, 0 MB stacks, 0 MB globals, 20 P
gc 14222 @342.980s 1%: 0.59+1.3+0.023 ms clock, 11+0/1.7/0+0.46 ms cpu, 289->299->146 MB, 327 MB goal, 0 MB stacks, 0 MB globals, 20 P
gc 14223 @342.991s 1%: 0.076+2.3+3.6 ms clock, 1.5+0/1.1/0+73 ms cpu, 256->287->152 MB, 292 MB goal, 0 MB stacks, 0 MB globals, 20 P
gc 14224 @343.006s 1%: 1.9+4.8+0.017 ms clock, 38+0/1.2/0+0.35 ms cpu, 277->311->151 MB, 306 MB goal, 0 MB stacks, 0 MB globals, 20 P
gc 14225 @343.022s 1%: 0.034+1.8+0.006 ms clock, 0.69+0.062/0.77/0+0.13 ms cpu, 273->287->137 MB, 302 MB goal, 0 MB stacks, 0 MB globals, 20 P
gc 14226 @343.032s 1%: 0.034+0.82+0.086 ms clock, 0.68+0/0.76/0+1.7 ms cpu, 244->248->134 MB, 276 MB goal, 0 MB stacks, 0 MB globals, 20 P
gc 14227 @343.040s 1%: 0.035+1.1+0.024 ms clock, 0.70+0/1.8/0+0.49 ms cpu, 256->256->138 MB, 268 MB goal, 0 MB stacks, 0 MB globals, 20 P
gc 14228 @343.051s 1%: 0.31+10+2.6 ms clock, 6.3+0/5.7/0+52 ms cpu, 254->322->186 MB, 277 MB goal, 0 MB stacks, 0 MB globals, 20 P
gc 14229 @343.076s 1%: 0.097+10+2.7 ms clock, 1.9+0/5.1/0+54 ms cpu, 318->387->192 MB, 372 MB goal, 0 MB stacks, 0 MB globals, 20 P
gc 14230 @343.102s 1%: 0.040+1.1+0.008 ms clock, 0.81+0/1.3/0+0.17 ms cpu, 344->344->146 MB, 386 MB goal, 0 MB stacks, 0 MB globals, 20 P
gc 14231 @343.112s 1%: 0.082+1.6+3.1 ms clock, 1.6+0/1.7/0.005+63 ms cpu, 260->287->152 MB, 292 MB goal, 0 MB stacks, 0 MB globals, 20 P
gc 14232 @343.127s 1%: 0.019+1.3+0.006 ms clock, 0.38+0.040/0.71/0+0.13 ms cpu, 266->277->134 MB, 305 MB goal, 0 MB stacks, 0 MB globals, 20 P
gc 14233 @343.134s 1%: 0.040+0.65+0.17 ms clock, 0.81+0.16/0.67/0+3.5 ms cpu, 233->244->162 MB, 269 MB goal, 0 MB stacks, 0 MB globals, 20 P
gc 14234 @343.146s 1%: 0.021+7.5+0.038 ms clock, 0.43+0.20/1.2/0+0.77 ms cpu, 287->332->175 MB, 324 MB goal, 0 MB stacks, 0 MB globals, 20 P
gc 14235 @343.164s 1%: 0.050+7.1+4.7 ms clock, 1.0+0/1.5/0.002+94 ms cpu, 302->346->172 MB, 351 MB goal, 0 MB stacks, 0 MB globals, 20 P
gc 14236 @343.189s 1%: 0.14+7.1+0.008 ms clock, 2.8+0/3.3/0+0.16 ms cpu, 302->342->167 MB, 344 MB goal, 0 MB stacks, 0 MB globals, 20 P
gc 14237 @343.208s 1%: 0.43+1.3+3.8 ms clock, 8.6+0/1.0/0+76 ms cpu, 293->314->144 MB, 336 MB goal, 0 MB stacks, 0 MB globals, 20 P
gc 14238 @343.224s 1%: 0.038+1.1+0.007 ms clock, 0.77+0/1.5/0+0.15 ms cpu, 251->251->142 MB, 290 MB goal, 0 MB stacks, 0 MB globals, 20 P
gc 14239 @343.235s 1%: 0.12+6.4+0.14 ms clock, 2.4+0/2.7/0.006+2.8 ms cpu, 249->275->146 MB, 284 MB goal, 0 MB stacks, 0 MB globals, 20 P
gc 14240 @343.248s 1%: 0.019+0.50+0.085 ms clock, 0.38+0.22/0.53/0+1.7 ms cpu, 250->264->171 MB, 292 MB goal, 0 MB stacks, 0 MB globals, 20 P
gc 14241 @343.262s 1%: 1.6+6.9+0.009 ms clock, 33+0/2.3/0+0.18 ms cpu, 313->342->170 MB, 343 MB goal, 0 MB stacks, 0 MB globals, 20 P
gc 14242 @343.283s 1%: 0.039+0.91+0.024 ms clock, 0.79+0/1.2/0+0.49 ms cpu, 303->317->151 MB, 341 MB goal, 0 MB stacks, 0 MB globals, 20 P
gc 14243 @343.294s 1%: 0.66+0.53+0.12 ms clock, 13+0/0.74/0+2.5 ms cpu, 273->277->131 MB, 303 MB goal, 0 MB stacks, 0 MB globals, 20 P
gc 14244 @343.303s 1%: 0.038+1.0+0.50 ms clock, 0.76+0/1.3/0.005+10 ms cpu, 234->240->148 MB, 262 MB goal, 0 MB stacks, 0 MB globals, 20 P
gc 14245 @343.316s 1%: 0.30+0.78+0.004 ms clock, 6.1+0/1.5/0+0.089 ms cpu, 270->270->123 MB, 297 MB goal, 0 MB stacks, 0 MB globals, 20 P
gc 14246 @343.329s 1%: 0.12+0.38+0.004 ms clock, 2.5+0/1.0/0.010+0.095 ms cpu, 219->219->105 MB, 246 MB goal, 0 MB stacks, 0 MB globals, 20 P
gc 14247 @343.335s 1%: 0.084+5.6+0.004 ms clock, 1.6+0/3.3/0+0.084 ms cpu, 185->223->159 MB, 211 MB goal, 0 MB stacks, 0 MB globals, 20 P
gc 14248 @343.355s 1%: 0.43+9.0+1.4 ms clock, 8.6+0/4.3/0+28 ms cpu, 291->328->155 MB, 320 MB goal, 0 MB stacks, 0 MB globals, 20 P
gc 14249 @343.378s 1%: 0.57+0.42+0.004 ms clock, 11+0/0.74/0+0.089 ms cpu, 272->274->113 MB, 310 MB goal, 0 MB stacks, 0 MB globals, 20 P
gc 14250 @343.383s 1%: 0.052+1.0+0.092 ms clock, 1.0+0/1.4/0+1.8 ms cpu, 195->209->144 MB, 227 MB goal, 0 MB stacks, 0 MB globals, 20 P
gc 14251 @343.394s 1%: 0.17+6.1+2.0 ms clock, 3.5+0/1.1/0+40 ms cpu, 253->312->181 MB, 288 MB goal, 0 MB stacks, 0 MB globals, 20 P
gc 14252 @343.415s 1%: 0.19+1.3+0.086 ms clock, 3.9+0/1.6/0.089+1.7 ms cpu, 320->335->142 MB, 362 MB goal, 0 MB stacks, 0 MB globals, 20 P
gc 14253 @343.428s 1%: 0.75+0.45+0.004 ms clock, 15+0/1.0/0+0.099 ms cpu, 244->244->116 MB, 286 MB goal, 0 MB stacks, 0 MB globals, 20 P
gc 14254 @343.434s 1%: 0.023+3.7+0.043 ms clock, 0.46+0.27/1.5/0+0.87 ms cpu, 199->241->173 MB, 232 MB goal, 0 MB stacks, 0 MB globals, 20 P
gc 14255 @343.450s 1%: 0.33+8.1+0.072 ms clock, 6.7+0/1.7/0+1.4 ms cpu, 304->340->165 MB, 348 MB goal, 0 MB stacks, 0 MB globals, 20 P
gc 14256 @343.468s 1%: 0.50+0.46+0.006 ms clock, 10+0/1.0/0+0.13 ms cpu, 284->284->124 MB, 332 MB goal, 0 MB stacks, 0 MB globals, 20 P
gc 14257 @343.475s 1%: 0.050+0.74+0.037 ms clock, 1.0+0/1.0/0+0.75 ms cpu, 212->217->139 MB, 248 MB goal, 0 MB stacks, 0 MB globals, 20 P
gc 14258 @343.484s 1%: 0.059+0.97+0.076 ms clock, 1.1+0/1.2/0+1.5 ms cpu, 239->239->142 MB, 279 MB goal, 0 MB stacks, 0 MB globals, 20 P
gc 14259 @343.493s 1%: 0.041+4.7+4.0 ms clock, 0.82+0/4.3/0+81 ms cpu, 246->270->165 MB, 284 MB goal, 0 MB stacks, 0 MB globals, 20 P
gc 14260 @343.516s 1%: 1.1+0.44+0.018 ms clock, 23+0/0.69/0+0.36 ms cpu, 290->298->118 MB, 332 MB goal, 0 MB stacks, 0 MB globals, 20 P
gc 14261 @343.523s 1%: 0.77+1.3+0.023 ms clock, 15+0/1.8/0+0.47 ms cpu, 205->216->140 MB, 237 MB goal, 0 MB stacks, 0 MB globals, 20 P
gc 14262 @343.536s 1%: 0.020+1.7+2.7 ms clock, 0.40+0.059/1.0/0+54 ms cpu, 246->273->147 MB, 282 MB goal, 0 MB stacks, 0 MB globals, 20 P
gc 14263 @343.552s 1%: 0.030+5.6+2.1 ms clock, 0.60+0/2.1/0+43 ms cpu, 268->302->146 MB, 296 MB goal, 0 MB stacks, 0 MB globals, 20 P
gc 14264 @343.570s 1%: 0.18+0.92+0.006 ms clock, 3.6+0/0.74/0+0.12 ms cpu, 260->271->118 MB, 293 MB goal, 0 MB stacks, 0 MB globals, 20 P
gc 14265 @343.576s 1%: 0.049+1.7+0.004 ms clock, 0.98+0/2.4/0+0.083 ms cpu, 228->228->142 MB, 236 MB goal, 0 MB stacks, 0 MB globals, 20 P
gc 14266 @343.587s 1%: 0.24+0.55+0.004 ms clock, 4.8+0/1.0/0.027+0.097 ms cpu, 251->251->118 MB, 284 MB goal, 0 MB stacks, 0 MB globals, 20 P
gc 14267 @343.593s 1%: 0.017+1.7+0.015 ms clock, 0.35+0.12/0.68/0+0.30 ms cpu, 208->223->163 MB, 237 MB goal, 0 MB stacks, 0 MB globals, 20 P
gc 14268 @343.613s 1%: 0.018+4.2+0.005 ms clock, 0.37+0/4.2/0+0.10 ms cpu, 302->316->131 MB, 327 MB goal, 0 MB stacks, 0 MB globals, 20 P
gc 14269 @343.624s 1%: 0.041+1.5+0.053 ms clock, 0.83+0/1.8/0+1.0 ms cpu, 239->252->167 MB, 263 MB goal, 0 MB stacks, 0 MB globals, 20 P
gc 14270 @343.639s 1%: 0.044+1.1+0.003 ms clock, 0.88+0/1.4/0+0.072 ms cpu, 310->310->147 MB, 334 MB goal, 0 MB stacks, 0 MB globals, 20 P
gc 14271 @343.649s 1%: 0.32+0.46+0.006 ms clock, 6.5+0/0.82/0.009+0.12 ms cpu, 262->265->124 MB, 295 MB goal, 0 MB stacks, 0 MB globals, 20 P
gc 14272 @343.658s 1%: 0.064+0.83+0.025 ms clock, 1.2+0/1.1/0+0.51 ms cpu, 234->248->141 MB, 249 MB goal, 0 MB stacks, 0 MB globals, 20 P
gc 14273 @343.669s 1%: 0.035+4.0+0.12 ms clock, 0.70+0/1.1/0.015+2.4 ms cpu, 272->284->142 MB, 284 MB goal, 0 MB stacks, 0 MB globals, 20 P
gc 14274 @343.686s 1%: 0.020+1.1+0.083 ms clock, 0.40+0.20/0.62/0+1.6 ms cpu, 271->287->131 MB, 284 MB goal, 0 MB stacks, 0 MB globals, 20 P
gc 14275 @343.696s 1%: 0.038+0.64+0.053 ms clock, 0.76+0/0.70/0+1.0 ms cpu, 247->249->137 MB, 262 MB goal, 0 MB stacks, 0 MB globals, 20 P
gc 14276 @343.705s 1%: 0.079+1.1+0.011 ms clock, 1.5+0/1.6/0+0.22 ms cpu, 266->266->144 MB, 275 MB goal, 0 MB stacks, 0 MB globals, 20 P
gc 14277 @343.718s 1%: 0.020+5.7+0.009 ms clock, 0.40+0.045/2.3/0+0.18 ms cpu, 276->286->134 MB, 288 MB goal, 0 MB stacks, 0 MB globals, 20 P
gc 14278 @343.734s 1%: 0.18+1.5+0.32 ms clock, 3.7+0/1.5/0+6.5 ms cpu, 257->271->128 MB, 269 MB goal, 0 MB stacks, 0 MB globals, 20 P
gc 14279 @343.745s 1%: 0.10+0.47+0.085 ms clock, 2.0+0.16/0.56/0+1.7 ms cpu, 247->247->152 MB, 257 MB goal, 0 MB stacks, 0 MB globals, 20 P
gc 14280 @343.758s 1%: 2.4+4.6+0.005 ms clock, 49+0.005/4.9/0+0.11 ms cpu, 292->292->134 MB, 305 MB goal, 0 MB stacks, 0 MB globals, 20 P
gc 14281 @343.779s 1%: 0.16+1.3+0.003 ms clock, 3.3+0/1.7/0+0.060 ms cpu, 264->266->128 MB, 268 MB goal, 0 MB stacks, 0 MB globals, 20 P
gc 14282 @343.790s 1%: 0.035+2.3+2.2 ms clock, 0.71+0/2.4/0+45 ms cpu, 246->253->147 MB, 256 MB goal, 0 MB stacks, 0 MB globals, 20 P
gc 14283 @343.809s 1%: 2.7+5.6+0.006 ms clock, 55+0/1.1/0+0.13 ms cpu, 284->326->168 MB, 295 MB goal, 0 MB stacks, 0 MB globals, 20 P
gc 14284 @343.829s 1%: 0.030+0.57+0.013 ms clock, 0.61+0/0.83/0.014+0.26 ms cpu, 295->299->162 MB, 336 MB goal, 0 MB stacks, 0 MB globals, 20 P
gc 14285 @343.840s 1%: 0.041+3.8+0.003 ms clock, 0.83+0/4.0/0+0.076 ms cpu, 292->296->161 MB, 326 MB goal, 0 MB stacks, 0 MB globals, 20 P
gc 14286 @343.854s 1%: 0.050+0.54+0.11 ms clock, 1.0+0/0.80/0+2.2 ms cpu, 280->283->147 MB, 322 MB goal, 0 MB stacks, 0 MB globals, 20 P
gc 14287 @343.862s 1%: 0.51+5.5+0.015 ms clock, 10+0/1.6/0+0.31 ms cpu, 251->290->178 MB, 294 MB goal, 0 MB stacks, 0 MB globals, 20 P
gc 14288 @343.884s 1%: 0.020+9.4+0.93 ms clock, 0.40+0/4.5/0+18 ms cpu, 317->354->160 MB, 356 MB goal, 0 MB stacks, 0 MB globals, 20 P
gc 14289 @343.906s 1%: 0.053+0.91+0.19 ms clock, 1.0+0/1.1/0+3.8 ms cpu, 284->290->119 MB, 320 MB goal, 0 MB stacks, 0 MB globals, 20 P
gc 14290 @343.913s 1%: 1.5+9.0+0.024 ms clock, 30+0/1.6/0+0.48 ms cpu, 210->254->175 MB, 238 MB goal, 0 MB stacks, 0 MB globals, 20 P
gc 14291 @343.939s 1%: 0.36+2.7+0.006 ms clock, 7.2+0/3.1/0+0.13 ms cpu, 317->330->144 MB, 350 MB goal, 0 MB stacks, 0 MB globals, 20 P
gc 14292 @343.950s 1%: 0.031+0.59+0.061 ms clock, 0.63+0.030/0.77/0+1.2 ms cpu, 246->250->158 MB, 288 MB goal, 0 MB stacks, 0 MB globals, 20 P
gc 14293 @343.963s 1%: 0.69+0.34+0.019 ms clock, 13+0/0.81/0+0.38 ms cpu, 274->274->123 MB, 317 MB goal, 0 MB stacks, 0 MB globals, 20 P
gc 14294 @343.970s 1%: 0.034+0.44+0.018 ms clock, 0.68+0/0.81/0+0.37 ms cpu, 217->217->159 MB, 247 MB goal, 0 MB stacks, 0 MB globals, 20 P
gc 14295 @343.979s 1%: 0.042+3.9+0.009 ms clock, 0.84+0/4.3/0+0.19 ms cpu, 283->283->144 MB, 320 MB goal, 0 MB stacks, 0 MB globals, 20 P
gc 14296 @343.994s 1%: 0.042+1.8+0.059 ms clock, 0.84+0/2.1/0+1.1 ms cpu, 249->249->151 MB, 289 MB goal, 0 MB stacks, 0 MB globals, 20 P
gc 14297 @344.003s 1%: 0.040+3.5+0.012 ms clock, 0.80+0/2.9/0+0.25 ms cpu, 258->283->148 MB, 302 MB goal, 0 MB stacks, 0 MB globals, 20 P
gc 14298 @344.015s 1%: 0.043+0.58+0.023 ms clock, 0.87+0/1.0/0+0.47 ms cpu, 262->262->144 MB, 296 MB goal, 0 MB stacks, 0 MB globals, 20 P
gc 14299 @344.025s 1%: 0.27+1.1+0.003 ms clock, 5.4+0/1.6/0+0.063 ms cpu, 248->254->120 MB, 289 MB goal, 0 MB stacks, 0 MB globals, 20 P
gc 14300 @344.034s 1%: 0.053+0.73+0.11 ms clock, 1.0+0/1.1/0+2.3 ms cpu, 221->221->156 MB, 240 MB goal, 0 MB stacks, 0 MB globals, 20 P
gc 14301 @344.056s 1%: 0.035+6.0+0.004 ms clock, 0.70+0/6.6/0.009+0.083 ms cpu, 310->310->147 MB, 313 MB goal, 0 MB stacks, 0 MB globals, 20 P
gc 14302 @344.070s 1%: 0.020+4.0+0.015 ms clock, 0.40+0/1.4/0.086+0.31 ms cpu, 271->292->164 MB, 294 MB goal, 0 MB stacks, 0 MB globals, 20 P
gc 14303 @344.085s 1%: 1.8+0.60+0.021 ms clock, 37+0/0.91/0+0.43 ms cpu, 305->315->135 MB, 328 MB goal, 0 MB stacks, 0 MB globals, 20 P
gc 14304 @344.096s 1%: 0.043+1.1+0.18 ms clock, 0.87+0/2.0/0.026+3.6 ms cpu, 252->252->143 MB, 271 MB goal, 0 MB stacks, 0 MB globals, 20 P
gc 14305 @344.107s 1%: 0.96+0.79+0.98 ms clock, 19+0/1.1/0.020+19 ms cpu, 265->285->142 MB, 287 MB goal, 0 MB stacks, 0 MB globals, 20 P
gc 14306 @344.120s 1%: 0.038+0.82+0.007 ms clock, 0.76+0/1.5/0.098+0.14 ms cpu, 269->269->145 MB, 286 MB goal, 0 MB stacks, 0 MB globals, 20 P
gc 14307 @344.131s 1%: 0.037+1.4+0.009 ms clock, 0.74+0/2.1/0+0.19 ms cpu, 275->276->154 MB, 290 MB goal, 0 MB stacks, 0 MB globals, 20 P
gc 14308 @344.143s 1%: 4.7+7.5+0.018 ms clock, 94+0/8.0/0+0.37 ms cpu, 297->311->150 MB, 308 MB goal, 0 MB stacks, 0 MB globals, 20 P
gc 14309 @344.173s 1%: 0.049+0.88+0.012 ms clock, 0.99+0/1.1/0+0.25 ms cpu, 280->284->144 MB, 300 MB goal, 0 MB stacks, 0 MB globals, 20 P
gc 14310 @344.182s 1%: 0.043+1.0+0.080 ms clock, 0.87+0/1.3/0+1.6 ms cpu, 270->270->151 MB, 288 MB goal, 0 MB stacks, 0 MB globals, 20 P
gc 14311 @344.195s 1%: 1.9+1.1+0.006 ms clock, 39+0/1.5/0+0.12 ms cpu, 289->289->132 MB, 303 MB goal, 0 MB stacks, 0 MB globals, 20 P
gc 14312 @344.209s 1%: 0.053+2.0+1.3 ms clock, 1.0+0/1.8/0+27 ms cpu, 254->275->141 MB, 265 MB goal, 0 MB stacks, 0 MB globals, 20 P
gc 14313 @344.221s 1%: 0.036+2.7+0.008 ms clock, 0.73+0/0.74/0+0.17 ms cpu, 269->269->147 MB, 283 MB goal, 0 MB stacks, 0 MB globals, 20 P
gc 14314 @344.234s 1%: 0.038+5.1+0.003 ms clock, 0.77+0/5.3/0+0.077 ms cpu, 286->290->154 MB, 295 MB goal, 0 MB stacks, 0 MB globals, 20 P
gc 14315 @344.250s 1%: 0.033+0.68+0.007 ms clock, 0.67+0/1.0/0+0.15 ms cpu, 290->290->144 MB, 309 MB goal, 0 MB stacks, 0 MB globals, 20 P
gc 14316 @344.260s 1%: 0.086+5.9+0.069 ms clock, 1.7+0.007/6.2/0+1.3 ms cpu, 283->287->157 MB, 288 MB goal, 0 MB stacks, 0 MB globals, 20 P
gc 14317 @344.276s 1%: 0.043+1.8+0.048 ms clock, 0.86+0/2.1/0+0.97 ms cpu, 299->299->145 MB, 314 MB goal, 0 MB stacks, 0 MB globals, 20 P
gc 14318 @344.290s 1%: 0.020+2.3+0.009 ms clock, 0.41+0/2.3/0+0.19 ms cpu, 287->299->144 MB, 291 MB goal, 0 MB stacks, 0 MB globals, 20 P
gc 14319 @344.302s 1%: 0.019+1.6+0.021 ms clock, 0.39+0/2.0/0+0.43 ms cpu, 272->288->144 MB, 288 MB goal, 0 MB stacks, 0 MB globals, 20 P
gc 14320 @344.314s 1%: 0.042+1.1+0.013 ms clock, 0.84+0/1.4/0.007+0.26 ms cpu, 278->278->149 MB, 289 MB goal, 0 MB stacks, 0 MB globals, 20 P
gc 14321 @344.329s 1%: 0.031+1.2+0.006 ms clock, 0.63+0.098/1.2/0.015+0.13 ms cpu, 279->289->120 MB, 299 MB goal, 0 MB stacks, 0 MB globals, 20 P
gc 14322 @344.338s 1%: 0.044+0.41+0.020 ms clock, 0.89+0/0.90/0+0.41 ms cpu, 232->232->153 MB, 241 MB goal, 0 MB stacks, 0 MB globals, 20 P
gc 14323 @344.354s 1%: 3.7+0.41+0.006 ms clock, 74+0.063/0.75/0+0.12 ms cpu, 291->293->113 MB, 307 MB goal, 0 MB stacks, 0 MB globals, 20 P
gc 14324 @344.365s 1%: 0.040+1.6+0.018 ms clock, 0.80+0/2.2/0.025+0.37 ms cpu, 217->230->156 MB, 228 MB goal, 0 MB stacks, 0 MB globals, 20 P
gc 14325 @344.385s 1%: 1.0+1.5+1.8 ms clock, 21+0/1.2/0+36 ms cpu, 302->320->129 MB, 313 MB goal, 0 MB stacks, 0 MB globals, 20 P
gc 14326 @344.399s 1%: 0.042+0.86+0.029 ms clock, 0.84+0/0.81/0+0.58 ms cpu, 243->250->108 MB, 259 MB goal, 0 MB stacks, 0 MB globals, 20 P
gc 14327 @344.406s 1%: 0.21+2.7+0.006 ms clock, 4.2+0/3.0/0+0.12 ms cpu, 210->210->123 MB, 217 MB goal, 0 MB stacks, 0 MB globals, 20 P
gc 14328 @344.419s 1%: 0.027+5.7+3.3 ms clock, 0.55+0.11/0.74/0+67 ms cpu, 232->275->163 MB, 248 MB goal, 0 MB stacks, 0 MB globals, 20 P
gc 14329 @344.439s 1%: 0.041+5.4+1.4 ms clock, 0.82+0/2.8/0+28 ms cpu, 286->314->168 MB, 328 MB goal, 0 MB stacks, 0 MB globals, 20 P
gc 14330 @344.458s 1%: 0.075+0.83+0.009 ms clock, 1.5+0/0.84/0+0.18 ms cpu, 303->306->143 MB, 337 MB goal, 0 MB stacks, 0 MB globals, 20 P
gc 14331 @344.470s 1%: 0.038+1.0+0.074 ms clock, 0.76+0/0.85/0+1.4 ms cpu, 251->256->129 MB, 287 MB goal, 0 MB stacks, 0 MB globals, 20 P
gc 14332 @344.476s 1%: 0.040+2.6+0.009 ms clock, 0.81+0/2.9/0+0.18 ms cpu, 231->231->151 MB, 259 MB goal, 0 MB stacks, 0 MB globals, 20 P
gc 14333 @344.489s 1%: 0.10+0.86+0.088 ms clock, 2.0+0/1.1/0+1.7 ms cpu, 271->271->139 MB, 303 MB goal, 0 MB stacks, 0 MB globals, 20 P
gc 14334 @344.499s 1%: 0.039+0.76+0.022 ms clock, 0.78+0/1.2/0.007+0.44 ms cpu, 240->240->144 MB, 279 MB goal, 0 MB stacks, 0 MB globals, 20 P
gc 14335 @344.509s 1%: 0.039+2.2+0.006 ms clock, 0.78+0/2.6/0+0.12 ms cpu, 247->257->156 MB, 289 MB goal, 0 MB stacks, 0 MB globals, 20 P
gc 14336 @344.523s 1%: 0.068+0.66+0.13 ms clock, 1.3+0/0.68/0+2.6 ms cpu, 281->281->166 MB, 313 MB goal, 0 MB stacks, 0 MB globals, 20 P
gc 14337 @344.536s 1%: 0.17+3.5+0.096 ms clock, 3.4+0/3.8/0+1.9 ms cpu, 295->309->150 MB, 333 MB goal, 0 MB stacks, 0 MB globals, 20 P
gc 14338 @344.554s 1%: 0.45+2.1+0.015 ms clock, 9.0+0/1.7/0+0.31 ms cpu, 285->307->153 MB, 300 MB goal, 0 MB stacks, 0 MB globals, 20 P
gc 14339 @344.568s 1%: 0.75+0.93+0.003 ms clock, 15+0/1.2/0.003+0.079 ms cpu, 291->291->130 MB, 306 MB goal, 0 MB stacks, 0 MB globals, 20 P
gc 14340 @344.580s 1%: 0.28+0.53+0.010 ms clock, 5.7+0/0.75/0+0.20 ms cpu, 240->242->119 MB, 262 MB goal, 0 MB stacks, 0 MB globals, 20 P
gc 14341 @344.588s 1%: 0.029+2.7+0.010 ms clock, 0.59+0/3.0/0+0.20 ms cpu, 226->243->165 MB, 238 MB goal, 0 MB stacks, 0 MB globals, 20 P
gc 14342 @344.604s 1%: 1.1+6.7+0.068 ms clock, 22+0/4.9/0+1.3 ms cpu, 318->334->135 MB, 332 MB goal, 0 MB stacks, 0 MB globals, 20 P
gc 14343 @344.622s 1%: 0.038+1.0+0.005 ms clock, 0.76+0/1.4/0+0.11 ms cpu, 252->252->139 MB, 270 MB goal, 0 MB stacks, 0 MB globals, 20 P
gc 14344 @344.633s 1%: 0.018+0.81+0.041 ms clock, 0.37+0.16/0.69/0+0.82 ms cpu, 256->272->130 MB, 278 MB goal, 0 MB stacks, 0 MB globals, 20 P
gc 14345 @344.642s 1%: 0.039+0.82+0.006 ms clock, 0.79+0/1.1/0+0.13 ms cpu, 246->246->136 MB, 262 MB goal, 0 MB stacks, 0 MB globals, 20 P
gc 14346 @344.651s 1%: 1.5+6.5+0.22 ms clock, 30+0/0.93/0.007+4.5 ms cpu, 255->290->152 MB, 274 MB goal, 0 MB stacks, 0 MB globals, 20 P
gc 14347 @344.671s 1%: 0.21+1.6+0.24 ms clock, 4.3+0/1.1/0.009+4.8 ms cpu, 275->298->138 MB, 306 MB goal, 0 MB stacks, 0 MB globals, 20 P
gc 14348 @344.683s 1%: 0.034+1.1+0.087 ms clock, 0.69+0/1.3/0+1.7 ms cpu, 244->255->119 MB, 276 MB goal, 0 MB stacks, 0 MB globals, 20 P
gc 14349 @344.690s 1%: 0.48+7.7+0.012 ms clock, 9.6+0/1.7/0+0.24 ms cpu, 213->259->174 MB, 238 MB goal, 0 MB stacks, 0 MB globals, 20 P
gc 14350 @344.710s 1%: 0.52+7.7+0.036 ms clock, 10+0/5.6/0+0.73 ms cpu, 307->344->165 MB, 349 MB goal, 0 MB stacks, 0 MB globals, 20 P
gc 14351 @344.729s 1%: 1.4+2.3+0.95 ms clock, 29+0/1.3/0+19 ms cpu, 285->320->159 MB, 330 MB goal, 0 MB stacks, 0 MB globals, 20 P
gc 14352 @344.746s 1%: 0.19+0.84+0.65 ms clock, 3.9+0/0.97/0+13 ms cpu, 275->290->134 MB, 319 MB goal, 0 MB stacks, 0 MB globals, 20 P
gc 14353 @344.753s 1%: 0.040+1.5+0.008 ms clock, 0.80+0/2.1/0+0.16 ms cpu, 234->234->154 MB, 269 MB goal, 0 MB stacks, 0 MB globals, 20 P
gc 14354 @344.764s 1%: 0.12+6.2+0.083 ms clock, 2.4+0/4.3/0+1.6 ms cpu, 272->301->159 MB, 309 MB goal, 0 MB stacks, 0 MB globals, 20 P
gc 14355 @344.780s 1%: 0.035+2.0+0.004 ms clock, 0.71+0.028/0.73/0+0.081 ms cpu, 276->288->148 MB, 319 MB goal, 0 MB stacks, 0 MB globals, 20 P
gc 14356 @344.789s 1%: 0.041+0.55+0.018 ms clock, 0.82+0/0.91/0+0.36 ms cpu, 260->262->145 MB, 296 MB goal, 0 MB stacks, 0 MB globals, 20 P
gc 14357 @344.799s 1%: 4.4+0.97+0.024 ms clock, 88+0/1.3/0.008+0.48 ms cpu, 259->273->151 MB, 292 MB goal, 0 MB stacks, 0 MB globals, 20 P
gc 14358 @344.816s 1%: 0.082+1.9+0.003 ms clock, 1.6+0.065/0.71/0+0.068 ms cpu, 282->282->141 MB, 302 MB goal, 0 MB stacks, 0 MB globals, 20 P
gc 14359 @344.825s 1%: 0.25+2.5+0.091 ms clock, 5.1+0/2.2/0+1.8 ms cpu, 260->288->163 MB, 283 MB goal, 0 MB stacks, 0 MB globals, 20 P
gc 14360 @344.843s 1%: 1.2+3.3+0.087 ms clock, 24+0/3.6/0+1.7 ms cpu, 301->313->144 MB, 326 MB goal, 0 MB stacks, 0 MB globals, 20 P
gc 14361 @344.858s 1%: 0.39+2.4+0.66 ms clock, 7.8+0/1.6/0+13 ms cpu, 262->290->152 MB, 289 MB goal, 0 MB stacks, 0 MB globals, 20 P
gc 14362 @344.873s 1%: 0.045+0.69+0.004 ms clock, 0.91+0/1.0/0.013+0.081 ms cpu, 277->280->121 MB, 304 MB goal, 0 MB stacks, 0 MB globals, 20 P
gc 14363 @344.883s 1%: 0.075+0.67+0.010 ms clock, 1.5+0.031/0.85/0+0.21 ms cpu, 214->219->133 MB, 243 MB goal, 0 MB stacks, 0 MB globals, 20 P
gc 14364 @344.890s 1%: 0.44+1.8+0.004 ms clock, 8.8+0/1.8/0+0.082 ms cpu, 241->254->137 MB, 267 MB goal, 0 MB stacks, 0 MB globals, 20 P
gc 14365 @344.903s 1%: 0.22+1.5+2.5 ms clock, 4.5+0/1.1/0.015+50 ms cpu, 251->269->132 MB, 275 MB goal, 0 MB stacks, 0 MB globals, 20 P
gc 14366 @344.917s 1%: 0.034+0.47+0.004 ms clock, 0.69+0/0.92/0.028+0.081 ms cpu, 237->240->136 MB, 265 MB goal, 0 MB stacks, 0 MB globals, 20 P
gc 14367 @344.924s 1%: 4.4+5.0+0.089 ms clock, 89+0/5.4/0+1.7 ms cpu, 264->278->144 MB, 272 MB goal, 0 MB stacks, 0 MB globals, 20 P
gc 14368 @344.947s 1%: 1.0+0.59+0.025 ms clock, 20+0/1.1/0+0.50 ms cpu, 272->286->138 MB, 288 MB goal, 0 MB stacks, 0 MB globals, 20 P
